2025-09-02 18:17:48 - 
Experiment Configuration:
2025-09-02 18:17:48 - --------------------------------------------------
2025-09-02 18:17:48 - dataset: ds005863
2025-09-02 18:17:48 - use_combined_datasets: False
2025-09-02 18:17:48 - electrode_list: all
2025-09-02 18:17:48 - classifier: ShallowFBCSPNet
2025-09-02 18:17:48 - separate_subject_classification: True
2025-09-02 18:17:48 - use_subject_layer: False
2025-09-02 18:17:48 - seeds: [1]
2025-09-02 18:17:48 - --------------------------------------------------
2025-09-02 18:17:48 - 
==================================================
2025-09-02 18:17:48 - Processing Active Visual Oddball Dataset
2025-09-02 18:17:48 - ==================================================
2025-09-02 18:21:10 - 
AVO Individual Models Statistics:
2025-09-02 18:21:10 - Mean Accuracy: 0.863
2025-09-02 18:21:10 - 95% Confidence Interval: [0.851, 0.875]
2025-09-02 18:21:10 - Best Subject: sub-008 (0.929)
2025-09-02 18:21:10 - Worst Subject: sub-118 (0.600)
2025-09-02 18:21:10 - Mean Precision: 0.069
2025-09-02 18:21:10 - Mean Recall: 0.095
2025-09-02 18:21:10 - Mean F1-Score: 0.075
2025-09-02 18:21:10 - Mean AUC: 0.523
