2025-09-02 18:10:45 - 
Experiment Configuration:
2025-09-02 18:10:45 - --------------------------------------------------
2025-09-02 18:10:45 - dataset: ds005863
2025-09-02 18:10:45 - use_combined_datasets: False
2025-09-02 18:10:45 - electrode_list: all
2025-09-02 18:10:45 - classifier: ShallowFBCSPNet
2025-09-02 18:10:45 - separate_subject_classification: False
2025-09-02 18:10:45 - use_subject_layer: False
2025-09-02 18:10:45 - seeds: [1]
2025-09-02 18:10:45 - --------------------------------------------------
2025-09-02 18:10:45 - 
==================================================
2025-09-02 18:10:45 - Processing Active Visual Oddball Dataset
2025-09-02 18:10:45 - ==================================================
2025-09-02 18:15:37 - 
AVO Pooled Model Statistics:
2025-09-02 18:15:37 - Mean Accuracy: 0.764
2025-09-02 18:15:37 - 95% Confidence Interval: [0.751, 0.777]
2025-09-02 18:15:37 - Best Subject: sub_076 (0.929)
2025-09-02 18:15:37 - Worst Subject: sub_025 (0.556)
2025-09-02 18:15:37 - Mean Precision: 0.091
2025-09-02 18:15:37 - Mean Recall: 0.197
2025-09-02 18:15:37 - Mean F1-Score: 0.118
2025-09-02 18:15:37 - Mean AUC: 0.501
