2025-09-08 18:53:33 - 
Experiment Configuration:
2025-09-08 18:53:33 - --------------------------------------------------
2025-09-08 18:53:33 - dataset: ds005863
2025-09-08 18:53:33 - use_combined_datasets: False
2025-09-08 18:53:33 - electrode_list: all
2025-09-08 18:53:33 - classifier: lda
2025-09-08 18:53:33 - separate_subject_classification: True
2025-09-08 18:53:33 - use_subject_layer: False
2025-09-08 18:53:33 - seeds: [1]
2025-09-08 18:53:33 - --------------------------------------------------
2025-09-08 18:53:33 - 
==================================================
2025-09-08 18:53:33 - Processing Active Visual Oddball Dataset
2025-09-08 18:53:33 - ==================================================
2025-09-08 18:56:04 - 
==================================================
2025-09-08 18:56:04 - Individual Subject Results - AVO
2025-09-08 18:56:04 - ==================================================
2025-09-08 18:56:04 - Subject: sub-001
2025-09-08 18:56:04 -   Accuracy: 0.000%
2025-09-08 18:56:04 -   Precision: 0.600
2025-09-08 18:56:04 -   Recall: 0.750
2025-09-08 18:56:04 -   F1 Score: 0.667
2025-09-08 18:56:04 -   AUC: 0.688
2025-09-08 18:56:04 -   Correct/Total: 5/8
2025-09-08 18:56:04 -   Confusion Matrix Stats:
2025-09-08 18:56:04 -     TP: 3, TN: 2
2025-09-08 18:56:04 -     FP: 2, FN: 1
2025-09-08 18:56:04 - Subject: sub-002
2025-09-08 18:56:04 -   Accuracy: 0.000%
2025-09-08 18:56:04 -   Precision: 0.600
2025-09-08 18:56:04 -   Recall: 0.750
2025-09-08 18:56:04 -   F1 Score: 0.667
2025-09-08 18:56:04 -   AUC: 0.625
2025-09-08 18:56:04 -   Correct/Total: 5/8
2025-09-08 18:56:04 -   Confusion Matrix Stats:
2025-09-08 18:56:04 -     TP: 3, TN: 2
2025-09-08 18:56:04 -     FP: 2, FN: 1
2025-09-08 18:56:04 - Subject: sub-003
2025-09-08 18:56:04 -   Accuracy: 0.000%
2025-09-08 18:56:04 -   Precision: 0.400
2025-09-08 18:56:04 -   Recall: 0.500
2025-09-08 18:56:04 -   F1 Score: 0.444
2025-09-08 18:56:04 -   AUC: 0.417
2025-09-08 18:56:04 -   Correct/Total: 2/7
2025-09-08 18:56:04 -   Confusion Matrix Stats:
2025-09-08 18:56:04 -     TP: 2, TN: 0
2025-09-08 18:56:04 -     FP: 3, FN: 2
2025-09-08 18:56:04 - Subject: sub-004
2025-09-08 18:56:04 -   Accuracy: 0.000%
2025-09-08 18:56:04 -   Precision: 0.400
2025-09-08 18:56:04 -   Recall: 0.500
2025-09-08 18:56:04 -   F1 Score: 0.444
2025-09-08 18:56:04 -   AUC: 0.333
2025-09-08 18:56:04 -   Correct/Total: 2/7
2025-09-08 18:56:04 -   Confusion Matrix Stats:
2025-09-08 18:56:04 -     TP: 2, TN: 0
2025-09-08 18:56:04 -     FP: 3, FN: 2
2025-09-08 18:56:04 - Subject: sub-005
2025-09-08 18:56:04 -   Accuracy: 0.000%
2025-09-08 18:56:04 -   Precision: 0.500
2025-09-08 18:56:04 -   Recall: 0.500
2025-09-08 18:56:04 -   F1 Score: 0.500
2025-09-08 18:56:04 -   AUC: 0.500
2025-09-08 18:56:04 -   Correct/Total: 3/7
2025-09-08 18:56:04 -   Confusion Matrix Stats:
2025-09-08 18:56:04 -     TP: 2, TN: 1
2025-09-08 18:56:04 -     FP: 2, FN: 2
2025-09-08 18:56:04 - Subject: sub-006
2025-09-08 18:56:04 -   Accuracy: 0.000%
2025-09-08 18:56:04 -   Precision: 0.667
2025-09-08 18:56:04 -   Recall: 0.500
2025-09-08 18:56:04 -   F1 Score: 0.571
2025-09-08 18:56:04 -   AUC: 0.500
2025-09-08 18:56:04 -   Correct/Total: 5/8
2025-09-08 18:56:04 -   Confusion Matrix Stats:
2025-09-08 18:56:04 -     TP: 2, TN: 3
2025-09-08 18:56:04 -     FP: 1, FN: 2
2025-09-08 18:56:04 - Subject: sub-007
2025-09-08 18:56:04 -   Accuracy: 0.000%
2025-09-08 18:56:04 -   Precision: 0.600
2025-09-08 18:56:04 -   Recall: 0.750
2025-09-08 18:56:04 -   F1 Score: 0.667
2025-09-08 18:56:04 -   AUC: 0.500
2025-09-08 18:56:04 -   Correct/Total: 4/7
2025-09-08 18:56:04 -   Confusion Matrix Stats:
2025-09-08 18:56:04 -     TP: 3, TN: 1
2025-09-08 18:56:04 -     FP: 2, FN: 1
2025-09-08 18:56:04 - Subject: sub-008
2025-09-08 18:56:04 -   Accuracy: 0.000%
2025-09-08 18:56:04 -   Precision: 0.500
2025-09-08 18:56:04 -   Recall: 0.500
2025-09-08 18:56:04 -   F1 Score: 0.500
2025-09-08 18:56:04 -   AUC: 0.333
2025-09-08 18:56:04 -   Correct/Total: 3/7
2025-09-08 18:56:04 -   Confusion Matrix Stats:
2025-09-08 18:56:04 -     TP: 2, TN: 1
2025-09-08 18:56:04 -     FP: 2, FN: 2
2025-09-08 18:56:04 - Subject: sub-009
2025-09-08 18:56:04 -   Accuracy: 0.000%
2025-09-08 18:56:04 -   Precision: 0.500
2025-09-08 18:56:04 -   Recall: 0.250
2025-09-08 18:56:04 -   F1 Score: 0.333
2025-09-08 18:56:04 -   AUC: 0.667
2025-09-08 18:56:04 -   Correct/Total: 3/7
2025-09-08 18:56:04 -   Confusion Matrix Stats:
2025-09-08 18:56:04 -     TP: 1, TN: 2
2025-09-08 18:56:04 -     FP: 1, FN: 3
2025-09-08 18:56:04 - Subject: sub-010
2025-09-08 18:56:04 -   Accuracy: 0.000%
2025-09-08 18:56:04 -   Precision: 0.400
2025-09-08 18:56:04 -   Recall: 0.500
2025-09-08 18:56:04 -   F1 Score: 0.444
2025-09-08 18:56:04 -   AUC: 0.312
2025-09-08 18:56:04 -   Correct/Total: 3/8
2025-09-08 18:56:04 -   Confusion Matrix Stats:
2025-09-08 18:56:04 -     TP: 2, TN: 1
2025-09-08 18:56:04 -     FP: 3, FN: 2
2025-09-08 18:56:04 - Subject: sub-011
2025-09-08 18:56:04 -   Accuracy: 0.000%
2025-09-08 18:56:04 -   Precision: 0.750
2025-09-08 18:56:04 -   Recall: 0.750
2025-09-08 18:56:04 -   F1 Score: 0.750
2025-09-08 18:56:04 -   AUC: 0.667
2025-09-08 18:56:04 -   Correct/Total: 5/7
2025-09-08 18:56:04 -   Confusion Matrix Stats:
2025-09-08 18:56:04 -     TP: 3, TN: 2
2025-09-08 18:56:04 -     FP: 1, FN: 1
2025-09-08 18:56:04 - Subject: sub-012
2025-09-08 18:56:04 -   Accuracy: 0.000%
2025-09-08 18:56:04 -   Precision: 1.000
2025-09-08 18:56:04 -   Recall: 0.750
2025-09-08 18:56:04 -   F1 Score: 0.857
2025-09-08 18:56:04 -   AUC: 0.750
2025-09-08 18:56:04 -   Correct/Total: 7/8
2025-09-08 18:56:04 -   Confusion Matrix Stats:
2025-09-08 18:56:04 -     TP: 3, TN: 4
2025-09-08 18:56:04 -     FP: 0, FN: 1
2025-09-08 18:56:04 - Subject: sub-013
2025-09-08 18:56:04 -   Accuracy: 0.000%
2025-09-08 18:56:04 -   Precision: 0.600
2025-09-08 18:56:04 -   Recall: 0.750
2025-09-08 18:56:04 -   F1 Score: 0.667
2025-09-08 18:56:04 -   AUC: 0.583
2025-09-08 18:56:04 -   Correct/Total: 4/7
2025-09-08 18:56:04 -   Confusion Matrix Stats:
2025-09-08 18:56:04 -     TP: 3, TN: 1
2025-09-08 18:56:04 -     FP: 2, FN: 1
2025-09-08 18:56:04 - Subject: sub-014
2025-09-08 18:56:04 -   Accuracy: 0.000%
2025-09-08 18:56:04 -   Precision: 0.800
2025-09-08 18:56:04 -   Recall: 1.000
2025-09-08 18:56:04 -   F1 Score: 0.889
2025-09-08 18:56:04 -   AUC: 0.917
2025-09-08 18:56:04 -   Correct/Total: 6/7
2025-09-08 18:56:04 -   Confusion Matrix Stats:
2025-09-08 18:56:04 -     TP: 4, TN: 2
2025-09-08 18:56:04 -     FP: 1, FN: 0
2025-09-08 18:56:04 - Subject: sub-015
2025-09-08 18:56:04 -   Accuracy: 0.000%
2025-09-08 18:56:04 -   Precision: 0.667
2025-09-08 18:56:04 -   Recall: 0.500
2025-09-08 18:56:04 -   F1 Score: 0.571
2025-09-08 18:56:04 -   AUC: 0.417
2025-09-08 18:56:04 -   Correct/Total: 4/7
2025-09-08 18:56:04 -   Confusion Matrix Stats:
2025-09-08 18:56:04 -     TP: 2, TN: 2
2025-09-08 18:56:04 -     FP: 1, FN: 2
2025-09-08 18:56:04 - Subject: sub-016
2025-09-08 18:56:04 -   Accuracy: 0.000%
2025-09-08 18:56:04 -   Precision: 0.667
2025-09-08 18:56:04 -   Recall: 0.500
2025-09-08 18:56:04 -   F1 Score: 0.571
2025-09-08 18:56:04 -   AUC: 0.417
2025-09-08 18:56:04 -   Correct/Total: 4/7
2025-09-08 18:56:04 -   Confusion Matrix Stats:
2025-09-08 18:56:04 -     TP: 2, TN: 2
2025-09-08 18:56:04 -     FP: 1, FN: 2
2025-09-08 18:56:04 - Subject: sub-017
2025-09-08 18:56:04 -   Accuracy: 0.000%
2025-09-08 18:56:04 -   Precision: 1.000
2025-09-08 18:56:04 -   Recall: 0.750
2025-09-08 18:56:04 -   F1 Score: 0.857
2025-09-08 18:56:04 -   AUC: 0.917
2025-09-08 18:56:04 -   Correct/Total: 6/7
2025-09-08 18:56:04 -   Confusion Matrix Stats:
2025-09-08 18:56:04 -     TP: 3, TN: 3
2025-09-08 18:56:04 -     FP: 0, FN: 1
2025-09-08 18:56:04 - Subject: sub-018
2025-09-08 18:56:04 -   Accuracy: 0.000%
2025-09-08 18:56:04 -   Precision: 0.750
2025-09-08 18:56:04 -   Recall: 0.750
2025-09-08 18:56:04 -   F1 Score: 0.750
2025-09-08 18:56:04 -   AUC: 0.875
2025-09-08 18:56:04 -   Correct/Total: 6/8
2025-09-08 18:56:04 -   Confusion Matrix Stats:
2025-09-08 18:56:04 -     TP: 3, TN: 3
2025-09-08 18:56:04 -     FP: 1, FN: 1
2025-09-08 18:56:04 - Subject: sub-019
2025-09-08 18:56:04 -   Accuracy: 0.000%
2025-09-08 18:56:04 -   Precision: 0.667
2025-09-08 18:56:04 -   Recall: 0.500
2025-09-08 18:56:04 -   F1 Score: 0.571
2025-09-08 18:56:04 -   AUC: 0.583
2025-09-08 18:56:04 -   Correct/Total: 4/7
2025-09-08 18:56:04 -   Confusion Matrix Stats:
2025-09-08 18:56:04 -     TP: 2, TN: 2
2025-09-08 18:56:04 -     FP: 1, FN: 2
2025-09-08 18:56:04 - Subject: sub-020
2025-09-08 18:56:04 -   Accuracy: 0.000%
2025-09-08 18:56:04 -   Precision: 0.500
2025-09-08 18:56:04 -   Recall: 0.750
2025-09-08 18:56:04 -   F1 Score: 0.600
2025-09-08 18:56:04 -   AUC: 0.167
2025-09-08 18:56:04 -   Correct/Total: 3/7
2025-09-08 18:56:04 -   Confusion Matrix Stats:
2025-09-08 18:56:04 -     TP: 3, TN: 0
2025-09-08 18:56:04 -     FP: 3, FN: 1
2025-09-08 18:56:04 - Subject: sub-021
2025-09-08 18:56:04 -   Accuracy: 0.000%
2025-09-08 18:56:04 -   Precision: 0.750
2025-09-08 18:56:04 -   Recall: 0.750
2025-09-08 18:56:04 -   F1 Score: 0.750
2025-09-08 18:56:04 -   AUC: 0.750
2025-09-08 18:56:04 -   Correct/Total: 5/7
2025-09-08 18:56:04 -   Confusion Matrix Stats:
2025-09-08 18:56:04 -     TP: 3, TN: 2
2025-09-08 18:56:04 -     FP: 1, FN: 1
2025-09-08 18:56:04 - Subject: sub-022
2025-09-08 18:56:04 -   Accuracy: 0.000%
2025-09-08 18:56:04 -   Precision: 0.500
2025-09-08 18:56:04 -   Recall: 0.750
2025-09-08 18:56:04 -   F1 Score: 0.600
2025-09-08 18:56:04 -   AUC: 0.750
2025-09-08 18:56:04 -   Correct/Total: 3/7
2025-09-08 18:56:04 -   Confusion Matrix Stats:
2025-09-08 18:56:04 -     TP: 3, TN: 0
2025-09-08 18:56:04 -     FP: 3, FN: 1
2025-09-08 18:56:04 - Subject: sub-023
2025-09-08 18:56:04 -   Accuracy: 0.000%
2025-09-08 18:56:04 -   Precision: 1.000
2025-09-08 18:56:04 -   Recall: 0.250
2025-09-08 18:56:04 -   F1 Score: 0.400
2025-09-08 18:56:04 -   AUC: 0.500
2025-09-08 18:56:04 -   Correct/Total: 4/7
2025-09-08 18:56:04 -   Confusion Matrix Stats:
2025-09-08 18:56:04 -     TP: 1, TN: 3
2025-09-08 18:56:04 -     FP: 0, FN: 3
2025-09-08 18:56:04 - Subject: sub-024
2025-09-08 18:56:04 -   Accuracy: 0.000%
2025-09-08 18:56:04 -   Precision: 0.500
2025-09-08 18:56:04 -   Recall: 0.500
2025-09-08 18:56:04 -   F1 Score: 0.500
2025-09-08 18:56:04 -   AUC: 0.417
2025-09-08 18:56:04 -   Correct/Total: 3/7
2025-09-08 18:56:04 -   Confusion Matrix Stats:
2025-09-08 18:56:04 -     TP: 2, TN: 1
2025-09-08 18:56:04 -     FP: 2, FN: 2
2025-09-08 18:56:04 - Subject: sub-025
2025-09-08 18:56:04 -   Accuracy: 0.000%
2025-09-08 18:56:04 -   Precision: 0.667
2025-09-08 18:56:04 -   Recall: 1.000
2025-09-08 18:56:04 -   F1 Score: 0.800
2025-09-08 18:56:04 -   AUC: 0.875
2025-09-08 18:56:04 -   Correct/Total: 6/8
2025-09-08 18:56:04 -   Confusion Matrix Stats:
2025-09-08 18:56:04 -     TP: 4, TN: 2
2025-09-08 18:56:04 -     FP: 2, FN: 0
2025-09-08 18:56:04 - Subject: sub-026
2025-09-08 18:56:04 -   Accuracy: 0.000%
2025-09-08 18:56:04 -   Precision: 0.571
2025-09-08 18:56:04 -   Recall: 1.000
2025-09-08 18:56:04 -   F1 Score: 0.727
2025-09-08 18:56:04 -   AUC: 0.875
2025-09-08 18:56:04 -   Correct/Total: 5/8
2025-09-08 18:56:04 -   Confusion Matrix Stats:
2025-09-08 18:56:04 -     TP: 4, TN: 1
2025-09-08 18:56:04 -     FP: 3, FN: 0
2025-09-08 18:56:04 - Subject: sub-027
2025-09-08 18:56:04 -   Accuracy: 0.000%
2025-09-08 18:56:04 -   Precision: 0.500
2025-09-08 18:56:04 -   Recall: 0.250
2025-09-08 18:56:04 -   F1 Score: 0.333
2025-09-08 18:56:04 -   AUC: 0.583
2025-09-08 18:56:04 -   Correct/Total: 3/7
2025-09-08 18:56:04 -   Confusion Matrix Stats:
2025-09-08 18:56:04 -     TP: 1, TN: 2
2025-09-08 18:56:04 -     FP: 1, FN: 3
2025-09-08 18:56:04 - Subject: sub-028
2025-09-08 18:56:04 -   Accuracy: 0.000%
2025-09-08 18:56:04 -   Precision: 0.400
2025-09-08 18:56:04 -   Recall: 0.500
2025-09-08 18:56:04 -   F1 Score: 0.444
2025-09-08 18:56:04 -   AUC: 0.250
2025-09-08 18:56:04 -   Correct/Total: 3/8
2025-09-08 18:56:04 -   Confusion Matrix Stats:
2025-09-08 18:56:04 -     TP: 2, TN: 1
2025-09-08 18:56:04 -     FP: 3, FN: 2
2025-09-08 18:56:04 - Subject: sub-029
2025-09-08 18:56:04 -   Accuracy: 0.000%
2025-09-08 18:56:04 -   Precision: 0.500
2025-09-08 18:56:04 -   Recall: 0.750
2025-09-08 18:56:04 -   F1 Score: 0.600
2025-09-08 18:56:04 -   AUC: 0.167
2025-09-08 18:56:04 -   Correct/Total: 3/7
2025-09-08 18:56:04 -   Confusion Matrix Stats:
2025-09-08 18:56:04 -     TP: 3, TN: 0
2025-09-08 18:56:04 -     FP: 3, FN: 1
2025-09-08 18:56:04 - Subject: sub-030
2025-09-08 18:56:04 -   Accuracy: 0.000%
2025-09-08 18:56:04 -   Precision: 0.600
2025-09-08 18:56:04 -   Recall: 0.750
2025-09-08 18:56:04 -   F1 Score: 0.667
2025-09-08 18:56:04 -   AUC: 0.750
2025-09-08 18:56:04 -   Correct/Total: 5/8
2025-09-08 18:56:04 -   Confusion Matrix Stats:
2025-09-08 18:56:04 -     TP: 3, TN: 2
2025-09-08 18:56:04 -     FP: 2, FN: 1
2025-09-08 18:56:04 - Subject: sub-031
2025-09-08 18:56:04 -   Accuracy: 0.000%
2025-09-08 18:56:04 -   Precision: 0.500
2025-09-08 18:56:04 -   Recall: 0.500
2025-09-08 18:56:04 -   F1 Score: 0.500
2025-09-08 18:56:04 -   AUC: 0.500
2025-09-08 18:56:04 -   Correct/Total: 4/8
2025-09-08 18:56:04 -   Confusion Matrix Stats:
2025-09-08 18:56:04 -     TP: 2, TN: 2
2025-09-08 18:56:04 -     FP: 2, FN: 2
2025-09-08 18:56:04 - Subject: sub-032
2025-09-08 18:56:04 -   Accuracy: 0.000%
2025-09-08 18:56:04 -   Precision: 0.200
2025-09-08 18:56:04 -   Recall: 0.250
2025-09-08 18:56:04 -   F1 Score: 0.222
2025-09-08 18:56:04 -   AUC: 0.062
2025-09-08 18:56:04 -   Correct/Total: 1/8
2025-09-08 18:56:04 -   Confusion Matrix Stats:
2025-09-08 18:56:04 -     TP: 1, TN: 0
2025-09-08 18:56:04 -     FP: 4, FN: 3
2025-09-08 18:56:04 - Subject: sub-033
2025-09-08 18:56:04 -   Accuracy: 0.000%
2025-09-08 18:56:04 -   Precision: 0.500
2025-09-08 18:56:04 -   Recall: 0.250
2025-09-08 18:56:04 -   F1 Score: 0.333
2025-09-08 18:56:04 -   AUC: 0.667
2025-09-08 18:56:04 -   Correct/Total: 3/7
2025-09-08 18:56:04 -   Confusion Matrix Stats:
2025-09-08 18:56:04 -     TP: 1, TN: 2
2025-09-08 18:56:04 -     FP: 1, FN: 3
2025-09-08 18:56:04 - Subject: sub-034
2025-09-08 18:56:04 -   Accuracy: 0.000%
2025-09-08 18:56:04 -   Precision: 0.800
2025-09-08 18:56:04 -   Recall: 1.000
2025-09-08 18:56:04 -   F1 Score: 0.889
2025-09-08 18:56:04 -   AUC: 1.000
2025-09-08 18:56:04 -   Correct/Total: 6/7
2025-09-08 18:56:04 -   Confusion Matrix Stats:
2025-09-08 18:56:04 -     TP: 4, TN: 2
2025-09-08 18:56:04 -     FP: 1, FN: 0
2025-09-08 18:56:04 - Subject: sub-035
2025-09-08 18:56:04 -   Accuracy: 0.000%
2025-09-08 18:56:04 -   Precision: 0.500
2025-09-08 18:56:04 -   Recall: 0.750
2025-09-08 18:56:04 -   F1 Score: 0.600
2025-09-08 18:56:04 -   AUC: 0.250
2025-09-08 18:56:04 -   Correct/Total: 3/7
2025-09-08 18:56:04 -   Confusion Matrix Stats:
2025-09-08 18:56:04 -     TP: 3, TN: 0
2025-09-08 18:56:04 -     FP: 3, FN: 1
2025-09-08 18:56:04 - Subject: sub-036
2025-09-08 18:56:04 -   Accuracy: 0.000%
2025-09-08 18:56:04 -   Precision: 0.667
2025-09-08 18:56:04 -   Recall: 0.500
2025-09-08 18:56:04 -   F1 Score: 0.571
2025-09-08 18:56:04 -   AUC: 0.417
2025-09-08 18:56:04 -   Correct/Total: 4/7
2025-09-08 18:56:04 -   Confusion Matrix Stats:
2025-09-08 18:56:04 -     TP: 2, TN: 2
2025-09-08 18:56:04 -     FP: 1, FN: 2
2025-09-08 18:56:04 - Subject: sub-037
2025-09-08 18:56:04 -   Accuracy: 0.000%
2025-09-08 18:56:04 -   Precision: 0.500
2025-09-08 18:56:04 -   Recall: 0.250
2025-09-08 18:56:04 -   F1 Score: 0.333
2025-09-08 18:56:04 -   AUC: 0.250
2025-09-08 18:56:04 -   Correct/Total: 3/7
2025-09-08 18:56:04 -   Confusion Matrix Stats:
2025-09-08 18:56:04 -     TP: 1, TN: 2
2025-09-08 18:56:04 -     FP: 1, FN: 3
2025-09-08 18:56:04 - Subject: sub-038
2025-09-08 18:56:04 -   Accuracy: 0.000%
2025-09-08 18:56:04 -   Precision: 0.500
2025-09-08 18:56:04 -   Recall: 0.750
2025-09-08 18:56:04 -   F1 Score: 0.600
2025-09-08 18:56:04 -   AUC: 0.562
2025-09-08 18:56:04 -   Correct/Total: 4/8
2025-09-08 18:56:04 -   Confusion Matrix Stats:
2025-09-08 18:56:04 -     TP: 3, TN: 1
2025-09-08 18:56:04 -     FP: 3, FN: 1
2025-09-08 18:56:04 - Subject: sub-039
2025-09-08 18:56:04 -   Accuracy: 0.000%
2025-09-08 18:56:04 -   Precision: 0.667
2025-09-08 18:56:04 -   Recall: 0.500
2025-09-08 18:56:04 -   F1 Score: 0.571
2025-09-08 18:56:04 -   AUC: 0.583
2025-09-08 18:56:04 -   Correct/Total: 4/7
2025-09-08 18:56:04 -   Confusion Matrix Stats:
2025-09-08 18:56:04 -     TP: 2, TN: 2
2025-09-08 18:56:04 -     FP: 1, FN: 2
2025-09-08 18:56:04 - Subject: sub-040
2025-09-08 18:56:04 -   Accuracy: 0.000%
2025-09-08 18:56:04 -   Precision: 0.000
2025-09-08 18:56:04 -   Recall: 0.000
2025-09-08 18:56:04 -   F1 Score: 0.000
2025-09-08 18:56:04 -   AUC: 0.583
2025-09-08 18:56:04 -   Correct/Total: 2/7
2025-09-08 18:56:04 -   Confusion Matrix Stats:
2025-09-08 18:56:04 -     TP: 0, TN: 2
2025-09-08 18:56:04 -     FP: 1, FN: 4
2025-09-08 18:56:04 - Subject: sub-041
2025-09-08 18:56:04 -   Accuracy: 0.000%
2025-09-08 18:56:04 -   Precision: 0.667
2025-09-08 18:56:04 -   Recall: 0.500
2025-09-08 18:56:04 -   F1 Score: 0.571
2025-09-08 18:56:04 -   AUC: 0.833
2025-09-08 18:56:04 -   Correct/Total: 4/7
2025-09-08 18:56:04 -   Confusion Matrix Stats:
2025-09-08 18:56:04 -     TP: 2, TN: 2
2025-09-08 18:56:04 -     FP: 1, FN: 2
2025-09-08 18:56:04 - Subject: sub-042
2025-09-08 18:56:04 -   Accuracy: 0.000%
2025-09-08 18:56:04 -   Precision: 0.000
2025-09-08 18:56:04 -   Recall: 0.000
2025-09-08 18:56:04 -   F1 Score: 0.000
2025-09-08 18:56:04 -   AUC: 0.333
2025-09-08 18:56:04 -   Correct/Total: 2/7
2025-09-08 18:56:04 -   Confusion Matrix Stats:
2025-09-08 18:56:04 -     TP: 0, TN: 2
2025-09-08 18:56:04 -     FP: 1, FN: 4
2025-09-08 18:56:04 - Subject: sub-043
2025-09-08 18:56:04 -   Accuracy: 0.000%
2025-09-08 18:56:04 -   Precision: 0.600
2025-09-08 18:56:04 -   Recall: 0.750
2025-09-08 18:56:04 -   F1 Score: 0.667
2025-09-08 18:56:04 -   AUC: 0.583
2025-09-08 18:56:04 -   Correct/Total: 4/7
2025-09-08 18:56:04 -   Confusion Matrix Stats:
2025-09-08 18:56:04 -     TP: 3, TN: 1
2025-09-08 18:56:04 -     FP: 2, FN: 1
2025-09-08 18:56:04 - Subject: sub-044
2025-09-08 18:56:04 -   Accuracy: 0.000%
2025-09-08 18:56:04 -   Precision: 0.400
2025-09-08 18:56:04 -   Recall: 0.500
2025-09-08 18:56:04 -   F1 Score: 0.444
2025-09-08 18:56:04 -   AUC: 0.438
2025-09-08 18:56:04 -   Correct/Total: 3/8
2025-09-08 18:56:04 -   Confusion Matrix Stats:
2025-09-08 18:56:04 -     TP: 2, TN: 1
2025-09-08 18:56:04 -     FP: 3, FN: 2
2025-09-08 18:56:04 - Subject: sub-045
2025-09-08 18:56:04 -   Accuracy: 0.000%
2025-09-08 18:56:04 -   Precision: 0.800
2025-09-08 18:56:04 -   Recall: 1.000
2025-09-08 18:56:04 -   F1 Score: 0.889
2025-09-08 18:56:04 -   AUC: 0.938
2025-09-08 18:56:04 -   Correct/Total: 7/8
2025-09-08 18:56:04 -   Confusion Matrix Stats:
2025-09-08 18:56:04 -     TP: 4, TN: 3
2025-09-08 18:56:04 -     FP: 1, FN: 0
2025-09-08 18:56:04 - Subject: sub-046
2025-09-08 18:56:04 -   Accuracy: 0.000%
2025-09-08 18:56:04 -   Precision: 0.750
2025-09-08 18:56:04 -   Recall: 0.750
2025-09-08 18:56:04 -   F1 Score: 0.750
2025-09-08 18:56:04 -   AUC: 0.750
2025-09-08 18:56:04 -   Correct/Total: 5/7
2025-09-08 18:56:04 -   Confusion Matrix Stats:
2025-09-08 18:56:04 -     TP: 3, TN: 2
2025-09-08 18:56:04 -     FP: 1, FN: 1
2025-09-08 18:56:04 - Subject: sub-047
2025-09-08 18:56:04 -   Accuracy: 0.000%
2025-09-08 18:56:04 -   Precision: 0.500
2025-09-08 18:56:04 -   Recall: 0.500
2025-09-08 18:56:04 -   F1 Score: 0.500
2025-09-08 18:56:04 -   AUC: 0.500
2025-09-08 18:56:04 -   Correct/Total: 3/7
2025-09-08 18:56:04 -   Confusion Matrix Stats:
2025-09-08 18:56:04 -     TP: 2, TN: 1
2025-09-08 18:56:04 -     FP: 2, FN: 2
2025-09-08 18:56:04 - Subject: sub-048
2025-09-08 18:56:04 -   Accuracy: 0.000%
2025-09-08 18:56:04 -   Precision: 0.571
2025-09-08 18:56:04 -   Recall: 1.000
2025-09-08 18:56:04 -   F1 Score: 0.727
2025-09-08 18:56:04 -   AUC: 0.688
2025-09-08 18:56:04 -   Correct/Total: 5/8
2025-09-08 18:56:04 -   Confusion Matrix Stats:
2025-09-08 18:56:04 -     TP: 4, TN: 1
2025-09-08 18:56:04 -     FP: 3, FN: 0
2025-09-08 18:56:04 - Subject: sub-049
2025-09-08 18:56:04 -   Accuracy: 0.000%
2025-09-08 18:56:04 -   Precision: 0.600
2025-09-08 18:56:04 -   Recall: 0.750
2025-09-08 18:56:04 -   F1 Score: 0.667
2025-09-08 18:56:04 -   AUC: 0.500
2025-09-08 18:56:04 -   Correct/Total: 5/8
2025-09-08 18:56:04 -   Confusion Matrix Stats:
2025-09-08 18:56:04 -     TP: 3, TN: 2
2025-09-08 18:56:04 -     FP: 2, FN: 1
2025-09-08 18:56:04 - Subject: sub-050
2025-09-08 18:56:04 -   Accuracy: 0.000%
2025-09-08 18:56:04 -   Precision: 0.500
2025-09-08 18:56:04 -   Recall: 0.750
2025-09-08 18:56:04 -   F1 Score: 0.600
2025-09-08 18:56:04 -   AUC: 0.500
2025-09-08 18:56:04 -   Correct/Total: 3/7
2025-09-08 18:56:04 -   Confusion Matrix Stats:
2025-09-08 18:56:04 -     TP: 3, TN: 0
2025-09-08 18:56:04 -     FP: 3, FN: 1
2025-09-08 18:56:04 - Subject: sub-051
2025-09-08 18:56:04 -   Accuracy: 0.000%
2025-09-08 18:56:04 -   Precision: 0.400
2025-09-08 18:56:04 -   Recall: 0.500
2025-09-08 18:56:04 -   F1 Score: 0.444
2025-09-08 18:56:04 -   AUC: 0.375
2025-09-08 18:56:04 -   Correct/Total: 3/8
2025-09-08 18:56:04 -   Confusion Matrix Stats:
2025-09-08 18:56:04 -     TP: 2, TN: 1
2025-09-08 18:56:04 -     FP: 3, FN: 2
2025-09-08 18:56:04 - Subject: sub-052
2025-09-08 18:56:04 -   Accuracy: 0.000%
2025-09-08 18:56:04 -   Precision: 1.000
2025-09-08 18:56:04 -   Recall: 0.250
2025-09-08 18:56:04 -   F1 Score: 0.400
2025-09-08 18:56:04 -   AUC: 0.500
2025-09-08 18:56:04 -   Correct/Total: 4/7
2025-09-08 18:56:04 -   Confusion Matrix Stats:
2025-09-08 18:56:04 -     TP: 1, TN: 3
2025-09-08 18:56:04 -     FP: 0, FN: 3
2025-09-08 18:56:04 - Subject: sub-053
2025-09-08 18:56:04 -   Accuracy: 0.000%
2025-09-08 18:56:04 -   Precision: 0.500
2025-09-08 18:56:04 -   Recall: 0.250
2025-09-08 18:56:04 -   F1 Score: 0.333
2025-09-08 18:56:04 -   AUC: 0.750
2025-09-08 18:56:04 -   Correct/Total: 3/7
2025-09-08 18:56:04 -   Confusion Matrix Stats:
2025-09-08 18:56:04 -     TP: 1, TN: 2
2025-09-08 18:56:04 -     FP: 1, FN: 3
2025-09-08 18:56:04 - Subject: sub-054
2025-09-08 18:56:04 -   Accuracy: 0.000%
2025-09-08 18:56:04 -   Precision: 0.600
2025-09-08 18:56:04 -   Recall: 1.000
2025-09-08 18:56:04 -   F1 Score: 0.750
2025-09-08 18:56:04 -   AUC: 0.667
2025-09-08 18:56:04 -   Correct/Total: 5/7
2025-09-08 18:56:04 -   Confusion Matrix Stats:
2025-09-08 18:56:04 -     TP: 3, TN: 2
2025-09-08 18:56:04 -     FP: 2, FN: 0
2025-09-08 18:56:04 - Subject: sub-056
2025-09-08 18:56:04 -   Accuracy: 0.000%
2025-09-08 18:56:04 -   Precision: 0.400
2025-09-08 18:56:04 -   Recall: 0.500
2025-09-08 18:56:04 -   F1 Score: 0.444
2025-09-08 18:56:04 -   AUC: 0.562
2025-09-08 18:56:04 -   Correct/Total: 3/8
2025-09-08 18:56:04 -   Confusion Matrix Stats:
2025-09-08 18:56:04 -     TP: 2, TN: 1
2025-09-08 18:56:04 -     FP: 3, FN: 2
2025-09-08 18:56:04 - Subject: sub-057
2025-09-08 18:56:04 -   Accuracy: 0.000%
2025-09-08 18:56:04 -   Precision: 0.750
2025-09-08 18:56:04 -   Recall: 0.750
2025-09-08 18:56:04 -   F1 Score: 0.750
2025-09-08 18:56:04 -   AUC: 0.667
2025-09-08 18:56:04 -   Correct/Total: 5/7
2025-09-08 18:56:04 -   Confusion Matrix Stats:
2025-09-08 18:56:04 -     TP: 3, TN: 2
2025-09-08 18:56:04 -     FP: 1, FN: 1
2025-09-08 18:56:04 - Subject: sub-058
2025-09-08 18:56:04 -   Accuracy: 0.000%
2025-09-08 18:56:04 -   Precision: 0.250
2025-09-08 18:56:04 -   Recall: 0.250
2025-09-08 18:56:04 -   F1 Score: 0.250
2025-09-08 18:56:04 -   AUC: 0.375
2025-09-08 18:56:04 -   Correct/Total: 2/8
2025-09-08 18:56:04 -   Confusion Matrix Stats:
2025-09-08 18:56:04 -     TP: 1, TN: 1
2025-09-08 18:56:04 -     FP: 3, FN: 3
2025-09-08 18:56:04 - Subject: sub-059
2025-09-08 18:56:04 -   Accuracy: 0.000%
2025-09-08 18:56:04 -   Precision: 0.600
2025-09-08 18:56:04 -   Recall: 0.750
2025-09-08 18:56:04 -   F1 Score: 0.667
2025-09-08 18:56:04 -   AUC: 0.417
2025-09-08 18:56:04 -   Correct/Total: 4/7
2025-09-08 18:56:04 -   Confusion Matrix Stats:
2025-09-08 18:56:04 -     TP: 3, TN: 1
2025-09-08 18:56:04 -     FP: 2, FN: 1
2025-09-08 18:56:04 - Subject: sub-060
2025-09-08 18:56:04 -   Accuracy: 0.000%
2025-09-08 18:56:04 -   Precision: 0.500
2025-09-08 18:56:04 -   Recall: 0.500
2025-09-08 18:56:04 -   F1 Score: 0.500
2025-09-08 18:56:04 -   AUC: 0.500
2025-09-08 18:56:04 -   Correct/Total: 4/8
2025-09-08 18:56:04 -   Confusion Matrix Stats:
2025-09-08 18:56:04 -     TP: 2, TN: 2
2025-09-08 18:56:04 -     FP: 2, FN: 2
2025-09-08 18:56:04 - Subject: sub-061
2025-09-08 18:56:04 -   Accuracy: 0.000%
2025-09-08 18:56:04 -   Precision: 0.250
2025-09-08 18:56:04 -   Recall: 0.250
2025-09-08 18:56:04 -   F1 Score: 0.250
2025-09-08 18:56:04 -   AUC: 0.250
2025-09-08 18:56:04 -   Correct/Total: 1/7
2025-09-08 18:56:04 -   Confusion Matrix Stats:
2025-09-08 18:56:04 -     TP: 1, TN: 0
2025-09-08 18:56:04 -     FP: 3, FN: 3
2025-09-08 18:56:04 - Subject: sub-062
2025-09-08 18:56:04 -   Accuracy: 0.000%
2025-09-08 18:56:04 -   Precision: 0.000
2025-09-08 18:56:04 -   Recall: 0.000
2025-09-08 18:56:04 -   F1 Score: 0.000
2025-09-08 18:56:04 -   AUC: 0.250
2025-09-08 18:56:04 -   Correct/Total: 3/7
2025-09-08 18:56:04 -   Confusion Matrix Stats:
2025-09-08 18:56:04 -     TP: 0, TN: 3
2025-09-08 18:56:04 -     FP: 0, FN: 4
2025-09-08 18:56:04 - Subject: sub-063
2025-09-08 18:56:04 -   Accuracy: 0.000%
2025-09-08 18:56:04 -   Precision: 1.000
2025-09-08 18:56:04 -   Recall: 0.500
2025-09-08 18:56:04 -   F1 Score: 0.667
2025-09-08 18:56:04 -   AUC: 0.750
2025-09-08 18:56:04 -   Correct/Total: 5/7
2025-09-08 18:56:04 -   Confusion Matrix Stats:
2025-09-08 18:56:04 -     TP: 2, TN: 3
2025-09-08 18:56:04 -     FP: 0, FN: 2
2025-09-08 18:56:04 - Subject: sub-064
2025-09-08 18:56:04 -   Accuracy: 0.000%
2025-09-08 18:56:04 -   Precision: 0.500
2025-09-08 18:56:04 -   Recall: 0.500
2025-09-08 18:56:04 -   F1 Score: 0.500
2025-09-08 18:56:04 -   AUC: 0.333
2025-09-08 18:56:04 -   Correct/Total: 3/7
2025-09-08 18:56:04 -   Confusion Matrix Stats:
2025-09-08 18:56:04 -     TP: 2, TN: 1
2025-09-08 18:56:04 -     FP: 2, FN: 2
2025-09-08 18:56:04 - Subject: sub-065
2025-09-08 18:56:04 -   Accuracy: 0.000%
2025-09-08 18:56:04 -   Precision: 0.800
2025-09-08 18:56:04 -   Recall: 1.000
2025-09-08 18:56:04 -   F1 Score: 0.889
2025-09-08 18:56:04 -   AUC: 0.667
2025-09-08 18:56:04 -   Correct/Total: 6/7
2025-09-08 18:56:04 -   Confusion Matrix Stats:
2025-09-08 18:56:04 -     TP: 4, TN: 2
2025-09-08 18:56:04 -     FP: 1, FN: 0
2025-09-08 18:56:04 - Subject: sub-066
2025-09-08 18:56:04 -   Accuracy: 0.000%
2025-09-08 18:56:04 -   Precision: 0.750
2025-09-08 18:56:04 -   Recall: 0.750
2025-09-08 18:56:04 -   F1 Score: 0.750
2025-09-08 18:56:04 -   AUC: 0.875
2025-09-08 18:56:04 -   Correct/Total: 6/8
2025-09-08 18:56:04 -   Confusion Matrix Stats:
2025-09-08 18:56:04 -     TP: 3, TN: 3
2025-09-08 18:56:04 -     FP: 1, FN: 1
2025-09-08 18:56:04 - Subject: sub-067
2025-09-08 18:56:04 -   Accuracy: 0.000%
2025-09-08 18:56:04 -   Precision: 0.667
2025-09-08 18:56:04 -   Recall: 0.500
2025-09-08 18:56:04 -   F1 Score: 0.571
2025-09-08 18:56:04 -   AUC: 0.833
2025-09-08 18:56:04 -   Correct/Total: 4/7
2025-09-08 18:56:04 -   Confusion Matrix Stats:
2025-09-08 18:56:04 -     TP: 2, TN: 2
2025-09-08 18:56:04 -     FP: 1, FN: 2
2025-09-08 18:56:04 - Subject: sub-068
2025-09-08 18:56:04 -   Accuracy: 0.000%
2025-09-08 18:56:04 -   Precision: 0.500
2025-09-08 18:56:04 -   Recall: 0.750
2025-09-08 18:56:04 -   F1 Score: 0.600
2025-09-08 18:56:04 -   AUC: 0.500
2025-09-08 18:56:04 -   Correct/Total: 4/8
2025-09-08 18:56:04 -   Confusion Matrix Stats:
2025-09-08 18:56:04 -     TP: 3, TN: 1
2025-09-08 18:56:04 -     FP: 3, FN: 1
2025-09-08 18:56:04 - Subject: sub-069
2025-09-08 18:56:04 -   Accuracy: 0.000%
2025-09-08 18:56:04 -   Precision: 0.500
2025-09-08 18:56:04 -   Recall: 0.250
2025-09-08 18:56:04 -   F1 Score: 0.333
2025-09-08 18:56:04 -   AUC: 0.167
2025-09-08 18:56:04 -   Correct/Total: 3/7
2025-09-08 18:56:04 -   Confusion Matrix Stats:
2025-09-08 18:56:04 -     TP: 1, TN: 2
2025-09-08 18:56:04 -     FP: 1, FN: 3
2025-09-08 18:56:04 - Subject: sub-070
2025-09-08 18:56:04 -   Accuracy: 0.000%
2025-09-08 18:56:04 -   Precision: 0.400
2025-09-08 18:56:04 -   Recall: 0.500
2025-09-08 18:56:04 -   F1 Score: 0.444
2025-09-08 18:56:04 -   AUC: 0.250
2025-09-08 18:56:04 -   Correct/Total: 3/8
2025-09-08 18:56:04 -   Confusion Matrix Stats:
2025-09-08 18:56:04 -     TP: 2, TN: 1
2025-09-08 18:56:04 -     FP: 3, FN: 2
2025-09-08 18:56:04 - Subject: sub-071
2025-09-08 18:56:04 -   Accuracy: 0.000%
2025-09-08 18:56:04 -   Precision: 0.500
2025-09-08 18:56:04 -   Recall: 0.750
2025-09-08 18:56:04 -   F1 Score: 0.600
2025-09-08 18:56:04 -   AUC: 0.417
2025-09-08 18:56:04 -   Correct/Total: 3/7
2025-09-08 18:56:04 -   Confusion Matrix Stats:
2025-09-08 18:56:04 -     TP: 3, TN: 0
2025-09-08 18:56:04 -     FP: 3, FN: 1
2025-09-08 18:56:04 - Subject: sub-073
2025-09-08 18:56:04 -   Accuracy: 0.000%
2025-09-08 18:56:04 -   Precision: 0.750
2025-09-08 18:56:04 -   Recall: 0.750
2025-09-08 18:56:04 -   F1 Score: 0.750
2025-09-08 18:56:04 -   AUC: 0.812
2025-09-08 18:56:04 -   Correct/Total: 6/8
2025-09-08 18:56:04 -   Confusion Matrix Stats:
2025-09-08 18:56:04 -     TP: 3, TN: 3
2025-09-08 18:56:04 -     FP: 1, FN: 1
2025-09-08 18:56:04 - Subject: sub-074
2025-09-08 18:56:04 -   Accuracy: 0.000%
2025-09-08 18:56:04 -   Precision: 0.500
2025-09-08 18:56:04 -   Recall: 0.250
2025-09-08 18:56:04 -   F1 Score: 0.333
2025-09-08 18:56:04 -   AUC: 0.562
2025-09-08 18:56:04 -   Correct/Total: 4/8
2025-09-08 18:56:04 -   Confusion Matrix Stats:
2025-09-08 18:56:04 -     TP: 1, TN: 3
2025-09-08 18:56:04 -     FP: 1, FN: 3
2025-09-08 18:56:04 - Subject: sub-075
2025-09-08 18:56:04 -   Accuracy: 0.000%
2025-09-08 18:56:04 -   Precision: 0.667
2025-09-08 18:56:04 -   Recall: 1.000
2025-09-08 18:56:04 -   F1 Score: 0.800
2025-09-08 18:56:04 -   AUC: 1.000
2025-09-08 18:56:04 -   Correct/Total: 5/7
2025-09-08 18:56:04 -   Confusion Matrix Stats:
2025-09-08 18:56:04 -     TP: 4, TN: 1
2025-09-08 18:56:04 -     FP: 2, FN: 0
2025-09-08 18:56:04 - Subject: sub-076
2025-09-08 18:56:04 -   Accuracy: 0.000%
2025-09-08 18:56:04 -   Precision: 0.571
2025-09-08 18:56:04 -   Recall: 1.000
2025-09-08 18:56:04 -   F1 Score: 0.727
2025-09-08 18:56:04 -   AUC: 0.875
2025-09-08 18:56:04 -   Correct/Total: 5/8
2025-09-08 18:56:04 -   Confusion Matrix Stats:
2025-09-08 18:56:04 -     TP: 4, TN: 1
2025-09-08 18:56:04 -     FP: 3, FN: 0
2025-09-08 18:56:04 - Subject: sub-077
2025-09-08 18:56:04 -   Accuracy: 0.000%
2025-09-08 18:56:04 -   Precision: 0.000
2025-09-08 18:56:04 -   Recall: 0.000
2025-09-08 18:56:04 -   F1 Score: 0.000
2025-09-08 18:56:04 -   AUC: 0.167
2025-09-08 18:56:04 -   Correct/Total: 1/7
2025-09-08 18:56:04 -   Confusion Matrix Stats:
2025-09-08 18:56:04 -     TP: 0, TN: 1
2025-09-08 18:56:04 -     FP: 2, FN: 4
2025-09-08 18:56:04 - Subject: sub-078
2025-09-08 18:56:04 -   Accuracy: 0.000%
2025-09-08 18:56:04 -   Precision: 0.750
2025-09-08 18:56:04 -   Recall: 0.750
2025-09-08 18:56:04 -   F1 Score: 0.750
2025-09-08 18:56:04 -   AUC: 0.583
2025-09-08 18:56:04 -   Correct/Total: 5/7
2025-09-08 18:56:04 -   Confusion Matrix Stats:
2025-09-08 18:56:04 -     TP: 3, TN: 2
2025-09-08 18:56:04 -     FP: 1, FN: 1
2025-09-08 18:56:04 - Subject: sub-079
2025-09-08 18:56:04 -   Accuracy: 0.000%
2025-09-08 18:56:04 -   Precision: 0.750
2025-09-08 18:56:04 -   Recall: 0.750
2025-09-08 18:56:04 -   F1 Score: 0.750
2025-09-08 18:56:04 -   AUC: 0.750
2025-09-08 18:56:04 -   Correct/Total: 5/7
2025-09-08 18:56:04 -   Confusion Matrix Stats:
2025-09-08 18:56:04 -     TP: 3, TN: 2
2025-09-08 18:56:04 -     FP: 1, FN: 1
2025-09-08 18:56:04 - Subject: sub-080
2025-09-08 18:56:04 -   Accuracy: 0.000%
2025-09-08 18:56:04 -   Precision: 0.667
2025-09-08 18:56:04 -   Recall: 0.500
2025-09-08 18:56:04 -   F1 Score: 0.571
2025-09-08 18:56:04 -   AUC: 0.750
2025-09-08 18:56:04 -   Correct/Total: 4/7
2025-09-08 18:56:04 -   Confusion Matrix Stats:
2025-09-08 18:56:04 -     TP: 2, TN: 2
2025-09-08 18:56:04 -     FP: 1, FN: 2
2025-09-08 18:56:04 - Subject: sub-081
2025-09-08 18:56:04 -   Accuracy: 0.000%
2025-09-08 18:56:04 -   Precision: 0.500
2025-09-08 18:56:04 -   Recall: 0.500
2025-09-08 18:56:04 -   F1 Score: 0.500
2025-09-08 18:56:04 -   AUC: 0.583
2025-09-08 18:56:04 -   Correct/Total: 3/7
2025-09-08 18:56:04 -   Confusion Matrix Stats:
2025-09-08 18:56:04 -     TP: 2, TN: 1
2025-09-08 18:56:04 -     FP: 2, FN: 2
2025-09-08 18:56:04 - Subject: sub-082
2025-09-08 18:56:04 -   Accuracy: 0.000%
2025-09-08 18:56:04 -   Precision: 0.250
2025-09-08 18:56:04 -   Recall: 0.250
2025-09-08 18:56:04 -   F1 Score: 0.250
2025-09-08 18:56:04 -   AUC: 0.312
2025-09-08 18:56:04 -   Correct/Total: 2/8
2025-09-08 18:56:04 -   Confusion Matrix Stats:
2025-09-08 18:56:04 -     TP: 1, TN: 1
2025-09-08 18:56:04 -     FP: 3, FN: 3
2025-09-08 18:56:04 - Subject: sub-083
2025-09-08 18:56:04 -   Accuracy: 0.000%
2025-09-08 18:56:04 -   Precision: 0.500
2025-09-08 18:56:04 -   Recall: 0.250
2025-09-08 18:56:04 -   F1 Score: 0.333
2025-09-08 18:56:04 -   AUC: 0.500
2025-09-08 18:56:04 -   Correct/Total: 3/7
2025-09-08 18:56:04 -   Confusion Matrix Stats:
2025-09-08 18:56:04 -     TP: 1, TN: 2
2025-09-08 18:56:04 -     FP: 1, FN: 3
2025-09-08 18:56:04 - Subject: sub-111
2025-09-08 18:56:04 -   Accuracy: 0.000%
2025-09-08 18:56:04 -   Precision: 0.500
2025-09-08 18:56:04 -   Recall: 0.500
2025-09-08 18:56:04 -   F1 Score: 0.500
2025-09-08 18:56:04 -   AUC: 0.500
2025-09-08 18:56:04 -   Correct/Total: 4/8
2025-09-08 18:56:04 -   Confusion Matrix Stats:
2025-09-08 18:56:04 -     TP: 2, TN: 2
2025-09-08 18:56:04 -     FP: 2, FN: 2
2025-09-08 18:56:04 - Subject: sub-112
2025-09-08 18:56:04 -   Accuracy: 0.000%
2025-09-08 18:56:04 -   Precision: 0.750
2025-09-08 18:56:04 -   Recall: 0.750
2025-09-08 18:56:04 -   F1 Score: 0.750
2025-09-08 18:56:04 -   AUC: 0.833
2025-09-08 18:56:04 -   Correct/Total: 5/7
2025-09-08 18:56:04 -   Confusion Matrix Stats:
2025-09-08 18:56:04 -     TP: 3, TN: 2
2025-09-08 18:56:04 -     FP: 1, FN: 1
2025-09-08 18:56:04 - Subject: sub-113
2025-09-08 18:56:04 -   Accuracy: 0.000%
2025-09-08 18:56:04 -   Precision: 0.400
2025-09-08 18:56:04 -   Recall: 0.667
2025-09-08 18:56:04 -   F1 Score: 0.500
2025-09-08 18:56:04 -   AUC: 0.667
2025-09-08 18:56:04 -   Correct/Total: 3/7
2025-09-08 18:56:04 -   Confusion Matrix Stats:
2025-09-08 18:56:04 -     TP: 2, TN: 1
2025-09-08 18:56:04 -     FP: 3, FN: 1
2025-09-08 18:56:04 - Subject: sub-114
2025-09-08 18:56:04 -   Accuracy: 0.000%
2025-09-08 18:56:04 -   Precision: 0.600
2025-09-08 18:56:04 -   Recall: 1.000
2025-09-08 18:56:04 -   F1 Score: 0.750
2025-09-08 18:56:04 -   AUC: 0.667
2025-09-08 18:56:04 -   Correct/Total: 5/7
2025-09-08 18:56:04 -   Confusion Matrix Stats:
2025-09-08 18:56:04 -     TP: 3, TN: 2
2025-09-08 18:56:04 -     FP: 2, FN: 0
2025-09-08 18:56:04 - Subject: sub-115
2025-09-08 18:56:04 -   Accuracy: 0.000%
2025-09-08 18:56:04 -   Precision: 0.000
2025-09-08 18:56:04 -   Recall: 0.000
2025-09-08 18:56:04 -   F1 Score: 0.000
2025-09-08 18:56:04 -   AUC: 0.500
2025-09-08 18:56:04 -   Correct/Total: 2/7
2025-09-08 18:56:04 -   Confusion Matrix Stats:
2025-09-08 18:56:04 -     TP: 0, TN: 2
2025-09-08 18:56:04 -     FP: 2, FN: 3
2025-09-08 18:56:04 - Subject: sub-116
2025-09-08 18:56:04 -   Accuracy: 0.000%
2025-09-08 18:56:04 -   Precision: 0.500
2025-09-08 18:56:04 -   Recall: 0.667
2025-09-08 18:56:04 -   F1 Score: 0.571
2025-09-08 18:56:04 -   AUC: 0.500
2025-09-08 18:56:04 -   Correct/Total: 4/7
2025-09-08 18:56:04 -   Confusion Matrix Stats:
2025-09-08 18:56:04 -     TP: 2, TN: 2
2025-09-08 18:56:04 -     FP: 2, FN: 1
2025-09-08 18:56:04 - Subject: sub-117
2025-09-08 18:56:04 -   Accuracy: 0.000%
2025-09-08 18:56:04 -   Precision: 0.500
2025-09-08 18:56:04 -   Recall: 0.667
2025-09-08 18:56:04 -   F1 Score: 0.571
2025-09-08 18:56:04 -   AUC: 0.750
2025-09-08 18:56:04 -   Correct/Total: 4/7
2025-09-08 18:56:04 -   Confusion Matrix Stats:
2025-09-08 18:56:04 -     TP: 2, TN: 2
2025-09-08 18:56:04 -     FP: 2, FN: 1
2025-09-08 18:56:04 - Subject: sub-118
2025-09-08 18:56:04 -   Accuracy: 0.000%
2025-09-08 18:56:04 -   Precision: 0.000
2025-09-08 18:56:04 -   Recall: 0.000
2025-09-08 18:56:04 -   F1 Score: 0.000
2025-09-08 18:56:04 -   AUC: 0.000
2025-09-08 18:56:04 -   Correct/Total: 1/7
2025-09-08 18:56:04 -   Confusion Matrix Stats:
2025-09-08 18:56:04 -     TP: 0, TN: 1
2025-09-08 18:56:04 -     FP: 3, FN: 3
2025-09-08 18:56:04 - Subject: sub-119
2025-09-08 18:56:04 -   Accuracy: 0.000%
2025-09-08 18:56:04 -   Precision: 0.500
2025-09-08 18:56:04 -   Recall: 0.667
2025-09-08 18:56:04 -   F1 Score: 0.571
2025-09-08 18:56:04 -   AUC: 0.417
2025-09-08 18:56:04 -   Correct/Total: 4/7
2025-09-08 18:56:04 -   Confusion Matrix Stats:
2025-09-08 18:56:04 -     TP: 2, TN: 2
2025-09-08 18:56:04 -     FP: 2, FN: 1
2025-09-08 18:56:04 - Subject: sub-120
2025-09-08 18:56:04 -   Accuracy: 0.000%
2025-09-08 18:56:04 -   Precision: 0.250
2025-09-08 18:56:04 -   Recall: 0.333
2025-09-08 18:56:04 -   F1 Score: 0.286
2025-09-08 18:56:04 -   AUC: 0.167
2025-09-08 18:56:04 -   Correct/Total: 2/7
2025-09-08 18:56:04 -   Confusion Matrix Stats:
2025-09-08 18:56:04 -     TP: 1, TN: 1
2025-09-08 18:56:04 -     FP: 3, FN: 2
2025-09-08 18:56:04 - Subject: sub-121
2025-09-08 18:56:04 -   Accuracy: 0.000%
2025-09-08 18:56:04 -   Precision: 1.000
2025-09-08 18:56:04 -   Recall: 1.000
2025-09-08 18:56:04 -   F1 Score: 1.000
2025-09-08 18:56:04 -   AUC: 1.000
2025-09-08 18:56:04 -   Correct/Total: 7/7
2025-09-08 18:56:04 -   Confusion Matrix Stats:
2025-09-08 18:56:04 -     TP: 3, TN: 4
2025-09-08 18:56:04 -     FP: 0, FN: 0
2025-09-08 18:56:04 - Subject: sub-122
2025-09-08 18:56:04 -   Accuracy: 0.000%
2025-09-08 18:56:04 -   Precision: 0.250
2025-09-08 18:56:04 -   Recall: 0.333
2025-09-08 18:56:04 -   F1 Score: 0.286
2025-09-08 18:56:04 -   AUC: 0.417
2025-09-08 18:56:04 -   Correct/Total: 2/7
2025-09-08 18:56:04 -   Confusion Matrix Stats:
2025-09-08 18:56:04 -     TP: 1, TN: 1
2025-09-08 18:56:04 -     FP: 3, FN: 2
2025-09-08 18:56:04 - Subject: sub-123
2025-09-08 18:56:04 -   Accuracy: 0.000%
2025-09-08 18:56:04 -   Precision: 0.000
2025-09-08 18:56:04 -   Recall: 0.000
2025-09-08 18:56:04 -   F1 Score: 0.000
2025-09-08 18:56:04 -   AUC: 0.333
2025-09-08 18:56:04 -   Correct/Total: 3/7
2025-09-08 18:56:04 -   Confusion Matrix Stats:
2025-09-08 18:56:04 -     TP: 0, TN: 3
2025-09-08 18:56:04 -     FP: 1, FN: 3
2025-09-08 18:56:04 - Subject: sub-124
2025-09-08 18:56:04 -   Accuracy: 0.000%
2025-09-08 18:56:04 -   Precision: 0.750
2025-09-08 18:56:04 -   Recall: 0.750
2025-09-08 18:56:04 -   F1 Score: 0.750
2025-09-08 18:56:04 -   AUC: 0.583
2025-09-08 18:56:04 -   Correct/Total: 5/7
2025-09-08 18:56:04 -   Confusion Matrix Stats:
2025-09-08 18:56:04 -     TP: 3, TN: 2
2025-09-08 18:56:04 -     FP: 1, FN: 1
2025-09-08 18:56:04 - Subject: sub-125
2025-09-08 18:56:04 -   Accuracy: 0.000%
2025-09-08 18:56:04 -   Precision: 0.667
2025-09-08 18:56:04 -   Recall: 0.500
2025-09-08 18:56:04 -   F1 Score: 0.571
2025-09-08 18:56:04 -   AUC: 0.562
2025-09-08 18:56:04 -   Correct/Total: 5/8
2025-09-08 18:56:04 -   Confusion Matrix Stats:
2025-09-08 18:56:04 -     TP: 2, TN: 3
2025-09-08 18:56:04 -     FP: 1, FN: 2
2025-09-08 18:56:04 - 
AVO Individual Models Statistics:
2025-09-08 18:56:04 - Mean Accuracy: 0.529
2025-09-08 18:56:04 - 95% Confidence Interval: [0.492, 0.566]
2025-09-08 18:56:04 - Best Subject: sub-121 (1.000)
2025-09-08 18:56:04 - Worst Subject: sub-032 (0.125)
2025-09-08 18:56:04 - Mean Precision: 0.555
2025-09-08 18:56:04 - Mean Recall: 0.570
2025-09-08 18:56:04 - Mean F1-Score: 0.562
2025-09-08 18:56:04 - Mean AUC: 0.551
2025-09-08 18:56:04 - Mean Confusion Matrix:
2025-09-08 18:56:04 -   TP: 2, TN: 2
2025-09-08 18:56:04 -   FP: 2, FN: 2
