2025-09-05 20:18:44 - 
Experiment Configuration:
2025-09-05 20:18:44 - --------------------------------------------------
2025-09-05 20:18:44 - dataset: ds005863
2025-09-05 20:18:44 - use_combined_datasets: False
2025-09-05 20:18:44 - electrode_list: all
2025-09-05 20:18:44 - classifier: ShallowFBCSPNet
2025-09-05 20:18:44 - separate_subject_classification: True
2025-09-05 20:18:44 - use_subject_layer: False
2025-09-05 20:18:44 - seeds: [1]
2025-09-05 20:18:44 - --------------------------------------------------
2025-09-05 20:18:44 - 
==================================================
2025-09-05 20:18:44 - Processing Active Visual Oddball Dataset
2025-09-05 20:18:44 - ==================================================
2025-09-05 20:23:11 - 
AVO Individual Models Statistics:
2025-09-05 20:23:11 - Mean Accuracy: 0.863
2025-09-05 20:23:11 - 95% Confidence Interval: [0.851, 0.875]
2025-09-05 20:23:11 - Best Subject: sub-008 (0.929)
2025-09-05 20:23:11 - Worst Subject: sub-118 (0.600)
2025-09-05 20:23:11 - Mean Precision: 0.069
2025-09-05 20:23:11 - Mean Recall: 0.095
2025-09-05 20:23:11 - Mean F1-Score: 0.075
2025-09-05 20:23:11 - Mean AUC: 0.526
