2025-09-05 21:07:05 - 
Experiment Configuration:
2025-09-05 21:07:05 - --------------------------------------------------
2025-09-05 21:07:05 - dataset: ds005863
2025-09-05 21:07:05 - use_combined_datasets: False
2025-09-05 21:07:05 - electrode_list: all
2025-09-05 21:07:05 - classifier: ShallowFBCSPNet
2025-09-05 21:07:05 - separate_subject_classification: True
2025-09-05 21:07:05 - use_subject_layer: False
2025-09-05 21:07:05 - seeds: [1]
2025-09-05 21:07:05 - --------------------------------------------------
2025-09-05 21:07:05 - 
==================================================
2025-09-05 21:07:05 - Processing Active Visual Oddball Dataset
2025-09-05 21:07:05 - ==================================================
2025-09-05 21:10:53 - 
AVO Individual Models Statistics:
2025-09-05 21:10:53 - Mean Accuracy: 0.863
2025-09-05 21:10:53 - 95% Confidence Interval: [0.851, 0.875]
2025-09-05 21:10:53 - Best Subject: sub-008 (0.929)
2025-09-05 21:10:53 - Worst Subject: sub-118 (0.600)
2025-09-05 21:10:53 - Mean Precision: 0.069
2025-09-05 21:10:53 - Mean Recall: 0.095
2025-09-05 21:10:53 - Mean F1-Score: 0.075
2025-09-05 21:10:53 - Mean AUC: 0.524
