2025-09-05 21:27:58 - 
Experiment Configuration:
2025-09-05 21:27:58 - --------------------------------------------------
2025-09-05 21:27:58 - dataset: ds005863
2025-09-05 21:27:58 - use_combined_datasets: False
2025-09-05 21:27:58 - electrode_list: all
2025-09-05 21:27:58 - classifier: ShallowFBCSPNet
2025-09-05 21:27:58 - separate_subject_classification: True
2025-09-05 21:27:58 - use_subject_layer: False
2025-09-05 21:27:58 - seeds: [1]
2025-09-05 21:27:58 - --------------------------------------------------
2025-09-05 21:27:58 - 
==================================================
2025-09-05 21:27:58 - Processing Active Visual Oddball Dataset
2025-09-05 21:27:58 - ==================================================
2025-09-05 21:31:36 - 
==================================================
2025-09-05 21:31:36 - Individual Subject Results - AVO
2025-09-05 21:31:36 - ==================================================
2025-09-05 21:31:36 - Subject: sub-001
2025-09-05 21:31:36 -   Accuracy: 0.000%
2025-09-05 21:31:36 -   Precision: 0.000
2025-09-05 21:31:36 -   Recall: 0.000
2025-09-05 21:31:36 -   F1 Score: 0.000
2025-09-05 21:31:36 -   AUC: 0.650
2025-09-05 21:31:36 -   Correct/Total: 37/42
2025-09-05 21:31:36 -   Confusion Matrix Stats:
2025-09-05 21:31:36 -     TP: 0, TN: 37
2025-09-05 21:31:36 -     FP: 2, FN: 3
2025-09-05 21:31:36 - Subject: sub-002
2025-09-05 21:31:36 -   Accuracy: 0.000%
2025-09-05 21:31:36 -   Precision: 0.000
2025-09-05 21:31:36 -   Recall: 0.000
2025-09-05 21:31:36 -   F1 Score: 0.000
2025-09-05 21:31:36 -   AUC: 0.470
2025-09-05 21:31:36 -   Correct/Total: 33/42
2025-09-05 21:31:36 -   Confusion Matrix Stats:
2025-09-05 21:31:36 -     TP: 0, TN: 33
2025-09-05 21:31:36 -     FP: 6, FN: 3
2025-09-05 21:31:36 - Subject: sub-003
2025-09-05 21:31:36 -   Accuracy: 0.000%
2025-09-05 21:31:36 -   Precision: 0.000
2025-09-05 21:31:36 -   Recall: 0.000
2025-09-05 21:31:36 -   F1 Score: 0.000
2025-09-05 21:31:36 -   AUC: 0.162
2025-09-05 21:31:36 -   Correct/Total: 36/42
2025-09-05 21:31:36 -   Confusion Matrix Stats:
2025-09-05 21:31:36 -     TP: 0, TN: 36
2025-09-05 21:31:36 -     FP: 3, FN: 3
2025-09-05 21:31:36 - Subject: sub-004
2025-09-05 21:31:36 -   Accuracy: 0.000%
2025-09-05 21:31:36 -   Precision: 0.000
2025-09-05 21:31:36 -   Recall: 0.000
2025-09-05 21:31:36 -   F1 Score: 0.000
2025-09-05 21:31:36 -   AUC: 0.248
2025-09-05 21:31:36 -   Correct/Total: 36/42
2025-09-05 21:31:36 -   Confusion Matrix Stats:
2025-09-05 21:31:36 -     TP: 0, TN: 36
2025-09-05 21:31:36 -     FP: 3, FN: 3
2025-09-05 21:31:36 - Subject: sub-005
2025-09-05 21:31:36 -   Accuracy: 0.000%
2025-09-05 21:31:36 -   Precision: 0.000
2025-09-05 21:31:36 -   Recall: 0.000
2025-09-05 21:31:36 -   F1 Score: 0.000
2025-09-05 21:31:36 -   AUC: 0.419
2025-09-05 21:31:36 -   Correct/Total: 37/42
2025-09-05 21:31:36 -   Confusion Matrix Stats:
2025-09-05 21:31:36 -     TP: 0, TN: 37
2025-09-05 21:31:36 -     FP: 2, FN: 3
2025-09-05 21:31:36 - Subject: sub-006
2025-09-05 21:31:36 -   Accuracy: 0.000%
2025-09-05 21:31:36 -   Precision: 0.000
2025-09-05 21:31:36 -   Recall: 0.000
2025-09-05 21:31:36 -   F1 Score: 0.000
2025-09-05 21:31:36 -   AUC: 0.282
2025-09-05 21:31:36 -   Correct/Total: 36/42
2025-09-05 21:31:36 -   Confusion Matrix Stats:
2025-09-05 21:31:36 -     TP: 0, TN: 36
2025-09-05 21:31:36 -     FP: 3, FN: 3
2025-09-05 21:31:36 - Subject: sub-007
2025-09-05 21:31:36 -   Accuracy: 0.000%
2025-09-05 21:31:36 -   Precision: 0.000
2025-09-05 21:31:36 -   Recall: 0.000
2025-09-05 21:31:36 -   F1 Score: 0.000
2025-09-05 21:31:36 -   AUC: 0.342
2025-09-05 21:31:36 -   Correct/Total: 36/42
2025-09-05 21:31:36 -   Confusion Matrix Stats:
2025-09-05 21:31:36 -     TP: 0, TN: 36
2025-09-05 21:31:36 -     FP: 3, FN: 3
2025-09-05 21:31:36 - Subject: sub-008
2025-09-05 21:31:36 -   Accuracy: 0.000%
2025-09-05 21:31:36 -   Precision: 0.000
2025-09-05 21:31:36 -   Recall: 0.000
2025-09-05 21:31:36 -   F1 Score: 0.000
2025-09-05 21:31:36 -   AUC: 0.222
2025-09-05 21:31:36 -   Correct/Total: 39/42
2025-09-05 21:31:36 -   Confusion Matrix Stats:
2025-09-05 21:31:36 -     TP: 0, TN: 39
2025-09-05 21:31:36 -     FP: 0, FN: 3
2025-09-05 21:31:36 - Subject: sub-009
2025-09-05 21:31:36 -   Accuracy: 0.000%
2025-09-05 21:31:36 -   Precision: 0.000
2025-09-05 21:31:36 -   Recall: 0.000
2025-09-05 21:31:36 -   F1 Score: 0.000
2025-09-05 21:31:36 -   AUC: 0.274
2025-09-05 21:31:36 -   Correct/Total: 30/42
2025-09-05 21:31:36 -   Confusion Matrix Stats:
2025-09-05 21:31:36 -     TP: 0, TN: 30
2025-09-05 21:31:36 -     FP: 9, FN: 3
2025-09-05 21:31:36 - Subject: sub-010
2025-09-05 21:31:36 -   Accuracy: 0.000%
2025-09-05 21:31:36 -   Precision: 0.000
2025-09-05 21:31:36 -   Recall: 0.000
2025-09-05 21:31:36 -   F1 Score: 0.000
2025-09-05 21:31:36 -   AUC: 0.564
2025-09-05 21:31:36 -   Correct/Total: 38/42
2025-09-05 21:31:36 -   Confusion Matrix Stats:
2025-09-05 21:31:36 -     TP: 0, TN: 38
2025-09-05 21:31:36 -     FP: 1, FN: 3
2025-09-05 21:31:36 - Subject: sub-011
2025-09-05 21:31:36 -   Accuracy: 0.000%
2025-09-05 21:31:36 -   Precision: 0.200
2025-09-05 21:31:36 -   Recall: 0.333
2025-09-05 21:31:36 -   F1 Score: 0.250
2025-09-05 21:31:36 -   AUC: 0.821
2025-09-05 21:31:36 -   Correct/Total: 36/42
2025-09-05 21:31:36 -   Confusion Matrix Stats:
2025-09-05 21:31:36 -     TP: 1, TN: 35
2025-09-05 21:31:36 -     FP: 4, FN: 2
2025-09-05 21:31:36 - Subject: sub-012
2025-09-05 21:31:36 -   Accuracy: 0.000%
2025-09-05 21:31:36 -   Precision: 0.143
2025-09-05 21:31:36 -   Recall: 0.333
2025-09-05 21:31:36 -   F1 Score: 0.200
2025-09-05 21:31:36 -   AUC: 0.675
2025-09-05 21:31:36 -   Correct/Total: 34/42
2025-09-05 21:31:36 -   Confusion Matrix Stats:
2025-09-05 21:31:36 -     TP: 1, TN: 33
2025-09-05 21:31:36 -     FP: 6, FN: 2
2025-09-05 21:31:36 - Subject: sub-013
2025-09-05 21:31:36 -   Accuracy: 0.000%
2025-09-05 21:31:36 -   Precision: 0.500
2025-09-05 21:31:36 -   Recall: 0.333
2025-09-05 21:31:36 -   F1 Score: 0.400
2025-09-05 21:31:36 -   AUC: 0.650
2025-09-05 21:31:36 -   Correct/Total: 39/42
2025-09-05 21:31:36 -   Confusion Matrix Stats:
2025-09-05 21:31:36 -     TP: 1, TN: 38
2025-09-05 21:31:36 -     FP: 1, FN: 2
2025-09-05 21:31:36 - Subject: sub-014
2025-09-05 21:31:36 -   Accuracy: 0.000%
2025-09-05 21:31:36 -   Precision: 0.500
2025-09-05 21:31:36 -   Recall: 0.333
2025-09-05 21:31:36 -   F1 Score: 0.400
2025-09-05 21:31:36 -   AUC: 0.735
2025-09-05 21:31:36 -   Correct/Total: 39/42
2025-09-05 21:31:36 -   Confusion Matrix Stats:
2025-09-05 21:31:36 -     TP: 1, TN: 38
2025-09-05 21:31:36 -     FP: 1, FN: 2
2025-09-05 21:31:36 - Subject: sub-015
2025-09-05 21:31:36 -   Accuracy: 0.000%
2025-09-05 21:31:36 -   Precision: 0.200
2025-09-05 21:31:36 -   Recall: 0.333
2025-09-05 21:31:36 -   F1 Score: 0.250
2025-09-05 21:31:36 -   AUC: 0.650
2025-09-05 21:31:36 -   Correct/Total: 36/42
2025-09-05 21:31:36 -   Confusion Matrix Stats:
2025-09-05 21:31:36 -     TP: 1, TN: 35
2025-09-05 21:31:36 -     FP: 4, FN: 2
2025-09-05 21:31:36 - Subject: sub-016
2025-09-05 21:31:36 -   Accuracy: 0.000%
2025-09-05 21:31:36 -   Precision: 0.000
2025-09-05 21:31:36 -   Recall: 0.000
2025-09-05 21:31:36 -   F1 Score: 0.000
2025-09-05 21:31:36 -   AUC: 0.436
2025-09-05 21:31:36 -   Correct/Total: 38/42
2025-09-05 21:31:36 -   Confusion Matrix Stats:
2025-09-05 21:31:36 -     TP: 0, TN: 38
2025-09-05 21:31:36 -     FP: 1, FN: 3
2025-09-05 21:31:36 - Subject: sub-017
2025-09-05 21:31:36 -   Accuracy: 0.000%
2025-09-05 21:31:36 -   Precision: 0.000
2025-09-05 21:31:36 -   Recall: 0.000
2025-09-05 21:31:36 -   F1 Score: 0.000
2025-09-05 21:31:36 -   AUC: 0.573
2025-09-05 21:31:36 -   Correct/Total: 37/42
2025-09-05 21:31:36 -   Confusion Matrix Stats:
2025-09-05 21:31:36 -     TP: 0, TN: 37
2025-09-05 21:31:36 -     FP: 2, FN: 3
2025-09-05 21:31:36 - Subject: sub-018
2025-09-05 21:31:36 -   Accuracy: 0.000%
2025-09-05 21:31:36 -   Precision: 0.000
2025-09-05 21:31:36 -   Recall: 0.000
2025-09-05 21:31:36 -   F1 Score: 0.000
2025-09-05 21:31:36 -   AUC: 0.265
2025-09-05 21:31:36 -   Correct/Total: 39/42
2025-09-05 21:31:36 -   Confusion Matrix Stats:
2025-09-05 21:31:36 -     TP: 0, TN: 39
2025-09-05 21:31:36 -     FP: 0, FN: 3
2025-09-05 21:31:36 - Subject: sub-019
2025-09-05 21:31:36 -   Accuracy: 0.000%
2025-09-05 21:31:36 -   Precision: 0.143
2025-09-05 21:31:36 -   Recall: 0.333
2025-09-05 21:31:36 -   F1 Score: 0.200
2025-09-05 21:31:36 -   AUC: 0.650
2025-09-05 21:31:36 -   Correct/Total: 34/42
2025-09-05 21:31:36 -   Confusion Matrix Stats:
2025-09-05 21:31:36 -     TP: 1, TN: 33
2025-09-05 21:31:36 -     FP: 6, FN: 2
2025-09-05 21:31:36 - Subject: sub-020
2025-09-05 21:31:36 -   Accuracy: 0.000%
2025-09-05 21:31:36 -   Precision: 0.000
2025-09-05 21:31:36 -   Recall: 0.000
2025-09-05 21:31:36 -   F1 Score: 0.000
2025-09-05 21:31:36 -   AUC: 0.393
2025-09-05 21:31:36 -   Correct/Total: 34/42
2025-09-05 21:31:36 -   Confusion Matrix Stats:
2025-09-05 21:31:36 -     TP: 0, TN: 34
2025-09-05 21:31:36 -     FP: 5, FN: 3
2025-09-05 21:31:36 - Subject: sub-021
2025-09-05 21:31:36 -   Accuracy: 0.000%
2025-09-05 21:31:36 -   Precision: 0.000
2025-09-05 21:31:36 -   Recall: 0.000
2025-09-05 21:31:36 -   F1 Score: 0.000
2025-09-05 21:31:36 -   AUC: 0.462
2025-09-05 21:31:36 -   Correct/Total: 34/42
2025-09-05 21:31:36 -   Confusion Matrix Stats:
2025-09-05 21:31:36 -     TP: 0, TN: 34
2025-09-05 21:31:36 -     FP: 5, FN: 3
2025-09-05 21:31:36 - Subject: sub-022
2025-09-05 21:31:36 -   Accuracy: 0.000%
2025-09-05 21:31:36 -   Precision: 0.000
2025-09-05 21:31:36 -   Recall: 0.000
2025-09-05 21:31:36 -   F1 Score: 0.000
2025-09-05 21:31:36 -   AUC: 0.556
2025-09-05 21:31:36 -   Correct/Total: 34/42
2025-09-05 21:31:36 -   Confusion Matrix Stats:
2025-09-05 21:31:36 -     TP: 0, TN: 34
2025-09-05 21:31:36 -     FP: 5, FN: 3
2025-09-05 21:31:36 - Subject: sub-023
2025-09-05 21:31:36 -   Accuracy: 0.000%
2025-09-05 21:31:36 -   Precision: 0.000
2025-09-05 21:31:36 -   Recall: 0.000
2025-09-05 21:31:36 -   F1 Score: 0.000
2025-09-05 21:31:36 -   AUC: 0.667
2025-09-05 21:31:36 -   Correct/Total: 38/42
2025-09-05 21:31:36 -   Confusion Matrix Stats:
2025-09-05 21:31:36 -     TP: 0, TN: 38
2025-09-05 21:31:36 -     FP: 1, FN: 3
2025-09-05 21:31:36 - Subject: sub-024
2025-09-05 21:31:36 -   Accuracy: 0.000%
2025-09-05 21:31:36 -   Precision: 0.000
2025-09-05 21:31:36 -   Recall: 0.000
2025-09-05 21:31:36 -   F1 Score: 0.000
2025-09-05 21:31:36 -   AUC: 0.521
2025-09-05 21:31:36 -   Correct/Total: 34/42
2025-09-05 21:31:36 -   Confusion Matrix Stats:
2025-09-05 21:31:36 -     TP: 0, TN: 34
2025-09-05 21:31:36 -     FP: 5, FN: 3
2025-09-05 21:31:36 - Subject: sub-025
2025-09-05 21:31:36 -   Accuracy: 0.000%
2025-09-05 21:31:36 -   Precision: 0.000
2025-09-05 21:31:36 -   Recall: 0.000
2025-09-05 21:31:36 -   F1 Score: 0.000
2025-09-05 21:31:36 -   AUC: 0.539
2025-09-05 21:31:36 -   Correct/Total: 37/42
2025-09-05 21:31:36 -   Confusion Matrix Stats:
2025-09-05 21:31:36 -     TP: 0, TN: 37
2025-09-05 21:31:36 -     FP: 1, FN: 4
2025-09-05 21:31:36 - Subject: sub-026
2025-09-05 21:31:36 -   Accuracy: 0.000%
2025-09-05 21:31:36 -   Precision: 0.500
2025-09-05 21:31:36 -   Recall: 0.333
2025-09-05 21:31:36 -   F1 Score: 0.400
2025-09-05 21:31:36 -   AUC: 0.521
2025-09-05 21:31:36 -   Correct/Total: 39/42
2025-09-05 21:31:36 -   Confusion Matrix Stats:
2025-09-05 21:31:36 -     TP: 1, TN: 38
2025-09-05 21:31:36 -     FP: 1, FN: 2
2025-09-05 21:31:36 - Subject: sub-027
2025-09-05 21:31:36 -   Accuracy: 0.000%
2025-09-05 21:31:36 -   Precision: 0.000
2025-09-05 21:31:36 -   Recall: 0.000
2025-09-05 21:31:36 -   F1 Score: 0.000
2025-09-05 21:31:36 -   AUC: 0.632
2025-09-05 21:31:36 -   Correct/Total: 34/42
2025-09-05 21:31:36 -   Confusion Matrix Stats:
2025-09-05 21:31:36 -     TP: 0, TN: 34
2025-09-05 21:31:36 -     FP: 5, FN: 3
2025-09-05 21:31:36 - Subject: sub-028
2025-09-05 21:31:36 -   Accuracy: 0.000%
2025-09-05 21:31:36 -   Precision: 0.000
2025-09-05 21:31:36 -   Recall: 0.000
2025-09-05 21:31:36 -   F1 Score: 0.000
2025-09-05 21:31:36 -   AUC: 0.470
2025-09-05 21:31:36 -   Correct/Total: 38/42
2025-09-05 21:31:36 -   Confusion Matrix Stats:
2025-09-05 21:31:36 -     TP: 0, TN: 38
2025-09-05 21:31:36 -     FP: 1, FN: 3
2025-09-05 21:31:36 - Subject: sub-029
2025-09-05 21:31:36 -   Accuracy: 0.000%
2025-09-05 21:31:36 -   Precision: 0.000
2025-09-05 21:31:36 -   Recall: 0.000
2025-09-05 21:31:36 -   F1 Score: 0.000
2025-09-05 21:31:36 -   AUC: 0.684
2025-09-05 21:31:36 -   Correct/Total: 33/42
2025-09-05 21:31:36 -   Confusion Matrix Stats:
2025-09-05 21:31:36 -     TP: 0, TN: 33
2025-09-05 21:31:36 -     FP: 6, FN: 3
2025-09-05 21:31:36 - Subject: sub-030
2025-09-05 21:31:36 -   Accuracy: 0.000%
2025-09-05 21:31:36 -   Precision: 0.000
2025-09-05 21:31:36 -   Recall: 0.000
2025-09-05 21:31:36 -   F1 Score: 0.000
2025-09-05 21:31:36 -   AUC: 0.291
2025-09-05 21:31:36 -   Correct/Total: 38/42
2025-09-05 21:31:36 -   Confusion Matrix Stats:
2025-09-05 21:31:36 -     TP: 0, TN: 38
2025-09-05 21:31:36 -     FP: 1, FN: 3
2025-09-05 21:31:36 - Subject: sub-031
2025-09-05 21:31:36 -   Accuracy: 0.000%
2025-09-05 21:31:36 -   Precision: 0.333
2025-09-05 21:31:36 -   Recall: 0.333
2025-09-05 21:31:36 -   F1 Score: 0.333
2025-09-05 21:31:36 -   AUC: 0.427
2025-09-05 21:31:36 -   Correct/Total: 38/42
2025-09-05 21:31:36 -   Confusion Matrix Stats:
2025-09-05 21:31:36 -     TP: 1, TN: 37
2025-09-05 21:31:36 -     FP: 2, FN: 2
2025-09-05 21:31:36 - Subject: sub-032
2025-09-05 21:31:36 -   Accuracy: 0.000%
2025-09-05 21:31:36 -   Precision: 0.143
2025-09-05 21:31:36 -   Recall: 0.250
2025-09-05 21:31:36 -   F1 Score: 0.182
2025-09-05 21:31:36 -   AUC: 0.678
2025-09-05 21:31:36 -   Correct/Total: 33/42
2025-09-05 21:31:36 -   Confusion Matrix Stats:
2025-09-05 21:31:36 -     TP: 1, TN: 32
2025-09-05 21:31:36 -     FP: 6, FN: 3
2025-09-05 21:31:36 - Subject: sub-033
2025-09-05 21:31:36 -   Accuracy: 0.000%
2025-09-05 21:31:36 -   Precision: 0.000
2025-09-05 21:31:36 -   Recall: 0.000
2025-09-05 21:31:36 -   F1 Score: 0.000
2025-09-05 21:31:36 -   AUC: 0.410
2025-09-05 21:31:36 -   Correct/Total: 33/42
2025-09-05 21:31:36 -   Confusion Matrix Stats:
2025-09-05 21:31:36 -     TP: 0, TN: 33
2025-09-05 21:31:36 -     FP: 6, FN: 3
2025-09-05 21:31:36 - Subject: sub-034
2025-09-05 21:31:36 -   Accuracy: 0.000%
2025-09-05 21:31:36 -   Precision: 0.000
2025-09-05 21:31:36 -   Recall: 0.000
2025-09-05 21:31:36 -   F1 Score: 0.000
2025-09-05 21:31:36 -   AUC: 0.709
2025-09-05 21:31:36 -   Correct/Total: 39/42
2025-09-05 21:31:36 -   Confusion Matrix Stats:
2025-09-05 21:31:37 -     TP: 0, TN: 39
2025-09-05 21:31:37 -     FP: 0, FN: 3
2025-09-05 21:31:37 - Subject: sub-035
2025-09-05 21:31:37 -   Accuracy: 0.000%
2025-09-05 21:31:37 -   Precision: 0.000
2025-09-05 21:31:37 -   Recall: 0.000
2025-09-05 21:31:37 -   F1 Score: 0.000
2025-09-05 21:31:37 -   AUC: 0.248
2025-09-05 21:31:37 -   Correct/Total: 36/42
2025-09-05 21:31:37 -   Confusion Matrix Stats:
2025-09-05 21:31:37 -     TP: 0, TN: 36
2025-09-05 21:31:37 -     FP: 3, FN: 3
2025-09-05 21:31:37 - Subject: sub-036
2025-09-05 21:31:37 -   Accuracy: 0.000%
2025-09-05 21:31:37 -   Precision: 0.000
2025-09-05 21:31:37 -   Recall: 0.000
2025-09-05 21:31:37 -   F1 Score: 0.000
2025-09-05 21:31:37 -   AUC: 0.556
2025-09-05 21:31:37 -   Correct/Total: 38/42
2025-09-05 21:31:37 -   Confusion Matrix Stats:
2025-09-05 21:31:37 -     TP: 0, TN: 38
2025-09-05 21:31:37 -     FP: 1, FN: 3
2025-09-05 21:31:37 - Subject: sub-037
2025-09-05 21:31:37 -   Accuracy: 0.000%
2025-09-05 21:31:37 -   Precision: 0.000
2025-09-05 21:31:37 -   Recall: 0.000
2025-09-05 21:31:37 -   F1 Score: 0.000
2025-09-05 21:31:37 -   AUC: 0.299
2025-09-05 21:31:37 -   Correct/Total: 38/42
2025-09-05 21:31:37 -   Confusion Matrix Stats:
2025-09-05 21:31:37 -     TP: 0, TN: 38
2025-09-05 21:31:37 -     FP: 1, FN: 3
2025-09-05 21:31:37 - Subject: sub-038
2025-09-05 21:31:37 -   Accuracy: 0.000%
2025-09-05 21:31:37 -   Precision: 0.000
2025-09-05 21:31:37 -   Recall: 0.000
2025-09-05 21:31:37 -   F1 Score: 0.000
2025-09-05 21:31:37 -   AUC: 0.838
2025-09-05 21:31:37 -   Correct/Total: 38/42
2025-09-05 21:31:37 -   Confusion Matrix Stats:
2025-09-05 21:31:37 -     TP: 0, TN: 38
2025-09-05 21:31:37 -     FP: 1, FN: 3
2025-09-05 21:31:37 - Subject: sub-039
2025-09-05 21:31:37 -   Accuracy: 0.000%
2025-09-05 21:31:37 -   Precision: 0.000
2025-09-05 21:31:37 -   Recall: 0.000
2025-09-05 21:31:37 -   F1 Score: 0.000
2025-09-05 21:31:37 -   AUC: 0.342
2025-09-05 21:31:37 -   Correct/Total: 37/42
2025-09-05 21:31:37 -   Confusion Matrix Stats:
2025-09-05 21:31:37 -     TP: 0, TN: 37
2025-09-05 21:31:37 -     FP: 2, FN: 3
2025-09-05 21:31:37 - Subject: sub-040
2025-09-05 21:31:37 -   Accuracy: 0.000%
2025-09-05 21:31:37 -   Precision: 0.000
2025-09-05 21:31:37 -   Recall: 0.000
2025-09-05 21:31:37 -   F1 Score: 0.000
2025-09-05 21:31:37 -   AUC: 0.812
2025-09-05 21:31:37 -   Correct/Total: 34/42
2025-09-05 21:31:37 -   Confusion Matrix Stats:
2025-09-05 21:31:37 -     TP: 0, TN: 34
2025-09-05 21:31:37 -     FP: 5, FN: 3
2025-09-05 21:31:37 - Subject: sub-041
2025-09-05 21:31:37 -   Accuracy: 0.000%
2025-09-05 21:31:37 -   Precision: 0.083
2025-09-05 21:31:37 -   Recall: 0.333
2025-09-05 21:31:37 -   F1 Score: 0.133
2025-09-05 21:31:37 -   AUC: 0.667
2025-09-05 21:31:37 -   Correct/Total: 29/42
2025-09-05 21:31:37 -   Confusion Matrix Stats:
2025-09-05 21:31:37 -     TP: 1, TN: 28
2025-09-05 21:31:37 -     FP: 11, FN: 2
2025-09-05 21:31:37 - Subject: sub-042
2025-09-05 21:31:37 -   Accuracy: 0.000%
2025-09-05 21:31:37 -   Precision: 0.333
2025-09-05 21:31:37 -   Recall: 0.333
2025-09-05 21:31:37 -   F1 Score: 0.333
2025-09-05 21:31:37 -   AUC: 0.726
2025-09-05 21:31:37 -   Correct/Total: 38/42
2025-09-05 21:31:37 -   Confusion Matrix Stats:
2025-09-05 21:31:37 -     TP: 1, TN: 37
2025-09-05 21:31:37 -     FP: 2, FN: 2
2025-09-05 21:31:37 - Subject: sub-043
2025-09-05 21:31:37 -   Accuracy: 0.000%
2025-09-05 21:31:37 -   Precision: 0.000
2025-09-05 21:31:37 -   Recall: 0.000
2025-09-05 21:31:37 -   F1 Score: 0.000
2025-09-05 21:31:37 -   AUC: 0.402
2025-09-05 21:31:37 -   Correct/Total: 39/42
2025-09-05 21:31:37 -   Confusion Matrix Stats:
2025-09-05 21:31:37 -     TP: 0, TN: 39
2025-09-05 21:31:37 -     FP: 0, FN: 3
2025-09-05 21:31:37 - Subject: sub-044
2025-09-05 21:31:37 -   Accuracy: 0.000%
2025-09-05 21:31:37 -   Precision: 0.200
2025-09-05 21:31:37 -   Recall: 0.250
2025-09-05 21:31:37 -   F1 Score: 0.222
2025-09-05 21:31:37 -   AUC: 0.546
2025-09-05 21:31:37 -   Correct/Total: 35/42
2025-09-05 21:31:37 -   Confusion Matrix Stats:
2025-09-05 21:31:37 -     TP: 1, TN: 34
2025-09-05 21:31:37 -     FP: 4, FN: 3
2025-09-05 21:31:37 - Subject: sub-045
2025-09-05 21:31:37 -   Accuracy: 0.000%
2025-09-05 21:31:37 -   Precision: 0.000
2025-09-05 21:31:37 -   Recall: 0.000
2025-09-05 21:31:37 -   F1 Score: 0.000
2025-09-05 21:31:37 -   AUC: 0.564
2025-09-05 21:31:37 -   Correct/Total: 39/42
2025-09-05 21:31:37 -   Confusion Matrix Stats:
2025-09-05 21:31:37 -     TP: 0, TN: 39
2025-09-05 21:31:37 -     FP: 0, FN: 3
2025-09-05 21:31:37 - Subject: sub-046
2025-09-05 21:31:37 -   Accuracy: 0.000%
2025-09-05 21:31:37 -   Precision: 0.000
2025-09-05 21:31:37 -   Recall: 0.000
2025-09-05 21:31:37 -   F1 Score: 0.000
2025-09-05 21:31:37 -   AUC: 0.564
2025-09-05 21:31:37 -   Correct/Total: 37/42
2025-09-05 21:31:37 -   Confusion Matrix Stats:
2025-09-05 21:31:37 -     TP: 0, TN: 37
2025-09-05 21:31:37 -     FP: 2, FN: 3
2025-09-05 21:31:37 - Subject: sub-047
2025-09-05 21:31:37 -   Accuracy: 0.000%
2025-09-05 21:31:37 -   Precision: 0.000
2025-09-05 21:31:37 -   Recall: 0.000
2025-09-05 21:31:37 -   F1 Score: 0.000
2025-09-05 21:31:37 -   AUC: 0.214
2025-09-05 21:31:37 -   Correct/Total: 38/42
2025-09-05 21:31:37 -   Confusion Matrix Stats:
2025-09-05 21:31:37 -     TP: 0, TN: 38
2025-09-05 21:31:37 -     FP: 1, FN: 3
2025-09-05 21:31:37 - Subject: sub-048
2025-09-05 21:31:37 -   Accuracy: 0.000%
2025-09-05 21:31:37 -   Precision: 0.333
2025-09-05 21:31:37 -   Recall: 0.333
2025-09-05 21:31:37 -   F1 Score: 0.333
2025-09-05 21:31:37 -   AUC: 0.735
2025-09-05 21:31:37 -   Correct/Total: 38/42
2025-09-05 21:31:37 -   Confusion Matrix Stats:
2025-09-05 21:31:37 -     TP: 1, TN: 37
2025-09-05 21:31:37 -     FP: 2, FN: 2
2025-09-05 21:31:37 - Subject: sub-049
2025-09-05 21:31:37 -   Accuracy: 0.000%
2025-09-05 21:31:37 -   Precision: 0.000
2025-09-05 21:31:37 -   Recall: 0.000
2025-09-05 21:31:37 -   F1 Score: 0.000
2025-09-05 21:31:37 -   AUC: 0.504
2025-09-05 21:31:37 -   Correct/Total: 39/42
2025-09-05 21:31:37 -   Confusion Matrix Stats:
2025-09-05 21:31:37 -     TP: 0, TN: 39
2025-09-05 21:31:37 -     FP: 0, FN: 3
2025-09-05 21:31:37 - Subject: sub-050
2025-09-05 21:31:37 -   Accuracy: 0.000%
2025-09-05 21:31:37 -   Precision: 0.333
2025-09-05 21:31:37 -   Recall: 0.333
2025-09-05 21:31:37 -   F1 Score: 0.333
2025-09-05 21:31:37 -   AUC: 0.547
2025-09-05 21:31:37 -   Correct/Total: 38/42
2025-09-05 21:31:37 -   Confusion Matrix Stats:
2025-09-05 21:31:37 -     TP: 1, TN: 37
2025-09-05 21:31:37 -     FP: 2, FN: 2
2025-09-05 21:31:37 - Subject: sub-051
2025-09-05 21:31:37 -   Accuracy: 0.000%
2025-09-05 21:31:37 -   Precision: 0.000
2025-09-05 21:31:37 -   Recall: 0.000
2025-09-05 21:31:37 -   F1 Score: 0.000
2025-09-05 21:31:37 -   AUC: 0.667
2025-09-05 21:31:37 -   Correct/Total: 38/42
2025-09-05 21:31:37 -   Confusion Matrix Stats:
2025-09-05 21:31:37 -     TP: 0, TN: 38
2025-09-05 21:31:37 -     FP: 1, FN: 3
2025-09-05 21:31:37 - Subject: sub-052
2025-09-05 21:31:37 -   Accuracy: 0.000%
2025-09-05 21:31:37 -   Precision: 0.000
2025-09-05 21:31:37 -   Recall: 0.000
2025-09-05 21:31:37 -   F1 Score: 0.000
2025-09-05 21:31:37 -   AUC: 0.573
2025-09-05 21:31:37 -   Correct/Total: 39/42
2025-09-05 21:31:37 -   Confusion Matrix Stats:
2025-09-05 21:31:37 -     TP: 0, TN: 39
2025-09-05 21:31:37 -     FP: 0, FN: 3
2025-09-05 21:31:37 - Subject: sub-053
2025-09-05 21:31:37 -   Accuracy: 0.000%
2025-09-05 21:31:37 -   Precision: 0.000
2025-09-05 21:31:37 -   Recall: 0.000
2025-09-05 21:31:37 -   F1 Score: 0.000
2025-09-05 21:31:37 -   AUC: 0.402
2025-09-05 21:31:37 -   Correct/Total: 37/42
2025-09-05 21:31:37 -   Confusion Matrix Stats:
2025-09-05 21:31:37 -     TP: 0, TN: 37
2025-09-05 21:31:37 -     FP: 2, FN: 3
2025-09-05 21:31:37 - Subject: sub-054
2025-09-05 21:31:37 -   Accuracy: 0.000%
2025-09-05 21:31:37 -   Precision: 0.000
2025-09-05 21:31:37 -   Recall: 0.000
2025-09-05 21:31:37 -   F1 Score: 0.000
2025-09-05 21:31:37 -   AUC: 0.541
2025-09-05 21:31:37 -   Correct/Total: 36/40
2025-09-05 21:31:37 -   Confusion Matrix Stats:
2025-09-05 21:31:37 -     TP: 0, TN: 36
2025-09-05 21:31:37 -     FP: 1, FN: 3
2025-09-05 21:31:37 - Subject: sub-056
2025-09-05 21:31:37 -   Accuracy: 0.000%
2025-09-05 21:31:37 -   Precision: 0.091
2025-09-05 21:31:37 -   Recall: 0.333
2025-09-05 21:31:37 -   F1 Score: 0.143
2025-09-05 21:31:37 -   AUC: 0.368
2025-09-05 21:31:37 -   Correct/Total: 30/42
2025-09-05 21:31:37 -   Confusion Matrix Stats:
2025-09-05 21:31:37 -     TP: 1, TN: 29
2025-09-05 21:31:37 -     FP: 10, FN: 2
2025-09-05 21:31:37 - Subject: sub-057
2025-09-05 21:31:37 -   Accuracy: 0.000%
2025-09-05 21:31:37 -   Precision: 0.000
2025-09-05 21:31:37 -   Recall: 0.000
2025-09-05 21:31:37 -   F1 Score: 0.000
2025-09-05 21:31:37 -   AUC: 0.487
2025-09-05 21:31:37 -   Correct/Total: 38/42
2025-09-05 21:31:37 -   Confusion Matrix Stats:
2025-09-05 21:31:37 -     TP: 0, TN: 38
2025-09-05 21:31:37 -     FP: 1, FN: 3
2025-09-05 21:31:37 - Subject: sub-058
2025-09-05 21:31:37 -   Accuracy: 0.000%
2025-09-05 21:31:37 -   Precision: 0.000
2025-09-05 21:31:37 -   Recall: 0.000
2025-09-05 21:31:37 -   F1 Score: 0.000
2025-09-05 21:31:37 -   AUC: 0.342
2025-09-05 21:31:37 -   Correct/Total: 36/42
2025-09-05 21:31:37 -   Confusion Matrix Stats:
2025-09-05 21:31:37 -     TP: 0, TN: 36
2025-09-05 21:31:37 -     FP: 3, FN: 3
2025-09-05 21:31:37 - Subject: sub-059
2025-09-05 21:31:37 -   Accuracy: 0.000%
2025-09-05 21:31:37 -   Precision: 0.000
2025-09-05 21:31:37 -   Recall: 0.000
2025-09-05 21:31:37 -   F1 Score: 0.000
2025-09-05 21:31:37 -   AUC: 0.419
2025-09-05 21:31:37 -   Correct/Total: 37/42
2025-09-05 21:31:37 -   Confusion Matrix Stats:
2025-09-05 21:31:37 -     TP: 0, TN: 37
2025-09-05 21:31:37 -     FP: 2, FN: 3
2025-09-05 21:31:37 - Subject: sub-060
2025-09-05 21:31:37 -   Accuracy: 0.000%
2025-09-05 21:31:37 -   Precision: 0.000
2025-09-05 21:31:37 -   Recall: 0.000
2025-09-05 21:31:37 -   F1 Score: 0.000
2025-09-05 21:31:37 -   AUC: 0.479
2025-09-05 21:31:37 -   Correct/Total: 37/42
2025-09-05 21:31:37 -   Confusion Matrix Stats:
2025-09-05 21:31:37 -     TP: 0, TN: 37
2025-09-05 21:31:37 -     FP: 2, FN: 3
2025-09-05 21:31:37 - Subject: sub-061
2025-09-05 21:31:37 -   Accuracy: 0.000%
2025-09-05 21:31:37 -   Precision: 0.000
2025-09-05 21:31:37 -   Recall: 0.000
2025-09-05 21:31:37 -   F1 Score: 0.000
2025-09-05 21:31:37 -   AUC: 0.410
2025-09-05 21:31:37 -   Correct/Total: 39/42
2025-09-05 21:31:37 -   Confusion Matrix Stats:
2025-09-05 21:31:37 -     TP: 0, TN: 39
2025-09-05 21:31:37 -     FP: 0, FN: 3
2025-09-05 21:31:37 - Subject: sub-062
2025-09-05 21:31:37 -   Accuracy: 0.000%
2025-09-05 21:31:37 -   Precision: 0.000
2025-09-05 21:31:37 -   Recall: 0.000
2025-09-05 21:31:37 -   F1 Score: 0.000
2025-09-05 21:31:37 -   AUC: 0.812
2025-09-05 21:31:37 -   Correct/Total: 38/42
2025-09-05 21:31:37 -   Confusion Matrix Stats:
2025-09-05 21:31:37 -     TP: 0, TN: 38
2025-09-05 21:31:37 -     FP: 1, FN: 3
2025-09-05 21:31:37 - Subject: sub-063
2025-09-05 21:31:37 -   Accuracy: 0.000%
2025-09-05 21:31:37 -   Precision: 0.000
2025-09-05 21:31:37 -   Recall: 0.000
2025-09-05 21:31:37 -   F1 Score: 0.000
2025-09-05 21:31:37 -   AUC: 0.462
2025-09-05 21:31:37 -   Correct/Total: 36/42
2025-09-05 21:31:37 -   Confusion Matrix Stats:
2025-09-05 21:31:37 -     TP: 0, TN: 36
2025-09-05 21:31:37 -     FP: 3, FN: 3
2025-09-05 21:31:37 - Subject: sub-064
2025-09-05 21:31:37 -   Accuracy: 0.000%
2025-09-05 21:31:37 -   Precision: 0.000
2025-09-05 21:31:37 -   Recall: 0.000
2025-09-05 21:31:37 -   F1 Score: 0.000
2025-09-05 21:31:37 -   AUC: 0.573
2025-09-05 21:31:37 -   Correct/Total: 34/42
2025-09-05 21:31:37 -   Confusion Matrix Stats:
2025-09-05 21:31:37 -     TP: 0, TN: 34
2025-09-05 21:31:37 -     FP: 5, FN: 3
2025-09-05 21:31:37 - Subject: sub-065
2025-09-05 21:31:37 -   Accuracy: 0.000%
2025-09-05 21:31:37 -   Precision: 0.333
2025-09-05 21:31:37 -   Recall: 0.667
2025-09-05 21:31:37 -   F1 Score: 0.444
2025-09-05 21:31:37 -   AUC: 0.838
2025-09-05 21:31:37 -   Correct/Total: 37/42
2025-09-05 21:31:37 -   Confusion Matrix Stats:
2025-09-05 21:31:37 -     TP: 2, TN: 35
2025-09-05 21:31:37 -     FP: 4, FN: 1
2025-09-05 21:31:37 - Subject: sub-066
2025-09-05 21:31:37 -   Accuracy: 0.000%
2025-09-05 21:31:37 -   Precision: 0.000
2025-09-05 21:31:37 -   Recall: 0.000
2025-09-05 21:31:37 -   F1 Score: 0.000
2025-09-05 21:31:37 -   AUC: 0.675
2025-09-05 21:31:37 -   Correct/Total: 36/42
2025-09-05 21:31:37 -   Confusion Matrix Stats:
2025-09-05 21:31:37 -     TP: 0, TN: 36
2025-09-05 21:31:37 -     FP: 3, FN: 3
2025-09-05 21:31:37 - Subject: sub-067
2025-09-05 21:31:37 -   Accuracy: 0.000%
2025-09-05 21:31:37 -   Precision: 0.000
2025-09-05 21:31:37 -   Recall: 0.000
2025-09-05 21:31:37 -   F1 Score: 0.000
2025-09-05 21:31:37 -   AUC: 0.453
2025-09-05 21:31:37 -   Correct/Total: 33/42
2025-09-05 21:31:37 -   Confusion Matrix Stats:
2025-09-05 21:31:37 -     TP: 0, TN: 33
2025-09-05 21:31:37 -     FP: 6, FN: 3
2025-09-05 21:31:37 - Subject: sub-068
2025-09-05 21:31:37 -   Accuracy: 0.000%
2025-09-05 21:31:37 -   Precision: 0.000
2025-09-05 21:31:37 -   Recall: 0.000
2025-09-05 21:31:37 -   F1 Score: 0.000
2025-09-05 21:31:37 -   AUC: 0.158
2025-09-05 21:31:37 -   Correct/Total: 37/42
2025-09-05 21:31:37 -   Confusion Matrix Stats:
2025-09-05 21:31:37 -     TP: 0, TN: 37
2025-09-05 21:31:37 -     FP: 1, FN: 4
2025-09-05 21:31:37 - Subject: sub-069
2025-09-05 21:31:37 -   Accuracy: 0.000%
2025-09-05 21:31:37 -   Precision: 0.333
2025-09-05 21:31:37 -   Recall: 0.333
2025-09-05 21:31:37 -   F1 Score: 0.333
2025-09-05 21:31:37 -   AUC: 0.641
2025-09-05 21:31:37 -   Correct/Total: 38/42
2025-09-05 21:31:37 -   Confusion Matrix Stats:
2025-09-05 21:31:37 -     TP: 1, TN: 37
2025-09-05 21:31:37 -     FP: 2, FN: 2
2025-09-05 21:31:37 - Subject: sub-070
2025-09-05 21:31:37 -   Accuracy: 0.000%
2025-09-05 21:31:37 -   Precision: 0.000
2025-09-05 21:31:37 -   Recall: 0.000
2025-09-05 21:31:37 -   F1 Score: 0.000
2025-09-05 21:31:37 -   AUC: 0.632
2025-09-05 21:31:37 -   Correct/Total: 36/42
2025-09-05 21:31:37 -   Confusion Matrix Stats:
2025-09-05 21:31:37 -     TP: 0, TN: 36
2025-09-05 21:31:37 -     FP: 3, FN: 3
2025-09-05 21:31:37 - Subject: sub-071
2025-09-05 21:31:37 -   Accuracy: 0.000%
2025-09-05 21:31:37 -   Precision: 0.000
2025-09-05 21:31:37 -   Recall: 0.000
2025-09-05 21:31:37 -   F1 Score: 0.000
2025-09-05 21:31:37 -   AUC: 0.547
2025-09-05 21:31:37 -   Correct/Total: 39/42
2025-09-05 21:31:37 -   Confusion Matrix Stats:
2025-09-05 21:31:37 -     TP: 0, TN: 39
2025-09-05 21:31:37 -     FP: 0, FN: 3
2025-09-05 21:31:37 - Subject: sub-073
2025-09-05 21:31:37 -   Accuracy: 0.000%
2025-09-05 21:31:37 -   Precision: 0.000
2025-09-05 21:31:37 -   Recall: 0.000
2025-09-05 21:31:37 -   F1 Score: 0.000
2025-09-05 21:31:37 -   AUC: 0.547
2025-09-05 21:31:37 -   Correct/Total: 38/42
2025-09-05 21:31:37 -   Confusion Matrix Stats:
2025-09-05 21:31:37 -     TP: 0, TN: 38
2025-09-05 21:31:37 -     FP: 1, FN: 3
2025-09-05 21:31:37 - Subject: sub-074
2025-09-05 21:31:37 -   Accuracy: 0.000%
2025-09-05 21:31:37 -   Precision: 0.333
2025-09-05 21:31:37 -   Recall: 0.333
2025-09-05 21:31:37 -   F1 Score: 0.333
2025-09-05 21:31:37 -   AUC: 0.615
2025-09-05 21:31:37 -   Correct/Total: 38/42
2025-09-05 21:31:37 -   Confusion Matrix Stats:
2025-09-05 21:31:37 -     TP: 1, TN: 37
2025-09-05 21:31:37 -     FP: 2, FN: 2
2025-09-05 21:31:37 - Subject: sub-075
2025-09-05 21:31:37 -   Accuracy: 0.000%
2025-09-05 21:31:37 -   Precision: 0.000
2025-09-05 21:31:37 -   Recall: 0.000
2025-09-05 21:31:37 -   F1 Score: 0.000
2025-09-05 21:31:37 -   AUC: 0.607
2025-09-05 21:31:37 -   Correct/Total: 36/42
2025-09-05 21:31:37 -   Confusion Matrix Stats:
2025-09-05 21:31:37 -     TP: 0, TN: 36
2025-09-05 21:31:37 -     FP: 3, FN: 3
2025-09-05 21:31:37 - Subject: sub-076
2025-09-05 21:31:37 -   Accuracy: 0.000%
2025-09-05 21:31:37 -   Precision: 0.000
2025-09-05 21:31:37 -   Recall: 0.000
2025-09-05 21:31:37 -   F1 Score: 0.000
2025-09-05 21:31:37 -   AUC: 0.641
2025-09-05 21:31:37 -   Correct/Total: 38/42
2025-09-05 21:31:37 -   Confusion Matrix Stats:
2025-09-05 21:31:37 -     TP: 0, TN: 38
2025-09-05 21:31:37 -     FP: 1, FN: 3
2025-09-05 21:31:37 - Subject: sub-077
2025-09-05 21:31:37 -   Accuracy: 0.000%
2025-09-05 21:31:37 -   Precision: 0.200
2025-09-05 21:31:37 -   Recall: 0.667
2025-09-05 21:31:37 -   F1 Score: 0.308
2025-09-05 21:31:37 -   AUC: 0.709
2025-09-05 21:31:37 -   Correct/Total: 33/42
2025-09-05 21:31:37 -   Confusion Matrix Stats:
2025-09-05 21:31:37 -     TP: 2, TN: 31
2025-09-05 21:31:37 -     FP: 8, FN: 1
2025-09-05 21:31:37 - Subject: sub-078
2025-09-05 21:31:37 -   Accuracy: 0.000%
2025-09-05 21:31:37 -   Precision: 0.500
2025-09-05 21:31:37 -   Recall: 0.333
2025-09-05 21:31:37 -   F1 Score: 0.400
2025-09-05 21:31:37 -   AUC: 0.915
2025-09-05 21:31:37 -   Correct/Total: 39/42
2025-09-05 21:31:37 -   Confusion Matrix Stats:
2025-09-05 21:31:37 -     TP: 1, TN: 38
2025-09-05 21:31:37 -     FP: 1, FN: 2
2025-09-05 21:31:37 - Subject: sub-079
2025-09-05 21:31:37 -   Accuracy: 0.000%
2025-09-05 21:31:37 -   Precision: 0.000
2025-09-05 21:31:37 -   Recall: 0.000
2025-09-05 21:31:37 -   F1 Score: 0.000
2025-09-05 21:31:37 -   AUC: 0.479
2025-09-05 21:31:37 -   Correct/Total: 36/42
2025-09-05 21:31:37 -   Confusion Matrix Stats:
2025-09-05 21:31:37 -     TP: 0, TN: 36
2025-09-05 21:31:37 -     FP: 3, FN: 3
2025-09-05 21:31:37 - Subject: sub-080
2025-09-05 21:31:37 -   Accuracy: 0.000%
2025-09-05 21:31:37 -   Precision: 0.000
2025-09-05 21:31:37 -   Recall: 0.000
2025-09-05 21:31:37 -   F1 Score: 0.000
2025-09-05 21:31:37 -   AUC: 0.692
2025-09-05 21:31:37 -   Correct/Total: 38/42
2025-09-05 21:31:37 -   Confusion Matrix Stats:
2025-09-05 21:31:37 -     TP: 0, TN: 38
2025-09-05 21:31:37 -     FP: 1, FN: 3
2025-09-05 21:31:37 - Subject: sub-081
2025-09-05 21:31:37 -   Accuracy: 0.000%
2025-09-05 21:31:37 -   Precision: 0.000
2025-09-05 21:31:37 -   Recall: 0.000
2025-09-05 21:31:37 -   F1 Score: 0.000
2025-09-05 21:31:37 -   AUC: 0.291
2025-09-05 21:31:37 -   Correct/Total: 37/42
2025-09-05 21:31:37 -   Confusion Matrix Stats:
2025-09-05 21:31:37 -     TP: 0, TN: 37
2025-09-05 21:31:37 -     FP: 2, FN: 3
2025-09-05 21:31:37 - Subject: sub-082
2025-09-05 21:31:37 -   Accuracy: 0.000%
2025-09-05 21:31:37 -   Precision: 0.000
2025-09-05 21:31:37 -   Recall: 0.000
2025-09-05 21:31:37 -   F1 Score: 0.000
2025-09-05 21:31:37 -   AUC: 0.359
2025-09-05 21:31:37 -   Correct/Total: 38/42
2025-09-05 21:31:37 -   Confusion Matrix Stats:
2025-09-05 21:31:37 -     TP: 0, TN: 38
2025-09-05 21:31:37 -     FP: 1, FN: 3
2025-09-05 21:31:37 - Subject: sub-083
2025-09-05 21:31:37 -   Accuracy: 0.000%
2025-09-05 21:31:37 -   Precision: 0.000
2025-09-05 21:31:37 -   Recall: 0.000
2025-09-05 21:31:37 -   F1 Score: 0.000
2025-09-05 21:31:37 -   AUC: 0.427
2025-09-05 21:31:37 -   Correct/Total: 35/42
2025-09-05 21:31:37 -   Confusion Matrix Stats:
2025-09-05 21:31:37 -     TP: 0, TN: 35
2025-09-05 21:31:37 -     FP: 4, FN: 3
2025-09-05 21:31:37 - Subject: sub-111
2025-09-05 21:31:37 -   Accuracy: 0.000%
2025-09-05 21:31:37 -   Precision: 0.000
2025-09-05 21:31:37 -   Recall: 0.000
2025-09-05 21:31:37 -   F1 Score: 0.000
2025-09-05 21:31:37 -   AUC: 0.342
2025-09-05 21:31:37 -   Correct/Total: 34/42
2025-09-05 21:31:37 -   Confusion Matrix Stats:
2025-09-05 21:31:37 -     TP: 0, TN: 34
2025-09-05 21:31:37 -     FP: 5, FN: 3
2025-09-05 21:31:37 - Subject: sub-112
2025-09-05 21:31:37 -   Accuracy: 0.000%
2025-09-05 21:31:37 -   Precision: 0.000
2025-09-05 21:31:37 -   Recall: 0.000
2025-09-05 21:31:37 -   F1 Score: 0.000
2025-09-05 21:31:37 -   AUC: 0.444
2025-09-05 21:31:37 -   Correct/Total: 39/42
2025-09-05 21:31:37 -   Confusion Matrix Stats:
2025-09-05 21:31:37 -     TP: 0, TN: 39
2025-09-05 21:31:37 -     FP: 0, FN: 3
2025-09-05 21:31:37 - Subject: sub-113
2025-09-05 21:31:37 -   Accuracy: 0.000%
2025-09-05 21:31:37 -   Precision: 0.000
2025-09-05 21:31:37 -   Recall: 0.000
2025-09-05 21:31:37 -   F1 Score: 0.000
2025-09-05 21:31:37 -   AUC: 0.505
2025-09-05 21:31:37 -   Correct/Total: 36/40
2025-09-05 21:31:37 -   Confusion Matrix Stats:
2025-09-05 21:31:37 -     TP: 0, TN: 36
2025-09-05 21:31:37 -     FP: 1, FN: 3
2025-09-05 21:31:37 - Subject: sub-114
2025-09-05 21:31:37 -   Accuracy: 0.000%
2025-09-05 21:31:37 -   Precision: 0.167
2025-09-05 21:31:37 -   Recall: 0.333
2025-09-05 21:31:37 -   F1 Score: 0.222
2025-09-05 21:31:37 -   AUC: 0.486
2025-09-05 21:31:37 -   Correct/Total: 33/40
2025-09-05 21:31:37 -   Confusion Matrix Stats:
2025-09-05 21:31:37 -     TP: 1, TN: 32
2025-09-05 21:31:37 -     FP: 5, FN: 2
2025-09-05 21:31:37 - Subject: sub-115
2025-09-05 21:31:37 -   Accuracy: 0.000%
2025-09-05 21:31:37 -   Precision: 0.000
2025-09-05 21:31:37 -   Recall: 0.000
2025-09-05 21:31:37 -   F1 Score: 0.000
2025-09-05 21:31:37 -   AUC: 0.099
2025-09-05 21:31:37 -   Correct/Total: 35/40
2025-09-05 21:31:37 -   Confusion Matrix Stats:
2025-09-05 21:31:37 -     TP: 0, TN: 35
2025-09-05 21:31:37 -     FP: 2, FN: 3
2025-09-05 21:31:37 - Subject: sub-116
2025-09-05 21:31:37 -   Accuracy: 0.000%
2025-09-05 21:31:37 -   Precision: 0.000
2025-09-05 21:31:37 -   Recall: 0.000
2025-09-05 21:31:37 -   F1 Score: 0.000
2025-09-05 21:31:37 -   AUC: 0.387
2025-09-05 21:31:37 -   Correct/Total: 32/40
2025-09-05 21:31:37 -   Confusion Matrix Stats:
2025-09-05 21:31:37 -     TP: 0, TN: 32
2025-09-05 21:31:37 -     FP: 5, FN: 3
2025-09-05 21:31:37 - Subject: sub-117
2025-09-05 21:31:37 -   Accuracy: 0.000%
2025-09-05 21:31:37 -   Precision: 0.167
2025-09-05 21:31:37 -   Recall: 0.333
2025-09-05 21:31:37 -   F1 Score: 0.222
2025-09-05 21:31:37 -   AUC: 0.622
2025-09-05 21:31:37 -   Correct/Total: 33/40
2025-09-05 21:31:37 -   Confusion Matrix Stats:
2025-09-05 21:31:37 -     TP: 1, TN: 32
2025-09-05 21:31:37 -     FP: 5, FN: 2
2025-09-05 21:31:37 - Subject: sub-118
2025-09-05 21:31:37 -   Accuracy: 0.000%
2025-09-05 21:31:37 -   Precision: 0.000
2025-09-05 21:31:37 -   Recall: 0.000
2025-09-05 21:31:37 -   F1 Score: 0.000
2025-09-05 21:31:37 -   AUC: 0.523
2025-09-05 21:31:37 -   Correct/Total: 24/40
2025-09-05 21:31:37 -   Confusion Matrix Stats:
2025-09-05 21:31:37 -     TP: 0, TN: 24
2025-09-05 21:31:37 -     FP: 13, FN: 3
2025-09-05 21:31:37 - Subject: sub-119
2025-09-05 21:31:37 -   Accuracy: 0.000%
2025-09-05 21:31:37 -   Precision: 0.000
2025-09-05 21:31:37 -   Recall: 0.000
2025-09-05 21:31:37 -   F1 Score: 0.000
2025-09-05 21:31:37 -   AUC: 0.514
2025-09-05 21:31:37 -   Correct/Total: 34/40
2025-09-05 21:31:37 -   Confusion Matrix Stats:
2025-09-05 21:31:37 -     TP: 0, TN: 34
2025-09-05 21:31:37 -     FP: 3, FN: 3
2025-09-05 21:31:37 - Subject: sub-120
2025-09-05 21:31:37 -   Accuracy: 0.000%
2025-09-05 21:31:37 -   Precision: 0.429
2025-09-05 21:31:37 -   Recall: 1.000
2025-09-05 21:31:37 -   F1 Score: 0.600
2025-09-05 21:31:37 -   AUC: 0.946
2025-09-05 21:31:37 -   Correct/Total: 36/40
2025-09-05 21:31:37 -   Confusion Matrix Stats:
2025-09-05 21:31:37 -     TP: 3, TN: 33
2025-09-05 21:31:37 -     FP: 4, FN: 0
2025-09-05 21:31:37 - Subject: sub-121
2025-09-05 21:31:37 -   Accuracy: 0.000%
2025-09-05 21:31:37 -   Precision: 0.000
2025-09-05 21:31:37 -   Recall: 0.000
2025-09-05 21:31:37 -   F1 Score: 0.000
2025-09-05 21:31:37 -   AUC: 0.640
2025-09-05 21:31:37 -   Correct/Total: 33/40
2025-09-05 21:31:37 -   Confusion Matrix Stats:
2025-09-05 21:31:37 -     TP: 0, TN: 33
2025-09-05 21:31:37 -     FP: 4, FN: 3
2025-09-05 21:31:37 - Subject: sub-122
2025-09-05 21:31:37 -   Accuracy: 0.000%
2025-09-05 21:31:37 -   Precision: 0.143
2025-09-05 21:31:37 -   Recall: 0.333
2025-09-05 21:31:37 -   F1 Score: 0.200
2025-09-05 21:31:37 -   AUC: 0.865
2025-09-05 21:31:37 -   Correct/Total: 32/40
2025-09-05 21:31:37 -   Confusion Matrix Stats:
2025-09-05 21:31:37 -     TP: 1, TN: 31
2025-09-05 21:31:37 -     FP: 6, FN: 2
2025-09-05 21:31:37 - Subject: sub-123
2025-09-05 21:31:37 -   Accuracy: 0.000%
2025-09-05 21:31:37 -   Precision: 0.000
2025-09-05 21:31:37 -   Recall: 0.000
2025-09-05 21:31:37 -   F1 Score: 0.000
2025-09-05 21:31:37 -   AUC: 0.541
2025-09-05 21:31:37 -   Correct/Total: 33/40
2025-09-05 21:31:37 -   Confusion Matrix Stats:
2025-09-05 21:31:37 -     TP: 0, TN: 33
2025-09-05 21:31:37 -     FP: 4, FN: 3
2025-09-05 21:31:37 - Subject: sub-124
2025-09-05 21:31:37 -   Accuracy: 0.000%
2025-09-05 21:31:37 -   Precision: 0.000
2025-09-05 21:31:37 -   Recall: 0.000
2025-09-05 21:31:37 -   F1 Score: 0.000
2025-09-05 21:31:37 -   AUC: 0.496
2025-09-05 21:31:37 -   Correct/Total: 36/42
2025-09-05 21:31:37 -   Confusion Matrix Stats:
2025-09-05 21:31:37 -     TP: 0, TN: 36
2025-09-05 21:31:37 -     FP: 3, FN: 3
2025-09-05 21:31:37 - Subject: sub-125
2025-09-05 21:31:37 -   Accuracy: 0.000%
2025-09-05 21:31:37 -   Precision: 0.000
2025-09-05 21:31:37 -   Recall: 0.000
2025-09-05 21:31:37 -   F1 Score: 0.000
2025-09-05 21:31:37 -   AUC: 0.556
2025-09-05 21:31:37 -   Correct/Total: 36/42
2025-09-05 21:31:37 -   Confusion Matrix Stats:
2025-09-05 21:31:37 -     TP: 0, TN: 36
2025-09-05 21:31:37 -     FP: 3, FN: 3
2025-09-05 21:31:37 - 
AVO Individual Models Statistics:
2025-09-05 21:31:37 - Mean Accuracy: 0.863
2025-09-05 21:31:37 - 95% Confidence Interval: [0.851, 0.875]
2025-09-05 21:31:37 - Best Subject: sub-008 (0.929)
2025-09-05 21:31:37 - Worst Subject: sub-118 (0.600)
2025-09-05 21:31:37 - Mean Precision: 0.090
2025-09-05 21:31:37 - Mean Recall: 0.096
2025-09-05 21:31:37 - Mean F1-Score: 0.093
2025-09-05 21:31:37 - Mean AUC: 0.524
2025-09-05 21:31:37 - Mean Confusion Matrix:
2025-09-05 21:31:37 -   TP: 0, TN: 36
2025-09-05 21:31:37 -   FP: 3, FN: 3
