2025-09-02 17:30:36 - 
Experiment Configuration:
2025-09-02 17:30:36 - --------------------------------------------------
2025-09-02 17:30:36 - dataset: P3 Raw Data BIDS-Compatible
2025-09-02 17:30:36 - use_combined_datasets: False
2025-09-02 17:30:36 - electrode_list: all
2025-09-02 17:30:36 - classifier: lda
2025-09-02 17:30:36 - separate_subject_classification: False
2025-09-02 17:30:36 - use_subject_layer: False
2025-09-02 17:30:36 - seeds: [1]
2025-09-02 17:30:36 - --------------------------------------------------
2025-09-02 17:30:36 - 
==================================================
2025-09-02 17:30:36 - Processing P3 Dataset
2025-09-02 17:30:36 - ==================================================
2025-09-02 17:31:29 - 
P3 Pooled Model Statistics:
2025-09-02 17:31:29 - Mean Accuracy: 0.648
2025-09-02 17:31:29 - 95% Confidence Interval: [0.627, 0.669]
2025-09-02 17:31:29 - Best Subject: sub-037 (0.812)
2025-09-02 17:31:29 - Worst Subject: sub-001 (0.500)
2025-09-02 17:31:29 - Mean Precision: 0.291
2025-09-02 17:31:29 - Mean Recall: 0.570
2025-09-02 17:31:29 - Mean F1-Score: 0.376
2025-09-02 17:31:29 - Mean AUC: 0.680
