2025-09-08 18:29:11 - 
Experiment Configuration:
2025-09-08 18:29:11 - --------------------------------------------------
2025-09-08 18:29:11 - dataset: P3 Raw Data BIDS-Compatible
2025-09-08 18:29:11 - use_combined_datasets: False
2025-09-08 18:29:11 - electrode_list: all
2025-09-08 18:29:11 - classifier: ShallowFBCSPNet
2025-09-08 18:29:11 - separate_subject_classification: True
2025-09-08 18:29:11 - use_subject_layer: False
2025-09-08 18:29:11 - seeds: [1]
2025-09-08 18:29:11 - --------------------------------------------------
2025-09-08 18:29:11 - 
==================================================
2025-09-08 18:29:11 - Processing P3 Dataset
2025-09-08 18:29:11 - ==================================================
2025-09-08 18:30:41 - 
==================================================
2025-09-08 18:30:41 - Individual Subject Results - P3
2025-09-08 18:30:41 - ==================================================
2025-09-08 18:30:41 - Subject: sub-001
2025-09-08 18:30:41 -   Accuracy: 0.000%
2025-09-08 18:30:41 -   Precision: 0.200
2025-09-08 18:30:41 -   Recall: 0.125
2025-09-08 18:30:41 -   F1 Score: 0.154
2025-09-08 18:30:41 -   AUC: 0.328
2025-09-08 18:30:41 -   Correct/Total: 5/16
2025-09-08 18:30:41 -   Confusion Matrix Stats:
2025-09-08 18:30:41 -     TP: 1, TN: 4
2025-09-08 18:30:41 -     FP: 4, FN: 7
2025-09-08 18:30:41 - Subject: sub-002
2025-09-08 18:30:41 -   Accuracy: 0.000%
2025-09-08 18:30:41 -   Precision: 0.857
2025-09-08 18:30:41 -   Recall: 0.750
2025-09-08 18:30:41 -   F1 Score: 0.800
2025-09-08 18:30:41 -   AUC: 0.906
2025-09-08 18:30:41 -   Correct/Total: 13/16
2025-09-08 18:30:41 -   Confusion Matrix Stats:
2025-09-08 18:30:41 -     TP: 6, TN: 7
2025-09-08 18:30:41 -     FP: 1, FN: 2
2025-09-08 18:30:41 - Subject: sub-003
2025-09-08 18:30:41 -   Accuracy: 0.000%
2025-09-08 18:30:41 -   Precision: 0.250
2025-09-08 18:30:41 -   Recall: 0.125
2025-09-08 18:30:41 -   F1 Score: 0.167
2025-09-08 18:30:41 -   AUC: 0.375
2025-09-08 18:30:41 -   Correct/Total: 6/16
2025-09-08 18:30:41 -   Confusion Matrix Stats:
2025-09-08 18:30:41 -     TP: 1, TN: 5
2025-09-08 18:30:41 -     FP: 3, FN: 7
2025-09-08 18:30:41 - Subject: sub-004
2025-09-08 18:30:41 -   Accuracy: 0.000%
2025-09-08 18:30:41 -   Precision: 1.000
2025-09-08 18:30:41 -   Recall: 0.875
2025-09-08 18:30:41 -   F1 Score: 0.933
2025-09-08 18:30:41 -   AUC: 1.000
2025-09-08 18:30:41 -   Correct/Total: 15/16
2025-09-08 18:30:41 -   Confusion Matrix Stats:
2025-09-08 18:30:41 -     TP: 7, TN: 8
2025-09-08 18:30:41 -     FP: 0, FN: 1
2025-09-08 18:30:41 - Subject: sub-005
2025-09-08 18:30:41 -   Accuracy: 0.000%
2025-09-08 18:30:41 -   Precision: 0.636
2025-09-08 18:30:41 -   Recall: 0.875
2025-09-08 18:30:41 -   F1 Score: 0.737
2025-09-08 18:30:41 -   AUC: 0.719
2025-09-08 18:30:41 -   Correct/Total: 11/16
2025-09-08 18:30:41 -   Confusion Matrix Stats:
2025-09-08 18:30:41 -     TP: 7, TN: 4
2025-09-08 18:30:41 -     FP: 4, FN: 1
2025-09-08 18:30:41 - Subject: sub-006
2025-09-08 18:30:41 -   Accuracy: 0.000%
2025-09-08 18:30:41 -   Precision: 0.750
2025-09-08 18:30:41 -   Recall: 0.375
2025-09-08 18:30:41 -   F1 Score: 0.500
2025-09-08 18:30:41 -   AUC: 0.594
2025-09-08 18:30:41 -   Correct/Total: 10/16
2025-09-08 18:30:41 -   Confusion Matrix Stats:
2025-09-08 18:30:41 -     TP: 3, TN: 7
2025-09-08 18:30:41 -     FP: 1, FN: 5
2025-09-08 18:30:41 - Subject: sub-007
2025-09-08 18:30:41 -   Accuracy: 0.000%
2025-09-08 18:30:41 -   Precision: 0.800
2025-09-08 18:30:41 -   Recall: 0.500
2025-09-08 18:30:41 -   F1 Score: 0.615
2025-09-08 18:30:41 -   AUC: 0.797
2025-09-08 18:30:41 -   Correct/Total: 11/16
2025-09-08 18:30:41 -   Confusion Matrix Stats:
2025-09-08 18:30:41 -     TP: 4, TN: 7
2025-09-08 18:30:41 -     FP: 1, FN: 4
2025-09-08 18:30:41 - Subject: sub-008
2025-09-08 18:30:41 -   Accuracy: 0.000%
2025-09-08 18:30:41 -   Precision: 0.429
2025-09-08 18:30:41 -   Recall: 0.375
2025-09-08 18:30:41 -   F1 Score: 0.400
2025-09-08 18:30:41 -   AUC: 0.547
2025-09-08 18:30:41 -   Correct/Total: 7/16
2025-09-08 18:30:41 -   Confusion Matrix Stats:
2025-09-08 18:30:41 -     TP: 3, TN: 4
2025-09-08 18:30:41 -     FP: 4, FN: 5
2025-09-08 18:30:41 - Subject: sub-009
2025-09-08 18:30:41 -   Accuracy: 0.000%
2025-09-08 18:30:41 -   Precision: 0.571
2025-09-08 18:30:41 -   Recall: 0.500
2025-09-08 18:30:41 -   F1 Score: 0.533
2025-09-08 18:30:41 -   AUC: 0.594
2025-09-08 18:30:41 -   Correct/Total: 9/16
2025-09-08 18:30:41 -   Confusion Matrix Stats:
2025-09-08 18:30:41 -     TP: 4, TN: 5
2025-09-08 18:30:41 -     FP: 3, FN: 4
2025-09-08 18:30:41 - Subject: sub-010
2025-09-08 18:30:41 -   Accuracy: 0.000%
2025-09-08 18:30:41 -   Precision: 0.667
2025-09-08 18:30:41 -   Recall: 0.250
2025-09-08 18:30:41 -   F1 Score: 0.364
2025-09-08 18:30:41 -   AUC: 0.500
2025-09-08 18:30:41 -   Correct/Total: 9/16
2025-09-08 18:30:41 -   Confusion Matrix Stats:
2025-09-08 18:30:41 -     TP: 2, TN: 7
2025-09-08 18:30:41 -     FP: 1, FN: 6
2025-09-08 18:30:41 - Subject: sub-011
2025-09-08 18:30:41 -   Accuracy: 0.000%
2025-09-08 18:30:41 -   Precision: 0.750
2025-09-08 18:30:41 -   Recall: 0.750
2025-09-08 18:30:41 -   F1 Score: 0.750
2025-09-08 18:30:41 -   AUC: 0.844
2025-09-08 18:30:41 -   Correct/Total: 12/16
2025-09-08 18:30:41 -   Confusion Matrix Stats:
2025-09-08 18:30:41 -     TP: 6, TN: 6
2025-09-08 18:30:41 -     FP: 2, FN: 2
2025-09-08 18:30:41 - Subject: sub-012
2025-09-08 18:30:41 -   Accuracy: 0.000%
2025-09-08 18:30:41 -   Precision: 1.000
2025-09-08 18:30:41 -   Recall: 0.250
2025-09-08 18:30:41 -   F1 Score: 0.400
2025-09-08 18:30:41 -   AUC: 0.594
2025-09-08 18:30:41 -   Correct/Total: 10/16
2025-09-08 18:30:41 -   Confusion Matrix Stats:
2025-09-08 18:30:41 -     TP: 2, TN: 8
2025-09-08 18:30:41 -     FP: 0, FN: 6
2025-09-08 18:30:41 - Subject: sub-013
2025-09-08 18:30:41 -   Accuracy: 0.000%
2025-09-08 18:30:41 -   Precision: 0.417
2025-09-08 18:30:41 -   Recall: 0.625
2025-09-08 18:30:41 -   F1 Score: 0.500
2025-09-08 18:30:41 -   AUC: 0.438
2025-09-08 18:30:41 -   Correct/Total: 6/16
2025-09-08 18:30:41 -   Confusion Matrix Stats:
2025-09-08 18:30:41 -     TP: 5, TN: 1
2025-09-08 18:30:41 -     FP: 7, FN: 3
2025-09-08 18:30:41 - Subject: sub-014
2025-09-08 18:30:41 -   Accuracy: 0.000%
2025-09-08 18:30:41 -   Precision: 0.500
2025-09-08 18:30:41 -   Recall: 0.500
2025-09-08 18:30:41 -   F1 Score: 0.500
2025-09-08 18:30:41 -   AUC: 0.547
2025-09-08 18:30:41 -   Correct/Total: 8/16
2025-09-08 18:30:41 -   Confusion Matrix Stats:
2025-09-08 18:30:41 -     TP: 4, TN: 4
2025-09-08 18:30:41 -     FP: 4, FN: 4
2025-09-08 18:30:41 - Subject: sub-015
2025-09-08 18:30:41 -   Accuracy: 0.000%
2025-09-08 18:30:41 -   Precision: 0.545
2025-09-08 18:30:41 -   Recall: 0.750
2025-09-08 18:30:41 -   F1 Score: 0.632
2025-09-08 18:30:41 -   AUC: 0.703
2025-09-08 18:30:41 -   Correct/Total: 9/16
2025-09-08 18:30:41 -   Confusion Matrix Stats:
2025-09-08 18:30:41 -     TP: 6, TN: 3
2025-09-08 18:30:41 -     FP: 5, FN: 2
2025-09-08 18:30:41 - Subject: sub-016
2025-09-08 18:30:41 -   Accuracy: 0.000%
2025-09-08 18:30:41 -   Precision: 0.500
2025-09-08 18:30:41 -   Recall: 0.500
2025-09-08 18:30:41 -   F1 Score: 0.500
2025-09-08 18:30:41 -   AUC: 0.547
2025-09-08 18:30:41 -   Correct/Total: 8/16
2025-09-08 18:30:41 -   Confusion Matrix Stats:
2025-09-08 18:30:41 -     TP: 4, TN: 4
2025-09-08 18:30:41 -     FP: 4, FN: 4
2025-09-08 18:30:41 - Subject: sub-017
2025-09-08 18:30:41 -   Accuracy: 0.000%
2025-09-08 18:30:41 -   Precision: 1.000
2025-09-08 18:30:41 -   Recall: 0.250
2025-09-08 18:30:41 -   F1 Score: 0.400
2025-09-08 18:30:41 -   AUC: 0.719
2025-09-08 18:30:41 -   Correct/Total: 10/16
2025-09-08 18:30:41 -   Confusion Matrix Stats:
2025-09-08 18:30:41 -     TP: 2, TN: 8
2025-09-08 18:30:41 -     FP: 0, FN: 6
2025-09-08 18:30:41 - Subject: sub-018
2025-09-08 18:30:41 -   Accuracy: 0.000%
2025-09-08 18:30:41 -   Precision: 0.700
2025-09-08 18:30:41 -   Recall: 0.875
2025-09-08 18:30:41 -   F1 Score: 0.778
2025-09-08 18:30:41 -   AUC: 0.766
2025-09-08 18:30:41 -   Correct/Total: 12/16
2025-09-08 18:30:41 -   Confusion Matrix Stats:
2025-09-08 18:30:41 -     TP: 7, TN: 5
2025-09-08 18:30:41 -     FP: 3, FN: 1
2025-09-08 18:30:41 - Subject: sub-019
2025-09-08 18:30:41 -   Accuracy: 0.000%
2025-09-08 18:30:41 -   Precision: 0.500
2025-09-08 18:30:41 -   Recall: 0.250
2025-09-08 18:30:41 -   F1 Score: 0.333
2025-09-08 18:30:41 -   AUC: 0.406
2025-09-08 18:30:41 -   Correct/Total: 8/16
2025-09-08 18:30:41 -   Confusion Matrix Stats:
2025-09-08 18:30:41 -     TP: 2, TN: 6
2025-09-08 18:30:41 -     FP: 2, FN: 6
2025-09-08 18:30:41 - Subject: sub-020
2025-09-08 18:30:41 -   Accuracy: 0.000%
2025-09-08 18:30:41 -   Precision: 0.700
2025-09-08 18:30:41 -   Recall: 0.875
2025-09-08 18:30:41 -   F1 Score: 0.778
2025-09-08 18:30:41 -   AUC: 0.734
2025-09-08 18:30:41 -   Correct/Total: 12/16
2025-09-08 18:30:41 -   Confusion Matrix Stats:
2025-09-08 18:30:41 -     TP: 7, TN: 5
2025-09-08 18:30:41 -     FP: 3, FN: 1
2025-09-08 18:30:41 - Subject: sub-021
2025-09-08 18:30:41 -   Accuracy: 0.000%
2025-09-08 18:30:41 -   Precision: 0.600
2025-09-08 18:30:41 -   Recall: 0.375
2025-09-08 18:30:41 -   F1 Score: 0.462
2025-09-08 18:30:41 -   AUC: 0.656
2025-09-08 18:30:41 -   Correct/Total: 9/16
2025-09-08 18:30:41 -   Confusion Matrix Stats:
2025-09-08 18:30:41 -     TP: 3, TN: 6
2025-09-08 18:30:41 -     FP: 2, FN: 5
2025-09-08 18:30:41 - Subject: sub-022
2025-09-08 18:30:41 -   Accuracy: 0.000%
2025-09-08 18:30:41 -   Precision: 0.700
2025-09-08 18:30:41 -   Recall: 0.875
2025-09-08 18:30:41 -   F1 Score: 0.778
2025-09-08 18:30:41 -   AUC: 0.812
2025-09-08 18:30:41 -   Correct/Total: 12/16
2025-09-08 18:30:41 -   Confusion Matrix Stats:
2025-09-08 18:30:41 -     TP: 7, TN: 5
2025-09-08 18:30:41 -     FP: 3, FN: 1
2025-09-08 18:30:41 - Subject: sub-023
2025-09-08 18:30:41 -   Accuracy: 0.000%
2025-09-08 18:30:41 -   Precision: 1.000
2025-09-08 18:30:41 -   Recall: 0.375
2025-09-08 18:30:41 -   F1 Score: 0.545
2025-09-08 18:30:41 -   AUC: 0.812
2025-09-08 18:30:41 -   Correct/Total: 11/16
2025-09-08 18:30:41 -   Confusion Matrix Stats:
2025-09-08 18:30:41 -     TP: 3, TN: 8
2025-09-08 18:30:41 -     FP: 0, FN: 5
2025-09-08 18:30:41 - Subject: sub-024
2025-09-08 18:30:41 -   Accuracy: 0.000%
2025-09-08 18:30:41 -   Precision: 0.750
2025-09-08 18:30:41 -   Recall: 0.750
2025-09-08 18:30:41 -   F1 Score: 0.750
2025-09-08 18:30:41 -   AUC: 0.781
2025-09-08 18:30:41 -   Correct/Total: 12/16
2025-09-08 18:30:41 -   Confusion Matrix Stats:
2025-09-08 18:30:41 -     TP: 6, TN: 6
2025-09-08 18:30:41 -     FP: 2, FN: 2
2025-09-08 18:30:41 - Subject: sub-025
2025-09-08 18:30:41 -   Accuracy: 0.000%
2025-09-08 18:30:41 -   Precision: 0.800
2025-09-08 18:30:41 -   Recall: 0.500
2025-09-08 18:30:41 -   F1 Score: 0.615
2025-09-08 18:30:41 -   AUC: 0.781
2025-09-08 18:30:41 -   Correct/Total: 11/16
2025-09-08 18:30:41 -   Confusion Matrix Stats:
2025-09-08 18:30:41 -     TP: 4, TN: 7
2025-09-08 18:30:41 -     FP: 1, FN: 4
2025-09-08 18:30:41 - Subject: sub-026
2025-09-08 18:30:41 -   Accuracy: 0.000%
2025-09-08 18:30:41 -   Precision: 0.625
2025-09-08 18:30:41 -   Recall: 0.625
2025-09-08 18:30:41 -   F1 Score: 0.625
2025-09-08 18:30:41 -   AUC: 0.719
2025-09-08 18:30:41 -   Correct/Total: 10/16
2025-09-08 18:30:41 -   Confusion Matrix Stats:
2025-09-08 18:30:41 -     TP: 5, TN: 5
2025-09-08 18:30:41 -     FP: 3, FN: 3
2025-09-08 18:30:41 - Subject: sub-027
2025-09-08 18:30:41 -   Accuracy: 0.000%
2025-09-08 18:30:41 -   Precision: 0.857
2025-09-08 18:30:41 -   Recall: 0.750
2025-09-08 18:30:41 -   F1 Score: 0.800
2025-09-08 18:30:41 -   AUC: 0.906
2025-09-08 18:30:41 -   Correct/Total: 13/16
2025-09-08 18:30:41 -   Confusion Matrix Stats:
2025-09-08 18:30:41 -     TP: 6, TN: 7
2025-09-08 18:30:41 -     FP: 1, FN: 2
2025-09-08 18:30:41 - Subject: sub-028
2025-09-08 18:30:41 -   Accuracy: 0.000%
2025-09-08 18:30:41 -   Precision: 0.500
2025-09-08 18:30:41 -   Recall: 0.625
2025-09-08 18:30:41 -   F1 Score: 0.556
2025-09-08 18:30:41 -   AUC: 0.641
2025-09-08 18:30:41 -   Correct/Total: 8/16
2025-09-08 18:30:41 -   Confusion Matrix Stats:
2025-09-08 18:30:41 -     TP: 5, TN: 3
2025-09-08 18:30:41 -     FP: 5, FN: 3
2025-09-08 18:30:41 - Subject: sub-029
2025-09-08 18:30:41 -   Accuracy: 0.000%
2025-09-08 18:30:41 -   Precision: 0.857
2025-09-08 18:30:41 -   Recall: 0.750
2025-09-08 18:30:41 -   F1 Score: 0.800
2025-09-08 18:30:41 -   AUC: 0.719
2025-09-08 18:30:41 -   Correct/Total: 13/16
2025-09-08 18:30:41 -   Confusion Matrix Stats:
2025-09-08 18:30:41 -     TP: 6, TN: 7
2025-09-08 18:30:41 -     FP: 1, FN: 2
2025-09-08 18:30:41 - Subject: sub-030
2025-09-08 18:30:41 -   Accuracy: 0.000%
2025-09-08 18:30:41 -   Precision: 0.833
2025-09-08 18:30:41 -   Recall: 0.625
2025-09-08 18:30:41 -   F1 Score: 0.714
2025-09-08 18:30:41 -   AUC: 0.875
2025-09-08 18:30:41 -   Correct/Total: 12/16
2025-09-08 18:30:41 -   Confusion Matrix Stats:
2025-09-08 18:30:41 -     TP: 5, TN: 7
2025-09-08 18:30:41 -     FP: 1, FN: 3
2025-09-08 18:30:41 - Subject: sub-031
2025-09-08 18:30:41 -   Accuracy: 0.000%
2025-09-08 18:30:41 -   Precision: 0.600
2025-09-08 18:30:41 -   Recall: 0.375
2025-09-08 18:30:41 -   F1 Score: 0.462
2025-09-08 18:30:41 -   AUC: 0.578
2025-09-08 18:30:41 -   Correct/Total: 9/16
2025-09-08 18:30:41 -   Confusion Matrix Stats:
2025-09-08 18:30:41 -     TP: 3, TN: 6
2025-09-08 18:30:41 -     FP: 2, FN: 5
2025-09-08 18:30:41 - Subject: sub-032
2025-09-08 18:30:41 -   Accuracy: 0.000%
2025-09-08 18:30:41 -   Precision: 0.700
2025-09-08 18:30:41 -   Recall: 0.875
2025-09-08 18:30:41 -   F1 Score: 0.778
2025-09-08 18:30:41 -   AUC: 0.688
2025-09-08 18:30:41 -   Correct/Total: 12/16
2025-09-08 18:30:41 -   Confusion Matrix Stats:
2025-09-08 18:30:41 -     TP: 7, TN: 5
2025-09-08 18:30:41 -     FP: 3, FN: 1
2025-09-08 18:30:41 - Subject: sub-033
2025-09-08 18:30:41 -   Accuracy: 0.000%
2025-09-08 18:30:41 -   Precision: 0.833
2025-09-08 18:30:41 -   Recall: 0.625
2025-09-08 18:30:41 -   F1 Score: 0.714
2025-09-08 18:30:41 -   AUC: 0.891
2025-09-08 18:30:41 -   Correct/Total: 12/16
2025-09-08 18:30:41 -   Confusion Matrix Stats:
2025-09-08 18:30:41 -     TP: 5, TN: 7
2025-09-08 18:30:41 -     FP: 1, FN: 3
2025-09-08 18:30:41 - Subject: sub-034
2025-09-08 18:30:41 -   Accuracy: 0.000%
2025-09-08 18:30:41 -   Precision: 0.800
2025-09-08 18:30:41 -   Recall: 0.500
2025-09-08 18:30:41 -   F1 Score: 0.615
2025-09-08 18:30:41 -   AUC: 0.766
2025-09-08 18:30:41 -   Correct/Total: 11/16
2025-09-08 18:30:41 -   Confusion Matrix Stats:
2025-09-08 18:30:41 -     TP: 4, TN: 7
2025-09-08 18:30:41 -     FP: 1, FN: 4
2025-09-08 18:30:41 - Subject: sub-035
2025-09-08 18:30:41 -   Accuracy: 0.000%
2025-09-08 18:30:41 -   Precision: 0.500
2025-09-08 18:30:41 -   Recall: 0.750
2025-09-08 18:30:41 -   F1 Score: 0.600
2025-09-08 18:30:41 -   AUC: 0.719
2025-09-08 18:30:41 -   Correct/Total: 8/16
2025-09-08 18:30:41 -   Confusion Matrix Stats:
2025-09-08 18:30:41 -     TP: 6, TN: 2
2025-09-08 18:30:41 -     FP: 6, FN: 2
2025-09-08 18:30:41 - Subject: sub-036
2025-09-08 18:30:41 -   Accuracy: 0.000%
2025-09-08 18:30:41 -   Precision: 0.833
2025-09-08 18:30:41 -   Recall: 0.625
2025-09-08 18:30:41 -   F1 Score: 0.714
2025-09-08 18:30:41 -   AUC: 0.719
2025-09-08 18:30:41 -   Correct/Total: 12/16
2025-09-08 18:30:41 -   Confusion Matrix Stats:
2025-09-08 18:30:41 -     TP: 5, TN: 7
2025-09-08 18:30:41 -     FP: 1, FN: 3
2025-09-08 18:30:41 - Subject: sub-037
2025-09-08 18:30:41 -   Accuracy: 0.000%
2025-09-08 18:30:41 -   Precision: 0.667
2025-09-08 18:30:41 -   Recall: 0.750
2025-09-08 18:30:41 -   F1 Score: 0.706
2025-09-08 18:30:41 -   AUC: 0.812
2025-09-08 18:30:41 -   Correct/Total: 11/16
2025-09-08 18:30:41 -   Confusion Matrix Stats:
2025-09-08 18:30:41 -     TP: 6, TN: 5
2025-09-08 18:30:41 -     FP: 3, FN: 2
2025-09-08 18:30:41 - Subject: sub-038
2025-09-08 18:30:41 -   Accuracy: 0.000%
2025-09-08 18:30:41 -   Precision: 0.500
2025-09-08 18:30:41 -   Recall: 0.500
2025-09-08 18:30:41 -   F1 Score: 0.500
2025-09-08 18:30:41 -   AUC: 0.594
2025-09-08 18:30:41 -   Correct/Total: 8/16
2025-09-08 18:30:41 -   Confusion Matrix Stats:
2025-09-08 18:30:41 -     TP: 4, TN: 4
2025-09-08 18:30:41 -     FP: 4, FN: 4
2025-09-08 18:30:41 - Subject: sub-039
2025-09-08 18:30:41 -   Accuracy: 0.000%
2025-09-08 18:30:41 -   Precision: 0.000
2025-09-08 18:30:41 -   Recall: 0.000
2025-09-08 18:30:41 -   F1 Score: 0.000
2025-09-08 18:30:41 -   AUC: 0.609
2025-09-08 18:30:41 -   Correct/Total: 6/16
2025-09-08 18:30:41 -   Confusion Matrix Stats:
2025-09-08 18:30:41 -     TP: 0, TN: 6
2025-09-08 18:30:41 -     FP: 2, FN: 8
2025-09-08 18:30:41 - Subject: sub-040
2025-09-08 18:30:41 -   Accuracy: 0.000%
2025-09-08 18:30:41 -   Precision: 0.667
2025-09-08 18:30:41 -   Recall: 0.500
2025-09-08 18:30:41 -   F1 Score: 0.571
2025-09-08 18:30:41 -   AUC: 0.625
2025-09-08 18:30:41 -   Correct/Total: 10/16
2025-09-08 18:30:41 -   Confusion Matrix Stats:
2025-09-08 18:30:41 -     TP: 4, TN: 6
2025-09-08 18:30:41 -     FP: 2, FN: 4
2025-09-08 18:30:41 - 
P3 Individual Models Statistics:
2025-09-08 18:30:41 - Mean Accuracy: 0.627
2025-09-08 18:30:41 - 95% Confidence Interval: [0.581, 0.672]
2025-09-08 18:30:41 - Best Subject: sub-004 (0.938)
2025-09-08 18:30:41 - Worst Subject: sub-001 (0.312)
2025-09-08 18:30:41 - Mean Precision: 0.648
2025-09-08 18:30:41 - Mean Recall: 0.553
2025-09-08 18:30:41 - Mean F1-Score: 0.597
2025-09-08 18:30:41 - Mean AUC: 0.684
2025-09-08 18:30:41 - Mean Confusion Matrix:
2025-09-08 18:30:41 -   TP: 4, TN: 6
2025-09-08 18:30:41 -   FP: 2, FN: 4
