2025-09-08 18:51:14 - 
Experiment Configuration:
2025-09-08 18:51:14 - --------------------------------------------------
2025-09-08 18:51:14 - dataset: P3 Raw Data BIDS-Compatible
2025-09-08 18:51:14 - use_combined_datasets: False
2025-09-08 18:51:14 - electrode_list: all
2025-09-08 18:51:14 - classifier: lda
2025-09-08 18:51:14 - separate_subject_classification: True
2025-09-08 18:51:14 - use_subject_layer: False
2025-09-08 18:51:14 - seeds: [1]
2025-09-08 18:51:14 - --------------------------------------------------
2025-09-08 18:51:14 - 
==================================================
2025-09-08 18:51:14 - Processing P3 Dataset
2025-09-08 18:51:14 - ==================================================
2025-09-08 18:52:35 - 
==================================================
2025-09-08 18:52:35 - Individual Subject Results - P3
2025-09-08 18:52:35 - ==================================================
2025-09-08 18:52:35 - Subject: sub-001
2025-09-08 18:52:35 -   Accuracy: 0.000%
2025-09-08 18:52:35 -   Precision: 0.400
2025-09-08 18:52:35 -   Recall: 0.444
2025-09-08 18:52:35 -   F1 Score: 0.421
2025-09-08 18:52:35 -   AUC: 0.250
2025-09-08 18:52:35 -   Correct/Total: 6/17
2025-09-08 18:52:35 -   Confusion Matrix Stats:
2025-09-08 18:52:35 -     TP: 4, TN: 2
2025-09-08 18:52:35 -     FP: 6, FN: 5
2025-09-08 18:52:35 - Subject: sub-002
2025-09-08 18:52:35 -   Accuracy: 0.000%
2025-09-08 18:52:35 -   Precision: 1.000
2025-09-08 18:52:35 -   Recall: 0.778
2025-09-08 18:52:35 -   F1 Score: 0.875
2025-09-08 18:52:35 -   AUC: 0.944
2025-09-08 18:52:35 -   Correct/Total: 15/17
2025-09-08 18:52:35 -   Confusion Matrix Stats:
2025-09-08 18:52:35 -     TP: 7, TN: 8
2025-09-08 18:52:35 -     FP: 0, FN: 2
2025-09-08 18:52:35 - Subject: sub-003
2025-09-08 18:52:35 -   Accuracy: 0.000%
2025-09-08 18:52:35 -   Precision: 0.857
2025-09-08 18:52:35 -   Recall: 0.667
2025-09-08 18:52:35 -   F1 Score: 0.750
2025-09-08 18:52:35 -   AUC: 0.764
2025-09-08 18:52:35 -   Correct/Total: 13/17
2025-09-08 18:52:35 -   Confusion Matrix Stats:
2025-09-08 18:52:35 -     TP: 6, TN: 7
2025-09-08 18:52:35 -     FP: 1, FN: 3
2025-09-08 18:52:35 - Subject: sub-004
2025-09-08 18:52:35 -   Accuracy: 0.000%
2025-09-08 18:52:35 -   Precision: 0.625
2025-09-08 18:52:35 -   Recall: 0.625
2025-09-08 18:52:35 -   F1 Score: 0.625
2025-09-08 18:52:35 -   AUC: 0.719
2025-09-08 18:52:35 -   Correct/Total: 10/16
2025-09-08 18:52:35 -   Confusion Matrix Stats:
2025-09-08 18:52:35 -     TP: 5, TN: 5
2025-09-08 18:52:35 -     FP: 3, FN: 3
2025-09-08 18:52:35 - Subject: sub-005
2025-09-08 18:52:35 -   Accuracy: 0.000%
2025-09-08 18:52:35 -   Precision: 0.600
2025-09-08 18:52:35 -   Recall: 0.667
2025-09-08 18:52:35 -   F1 Score: 0.632
2025-09-08 18:52:35 -   AUC: 0.597
2025-09-08 18:52:35 -   Correct/Total: 10/17
2025-09-08 18:52:35 -   Confusion Matrix Stats:
2025-09-08 18:52:35 -     TP: 6, TN: 4
2025-09-08 18:52:35 -     FP: 4, FN: 3
2025-09-08 18:52:35 - Subject: sub-006
2025-09-08 18:52:35 -   Accuracy: 0.000%
2025-09-08 18:52:35 -   Precision: 0.636
2025-09-08 18:52:35 -   Recall: 0.778
2025-09-08 18:52:35 -   F1 Score: 0.700
2025-09-08 18:52:35 -   AUC: 0.639
2025-09-08 18:52:35 -   Correct/Total: 11/17
2025-09-08 18:52:35 -   Confusion Matrix Stats:
2025-09-08 18:52:35 -     TP: 7, TN: 4
2025-09-08 18:52:35 -     FP: 4, FN: 2
2025-09-08 18:52:35 - Subject: sub-007
2025-09-08 18:52:35 -   Accuracy: 0.000%
2025-09-08 18:52:35 -   Precision: 0.875
2025-09-08 18:52:35 -   Recall: 0.778
2025-09-08 18:52:35 -   F1 Score: 0.824
2025-09-08 18:52:35 -   AUC: 0.944
2025-09-08 18:52:35 -   Correct/Total: 14/17
2025-09-08 18:52:35 -   Confusion Matrix Stats:
2025-09-08 18:52:35 -     TP: 7, TN: 7
2025-09-08 18:52:35 -     FP: 1, FN: 2
2025-09-08 18:52:35 - Subject: sub-008
2025-09-08 18:52:35 -   Accuracy: 0.000%
2025-09-08 18:52:35 -   Precision: 0.714
2025-09-08 18:52:35 -   Recall: 0.556
2025-09-08 18:52:35 -   F1 Score: 0.625
2025-09-08 18:52:35 -   AUC: 0.667
2025-09-08 18:52:35 -   Correct/Total: 11/17
2025-09-08 18:52:35 -   Confusion Matrix Stats:
2025-09-08 18:52:35 -     TP: 5, TN: 6
2025-09-08 18:52:35 -     FP: 2, FN: 4
2025-09-08 18:52:35 - Subject: sub-009
2025-09-08 18:52:35 -   Accuracy: 0.000%
2025-09-08 18:52:35 -   Precision: 0.556
2025-09-08 18:52:35 -   Recall: 0.556
2025-09-08 18:52:35 -   F1 Score: 0.556
2025-09-08 18:52:35 -   AUC: 0.500
2025-09-08 18:52:35 -   Correct/Total: 9/17
2025-09-08 18:52:35 -   Confusion Matrix Stats:
2025-09-08 18:52:35 -     TP: 5, TN: 4
2025-09-08 18:52:35 -     FP: 4, FN: 4
2025-09-08 18:52:35 - Subject: sub-010
2025-09-08 18:52:35 -   Accuracy: 0.000%
2025-09-08 18:52:35 -   Precision: 1.000
2025-09-08 18:52:35 -   Recall: 0.889
2025-09-08 18:52:35 -   F1 Score: 0.941
2025-09-08 18:52:35 -   AUC: 1.000
2025-09-08 18:52:35 -   Correct/Total: 16/17
2025-09-08 18:52:35 -   Confusion Matrix Stats:
2025-09-08 18:52:35 -     TP: 8, TN: 8
2025-09-08 18:52:35 -     FP: 0, FN: 1
2025-09-08 18:52:35 - Subject: sub-011
2025-09-08 18:52:35 -   Accuracy: 0.000%
2025-09-08 18:52:35 -   Precision: 0.727
2025-09-08 18:52:35 -   Recall: 0.889
2025-09-08 18:52:35 -   F1 Score: 0.800
2025-09-08 18:52:35 -   AUC: 0.736
2025-09-08 18:52:35 -   Correct/Total: 13/17
2025-09-08 18:52:35 -   Confusion Matrix Stats:
2025-09-08 18:52:35 -     TP: 8, TN: 5
2025-09-08 18:52:35 -     FP: 3, FN: 1
2025-09-08 18:52:35 - Subject: sub-012
2025-09-08 18:52:35 -   Accuracy: 0.000%
2025-09-08 18:52:35 -   Precision: 0.667
2025-09-08 18:52:35 -   Recall: 0.750
2025-09-08 18:52:35 -   F1 Score: 0.706
2025-09-08 18:52:35 -   AUC: 0.766
2025-09-08 18:52:35 -   Correct/Total: 11/16
2025-09-08 18:52:35 -   Confusion Matrix Stats:
2025-09-08 18:52:35 -     TP: 6, TN: 5
2025-09-08 18:52:35 -     FP: 3, FN: 2
2025-09-08 18:52:35 - Subject: sub-013
2025-09-08 18:52:35 -   Accuracy: 0.000%
2025-09-08 18:52:35 -   Precision: 0.556
2025-09-08 18:52:35 -   Recall: 0.556
2025-09-08 18:52:35 -   F1 Score: 0.556
2025-09-08 18:52:35 -   AUC: 0.528
2025-09-08 18:52:35 -   Correct/Total: 9/17
2025-09-08 18:52:35 -   Confusion Matrix Stats:
2025-09-08 18:52:35 -     TP: 5, TN: 4
2025-09-08 18:52:35 -     FP: 4, FN: 4
2025-09-08 18:52:35 - Subject: sub-014
2025-09-08 18:52:35 -   Accuracy: 0.000%
2025-09-08 18:52:35 -   Precision: 0.545
2025-09-08 18:52:35 -   Recall: 0.667
2025-09-08 18:52:35 -   F1 Score: 0.600
2025-09-08 18:52:35 -   AUC: 0.486
2025-09-08 18:52:35 -   Correct/Total: 9/17
2025-09-08 18:52:35 -   Confusion Matrix Stats:
2025-09-08 18:52:35 -     TP: 6, TN: 3
2025-09-08 18:52:35 -     FP: 5, FN: 3
2025-09-08 18:52:35 - Subject: sub-015
2025-09-08 18:52:35 -   Accuracy: 0.000%
2025-09-08 18:52:35 -   Precision: 0.714
2025-09-08 18:52:35 -   Recall: 0.556
2025-09-08 18:52:35 -   F1 Score: 0.625
2025-09-08 18:52:35 -   AUC: 0.750
2025-09-08 18:52:35 -   Correct/Total: 11/17
2025-09-08 18:52:35 -   Confusion Matrix Stats:
2025-09-08 18:52:35 -     TP: 5, TN: 6
2025-09-08 18:52:35 -     FP: 2, FN: 4
2025-09-08 18:52:35 - Subject: sub-016
2025-09-08 18:52:35 -   Accuracy: 0.000%
2025-09-08 18:52:35 -   Precision: 0.818
2025-09-08 18:52:35 -   Recall: 1.000
2025-09-08 18:52:35 -   F1 Score: 0.900
2025-09-08 18:52:35 -   AUC: 0.944
2025-09-08 18:52:35 -   Correct/Total: 15/17
2025-09-08 18:52:35 -   Confusion Matrix Stats:
2025-09-08 18:52:35 -     TP: 9, TN: 6
2025-09-08 18:52:35 -     FP: 2, FN: 0
2025-09-08 18:52:35 - Subject: sub-017
2025-09-08 18:52:35 -   Accuracy: 0.000%
2025-09-08 18:52:35 -   Precision: 0.800
2025-09-08 18:52:35 -   Recall: 0.444
2025-09-08 18:52:35 -   F1 Score: 0.571
2025-09-08 18:52:35 -   AUC: 0.806
2025-09-08 18:52:35 -   Correct/Total: 11/17
2025-09-08 18:52:35 -   Confusion Matrix Stats:
2025-09-08 18:52:35 -     TP: 4, TN: 7
2025-09-08 18:52:35 -     FP: 1, FN: 5
2025-09-08 18:52:35 - Subject: sub-018
2025-09-08 18:52:35 -   Accuracy: 0.000%
2025-09-08 18:52:35 -   Precision: 0.857
2025-09-08 18:52:35 -   Recall: 0.667
2025-09-08 18:52:35 -   F1 Score: 0.750
2025-09-08 18:52:35 -   AUC: 0.903
2025-09-08 18:52:35 -   Correct/Total: 13/17
2025-09-08 18:52:35 -   Confusion Matrix Stats:
2025-09-08 18:52:35 -     TP: 6, TN: 7
2025-09-08 18:52:35 -     FP: 1, FN: 3
2025-09-08 18:52:35 - Subject: sub-019
2025-09-08 18:52:35 -   Accuracy: 0.000%
2025-09-08 18:52:35 -   Precision: 0.833
2025-09-08 18:52:35 -   Recall: 0.556
2025-09-08 18:52:35 -   F1 Score: 0.667
2025-09-08 18:52:35 -   AUC: 0.819
2025-09-08 18:52:35 -   Correct/Total: 12/17
2025-09-08 18:52:35 -   Confusion Matrix Stats:
2025-09-08 18:52:35 -     TP: 5, TN: 7
2025-09-08 18:52:35 -     FP: 1, FN: 4
2025-09-08 18:52:35 - Subject: sub-020
2025-09-08 18:52:35 -   Accuracy: 0.000%
2025-09-08 18:52:35 -   Precision: 0.667
2025-09-08 18:52:35 -   Recall: 0.750
2025-09-08 18:52:35 -   F1 Score: 0.706
2025-09-08 18:52:35 -   AUC: 0.812
2025-09-08 18:52:35 -   Correct/Total: 11/16
2025-09-08 18:52:35 -   Confusion Matrix Stats:
2025-09-08 18:52:35 -     TP: 6, TN: 5
2025-09-08 18:52:35 -     FP: 3, FN: 2
2025-09-08 18:52:35 - Subject: sub-021
2025-09-08 18:52:35 -   Accuracy: 0.000%
2025-09-08 18:52:35 -   Precision: 0.833
2025-09-08 18:52:35 -   Recall: 0.556
2025-09-08 18:52:35 -   F1 Score: 0.667
2025-09-08 18:52:35 -   AUC: 0.792
2025-09-08 18:52:35 -   Correct/Total: 12/17
2025-09-08 18:52:35 -   Confusion Matrix Stats:
2025-09-08 18:52:35 -     TP: 5, TN: 7
2025-09-08 18:52:35 -     FP: 1, FN: 4
2025-09-08 18:52:35 - Subject: sub-022
2025-09-08 18:52:35 -   Accuracy: 0.000%
2025-09-08 18:52:35 -   Precision: 0.857
2025-09-08 18:52:35 -   Recall: 0.667
2025-09-08 18:52:35 -   F1 Score: 0.750
2025-09-08 18:52:35 -   AUC: 0.847
2025-09-08 18:52:35 -   Correct/Total: 13/17
2025-09-08 18:52:35 -   Confusion Matrix Stats:
2025-09-08 18:52:35 -     TP: 6, TN: 7
2025-09-08 18:52:35 -     FP: 1, FN: 3
2025-09-08 18:52:35 - Subject: sub-023
2025-09-08 18:52:35 -   Accuracy: 0.000%
2025-09-08 18:52:35 -   Precision: 0.500
2025-09-08 18:52:35 -   Recall: 0.625
2025-09-08 18:52:35 -   F1 Score: 0.556
2025-09-08 18:52:35 -   AUC: 0.688
2025-09-08 18:52:35 -   Correct/Total: 8/16
2025-09-08 18:52:35 -   Confusion Matrix Stats:
2025-09-08 18:52:35 -     TP: 5, TN: 3
2025-09-08 18:52:35 -     FP: 5, FN: 3
2025-09-08 18:52:35 - Subject: sub-024
2025-09-08 18:52:35 -   Accuracy: 0.000%
2025-09-08 18:52:35 -   Precision: 0.750
2025-09-08 18:52:35 -   Recall: 0.667
2025-09-08 18:52:35 -   F1 Score: 0.706
2025-09-08 18:52:35 -   AUC: 0.694
2025-09-08 18:52:35 -   Correct/Total: 12/17
2025-09-08 18:52:35 -   Confusion Matrix Stats:
2025-09-08 18:52:35 -     TP: 6, TN: 6
2025-09-08 18:52:35 -     FP: 2, FN: 3
2025-09-08 18:52:35 - Subject: sub-025
2025-09-08 18:52:35 -   Accuracy: 0.000%
2025-09-08 18:52:35 -   Precision: 0.600
2025-09-08 18:52:35 -   Recall: 0.667
2025-09-08 18:52:35 -   F1 Score: 0.632
2025-09-08 18:52:35 -   AUC: 0.625
2025-09-08 18:52:35 -   Correct/Total: 10/17
2025-09-08 18:52:35 -   Confusion Matrix Stats:
2025-09-08 18:52:35 -     TP: 6, TN: 4
2025-09-08 18:52:35 -     FP: 4, FN: 3
2025-09-08 18:52:35 - Subject: sub-026
2025-09-08 18:52:35 -   Accuracy: 0.000%
2025-09-08 18:52:35 -   Precision: 0.700
2025-09-08 18:52:35 -   Recall: 0.778
2025-09-08 18:52:35 -   F1 Score: 0.737
2025-09-08 18:52:35 -   AUC: 0.806
2025-09-08 18:52:35 -   Correct/Total: 12/17
2025-09-08 18:52:35 -   Confusion Matrix Stats:
2025-09-08 18:52:35 -     TP: 7, TN: 5
2025-09-08 18:52:35 -     FP: 3, FN: 2
2025-09-08 18:52:35 - Subject: sub-027
2025-09-08 18:52:35 -   Accuracy: 0.000%
2025-09-08 18:52:35 -   Precision: 0.857
2025-09-08 18:52:35 -   Recall: 0.667
2025-09-08 18:52:35 -   F1 Score: 0.750
2025-09-08 18:52:35 -   AUC: 0.792
2025-09-08 18:52:35 -   Correct/Total: 13/17
2025-09-08 18:52:35 -   Confusion Matrix Stats:
2025-09-08 18:52:35 -     TP: 6, TN: 7
2025-09-08 18:52:35 -     FP: 1, FN: 3
2025-09-08 18:52:35 - Subject: sub-028
2025-09-08 18:52:35 -   Accuracy: 0.000%
2025-09-08 18:52:35 -   Precision: 0.625
2025-09-08 18:52:35 -   Recall: 0.556
2025-09-08 18:52:35 -   F1 Score: 0.588
2025-09-08 18:52:35 -   AUC: 0.681
2025-09-08 18:52:35 -   Correct/Total: 10/17
2025-09-08 18:52:35 -   Confusion Matrix Stats:
2025-09-08 18:52:35 -     TP: 5, TN: 5
2025-09-08 18:52:35 -     FP: 3, FN: 4
2025-09-08 18:52:35 - Subject: sub-029
2025-09-08 18:52:35 -   Accuracy: 0.000%
2025-09-08 18:52:35 -   Precision: 0.857
2025-09-08 18:52:35 -   Recall: 0.667
2025-09-08 18:52:35 -   F1 Score: 0.750
2025-09-08 18:52:35 -   AUC: 0.889
2025-09-08 18:52:35 -   Correct/Total: 13/17
2025-09-08 18:52:35 -   Confusion Matrix Stats:
2025-09-08 18:52:35 -     TP: 6, TN: 7
2025-09-08 18:52:35 -     FP: 1, FN: 3
2025-09-08 18:52:35 - Subject: sub-030
2025-09-08 18:52:35 -   Accuracy: 0.000%
2025-09-08 18:52:35 -   Precision: 0.800
2025-09-08 18:52:35 -   Recall: 0.889
2025-09-08 18:52:35 -   F1 Score: 0.842
2025-09-08 18:52:35 -   AUC: 0.722
2025-09-08 18:52:35 -   Correct/Total: 14/17
2025-09-08 18:52:35 -   Confusion Matrix Stats:
2025-09-08 18:52:35 -     TP: 8, TN: 6
2025-09-08 18:52:35 -     FP: 2, FN: 1
2025-09-08 18:52:35 - Subject: sub-031
2025-09-08 18:52:35 -   Accuracy: 0.000%
2025-09-08 18:52:35 -   Precision: 0.545
2025-09-08 18:52:35 -   Recall: 0.667
2025-09-08 18:52:35 -   F1 Score: 0.600
2025-09-08 18:52:35 -   AUC: 0.611
2025-09-08 18:52:35 -   Correct/Total: 9/17
2025-09-08 18:52:35 -   Confusion Matrix Stats:
2025-09-08 18:52:35 -     TP: 6, TN: 3
2025-09-08 18:52:35 -     FP: 5, FN: 3
2025-09-08 18:52:35 - Subject: sub-032
2025-09-08 18:52:35 -   Accuracy: 0.000%
2025-09-08 18:52:35 -   Precision: 0.875
2025-09-08 18:52:35 -   Recall: 0.778
2025-09-08 18:52:35 -   F1 Score: 0.824
2025-09-08 18:52:35 -   AUC: 0.806
2025-09-08 18:52:35 -   Correct/Total: 14/17
2025-09-08 18:52:35 -   Confusion Matrix Stats:
2025-09-08 18:52:35 -     TP: 7, TN: 7
2025-09-08 18:52:35 -     FP: 1, FN: 2
2025-09-08 18:52:35 - Subject: sub-033
2025-09-08 18:52:35 -   Accuracy: 0.000%
2025-09-08 18:52:35 -   Precision: 0.750
2025-09-08 18:52:35 -   Recall: 0.667
2025-09-08 18:52:35 -   F1 Score: 0.706
2025-09-08 18:52:35 -   AUC: 0.819
2025-09-08 18:52:35 -   Correct/Total: 12/17
2025-09-08 18:52:35 -   Confusion Matrix Stats:
2025-09-08 18:52:35 -     TP: 6, TN: 6
2025-09-08 18:52:35 -     FP: 2, FN: 3
2025-09-08 18:52:35 - Subject: sub-034
2025-09-08 18:52:35 -   Accuracy: 0.000%
2025-09-08 18:52:35 -   Precision: 0.750
2025-09-08 18:52:35 -   Recall: 0.667
2025-09-08 18:52:35 -   F1 Score: 0.706
2025-09-08 18:52:35 -   AUC: 0.792
2025-09-08 18:52:35 -   Correct/Total: 12/17
2025-09-08 18:52:35 -   Confusion Matrix Stats:
2025-09-08 18:52:35 -     TP: 6, TN: 6
2025-09-08 18:52:35 -     FP: 2, FN: 3
2025-09-08 18:52:35 - Subject: sub-035
2025-09-08 18:52:35 -   Accuracy: 0.000%
2025-09-08 18:52:35 -   Precision: 0.700
2025-09-08 18:52:35 -   Recall: 0.875
2025-09-08 18:52:35 -   F1 Score: 0.778
2025-09-08 18:52:35 -   AUC: 0.734
2025-09-08 18:52:35 -   Correct/Total: 12/16
2025-09-08 18:52:35 -   Confusion Matrix Stats:
2025-09-08 18:52:35 -     TP: 7, TN: 5
2025-09-08 18:52:35 -     FP: 3, FN: 1
2025-09-08 18:52:35 - Subject: sub-036
2025-09-08 18:52:35 -   Accuracy: 0.000%
2025-09-08 18:52:35 -   Precision: 0.500
2025-09-08 18:52:35 -   Recall: 0.222
2025-09-08 18:52:35 -   F1 Score: 0.308
2025-09-08 18:52:35 -   AUC: 0.403
2025-09-08 18:52:35 -   Correct/Total: 8/17
2025-09-08 18:52:35 -   Confusion Matrix Stats:
2025-09-08 18:52:35 -     TP: 2, TN: 6
2025-09-08 18:52:35 -     FP: 2, FN: 7
2025-09-08 18:52:35 - Subject: sub-037
2025-09-08 18:52:35 -   Accuracy: 0.000%
2025-09-08 18:52:35 -   Precision: 0.667
2025-09-08 18:52:35 -   Recall: 0.750
2025-09-08 18:52:35 -   F1 Score: 0.706
2025-09-08 18:52:35 -   AUC: 0.859
2025-09-08 18:52:35 -   Correct/Total: 11/16
2025-09-08 18:52:35 -   Confusion Matrix Stats:
2025-09-08 18:52:35 -     TP: 6, TN: 5
2025-09-08 18:52:35 -     FP: 3, FN: 2
2025-09-08 18:52:35 - Subject: sub-038
2025-09-08 18:52:35 -   Accuracy: 0.000%
2025-09-08 18:52:35 -   Precision: 0.727
2025-09-08 18:52:35 -   Recall: 0.889
2025-09-08 18:52:35 -   F1 Score: 0.800
2025-09-08 18:52:35 -   AUC: 0.889
2025-09-08 18:52:35 -   Correct/Total: 13/17
2025-09-08 18:52:35 -   Confusion Matrix Stats:
2025-09-08 18:52:35 -     TP: 8, TN: 5
2025-09-08 18:52:35 -     FP: 3, FN: 1
2025-09-08 18:52:35 - Subject: sub-039
2025-09-08 18:52:35 -   Accuracy: 0.000%
2025-09-08 18:52:35 -   Precision: 0.700
2025-09-08 18:52:35 -   Recall: 0.778
2025-09-08 18:52:35 -   F1 Score: 0.737
2025-09-08 18:52:35 -   AUC: 0.722
2025-09-08 18:52:35 -   Correct/Total: 12/17
2025-09-08 18:52:35 -   Confusion Matrix Stats:
2025-09-08 18:52:35 -     TP: 7, TN: 5
2025-09-08 18:52:35 -     FP: 3, FN: 2
2025-09-08 18:52:35 - Subject: sub-040
2025-09-08 18:52:35 -   Accuracy: 0.000%
2025-09-08 18:52:35 -   Precision: 0.500
2025-09-08 18:52:35 -   Recall: 0.333
2025-09-08 18:52:35 -   F1 Score: 0.400
2025-09-08 18:52:35 -   AUC: 0.444
2025-09-08 18:52:35 -   Correct/Total: 8/17
2025-09-08 18:52:35 -   Confusion Matrix Stats:
2025-09-08 18:52:35 -     TP: 3, TN: 5
2025-09-08 18:52:35 -     FP: 3, FN: 6
2025-09-08 18:52:35 - 
P3 Individual Models Statistics:
2025-09-08 18:52:35 - Mean Accuracy: 0.679
2025-09-08 18:52:35 - 95% Confidence Interval: [0.639, 0.720]
2025-09-08 18:52:35 - Best Subject: sub-010 (0.941)
2025-09-08 18:52:35 - Worst Subject: sub-001 (0.353)
2025-09-08 18:52:35 - Mean Precision: 0.704
2025-09-08 18:52:35 - Mean Recall: 0.672
2025-09-08 18:52:35 - Mean F1-Score: 0.688
2025-09-08 18:52:35 - Mean AUC: 0.730
2025-09-08 18:52:35 - Mean Confusion Matrix:
2025-09-08 18:52:35 -   TP: 6, TN: 6
2025-09-08 18:52:35 -   FP: 2, FN: 3
