2025-08-30 13:51:54 - 
Experiment Configuration:
2025-08-30 13:51:54 - --------------------------------------------------
2025-08-30 13:51:54 - dataset: P3 Raw Data BIDS-Compatible
2025-08-30 13:51:54 - use_combined_datasets: False
2025-08-30 13:51:54 - electrode_list: all
2025-08-30 13:51:54 - classifier: ShallowFBCSPNet
2025-08-30 13:51:54 - separate_subject_classification: True
2025-08-30 13:51:54 - use_subject_layer: True
2025-08-30 13:51:54 - seeds: [1]
2025-08-30 13:51:54 - --------------------------------------------------
2025-08-30 13:51:54 - 
==================================================
2025-08-30 13:51:54 - Processing P3 Dataset
2025-08-30 13:51:54 - ==================================================
2025-08-30 13:55:39 - 
Overall Experiment Metrics:
2025-08-30 13:55:39 - --------------------------------------------------
2025-08-30 13:55:39 - Accuracy: 0.8037
2025-08-30 13:55:39 - Precision: 0.5172
2025-08-30 13:55:39 - Recall: 0.2812
2025-08-30 13:55:39 - F1 Score: 0.3644
2025-08-30 13:55:39 - AUC: 0.5000
2025-08-30 13:55:39 - 
Confusion Matrix Plot: ./log_0829\P3_clf-ShallowFBCSPNet_sep-True_el-FP1_F3_F7_FC3_C3_C5_P3_P7_P9_PO7_PO3_O1_Oz_Pz_CPz_FP2_Fz_F4_F8_FC4_FCz_Cz_C4_C6_P4_P8_P10_PO8_PO4_O2_confusion_matrix_20250830_135538.png
2025-08-30 13:55:39 - --------------------------------------------------
2025-08-30 13:55:39 - Subject: sub-001
2025-08-30 13:55:39 -   Accuracy: 80.000%
2025-08-30 13:55:39 -   Precision: 0.500
2025-08-30 13:55:39 -   Recall: 0.250
2025-08-30 13:55:39 -   F1 Score: 0.333
2025-08-30 13:55:39 -   AUC: 0.000
2025-08-30 13:55:39 -   Correct/Total: 32/40
2025-08-30 13:55:39 - Subject: sub-002
2025-08-30 13:55:39 -   Accuracy: 85.000%
2025-08-30 13:55:39 -   Precision: 1.000
2025-08-30 13:55:39 -   Recall: 0.250
2025-08-30 13:55:39 -   F1 Score: 0.400
2025-08-30 13:55:39 -   AUC: 0.000
2025-08-30 13:55:39 -   Correct/Total: 34/40
2025-08-30 13:55:39 - Subject: sub-003
2025-08-30 13:55:39 -   Accuracy: 77.500%
2025-08-30 13:55:39 -   Precision: 0.400
2025-08-30 13:55:39 -   Recall: 0.250
2025-08-30 13:55:39 -   F1 Score: 0.308
2025-08-30 13:55:39 -   AUC: 0.000
2025-08-30 13:55:39 -   Correct/Total: 31/40
2025-08-30 13:55:39 - Subject: sub-004
2025-08-30 13:55:39 -   Accuracy: 92.500%
2025-08-30 13:55:39 -   Precision: 1.000
2025-08-30 13:55:39 -   Recall: 0.625
2025-08-30 13:55:39 -   F1 Score: 0.769
2025-08-30 13:55:39 -   AUC: 0.000
2025-08-30 13:55:39 -   Correct/Total: 37/40
2025-08-30 13:55:39 - Subject: sub-005
2025-08-30 13:55:39 -   Accuracy: 75.000%
2025-08-30 13:55:39 -   Precision: 0.250
2025-08-30 13:55:39 -   Recall: 0.125
2025-08-30 13:55:39 -   F1 Score: 0.167
2025-08-30 13:55:39 -   AUC: 0.000
2025-08-30 13:55:39 -   Correct/Total: 30/40
2025-08-30 13:55:39 - Subject: sub-006
2025-08-30 13:55:39 -   Accuracy: 75.000%
2025-08-30 13:55:39 -   Precision: 0.000
2025-08-30 13:55:39 -   Recall: 0.000
2025-08-30 13:55:39 -   F1 Score: 0.000
2025-08-30 13:55:39 -   AUC: 0.000
2025-08-30 13:55:39 -   Correct/Total: 30/40
2025-08-30 13:55:39 - Subject: sub-007
2025-08-30 13:55:39 -   Accuracy: 85.000%
2025-08-30 13:55:39 -   Precision: 0.667
2025-08-30 13:55:39 -   Recall: 0.500
2025-08-30 13:55:39 -   F1 Score: 0.571
2025-08-30 13:55:39 -   AUC: 0.000
2025-08-30 13:55:39 -   Correct/Total: 34/40
2025-08-30 13:55:39 - Subject: sub-008
2025-08-30 13:55:39 -   Accuracy: 75.000%
2025-08-30 13:55:39 -   Precision: 0.333
2025-08-30 13:55:39 -   Recall: 0.250
2025-08-30 13:55:39 -   F1 Score: 0.286
2025-08-30 13:55:39 -   AUC: 0.000
2025-08-30 13:55:39 -   Correct/Total: 30/40
2025-08-30 13:55:39 - Subject: sub-009
2025-08-30 13:55:39 -   Accuracy: 85.000%
2025-08-30 13:55:39 -   Precision: 0.750
2025-08-30 13:55:39 -   Recall: 0.375
2025-08-30 13:55:39 -   F1 Score: 0.500
2025-08-30 13:55:39 -   AUC: 0.000
2025-08-30 13:55:39 -   Correct/Total: 34/40
2025-08-30 13:55:39 - Subject: sub-010
2025-08-30 13:55:39 -   Accuracy: 82.500%
2025-08-30 13:55:39 -   Precision: 0.600
2025-08-30 13:55:39 -   Recall: 0.375
2025-08-30 13:55:39 -   F1 Score: 0.462
2025-08-30 13:55:39 -   AUC: 0.000
2025-08-30 13:55:39 -   Correct/Total: 33/40
2025-08-30 13:55:39 - Subject: sub-011
2025-08-30 13:55:39 -   Accuracy: 75.000%
2025-08-30 13:55:39 -   Precision: 0.250
2025-08-30 13:55:39 -   Recall: 0.125
2025-08-30 13:55:39 -   F1 Score: 0.167
2025-08-30 13:55:39 -   AUC: 0.000
2025-08-30 13:55:39 -   Correct/Total: 30/40
2025-08-30 13:55:39 - Subject: sub-012
2025-08-30 13:55:39 -   Accuracy: 72.500%
2025-08-30 13:55:39 -   Precision: 0.200
2025-08-30 13:55:39 -   Recall: 0.125
2025-08-30 13:55:39 -   F1 Score: 0.154
2025-08-30 13:55:39 -   AUC: 0.000
2025-08-30 13:55:39 -   Correct/Total: 29/40
2025-08-30 13:55:39 - Subject: sub-013
2025-08-30 13:55:39 -   Accuracy: 82.500%
2025-08-30 13:55:39 -   Precision: 1.000
2025-08-30 13:55:39 -   Recall: 0.125
2025-08-30 13:55:39 -   F1 Score: 0.222
2025-08-30 13:55:39 -   AUC: 0.000
2025-08-30 13:55:39 -   Correct/Total: 33/40
2025-08-30 13:55:39 - Subject: sub-014
2025-08-30 13:55:39 -   Accuracy: 82.500%
2025-08-30 13:55:39 -   Precision: 1.000
2025-08-30 13:55:39 -   Recall: 0.125
2025-08-30 13:55:39 -   F1 Score: 0.222
2025-08-30 13:55:39 -   AUC: 0.000
2025-08-30 13:55:39 -   Correct/Total: 33/40
2025-08-30 13:55:39 - Subject: sub-015
2025-08-30 13:55:39 -   Accuracy: 80.000%
2025-08-30 13:55:39 -   Precision: 0.500
2025-08-30 13:55:39 -   Recall: 0.250
2025-08-30 13:55:39 -   F1 Score: 0.333
2025-08-30 13:55:39 -   AUC: 0.000
2025-08-30 13:55:39 -   Correct/Total: 32/40
2025-08-30 13:55:39 - Subject: sub-016
2025-08-30 13:55:39 -   Accuracy: 85.000%
2025-08-30 13:55:39 -   Precision: 0.667
2025-08-30 13:55:39 -   Recall: 0.500
2025-08-30 13:55:39 -   F1 Score: 0.571
2025-08-30 13:55:39 -   AUC: 0.000
2025-08-30 13:55:39 -   Correct/Total: 34/40
2025-08-30 13:55:39 - Subject: sub-017
2025-08-30 13:55:39 -   Accuracy: 72.500%
2025-08-30 13:55:39 -   Precision: 0.286
2025-08-30 13:55:39 -   Recall: 0.250
2025-08-30 13:55:39 -   F1 Score: 0.267
2025-08-30 13:55:39 -   AUC: 0.000
2025-08-30 13:55:39 -   Correct/Total: 29/40
2025-08-30 13:55:39 - Subject: sub-018
2025-08-30 13:55:39 -   Accuracy: 90.000%
2025-08-30 13:55:39 -   Precision: 1.000
2025-08-30 13:55:39 -   Recall: 0.500
2025-08-30 13:55:39 -   F1 Score: 0.667
2025-08-30 13:55:39 -   AUC: 0.000
2025-08-30 13:55:39 -   Correct/Total: 36/40
2025-08-30 13:55:39 - Subject: sub-019
2025-08-30 13:55:39 -   Accuracy: 77.500%
2025-08-30 13:55:39 -   Precision: 0.000
2025-08-30 13:55:39 -   Recall: 0.000
2025-08-30 13:55:39 -   F1 Score: 0.000
2025-08-30 13:55:39 -   AUC: 0.000
2025-08-30 13:55:39 -   Correct/Total: 31/40
2025-08-30 13:55:39 - Subject: sub-020
2025-08-30 13:55:39 -   Accuracy: 85.000%
2025-08-30 13:55:39 -   Precision: 1.000
2025-08-30 13:55:39 -   Recall: 0.250
2025-08-30 13:55:39 -   F1 Score: 0.400
2025-08-30 13:55:39 -   AUC: 0.000
2025-08-30 13:55:39 -   Correct/Total: 34/40
2025-08-30 13:55:39 - Subject: sub-021
2025-08-30 13:55:39 -   Accuracy: 82.500%
2025-08-30 13:55:39 -   Precision: 0.667
2025-08-30 13:55:39 -   Recall: 0.250
2025-08-30 13:55:39 -   F1 Score: 0.364
2025-08-30 13:55:39 -   AUC: 0.000
2025-08-30 13:55:39 -   Correct/Total: 33/40
2025-08-30 13:55:39 - Subject: sub-022
2025-08-30 13:55:39 -   Accuracy: 67.500%
2025-08-30 13:55:39 -   Precision: 0.143
2025-08-30 13:55:39 -   Recall: 0.125
2025-08-30 13:55:39 -   F1 Score: 0.133
2025-08-30 13:55:39 -   AUC: 0.000
2025-08-30 13:55:39 -   Correct/Total: 27/40
2025-08-30 13:55:39 - Subject: sub-023
2025-08-30 13:55:39 -   Accuracy: 82.500%
2025-08-30 13:55:39 -   Precision: 0.545
2025-08-30 13:55:39 -   Recall: 0.750
2025-08-30 13:55:39 -   F1 Score: 0.632
2025-08-30 13:55:39 -   AUC: 0.000
2025-08-30 13:55:39 -   Correct/Total: 33/40
2025-08-30 13:55:39 - Subject: sub-024
2025-08-30 13:55:39 -   Accuracy: 77.500%
2025-08-30 13:55:39 -   Precision: 0.429
2025-08-30 13:55:39 -   Recall: 0.375
2025-08-30 13:55:39 -   F1 Score: 0.400
2025-08-30 13:55:39 -   AUC: 0.000
2025-08-30 13:55:39 -   Correct/Total: 31/40
2025-08-30 13:55:39 - Subject: sub-025
2025-08-30 13:55:39 -   Accuracy: 77.500%
2025-08-30 13:55:39 -   Precision: 0.000
2025-08-30 13:55:39 -   Recall: 0.000
2025-08-30 13:55:39 -   F1 Score: 0.000
2025-08-30 13:55:39 -   AUC: 0.000
2025-08-30 13:55:39 -   Correct/Total: 31/40
2025-08-30 13:55:39 - Subject: sub-026
2025-08-30 13:55:39 -   Accuracy: 80.000%
2025-08-30 13:55:39 -   Precision: 0.500
2025-08-30 13:55:39 -   Recall: 0.250
2025-08-30 13:55:39 -   F1 Score: 0.333
2025-08-30 13:55:39 -   AUC: 0.000
2025-08-30 13:55:39 -   Correct/Total: 32/40
2025-08-30 13:55:39 - Subject: sub-027
2025-08-30 13:55:39 -   Accuracy: 70.000%
2025-08-30 13:55:39 -   Precision: 0.000
2025-08-30 13:55:39 -   Recall: 0.000
2025-08-30 13:55:39 -   F1 Score: 0.000
2025-08-30 13:55:39 -   AUC: 0.000
2025-08-30 13:55:39 -   Correct/Total: 28/40
2025-08-30 13:55:39 - Subject: sub-028
2025-08-30 13:55:39 -   Accuracy: 77.500%
2025-08-30 13:55:39 -   Precision: 0.333
2025-08-30 13:55:39 -   Recall: 0.125
2025-08-30 13:55:39 -   F1 Score: 0.182
2025-08-30 13:55:39 -   AUC: 0.000
2025-08-30 13:55:39 -   Correct/Total: 31/40
2025-08-30 13:55:39 - Subject: sub-029
2025-08-30 13:55:39 -   Accuracy: 82.500%
2025-08-30 13:55:39 -   Precision: 0.667
2025-08-30 13:55:39 -   Recall: 0.250
2025-08-30 13:55:39 -   F1 Score: 0.364
2025-08-30 13:55:39 -   AUC: 0.000
2025-08-30 13:55:39 -   Correct/Total: 33/40
2025-08-30 13:55:39 - Subject: sub-030
2025-08-30 13:55:39 -   Accuracy: 77.500%
2025-08-30 13:55:39 -   Precision: 0.000
2025-08-30 13:55:39 -   Recall: 0.000
2025-08-30 13:55:39 -   F1 Score: 0.000
2025-08-30 13:55:39 -   AUC: 0.000
2025-08-30 13:55:39 -   Correct/Total: 31/40
2025-08-30 13:55:39 - Subject: sub-031
2025-08-30 13:55:39 -   Accuracy: 80.000%
2025-08-30 13:55:39 -   Precision: 0.500
2025-08-30 13:55:39 -   Recall: 0.375
2025-08-30 13:55:39 -   F1 Score: 0.429
2025-08-30 13:55:39 -   AUC: 0.000
2025-08-30 13:55:39 -   Correct/Total: 32/40
2025-08-30 13:55:39 - Subject: sub-032
2025-08-30 13:55:39 -   Accuracy: 87.500%
2025-08-30 13:55:39 -   Precision: 0.800
2025-08-30 13:55:39 -   Recall: 0.500
2025-08-30 13:55:39 -   F1 Score: 0.615
2025-08-30 13:55:39 -   AUC: 0.000
2025-08-30 13:55:39 -   Correct/Total: 35/40
2025-08-30 13:55:39 - Subject: sub-033
2025-08-30 13:55:39 -   Accuracy: 77.500%
2025-08-30 13:55:39 -   Precision: 0.400
2025-08-30 13:55:39 -   Recall: 0.250
2025-08-30 13:55:39 -   F1 Score: 0.308
2025-08-30 13:55:39 -   AUC: 0.000
2025-08-30 13:55:39 -   Correct/Total: 31/40
2025-08-30 13:55:39 - Subject: sub-034
2025-08-30 13:55:39 -   Accuracy: 87.500%
2025-08-30 13:55:39 -   Precision: 0.714
2025-08-30 13:55:39 -   Recall: 0.625
2025-08-30 13:55:39 -   F1 Score: 0.667
2025-08-30 13:55:39 -   AUC: 0.000
2025-08-30 13:55:39 -   Correct/Total: 35/40
2025-08-30 13:55:39 - Subject: sub-035
2025-08-30 13:55:39 -   Accuracy: 82.500%
2025-08-30 13:55:39 -   Precision: 0.667
2025-08-30 13:55:39 -   Recall: 0.250
2025-08-30 13:55:39 -   F1 Score: 0.364
2025-08-30 13:55:39 -   AUC: 0.000
2025-08-30 13:55:39 -   Correct/Total: 33/40
2025-08-30 13:55:39 - Subject: sub-036
2025-08-30 13:55:39 -   Accuracy: 75.000%
2025-08-30 13:55:39 -   Precision: 0.000
2025-08-30 13:55:39 -   Recall: 0.000
2025-08-30 13:55:39 -   F1 Score: 0.000
2025-08-30 13:55:39 -   AUC: 0.000
2025-08-30 13:55:39 -   Correct/Total: 30/40
2025-08-30 13:55:39 - Subject: sub-037
2025-08-30 13:55:39 -   Accuracy: 95.000%
2025-08-30 13:55:39 -   Precision: 0.875
2025-08-30 13:55:39 -   Recall: 0.875
2025-08-30 13:55:39 -   F1 Score: 0.875
2025-08-30 13:55:39 -   AUC: 0.000
2025-08-30 13:55:39 -   Correct/Total: 38/40
2025-08-30 13:55:39 - Subject: sub-038
2025-08-30 13:55:39 -   Accuracy: 80.000%
2025-08-30 13:55:39 -   Precision: 0.500
2025-08-30 13:55:39 -   Recall: 0.125
2025-08-30 13:55:39 -   F1 Score: 0.200
2025-08-30 13:55:39 -   AUC: 0.000
2025-08-30 13:55:39 -   Correct/Total: 32/40
2025-08-30 13:55:39 - Subject: sub-039
2025-08-30 13:55:39 -   Accuracy: 87.500%
2025-08-30 13:55:39 -   Precision: 0.714
2025-08-30 13:55:39 -   Recall: 0.625
2025-08-30 13:55:39 -   F1 Score: 0.667
2025-08-30 13:55:39 -   AUC: 0.000
2025-08-30 13:55:39 -   Correct/Total: 35/40
2025-08-30 13:55:39 - Subject: sub-040
2025-08-30 13:55:39 -   Accuracy: 72.500%
2025-08-30 13:55:39 -   Precision: 0.286
2025-08-30 13:55:39 -   Recall: 0.250
2025-08-30 13:55:39 -   F1 Score: 0.267
2025-08-30 13:55:39 -   AUC: 0.000
2025-08-30 13:55:39 -   Correct/Total: 29/40
2025-08-30 13:55:39 - 
P3 Individual Models Statistics:
2025-08-30 13:55:39 - Mean Accuracy: 0.804
2025-08-30 13:55:39 - 95% Confidence Interval: [0.785, 0.823]
2025-08-30 13:55:39 - Best Subject: sub-037 (0.950)
2025-08-30 13:55:39 - Worst Subject: sub-022 (0.675)
