2025-08-29 18:27:33 - 
Experiment Configuration:
2025-08-29 18:27:33 - --------------------------------------------------
2025-08-29 18:27:33 - dataset: P3 Raw Data BIDS-Compatible
2025-08-29 18:27:33 - use_combined_datasets: False
2025-08-29 18:27:33 - electrode_list: all
2025-08-29 18:27:33 - classifier: ShallowFBCSPNet
2025-08-29 18:27:33 - separate_subject_classification: False
2025-08-29 18:27:33 - use_subject_layer: False
2025-08-29 18:27:33 - seeds: [1]
2025-08-29 18:27:33 - --------------------------------------------------
2025-08-29 18:27:33 - 
==================================================
2025-08-29 18:27:33 - Processing P3 Dataset
2025-08-29 18:27:33 - ==================================================
2025-08-29 18:34:05 - 
Overall Experiment Metrics:
2025-08-29 18:34:05 - --------------------------------------------------
2025-08-29 18:34:05 - Accuracy: 0.7971
2025-08-29 18:34:05 - Precision: 0.4891
2025-08-29 18:34:05 - Recall: 0.2821
2025-08-29 18:34:05 - F1 Score: 0.3579
2025-08-29 18:34:05 - AUC: 0.5000
2025-08-29 18:34:05 - 
Confusion Matrix Plot: ./log_0829\P3_clf-ShallowFBCSPNet_sep-False_el-FP1_F3_F7_FC3_C3_C5_P3_P7_P9_PO7_PO3_O1_Oz_Pz_CPz_FP2_Fz_F4_F8_FC4_FCz_Cz_C4_C6_P4_P8_P10_PO8_PO4_O2_confusion_matrix_20250829_183404.png
2025-08-29 18:34:05 - --------------------------------------------------
2025-08-29 18:34:05 - Subject: sub-001
2025-08-29 18:34:05 -   Accuracy: 74.194%
2025-08-29 18:34:05 -   Precision: 0.500
2025-08-29 18:34:05 -   Recall: 0.125
2025-08-29 18:34:05 -   F1 Score: 0.200
2025-08-29 18:34:05 -   AUC: 0.000
2025-08-29 18:34:05 -   Correct/Total: 23/31
2025-08-29 18:34:05 - Subject: sub-002
2025-08-29 18:34:05 -   Accuracy: 75.758%
2025-08-29 18:34:05 -   Precision: 0.636
2025-08-29 18:34:05 -   Recall: 0.636
2025-08-29 18:34:05 -   F1 Score: 0.636
2025-08-29 18:34:05 -   AUC: 0.000
2025-08-29 18:34:05 -   Correct/Total: 25/33
2025-08-29 18:34:05 - Subject: sub-003
2025-08-29 18:34:05 -   Accuracy: 84.211%
2025-08-29 18:34:05 -   Precision: 0.500
2025-08-29 18:34:05 -   Recall: 0.500
2025-08-29 18:34:05 -   F1 Score: 0.500
2025-08-29 18:34:05 -   AUC: 0.000
2025-08-29 18:34:05 -   Correct/Total: 32/38
2025-08-29 18:34:05 - Subject: sub-004
2025-08-29 18:34:05 -   Accuracy: 87.234%
2025-08-29 18:34:05 -   Precision: 0.833
2025-08-29 18:34:05 -   Recall: 0.500
2025-08-29 18:34:05 -   F1 Score: 0.625
2025-08-29 18:34:05 -   AUC: 0.000
2025-08-29 18:34:05 -   Correct/Total: 41/47
2025-08-29 18:34:05 - Subject: sub-005
2025-08-29 18:34:05 -   Accuracy: 86.667%
2025-08-29 18:34:05 -   Precision: 0.600
2025-08-29 18:34:05 -   Recall: 0.429
2025-08-29 18:34:05 -   F1 Score: 0.500
2025-08-29 18:34:05 -   AUC: 0.000
2025-08-29 18:34:05 -   Correct/Total: 39/45
2025-08-29 18:34:05 - Subject: sub-006
2025-08-29 18:34:05 -   Accuracy: 79.070%
2025-08-29 18:34:05 -   Precision: 0.500
2025-08-29 18:34:05 -   Recall: 0.222
2025-08-29 18:34:05 -   F1 Score: 0.308
2025-08-29 18:34:05 -   AUC: 0.000
2025-08-29 18:34:05 -   Correct/Total: 34/43
2025-08-29 18:34:05 - Subject: sub-007
2025-08-29 18:34:05 -   Accuracy: 80.000%
2025-08-29 18:34:05 -   Precision: 0.000
2025-08-29 18:34:05 -   Recall: 0.000
2025-08-29 18:34:05 -   F1 Score: 0.000
2025-08-29 18:34:05 -   AUC: 0.000
2025-08-29 18:34:05 -   Correct/Total: 32/40
2025-08-29 18:34:05 - Subject: sub-008
2025-08-29 18:34:05 -   Accuracy: 87.879%
2025-08-29 18:34:05 -   Precision: 1.000
2025-08-29 18:34:05 -   Recall: 0.200
2025-08-29 18:34:05 -   F1 Score: 0.333
2025-08-29 18:34:05 -   AUC: 0.000
2025-08-29 18:34:05 -   Correct/Total: 29/33
2025-08-29 18:34:05 - Subject: sub-009
2025-08-29 18:34:05 -   Accuracy: 73.684%
2025-08-29 18:34:05 -   Precision: 0.200
2025-08-29 18:34:05 -   Recall: 0.143
2025-08-29 18:34:05 -   F1 Score: 0.167
2025-08-29 18:34:05 -   AUC: 0.000
2025-08-29 18:34:05 -   Correct/Total: 28/38
2025-08-29 18:34:05 - Subject: sub-010
2025-08-29 18:34:05 -   Accuracy: 66.667%
2025-08-29 18:34:05 -   Precision: 0.333
2025-08-29 18:34:05 -   Recall: 0.091
2025-08-29 18:34:05 -   F1 Score: 0.143
2025-08-29 18:34:05 -   AUC: 0.000
2025-08-29 18:34:05 -   Correct/Total: 24/36
2025-08-29 18:34:05 - Subject: sub-011
2025-08-29 18:34:05 -   Accuracy: 84.783%
2025-08-29 18:34:05 -   Precision: 0.000
2025-08-29 18:34:05 -   Recall: 0.000
2025-08-29 18:34:05 -   F1 Score: 0.000
2025-08-29 18:34:05 -   AUC: 0.000
2025-08-29 18:34:05 -   Correct/Total: 39/46
2025-08-29 18:34:05 - Subject: sub-012
2025-08-29 18:34:05 -   Accuracy: 80.000%
2025-08-29 18:34:05 -   Precision: 0.286
2025-08-29 18:34:05 -   Recall: 0.400
2025-08-29 18:34:05 -   F1 Score: 0.333
2025-08-29 18:34:05 -   AUC: 0.000
2025-08-29 18:34:05 -   Correct/Total: 32/40
2025-08-29 18:34:05 - Subject: sub-013
2025-08-29 18:34:05 -   Accuracy: 84.091%
2025-08-29 18:34:05 -   Precision: 0.000
2025-08-29 18:34:05 -   Recall: 0.000
2025-08-29 18:34:05 -   F1 Score: 0.000
2025-08-29 18:34:05 -   AUC: 0.000
2025-08-29 18:34:05 -   Correct/Total: 37/44
2025-08-29 18:34:05 - Subject: sub-014
2025-08-29 18:34:05 -   Accuracy: 78.571%
2025-08-29 18:34:05 -   Precision: 0.000
2025-08-29 18:34:05 -   Recall: 0.000
2025-08-29 18:34:05 -   F1 Score: 0.000
2025-08-29 18:34:05 -   AUC: 0.000
2025-08-29 18:34:05 -   Correct/Total: 33/42
2025-08-29 18:34:05 - Subject: sub-015
2025-08-29 18:34:05 -   Accuracy: 77.778%
2025-08-29 18:34:05 -   Precision: 0.500
2025-08-29 18:34:05 -   Recall: 0.125
2025-08-29 18:34:05 -   F1 Score: 0.200
2025-08-29 18:34:05 -   AUC: 0.000
2025-08-29 18:34:05 -   Correct/Total: 28/36
2025-08-29 18:34:05 - Subject: sub-016
2025-08-29 18:34:05 -   Accuracy: 77.500%
2025-08-29 18:34:05 -   Precision: 0.750
2025-08-29 18:34:05 -   Recall: 0.273
2025-08-29 18:34:05 -   F1 Score: 0.400
2025-08-29 18:34:05 -   AUC: 0.000
2025-08-29 18:34:05 -   Correct/Total: 31/40
2025-08-29 18:34:05 - Subject: sub-017
2025-08-29 18:34:05 -   Accuracy: 76.190%
2025-08-29 18:34:05 -   Precision: 0.500
2025-08-29 18:34:05 -   Recall: 0.100
2025-08-29 18:34:05 -   F1 Score: 0.167
2025-08-29 18:34:05 -   AUC: 0.000
2025-08-29 18:34:05 -   Correct/Total: 32/42
2025-08-29 18:34:05 - Subject: sub-018
2025-08-29 18:34:05 -   Accuracy: 77.778%
2025-08-29 18:34:05 -   Precision: 0.625
2025-08-29 18:34:05 -   Recall: 0.500
2025-08-29 18:34:05 -   F1 Score: 0.556
2025-08-29 18:34:05 -   AUC: 0.000
2025-08-29 18:34:05 -   Correct/Total: 28/36
2025-08-29 18:34:05 - Subject: sub-019
2025-08-29 18:34:05 -   Accuracy: 77.500%
2025-08-29 18:34:05 -   Precision: 0.200
2025-08-29 18:34:05 -   Recall: 0.167
2025-08-29 18:34:05 -   F1 Score: 0.182
2025-08-29 18:34:05 -   AUC: 0.000
2025-08-29 18:34:05 -   Correct/Total: 31/40
2025-08-29 18:34:05 - Subject: sub-020
2025-08-29 18:34:05 -   Accuracy: 85.294%
2025-08-29 18:34:05 -   Precision: 0.000
2025-08-29 18:34:05 -   Recall: 0.000
2025-08-29 18:34:05 -   F1 Score: 0.000
2025-08-29 18:34:05 -   AUC: 0.000
2025-08-29 18:34:05 -   Correct/Total: 29/34
2025-08-29 18:34:05 - Subject: sub-021
2025-08-29 18:34:05 -   Accuracy: 86.111%
2025-08-29 18:34:05 -   Precision: 0.600
2025-08-29 18:34:05 -   Recall: 0.500
2025-08-29 18:34:05 -   F1 Score: 0.545
2025-08-29 18:34:05 -   AUC: 0.000
2025-08-29 18:34:05 -   Correct/Total: 31/36
2025-08-29 18:34:05 - Subject: sub-022
2025-08-29 18:34:05 -   Accuracy: 68.182%
2025-08-29 18:34:05 -   Precision: 0.000
2025-08-29 18:34:05 -   Recall: 0.000
2025-08-29 18:34:05 -   F1 Score: 0.000
2025-08-29 18:34:05 -   AUC: 0.000
2025-08-29 18:34:05 -   Correct/Total: 30/44
2025-08-29 18:34:05 - Subject: sub-023
2025-08-29 18:34:05 -   Accuracy: 82.500%
2025-08-29 18:34:05 -   Precision: 0.667
2025-08-29 18:34:05 -   Recall: 0.250
2025-08-29 18:34:05 -   F1 Score: 0.364
2025-08-29 18:34:05 -   AUC: 0.000
2025-08-29 18:34:05 -   Correct/Total: 33/40
2025-08-29 18:34:05 - Subject: sub-024
2025-08-29 18:34:05 -   Accuracy: 94.444%
2025-08-29 18:34:05 -   Precision: 0.889
2025-08-29 18:34:05 -   Recall: 0.889
2025-08-29 18:34:05 -   F1 Score: 0.889
2025-08-29 18:34:05 -   AUC: 0.000
2025-08-29 18:34:05 -   Correct/Total: 34/36
2025-08-29 18:34:05 - Subject: sub-025
2025-08-29 18:34:05 -   Accuracy: 61.290%
2025-08-29 18:34:05 -   Precision: 0.400
2025-08-29 18:34:05 -   Recall: 0.182
2025-08-29 18:34:05 -   F1 Score: 0.250
2025-08-29 18:34:05 -   AUC: 0.000
2025-08-29 18:34:05 -   Correct/Total: 19/31
2025-08-29 18:34:05 - Subject: sub-026
2025-08-29 18:34:05 -   Accuracy: 79.070%
2025-08-29 18:34:05 -   Precision: 0.500
2025-08-29 18:34:05 -   Recall: 0.556
2025-08-29 18:34:05 -   F1 Score: 0.526
2025-08-29 18:34:05 -   AUC: 0.000
2025-08-29 18:34:05 -   Correct/Total: 34/43
2025-08-29 18:34:05 - Subject: sub-027
2025-08-29 18:34:05 -   Accuracy: 70.000%
2025-08-29 18:34:05 -   Precision: 0.000
2025-08-29 18:34:05 -   Recall: 0.000
2025-08-29 18:34:05 -   F1 Score: 0.000
2025-08-29 18:34:05 -   AUC: 0.000
2025-08-29 18:34:05 -   Correct/Total: 28/40
2025-08-29 18:34:05 - Subject: sub-028
2025-08-29 18:34:05 -   Accuracy: 85.366%
2025-08-29 18:34:05 -   Precision: 0.400
2025-08-29 18:34:05 -   Recall: 0.400
2025-08-29 18:34:05 -   F1 Score: 0.400
2025-08-29 18:34:05 -   AUC: 0.000
2025-08-29 18:34:05 -   Correct/Total: 35/41
2025-08-29 18:34:05 - Subject: sub-029
2025-08-29 18:34:05 -   Accuracy: 85.366%
2025-08-29 18:34:05 -   Precision: 0.600
2025-08-29 18:34:05 -   Recall: 0.429
2025-08-29 18:34:05 -   F1 Score: 0.500
2025-08-29 18:34:05 -   AUC: 0.000
2025-08-29 18:34:05 -   Correct/Total: 35/41
2025-08-29 18:34:05 - Subject: sub-030
2025-08-29 18:34:05 -   Accuracy: 83.871%
2025-08-29 18:34:05 -   Precision: 0.333
2025-08-29 18:34:05 -   Recall: 0.250
2025-08-29 18:34:05 -   F1 Score: 0.286
2025-08-29 18:34:05 -   AUC: 0.000
2025-08-29 18:34:05 -   Correct/Total: 26/31
2025-08-29 18:34:05 - Subject: sub-031
2025-08-29 18:34:05 -   Accuracy: 84.444%
2025-08-29 18:34:05 -   Precision: 0.500
2025-08-29 18:34:05 -   Recall: 0.286
2025-08-29 18:34:05 -   F1 Score: 0.364
2025-08-29 18:34:05 -   AUC: 0.000
2025-08-29 18:34:05 -   Correct/Total: 38/45
2025-08-29 18:34:05 - Subject: sub-032
2025-08-29 18:34:05 -   Accuracy: 67.857%
2025-08-29 18:34:05 -   Precision: 0.400
2025-08-29 18:34:05 -   Recall: 0.400
2025-08-29 18:34:05 -   F1 Score: 0.400
2025-08-29 18:34:05 -   AUC: 0.000
2025-08-29 18:34:05 -   Correct/Total: 38/56
2025-08-29 18:34:05 - Subject: sub-033
2025-08-29 18:34:05 -   Accuracy: 83.721%
2025-08-29 18:34:05 -   Precision: 0.400
2025-08-29 18:34:05 -   Recall: 0.333
2025-08-29 18:34:05 -   F1 Score: 0.364
2025-08-29 18:34:05 -   AUC: 0.000
2025-08-29 18:34:05 -   Correct/Total: 36/43
2025-08-29 18:34:05 - Subject: sub-034
2025-08-29 18:34:05 -   Accuracy: 81.395%
2025-08-29 18:34:05 -   Precision: 0.714
2025-08-29 18:34:05 -   Recall: 0.455
2025-08-29 18:34:05 -   F1 Score: 0.556
2025-08-29 18:34:05 -   AUC: 0.000
2025-08-29 18:34:05 -   Correct/Total: 35/43
2025-08-29 18:34:05 - Subject: sub-035
2025-08-29 18:34:05 -   Accuracy: 79.630%
2025-08-29 18:34:05 -   Precision: 0.800
2025-08-29 18:34:05 -   Recall: 0.286
2025-08-29 18:34:05 -   F1 Score: 0.421
2025-08-29 18:34:05 -   AUC: 0.000
2025-08-29 18:34:05 -   Correct/Total: 43/54
2025-08-29 18:34:05 - Subject: sub-036
2025-08-29 18:34:05 -   Accuracy: 82.979%
2025-08-29 18:34:05 -   Precision: 0.333
2025-08-29 18:34:05 -   Recall: 0.143
2025-08-29 18:34:05 -   F1 Score: 0.200
2025-08-29 18:34:05 -   AUC: 0.000
2025-08-29 18:34:05 -   Correct/Total: 39/47
2025-08-29 18:34:05 - Subject: sub-037
2025-08-29 18:34:05 -   Accuracy: 80.000%
2025-08-29 18:34:05 -   Precision: 0.000
2025-08-29 18:34:05 -   Recall: 0.000
2025-08-29 18:34:05 -   F1 Score: 0.000
2025-08-29 18:34:05 -   AUC: 0.000
2025-08-29 18:34:05 -   Correct/Total: 28/35
2025-08-29 18:34:05 - Subject: sub-038
2025-08-29 18:34:05 -   Accuracy: 81.818%
2025-08-29 18:34:05 -   Precision: 1.000
2025-08-29 18:34:05 -   Recall: 0.400
2025-08-29 18:34:05 -   F1 Score: 0.571
2025-08-29 18:34:05 -   AUC: 0.000
2025-08-29 18:34:05 -   Correct/Total: 27/33
2025-08-29 18:34:05 - Subject: sub-039
2025-08-29 18:34:05 -   Accuracy: 77.143%
2025-08-29 18:34:05 -   Precision: 0.667
2025-08-29 18:34:05 -   Recall: 0.222
2025-08-29 18:34:05 -   F1 Score: 0.333
2025-08-29 18:34:05 -   AUC: 0.000
2025-08-29 18:34:05 -   Correct/Total: 27/35
2025-08-29 18:34:05 - Subject: sub-040
2025-08-29 18:34:05 -   Accuracy: 76.471%
2025-08-29 18:34:05 -   Precision: 0.333
2025-08-29 18:34:05 -   Recall: 0.143
2025-08-29 18:34:05 -   F1 Score: 0.200
2025-08-29 18:34:05 -   AUC: 0.000
2025-08-29 18:34:05 -   Correct/Total: 26/34
2025-08-29 18:34:05 - 
P3 Pooled Model Statistics:
2025-08-29 18:34:05 - Mean Accuracy: 0.797
2025-08-29 18:34:05 - 95% Confidence Interval: [0.776, 0.818]
2025-08-29 18:34:05 - Best Subject: sub-024 (0.944)
2025-08-29 18:34:05 - Worst Subject: sub-025 (0.613)
