2025-08-29 18:19:54 - 
Experiment Configuration:
2025-08-29 18:19:54 - --------------------------------------------------
2025-08-29 18:19:54 - dataset: P3 Raw Data BIDS-Compatible
2025-08-29 18:19:54 - use_combined_datasets: False
2025-08-29 18:19:54 - electrode_list: common
2025-08-29 18:19:54 - classifier: lda
2025-08-29 18:19:54 - separate_subject_classification: True
2025-08-29 18:19:54 - use_subject_layer: False
2025-08-29 18:19:54 - seeds: [1]
2025-08-29 18:19:54 - --------------------------------------------------
2025-08-29 18:19:54 - 
==================================================
2025-08-29 18:19:54 - Processing P3 Dataset
2025-08-29 18:19:54 - ==================================================
2025-08-29 18:20:51 - 
Overall Experiment Metrics:
2025-08-29 18:20:51 - --------------------------------------------------
2025-08-29 18:20:51 - Accuracy: 0.7638
2025-08-29 18:20:51 - Precision: 0.4076
2025-08-29 18:20:51 - Recall: 0.4000
2025-08-29 18:20:51 - F1 Score: 0.4038
2025-08-29 18:20:51 - AUC: 0.5000
2025-08-29 18:20:51 - 
Confusion Matrix Plot: ./log_0829\P3_clf-lda_sep-True_el-FP1_Fz_F3_F7_C3_P3_P7_O1_Oz_Pz_O2_P4_P8_C4_F4_F8_confusion_matrix_20250829_182050.png
2025-08-29 18:20:51 - --------------------------------------------------
2025-08-29 18:20:51 - Subject: sub-001
2025-08-29 18:20:51 -   Accuracy: 62.500%
2025-08-29 18:20:51 -   Precision: 0.182
2025-08-29 18:20:51 -   Recall: 0.250
2025-08-29 18:20:51 -   F1 Score: 0.211
2025-08-29 18:20:51 -   AUC: 0.000
2025-08-29 18:20:51 -   Correct/Total: 25/40
2025-08-29 18:20:51 - Subject: sub-002
2025-08-29 18:20:51 -   Accuracy: 77.500%
2025-08-29 18:20:51 -   Precision: 0.429
2025-08-29 18:20:51 -   Recall: 0.375
2025-08-29 18:20:51 -   F1 Score: 0.400
2025-08-29 18:20:51 -   AUC: 0.000
2025-08-29 18:20:51 -   Correct/Total: 31/40
2025-08-29 18:20:51 - Subject: sub-003
2025-08-29 18:20:51 -   Accuracy: 87.500%
2025-08-29 18:20:51 -   Precision: 1.000
2025-08-29 18:20:51 -   Recall: 0.375
2025-08-29 18:20:51 -   F1 Score: 0.545
2025-08-29 18:20:51 -   AUC: 0.000
2025-08-29 18:20:51 -   Correct/Total: 35/40
2025-08-29 18:20:51 - Subject: sub-004
2025-08-29 18:20:51 -   Accuracy: 80.000%
2025-08-29 18:20:51 -   Precision: 0.500
2025-08-29 18:20:51 -   Recall: 0.250
2025-08-29 18:20:51 -   F1 Score: 0.333
2025-08-29 18:20:51 -   AUC: 0.000
2025-08-29 18:20:51 -   Correct/Total: 32/40
2025-08-29 18:20:51 - Subject: sub-005
2025-08-29 18:20:51 -   Accuracy: 77.500%
2025-08-29 18:20:51 -   Precision: 0.429
2025-08-29 18:20:51 -   Recall: 0.375
2025-08-29 18:20:51 -   F1 Score: 0.400
2025-08-29 18:20:51 -   AUC: 0.000
2025-08-29 18:20:51 -   Correct/Total: 31/40
2025-08-29 18:20:51 - Subject: sub-006
2025-08-29 18:20:51 -   Accuracy: 70.000%
2025-08-29 18:20:51 -   Precision: 0.167
2025-08-29 18:20:51 -   Recall: 0.125
2025-08-29 18:20:51 -   F1 Score: 0.143
2025-08-29 18:20:51 -   AUC: 0.000
2025-08-29 18:20:51 -   Correct/Total: 28/40
2025-08-29 18:20:51 - Subject: sub-007
2025-08-29 18:20:51 -   Accuracy: 85.000%
2025-08-29 18:20:51 -   Precision: 0.750
2025-08-29 18:20:51 -   Recall: 0.375
2025-08-29 18:20:51 -   F1 Score: 0.500
2025-08-29 18:20:51 -   AUC: 0.000
2025-08-29 18:20:51 -   Correct/Total: 34/40
2025-08-29 18:20:51 - Subject: sub-008
2025-08-29 18:20:51 -   Accuracy: 67.500%
2025-08-29 18:20:51 -   Precision: 0.308
2025-08-29 18:20:51 -   Recall: 0.500
2025-08-29 18:20:51 -   F1 Score: 0.381
2025-08-29 18:20:51 -   AUC: 0.000
2025-08-29 18:20:51 -   Correct/Total: 27/40
2025-08-29 18:20:51 - Subject: sub-009
2025-08-29 18:20:51 -   Accuracy: 77.500%
2025-08-29 18:20:51 -   Precision: 0.400
2025-08-29 18:20:51 -   Recall: 0.250
2025-08-29 18:20:51 -   F1 Score: 0.308
2025-08-29 18:20:51 -   AUC: 0.000
2025-08-29 18:20:51 -   Correct/Total: 31/40
2025-08-29 18:20:51 - Subject: sub-010
2025-08-29 18:20:51 -   Accuracy: 75.000%
2025-08-29 18:20:51 -   Precision: 0.375
2025-08-29 18:20:51 -   Recall: 0.375
2025-08-29 18:20:51 -   F1 Score: 0.375
2025-08-29 18:20:51 -   AUC: 0.000
2025-08-29 18:20:51 -   Correct/Total: 30/40
2025-08-29 18:20:51 - Subject: sub-011
2025-08-29 18:20:51 -   Accuracy: 65.000%
2025-08-29 18:20:51 -   Precision: 0.250
2025-08-29 18:20:51 -   Recall: 0.375
2025-08-29 18:20:51 -   F1 Score: 0.300
2025-08-29 18:20:51 -   AUC: 0.000
2025-08-29 18:20:51 -   Correct/Total: 26/40
2025-08-29 18:20:51 - Subject: sub-012
2025-08-29 18:20:51 -   Accuracy: 72.500%
2025-08-29 18:20:51 -   Precision: 0.200
2025-08-29 18:20:51 -   Recall: 0.125
2025-08-29 18:20:51 -   F1 Score: 0.154
2025-08-29 18:20:51 -   AUC: 0.000
2025-08-29 18:20:51 -   Correct/Total: 29/40
2025-08-29 18:20:51 - Subject: sub-013
2025-08-29 18:20:51 -   Accuracy: 80.000%
2025-08-29 18:20:51 -   Precision: 0.500
2025-08-29 18:20:51 -   Recall: 0.375
2025-08-29 18:20:51 -   F1 Score: 0.429
2025-08-29 18:20:51 -   AUC: 0.000
2025-08-29 18:20:51 -   Correct/Total: 32/40
2025-08-29 18:20:51 - Subject: sub-014
2025-08-29 18:20:51 -   Accuracy: 77.500%
2025-08-29 18:20:51 -   Precision: 0.444
2025-08-29 18:20:51 -   Recall: 0.500
2025-08-29 18:20:51 -   F1 Score: 0.471
2025-08-29 18:20:51 -   AUC: 0.000
2025-08-29 18:20:51 -   Correct/Total: 31/40
2025-08-29 18:20:51 - Subject: sub-015
2025-08-29 18:20:51 -   Accuracy: 80.000%
2025-08-29 18:20:51 -   Precision: 0.500
2025-08-29 18:20:51 -   Recall: 0.375
2025-08-29 18:20:51 -   F1 Score: 0.429
2025-08-29 18:20:51 -   AUC: 0.000
2025-08-29 18:20:51 -   Correct/Total: 32/40
2025-08-29 18:20:51 - Subject: sub-016
2025-08-29 18:20:51 -   Accuracy: 87.500%
2025-08-29 18:20:51 -   Precision: 0.714
2025-08-29 18:20:51 -   Recall: 0.625
2025-08-29 18:20:51 -   F1 Score: 0.667
2025-08-29 18:20:51 -   AUC: 0.000
2025-08-29 18:20:51 -   Correct/Total: 35/40
2025-08-29 18:20:51 - Subject: sub-017
2025-08-29 18:20:51 -   Accuracy: 77.500%
2025-08-29 18:20:51 -   Precision: 0.444
2025-08-29 18:20:51 -   Recall: 0.500
2025-08-29 18:20:51 -   F1 Score: 0.471
2025-08-29 18:20:51 -   AUC: 0.000
2025-08-29 18:20:51 -   Correct/Total: 31/40
2025-08-29 18:20:51 - Subject: sub-018
2025-08-29 18:20:51 -   Accuracy: 77.500%
2025-08-29 18:20:51 -   Precision: 0.444
2025-08-29 18:20:51 -   Recall: 0.500
2025-08-29 18:20:51 -   F1 Score: 0.471
2025-08-29 18:20:51 -   AUC: 0.000
2025-08-29 18:20:51 -   Correct/Total: 31/40
2025-08-29 18:20:51 - Subject: sub-019
2025-08-29 18:20:51 -   Accuracy: 82.500%
2025-08-29 18:20:51 -   Precision: 0.571
2025-08-29 18:20:51 -   Recall: 0.500
2025-08-29 18:20:51 -   F1 Score: 0.533
2025-08-29 18:20:51 -   AUC: 0.000
2025-08-29 18:20:51 -   Correct/Total: 33/40
2025-08-29 18:20:51 - Subject: sub-020
2025-08-29 18:20:51 -   Accuracy: 82.500%
2025-08-29 18:20:51 -   Precision: 0.667
2025-08-29 18:20:51 -   Recall: 0.250
2025-08-29 18:20:51 -   F1 Score: 0.364
2025-08-29 18:20:51 -   AUC: 0.000
2025-08-29 18:20:51 -   Correct/Total: 33/40
2025-08-29 18:20:51 - Subject: sub-021
2025-08-29 18:20:51 -   Accuracy: 82.500%
2025-08-29 18:20:51 -   Precision: 0.556
2025-08-29 18:20:51 -   Recall: 0.625
2025-08-29 18:20:51 -   F1 Score: 0.588
2025-08-29 18:20:51 -   AUC: 0.000
2025-08-29 18:20:51 -   Correct/Total: 33/40
2025-08-29 18:20:51 - Subject: sub-022
2025-08-29 18:20:51 -   Accuracy: 85.000%
2025-08-29 18:20:51 -   Precision: 0.625
2025-08-29 18:20:51 -   Recall: 0.625
2025-08-29 18:20:51 -   F1 Score: 0.625
2025-08-29 18:20:51 -   AUC: 0.000
2025-08-29 18:20:51 -   Correct/Total: 34/40
2025-08-29 18:20:51 - Subject: sub-023
2025-08-29 18:20:51 -   Accuracy: 80.000%
2025-08-29 18:20:51 -   Precision: 0.500
2025-08-29 18:20:51 -   Recall: 0.500
2025-08-29 18:20:51 -   F1 Score: 0.500
2025-08-29 18:20:51 -   AUC: 0.000
2025-08-29 18:20:51 -   Correct/Total: 32/40
2025-08-29 18:20:51 - Subject: sub-024
2025-08-29 18:20:51 -   Accuracy: 62.500%
2025-08-29 18:20:51 -   Precision: 0.182
2025-08-29 18:20:51 -   Recall: 0.250
2025-08-29 18:20:51 -   F1 Score: 0.211
2025-08-29 18:20:51 -   AUC: 0.000
2025-08-29 18:20:51 -   Correct/Total: 25/40
2025-08-29 18:20:51 - Subject: sub-025
2025-08-29 18:20:51 -   Accuracy: 70.000%
2025-08-29 18:20:51 -   Precision: 0.250
2025-08-29 18:20:51 -   Recall: 0.250
2025-08-29 18:20:51 -   F1 Score: 0.250
2025-08-29 18:20:51 -   AUC: 0.000
2025-08-29 18:20:51 -   Correct/Total: 28/40
2025-08-29 18:20:51 - Subject: sub-026
2025-08-29 18:20:51 -   Accuracy: 72.500%
2025-08-29 18:20:51 -   Precision: 0.333
2025-08-29 18:20:51 -   Recall: 0.375
2025-08-29 18:20:51 -   F1 Score: 0.353
2025-08-29 18:20:51 -   AUC: 0.000
2025-08-29 18:20:51 -   Correct/Total: 29/40
2025-08-29 18:20:51 - Subject: sub-027
2025-08-29 18:20:51 -   Accuracy: 75.000%
2025-08-29 18:20:51 -   Precision: 0.375
2025-08-29 18:20:51 -   Recall: 0.375
2025-08-29 18:20:51 -   F1 Score: 0.375
2025-08-29 18:20:51 -   AUC: 0.000
2025-08-29 18:20:51 -   Correct/Total: 30/40
2025-08-29 18:20:51 - Subject: sub-028
2025-08-29 18:20:51 -   Accuracy: 72.500%
2025-08-29 18:20:51 -   Precision: 0.200
2025-08-29 18:20:51 -   Recall: 0.125
2025-08-29 18:20:51 -   F1 Score: 0.154
2025-08-29 18:20:51 -   AUC: 0.000
2025-08-29 18:20:51 -   Correct/Total: 29/40
2025-08-29 18:20:51 - Subject: sub-029
2025-08-29 18:20:51 -   Accuracy: 87.500%
2025-08-29 18:20:51 -   Precision: 0.667
2025-08-29 18:20:51 -   Recall: 0.750
2025-08-29 18:20:51 -   F1 Score: 0.706
2025-08-29 18:20:51 -   AUC: 0.000
2025-08-29 18:20:51 -   Correct/Total: 35/40
2025-08-29 18:20:51 - Subject: sub-030
2025-08-29 18:20:51 -   Accuracy: 70.000%
2025-08-29 18:20:51 -   Precision: 0.250
2025-08-29 18:20:51 -   Recall: 0.250
2025-08-29 18:20:51 -   F1 Score: 0.250
2025-08-29 18:20:51 -   AUC: 0.000
2025-08-29 18:20:51 -   Correct/Total: 28/40
2025-08-29 18:20:51 - Subject: sub-031
2025-08-29 18:20:51 -   Accuracy: 80.000%
2025-08-29 18:20:51 -   Precision: 0.500
2025-08-29 18:20:51 -   Recall: 0.375
2025-08-29 18:20:51 -   F1 Score: 0.429
2025-08-29 18:20:51 -   AUC: 0.000
2025-08-29 18:20:51 -   Correct/Total: 32/40
2025-08-29 18:20:51 - Subject: sub-032
2025-08-29 18:20:51 -   Accuracy: 70.000%
2025-08-29 18:20:51 -   Precision: 0.250
2025-08-29 18:20:51 -   Recall: 0.250
2025-08-29 18:20:51 -   F1 Score: 0.250
2025-08-29 18:20:51 -   AUC: 0.000
2025-08-29 18:20:51 -   Correct/Total: 28/40
2025-08-29 18:20:51 - Subject: sub-033
2025-08-29 18:20:51 -   Accuracy: 77.500%
2025-08-29 18:20:51 -   Precision: 0.444
2025-08-29 18:20:51 -   Recall: 0.500
2025-08-29 18:20:51 -   F1 Score: 0.471
2025-08-29 18:20:51 -   AUC: 0.000
2025-08-29 18:20:51 -   Correct/Total: 31/40
2025-08-29 18:20:51 - Subject: sub-034
2025-08-29 18:20:51 -   Accuracy: 82.500%
2025-08-29 18:20:51 -   Precision: 0.545
2025-08-29 18:20:51 -   Recall: 0.750
2025-08-29 18:20:51 -   F1 Score: 0.632
2025-08-29 18:20:51 -   AUC: 0.000
2025-08-29 18:20:51 -   Correct/Total: 33/40
2025-08-29 18:20:51 - Subject: sub-035
2025-08-29 18:20:51 -   Accuracy: 70.000%
2025-08-29 18:20:51 -   Precision: 0.333
2025-08-29 18:20:51 -   Recall: 0.500
2025-08-29 18:20:51 -   F1 Score: 0.400
2025-08-29 18:20:51 -   AUC: 0.000
2025-08-29 18:20:51 -   Correct/Total: 28/40
2025-08-29 18:20:51 - Subject: sub-036
2025-08-29 18:20:51 -   Accuracy: 75.000%
2025-08-29 18:20:51 -   Precision: 0.333
2025-08-29 18:20:51 -   Recall: 0.250
2025-08-29 18:20:51 -   F1 Score: 0.286
2025-08-29 18:20:51 -   AUC: 0.000
2025-08-29 18:20:51 -   Correct/Total: 30/40
2025-08-29 18:20:51 - Subject: sub-037
2025-08-29 18:20:51 -   Accuracy: 80.000%
2025-08-29 18:20:51 -   Precision: 0.500
2025-08-29 18:20:51 -   Recall: 0.500
2025-08-29 18:20:51 -   F1 Score: 0.500
2025-08-29 18:20:51 -   AUC: 0.000
2025-08-29 18:20:51 -   Correct/Total: 32/40
2025-08-29 18:20:51 - Subject: sub-038
2025-08-29 18:20:51 -   Accuracy: 77.500%
2025-08-29 18:20:51 -   Precision: 0.455
2025-08-29 18:20:51 -   Recall: 0.625
2025-08-29 18:20:51 -   F1 Score: 0.526
2025-08-29 18:20:51 -   AUC: 0.000
2025-08-29 18:20:51 -   Correct/Total: 31/40
2025-08-29 18:20:51 - Subject: sub-039
2025-08-29 18:20:51 -   Accuracy: 75.000%
2025-08-29 18:20:51 -   Precision: 0.429
2025-08-29 18:20:51 -   Recall: 0.750
2025-08-29 18:20:51 -   F1 Score: 0.545
2025-08-29 18:20:51 -   AUC: 0.000
2025-08-29 18:20:51 -   Correct/Total: 30/40
2025-08-29 18:20:51 - Subject: sub-040
2025-08-29 18:20:51 -   Accuracy: 67.500%
2025-08-29 18:20:51 -   Precision: 0.000
2025-08-29 18:20:51 -   Recall: 0.000
2025-08-29 18:20:51 -   F1 Score: 0.000
2025-08-29 18:20:51 -   AUC: 0.000
2025-08-29 18:20:51 -   Correct/Total: 27/40
2025-08-29 18:20:51 - 
P3 Individual Models Statistics:
2025-08-29 18:20:51 - Mean Accuracy: 0.764
2025-08-29 18:20:51 - 95% Confidence Interval: [0.743, 0.785]
2025-08-29 18:20:51 - Best Subject: sub-003 (0.875)
2025-08-29 18:20:51 - Worst Subject: sub-001 (0.625)
