2025-08-29 18:36:02 - 
Experiment Configuration:
2025-08-29 18:36:02 - --------------------------------------------------
2025-08-29 18:36:02 - dataset: P3 Raw Data BIDS-Compatible
2025-08-29 18:36:02 - use_combined_datasets: False
2025-08-29 18:36:02 - electrode_list: all
2025-08-29 18:36:02 - classifier: lda
2025-08-29 18:36:02 - separate_subject_classification: False
2025-08-29 18:36:02 - use_subject_layer: False
2025-08-29 18:36:02 - seeds: [1]
2025-08-29 18:36:02 - --------------------------------------------------
2025-08-29 18:36:02 - 
==================================================
2025-08-29 18:36:02 - Processing P3 Dataset
2025-08-29 18:36:02 - ==================================================
2025-08-29 18:37:41 - 
Overall Experiment Metrics:
2025-08-29 18:37:41 - --------------------------------------------------
2025-08-29 18:37:41 - Accuracy: 0.7638
2025-08-29 18:37:41 - Precision: 0.3948
2025-08-29 18:37:41 - Recall: 0.3354
2025-08-29 18:37:41 - F1 Score: 0.3627
2025-08-29 18:37:41 - AUC: 0.5000
2025-08-29 18:37:41 - 
Confusion Matrix Plot: ./log_0829\P3_clf-lda_sep-False_el-FP1_F3_F7_FC3_C3_C5_P3_P7_P9_PO7_PO3_O1_Oz_Pz_CPz_FP2_Fz_F4_F8_FC4_FCz_Cz_C4_C6_P4_P8_P10_PO8_PO4_O2_confusion_matrix_20250829_183740.png
2025-08-29 18:37:41 - --------------------------------------------------
2025-08-29 18:37:41 - Subject: sub-001
2025-08-29 18:37:41 -   Accuracy: 76.190%
2025-08-29 18:37:41 -   Precision: 0.000
2025-08-29 18:37:41 -   Recall: 0.000
2025-08-29 18:37:41 -   F1 Score: 0.000
2025-08-29 18:37:41 -   AUC: 0.000
2025-08-29 18:37:41 -   Correct/Total: 32/42
2025-08-29 18:37:41 - Subject: sub-002
2025-08-29 18:37:41 -   Accuracy: 81.250%
2025-08-29 18:37:41 -   Precision: 0.000
2025-08-29 18:37:41 -   Recall: 0.000
2025-08-29 18:37:41 -   F1 Score: 0.000
2025-08-29 18:37:41 -   AUC: 0.000
2025-08-29 18:37:41 -   Correct/Total: 26/32
2025-08-29 18:37:41 - Subject: sub-003
2025-08-29 18:37:41 -   Accuracy: 68.421%
2025-08-29 18:37:41 -   Precision: 0.000
2025-08-29 18:37:41 -   Recall: 0.000
2025-08-29 18:37:41 -   F1 Score: 0.000
2025-08-29 18:37:41 -   AUC: 0.000
2025-08-29 18:37:41 -   Correct/Total: 26/38
2025-08-29 18:37:41 - Subject: sub-004
2025-08-29 18:37:41 -   Accuracy: 80.851%
2025-08-29 18:37:41 -   Precision: 0.000
2025-08-29 18:37:41 -   Recall: 0.000
2025-08-29 18:37:41 -   F1 Score: 0.000
2025-08-29 18:37:41 -   AUC: 0.000
2025-08-29 18:37:41 -   Correct/Total: 38/47
2025-08-29 18:37:41 - Subject: sub-005
2025-08-29 18:37:41 -   Accuracy: 70.213%
2025-08-29 18:37:41 -   Precision: 0.000
2025-08-29 18:37:41 -   Recall: 0.000
2025-08-29 18:37:41 -   F1 Score: 0.000
2025-08-29 18:37:41 -   AUC: 0.000
2025-08-29 18:37:41 -   Correct/Total: 33/47
2025-08-29 18:37:41 - Subject: sub-006
2025-08-29 18:37:41 -   Accuracy: 65.854%
2025-08-29 18:37:41 -   Precision: 0.000
2025-08-29 18:37:41 -   Recall: 0.000
2025-08-29 18:37:41 -   F1 Score: 0.000
2025-08-29 18:37:41 -   AUC: 0.000
2025-08-29 18:37:41 -   Correct/Total: 27/41
2025-08-29 18:37:41 - Subject: sub-007
2025-08-29 18:37:41 -   Accuracy: 80.556%
2025-08-29 18:37:41 -   Precision: 0.000
2025-08-29 18:37:41 -   Recall: 0.000
2025-08-29 18:37:41 -   F1 Score: 0.000
2025-08-29 18:37:41 -   AUC: 0.000
2025-08-29 18:37:41 -   Correct/Total: 29/36
2025-08-29 18:37:41 - Subject: sub-008
2025-08-29 18:37:41 -   Accuracy: 72.222%
2025-08-29 18:37:41 -   Precision: 0.000
2025-08-29 18:37:41 -   Recall: 0.000
2025-08-29 18:37:41 -   F1 Score: 0.000
2025-08-29 18:37:41 -   AUC: 0.000
2025-08-29 18:37:41 -   Correct/Total: 39/54
2025-08-29 18:37:41 - Subject: sub-009
2025-08-29 18:37:41 -   Accuracy: 65.517%
2025-08-29 18:37:41 -   Precision: 0.000
2025-08-29 18:37:41 -   Recall: 0.000
2025-08-29 18:37:41 -   F1 Score: 0.000
2025-08-29 18:37:41 -   AUC: 0.000
2025-08-29 18:37:41 -   Correct/Total: 19/29
2025-08-29 18:37:41 - Subject: sub-010
2025-08-29 18:37:41 -   Accuracy: 80.000%
2025-08-29 18:37:41 -   Precision: 0.000
2025-08-29 18:37:41 -   Recall: 0.000
2025-08-29 18:37:41 -   F1 Score: 0.000
2025-08-29 18:37:41 -   AUC: 0.000
2025-08-29 18:37:41 -   Correct/Total: 32/40
2025-08-29 18:37:41 - Subject: sub-011
2025-08-29 18:37:41 -   Accuracy: 81.395%
2025-08-29 18:37:41 -   Precision: 0.000
2025-08-29 18:37:41 -   Recall: 0.000
2025-08-29 18:37:41 -   F1 Score: 0.000
2025-08-29 18:37:41 -   AUC: 0.000
2025-08-29 18:37:41 -   Correct/Total: 35/43
2025-08-29 18:37:41 - Subject: sub-012
2025-08-29 18:37:41 -   Accuracy: 83.784%
2025-08-29 18:37:41 -   Precision: 0.000
2025-08-29 18:37:41 -   Recall: 0.000
2025-08-29 18:37:41 -   F1 Score: 0.000
2025-08-29 18:37:41 -   AUC: 0.000
2025-08-29 18:37:41 -   Correct/Total: 31/37
2025-08-29 18:37:41 - Subject: sub-013
2025-08-29 18:37:41 -   Accuracy: 75.758%
2025-08-29 18:37:41 -   Precision: 0.000
2025-08-29 18:37:41 -   Recall: 0.000
2025-08-29 18:37:41 -   F1 Score: 0.000
2025-08-29 18:37:41 -   AUC: 0.000
2025-08-29 18:37:41 -   Correct/Total: 25/33
2025-08-29 18:37:41 - Subject: sub-014
2025-08-29 18:37:41 -   Accuracy: 69.444%
2025-08-29 18:37:41 -   Precision: 0.000
2025-08-29 18:37:41 -   Recall: 0.000
2025-08-29 18:37:41 -   F1 Score: 0.000
2025-08-29 18:37:41 -   AUC: 0.000
2025-08-29 18:37:41 -   Correct/Total: 25/36
2025-08-29 18:37:41 - Subject: sub-015
2025-08-29 18:37:41 -   Accuracy: 76.596%
2025-08-29 18:37:41 -   Precision: 0.000
2025-08-29 18:37:41 -   Recall: 0.000
2025-08-29 18:37:41 -   F1 Score: 0.000
2025-08-29 18:37:41 -   AUC: 0.000
2025-08-29 18:37:41 -   Correct/Total: 36/47
2025-08-29 18:37:41 - Subject: sub-016
2025-08-29 18:37:41 -   Accuracy: 90.196%
2025-08-29 18:37:41 -   Precision: 0.000
2025-08-29 18:37:41 -   Recall: 0.000
2025-08-29 18:37:41 -   F1 Score: 0.000
2025-08-29 18:37:41 -   AUC: 0.000
2025-08-29 18:37:41 -   Correct/Total: 46/51
2025-08-29 18:37:41 - Subject: sub-017
2025-08-29 18:37:41 -   Accuracy: 76.000%
2025-08-29 18:37:41 -   Precision: 0.000
2025-08-29 18:37:41 -   Recall: 0.000
2025-08-29 18:37:41 -   F1 Score: 0.000
2025-08-29 18:37:41 -   AUC: 0.000
2025-08-29 18:37:41 -   Correct/Total: 38/50
2025-08-29 18:37:41 - Subject: sub-018
2025-08-29 18:37:41 -   Accuracy: 82.927%
2025-08-29 18:37:41 -   Precision: 0.000
2025-08-29 18:37:41 -   Recall: 0.000
2025-08-29 18:37:41 -   F1 Score: 0.000
2025-08-29 18:37:41 -   AUC: 0.000
2025-08-29 18:37:41 -   Correct/Total: 34/41
2025-08-29 18:37:41 - Subject: sub-019
2025-08-29 18:37:41 -   Accuracy: 81.081%
2025-08-29 18:37:41 -   Precision: 0.000
2025-08-29 18:37:41 -   Recall: 0.000
2025-08-29 18:37:41 -   F1 Score: 0.000
2025-08-29 18:37:41 -   AUC: 0.000
2025-08-29 18:37:41 -   Correct/Total: 30/37
2025-08-29 18:37:41 - Subject: sub-020
2025-08-29 18:37:41 -   Accuracy: 82.222%
2025-08-29 18:37:41 -   Precision: 0.000
2025-08-29 18:37:41 -   Recall: 0.000
2025-08-29 18:37:41 -   F1 Score: 0.000
2025-08-29 18:37:41 -   AUC: 0.000
2025-08-29 18:37:41 -   Correct/Total: 37/45
2025-08-29 18:37:41 - Subject: sub-021
2025-08-29 18:37:41 -   Accuracy: 87.097%
2025-08-29 18:37:41 -   Precision: 0.000
2025-08-29 18:37:41 -   Recall: 0.000
2025-08-29 18:37:41 -   F1 Score: 0.000
2025-08-29 18:37:41 -   AUC: 0.000
2025-08-29 18:37:41 -   Correct/Total: 27/31
2025-08-29 18:37:41 - Subject: sub-022
2025-08-29 18:37:41 -   Accuracy: 66.038%
2025-08-29 18:37:41 -   Precision: 0.000
2025-08-29 18:37:41 -   Recall: 0.000
2025-08-29 18:37:41 -   F1 Score: 0.000
2025-08-29 18:37:41 -   AUC: 0.000
2025-08-29 18:37:41 -   Correct/Total: 35/53
2025-08-29 18:37:41 - Subject: sub-023
2025-08-29 18:37:41 -   Accuracy: 81.818%
2025-08-29 18:37:41 -   Precision: 0.000
2025-08-29 18:37:41 -   Recall: 0.000
2025-08-29 18:37:41 -   F1 Score: 0.000
2025-08-29 18:37:41 -   AUC: 0.000
2025-08-29 18:37:41 -   Correct/Total: 36/44
2025-08-29 18:37:41 - Subject: sub-024
2025-08-29 18:37:41 -   Accuracy: 75.000%
2025-08-29 18:37:41 -   Precision: 0.000
2025-08-29 18:37:41 -   Recall: 0.000
2025-08-29 18:37:41 -   F1 Score: 0.000
2025-08-29 18:37:41 -   AUC: 0.000
2025-08-29 18:37:41 -   Correct/Total: 33/44
2025-08-29 18:37:41 - Subject: sub-025
2025-08-29 18:37:41 -   Accuracy: 75.610%
2025-08-29 18:37:41 -   Precision: 0.000
2025-08-29 18:37:41 -   Recall: 0.000
2025-08-29 18:37:41 -   F1 Score: 0.000
2025-08-29 18:37:41 -   AUC: 0.000
2025-08-29 18:37:41 -   Correct/Total: 31/41
2025-08-29 18:37:41 - Subject: sub-026
2025-08-29 18:37:41 -   Accuracy: 76.190%
2025-08-29 18:37:41 -   Precision: 0.000
2025-08-29 18:37:41 -   Recall: 0.000
2025-08-29 18:37:41 -   F1 Score: 0.000
2025-08-29 18:37:41 -   AUC: 0.000
2025-08-29 18:37:41 -   Correct/Total: 32/42
2025-08-29 18:37:41 - Subject: sub-027
2025-08-29 18:37:41 -   Accuracy: 84.091%
2025-08-29 18:37:41 -   Precision: 0.000
2025-08-29 18:37:41 -   Recall: 0.000
2025-08-29 18:37:41 -   F1 Score: 0.000
2025-08-29 18:37:41 -   AUC: 0.000
2025-08-29 18:37:41 -   Correct/Total: 37/44
2025-08-29 18:37:41 - Subject: sub-028
2025-08-29 18:37:41 -   Accuracy: 69.565%
2025-08-29 18:37:41 -   Precision: 0.000
2025-08-29 18:37:41 -   Recall: 0.000
2025-08-29 18:37:41 -   F1 Score: 0.000
2025-08-29 18:37:41 -   AUC: 0.000
2025-08-29 18:37:41 -   Correct/Total: 16/23
2025-08-29 18:37:41 - Subject: sub-029
2025-08-29 18:37:41 -   Accuracy: 58.333%
2025-08-29 18:37:41 -   Precision: 0.000
2025-08-29 18:37:41 -   Recall: 0.000
2025-08-29 18:37:41 -   F1 Score: 0.000
2025-08-29 18:37:41 -   AUC: 0.000
2025-08-29 18:37:41 -   Correct/Total: 14/24
2025-08-29 18:37:41 - Subject: sub-030
2025-08-29 18:37:41 -   Accuracy: 61.111%
2025-08-29 18:37:41 -   Precision: 0.000
2025-08-29 18:37:41 -   Recall: 0.000
2025-08-29 18:37:41 -   F1 Score: 0.000
2025-08-29 18:37:41 -   AUC: 0.000
2025-08-29 18:37:41 -   Correct/Total: 22/36
2025-08-29 18:37:41 - Subject: sub-031
2025-08-29 18:37:41 -   Accuracy: 68.293%
2025-08-29 18:37:41 -   Precision: 0.000
2025-08-29 18:37:41 -   Recall: 0.000
2025-08-29 18:37:41 -   F1 Score: 0.000
2025-08-29 18:37:41 -   AUC: 0.000
2025-08-29 18:37:41 -   Correct/Total: 28/41
2025-08-29 18:37:41 - Subject: sub-032
2025-08-29 18:37:41 -   Accuracy: 84.375%
2025-08-29 18:37:41 -   Precision: 0.000
2025-08-29 18:37:41 -   Recall: 0.000
2025-08-29 18:37:41 -   F1 Score: 0.000
2025-08-29 18:37:41 -   AUC: 0.000
2025-08-29 18:37:41 -   Correct/Total: 27/32
2025-08-29 18:37:41 - Subject: sub-033
2025-08-29 18:37:41 -   Accuracy: 72.000%
2025-08-29 18:37:41 -   Precision: 0.000
2025-08-29 18:37:41 -   Recall: 0.000
2025-08-29 18:37:41 -   F1 Score: 0.000
2025-08-29 18:37:41 -   AUC: 0.000
2025-08-29 18:37:41 -   Correct/Total: 36/50
2025-08-29 18:37:41 - Subject: sub-034
2025-08-29 18:37:41 -   Accuracy: 76.471%
2025-08-29 18:37:41 -   Precision: 0.000
2025-08-29 18:37:41 -   Recall: 0.000
2025-08-29 18:37:41 -   F1 Score: 0.000
2025-08-29 18:37:41 -   AUC: 0.000
2025-08-29 18:37:41 -   Correct/Total: 26/34
2025-08-29 18:37:41 - Subject: sub-035
2025-08-29 18:37:41 -   Accuracy: 65.909%
2025-08-29 18:37:41 -   Precision: 0.000
2025-08-29 18:37:41 -   Recall: 0.000
2025-08-29 18:37:41 -   F1 Score: 0.000
2025-08-29 18:37:41 -   AUC: 0.000
2025-08-29 18:37:41 -   Correct/Total: 29/44
2025-08-29 18:37:41 - Subject: sub-036
2025-08-29 18:37:41 -   Accuracy: 82.143%
2025-08-29 18:37:41 -   Precision: 0.000
2025-08-29 18:37:41 -   Recall: 0.000
2025-08-29 18:37:41 -   F1 Score: 0.000
2025-08-29 18:37:41 -   AUC: 0.000
2025-08-29 18:37:41 -   Correct/Total: 23/28
2025-08-29 18:37:41 - Subject: sub-037
2025-08-29 18:37:41 -   Accuracy: 83.784%
2025-08-29 18:37:41 -   Precision: 0.000
2025-08-29 18:37:41 -   Recall: 0.000
2025-08-29 18:37:41 -   F1 Score: 0.000
2025-08-29 18:37:41 -   AUC: 0.000
2025-08-29 18:37:41 -   Correct/Total: 31/37
2025-08-29 18:37:41 - Subject: sub-038
2025-08-29 18:37:41 -   Accuracy: 76.190%
2025-08-29 18:37:41 -   Precision: 0.000
2025-08-29 18:37:41 -   Recall: 0.000
2025-08-29 18:37:41 -   F1 Score: 0.000
2025-08-29 18:37:41 -   AUC: 0.000
2025-08-29 18:37:41 -   Correct/Total: 32/42
2025-08-29 18:37:41 - Subject: sub-039
2025-08-29 18:37:41 -   Accuracy: 84.211%
2025-08-29 18:37:41 -   Precision: 0.000
2025-08-29 18:37:41 -   Recall: 0.000
2025-08-29 18:37:41 -   F1 Score: 0.000
2025-08-29 18:37:41 -   AUC: 0.000
2025-08-29 18:37:41 -   Correct/Total: 32/38
2025-08-29 18:37:41 - Subject: sub-040
2025-08-29 18:37:41 -   Accuracy: 81.579%
2025-08-29 18:37:41 -   Precision: 0.000
2025-08-29 18:37:41 -   Recall: 0.000
2025-08-29 18:37:41 -   F1 Score: 0.000
2025-08-29 18:37:41 -   AUC: 0.000
2025-08-29 18:37:41 -   Correct/Total: 31/38
2025-08-29 18:37:41 - 
P3 Pooled Model Statistics:
2025-08-29 18:37:41 - Mean Accuracy: 0.763
2025-08-29 18:37:41 - 95% Confidence Interval: [0.739, 0.787]
2025-08-29 18:37:41 - Best Subject: sub-016 (0.902)
2025-08-29 18:37:41 - Worst Subject: sub-029 (0.583)
