2025-09-28 18:30:06 - 
Experiment Configuration:
2025-09-28 18:30:06 - --------------------------------------------------
2025-09-28 18:30:06 - dataset: ds005863
2025-09-28 18:30:06 - use_combined_datasets: False
2025-09-28 18:30:06 - electrode_list: all
2025-09-28 18:30:06 - classifier: EEGConformer
2025-09-28 18:30:06 - separate_subject_classification: False
2025-09-28 18:30:06 - use_subject_layer: False
2025-09-28 18:30:06 - seeds: [42, 123, 456, 789, 321]
2025-09-28 18:30:06 - use_nested_cv: True
2025-09-28 18:30:06 - electrode_fusion_method: none
2025-09-28 18:30:06 - domain_adaptation_method: none
2025-09-28 18:30:06 - enable_comprehensive_evaluation: True
2025-09-28 18:30:06 - enable_domain_analysis: True
2025-09-28 18:30:06 - enable_small_sample_analysis: False
2025-09-28 18:30:06 - small_sample_sizes: [5, 10, 15, 20]
2025-09-28 18:30:06 - small_sample_subjects: [5, 10, 15]
2025-09-28 18:30:06 - --------------------------------------------------
2025-09-28 18:30:06 - 
==================================================
2025-09-28 18:30:06 - Processing Active Visual Oddball Dataset
2025-09-28 18:30:06 - ==================================================
2025-09-28 18:30:06 - Using Cross-Validation (simplified approach)
2025-09-28 18:30:06 - Configuration: 5-fold CV, 5 repeats
2025-09-28 18:30:06 - ============================================================
2025-09-28 18:30:06 - CROSS-VALIDATION CONFIGURATION
2025-09-28 18:30:06 - ============================================================
2025-09-28 18:30:06 - Datasets: ['AVO']
2025-09-28 18:30:06 - CV folds: 5
2025-09-28 18:30:06 - Repeats: 5
2025-09-28 18:30:06 - Confidence level: 0.95
2025-09-28 18:30:06 - ============================================================
2025-09-28 18:30:06 - STRATIFIED SAMPLING CONFIGURATION
2025-09-28 18:30:06 - ============================================================
2025-09-28 18:30:06 - Nested CV Mode: Trial counts per subject by dataset
2025-09-28 18:30:06 -   AVO dataset: 10 trials per subject
2025-09-28 18:30:06 - Sampling strategy: Multi-level stratified sampling
2025-09-28 18:30:06 -   - Subject-level: Stratified trial selection per subject
2025-09-28 18:30:06 -   - Dataset-level: Stratified sampling when dataset trial counts differ
2025-09-28 18:30:06 -   - Fold-level: StratifiedKFold for 5-fold CV
2025-09-28 18:30:06 -   - Train/Val split: Stratified train_test_split within each fold
2025-09-28 18:30:06 - ============================================================
2025-09-28 18:30:21 - Subject sub_038: Sampled 10/100 trials
2025-09-28 18:30:21 -   Original distribution: {0: 0.5, 1: 0.5}
2025-09-28 18:30:21 -   Sampled distribution: {0: 0.5, 1: 0.5}
2025-09-28 18:30:21 - Subject sub_032: Sampled 10/96 trials
2025-09-28 18:30:21 -   Original distribution: {0: 0.5, 1: 0.5}
2025-09-28 18:30:21 -   Sampled distribution: {0: 0.5, 1: 0.5}
2025-09-28 18:30:21 - Subject sub_024: Sampled 10/92 trials
2025-09-28 18:30:21 -   Original distribution: {0: 0.5, 1: 0.5}
2025-09-28 18:30:21 -   Sampled distribution: {0: 0.5, 1: 0.5}
2025-09-28 18:30:21 - Subject sub_047: Sampled 10/92 trials
2025-09-28 18:30:21 -   Original distribution: {0: 0.5, 1: 0.5}
2025-09-28 18:30:21 -   Sampled distribution: {0: 0.5, 1: 0.5}
2025-09-28 18:30:21 - Subject sub_003: Sampled 10/88 trials
2025-09-28 18:30:21 -   Original distribution: {0: 0.5, 1: 0.5}
2025-09-28 18:30:21 -   Sampled distribution: {0: 0.5, 1: 0.5}
2025-09-28 18:30:22 - Subject sub_031: Sampled 10/88 trials
2025-09-28 18:30:22 -   Original distribution: {0: 0.5, 1: 0.5}
2025-09-28 18:30:22 -   Sampled distribution: {0: 0.5, 1: 0.5}
2025-09-28 18:30:22 - Subject sub_035: Sampled 10/88 trials
2025-09-28 18:30:22 -   Original distribution: {0: 0.5, 1: 0.5}
2025-09-28 18:30:22 -   Sampled distribution: {0: 0.5, 1: 0.5}
2025-09-28 18:30:22 - Subject sub_048: Sampled 10/88 trials
2025-09-28 18:30:22 -   Original distribution: {0: 0.5, 1: 0.5}
2025-09-28 18:30:22 -   Sampled distribution: {0: 0.5, 1: 0.5}
2025-09-28 18:30:22 - Subject sub_037: Sampled 10/86 trials
2025-09-28 18:30:22 -   Original distribution: {0: 0.5, 1: 0.5}
2025-09-28 18:30:22 -   Sampled distribution: {0: 0.5, 1: 0.5}
2025-09-28 18:30:22 - Subject sub_041: Sampled 10/86 trials
2025-09-28 18:30:22 -   Original distribution: {0: 0.5, 1: 0.5}
2025-09-28 18:30:22 -   Sampled distribution: {0: 0.5, 1: 0.5}
2025-09-28 18:30:22 - Subject sub_004: Sampled 10/84 trials
2025-09-28 18:30:22 -   Original distribution: {0: 0.5, 1: 0.5}
2025-09-28 18:30:22 -   Sampled distribution: {0: 0.5, 1: 0.5}
2025-09-28 18:30:22 - Subject sub_028: Sampled 10/84 trials
2025-09-28 18:30:22 -   Original distribution: {0: 0.5, 1: 0.5}
2025-09-28 18:30:22 -   Sampled distribution: {0: 0.5, 1: 0.5}
2025-09-28 18:30:23 - Subject sub_029: Sampled 10/84 trials
2025-09-28 18:30:23 -   Original distribution: {0: 0.5, 1: 0.5}
2025-09-28 18:30:23 -   Sampled distribution: {0: 0.5, 1: 0.5}
2025-09-28 18:30:23 - Subject sub_036: Sampled 10/84 trials
2025-09-28 18:30:23 -   Original distribution: {0: 0.5, 1: 0.5}
2025-09-28 18:30:23 -   Sampled distribution: {0: 0.5, 1: 0.5}
2025-09-28 18:30:23 - Subject sub_040: Sampled 10/84 trials
2025-09-28 18:30:23 -   Original distribution: {0: 0.5, 1: 0.5}
2025-09-28 18:30:23 -   Sampled distribution: {0: 0.5, 1: 0.5}
2025-09-28 18:30:23 - Subject sub_051: Sampled 10/84 trials
2025-09-28 18:30:23 -   Original distribution: {0: 0.5, 1: 0.5}
2025-09-28 18:30:23 -   Sampled distribution: {0: 0.5, 1: 0.5}
2025-09-28 18:30:23 - Subject sub_021: Sampled 10/82 trials
2025-09-28 18:30:23 -   Original distribution: {0: 0.5, 1: 0.5}
2025-09-28 18:30:23 -   Sampled distribution: {0: 0.5, 1: 0.5}
2025-09-28 18:30:23 - Subject sub_026: Sampled 10/80 trials
2025-09-28 18:30:23 -   Original distribution: {0: 0.5, 1: 0.5}
2025-09-28 18:30:23 -   Sampled distribution: {0: 0.5, 1: 0.5}
2025-09-28 18:30:24 - Subject sub_007: Sampled 10/78 trials
2025-09-28 18:30:24 -   Original distribution: {0: 0.5, 1: 0.5}
2025-09-28 18:30:24 -   Sampled distribution: {0: 0.5, 1: 0.5}
2025-09-28 18:30:24 - Subject sub_023: Sampled 10/78 trials
2025-09-28 18:30:24 -   Original distribution: {0: 0.5, 1: 0.5}
2025-09-28 18:30:24 -   Sampled distribution: {0: 0.5, 1: 0.5}
2025-09-28 18:30:24 - Subject sub_033: Sampled 10/78 trials
2025-09-28 18:30:24 -   Original distribution: {0: 0.5, 1: 0.5}
2025-09-28 18:30:24 -   Sampled distribution: {0: 0.5, 1: 0.5}
2025-09-28 18:30:24 - Subject sub_009: Sampled 10/76 trials
2025-09-28 18:30:24 -   Original distribution: {0: 0.5, 1: 0.5}
2025-09-28 18:30:24 -   Sampled distribution: {0: 0.5, 1: 0.5}
2025-09-28 18:30:24 - Subject sub_019: Sampled 10/76 trials
2025-09-28 18:30:24 -   Original distribution: {0: 0.5, 1: 0.5}
2025-09-28 18:30:24 -   Sampled distribution: {0: 0.5, 1: 0.5}
2025-09-28 18:30:24 - Subject sub_020: Sampled 10/76 trials
2025-09-28 18:30:24 -   Original distribution: {0: 0.5, 1: 0.5}
2025-09-28 18:30:24 -   Sampled distribution: {0: 0.5, 1: 0.5}
2025-09-28 18:30:24 - Subject sub_006: Sampled 10/74 trials
2025-09-28 18:30:24 -   Original distribution: {0: 0.5, 1: 0.5}
2025-09-28 18:30:24 -   Sampled distribution: {0: 0.5, 1: 0.5}
2025-09-28 18:30:25 - Subject sub_017: Sampled 10/74 trials
2025-09-28 18:30:25 -   Original distribution: {0: 0.5, 1: 0.5}
2025-09-28 18:30:25 -   Sampled distribution: {0: 0.5, 1: 0.5}
2025-09-28 18:30:25 - Subject sub_008: Sampled 10/72 trials
2025-09-28 18:30:25 -   Original distribution: {0: 0.5, 1: 0.5}
2025-09-28 18:30:25 -   Sampled distribution: {0: 0.5, 1: 0.5}
2025-09-28 18:30:25 - Subject sub_012: Sampled 10/72 trials
2025-09-28 18:30:25 -   Original distribution: {0: 0.5, 1: 0.5}
2025-09-28 18:30:25 -   Sampled distribution: {0: 0.5, 1: 0.5}
2025-09-28 18:30:25 - Subject sub_013: Sampled 10/72 trials
2025-09-28 18:30:25 -   Original distribution: {0: 0.5, 1: 0.5}
2025-09-28 18:30:25 -   Sampled distribution: {0: 0.5, 1: 0.5}
2025-09-28 18:30:25 - Subject sub_014: Sampled 10/72 trials
2025-09-28 18:30:25 -   Original distribution: {0: 0.5, 1: 0.5}
2025-09-28 18:30:25 -   Sampled distribution: {0: 0.5, 1: 0.5}
2025-09-28 18:30:25 - Subject sub_022: Sampled 10/72 trials
2025-09-28 18:30:25 -   Original distribution: {0: 0.5, 1: 0.5}
2025-09-28 18:30:25 -   Sampled distribution: {0: 0.5, 1: 0.5}
2025-09-28 18:30:25 - Subject sub_030: Sampled 10/72 trials
2025-09-28 18:30:25 -   Original distribution: {0: 0.5, 1: 0.5}
2025-09-28 18:30:25 -   Sampled distribution: {0: 0.5, 1: 0.5}
2025-09-28 18:30:26 - Subject sub_034: Sampled 10/72 trials
2025-09-28 18:30:26 -   Original distribution: {0: 0.5, 1: 0.5}
2025-09-28 18:30:26 -   Sampled distribution: {0: 0.5, 1: 0.5}
2025-09-28 18:30:26 - Subject sub_042: Sampled 10/72 trials
2025-09-28 18:30:26 -   Original distribution: {0: 0.5, 1: 0.5}
2025-09-28 18:30:26 -   Sampled distribution: {0: 0.5, 1: 0.5}
2025-09-28 18:30:26 - Subject sub_043: Sampled 10/72 trials
2025-09-28 18:30:26 -   Original distribution: {0: 0.5, 1: 0.5}
2025-09-28 18:30:26 -   Sampled distribution: {0: 0.5, 1: 0.5}
2025-09-28 18:30:26 - Subject sub_001: Sampled 10/70 trials
2025-09-28 18:30:26 -   Original distribution: {0: 0.5, 1: 0.5}
2025-09-28 18:30:26 -   Sampled distribution: {0: 0.5, 1: 0.5}
2025-09-28 18:30:26 - Subject sub_002: Sampled 10/70 trials
2025-09-28 18:30:26 -   Original distribution: {0: 0.5, 1: 0.5}
2025-09-28 18:30:26 -   Sampled distribution: {0: 0.5, 1: 0.5}
2025-09-28 18:30:26 - Subject sub_005: Sampled 10/70 trials
2025-09-28 18:30:26 -   Original distribution: {0: 0.5, 1: 0.5}
2025-09-28 18:30:26 -   Sampled distribution: {0: 0.5, 1: 0.5}
2025-09-28 18:30:27 - Subject sub_010: Sampled 10/70 trials
2025-09-28 18:30:27 -   Original distribution: {0: 0.5, 1: 0.5}
2025-09-28 18:30:27 -   Sampled distribution: {0: 0.5, 1: 0.5}
2025-09-28 18:30:27 - Subject sub_016: Sampled 10/70 trials
2025-09-28 18:30:27 -   Original distribution: {0: 0.5, 1: 0.5}
2025-09-28 18:30:27 -   Sampled distribution: {0: 0.5, 1: 0.5}
2025-09-28 18:30:27 - Nested CV dataset summary:
2025-09-28 18:30:27 -   Total subjects: 40
2025-09-28 18:30:27 -   Total trials: 400
2025-09-28 18:30:27 -   Average trials per subject: 10.0
2025-09-28 18:30:27 -   AVO dataset: 0 subjects, 400 trials (inf trials/subject)
2025-09-28 18:30:27 -   Class distribution: {0: 200, 1: 200}
2025-09-28 18:30:27 -   Class proportions: [0.5 0.5]
2025-09-28 18:30:27 - Enhanced preprocessing increased channels from 5 to 25
2025-09-28 18:30:27 - Starting Cross-Validation for EEGConformer
2025-09-28 18:30:27 - Configuration: 5-fold CV, 5 repeats
2025-09-28 18:30:27 - Data split ratios: Train=0.7, Val=0.1, Test=0.2
2025-09-28 18:30:27 - Repeat 1/5
2025-09-28 18:30:27 -   Fold 1/5
2025-09-28 18:30:27 -     Fold split: Train=280, Val=40
2025-09-28 18:30:29 -     Test accuracy: 0.5000
2025-09-28 18:30:29 -   Fold 2/5
2025-09-28 18:30:29 -     Fold split: Train=280, Val=40
2025-09-28 18:30:30 -     Test accuracy: 0.5000
2025-09-28 18:30:30 -   Fold 3/5
2025-09-28 18:30:30 -     Fold split: Train=280, Val=40
2025-09-28 18:30:32 -     Test accuracy: 0.5000
2025-09-28 18:30:32 -   Fold 4/5
2025-09-28 18:30:32 -     Fold split: Train=280, Val=40
2025-09-28 18:30:36 -     Test accuracy: 0.4875
2025-09-28 18:30:36 -   Fold 5/5
2025-09-28 18:30:36 -     Fold split: Train=280, Val=40
2025-09-28 18:30:41 -     Test accuracy: 0.6125
2025-09-28 18:30:41 -   Repeat 1 mean accuracy: 0.5200 ± 0.0465
2025-09-28 18:30:41 - Repeat 2/5
2025-09-28 18:30:41 -   Fold 1/5
2025-09-28 18:30:41 -     Fold split: Train=280, Val=40
2025-09-28 18:30:43 -     Test accuracy: 0.5375
2025-09-28 18:30:43 -   Fold 2/5
2025-09-28 18:30:43 -     Fold split: Train=280, Val=40
2025-09-28 18:30:45 -     Test accuracy: 0.5000
2025-09-28 18:30:45 -   Fold 3/5
2025-09-28 18:30:45 -     Fold split: Train=280, Val=40
2025-09-28 18:30:49 -     Test accuracy: 0.5625
2025-09-28 18:30:49 -   Fold 4/5
2025-09-28 18:30:49 -     Fold split: Train=280, Val=40
2025-09-28 18:30:50 -     Test accuracy: 0.4875
2025-09-28 18:30:50 -   Fold 5/5
2025-09-28 18:30:50 -     Fold split: Train=280, Val=40
2025-09-28 18:30:52 -     Test accuracy: 0.5000
2025-09-28 18:30:52 -   Repeat 2 mean accuracy: 0.5175 ± 0.0281
2025-09-28 18:30:52 - Repeat 3/5
2025-09-28 18:30:52 -   Fold 1/5
2025-09-28 18:30:52 -     Fold split: Train=280, Val=40
2025-09-28 18:30:54 -     Test accuracy: 0.5000
2025-09-28 18:30:54 -   Fold 2/5
2025-09-28 18:30:54 -     Fold split: Train=280, Val=40
2025-09-28 18:30:55 -     Test accuracy: 0.5000
2025-09-28 18:30:55 -   Fold 3/5
2025-09-28 18:30:55 -     Fold split: Train=280, Val=40
2025-09-28 18:30:57 -     Test accuracy: 0.5000
2025-09-28 18:30:57 -   Fold 4/5
2025-09-28 18:30:57 -     Fold split: Train=280, Val=40
2025-09-28 18:30:59 -     Test accuracy: 0.5000
2025-09-28 18:30:59 -   Fold 5/5
2025-09-28 18:30:59 -     Fold split: Train=280, Val=40
2025-09-28 18:31:03 -     Test accuracy: 0.7125
2025-09-28 18:31:03 -   Repeat 3 mean accuracy: 0.5425 ± 0.0850
2025-09-28 18:31:03 - Repeat 4/5
2025-09-28 18:31:03 -   Fold 1/5
2025-09-28 18:31:03 -     Fold split: Train=280, Val=40
2025-09-28 18:31:04 -     Test accuracy: 0.5000
2025-09-28 18:31:04 -   Fold 2/5
2025-09-28 18:31:04 -     Fold split: Train=280, Val=40
2025-09-28 18:31:13 -     Test accuracy: 0.6125
2025-09-28 18:31:13 -   Fold 3/5
2025-09-28 18:31:13 -     Fold split: Train=280, Val=40
2025-09-28 18:31:15 -     Test accuracy: 0.5000
2025-09-28 18:31:15 -   Fold 4/5
2025-09-28 18:31:15 -     Fold split: Train=280, Val=40
2025-09-28 18:31:16 -     Test accuracy: 0.5000
2025-09-28 18:31:16 -   Fold 5/5
2025-09-28 18:31:16 -     Fold split: Train=280, Val=40
2025-09-28 18:31:18 -     Test accuracy: 0.5375
2025-09-28 18:31:18 -   Repeat 4 mean accuracy: 0.5300 ± 0.0437
2025-09-28 18:31:18 - Repeat 5/5
2025-09-28 18:31:18 -   Fold 1/5
2025-09-28 18:31:18 -     Fold split: Train=280, Val=40
2025-09-28 18:31:19 -     Test accuracy: 0.5000
2025-09-28 18:31:19 -   Fold 2/5
2025-09-28 18:31:19 -     Fold split: Train=280, Val=40
2025-09-28 18:31:21 -     Test accuracy: 0.5000
2025-09-28 18:31:21 -   Fold 3/5
2025-09-28 18:31:21 -     Fold split: Train=280, Val=40
2025-09-28 18:31:23 -     Test accuracy: 0.5000
2025-09-28 18:31:23 -   Fold 4/5
2025-09-28 18:31:23 -     Fold split: Train=280, Val=40
2025-09-28 18:31:24 -     Test accuracy: 0.5000
2025-09-28 18:31:24 -   Fold 5/5
2025-09-28 18:31:24 -     Fold split: Train=280, Val=40
2025-09-28 18:31:26 -     Test accuracy: 0.5000
2025-09-28 18:31:26 -   Repeat 5 mean accuracy: 0.5000 ± 0.0000
2025-09-28 18:31:26 - Cross-Validation completed for EEGConformer
2025-09-28 18:31:26 - Final accuracy: 0.5220 ± 0.0522
2025-09-28 18:31:26 - 95% CI: [0.5005, 0.5435]
2025-09-28 18:31:26 - 
============================================================
2025-09-28 18:31:26 - CROSS-VALIDATION RESULTS
2025-09-28 18:31:26 - ============================================================
2025-09-28 18:31:26 - Model: EEGConformer
2025-09-28 18:31:26 - Overall accuracy: 0.5220 ± 0.0522
2025-09-28 18:31:26 - 95% Confidence Interval: [0.5005, 0.5435]
2025-09-28 18:31:26 - Statistical significance: 25 evaluations
2025-09-28 18:31:26 - Precision: 0.3435 [0.2323, 0.4547]
2025-09-28 18:31:26 - Recall: 0.5370 [0.3542, 0.7198]
2025-09-28 18:31:26 - F1_Score: 0.4074 [0.2774, 0.5373]
2025-09-28 18:31:26 - Auc: 0.5254 [0.4832, 0.5677]
2025-09-28 18:31:26 - ============================================================
2025-09-28 18:31:26 - Individual subject results skipped - using Nested Cross-Validation results
2025-09-28 18:31:26 - Detailed results saved to: main_AVO_detailed_results_20250928_183126.csv
2025-09-28 18:31:26 - Summary statistics saved to: main_AVO_summary_stats_20250928_183126.csv
