2025-09-28 18:45:42 - 
Experiment Configuration:
2025-09-28 18:45:42 - --------------------------------------------------
2025-09-28 18:45:42 - dataset: use_combined_datasets
2025-09-28 18:45:42 - use_combined_datasets: True
2025-09-28 18:45:42 - electrode_list: common
2025-09-28 18:45:42 - classifier: EEGConformer
2025-09-28 18:45:42 - separate_subject_classification: False
2025-09-28 18:45:42 - use_subject_layer: False
2025-09-28 18:45:42 - seeds: [42, 123, 456, 789, 321]
2025-09-28 18:45:42 - use_nested_cv: True
2025-09-28 18:45:42 - electrode_fusion_method: none
2025-09-28 18:45:42 - domain_adaptation_method: none
2025-09-28 18:45:42 - enable_comprehensive_evaluation: True
2025-09-28 18:45:42 - enable_domain_analysis: True
2025-09-28 18:45:42 - enable_small_sample_analysis: False
2025-09-28 18:45:42 - small_sample_sizes: [5, 10, 15, 20]
2025-09-28 18:45:42 - small_sample_subjects: [5, 10, 15]
2025-09-28 18:45:42 - --------------------------------------------------
2025-09-28 18:45:42 - 
==================================================
2025-09-28 18:45:42 - Processing Combined P3 and AVO Datasets
2025-09-28 18:45:42 - ==================================================
2025-09-28 18:45:42 - 使用传统方法（无融合）
2025-09-28 18:45:42 - Using Cross-Validation (simplified approach)
2025-09-28 18:45:42 - Configuration: 5-fold CV, 5 repeats
2025-09-28 18:45:42 - ============================================================
2025-09-28 18:45:42 - CROSS-VALIDATION CONFIGURATION
2025-09-28 18:45:42 - ============================================================
2025-09-28 18:45:42 - Datasets: ['P3', 'AVO']
2025-09-28 18:45:42 - CV folds: 5
2025-09-28 18:45:42 - Repeats: 5
2025-09-28 18:45:42 - Confidence level: 0.95
2025-09-28 18:45:42 - ============================================================
2025-09-28 18:45:42 - STRATIFIED SAMPLING CONFIGURATION
2025-09-28 18:45:42 - ============================================================
2025-09-28 18:45:42 - Nested CV Mode: Trial counts per subject by dataset
2025-09-28 18:45:42 -   P3 dataset: 10 trials per subject
2025-09-28 18:45:42 -   AVO dataset: 80 trials per subject
2025-09-28 18:45:42 - Sampling strategy: Multi-level stratified sampling
2025-09-28 18:45:42 -   - Subject-level: Stratified trial selection per subject
2025-09-28 18:45:42 -   - Dataset-level: Stratified sampling when dataset trial counts differ
2025-09-28 18:45:42 -   - Fold-level: StratifiedKFold for 5-fold CV
2025-09-28 18:45:42 -   - Train/Val split: Stratified train_test_split within each fold
2025-09-28 18:45:42 - ============================================================
2025-09-28 18:45:42 - Subject P3_sub-001: Sampled 10/80 trials
2025-09-28 18:45:42 -   Original distribution: {0: 0.5, 1: 0.5}
2025-09-28 18:45:42 -   Sampled distribution: {0: 0.5, 1: 0.5}
2025-09-28 18:45:43 - Subject P3_sub-002: Sampled 10/80 trials
2025-09-28 18:45:43 -   Original distribution: {0: 0.5, 1: 0.5}
2025-09-28 18:45:43 -   Sampled distribution: {0: 0.5, 1: 0.5}
2025-09-28 18:45:43 - Subject P3_sub-003: Sampled 10/80 trials
2025-09-28 18:45:43 -   Original distribution: {0: 0.5, 1: 0.5}
2025-09-28 18:45:43 -   Sampled distribution: {0: 0.5, 1: 0.5}
2025-09-28 18:45:43 - Subject P3_sub-004: Sampled 10/78 trials
2025-09-28 18:45:43 -   Original distribution: {0: 0.5, 1: 0.5}
2025-09-28 18:45:43 -   Sampled distribution: {0: 0.5, 1: 0.5}
2025-09-28 18:45:43 - Subject P3_sub-005: Sampled 10/80 trials
2025-09-28 18:45:43 -   Original distribution: {0: 0.5, 1: 0.5}
2025-09-28 18:45:43 -   Sampled distribution: {0: 0.5, 1: 0.5}
2025-09-28 18:45:43 - Subject P3_sub-006: Sampled 10/80 trials
2025-09-28 18:45:43 -   Original distribution: {0: 0.5, 1: 0.5}
2025-09-28 18:45:43 -   Sampled distribution: {0: 0.5, 1: 0.5}
2025-09-28 18:45:43 - Subject P3_sub-007: Sampled 10/80 trials
2025-09-28 18:45:43 -   Original distribution: {0: 0.5, 1: 0.5}
2025-09-28 18:45:43 -   Sampled distribution: {0: 0.5, 1: 0.5}
2025-09-28 18:45:44 - Subject P3_sub-008: Sampled 10/80 trials
2025-09-28 18:45:44 -   Original distribution: {0: 0.5, 1: 0.5}
2025-09-28 18:45:44 -   Sampled distribution: {0: 0.5, 1: 0.5}
2025-09-28 18:45:44 - Subject P3_sub-009: Sampled 10/80 trials
2025-09-28 18:45:44 -   Original distribution: {0: 0.5, 1: 0.5}
2025-09-28 18:45:44 -   Sampled distribution: {0: 0.5, 1: 0.5}
2025-09-28 18:45:44 - Subject P3_sub-010: Sampled 10/80 trials
2025-09-28 18:45:44 -   Original distribution: {0: 0.5, 1: 0.5}
2025-09-28 18:45:44 -   Sampled distribution: {0: 0.5, 1: 0.5}
2025-09-28 18:45:44 - Subject P3_sub-011: Sampled 10/80 trials
2025-09-28 18:45:44 -   Original distribution: {0: 0.5, 1: 0.5}
2025-09-28 18:45:44 -   Sampled distribution: {0: 0.5, 1: 0.5}
2025-09-28 18:45:44 - Subject P3_sub-012: Sampled 10/78 trials
2025-09-28 18:45:44 -   Original distribution: {0: 0.5, 1: 0.5}
2025-09-28 18:45:44 -   Sampled distribution: {0: 0.5, 1: 0.5}
2025-09-28 18:45:44 - Subject P3_sub-013: Sampled 10/80 trials
2025-09-28 18:45:44 -   Original distribution: {0: 0.5, 1: 0.5}
2025-09-28 18:45:44 -   Sampled distribution: {0: 0.5, 1: 0.5}
2025-09-28 18:45:45 - Subject P3_sub-014: Sampled 10/80 trials
2025-09-28 18:45:45 -   Original distribution: {0: 0.5, 1: 0.5}
2025-09-28 18:45:45 -   Sampled distribution: {0: 0.5, 1: 0.5}
2025-09-28 18:45:45 - Subject P3_sub-015: Sampled 10/80 trials
2025-09-28 18:45:45 -   Original distribution: {0: 0.5, 1: 0.5}
2025-09-28 18:45:45 -   Sampled distribution: {0: 0.5, 1: 0.5}
2025-09-28 18:45:45 - Subject P3_sub-016: Sampled 10/80 trials
2025-09-28 18:45:45 -   Original distribution: {0: 0.5, 1: 0.5}
2025-09-28 18:45:45 -   Sampled distribution: {0: 0.5, 1: 0.5}
2025-09-28 18:45:45 - Subject P3_sub-017: Sampled 10/80 trials
2025-09-28 18:45:45 -   Original distribution: {0: 0.5, 1: 0.5}
2025-09-28 18:45:45 -   Sampled distribution: {0: 0.5, 1: 0.5}
2025-09-28 18:45:45 - Subject P3_sub-018: Sampled 10/80 trials
2025-09-28 18:45:45 -   Original distribution: {0: 0.5, 1: 0.5}
2025-09-28 18:45:45 -   Sampled distribution: {0: 0.5, 1: 0.5}
2025-09-28 18:45:45 - Subject P3_sub-019: Sampled 10/80 trials
2025-09-28 18:45:45 -   Original distribution: {0: 0.5, 1: 0.5}
2025-09-28 18:45:45 -   Sampled distribution: {0: 0.5, 1: 0.5}
2025-09-28 18:45:45 - Subject P3_sub-020: Sampled 10/78 trials
2025-09-28 18:45:45 -   Original distribution: {0: 0.5, 1: 0.5}
2025-09-28 18:45:45 -   Sampled distribution: {0: 0.5, 1: 0.5}
2025-09-28 18:45:46 - Subject P3_sub-021: Sampled 10/80 trials
2025-09-28 18:45:46 -   Original distribution: {0: 0.5, 1: 0.5}
2025-09-28 18:45:46 -   Sampled distribution: {0: 0.5, 1: 0.5}
2025-09-28 18:45:46 - Subject P3_sub-022: Sampled 10/80 trials
2025-09-28 18:45:46 -   Original distribution: {0: 0.5, 1: 0.5}
2025-09-28 18:45:46 -   Sampled distribution: {0: 0.5, 1: 0.5}
2025-09-28 18:45:46 - Subject P3_sub-023: Sampled 10/78 trials
2025-09-28 18:45:46 -   Original distribution: {0: 0.5, 1: 0.5}
2025-09-28 18:45:46 -   Sampled distribution: {0: 0.5, 1: 0.5}
2025-09-28 18:45:46 - Subject P3_sub-024: Sampled 10/80 trials
2025-09-28 18:45:46 -   Original distribution: {0: 0.5, 1: 0.5}
2025-09-28 18:45:46 -   Sampled distribution: {0: 0.5, 1: 0.5}
2025-09-28 18:45:46 - Subject P3_sub-025: Sampled 10/80 trials
2025-09-28 18:45:46 -   Original distribution: {0: 0.5, 1: 0.5}
2025-09-28 18:45:46 -   Sampled distribution: {0: 0.5, 1: 0.5}
2025-09-28 18:45:46 - Subject P3_sub-026: Sampled 10/80 trials
2025-09-28 18:45:46 -   Original distribution: {0: 0.5, 1: 0.5}
2025-09-28 18:45:46 -   Sampled distribution: {0: 0.5, 1: 0.5}
2025-09-28 18:45:47 - Subject P3_sub-027: Sampled 10/80 trials
2025-09-28 18:45:47 -   Original distribution: {0: 0.5, 1: 0.5}
2025-09-28 18:45:47 -   Sampled distribution: {0: 0.5, 1: 0.5}
2025-09-28 18:45:47 - Subject P3_sub-028: Sampled 10/80 trials
2025-09-28 18:45:47 -   Original distribution: {0: 0.5, 1: 0.5}
2025-09-28 18:45:47 -   Sampled distribution: {0: 0.5, 1: 0.5}
2025-09-28 18:45:47 - Subject P3_sub-029: Sampled 10/80 trials
2025-09-28 18:45:47 -   Original distribution: {0: 0.5, 1: 0.5}
2025-09-28 18:45:47 -   Sampled distribution: {0: 0.5, 1: 0.5}
2025-09-28 18:45:47 - Subject P3_sub-030: Sampled 10/80 trials
2025-09-28 18:45:47 -   Original distribution: {0: 0.5, 1: 0.5}
2025-09-28 18:45:47 -   Sampled distribution: {0: 0.5, 1: 0.5}
2025-09-28 18:45:47 - Subject P3_sub-031: Sampled 10/80 trials
2025-09-28 18:45:47 -   Original distribution: {0: 0.5, 1: 0.5}
2025-09-28 18:45:47 -   Sampled distribution: {0: 0.5, 1: 0.5}
2025-09-28 18:45:47 - Subject P3_sub-032: Sampled 10/80 trials
2025-09-28 18:45:47 -   Original distribution: {0: 0.5, 1: 0.5}
2025-09-28 18:45:47 -   Sampled distribution: {0: 0.5, 1: 0.5}
2025-09-28 18:45:47 - Subject P3_sub-033: Sampled 10/80 trials
2025-09-28 18:45:47 -   Original distribution: {0: 0.5, 1: 0.5}
2025-09-28 18:45:47 -   Sampled distribution: {0: 0.5, 1: 0.5}
2025-09-28 18:45:48 - Subject P3_sub-034: Sampled 10/80 trials
2025-09-28 18:45:48 -   Original distribution: {0: 0.5, 1: 0.5}
2025-09-28 18:45:48 -   Sampled distribution: {0: 0.5, 1: 0.5}
2025-09-28 18:45:48 - Subject P3_sub-035: Sampled 10/78 trials
2025-09-28 18:45:48 -   Original distribution: {0: 0.5, 1: 0.5}
2025-09-28 18:45:48 -   Sampled distribution: {0: 0.5, 1: 0.5}
2025-09-28 18:45:48 - Subject P3_sub-036: Sampled 10/80 trials
2025-09-28 18:45:48 -   Original distribution: {0: 0.5, 1: 0.5}
2025-09-28 18:45:48 -   Sampled distribution: {0: 0.5, 1: 0.5}
2025-09-28 18:45:48 - Subject P3_sub-037: Sampled 10/78 trials
2025-09-28 18:45:48 -   Original distribution: {0: 0.5, 1: 0.5}
2025-09-28 18:45:48 -   Sampled distribution: {0: 0.5, 1: 0.5}
2025-09-28 18:45:48 - Subject P3_sub-038: Sampled 10/80 trials
2025-09-28 18:45:48 -   Original distribution: {0: 0.5, 1: 0.5}
2025-09-28 18:45:48 -   Sampled distribution: {0: 0.5, 1: 0.5}
2025-09-28 18:45:48 - Subject P3_sub-039: Sampled 10/80 trials
2025-09-28 18:45:48 -   Original distribution: {0: 0.5, 1: 0.5}
2025-09-28 18:45:48 -   Sampled distribution: {0: 0.5, 1: 0.5}
2025-09-28 18:45:49 - Subject P3_sub-040: Sampled 10/80 trials
2025-09-28 18:45:49 -   Original distribution: {0: 0.5, 1: 0.5}
2025-09-28 18:45:49 -   Sampled distribution: {0: 0.5, 1: 0.5}
2025-09-28 18:46:04 - Subject AVO_038: Sampled 80/100 trials
2025-09-28 18:46:04 -   Original distribution: {0: 0.5, 1: 0.5}
2025-09-28 18:46:04 -   Sampled distribution: {0: 0.5, 1: 0.5}
2025-09-28 18:46:04 - Subject AVO_032: Sampled 80/96 trials
2025-09-28 18:46:04 -   Original distribution: {0: 0.5, 1: 0.5}
2025-09-28 18:46:04 -   Sampled distribution: {0: 0.5, 1: 0.5}
2025-09-28 18:46:04 - Subject AVO_024: Sampled 80/92 trials
2025-09-28 18:46:04 -   Original distribution: {0: 0.5, 1: 0.5}
2025-09-28 18:46:04 -   Sampled distribution: {0: 0.5, 1: 0.5}
2025-09-28 18:46:04 - Subject AVO_047: Sampled 80/92 trials
2025-09-28 18:46:04 -   Original distribution: {0: 0.5, 1: 0.5}
2025-09-28 18:46:04 -   Sampled distribution: {0: 0.5, 1: 0.5}
2025-09-28 18:46:04 - Subject AVO_003: Sampled 80/88 trials
2025-09-28 18:46:04 -   Original distribution: {0: 0.5, 1: 0.5}
2025-09-28 18:46:04 -   Sampled distribution: {0: 0.5, 1: 0.5}
2025-09-28 18:46:04 - Subject AVO_031: Sampled 80/88 trials
2025-09-28 18:46:04 -   Original distribution: {0: 0.5, 1: 0.5}
2025-09-28 18:46:04 -   Sampled distribution: {0: 0.5, 1: 0.5}
2025-09-28 18:46:04 - Subject AVO_035: Sampled 80/88 trials
2025-09-28 18:46:04 -   Original distribution: {0: 0.5, 1: 0.5}
2025-09-28 18:46:04 -   Sampled distribution: {0: 0.5, 1: 0.5}
2025-09-28 18:46:05 - Subject AVO_048: Sampled 80/88 trials
2025-09-28 18:46:05 -   Original distribution: {0: 0.5, 1: 0.5}
2025-09-28 18:46:05 -   Sampled distribution: {0: 0.5, 1: 0.5}
2025-09-28 18:46:05 - Subject AVO_037: Sampled 80/86 trials
2025-09-28 18:46:05 -   Original distribution: {0: 0.5, 1: 0.5}
2025-09-28 18:46:05 -   Sampled distribution: {0: 0.5, 1: 0.5}
2025-09-28 18:46:05 - Subject AVO_041: Sampled 80/86 trials
2025-09-28 18:46:05 -   Original distribution: {0: 0.5, 1: 0.5}
2025-09-28 18:46:05 -   Sampled distribution: {0: 0.5, 1: 0.5}
2025-09-28 18:46:05 - Subject AVO_004: Sampled 80/84 trials
2025-09-28 18:46:05 -   Original distribution: {0: 0.5, 1: 0.5}
2025-09-28 18:46:05 -   Sampled distribution: {0: 0.5, 1: 0.5}
2025-09-28 18:46:05 - Subject AVO_028: Sampled 80/84 trials
2025-09-28 18:46:05 -   Original distribution: {0: 0.5, 1: 0.5}
2025-09-28 18:46:05 -   Sampled distribution: {0: 0.5, 1: 0.5}
2025-09-28 18:46:05 - Subject AVO_029: Sampled 80/84 trials
2025-09-28 18:46:05 -   Original distribution: {0: 0.5, 1: 0.5}
2025-09-28 18:46:05 -   Sampled distribution: {0: 0.5, 1: 0.5}
2025-09-28 18:46:06 - Subject AVO_036: Sampled 80/84 trials
2025-09-28 18:46:06 -   Original distribution: {0: 0.5, 1: 0.5}
2025-09-28 18:46:06 -   Sampled distribution: {0: 0.5, 1: 0.5}
2025-09-28 18:46:06 - Subject AVO_040: Sampled 80/84 trials
2025-09-28 18:46:06 -   Original distribution: {0: 0.5, 1: 0.5}
2025-09-28 18:46:06 -   Sampled distribution: {0: 0.5, 1: 0.5}
2025-09-28 18:46:06 - Subject AVO_051: Sampled 80/84 trials
2025-09-28 18:46:06 -   Original distribution: {0: 0.5, 1: 0.5}
2025-09-28 18:46:06 -   Sampled distribution: {0: 0.5, 1: 0.5}
2025-09-28 18:46:06 - Subject AVO_021: Sampled 80/82 trials
2025-09-28 18:46:06 -   Original distribution: {0: 0.5, 1: 0.5}
2025-09-28 18:46:06 -   Sampled distribution: {0: 0.5, 1: 0.5}
2025-09-28 18:46:09 - Nested CV dataset summary:
2025-09-28 18:46:09 -   Total subjects: 80
2025-09-28 18:46:09 -   Total trials: 3448
2025-09-28 18:46:09 -   Average trials per subject: 43.1
2025-09-28 18:46:09 -   P3 dataset: 40 subjects, 400 trials (10.0 trials/subject)
2025-09-28 18:46:09 -   AVO dataset: 40 subjects, 3048 trials (76.2 trials/subject)
2025-09-28 18:46:09 -   Class distribution: {0: 1724, 1: 1724}
2025-09-28 18:46:09 -   Class proportions: [0.5 0.5]
2025-09-28 18:46:09 -   NOTE: Datasets have different trial counts - StratifiedKFold will handle balanced sampling
2025-09-28 18:46:09 - Enhanced preprocessing increased channels from 5 to 25
2025-09-28 18:46:09 - Starting Cross-Validation for EEGConformer
2025-09-28 18:46:09 - Configuration: 5-fold CV, 5 repeats
2025-09-28 18:46:09 - Data split ratios: Train=0.7, Val=0.1, Test=0.2
2025-09-28 18:46:09 - Repeat 1/5
2025-09-28 18:46:10 -   Fold 1/5
2025-09-28 18:46:10 -     Fold split: Train=2413, Val=345
2025-09-28 18:47:01 -     Test accuracy: 0.6899
2025-09-28 18:47:01 -   Fold 2/5
2025-09-28 18:47:01 -     Fold split: Train=2413, Val=345
2025-09-28 18:48:11 -     Test accuracy: 0.6754
2025-09-28 18:48:11 -   Fold 3/5
2025-09-28 18:48:11 -     Fold split: Train=2413, Val=345
2025-09-28 18:48:47 -     Test accuracy: 0.6609
2025-09-28 18:48:47 -   Fold 4/5
2025-09-28 18:48:47 -     Fold split: Train=2414, Val=345
2025-09-28 18:49:40 -     Test accuracy: 0.6386
2025-09-28 18:49:40 -   Fold 5/5
2025-09-28 18:49:40 -     Fold split: Train=2414, Val=345
2025-09-28 18:50:04 -     Test accuracy: 0.6343
2025-09-28 18:50:04 -   Repeat 1 mean accuracy: 0.6598 ± 0.0212
2025-09-28 18:50:04 - Repeat 2/5
2025-09-28 18:50:04 -   Fold 1/5
2025-09-28 18:50:04 -     Fold split: Train=2413, Val=345
2025-09-28 18:51:16 -     Test accuracy: 0.6971
2025-09-28 18:51:16 -   Fold 2/5
2025-09-28 18:51:16 -     Fold split: Train=2413, Val=345
2025-09-28 18:51:59 -     Test accuracy: 0.6522
2025-09-28 18:51:59 -   Fold 3/5
2025-09-28 18:51:59 -     Fold split: Train=2413, Val=345
2025-09-28 18:52:33 -     Test accuracy: 0.6768
2025-09-28 18:52:33 -   Fold 4/5
2025-09-28 18:52:33 -     Fold split: Train=2414, Val=345
2025-09-28 18:53:05 -     Test accuracy: 0.6821
2025-09-28 18:53:05 -   Fold 5/5
2025-09-28 18:53:05 -     Fold split: Train=2414, Val=345
2025-09-28 18:54:21 -     Test accuracy: 0.7097
2025-09-28 18:54:21 -   Repeat 2 mean accuracy: 0.6836 ± 0.0195
2025-09-28 18:54:21 - Repeat 3/5
2025-09-28 18:54:21 -   Fold 1/5
2025-09-28 18:54:21 -     Fold split: Train=2413, Val=345
2025-09-28 18:54:40 -     Test accuracy: 0.6348
2025-09-28 18:54:40 -   Fold 2/5
2025-09-28 18:54:40 -     Fold split: Train=2413, Val=345
2025-09-28 18:55:38 -     Test accuracy: 0.7304
2025-09-28 18:55:38 -   Fold 3/5
2025-09-28 18:55:38 -     Fold split: Train=2413, Val=345
2025-09-28 18:56:07 -     Test accuracy: 0.6783
2025-09-28 18:56:07 -   Fold 4/5
2025-09-28 18:56:07 -     Fold split: Train=2414, Val=345
2025-09-28 18:57:18 -     Test accuracy: 0.7446
2025-09-28 18:57:18 -   Fold 5/5
2025-09-28 18:57:18 -     Fold split: Train=2414, Val=345
2025-09-28 18:58:38 -     Test accuracy: 0.6662
2025-09-28 18:58:38 -   Repeat 3 mean accuracy: 0.6908 ± 0.0409
2025-09-28 18:58:38 - Repeat 4/5
2025-09-28 18:58:38 -   Fold 1/5
2025-09-28 18:58:38 -     Fold split: Train=2413, Val=345
2025-09-28 18:59:28 -     Test accuracy: 0.7174
2025-09-28 18:59:28 -   Fold 2/5
2025-09-28 18:59:28 -     Fold split: Train=2413, Val=345
2025-09-28 19:00:37 -     Test accuracy: 0.6551
2025-09-28 19:00:37 -   Fold 3/5
2025-09-28 19:00:37 -     Fold split: Train=2413, Val=345
2025-09-28 19:01:37 -     Test accuracy: 0.6681
2025-09-28 19:01:37 -   Fold 4/5
2025-09-28 19:01:37 -     Fold split: Train=2414, Val=345
2025-09-28 19:02:04 -     Test accuracy: 0.6836
2025-09-28 19:02:04 -   Fold 5/5
2025-09-28 19:02:04 -     Fold split: Train=2414, Val=345
2025-09-28 19:02:18 -     Test accuracy: 0.5007
2025-09-28 19:02:18 -   Repeat 4 mean accuracy: 0.6450 ± 0.0751
2025-09-28 19:02:18 - Repeat 5/5
2025-09-28 19:02:18 -   Fold 1/5
2025-09-28 19:02:18 -     Fold split: Train=2413, Val=345
2025-09-28 19:03:31 -     Test accuracy: 0.7072
2025-09-28 19:03:31 -   Fold 2/5
2025-09-28 19:03:31 -     Fold split: Train=2413, Val=345
2025-09-28 19:04:07 -     Test accuracy: 0.6362
2025-09-28 19:04:07 -   Fold 3/5
2025-09-28 19:04:07 -     Fold split: Train=2413, Val=345
2025-09-28 19:05:57 -     Test accuracy: 0.6855
2025-09-28 19:05:57 -   Fold 4/5
2025-09-28 19:05:57 -     Fold split: Train=2414, Val=345
2025-09-28 19:06:11 -     Test accuracy: 0.4993
2025-09-28 19:06:11 -   Fold 5/5
2025-09-28 19:06:11 -     Fold split: Train=2414, Val=345
2025-09-28 19:06:35 -     Test accuracy: 0.6792
2025-09-28 19:06:35 -   Repeat 5 mean accuracy: 0.6415 ± 0.0748
2025-09-28 19:06:35 - Cross-Validation completed for EEGConformer
2025-09-28 19:06:35 - Final accuracy: 0.6641 ± 0.0572
2025-09-28 19:06:35 - 95% CI: [0.6405, 0.6878]
2025-09-28 19:06:35 - 
============================================================
2025-09-28 19:06:35 - CROSS-VALIDATION RESULTS
2025-09-28 19:06:35 - ============================================================
2025-09-28 19:06:35 - Model: EEGConformer
2025-09-28 19:06:35 - Overall accuracy: 0.6641 ± 0.0572
2025-09-28 19:06:35 - 95% Confidence Interval: [0.6405, 0.6878]
2025-09-28 19:06:35 - Statistical significance: 25 evaluations
2025-09-28 19:06:35 - Precision: 0.6893 [0.6567, 0.7219]
2025-09-28 19:06:35 - Recall: 0.6716 [0.6007, 0.7424]
2025-09-28 19:06:35 - F1_Score: 0.6597 [0.6339, 0.6854]
2025-09-28 19:06:35 - Auc: 0.7509 [0.7274, 0.7743]
2025-09-28 19:06:35 - ============================================================
2025-09-28 19:06:35 - Individual subject results skipped - using Nested Cross-Validation results
2025-09-28 19:06:35 - Detailed results saved to: main_combined_detailed_results_20250928_190635.csv
2025-09-28 19:06:35 - Summary statistics saved to: main_combined_summary_stats_20250928_190635.csv
2025-09-28 19:06:35 - Dataset-specific results from Nested Cross-Validation:
2025-09-28 19:06:35 - P3 Dataset - Nested CV Results:
2025-09-28 19:06:35 -   Mean Accuracy: 0.5719 ± 0.0701
2025-09-28 19:06:35 -   95% CI: [0.5430, 0.6009]
2025-09-28 19:06:35 -   AUC: 0.6232 ± 0.0683
2025-09-28 19:06:35 - AVO Dataset - Nested CV Results:
2025-09-28 19:06:35 -   Mean Accuracy: 0.6760 ± 0.0589
2025-09-28 19:06:35 -   95% CI: [0.6517, 0.7003]
2025-09-28 19:06:35 -   AUC: 0.7670 ± 0.0593
