2025-09-21 23:48:33 - 
Experiment Configuration:
2025-09-21 23:48:33 - --------------------------------------------------
2025-09-21 23:48:33 - dataset: ds005863
2025-09-21 23:48:33 - use_combined_datasets: False
2025-09-21 23:48:33 - electrode_list: all
2025-09-21 23:48:33 - classifier: EEGConformer
2025-09-21 23:48:33 - separate_subject_classification: False
2025-09-21 23:48:33 - use_subject_layer: False
2025-09-21 23:48:33 - seeds: [42, 123, 456, 789, 321]
2025-09-21 23:48:33 - use_nested_cv: True
2025-09-21 23:48:33 - electrode_fusion_method: none
2025-09-21 23:48:33 - domain_adaptation_method: none
2025-09-21 23:48:33 - enable_comprehensive_evaluation: True
2025-09-21 23:48:33 - enable_domain_analysis: True
2025-09-21 23:48:33 - enable_small_sample_analysis: False
2025-09-21 23:48:33 - small_sample_sizes: [5, 10, 15, 20]
2025-09-21 23:48:33 - small_sample_subjects: [5, 10, 15]
2025-09-21 23:48:33 - --------------------------------------------------
2025-09-21 23:48:33 - 
==================================================
2025-09-21 23:48:33 - Processing Active Visual Oddball Dataset
2025-09-21 23:48:33 - ==================================================
2025-09-21 23:48:33 - Using Cross-Validation (simplified approach)
2025-09-21 23:48:33 - Configuration: 5-fold CV, 5 repeats
2025-09-21 23:48:33 - ============================================================
2025-09-21 23:48:33 - CROSS-VALIDATION CONFIGURATION
2025-09-21 23:48:33 - ============================================================
2025-09-21 23:48:33 - Datasets: ['AVO']
2025-09-21 23:48:33 - CV folds: 5
2025-09-21 23:48:33 - Repeats: 5
2025-09-21 23:48:33 - Confidence level: 0.95
2025-09-21 23:48:33 - ============================================================
2025-09-21 23:48:33 - STRATIFIED SAMPLING CONFIGURATION
2025-09-21 23:48:33 - ============================================================
2025-09-21 23:48:33 - Nested CV Mode: Trial counts per subject by dataset
2025-09-21 23:48:33 -   AVO dataset: 20 trials per subject
2025-09-21 23:48:33 - Sampling strategy: Multi-level stratified sampling
2025-09-21 23:48:33 -   - Subject-level: Stratified trial selection per subject
2025-09-21 23:48:33 -   - Dataset-level: Stratified sampling when dataset trial counts differ
2025-09-21 23:48:33 -   - Fold-level: StratifiedKFold for 5-fold CV
2025-09-21 23:48:33 -   - Train/Val split: Stratified train_test_split within each fold
2025-09-21 23:48:33 - ============================================================
2025-09-21 23:48:33 - No data available for nested CV
Using Enhanced Preprocessor with advanced features:
  - Artifact removal (ICA): True
  - Baseline correction: True
  - Frequency features: True
  - Notch filter: True

--- Experiment Run Complete ---
