2025-09-25 21:02:24 - 
Experiment Configuration:
2025-09-25 21:02:24 - --------------------------------------------------
2025-09-25 21:02:24 - dataset: P3 Raw Data BIDS-Compatible
2025-09-25 21:02:24 - use_combined_datasets: False
2025-09-25 21:02:24 - electrode_list: all
2025-09-25 21:02:24 - classifier: EEGConformer
2025-09-25 21:02:24 - separate_subject_classification: False
2025-09-25 21:02:24 - use_subject_layer: False
2025-09-25 21:02:24 - seeds: [42, 123, 456, 789, 321]
2025-09-25 21:02:24 - use_nested_cv: True
2025-09-25 21:02:24 - electrode_fusion_method: none
2025-09-25 21:02:24 - domain_adaptation_method: none
2025-09-25 21:02:24 - enable_comprehensive_evaluation: True
2025-09-25 21:02:24 - enable_domain_analysis: True
2025-09-25 21:02:24 - enable_small_sample_analysis: False
2025-09-25 21:02:24 - small_sample_sizes: [5, 10, 15, 20]
2025-09-25 21:02:24 - small_sample_subjects: [5, 10, 15]
2025-09-25 21:02:24 - --------------------------------------------------
2025-09-25 21:02:24 - 
==================================================
2025-09-25 21:02:24 - Processing P3 Dataset
2025-09-25 21:02:24 - ==================================================
2025-09-25 21:02:24 - Using Cross-Validation (simplified approach)
2025-09-25 21:02:24 - Configuration: 5-fold CV, 5 repeats
2025-09-25 21:02:24 - ============================================================
2025-09-25 21:02:24 - CROSS-VALIDATION CONFIGURATION
2025-09-25 21:02:24 - ============================================================
2025-09-25 21:02:24 - Datasets: ['P3']
2025-09-25 21:02:24 - CV folds: 5
2025-09-25 21:02:24 - Repeats: 5
2025-09-25 21:02:24 - Confidence level: 0.95
2025-09-25 21:02:24 - ============================================================
2025-09-25 21:02:24 - STRATIFIED SAMPLING CONFIGURATION
2025-09-25 21:02:24 - ============================================================
2025-09-25 21:02:24 - Nested CV Mode: Trial counts per subject by dataset
2025-09-25 21:02:24 -   P3 dataset: 20 trials per subject
2025-09-25 21:02:24 - Sampling strategy: Multi-level stratified sampling
2025-09-25 21:02:24 -   - Subject-level: Stratified trial selection per subject
2025-09-25 21:02:24 -   - Dataset-level: Stratified sampling when dataset trial counts differ
2025-09-25 21:02:24 -   - Fold-level: StratifiedKFold for 5-fold CV
2025-09-25 21:02:24 -   - Train/Val split: Stratified train_test_split within each fold
2025-09-25 21:02:24 - ============================================================
2025-09-25 21:02:25 - Subject sub-001: Sampled 20/80 trials
2025-09-25 21:02:25 -   Original distribution: {0: 0.5, 1: 0.5}
2025-09-25 21:02:25 -   Sampled distribution: {0: 0.5, 1: 0.5}
2025-09-25 21:02:25 - Subject sub-002: Sampled 20/80 trials
2025-09-25 21:02:25 -   Original distribution: {0: 0.5, 1: 0.5}
2025-09-25 21:02:25 -   Sampled distribution: {0: 0.5, 1: 0.5}
2025-09-25 21:02:25 - Subject sub-003: Sampled 20/80 trials
2025-09-25 21:02:25 -   Original distribution: {0: 0.5, 1: 0.5}
2025-09-25 21:02:25 -   Sampled distribution: {0: 0.5, 1: 0.5}
2025-09-25 21:02:26 - Subject sub-004: Sampled 20/78 trials
2025-09-25 21:02:26 -   Original distribution: {0: 0.5, 1: 0.5}
2025-09-25 21:02:26 -   Sampled distribution: {0: 0.5, 1: 0.5}
2025-09-25 21:02:26 - Subject sub-005: Sampled 20/80 trials
2025-09-25 21:02:26 -   Original distribution: {0: 0.5, 1: 0.5}
2025-09-25 21:02:26 -   Sampled distribution: {0: 0.5, 1: 0.5}
2025-09-25 21:02:26 - Subject sub-006: Sampled 20/80 trials
2025-09-25 21:02:26 -   Original distribution: {0: 0.5, 1: 0.5}
2025-09-25 21:02:26 -   Sampled distribution: {0: 0.5, 1: 0.5}
2025-09-25 21:02:26 - Subject sub-007: Sampled 20/80 trials
2025-09-25 21:02:26 -   Original distribution: {0: 0.5, 1: 0.5}
2025-09-25 21:02:26 -   Sampled distribution: {0: 0.5, 1: 0.5}
2025-09-25 21:02:27 - Subject sub-008: Sampled 20/80 trials
2025-09-25 21:02:27 -   Original distribution: {0: 0.5, 1: 0.5}
2025-09-25 21:02:27 -   Sampled distribution: {0: 0.5, 1: 0.5}
2025-09-25 21:02:27 - Subject sub-009: Sampled 20/80 trials
2025-09-25 21:02:27 -   Original distribution: {0: 0.5, 1: 0.5}
2025-09-25 21:02:27 -   Sampled distribution: {0: 0.5, 1: 0.5}
2025-09-25 21:02:27 - Subject sub-010: Sampled 20/80 trials
2025-09-25 21:02:27 -   Original distribution: {0: 0.5, 1: 0.5}
2025-09-25 21:02:27 -   Sampled distribution: {0: 0.5, 1: 0.5}
2025-09-25 21:02:27 - Subject sub-011: Sampled 20/80 trials
2025-09-25 21:02:27 -   Original distribution: {0: 0.5, 1: 0.5}
2025-09-25 21:02:27 -   Sampled distribution: {0: 0.5, 1: 0.5}
2025-09-25 21:02:28 - Subject sub-012: Sampled 20/78 trials
2025-09-25 21:02:28 -   Original distribution: {0: 0.5, 1: 0.5}
2025-09-25 21:02:28 -   Sampled distribution: {0: 0.5, 1: 0.5}
2025-09-25 21:02:28 - Subject sub-013: Sampled 20/80 trials
2025-09-25 21:02:28 -   Original distribution: {0: 0.5, 1: 0.5}
2025-09-25 21:02:28 -   Sampled distribution: {0: 0.5, 1: 0.5}
2025-09-25 21:02:28 - Subject sub-014: Sampled 20/80 trials
2025-09-25 21:02:28 -   Original distribution: {0: 0.5, 1: 0.5}
2025-09-25 21:02:28 -   Sampled distribution: {0: 0.5, 1: 0.5}
2025-09-25 21:02:28 - Subject sub-015: Sampled 20/80 trials
2025-09-25 21:02:28 -   Original distribution: {0: 0.5, 1: 0.5}
2025-09-25 21:02:28 -   Sampled distribution: {0: 0.5, 1: 0.5}
2025-09-25 21:02:29 - Subject sub-016: Sampled 20/80 trials
2025-09-25 21:02:29 -   Original distribution: {0: 0.5, 1: 0.5}
2025-09-25 21:02:29 -   Sampled distribution: {0: 0.5, 1: 0.5}
2025-09-25 21:02:29 - Subject sub-017: Sampled 20/80 trials
2025-09-25 21:02:29 -   Original distribution: {0: 0.5, 1: 0.5}
2025-09-25 21:02:29 -   Sampled distribution: {0: 0.5, 1: 0.5}
2025-09-25 21:02:29 - Subject sub-018: Sampled 20/80 trials
2025-09-25 21:02:29 -   Original distribution: {0: 0.5, 1: 0.5}
2025-09-25 21:02:29 -   Sampled distribution: {0: 0.5, 1: 0.5}
2025-09-25 21:02:30 - Subject sub-019: Sampled 20/80 trials
2025-09-25 21:02:30 -   Original distribution: {0: 0.5, 1: 0.5}
2025-09-25 21:02:30 -   Sampled distribution: {0: 0.5, 1: 0.5}
2025-09-25 21:02:30 - Subject sub-020: Sampled 20/78 trials
2025-09-25 21:02:30 -   Original distribution: {0: 0.5, 1: 0.5}
2025-09-25 21:02:30 -   Sampled distribution: {0: 0.5, 1: 0.5}
2025-09-25 21:02:30 - Subject sub-021: Sampled 20/80 trials
2025-09-25 21:02:30 -   Original distribution: {0: 0.5, 1: 0.5}
2025-09-25 21:02:30 -   Sampled distribution: {0: 0.5, 1: 0.5}
2025-09-25 21:02:30 - Subject sub-022: Sampled 20/80 trials
2025-09-25 21:02:30 -   Original distribution: {0: 0.5, 1: 0.5}
2025-09-25 21:02:30 -   Sampled distribution: {0: 0.5, 1: 0.5}
2025-09-25 21:02:31 - Subject sub-023: Sampled 20/78 trials
2025-09-25 21:02:31 -   Original distribution: {0: 0.5, 1: 0.5}
2025-09-25 21:02:31 -   Sampled distribution: {0: 0.5, 1: 0.5}
2025-09-25 21:02:31 - Subject sub-024: Sampled 20/80 trials
2025-09-25 21:02:31 -   Original distribution: {0: 0.5, 1: 0.5}
2025-09-25 21:02:31 -   Sampled distribution: {0: 0.5, 1: 0.5}
2025-09-25 21:02:31 - Subject sub-025: Sampled 20/80 trials
2025-09-25 21:02:31 -   Original distribution: {0: 0.5, 1: 0.5}
2025-09-25 21:02:31 -   Sampled distribution: {0: 0.5, 1: 0.5}
2025-09-25 21:02:31 - Subject sub-026: Sampled 20/80 trials
2025-09-25 21:02:31 -   Original distribution: {0: 0.5, 1: 0.5}
2025-09-25 21:02:31 -   Sampled distribution: {0: 0.5, 1: 0.5}
2025-09-25 21:02:32 - Subject sub-027: Sampled 20/80 trials
2025-09-25 21:02:32 -   Original distribution: {0: 0.5, 1: 0.5}
2025-09-25 21:02:32 -   Sampled distribution: {0: 0.5, 1: 0.5}
2025-09-25 21:02:32 - Subject sub-028: Sampled 20/80 trials
2025-09-25 21:02:32 -   Original distribution: {0: 0.5, 1: 0.5}
2025-09-25 21:02:32 -   Sampled distribution: {0: 0.5, 1: 0.5}
2025-09-25 21:02:32 - Subject sub-029: Sampled 20/80 trials
2025-09-25 21:02:32 -   Original distribution: {0: 0.5, 1: 0.5}
2025-09-25 21:02:32 -   Sampled distribution: {0: 0.5, 1: 0.5}
Using Enhanced Preprocessor with advanced features:
  - Artifact removal (ICA): True
  - Baseline correction: True
  - Frequency features: True
  - Notch filter: True
Starting enhanced preprocessing...
Checking cache for: sub-001_task-P3_eeg.fdt
✓ Loaded cached enhanced data: 80 windows in 0.00s
✓ Using cached enhanced preprocessing data
Subject sub-001 (P3): 80 total trials available
  Performing stratified sampling: 20 trials
Starting enhanced preprocessing...
Checking cache for: sub-002_task-P3_eeg.fdt
✓ Loaded cached enhanced data: 80 windows in 0.00s
✓ Using cached enhanced preprocessing data
Subject sub-002 (P3): 80 total trials available
  Performing stratified sampling: 20 trials
Starting enhanced preprocessing...
Checking cache for: sub-003_task-P3_eeg.fdt
✓ Loaded cached enhanced data: 80 windows in 0.00s
✓ Using cached enhanced preprocessing data
Subject sub-003 (P3): 80 total trials available
  Performing stratified sampling: 20 trials
Starting enhanced preprocessing...
Checking cache for: sub-004_task-P3_eeg.fdt
✓ Loaded cached enhanced data: 78 windows in 0.00s
✓ Using cached enhanced preprocessing data
Subject sub-004 (P3): 78 total trials available
  Performing stratified sampling: 20 trials
Starting enhanced preprocessing...
Checking cache for: sub-005_task-P3_eeg.fdt
✓ Loaded cached enhanced data: 80 windows in 0.00s
✓ Using cached enhanced preprocessing data
Subject sub-005 (P3): 80 total trials available
  Performing stratified sampling: 20 trials
Starting enhanced preprocessing...
Checking cache for: sub-006_task-P3_eeg.fdt
✓ Loaded cached enhanced data: 80 windows in 0.00s
✓ Using cached enhanced preprocessing data
Subject sub-006 (P3): 80 total trials available
  Performing stratified sampling: 20 trials
Starting enhanced preprocessing...
Checking cache for: sub-007_task-P3_eeg.fdt
✓ Loaded cached enhanced data: 80 windows in 0.00s
✓ Using cached enhanced preprocessing data
Subject sub-007 (P3): 80 total trials available
  Performing stratified sampling: 20 trials
Starting enhanced preprocessing...
Checking cache for: sub-008_task-P3_eeg.fdt
✓ Loaded cached enhanced data: 80 windows in 0.00s
✓ Using cached enhanced preprocessing data
Subject sub-008 (P3): 80 total trials available
  Performing stratified sampling: 20 trials
Starting enhanced preprocessing...
Checking cache for: sub-009_task-P3_eeg.fdt
✓ Loaded cached enhanced data: 80 windows in 0.00s
✓ Using cached enhanced preprocessing data
Subject sub-009 (P3): 80 total trials available
  Performing stratified sampling: 20 trials
Starting enhanced preprocessing...
Checking cache for: sub-010_task-P3_eeg.fdt
✓ Loaded cached enhanced data: 80 windows in 0.00s
✓ Using cached enhanced preprocessing data
Subject sub-010 (P3): 80 total trials available
  Performing stratified sampling: 20 trials
Starting enhanced preprocessing...
Checking cache for: sub-011_task-P3_eeg.fdt
✓ Loaded cached enhanced data: 80 windows in 0.00s
✓ Using cached enhanced preprocessing data
Subject sub-011 (P3): 80 total trials available
  Performing stratified sampling: 20 trials
Starting enhanced preprocessing...
Checking cache for: sub-012_task-P3_eeg.fdt
✓ Loaded cached enhanced data: 78 windows in 0.00s
✓ Using cached enhanced preprocessing data
Subject sub-012 (P3): 78 total trials available
  Performing stratified sampling: 20 trials
Starting enhanced preprocessing...
Checking cache for: sub-013_task-P3_eeg.fdt
✓ Loaded cached enhanced data: 80 windows in 0.00s
✓ Using cached enhanced preprocessing data
Subject sub-013 (P3): 80 total trials available
  Performing stratified sampling: 20 trials
Starting enhanced preprocessing...
Checking cache for: sub-014_task-P3_eeg.fdt
✓ Loaded cached enhanced data: 80 windows in 0.00s
✓ Using cached enhanced preprocessing data
Subject sub-014 (P3): 80 total trials available
  Performing stratified sampling: 20 trials
Starting enhanced preprocessing...
Checking cache for: sub-015_task-P3_eeg.fdt
✓ Loaded cached enhanced data: 80 windows in 0.00s
✓ Using cached enhanced preprocessing data
Subject sub-015 (P3): 80 total trials available
  Performing stratified sampling: 20 trials
Starting enhanced preprocessing...
Checking cache for: sub-016_task-P3_eeg.fdt
✓ Loaded cached enhanced data: 80 windows in 0.00s
✓ Using cached enhanced preprocessing data
Subject sub-016 (P3): 80 total trials available
  Performing stratified sampling: 20 trials
Starting enhanced preprocessing...
Checking cache for: sub-017_task-P3_eeg.fdt
✓ Loaded cached enhanced data: 80 windows in 0.00s
✓ Using cached enhanced preprocessing data
Subject sub-017 (P3): 80 total trials available
  Performing stratified sampling: 20 trials
Starting enhanced preprocessing...
Checking cache for: sub-018_task-P3_eeg.fdt
✓ Loaded cached enhanced data: 80 windows in 0.00s
✓ Using cached enhanced preprocessing data
Subject sub-018 (P3): 80 total trials available
  Performing stratified sampling: 20 trials
Starting enhanced preprocessing...
Checking cache for: sub-019_task-P3_eeg.fdt
✓ Loaded cached enhanced data: 80 windows in 0.00s
✓ Using cached enhanced preprocessing data
Subject sub-019 (P3): 80 total trials available
  Performing stratified sampling: 20 trials
Starting enhanced preprocessing...
Checking cache for: sub-020_task-P3_eeg.fdt
✓ Loaded cached enhanced data: 78 windows in 0.00s
✓ Using cached enhanced preprocessing data
Subject sub-020 (P3): 78 total trials available
  Performing stratified sampling: 20 trials
Starting enhanced preprocessing...
Checking cache for: sub-021_task-P3_eeg.fdt
✓ Loaded cached enhanced data: 80 windows in 0.00s
✓ Using cached enhanced preprocessing data
Subject sub-021 (P3): 80 total trials available
  Performing stratified sampling: 20 trials
Starting enhanced preprocessing...
Checking cache for: sub-022_task-P3_eeg.fdt
✓ Loaded cached enhanced data: 80 windows in 0.00s
✓ Using cached enhanced preprocessing data
Subject sub-022 (P3): 80 total trials available
  Performing stratified sampling: 20 trials
Starting enhanced preprocessing...
Checking cache for: sub-023_task-P3_eeg.fdt
✓ Loaded cached enhanced data: 78 windows in 0.00s
✓ Using cached enhanced preprocessing data
Subject sub-023 (P3): 78 total trials available
  Performing stratified sampling: 20 trials
Starting enhanced preprocessing...
Checking cache for: sub-024_task-P3_eeg.fdt
✓ Loaded cached enhanced data: 80 windows in 0.00s
✓ Using cached enhanced preprocessing data
Subject sub-024 (P3): 80 total trials available
  Performing stratified sampling: 20 trials
Starting enhanced preprocessing...
Checking cache for: sub-025_task-P3_eeg.fdt
✓ Loaded cached enhanced data: 80 windows in 0.00s
✓ Using cached enhanced preprocessing data
Subject sub-025 (P3): 80 total trials available
  Performing stratified sampling: 20 trials
Starting enhanced preprocessing...
Checking cache for: sub-026_task-P3_eeg.fdt
✓ Loaded cached enhanced data: 80 windows in 0.00s
✓ Using cached enhanced preprocessing data
Subject sub-026 (P3): 80 total trials available
  Performing stratified sampling: 20 trials
Starting enhanced preprocessing...
Checking cache for: sub-027_task-P3_eeg.fdt
✓ Loaded cached enhanced data: 80 windows in 0.00s
✓ Using cached enhanced preprocessing data
Subject sub-027 (P3): 80 total trials available
  Performing stratified sampling: 20 trials
Starting enhanced preprocessing...
Checking cache for: sub-028_task-P3_eeg.fdt
✓ Loaded cached enhanced data: 80 windows in 0.00s
✓ Using cached enhanced preprocessing data
Subject sub-028 (P3): 80 total trials available
  Performing stratified sampling: 20 trials
Starting enhanced preprocessing...
Checking cache for: sub-029_task-P3_eeg.fdt
✓ Loaded cached enhanced data: 80 windows in 0.00s
✓ Using cached enhanced preprocessing data
Subject sub-029 (P3): 80 total trials available
  Performing stratified sampling: 20 trials
Starting enhanced preprocessing...
Checking cache for: sub-030_task-P3_eeg.fdt
✓ Loaded cached enhanced data: 80 windows in 0.00s
✓ Using cached enhanced preprocessing data
Subject sub-030 (P3): 80 total trials available2025-09-25 21:02:32 - Subject sub-030: Sampled 20/80 trials
2025-09-25 21:02:32 -   Original distribution: {0: 0.5, 1: 0.5}
2025-09-25 21:02:32 -   Sampled distribution: {0: 0.5, 1: 0.5}
2025-09-25 21:02:33 - Subject sub-031: Sampled 20/80 trials
2025-09-25 21:02:33 -   Original distribution: {0: 0.5, 1: 0.5}
2025-09-25 21:02:33 -   Sampled distribution: {0: 0.5, 1: 0.5}
2025-09-25 21:02:33 - Subject sub-032: Sampled 20/80 trials
2025-09-25 21:02:33 -   Original distribution: {0: 0.5, 1: 0.5}
2025-09-25 21:02:33 -   Sampled distribution: {0: 0.5, 1: 0.5}
2025-09-25 21:02:33 - Subject sub-033: Sampled 20/80 trials
2025-09-25 21:02:33 -   Original distribution: {0: 0.5, 1: 0.5}
2025-09-25 21:02:33 -   Sampled distribution: {0: 0.5, 1: 0.5}
2025-09-25 21:02:33 - Subject sub-034: Sampled 20/80 trials
2025-09-25 21:02:33 -   Original distribution: {0: 0.5, 1: 0.5}
2025-09-25 21:02:33 -   Sampled distribution: {0: 0.5, 1: 0.5}
2025-09-25 21:02:34 - Subject sub-035: Sampled 20/78 trials
2025-09-25 21:02:34 -   Original distribution: {0: 0.5, 1: 0.5}
2025-09-25 21:02:34 -   Sampled distribution: {0: 0.5, 1: 0.5}
2025-09-25 21:02:34 - Subject sub-036: Sampled 20/80 trials
2025-09-25 21:02:34 -   Original distribution: {0: 0.5, 1: 0.5}
2025-09-25 21:02:34 -   Sampled distribution: {0: 0.5, 1: 0.5}
2025-09-25 21:02:34 - Subject sub-037: Sampled 20/78 trials
2025-09-25 21:02:34 -   Original distribution: {0: 0.5, 1: 0.5}
2025-09-25 21:02:34 -   Sampled distribution: {0: 0.5, 1: 0.5}
2025-09-25 21:02:35 - Subject sub-038: Sampled 20/80 trials
2025-09-25 21:02:35 -   Original distribution: {0: 0.5, 1: 0.5}
2025-09-25 21:02:35 -   Sampled distribution: {0: 0.5, 1: 0.5}
2025-09-25 21:02:35 - Subject sub-039: Sampled 20/80 trials
2025-09-25 21:02:35 -   Original distribution: {0: 0.5, 1: 0.5}
2025-09-25 21:02:35 -   Sampled distribution: {0: 0.5, 1: 0.5}
2025-09-25 21:02:35 - Subject sub-040: Sampled 20/80 trials
2025-09-25 21:02:35 -   Original distribution: {0: 0.5, 1: 0.5}
2025-09-25 21:02:35 -   Sampled distribution: {0: 0.5, 1: 0.5}
2025-09-25 21:02:35 - Nested CV dataset summary:
2025-09-25 21:02:35 -   Total subjects: 40
2025-09-25 21:02:35 -   Total trials: 800
2025-09-25 21:02:35 -   Average trials per subject: 20.0
2025-09-25 21:02:35 -   P3 dataset: 0 subjects, 800 trials (inf trials/subject)
2025-09-25 21:02:35 -   Class distribution: {0: 400, 1: 400}
2025-09-25 21:02:35 -   Class proportions: [0.5 0.5]
2025-09-25 21:02:35 - Enhanced preprocessing increased channels from 8 to 40
2025-09-25 21:02:35 - Starting Cross-Validation for EEGConformer
2025-09-25 21:02:35 - Configuration: 5-fold CV, 5 repeats
2025-09-25 21:02:35 - Data split ratios: Train=0.7, Val=0.1, Test=0.2
2025-09-25 21:02:35 - Repeat 1/5
2025-09-25 21:02:35 -   Fold 1/5
2025-09-25 21:02:35 -     Fold split: Train=560, Val=80
2025-09-25 21:03:21 -     Test accuracy: 0.5000
2025-09-25 21:03:21 -   Fold 2/5
2025-09-25 21:03:21 -     Fold split: Train=560, Val=80

  Performing stratified sampling: 20 trials
Starting enhanced preprocessing...
Checking cache for: sub-031_task-P3_eeg.fdt
✓ Loaded cached enhanced data: 80 windows in 0.00s
✓ Using cached enhanced preprocessing data
Subject sub-031 (P3): 80 total trials available
  Performing stratified sampling: 20 trials
Starting enhanced preprocessing...
Checking cache for: sub-032_task-P3_eeg.fdt
✓ Loaded cached enhanced data: 80 windows in 0.00s
✓ Using cached enhanced preprocessing data
Subject sub-032 (P3): 80 total trials available
  Performing stratified sampling: 20 trials
Starting enhanced preprocessing...
Checking cache for: sub-033_task-P3_eeg.fdt
✓ Loaded cached enhanced data: 80 windows in 0.00s
✓ Using cached enhanced preprocessing data
Subject sub-033 (P3): 80 total trials available
  Performing stratified sampling: 20 trials
Starting enhanced preprocessing...
Checking cache for: sub-034_task-P3_eeg.fdt
✓ Loaded cached enhanced data: 80 windows in 0.00s
✓ Using cached enhanced preprocessing data
Subject sub-034 (P3): 80 total trials available
  Performing stratified sampling: 20 trials
Starting enhanced preprocessing...
Checking cache for: sub-035_task-P3_eeg.fdt
✓ Loaded cached enhanced data: 78 windows in 0.00s
✓ Using cached enhanced preprocessing data
Subject sub-035 (P3): 78 total trials available
  Performing stratified sampling: 20 trials
Starting enhanced preprocessing...
Checking cache for: sub-036_task-P3_eeg.fdt
✓ Loaded cached enhanced data: 80 windows in 0.00s
✓ Using cached enhanced preprocessing data
Subject sub-036 (P3): 80 total trials available
  Performing stratified sampling: 20 trials
Starting enhanced preprocessing...
Checking cache for: sub-037_task-P3_eeg.fdt
✓ Loaded cached enhanced data: 78 windows in 0.00s
✓ Using cached enhanced preprocessing data
Subject sub-037 (P3): 78 total trials available
  Performing stratified sampling: 20 trials
Starting enhanced preprocessing...
Checking cache for: sub-038_task-P3_eeg.fdt
✓ Loaded cached enhanced data: 80 windows in 0.00s
✓ Using cached enhanced preprocessing data
Subject sub-038 (P3): 80 total trials available
  Performing stratified sampling: 20 trials
Starting enhanced preprocessing...
Checking cache for: sub-039_task-P3_eeg.fdt
✓ Loaded cached enhanced data: 80 windows in 0.00s
✓ Using cached enhanced preprocessing data
Subject sub-039 (P3): 80 total trials available
  Performing stratified sampling: 20 trials
Starting enhanced preprocessing...
Checking cache for: sub-040_task-P3_eeg.fdt
✓ Loaded cached enhanced data: 80 windows in 0.00s
✓ Using cached enhanced preprocessing data
Subject sub-040 (P3): 80 total trials available
  Performing stratified sampling: 20 trials
Training class distribution: [280, 280]

============================================================
Starting Training - Max Epochs: 500
Model: EEGConformer
Learning Rate: 0.01, Weight Decay: 0.0001
Dropout: 0.25, Early Stopping Patience: 10
============================================================
DEBUG: Evaluate function - 80 predictions, 80 targets
DEBUG: Unique predictions: [0], Unique targets: [0 1]

Epoch   1/500 Summary:
  Train Loss: 1.1288 | Train Acc: 46.96%
  Val Acc: 50.00% | LR: 0.010000
New best validation accuracy!
  --------------------------------------------------
DEBUG: Evaluate function - 80 predictions, 80 targets
DEBUG: Unique predictions: [1], Unique targets: [0 1]

Epoch   2/500 Summary:
  Train Loss: 0.7367 | Train Acc: 51.61%
  Val Acc: 50.00% | LR: 0.010000
Patience remaining: 9/10
  --------------------------------------------------
DEBUG: Evaluate function - 80 predictions, 80 targets
DEBUG: Unique predictions: [0], Unique targets: [0 1]

Epoch   3/500 Summary:
  Train Loss: 0.7006 | Train Acc: 50.00%
  Val Acc: 50.00% | LR: 0.010000
Patience remaining: 8/10
  --------------------------------------------------
DEBUG: Evaluate function - 80 predictions, 80 targets
DEBUG: Unique predictions: [0], Unique targets: [0 1]

Epoch   4/500 Summary:
  Train Loss: 0.7148 | Train Acc: 48.57%
  Val Acc: 50.00% | LR: 0.009999
Patience remaining: 7/10
  --------------------------------------------------
DEBUG: Evaluate function - 80 predictions, 80 targets
DEBUG: Unique predictions: [1], Unique targets: [0 1]

Epoch   5/500 Summary:
  Train Loss: 0.6890 | Train Acc: 54.64%
  Val Acc: 50.00% | LR: 0.009998
Patience remaining: 6/10
  --------------------------------------------------
DEBUG: Evaluate function - 80 predictions, 80 targets
DEBUG: Unique predictions: [1], Unique targets: [0 1]

Epoch   6/500 Summary:
  Train Loss: 0.7137 | Train Acc: 50.00%
  Val Acc: 50.00% | LR: 0.009998
Patience remaining: 5/10
  --------------------------------------------------
DEBUG: Evaluate function - 80 predictions, 80 targets
DEBUG: Unique predictions: [0], Unique targets: [0 1]

Epoch   7/500 Summary:
  Train Loss: 0.6982 | Train Acc: 48.93%
  Val Acc: 50.00% | LR: 0.009996
Patience remaining: 4/10
  --------------------------------------------------
DEBUG: Evaluate function - 80 predictions, 80 targets
DEBUG: Unique predictions: [0], Unique targets: [0 1]

Epoch   8/500 Summary:
  Train Loss: 0.6938 | Train Acc: 50.00%
  Val Acc: 50.00% | LR: 0.009995
Patience remaining: 3/10
  --------------------------------------------------
DEBUG: Evaluate function - 80 predictions, 80 targets
DEBUG: Unique predictions: [0], Unique targets: [0 1]

Epoch   9/500 Summary:
  Train Loss: 0.6988 | Train Acc: 50.00%
  Val Acc: 50.00% | LR: 0.009994
Patience remaining: 2/10
  --------------------------------------------------
DEBUG: Evaluate function - 80 predictions, 80 targets
DEBUG: Unique predictions: [1], Unique targets: [0 1]

Epoch  10/500 Summary:
  Train Loss: 0.6939 | Train Acc: 49.11%
  Val Acc: 50.00% | LR: 0.009992
Patience remaining: 1/10
  --------------------------------------------------
DEBUG: Evaluate function - 80 predictions, 80 targets
DEBUG: Unique predictions: [1], Unique targets: [0 1]

Epoch  11/500 Summary:
  Train Loss: 0.6938 | Train Acc: 50.00%
  Val Acc: 50.00% | LR: 0.009990
Early stopping triggered! No improvement for 10 epochs
Best validation accuracy: 50.00%

============================================================
Training Complete!
Best Validation Accuracy: 50.00%
============================================================
DEBUG: Evaluate function - 80 predictions, 80 targets
DEBUG: Unique predictions: [1], Unique targets: [0 1]
Training class distribution: [280, 280]

============================================================
Starting Training - Max Epochs: 500
Model: EEGConformer
Learning Rate: 0.01, Weight Decay: 0.0001
Dropout: 0.25, Early Stopping Patience: 10
============================================================
DEBUG: Evaluate function - 80 predictions, 80 targets
DEBUG: Unique predictions: [1], Unique targets: [0 1]

Epoch   1/500 Summary:
  Train Loss: 0.9928 | Train Acc: 47.86%
  Val Acc: 50.00% | LR: 0.010000
New best validation accuracy!
  --------------------------------------------------
DEBUG: Evaluate function - 80 predictions, 80 targets
DEBUG: Unique predictions: [0], Unique targets: [0 1]

Epoch   2/500 Summary:
  Train Loss: 0.7157 | Train Acc: 50.54%
  Val Acc: 50.00% | LR: 0.010000
Patience remaining: 9/10
  --------------------------------------------------
DEBUG: Evaluate function - 80 predictions, 80 targets
DEBUG: Unique predictions: [0], Unique targets: [0 1]

Epoch   3/500 Summary:
  Train Loss: 0.7019 | Train Acc: 50.18%
  Val Acc: 50.00% | LR: 0.010000
Patience remaining: 8/10
  --------------------------------------------------
DEBUG: Evaluate function - 80 predictions, 80 targets
DEBUG: Unique predictions: [1], Unique targets: [0 1]

Epoch   4/500 Summary:
  Train Loss: 0.7056 | Train Acc: 48.21%
  Val Acc: 50.00% | LR: 0.009999
Patience remaining: 7/10
  --------------------------------------------------
DEBUG: Evaluate function - 80 predictions, 80 targets
DEBUG: Unique predictions: [1], Unique targets: [0 1]

Epoch   5/500 Summary:
  Train Loss: 0.6922 | Train Acc: 52.68%
  Val Acc: 50.00% | LR: 0.009998
Patience remaining: 6/10
  --------------------------------------------------
DEBUG: Evaluate function - 80 predictions, 80 targets2025-09-25 21:04:05 -     Test accuracy: 0.5000
2025-09-25 21:04:05 -   Fold 3/5
2025-09-25 21:04:05 -     Fold split: Train=560, Val=80
