2025-09-28 18:28:42 - 
Experiment Configuration:
2025-09-28 18:28:42 - --------------------------------------------------
2025-09-28 18:28:42 - dataset: P3 Raw Data BIDS-Compatible
2025-09-28 18:28:42 - use_combined_datasets: False
2025-09-28 18:28:42 - electrode_list: all
2025-09-28 18:28:42 - classifier: EEGConformer
2025-09-28 18:28:42 - separate_subject_classification: False
2025-09-28 18:28:42 - use_subject_layer: False
2025-09-28 18:28:42 - seeds: [42, 123, 456, 789, 321]
2025-09-28 18:28:42 - use_nested_cv: True
2025-09-28 18:28:42 - electrode_fusion_method: none
2025-09-28 18:28:42 - domain_adaptation_method: none
2025-09-28 18:28:42 - enable_comprehensive_evaluation: True
2025-09-28 18:28:42 - enable_domain_analysis: True
2025-09-28 18:28:42 - enable_small_sample_analysis: False
2025-09-28 18:28:42 - small_sample_sizes: [5, 10, 15, 20]
2025-09-28 18:28:42 - small_sample_subjects: [5, 10, 15]
2025-09-28 18:28:42 - --------------------------------------------------
2025-09-28 18:28:42 - 
==================================================
2025-09-28 18:28:42 - Processing P3 Dataset
2025-09-28 18:28:42 - ==================================================
2025-09-28 18:28:42 - Using Cross-Validation (simplified approach)
2025-09-28 18:28:42 - Configuration: 5-fold CV, 5 repeats
2025-09-28 18:28:42 - ============================================================
2025-09-28 18:28:42 - CROSS-VALIDATION CONFIGURATION
2025-09-28 18:28:42 - ============================================================
2025-09-28 18:28:42 - Datasets: ['P3']
2025-09-28 18:28:42 - CV folds: 5
2025-09-28 18:28:42 - Repeats: 5
2025-09-28 18:28:42 - Confidence level: 0.95
2025-09-28 18:28:42 - ============================================================
2025-09-28 18:28:42 - STRATIFIED SAMPLING CONFIGURATION
2025-09-28 18:28:42 - ============================================================
2025-09-28 18:28:42 - Nested CV Mode: Trial counts per subject by dataset
2025-09-28 18:28:42 -   P3 dataset: 10 trials per subject
2025-09-28 18:28:42 - Sampling strategy: Multi-level stratified sampling
2025-09-28 18:28:42 -   - Subject-level: Stratified trial selection per subject
2025-09-28 18:28:42 -   - Dataset-level: Stratified sampling when dataset trial counts differ
2025-09-28 18:28:42 -   - Fold-level: StratifiedKFold for 5-fold CV
2025-09-28 18:28:42 -   - Train/Val split: Stratified train_test_split within each fold
2025-09-28 18:28:42 - ============================================================
2025-09-28 18:28:43 - Subject sub-001: Sampled 10/80 trials
2025-09-28 18:28:43 -   Original distribution: {0: 0.5, 1: 0.5}
2025-09-28 18:28:43 -   Sampled distribution: {0: 0.5, 1: 0.5}
2025-09-28 18:28:43 - Subject sub-002: Sampled 10/80 trials
2025-09-28 18:28:43 -   Original distribution: {0: 0.5, 1: 0.5}
2025-09-28 18:28:43 -   Sampled distribution: {0: 0.5, 1: 0.5}
2025-09-28 18:28:43 - Subject sub-003: Sampled 10/80 trials
2025-09-28 18:28:43 -   Original distribution: {0: 0.5, 1: 0.5}
2025-09-28 18:28:43 -   Sampled distribution: {0: 0.5, 1: 0.5}
2025-09-28 18:28:43 - Subject sub-004: Sampled 10/78 trials
2025-09-28 18:28:43 -   Original distribution: {0: 0.5, 1: 0.5}
2025-09-28 18:28:43 -   Sampled distribution: {0: 0.5, 1: 0.5}
2025-09-28 18:28:43 - Subject sub-005: Sampled 10/80 trials
2025-09-28 18:28:43 -   Original distribution: {0: 0.5, 1: 0.5}
2025-09-28 18:28:43 -   Sampled distribution: {0: 0.5, 1: 0.5}
2025-09-28 18:28:43 - Subject sub-006: Sampled 10/80 trials
2025-09-28 18:28:43 -   Original distribution: {0: 0.5, 1: 0.5}
2025-09-28 18:28:43 -   Sampled distribution: {0: 0.5, 1: 0.5}
2025-09-28 18:28:44 - Subject sub-007: Sampled 10/80 trials
2025-09-28 18:28:44 -   Original distribution: {0: 0.5, 1: 0.5}
2025-09-28 18:28:44 -   Sampled distribution: {0: 0.5, 1: 0.5}
2025-09-28 18:28:44 - Subject sub-008: Sampled 10/80 trials
2025-09-28 18:28:44 -   Original distribution: {0: 0.5, 1: 0.5}
2025-09-28 18:28:44 -   Sampled distribution: {0: 0.5, 1: 0.5}
2025-09-28 18:28:44 - Subject sub-009: Sampled 10/80 trials
2025-09-28 18:28:44 -   Original distribution: {0: 0.5, 1: 0.5}
2025-09-28 18:28:44 -   Sampled distribution: {0: 0.5, 1: 0.5}
2025-09-28 18:28:44 - Subject sub-010: Sampled 10/80 trials
2025-09-28 18:28:44 -   Original distribution: {0: 0.5, 1: 0.5}
2025-09-28 18:28:44 -   Sampled distribution: {0: 0.5, 1: 0.5}
2025-09-28 18:28:44 - Subject sub-011: Sampled 10/80 trials
2025-09-28 18:28:44 -   Original distribution: {0: 0.5, 1: 0.5}
2025-09-28 18:28:44 -   Sampled distribution: {0: 0.5, 1: 0.5}
2025-09-28 18:28:44 - Subject sub-012: Sampled 10/78 trials
2025-09-28 18:28:44 -   Original distribution: {0: 0.5, 1: 0.5}
2025-09-28 18:28:44 -   Sampled distribution: {0: 0.5, 1: 0.5}
2025-09-28 18:28:45 - Subject sub-013: Sampled 10/80 trials
2025-09-28 18:28:45 -   Original distribution: {0: 0.5, 1: 0.5}
2025-09-28 18:28:45 -   Sampled distribution: {0: 0.5, 1: 0.5}
2025-09-28 18:28:45 - Subject sub-014: Sampled 10/80 trials
2025-09-28 18:28:45 -   Original distribution: {0: 0.5, 1: 0.5}
2025-09-28 18:28:45 -   Sampled distribution: {0: 0.5, 1: 0.5}
2025-09-28 18:28:45 - Subject sub-015: Sampled 10/80 trials
2025-09-28 18:28:45 -   Original distribution: {0: 0.5, 1: 0.5}
2025-09-28 18:28:45 -   Sampled distribution: {0: 0.5, 1: 0.5}
2025-09-28 18:28:45 - Subject sub-016: Sampled 10/80 trials
2025-09-28 18:28:45 -   Original distribution: {0: 0.5, 1: 0.5}
2025-09-28 18:28:45 -   Sampled distribution: {0: 0.5, 1: 0.5}
2025-09-28 18:28:45 - Subject sub-017: Sampled 10/80 trials
2025-09-28 18:28:45 -   Original distribution: {0: 0.5, 1: 0.5}
2025-09-28 18:28:45 -   Sampled distribution: {0: 0.5, 1: 0.5}
2025-09-28 18:28:45 - Subject sub-018: Sampled 10/80 trials
2025-09-28 18:28:45 -   Original distribution: {0: 0.5, 1: 0.5}
2025-09-28 18:28:45 -   Sampled distribution: {0: 0.5, 1: 0.5}
2025-09-28 18:28:45 - Subject sub-019: Sampled 10/80 trials
2025-09-28 18:28:45 -   Original distribution: {0: 0.5, 1: 0.5}
2025-09-28 18:28:45 -   Sampled distribution: {0: 0.5, 1: 0.5}
2025-09-28 18:28:46 - Subject sub-020: Sampled 10/78 trials
2025-09-28 18:28:46 -   Original distribution: {0: 0.5, 1: 0.5}
2025-09-28 18:28:46 -   Sampled distribution: {0: 0.5, 1: 0.5}
2025-09-28 18:28:46 - Subject sub-021: Sampled 10/80 trials
2025-09-28 18:28:46 -   Original distribution: {0: 0.5, 1: 0.5}
2025-09-28 18:28:46 -   Sampled distribution: {0: 0.5, 1: 0.5}
2025-09-28 18:28:46 - Subject sub-022: Sampled 10/80 trials
2025-09-28 18:28:46 -   Original distribution: {0: 0.5, 1: 0.5}
2025-09-28 18:28:46 -   Sampled distribution: {0: 0.5, 1: 0.5}
2025-09-28 18:28:46 - Subject sub-023: Sampled 10/78 trials
2025-09-28 18:28:46 -   Original distribution: {0: 0.5, 1: 0.5}
2025-09-28 18:28:46 -   Sampled distribution: {0: 0.5, 1: 0.5}
2025-09-28 18:28:46 - Subject sub-024: Sampled 10/80 trials
2025-09-28 18:28:46 -   Original distribution: {0: 0.5, 1: 0.5}
2025-09-28 18:28:46 -   Sampled distribution: {0: 0.5, 1: 0.5}
2025-09-28 18:28:46 - Subject sub-025: Sampled 10/80 trials
2025-09-28 18:28:46 -   Original distribution: {0: 0.5, 1: 0.5}
2025-09-28 18:28:46 -   Sampled distribution: {0: 0.5, 1: 0.5}
2025-09-28 18:28:47 - Subject sub-026: Sampled 10/80 trials
2025-09-28 18:28:47 -   Original distribution: {0: 0.5, 1: 0.5}
2025-09-28 18:28:47 -   Sampled distribution: {0: 0.5, 1: 0.5}
2025-09-28 18:28:47 - Subject sub-027: Sampled 10/80 trials
2025-09-28 18:28:47 -   Original distribution: {0: 0.5, 1: 0.5}
2025-09-28 18:28:47 -   Sampled distribution: {0: 0.5, 1: 0.5}
2025-09-28 18:28:47 - Subject sub-028: Sampled 10/80 trials
2025-09-28 18:28:47 -   Original distribution: {0: 0.5, 1: 0.5}
2025-09-28 18:28:47 -   Sampled distribution: {0: 0.5, 1: 0.5}
2025-09-28 18:28:47 - Subject sub-029: Sampled 10/80 trials
2025-09-28 18:28:47 -   Original distribution: {0: 0.5, 1: 0.5}
2025-09-28 18:28:47 -   Sampled distribution: {0: 0.5, 1: 0.5}
2025-09-28 18:28:47 - Subject sub-030: Sampled 10/80 trials
2025-09-28 18:28:47 -   Original distribution: {0: 0.5, 1: 0.5}
2025-09-28 18:28:47 -   Sampled distribution: {0: 0.5, 1: 0.5}
2025-09-28 18:28:47 - Subject sub-031: Sampled 10/80 trials
2025-09-28 18:28:47 -   Original distribution: {0: 0.5, 1: 0.5}
2025-09-28 18:28:47 -   Sampled distribution: {0: 0.5, 1: 0.5}
2025-09-28 18:28:47 - Subject sub-032: Sampled 10/80 trials
2025-09-28 18:28:47 -   Original distribution: {0: 0.5, 1: 0.5}
2025-09-28 18:28:47 -   Sampled distribution: {0: 0.5, 1: 0.5}
2025-09-28 18:28:48 - Subject sub-033: Sampled 10/80 trials
2025-09-28 18:28:48 -   Original distribution: {0: 0.5, 1: 0.5}
2025-09-28 18:28:48 -   Sampled distribution: {0: 0.5, 1: 0.5}
2025-09-28 18:28:48 - Subject sub-034: Sampled 10/80 trials
2025-09-28 18:28:48 -   Original distribution: {0: 0.5, 1: 0.5}
2025-09-28 18:28:48 -   Sampled distribution: {0: 0.5, 1: 0.5}
2025-09-28 18:28:48 - Subject sub-035: Sampled 10/78 trials
2025-09-28 18:28:48 -   Original distribution: {0: 0.5, 1: 0.5}
2025-09-28 18:28:48 -   Sampled distribution: {0: 0.5, 1: 0.5}
2025-09-28 18:28:48 - Subject sub-036: Sampled 10/80 trials
2025-09-28 18:28:48 -   Original distribution: {0: 0.5, 1: 0.5}
2025-09-28 18:28:48 -   Sampled distribution: {0: 0.5, 1: 0.5}
2025-09-28 18:28:48 - Subject sub-037: Sampled 10/78 trials
2025-09-28 18:28:48 -   Original distribution: {0: 0.5, 1: 0.5}
2025-09-28 18:28:48 -   Sampled distribution: {0: 0.5, 1: 0.5}
2025-09-28 18:28:48 - Subject sub-038: Sampled 10/80 trials
2025-09-28 18:28:48 -   Original distribution: {0: 0.5, 1: 0.5}
2025-09-28 18:28:48 -   Sampled distribution: {0: 0.5, 1: 0.5}
2025-09-28 18:28:49 - Subject sub-039: Sampled 10/80 trials
2025-09-28 18:28:49 -   Original distribution: {0: 0.5, 1: 0.5}
2025-09-28 18:28:49 -   Sampled distribution: {0: 0.5, 1: 0.5}
2025-09-28 18:28:49 - Subject sub-040: Sampled 10/80 trials
2025-09-28 18:28:49 -   Original distribution: {0: 0.5, 1: 0.5}
2025-09-28 18:28:49 -   Sampled distribution: {0: 0.5, 1: 0.5}
2025-09-28 18:28:49 - Nested CV dataset summary:
2025-09-28 18:28:49 -   Total subjects: 40
2025-09-28 18:28:49 -   Total trials: 400
2025-09-28 18:28:49 -   Average trials per subject: 10.0
2025-09-28 18:28:49 -   P3 dataset: 0 subjects, 400 trials (inf trials/subject)
2025-09-28 18:28:49 -   Class distribution: {0: 200, 1: 200}
2025-09-28 18:28:49 -   Class proportions: [0.5 0.5]
2025-09-28 18:28:49 - Enhanced preprocessing increased channels from 8 to 40
2025-09-28 18:28:49 - Starting Cross-Validation for EEGConformer
2025-09-28 18:28:49 - Configuration: 5-fold CV, 5 repeats
2025-09-28 18:28:49 - Data split ratios: Train=0.7, Val=0.1, Test=0.2
2025-09-28 18:28:49 - Repeat 1/5
2025-09-28 18:28:49 -   Fold 1/5
2025-09-28 18:28:49 -     Fold split: Train=280, Val=40
2025-09-28 18:28:51 -     Test accuracy: 0.5000
2025-09-28 18:28:51 -   Fold 2/5
2025-09-28 18:28:51 -     Fold split: Train=280, Val=40
2025-09-28 18:28:56 -     Test accuracy: 0.5875
2025-09-28 18:28:56 -   Fold 3/5
2025-09-28 18:28:56 -     Fold split: Train=280, Val=40
2025-09-28 18:28:58 -     Test accuracy: 0.5375
2025-09-28 18:28:58 -   Fold 4/5
2025-09-28 18:28:58 -     Fold split: Train=280, Val=40
2025-09-28 18:29:01 -     Test accuracy: 0.5000
2025-09-28 18:29:01 -   Fold 5/5
2025-09-28 18:29:01 -     Fold split: Train=280, Val=40
2025-09-28 18:29:03 -     Test accuracy: 0.5000
2025-09-28 18:29:03 -   Repeat 1 mean accuracy: 0.5250 ± 0.0345
2025-09-28 18:29:03 - Repeat 2/5
2025-09-28 18:29:03 -   Fold 1/5
2025-09-28 18:29:03 -     Fold split: Train=280, Val=40
2025-09-28 18:29:06 -     Test accuracy: 0.5875
2025-09-28 18:29:06 -   Fold 2/5
2025-09-28 18:29:06 -     Fold split: Train=280, Val=40
2025-09-28 18:29:10 -     Test accuracy: 0.5875
2025-09-28 18:29:10 -   Fold 3/5
2025-09-28 18:29:10 -     Fold split: Train=280, Val=40
2025-09-28 18:29:15 -     Test accuracy: 0.5500
2025-09-28 18:29:15 -   Fold 4/5
2025-09-28 18:29:16 -     Fold split: Train=280, Val=40
2025-09-28 18:29:18 -     Test accuracy: 0.5375
2025-09-28 18:29:18 -   Fold 5/5
2025-09-28 18:29:18 -     Fold split: Train=280, Val=40
2025-09-28 18:29:20 -     Test accuracy: 0.5000
2025-09-28 18:29:20 -   Repeat 2 mean accuracy: 0.5525 ± 0.0330
2025-09-28 18:29:20 - Repeat 3/5
2025-09-28 18:29:20 -   Fold 1/5
2025-09-28 18:29:20 -     Fold split: Train=280, Val=40
2025-09-28 18:29:22 -     Test accuracy: 0.5000
2025-09-28 18:29:22 -   Fold 2/5
2025-09-28 18:29:22 -     Fold split: Train=280, Val=40
2025-09-28 18:29:26 -     Test accuracy: 0.5500
2025-09-28 18:29:26 -   Fold 3/5
2025-09-28 18:29:26 -     Fold split: Train=280, Val=40
2025-09-28 18:29:29 -     Test accuracy: 0.6125
2025-09-28 18:29:29 -   Fold 4/5
2025-09-28 18:29:29 -     Fold split: Train=280, Val=40
2025-09-28 18:29:31 -     Test accuracy: 0.5000
2025-09-28 18:29:31 -   Fold 5/5
2025-09-28 18:29:31 -     Fold split: Train=280, Val=40
2025-09-28 18:29:33 -     Test accuracy: 0.5000
2025-09-28 18:29:33 -   Repeat 3 mean accuracy: 0.5325 ± 0.0444
2025-09-28 18:29:33 - Repeat 4/5
2025-09-28 18:29:33 -   Fold 1/5
2025-09-28 18:29:33 -     Fold split: Train=280, Val=40
2025-09-28 18:29:37 -     Test accuracy: 0.5125
2025-09-28 18:29:37 -   Fold 2/5
2025-09-28 18:29:37 -     Fold split: Train=280, Val=40
2025-09-28 18:29:40 -     Test accuracy: 0.5875
2025-09-28 18:29:40 -   Fold 3/5
2025-09-28 18:29:40 -     Fold split: Train=280, Val=40
2025-09-28 18:29:42 -     Test accuracy: 0.4875
2025-09-28 18:29:42 -   Fold 4/5
2025-09-28 18:29:42 -     Fold split: Train=280, Val=40
2025-09-28 18:29:46 -     Test accuracy: 0.6375
2025-09-28 18:29:46 -   Fold 5/5
2025-09-28 18:29:46 -     Fold split: Train=280, Val=40
2025-09-28 18:29:50 -     Test accuracy: 0.5625
2025-09-28 18:29:50 -   Repeat 4 mean accuracy: 0.5575 ± 0.0534
2025-09-28 18:29:50 - Repeat 5/5
2025-09-28 18:29:50 -   Fold 1/5
2025-09-28 18:29:50 -     Fold split: Train=280, Val=40
2025-09-28 18:29:52 -     Test accuracy: 0.4875
2025-09-28 18:29:52 -   Fold 2/5
2025-09-28 18:29:52 -     Fold split: Train=280, Val=40
2025-09-28 18:29:53 -     Test accuracy: 0.5000
2025-09-28 18:29:53 -   Fold 3/5
2025-09-28 18:29:53 -     Fold split: Train=280, Val=40
2025-09-28 18:29:59 -     Test accuracy: 0.6125
2025-09-28 18:29:59 -   Fold 4/5
2025-09-28 18:29:59 -     Fold split: Train=280, Val=40
2025-09-28 18:30:01 -     Test accuracy: 0.5000
2025-09-28 18:30:01 -   Fold 5/5
2025-09-28 18:30:01 -     Fold split: Train=280, Val=40
2025-09-28 18:30:03 -     Test accuracy: 0.5000
2025-09-28 18:30:03 -   Repeat 5 mean accuracy: 0.5200 ± 0.0465
2025-09-28 18:30:03 - Cross-Validation completed for EEGConformer
2025-09-28 18:30:03 - Final accuracy: 0.5375 ± 0.0465
2025-09-28 18:30:03 - 95% CI: [0.5183, 0.5567]
2025-09-28 18:30:03 - 
============================================================
2025-09-28 18:30:03 - CROSS-VALIDATION RESULTS
2025-09-28 18:30:03 - ============================================================
2025-09-28 18:30:03 - Model: EEGConformer
2025-09-28 18:30:03 - Overall accuracy: 0.5375 ± 0.0465
2025-09-28 18:30:03 - 95% Confidence Interval: [0.5183, 0.5567]
2025-09-28 18:30:03 - Statistical significance: 25 evaluations
2025-09-28 18:30:03 - Precision: 0.4219 [0.3203, 0.5235]
2025-09-28 18:30:03 - Recall: 0.5380 [0.3858, 0.6902]
2025-09-28 18:30:03 - F1_Score: 0.4543 [0.3434, 0.5652]
2025-09-28 18:30:03 - Auc: 0.5918 [0.5612, 0.6224]
2025-09-28 18:30:03 - ============================================================
2025-09-28 18:30:03 - Individual subject results skipped - using Nested Cross-Validation results
2025-09-28 18:30:03 - Detailed results saved to: main_P3_detailed_results_20250928_183003.csv
2025-09-28 18:30:03 - Summary statistics saved to: main_P3_summary_stats_20250928_183003.csv
