2025-09-21 23:48:42 - 
==================================================
2025-09-21 23:48:42 - TF-DWT Joint Training (Auto-Adjusted)
2025-09-21 23:48:42 - ==================================================
2025-09-21 23:48:42 - 
Experiment Configuration:
2025-09-21 23:48:42 - --------------------------------------------------
2025-09-21 23:48:42 - electrode_list: all
2025-09-21 23:48:42 - fusion_method: none
2025-09-21 23:48:42 - domain_adaptation: none
2025-09-21 23:48:42 - use_enhanced_preprocessing: True
2025-09-21 23:48:42 - batch_size: 32
2025-09-21 23:48:42 - max_epochs: 500
2025-09-21 23:48:42 - learning_rate: 0.01
2025-09-21 23:48:42 - weight_decay: 0.0001
2025-09-21 23:48:42 - dropout_rate: 0.25
2025-09-21 23:48:42 - use_data_augmentation: True
2025-09-21 23:48:42 - noise_std: 0.005
2025-09-21 23:48:42 - time_shift_range: 5
2025-09-21 23:48:42 - label_smoothing: 0.05
2025-09-21 23:48:42 - trials_per_subject_P3: 200
2025-09-21 23:48:42 - trials_per_subject_AVO: 20
2025-09-21 23:48:42 - train/val/test: (0.7, 0.1, 0.2)
2025-09-21 23:48:42 - device_mode: auto
2025-09-21 23:48:42 - --------------------------------------------------
2025-09-21 23:48:42 - 
==================================================
2025-09-21 23:48:42 - Running Nested Cross-Validation with TF-DWT
2025-09-21 23:48:42 - ==================================================
2025-09-21 23:48:42 - Loading dataset for CV: P3
Traceback (most recent call last):
  File "<string>", line 7, in <module>
  File "<frozen runpy>", line 291, in run_path
  File "<frozen runpy>", line 98, in _run_module_code
  File "<frozen runpy>", line 88, in _run_code
  File "/home/vivian/eeg/EEG_experiments/main_tfdwt.py", line 667, in <module>
    main()
  File "/home/vivian/eeg/EEG_experiments/main_tfdwt.py", line 650, in main
    results = run_nested_cv_tfdwt(logger, channels)
              ^^^^^^^^^^^^^^^^^^^^^^^^^^^^^^^^^^^^^
  File "/home/vivian/eeg/EEG_experiments/main_tfdwt.py", line 452, in run_nested_cv_tfdwt
    X_all, y_all, src_all = load_combined_arrays(logger, channels)
                            ^^^^^^^^^^^^^^^^^^^^^^^^^^^^^^^^^^^^^^
  File "/home/vivian/eeg/EEG_experiments/main_tfdwt.py", line 157, in load_combined_arrays
    subjects = get_dataset_subjects('P3', P3_DATA_DIR)
               ^^^^^^^^^^^^^^^^^^^^^^^^^^^^^^^^^^^^^^^
  File "/home/vivian/eeg/EEG_experiments/experiment.py", line 97, in get_dataset_subjects
    all_subjects = sorted([d for d in os.listdir(dataset_obj) if d.startswith('sub-')])
                                      ^^^^^^^^^^^^^^^^^^^^^^^
FileNotFoundError: [Errno 2] No such file or directory: '../P3_Raw_Data_BIDS-Compatible'
Warning: Combined training without fusion/domain methods uses COMMON channels

--- TF-DWT Experiment Failed: [Errno 2] No such file or directory: '../P3_Raw_Data_BIDS-Compatible' ---
Cleaned up failed experiment log: ./log_0909/TF_DWT_results_20250921_234842.log
