2025-08-13 20:35:44 - 
Experiment Configuration:
2025-08-13 20:35:44 - --------------------------------------------------
2025-08-13 20:35:44 - dataset: ds005863
2025-08-13 20:35:44 - use_combined_datasets: False
2025-08-13 20:35:44 - electrode_list: common
2025-08-13 20:35:44 - classifier: ShallowFBCSPNet
2025-08-13 20:35:44 - separate_subject_classification: False
2025-08-13 20:35:44 - use_subject_layer: False
2025-08-13 20:35:44 - seeds: [1]
2025-08-13 20:35:44 - --------------------------------------------------
2025-08-13 20:35:44 - 
==================================================
2025-08-13 20:35:44 - Processing Active Visual Oddball Dataset
2025-08-13 20:35:44 - ==================================================
2025-08-13 20:40:33 - Subject: sub_001, Accuracy: 83.871%
2025-08-13 20:40:33 - Subject: sub_002, Accuracy: 78.261%
2025-08-13 20:40:33 - Subject: sub_003, Accuracy: 90.000%
2025-08-13 20:40:33 - Subject: sub_004, Accuracy: 78.049%
2025-08-13 20:40:33 - Subject: sub_005, Accuracy: 86.957%
2025-08-13 20:40:33 - Subject: sub_006, Accuracy: 90.323%
2025-08-13 20:40:33 - Subject: sub_007, Accuracy: 83.333%
2025-08-13 20:40:33 - Subject: sub_008, Accuracy: 92.308%
2025-08-13 20:40:33 - Subject: sub_009, Accuracy: 85.366%
2025-08-13 20:40:33 - Subject: sub_010, Accuracy: 95.833%
2025-08-13 20:40:33 - Subject: sub_011, Accuracy: 86.486%
2025-08-13 20:40:33 - Subject: sub_012, Accuracy: 82.051%
2025-08-13 20:40:33 - Subject: sub_013, Accuracy: 85.714%
2025-08-13 20:40:33 - Subject: sub_014, Accuracy: 75.000%
2025-08-13 20:40:33 - Subject: sub_015, Accuracy: 85.185%
2025-08-13 20:40:33 - Subject: sub_016, Accuracy: 60.000%
2025-08-13 20:40:33 - Subject: sub_017, Accuracy: 75.510%
2025-08-13 20:40:33 - Subject: sub_018, Accuracy: 84.615%
2025-08-13 20:40:33 - Subject: sub_019, Accuracy: 80.952%
2025-08-13 20:40:33 - Subject: sub_020, Accuracy: 83.333%
2025-08-13 20:40:33 - Subject: sub_021, Accuracy: 84.375%
2025-08-13 20:40:33 - Subject: sub_022, Accuracy: 78.049%
2025-08-13 20:40:33 - Subject: sub_023, Accuracy: 86.111%
2025-08-13 20:40:33 - Subject: sub_024, Accuracy: 78.049%
2025-08-13 20:40:33 - Subject: sub_025, Accuracy: 77.143%
2025-08-13 20:40:33 - Subject: sub_026, Accuracy: 75.758%
2025-08-13 20:40:33 - Subject: sub_027, Accuracy: 85.000%
2025-08-13 20:40:33 - Subject: sub_028, Accuracy: 75.000%
2025-08-13 20:40:33 - Subject: sub_029, Accuracy: 81.579%
2025-08-13 20:40:33 - Subject: sub_030, Accuracy: 74.286%
2025-08-13 20:40:33 - Subject: sub_031, Accuracy: 73.684%
2025-08-13 20:40:33 - Subject: sub_032, Accuracy: 76.471%
2025-08-13 20:40:33 - Subject: sub_033, Accuracy: 86.364%
2025-08-13 20:40:33 - Subject: sub_034, Accuracy: 80.000%
2025-08-13 20:40:33 - Subject: sub_035, Accuracy: 78.723%
2025-08-13 20:40:33 - Subject: sub_036, Accuracy: 86.047%
2025-08-13 20:40:33 - Subject: sub_037, Accuracy: 75.610%
2025-08-13 20:40:33 - Subject: sub_038, Accuracy: 82.353%
2025-08-13 20:40:33 - Subject: sub_039, Accuracy: 80.645%
2025-08-13 20:40:33 - Subject: sub_040, Accuracy: 66.667%
2025-08-13 20:40:33 - Subject: sub_041, Accuracy: 70.000%
2025-08-13 20:40:33 - Subject: sub_042, Accuracy: 80.556%
2025-08-13 20:40:33 - Subject: sub_043, Accuracy: 81.250%
2025-08-13 20:40:33 - Subject: sub_044, Accuracy: 81.818%
2025-08-13 20:40:33 - Subject: sub_045, Accuracy: 82.353%
2025-08-13 20:40:33 - Subject: sub_046, Accuracy: 85.294%
2025-08-13 20:40:33 - Subject: sub_047, Accuracy: 83.019%
2025-08-13 20:40:33 - Subject: sub_048, Accuracy: 85.714%
2025-08-13 20:40:33 - Subject: sub_049, Accuracy: 82.143%
2025-08-13 20:40:33 - Subject: sub_050, Accuracy: 93.750%
2025-08-13 20:40:33 - Subject: sub_051, Accuracy: 79.487%
2025-08-13 20:40:33 - Subject: sub_052, Accuracy: 81.081%
2025-08-13 20:40:33 - Subject: sub_053, Accuracy: 84.375%
2025-08-13 20:40:33 - Subject: sub_054, Accuracy: 76.316%
2025-08-13 20:40:33 - Subject: sub_056, Accuracy: 85.000%
2025-08-13 20:40:33 - Subject: sub_057, Accuracy: 71.429%
2025-08-13 20:40:33 - Subject: sub_058, Accuracy: 75.000%
2025-08-13 20:40:33 - Subject: sub_059, Accuracy: 81.818%
2025-08-13 20:40:33 - Subject: sub_060, Accuracy: 90.476%
2025-08-13 20:40:33 - Subject: sub_061, Accuracy: 94.286%
2025-08-13 20:40:33 - Subject: sub_062, Accuracy: 75.000%
2025-08-13 20:40:33 - Subject: sub_063, Accuracy: 72.500%
2025-08-13 20:40:33 - Subject: sub_064, Accuracy: 87.805%
2025-08-13 20:40:33 - Subject: sub_065, Accuracy: 77.778%
2025-08-13 20:40:33 - Subject: sub_066, Accuracy: 91.489%
2025-08-13 20:40:33 - Subject: sub_067, Accuracy: 77.143%
2025-08-13 20:40:33 - Subject: sub_068, Accuracy: 81.818%
2025-08-13 20:40:33 - Subject: sub_069, Accuracy: 88.095%
2025-08-13 20:40:33 - Subject: sub_070, Accuracy: 81.250%
2025-08-13 20:40:33 - Subject: sub_071, Accuracy: 81.579%
2025-08-13 20:40:33 - Subject: sub_073, Accuracy: 55.172%
2025-08-13 20:40:33 - Subject: sub_074, Accuracy: 73.333%
2025-08-13 20:40:33 - Subject: sub_075, Accuracy: 81.250%
2025-08-13 20:40:33 - Subject: sub_076, Accuracy: 85.714%
2025-08-13 20:40:33 - Subject: sub_077, Accuracy: 92.683%
2025-08-13 20:40:33 - Subject: sub_078, Accuracy: 87.879%
2025-08-13 20:40:33 - Subject: sub_079, Accuracy: 74.286%
2025-08-13 20:40:33 - Subject: sub_080, Accuracy: 87.500%
2025-08-13 20:40:33 - Subject: sub_081, Accuracy: 81.395%
2025-08-13 20:40:33 - Subject: sub_082, Accuracy: 82.979%
2025-08-13 20:40:33 - Subject: sub_083, Accuracy: 77.143%
2025-08-13 20:40:33 - Subject: sub_111, Accuracy: 88.235%
2025-08-13 20:40:33 - Subject: sub_112, Accuracy: 86.957%
2025-08-13 20:40:33 - Subject: sub_113, Accuracy: 88.372%
2025-08-13 20:40:33 - Subject: sub_114, Accuracy: 75.000%
2025-08-13 20:40:33 - Subject: sub_115, Accuracy: 72.093%
2025-08-13 20:40:33 - Subject: sub_116, Accuracy: 80.000%
2025-08-13 20:40:33 - Subject: sub_117, Accuracy: 88.372%
2025-08-13 20:40:33 - Subject: sub_118, Accuracy: 77.778%
2025-08-13 20:40:33 - Subject: sub_119, Accuracy: 87.805%
2025-08-13 20:40:33 - Subject: sub_120, Accuracy: 81.481%
2025-08-13 20:40:33 - Subject: sub_121, Accuracy: 75.000%
2025-08-13 20:40:33 - Subject: sub_122, Accuracy: 91.176%
2025-08-13 20:40:33 - Subject: sub_123, Accuracy: 71.429%
2025-08-13 20:40:33 - Subject: sub_124, Accuracy: 87.879%
2025-08-13 20:40:33 - Subject: sub_125, Accuracy: 85.294%
2025-08-13 20:40:33 - 
AVO Pooled Model Statistics:
2025-08-13 20:40:33 - Mean Accuracy: 0.815
2025-08-13 20:40:33 - 95% Confidence Interval: [0.801, 0.829]
2025-08-13 20:40:33 - Best Subject: sub_010 (0.958)
2025-08-13 20:40:33 - Worst Subject: sub_073 (0.552)
