2025-08-13 20:52:03 - 
Experiment Configuration:
2025-08-13 20:52:03 - --------------------------------------------------
2025-08-13 20:52:03 - dataset: use_combined_datasets
2025-08-13 20:52:03 - use_combined_datasets: True
2025-08-13 20:52:03 - electrode_list: common
2025-08-13 20:52:03 - classifier: ShallowFBCSPNet
2025-08-13 20:52:03 - separate_subject_classification: False
2025-08-13 20:52:03 - use_subject_layer: False
2025-08-13 20:52:03 - seeds: [1]
2025-08-13 20:52:03 - --------------------------------------------------
2025-08-13 20:52:03 - 
==================================================
2025-08-13 20:52:03 - Processing Combined P3 and AVO Datasets
2025-08-13 20:52:03 - ==================================================
2025-08-13 20:58:26 - Subject: P3_sub-001, Accuracy: 96.053%
2025-08-13 20:58:26 - Subject: P3_sub-002, Accuracy: 95.455%
2025-08-13 20:58:26 - Subject: P3_sub-003, Accuracy: 96.629%
2025-08-13 20:58:26 - Subject: P3_sub-004, Accuracy: 94.118%
2025-08-13 20:58:26 - Subject: P3_sub-005, Accuracy: 96.000%
2025-08-13 20:58:26 - Subject: P3_sub-006, Accuracy: 98.734%
2025-08-13 20:58:26 - Subject: P3_sub-007, Accuracy: 97.260%
2025-08-13 20:58:26 - Subject: P3_sub-008, Accuracy: 95.652%
2025-08-13 20:58:26 - Subject: P3_sub-009, Accuracy: 100.000%
2025-08-13 20:58:26 - Subject: P3_sub-010, Accuracy: 94.667%
2025-08-13 20:58:26 - Subject: P3_sub-011, Accuracy: 98.901%
2025-08-13 20:58:26 - Subject: P3_sub-012, Accuracy: 98.611%
2025-08-13 20:58:26 - Subject: P3_sub-013, Accuracy: 97.727%
2025-08-13 20:58:26 - Subject: P3_sub-014, Accuracy: 96.703%
2025-08-13 20:58:26 - Subject: P3_sub-015, Accuracy: 98.824%
2025-08-13 20:58:26 - Subject: P3_sub-016, Accuracy: 95.455%
2025-08-13 20:58:26 - Subject: P3_sub-017, Accuracy: 96.386%
2025-08-13 20:58:26 - Subject: P3_sub-018, Accuracy: 95.775%
2025-08-13 20:58:26 - Subject: P3_sub-019, Accuracy: 92.500%
2025-08-13 20:58:26 - Subject: P3_sub-020, Accuracy: 91.667%
2025-08-13 20:58:26 - Subject: P3_sub-021, Accuracy: 95.556%
2025-08-13 20:58:26 - Subject: P3_sub-022, Accuracy: 93.182%
2025-08-13 20:58:26 - Subject: P3_sub-023, Accuracy: 93.258%
2025-08-13 20:58:26 - Subject: P3_sub-024, Accuracy: 94.805%
2025-08-13 20:58:26 - Subject: P3_sub-025, Accuracy: 100.000%
2025-08-13 20:58:26 - Subject: P3_sub-026, Accuracy: 95.604%
2025-08-13 20:58:26 - Subject: P3_sub-027, Accuracy: 97.143%
2025-08-13 20:58:26 - Subject: P3_sub-028, Accuracy: 97.590%
2025-08-13 20:58:26 - Subject: P3_sub-029, Accuracy: 93.506%
2025-08-13 20:58:26 - Subject: P3_sub-030, Accuracy: 97.778%
2025-08-13 20:58:26 - Subject: P3_sub-031, Accuracy: 96.591%
2025-08-13 20:58:26 - Subject: P3_sub-032, Accuracy: 93.333%
2025-08-13 20:58:26 - Subject: P3_sub-033, Accuracy: 97.222%
2025-08-13 20:58:26 - Subject: P3_sub-034, Accuracy: 93.939%
2025-08-13 20:58:26 - Subject: P3_sub-035, Accuracy: 92.105%
2025-08-13 20:58:26 - Subject: P3_sub-036, Accuracy: 92.958%
2025-08-13 20:58:26 - Subject: P3_sub-037, Accuracy: 91.111%
2025-08-13 20:58:26 - Subject: P3_sub-038, Accuracy: 94.872%
2025-08-13 20:58:26 - Subject: P3_sub-039, Accuracy: 97.619%
2025-08-13 20:58:26 - Subject: P3_sub-040, Accuracy: 96.053%
2025-08-13 20:58:26 - Subject: AVO_001, Accuracy: 94.444%
2025-08-13 20:58:26 - Subject: AVO_002, Accuracy: 74.359%
2025-08-13 20:58:26 - Subject: AVO_003, Accuracy: 80.952%
2025-08-13 20:58:26 - Subject: AVO_004, Accuracy: 75.610%
2025-08-13 20:58:26 - Subject: AVO_005, Accuracy: 82.609%
2025-08-13 20:58:26 - Subject: AVO_006, Accuracy: 86.667%
2025-08-13 20:58:26 - Subject: AVO_007, Accuracy: 91.892%
2025-08-13 20:58:26 - Subject: AVO_008, Accuracy: 82.927%
2025-08-13 20:58:26 - Subject: AVO_009, Accuracy: 87.179%
2025-08-13 20:58:26 - Subject: AVO_010, Accuracy: 81.818%
2025-08-13 20:58:26 - Subject: AVO_011, Accuracy: 89.655%
2025-08-13 20:58:26 - Subject: AVO_012, Accuracy: 77.419%
2025-08-13 20:58:26 - Subject: AVO_013, Accuracy: 81.081%
2025-08-13 20:58:26 - Subject: AVO_014, Accuracy: 62.963%
2025-08-13 20:58:26 - Subject: AVO_015, Accuracy: 89.286%
2025-08-13 20:58:26 - Subject: AVO_016, Accuracy: 78.571%
2025-08-13 20:58:26 - Subject: AVO_017, Accuracy: 82.857%
2025-08-13 20:58:26 - Subject: AVO_018, Accuracy: 95.652%
2025-08-13 20:58:26 - Subject: AVO_019, Accuracy: 86.364%
2025-08-13 20:58:26 - Subject: AVO_020, Accuracy: 90.323%
2025-08-13 20:58:26 - Subject: AVO_021, Accuracy: 85.294%
2025-08-13 20:58:26 - Subject: AVO_022, Accuracy: 96.774%
2025-08-13 20:58:26 - Subject: AVO_023, Accuracy: 85.714%
2025-08-13 20:58:26 - Subject: AVO_024, Accuracy: 79.070%
2025-08-13 20:58:26 - Subject: AVO_025, Accuracy: 71.429%
2025-08-13 20:58:26 - Subject: AVO_026, Accuracy: 77.273%
2025-08-13 20:58:26 - Subject: AVO_027, Accuracy: 78.125%
2025-08-13 20:58:26 - Subject: AVO_028, Accuracy: 74.359%
2025-08-13 20:58:26 - Subject: AVO_029, Accuracy: 88.571%
2025-08-13 20:58:26 - Subject: AVO_030, Accuracy: 80.000%
2025-08-13 20:58:26 - Subject: AVO_031, Accuracy: 76.316%
2025-08-13 20:58:26 - Subject: AVO_032, Accuracy: 82.222%
2025-08-13 20:58:26 - Subject: AVO_033, Accuracy: 77.500%
2025-08-13 20:58:26 - Subject: AVO_034, Accuracy: 86.486%
2025-08-13 20:58:26 - Subject: AVO_035, Accuracy: 78.947%
2025-08-13 20:58:26 - Subject: AVO_036, Accuracy: 89.474%
2025-08-13 20:58:26 - Subject: AVO_037, Accuracy: 85.714%
2025-08-13 20:58:26 - Subject: AVO_038, Accuracy: 85.294%
2025-08-13 20:58:26 - Subject: AVO_039, Accuracy: 80.645%
2025-08-13 20:58:26 - Subject: AVO_040, Accuracy: 73.684%
2025-08-13 20:58:26 - Subject: AVO_041, Accuracy: 71.795%
2025-08-13 20:58:26 - Subject: AVO_042, Accuracy: 72.500%
2025-08-13 20:58:26 - Subject: AVO_043, Accuracy: 67.442%
2025-08-13 20:58:26 - Subject: AVO_044, Accuracy: 68.182%
2025-08-13 20:58:26 - Subject: AVO_045, Accuracy: 82.857%
2025-08-13 20:58:26 - Subject: AVO_046, Accuracy: 65.517%
2025-08-13 20:58:26 - Subject: AVO_047, Accuracy: 77.143%
2025-08-13 20:58:26 - Subject: AVO_048, Accuracy: 89.189%
2025-08-13 20:58:26 - Subject: AVO_049, Accuracy: 83.333%
2025-08-13 20:58:26 - Subject: AVO_050, Accuracy: 90.909%
2025-08-13 20:58:26 - Subject: AVO_051, Accuracy: 87.500%
2025-08-13 20:58:26 - Subject: AVO_052, Accuracy: 78.261%
2025-08-13 20:58:26 - Subject: AVO_053, Accuracy: 72.093%
2025-08-13 20:58:26 - Subject: AVO_054, Accuracy: 79.661%
2025-08-13 20:58:26 - Subject: AVO_056, Accuracy: 71.053%
2025-08-13 20:58:26 - Subject: AVO_057, Accuracy: 73.684%
2025-08-13 20:58:26 - Subject: AVO_058, Accuracy: 74.359%
2025-08-13 20:58:26 - Subject: AVO_059, Accuracy: 86.207%
2025-08-13 20:58:26 - Subject: AVO_060, Accuracy: 85.714%
2025-08-13 20:58:26 - Subject: AVO_061, Accuracy: 73.684%
2025-08-13 20:58:26 - Subject: AVO_062, Accuracy: 84.091%
2025-08-13 20:58:26 - Subject: AVO_063, Accuracy: 76.596%
2025-08-13 20:58:26 - Subject: AVO_064, Accuracy: 75.758%
2025-08-13 20:58:26 - Subject: AVO_065, Accuracy: 79.167%
2025-08-13 20:58:26 - Subject: AVO_066, Accuracy: 68.571%
2025-08-13 20:58:26 - Subject: AVO_067, Accuracy: 88.000%
2025-08-13 20:58:26 - Subject: AVO_068, Accuracy: 82.759%
2025-08-13 20:58:26 - Subject: AVO_069, Accuracy: 78.378%
2025-08-13 20:58:26 - Subject: AVO_070, Accuracy: 79.412%
2025-08-13 20:58:26 - Subject: AVO_071, Accuracy: 78.378%
2025-08-13 20:58:26 - Subject: AVO_073, Accuracy: 82.857%
2025-08-13 20:58:26 - Subject: AVO_074, Accuracy: 79.487%
2025-08-13 20:58:26 - Subject: AVO_075, Accuracy: 91.667%
2025-08-13 20:58:26 - Subject: AVO_076, Accuracy: 84.000%
2025-08-13 20:58:26 - Subject: AVO_077, Accuracy: 85.294%
2025-08-13 20:58:26 - Subject: AVO_078, Accuracy: 80.000%
2025-08-13 20:58:26 - Subject: AVO_079, Accuracy: 85.714%
2025-08-13 20:58:26 - Subject: AVO_080, Accuracy: 80.000%
2025-08-13 20:58:26 - Subject: AVO_081, Accuracy: 81.250%
2025-08-13 20:58:26 - Subject: AVO_082, Accuracy: 83.721%
2025-08-13 20:58:26 - Subject: AVO_083, Accuracy: 78.378%
2025-08-13 20:58:26 - Subject: AVO_111, Accuracy: 79.310%
2025-08-13 20:58:26 - Subject: AVO_112, Accuracy: 80.000%
2025-08-13 20:58:26 - Subject: AVO_113, Accuracy: 74.286%
2025-08-13 20:58:26 - Subject: AVO_114, Accuracy: 89.744%
2025-08-13 20:58:26 - Subject: AVO_115, Accuracy: 91.892%
2025-08-13 20:58:26 - Subject: AVO_116, Accuracy: 73.810%
2025-08-13 20:58:26 - Subject: AVO_117, Accuracy: 75.000%
2025-08-13 20:58:26 - Subject: AVO_118, Accuracy: 78.788%
2025-08-13 20:58:26 - Subject: AVO_119, Accuracy: 89.130%
2025-08-13 20:58:26 - Subject: AVO_120, Accuracy: 86.111%
2025-08-13 20:58:26 - Subject: AVO_121, Accuracy: 81.579%
2025-08-13 20:58:26 - Subject: AVO_122, Accuracy: 83.871%
2025-08-13 20:58:26 - Subject: AVO_123, Accuracy: 80.000%
2025-08-13 20:58:26 - Subject: AVO_124, Accuracy: 86.111%
2025-08-13 20:58:26 - Subject: AVO_125, Accuracy: 80.645%
2025-08-13 20:58:26 - 
Combined Model (All Subjects) Statistics:
2025-08-13 20:58:26 - Mean Accuracy: 0.855
2025-08-13 20:58:26 - 95% Confidence Interval: [0.840, 0.870]
2025-08-13 20:58:26 - Best Subject: P3_sub-009 (1.000)
2025-08-13 20:58:26 - Worst Subject: AVO_014 (0.630)
2025-08-13 20:58:26 - 
Combined Model – P3 Subjects Statistics:
2025-08-13 20:58:26 - Mean Accuracy: 0.958
2025-08-13 20:58:26 - 95% Confidence Interval: [0.951, 0.965]
2025-08-13 20:58:26 - Best Subject: P3_sub-009 (1.000)
2025-08-13 20:58:26 - Worst Subject: P3_sub-037 (0.911)
2025-08-13 20:58:26 - 
Combined Model – AVO Subjects Statistics:
2025-08-13 20:58:26 - Mean Accuracy: 0.811
2025-08-13 20:58:26 - 95% Confidence Interval: [0.798, 0.825]
2025-08-13 20:58:26 - Best Subject: AVO_022 (0.968)
2025-08-13 20:58:26 - Worst Subject: AVO_014 (0.630)
