2025-09-01 23:01:32 - 
Experiment Configuration:
2025-09-01 23:01:32 - --------------------------------------------------
2025-09-01 23:01:32 - dataset: ds005863
2025-09-01 23:01:32 - use_combined_datasets: False
2025-09-01 23:01:32 - electrode_list: all
2025-09-01 23:01:32 - classifier: ShallowFBCSPNet
2025-09-01 23:01:32 - separate_subject_classification: False
2025-09-01 23:01:32 - use_subject_layer: False
2025-09-01 23:01:32 - seeds: [1]
2025-09-01 23:01:32 - --------------------------------------------------
2025-09-01 23:01:32 - 
==================================================
2025-09-01 23:01:32 - Processing Active Visual Oddball Dataset
2025-09-01 23:01:32 - ==================================================
2025-09-01 23:06:45 - 
Overall Experiment Metrics:
2025-09-01 23:06:45 - --------------------------------------------------
2025-09-01 23:06:45 - Accuracy: 0.6876
2025-09-01 23:06:45 - Precision: 0.0800
2025-09-01 23:06:45 - Recall: 0.2808
2025-09-01 23:06:45 - F1 Score: 0.1245
2025-09-01 23:06:45 - AUC: 0.5000
2025-09-01 23:06:45 - 
Confusion Matrix Plot: ./log_0830\AVO_clf-ShallowFBCSPNet_sep-False_el-Fp1_Fz_F3_F7_FC5_FC1_C3_T7_CP5_CP1_Pz_P3_P7_O1_Oz_O2_P4_P8_CP6_CP2_C4_FC6_FC2_F4_F8_Fp2_confusion_matrix_20250901_230643.png
2025-09-01 23:06:45 - --------------------------------------------------
2025-09-01 23:06:45 - 
AVO Pooled Model Statistics:
2025-09-01 23:06:45 - Mean Accuracy: 0.687
2025-09-01 23:06:45 - 95% Confidence Interval: [0.668, 0.707]
2025-09-01 23:06:45 - Best Subject: sub_059 (0.881)
2025-09-01 23:06:45 - Worst Subject: sub_114 (0.395)
2025-09-01 23:06:45 - Mean Precision: 0.080
2025-09-01 23:06:45 - Mean Recall: 0.289
2025-09-01 23:06:45 - Mean F1-Score: 0.119
2025-09-01 23:06:45 - Mean AUC: nan
