2025-09-01 18:38:41 - 
Experiment Configuration:
2025-09-01 18:38:41 - --------------------------------------------------
2025-09-01 18:38:41 - dataset: P3 Raw Data BIDS-Compatible
2025-09-01 18:38:41 - use_combined_datasets: False
2025-09-01 18:38:41 - electrode_list: all
2025-09-01 18:38:41 - classifier: lda
2025-09-01 18:38:41 - separate_subject_classification: True
2025-09-01 18:38:41 - use_subject_layer: True
2025-09-01 18:38:41 - seeds: [1]
2025-09-01 18:38:41 - --------------------------------------------------
2025-09-01 18:38:41 - 
==================================================
2025-09-01 18:38:41 - Processing P3 Dataset
2025-09-01 18:38:41 - ==================================================
2025-09-01 18:39:32 - 
Overall Experiment Metrics:
2025-09-01 18:39:32 - --------------------------------------------------
2025-09-01 18:39:32 - Accuracy: 0.6994
2025-09-01 18:39:32 - Precision: 0.3449
2025-09-01 18:39:32 - Recall: 0.5594
2025-09-01 18:39:32 - F1 Score: 0.4267
2025-09-01 18:39:32 - AUC: 0.5000
2025-09-01 18:39:32 - 
Confusion Matrix Plot: ./log_0830\P3_clf-lda_sep-True_el-FP1_F3_F7_FC3_C3_C5_P3_P7_P9_PO7_PO3_O1_Oz_Pz_CPz_FP2_Fz_F4_F8_FC4_FCz_Cz_C4_C6_P4_P8_P10_PO8_PO4_O2_confusion_matrix_20250901_183931.png
2025-09-01 18:39:32 - --------------------------------------------------
2025-09-01 18:39:32 - Subject: sub-001
2025-09-01 18:39:32 -   Accuracy: 65.000%
2025-09-01 18:39:32 -   Precision: 0.200
2025-09-01 18:39:32 -   Recall: 0.250
2025-09-01 18:39:32 -   F1 Score: 0.222
2025-09-01 18:39:32 -   AUC: 0.000
2025-09-01 18:39:32 -   Correct/Total: 26/40
2025-09-01 18:39:32 - Subject: sub-002
2025-09-01 18:39:32 -   Accuracy: 82.500%
2025-09-01 18:39:32 -   Precision: 0.545
2025-09-01 18:39:32 -   Recall: 0.750
2025-09-01 18:39:32 -   F1 Score: 0.632
2025-09-01 18:39:32 -   AUC: 0.000
2025-09-01 18:39:32 -   Correct/Total: 33/40
2025-09-01 18:39:32 - Subject: sub-003
2025-09-01 18:39:32 -   Accuracy: 77.500%
2025-09-01 18:39:32 -   Precision: 0.444
2025-09-01 18:39:32 -   Recall: 0.500
2025-09-01 18:39:32 -   F1 Score: 0.471
2025-09-01 18:39:32 -   AUC: 0.000
2025-09-01 18:39:32 -   Correct/Total: 31/40
2025-09-01 18:39:32 - Subject: sub-004
2025-09-01 18:39:32 -   Accuracy: 75.000%
2025-09-01 18:39:32 -   Precision: 0.375
2025-09-01 18:39:32 -   Recall: 0.375
2025-09-01 18:39:32 -   F1 Score: 0.375
2025-09-01 18:39:32 -   AUC: 0.000
2025-09-01 18:39:32 -   Correct/Total: 30/40
2025-09-01 18:39:32 - Subject: sub-005
2025-09-01 18:39:32 -   Accuracy: 72.500%
2025-09-01 18:39:32 -   Precision: 0.364
2025-09-01 18:39:32 -   Recall: 0.500
2025-09-01 18:39:32 -   F1 Score: 0.421
2025-09-01 18:39:32 -   AUC: 0.000
2025-09-01 18:39:32 -   Correct/Total: 29/40
2025-09-01 18:39:32 - Subject: sub-006
2025-09-01 18:39:32 -   Accuracy: 52.500%
2025-09-01 18:39:32 -   Precision: 0.077
2025-09-01 18:39:32 -   Recall: 0.125
2025-09-01 18:39:32 -   F1 Score: 0.095
2025-09-01 18:39:32 -   AUC: 0.000
2025-09-01 18:39:32 -   Correct/Total: 21/40
2025-09-01 18:39:32 - Subject: sub-007
2025-09-01 18:39:32 -   Accuracy: 82.500%
2025-09-01 18:39:32 -   Precision: 0.556
2025-09-01 18:39:32 -   Recall: 0.625
2025-09-01 18:39:32 -   F1 Score: 0.588
2025-09-01 18:39:32 -   AUC: 0.000
2025-09-01 18:39:32 -   Correct/Total: 33/40
2025-09-01 18:39:32 - Subject: sub-008
2025-09-01 18:39:32 -   Accuracy: 70.000%
2025-09-01 18:39:32 -   Precision: 0.333
2025-09-01 18:39:32 -   Recall: 0.500
2025-09-01 18:39:32 -   F1 Score: 0.400
2025-09-01 18:39:32 -   AUC: 0.000
2025-09-01 18:39:32 -   Correct/Total: 28/40
2025-09-01 18:39:32 - Subject: sub-009
2025-09-01 18:39:32 -   Accuracy: 60.000%
2025-09-01 18:39:32 -   Precision: 0.250
2025-09-01 18:39:32 -   Recall: 0.500
2025-09-01 18:39:32 -   F1 Score: 0.333
2025-09-01 18:39:32 -   AUC: 0.000
2025-09-01 18:39:32 -   Correct/Total: 24/40
2025-09-01 18:39:32 - Subject: sub-010
2025-09-01 18:39:32 -   Accuracy: 70.000%
2025-09-01 18:39:32 -   Precision: 0.250
2025-09-01 18:39:32 -   Recall: 0.250
2025-09-01 18:39:32 -   F1 Score: 0.250
2025-09-01 18:39:32 -   AUC: 0.000
2025-09-01 18:39:32 -   Correct/Total: 28/40
2025-09-01 18:39:32 - Subject: sub-011
2025-09-01 18:39:32 -   Accuracy: 52.500%
2025-09-01 18:39:32 -   Precision: 0.211
2025-09-01 18:39:32 -   Recall: 0.500
2025-09-01 18:39:32 -   F1 Score: 0.296
2025-09-01 18:39:32 -   AUC: 0.000
2025-09-01 18:39:32 -   Correct/Total: 21/40
2025-09-01 18:39:32 - Subject: sub-012
2025-09-01 18:39:32 -   Accuracy: 70.000%
2025-09-01 18:39:32 -   Precision: 0.167
2025-09-01 18:39:32 -   Recall: 0.125
2025-09-01 18:39:32 -   F1 Score: 0.143
2025-09-01 18:39:32 -   AUC: 0.000
2025-09-01 18:39:32 -   Correct/Total: 28/40
2025-09-01 18:39:32 - Subject: sub-013
2025-09-01 18:39:32 -   Accuracy: 62.500%
2025-09-01 18:39:32 -   Precision: 0.294
2025-09-01 18:39:32 -   Recall: 0.625
2025-09-01 18:39:32 -   F1 Score: 0.400
2025-09-01 18:39:32 -   AUC: 0.000
2025-09-01 18:39:32 -   Correct/Total: 25/40
2025-09-01 18:39:32 - Subject: sub-014
2025-09-01 18:39:32 -   Accuracy: 70.000%
2025-09-01 18:39:32 -   Precision: 0.375
2025-09-01 18:39:32 -   Recall: 0.750
2025-09-01 18:39:32 -   F1 Score: 0.500
2025-09-01 18:39:32 -   AUC: 0.000
2025-09-01 18:39:32 -   Correct/Total: 28/40
2025-09-01 18:39:32 - Subject: sub-015
2025-09-01 18:39:32 -   Accuracy: 80.000%
2025-09-01 18:39:32 -   Precision: 0.500
2025-09-01 18:39:32 -   Recall: 0.375
2025-09-01 18:39:32 -   F1 Score: 0.429
2025-09-01 18:39:32 -   AUC: 0.000
2025-09-01 18:39:32 -   Correct/Total: 32/40
2025-09-01 18:39:32 - Subject: sub-016
2025-09-01 18:39:32 -   Accuracy: 72.500%
2025-09-01 18:39:32 -   Precision: 0.385
2025-09-01 18:39:32 -   Recall: 0.625
2025-09-01 18:39:32 -   F1 Score: 0.476
2025-09-01 18:39:32 -   AUC: 0.000
2025-09-01 18:39:32 -   Correct/Total: 29/40
2025-09-01 18:39:32 - Subject: sub-017
2025-09-01 18:39:32 -   Accuracy: 72.500%
2025-09-01 18:39:32 -   Precision: 0.400
2025-09-01 18:39:32 -   Recall: 0.750
2025-09-01 18:39:32 -   F1 Score: 0.522
2025-09-01 18:39:32 -   AUC: 0.000
2025-09-01 18:39:32 -   Correct/Total: 29/40
2025-09-01 18:39:32 - Subject: sub-018
2025-09-01 18:39:32 -   Accuracy: 67.500%
2025-09-01 18:39:32 -   Precision: 0.368
2025-09-01 18:39:32 -   Recall: 0.875
2025-09-01 18:39:32 -   F1 Score: 0.519
2025-09-01 18:39:32 -   AUC: 0.000
2025-09-01 18:39:32 -   Correct/Total: 27/40
2025-09-01 18:39:32 - Subject: sub-019
2025-09-01 18:39:32 -   Accuracy: 60.000%
2025-09-01 18:39:32 -   Precision: 0.300
2025-09-01 18:39:32 -   Recall: 0.750
2025-09-01 18:39:32 -   F1 Score: 0.429
2025-09-01 18:39:32 -   AUC: 0.000
2025-09-01 18:39:32 -   Correct/Total: 24/40
2025-09-01 18:39:32 - Subject: sub-020
2025-09-01 18:39:32 -   Accuracy: 80.000%
2025-09-01 18:39:32 -   Precision: 0.500
2025-09-01 18:39:32 -   Recall: 0.625
2025-09-01 18:39:32 -   F1 Score: 0.556
2025-09-01 18:39:32 -   AUC: 0.000
2025-09-01 18:39:32 -   Correct/Total: 32/40
2025-09-01 18:39:32 - Subject: sub-021
2025-09-01 18:39:32 -   Accuracy: 62.500%
2025-09-01 18:39:32 -   Precision: 0.316
2025-09-01 18:39:32 -   Recall: 0.750
2025-09-01 18:39:32 -   F1 Score: 0.444
2025-09-01 18:39:32 -   AUC: 0.000
2025-09-01 18:39:32 -   Correct/Total: 25/40
2025-09-01 18:39:32 - Subject: sub-022
2025-09-01 18:39:32 -   Accuracy: 80.000%
2025-09-01 18:39:32 -   Precision: 0.500
2025-09-01 18:39:32 -   Recall: 0.625
2025-09-01 18:39:32 -   F1 Score: 0.556
2025-09-01 18:39:32 -   AUC: 0.000
2025-09-01 18:39:32 -   Correct/Total: 32/40
2025-09-01 18:39:32 - Subject: sub-023
2025-09-01 18:39:32 -   Accuracy: 77.500%
2025-09-01 18:39:32 -   Precision: 0.455
2025-09-01 18:39:32 -   Recall: 0.625
2025-09-01 18:39:32 -   F1 Score: 0.526
2025-09-01 18:39:32 -   AUC: 0.000
2025-09-01 18:39:32 -   Correct/Total: 31/40
2025-09-01 18:39:32 - Subject: sub-024
2025-09-01 18:39:32 -   Accuracy: 62.500%
2025-09-01 18:39:32 -   Precision: 0.267
2025-09-01 18:39:32 -   Recall: 0.500
2025-09-01 18:39:32 -   F1 Score: 0.348
2025-09-01 18:39:32 -   AUC: 0.000
2025-09-01 18:39:32 -   Correct/Total: 25/40
2025-09-01 18:39:32 - Subject: sub-025
2025-09-01 18:39:32 -   Accuracy: 62.500%
2025-09-01 18:39:32 -   Precision: 0.267
2025-09-01 18:39:32 -   Recall: 0.500
2025-09-01 18:39:32 -   F1 Score: 0.348
2025-09-01 18:39:32 -   AUC: 0.000
2025-09-01 18:39:32 -   Correct/Total: 25/40
2025-09-01 18:39:32 - Subject: sub-026
2025-09-01 18:39:32 -   Accuracy: 70.000%
2025-09-01 18:39:32 -   Precision: 0.357
2025-09-01 18:39:32 -   Recall: 0.625
2025-09-01 18:39:32 -   F1 Score: 0.455
2025-09-01 18:39:32 -   AUC: 0.000
2025-09-01 18:39:32 -   Correct/Total: 28/40
2025-09-01 18:39:32 - Subject: sub-027
2025-09-01 18:39:32 -   Accuracy: 77.500%
2025-09-01 18:39:32 -   Precision: 0.444
2025-09-01 18:39:32 -   Recall: 0.500
2025-09-01 18:39:32 -   F1 Score: 0.471
2025-09-01 18:39:32 -   AUC: 0.000
2025-09-01 18:39:32 -   Correct/Total: 31/40
2025-09-01 18:39:32 - Subject: sub-028
2025-09-01 18:39:32 -   Accuracy: 75.000%
2025-09-01 18:39:32 -   Precision: 0.400
2025-09-01 18:39:32 -   Recall: 0.500
2025-09-01 18:39:32 -   F1 Score: 0.444
2025-09-01 18:39:32 -   AUC: 0.000
2025-09-01 18:39:32 -   Correct/Total: 30/40
2025-09-01 18:39:32 - Subject: sub-029
2025-09-01 18:39:32 -   Accuracy: 77.500%
2025-09-01 18:39:32 -   Precision: 0.462
2025-09-01 18:39:32 -   Recall: 0.750
2025-09-01 18:39:32 -   F1 Score: 0.571
2025-09-01 18:39:32 -   AUC: 0.000
2025-09-01 18:39:32 -   Correct/Total: 31/40
2025-09-01 18:39:32 - Subject: sub-030
2025-09-01 18:39:32 -   Accuracy: 77.500%
2025-09-01 18:39:32 -   Precision: 0.462
2025-09-01 18:39:32 -   Recall: 0.750
2025-09-01 18:39:32 -   F1 Score: 0.571
2025-09-01 18:39:32 -   AUC: 0.000
2025-09-01 18:39:32 -   Correct/Total: 31/40
2025-09-01 18:39:32 - Subject: sub-031
2025-09-01 18:39:32 -   Accuracy: 70.000%
2025-09-01 18:39:32 -   Precision: 0.357
2025-09-01 18:39:32 -   Recall: 0.625
2025-09-01 18:39:32 -   F1 Score: 0.455
2025-09-01 18:39:32 -   AUC: 0.000
2025-09-01 18:39:32 -   Correct/Total: 28/40
2025-09-01 18:39:32 - Subject: sub-032
2025-09-01 18:39:32 -   Accuracy: 65.000%
2025-09-01 18:39:32 -   Precision: 0.312
2025-09-01 18:39:32 -   Recall: 0.625
2025-09-01 18:39:32 -   F1 Score: 0.417
2025-09-01 18:39:32 -   AUC: 0.000
2025-09-01 18:39:32 -   Correct/Total: 26/40
2025-09-01 18:39:32 - Subject: sub-033
2025-09-01 18:39:32 -   Accuracy: 75.000%
2025-09-01 18:39:32 -   Precision: 0.400
2025-09-01 18:39:32 -   Recall: 0.500
2025-09-01 18:39:32 -   F1 Score: 0.444
2025-09-01 18:39:32 -   AUC: 0.000
2025-09-01 18:39:32 -   Correct/Total: 30/40
2025-09-01 18:39:32 - Subject: sub-034
2025-09-01 18:39:32 -   Accuracy: 80.000%
2025-09-01 18:39:32 -   Precision: 0.500
2025-09-01 18:39:32 -   Recall: 0.750
2025-09-01 18:39:32 -   F1 Score: 0.600
2025-09-01 18:39:32 -   AUC: 0.000
2025-09-01 18:39:32 -   Correct/Total: 32/40
2025-09-01 18:39:32 - Subject: sub-035
2025-09-01 18:39:32 -   Accuracy: 75.000%
2025-09-01 18:39:32 -   Precision: 0.417
2025-09-01 18:39:32 -   Recall: 0.625
2025-09-01 18:39:32 -   F1 Score: 0.500
2025-09-01 18:39:32 -   AUC: 0.000
2025-09-01 18:39:32 -   Correct/Total: 30/40
2025-09-01 18:39:32 - Subject: sub-036
2025-09-01 18:39:32 -   Accuracy: 57.500%
2025-09-01 18:39:32 -   Precision: 0.235
2025-09-01 18:39:32 -   Recall: 0.500
2025-09-01 18:39:32 -   F1 Score: 0.320
2025-09-01 18:39:32 -   AUC: 0.000
2025-09-01 18:39:32 -   Correct/Total: 23/40
2025-09-01 18:39:32 - Subject: sub-037
2025-09-01 18:39:32 -   Accuracy: 67.500%
2025-09-01 18:39:32 -   Precision: 0.353
2025-09-01 18:39:32 -   Recall: 0.750
2025-09-01 18:39:32 -   F1 Score: 0.480
2025-09-01 18:39:32 -   AUC: 0.000
2025-09-01 18:39:32 -   Correct/Total: 27/40
2025-09-01 18:39:32 - Subject: sub-038
2025-09-01 18:39:32 -   Accuracy: 75.000%
2025-09-01 18:39:32 -   Precision: 0.429
2025-09-01 18:39:32 -   Recall: 0.750
2025-09-01 18:39:32 -   F1 Score: 0.545
2025-09-01 18:39:32 -   AUC: 0.000
2025-09-01 18:39:32 -   Correct/Total: 30/40
2025-09-01 18:39:32 - Subject: sub-039
2025-09-01 18:39:32 -   Accuracy: 55.000%
2025-09-01 18:39:32 -   Precision: 0.250
2025-09-01 18:39:32 -   Recall: 0.625
2025-09-01 18:39:32 -   F1 Score: 0.357
2025-09-01 18:39:32 -   AUC: 0.000
2025-09-01 18:39:32 -   Correct/Total: 22/40
2025-09-01 18:39:32 - Subject: sub-040
2025-09-01 18:39:32 -   Accuracy: 60.000%
2025-09-01 18:39:32 -   Precision: 0.100
2025-09-01 18:39:32 -   Recall: 0.125
2025-09-01 18:39:32 -   F1 Score: 0.111
2025-09-01 18:39:32 -   AUC: 0.000
2025-09-01 18:39:32 -   Correct/Total: 24/40
2025-09-01 18:39:32 - 
P3 Individual Models Statistics:
2025-09-01 18:39:32 - Mean Accuracy: 0.699
2025-09-01 18:39:32 - 95% Confidence Interval: [0.673, 0.726]
2025-09-01 18:39:32 - Best Subject: sub-002 (0.825)
2025-09-01 18:39:32 - Worst Subject: sub-006 (0.525)
2025-09-01 18:39:32 - Mean Precision: 0.354
2025-09-01 18:39:32 - Mean Recall: 0.559
2025-09-01 18:39:32 - Mean F1-Score: 0.425
2025-09-01 18:39:32 - Mean AUC: 0.500
