2025-09-01 19:23:16 - 
Experiment Configuration:
2025-09-01 19:23:16 - --------------------------------------------------
2025-09-01 19:23:16 - dataset: P3 Raw Data BIDS-Compatible
2025-09-01 19:23:16 - use_combined_datasets: False
2025-09-01 19:23:16 - electrode_list: all
2025-09-01 19:23:16 - classifier: lda
2025-09-01 19:23:16 - separate_subject_classification: False
2025-09-01 19:23:16 - use_subject_layer: False
2025-09-01 19:23:16 - seeds: [1]
2025-09-01 19:23:16 - --------------------------------------------------
2025-09-01 19:23:16 - 
==================================================
2025-09-01 19:23:16 - Processing P3 Dataset
2025-09-01 19:23:16 - ==================================================
2025-09-01 19:24:16 - 
Overall Experiment Metrics:
2025-09-01 19:24:16 - --------------------------------------------------
2025-09-01 19:24:16 - Accuracy: 0.6501
2025-09-01 19:24:16 - Precision: 0.3030
2025-09-01 19:24:16 - Recall: 0.5737
2025-09-01 19:24:16 - F1 Score: 0.3965
2025-09-01 19:24:16 - AUC: 0.6607
2025-09-01 19:24:16 - 
Confusion Matrix Plot: ./log_0830\P3_clf-lda_sep-False_el-FP1_F3_F7_FC3_C3_C5_P3_P7_P9_PO7_PO3_O1_Oz_Pz_CPz_FP2_Fz_F4_F8_FC4_FCz_Cz_C4_C6_P4_P8_P10_PO8_PO4_O2_confusion_matrix_20250901_192416.png
2025-09-01 19:24:16 - --------------------------------------------------
