2025-09-01 18:21:25 - 
Experiment Configuration:
2025-09-01 18:21:25 - --------------------------------------------------
2025-09-01 18:21:25 - dataset: P3 Raw Data BIDS-Compatible
2025-09-01 18:21:25 - use_combined_datasets: False
2025-09-01 18:21:25 - electrode_list: all
2025-09-01 18:21:25 - classifier: ShallowFBCSPNet
2025-09-01 18:21:25 - separate_subject_classification: True
2025-09-01 18:21:25 - use_subject_layer: True
2025-09-01 18:21:25 - seeds: [1]
2025-09-01 18:21:25 - --------------------------------------------------
2025-09-01 18:21:25 - 
==================================================
2025-09-01 18:21:25 - Processing P3 Dataset
2025-09-01 18:21:25 - ==================================================
2025-09-01 18:23:25 - 
Overall Experiment Metrics:
2025-09-01 18:23:25 - --------------------------------------------------
2025-09-01 18:23:25 - Accuracy: 0.7769
2025-09-01 18:23:25 - Precision: 0.4206
2025-09-01 18:23:25 - Recall: 0.3063
2025-09-01 18:23:25 - F1 Score: 0.3544
2025-09-01 18:23:25 - AUC: 0.5000
2025-09-01 18:23:25 - 
Confusion Matrix Plot: ./log_0830\P3_clf-ShallowFBCSPNet_sep-True_el-FP1_F3_F7_FC3_C3_C5_P3_P7_P9_PO7_PO3_O1_Oz_Pz_CPz_FP2_Fz_F4_F8_FC4_FCz_Cz_C4_C6_P4_P8_P10_PO8_PO4_O2_confusion_matrix_20250901_182325.png
2025-09-01 18:23:25 - --------------------------------------------------
2025-09-01 18:23:25 - Subject: sub-001
2025-09-01 18:23:25 -   Accuracy: 80.000%
2025-09-01 18:23:25 -   Precision: 0.500
2025-09-01 18:23:25 -   Recall: 0.125
2025-09-01 18:23:25 -   F1 Score: 0.200
2025-09-01 18:23:25 -   AUC: 0.000
2025-09-01 18:23:25 -   Correct/Total: 32/40
2025-09-01 18:23:25 - Subject: sub-002
2025-09-01 18:23:25 -   Accuracy: 92.500%
2025-09-01 18:23:25 -   Precision: 0.778
2025-09-01 18:23:25 -   Recall: 0.875
2025-09-01 18:23:25 -   F1 Score: 0.824
2025-09-01 18:23:25 -   AUC: 0.000
2025-09-01 18:23:25 -   Correct/Total: 37/40
2025-09-01 18:23:25 - Subject: sub-003
2025-09-01 18:23:25 -   Accuracy: 77.500%
2025-09-01 18:23:25 -   Precision: 0.333
2025-09-01 18:23:25 -   Recall: 0.125
2025-09-01 18:23:25 -   F1 Score: 0.182
2025-09-01 18:23:25 -   AUC: 0.000
2025-09-01 18:23:25 -   Correct/Total: 31/40
2025-09-01 18:23:25 - Subject: sub-004
2025-09-01 18:23:25 -   Accuracy: 85.000%
2025-09-01 18:23:25 -   Precision: 1.000
2025-09-01 18:23:25 -   Recall: 0.250
2025-09-01 18:23:25 -   F1 Score: 0.400
2025-09-01 18:23:25 -   AUC: 0.000
2025-09-01 18:23:25 -   Correct/Total: 34/40
2025-09-01 18:23:25 - Subject: sub-005
2025-09-01 18:23:25 -   Accuracy: 75.000%
2025-09-01 18:23:25 -   Precision: 0.250
2025-09-01 18:23:25 -   Recall: 0.125
2025-09-01 18:23:25 -   F1 Score: 0.167
2025-09-01 18:23:25 -   AUC: 0.000
2025-09-01 18:23:25 -   Correct/Total: 30/40
2025-09-01 18:23:25 - Subject: sub-006
2025-09-01 18:23:25 -   Accuracy: 77.500%
2025-09-01 18:23:25 -   Precision: 0.000
2025-09-01 18:23:25 -   Recall: 0.000
2025-09-01 18:23:25 -   F1 Score: 0.000
2025-09-01 18:23:25 -   AUC: 0.000
2025-09-01 18:23:25 -   Correct/Total: 31/40
2025-09-01 18:23:25 - Subject: sub-007
2025-09-01 18:23:25 -   Accuracy: 87.500%
2025-09-01 18:23:25 -   Precision: 0.667
2025-09-01 18:23:25 -   Recall: 0.750
2025-09-01 18:23:25 -   F1 Score: 0.706
2025-09-01 18:23:25 -   AUC: 0.000
2025-09-01 18:23:25 -   Correct/Total: 35/40
2025-09-01 18:23:25 - Subject: sub-008
2025-09-01 18:23:25 -   Accuracy: 72.500%
2025-09-01 18:23:25 -   Precision: 0.333
2025-09-01 18:23:25 -   Recall: 0.375
2025-09-01 18:23:25 -   F1 Score: 0.353
2025-09-01 18:23:25 -   AUC: 0.000
2025-09-01 18:23:25 -   Correct/Total: 29/40
2025-09-01 18:23:25 - Subject: sub-009
2025-09-01 18:23:25 -   Accuracy: 75.000%
2025-09-01 18:23:25 -   Precision: 0.250
2025-09-01 18:23:25 -   Recall: 0.125
2025-09-01 18:23:25 -   F1 Score: 0.167
2025-09-01 18:23:25 -   AUC: 0.000
2025-09-01 18:23:25 -   Correct/Total: 30/40
2025-09-01 18:23:25 - Subject: sub-010
2025-09-01 18:23:25 -   Accuracy: 85.000%
2025-09-01 18:23:25 -   Precision: 1.000
2025-09-01 18:23:25 -   Recall: 0.250
2025-09-01 18:23:25 -   F1 Score: 0.400
2025-09-01 18:23:25 -   AUC: 0.000
2025-09-01 18:23:25 -   Correct/Total: 34/40
2025-09-01 18:23:25 - Subject: sub-011
2025-09-01 18:23:25 -   Accuracy: 55.000%
2025-09-01 18:23:25 -   Precision: 0.143
2025-09-01 18:23:25 -   Recall: 0.250
2025-09-01 18:23:25 -   F1 Score: 0.182
2025-09-01 18:23:25 -   AUC: 0.000
2025-09-01 18:23:25 -   Correct/Total: 22/40
2025-09-01 18:23:25 - Subject: sub-012
2025-09-01 18:23:25 -   Accuracy: 82.500%
2025-09-01 18:23:25 -   Precision: 0.600
2025-09-01 18:23:25 -   Recall: 0.375
2025-09-01 18:23:25 -   F1 Score: 0.462
2025-09-01 18:23:25 -   AUC: 0.000
2025-09-01 18:23:25 -   Correct/Total: 33/40
2025-09-01 18:23:25 - Subject: sub-013
2025-09-01 18:23:25 -   Accuracy: 55.000%
2025-09-01 18:23:25 -   Precision: 0.083
2025-09-01 18:23:25 -   Recall: 0.125
2025-09-01 18:23:25 -   F1 Score: 0.100
2025-09-01 18:23:25 -   AUC: 0.000
2025-09-01 18:23:25 -   Correct/Total: 22/40
2025-09-01 18:23:25 - Subject: sub-014
2025-09-01 18:23:25 -   Accuracy: 80.000%
2025-09-01 18:23:25 -   Precision: 0.500
2025-09-01 18:23:25 -   Recall: 0.125
2025-09-01 18:23:25 -   F1 Score: 0.200
2025-09-01 18:23:25 -   AUC: 0.000
2025-09-01 18:23:25 -   Correct/Total: 32/40
2025-09-01 18:23:25 - Subject: sub-015
2025-09-01 18:23:25 -   Accuracy: 77.500%
2025-09-01 18:23:25 -   Precision: 0.333
2025-09-01 18:23:25 -   Recall: 0.125
2025-09-01 18:23:25 -   F1 Score: 0.182
2025-09-01 18:23:25 -   AUC: 0.000
2025-09-01 18:23:25 -   Correct/Total: 31/40
2025-09-01 18:23:25 - Subject: sub-016
2025-09-01 18:23:25 -   Accuracy: 90.000%
2025-09-01 18:23:25 -   Precision: 0.833
2025-09-01 18:23:25 -   Recall: 0.625
2025-09-01 18:23:25 -   F1 Score: 0.714
2025-09-01 18:23:25 -   AUC: 0.000
2025-09-01 18:23:25 -   Correct/Total: 36/40
2025-09-01 18:23:25 - Subject: sub-017
2025-09-01 18:23:25 -   Accuracy: 85.000%
2025-09-01 18:23:25 -   Precision: 0.750
2025-09-01 18:23:25 -   Recall: 0.375
2025-09-01 18:23:25 -   F1 Score: 0.500
2025-09-01 18:23:25 -   AUC: 0.000
2025-09-01 18:23:25 -   Correct/Total: 34/40
2025-09-01 18:23:25 - Subject: sub-018
2025-09-01 18:23:25 -   Accuracy: 80.000%
2025-09-01 18:23:25 -   Precision: 0.500
2025-09-01 18:23:25 -   Recall: 0.375
2025-09-01 18:23:25 -   F1 Score: 0.429
2025-09-01 18:23:25 -   AUC: 0.000
2025-09-01 18:23:25 -   Correct/Total: 32/40
2025-09-01 18:23:25 - Subject: sub-019
2025-09-01 18:23:25 -   Accuracy: 80.000%
2025-09-01 18:23:25 -   Precision: 0.500
2025-09-01 18:23:25 -   Recall: 0.250
2025-09-01 18:23:25 -   F1 Score: 0.333
2025-09-01 18:23:25 -   AUC: 0.000
2025-09-01 18:23:25 -   Correct/Total: 32/40
2025-09-01 18:23:25 - Subject: sub-020
2025-09-01 18:23:25 -   Accuracy: 77.500%
2025-09-01 18:23:25 -   Precision: 0.400
2025-09-01 18:23:25 -   Recall: 0.250
2025-09-01 18:23:25 -   F1 Score: 0.308
2025-09-01 18:23:25 -   AUC: 0.000
2025-09-01 18:23:25 -   Correct/Total: 31/40
2025-09-01 18:23:25 - Subject: sub-021
2025-09-01 18:23:25 -   Accuracy: 77.500%
2025-09-01 18:23:25 -   Precision: 0.333
2025-09-01 18:23:25 -   Recall: 0.125
2025-09-01 18:23:25 -   F1 Score: 0.182
2025-09-01 18:23:25 -   AUC: 0.000
2025-09-01 18:23:25 -   Correct/Total: 31/40
2025-09-01 18:23:25 - Subject: sub-022
2025-09-01 18:23:25 -   Accuracy: 72.500%
2025-09-01 18:23:25 -   Precision: 0.364
2025-09-01 18:23:25 -   Recall: 0.500
2025-09-01 18:23:25 -   F1 Score: 0.421
2025-09-01 18:23:25 -   AUC: 0.000
2025-09-01 18:23:25 -   Correct/Total: 29/40
2025-09-01 18:23:25 - Subject: sub-023
2025-09-01 18:23:25 -   Accuracy: 82.500%
2025-09-01 18:23:25 -   Precision: 0.600
2025-09-01 18:23:25 -   Recall: 0.375
2025-09-01 18:23:25 -   F1 Score: 0.462
2025-09-01 18:23:25 -   AUC: 0.000
2025-09-01 18:23:25 -   Correct/Total: 33/40
2025-09-01 18:23:25 - Subject: sub-024
2025-09-01 18:23:25 -   Accuracy: 75.000%
2025-09-01 18:23:25 -   Precision: 0.333
2025-09-01 18:23:25 -   Recall: 0.250
2025-09-01 18:23:25 -   F1 Score: 0.286
2025-09-01 18:23:25 -   AUC: 0.000
2025-09-01 18:23:25 -   Correct/Total: 30/40
2025-09-01 18:23:25 - Subject: sub-025
2025-09-01 18:23:25 -   Accuracy: 72.500%
2025-09-01 18:23:25 -   Precision: 0.333
2025-09-01 18:23:25 -   Recall: 0.375
2025-09-01 18:23:25 -   F1 Score: 0.353
2025-09-01 18:23:25 -   AUC: 0.000
2025-09-01 18:23:25 -   Correct/Total: 29/40
2025-09-01 18:23:25 - Subject: sub-026
2025-09-01 18:23:25 -   Accuracy: 82.500%
2025-09-01 18:23:25 -   Precision: 0.571
2025-09-01 18:23:25 -   Recall: 0.500
2025-09-01 18:23:25 -   F1 Score: 0.533
2025-09-01 18:23:25 -   AUC: 0.000
2025-09-01 18:23:25 -   Correct/Total: 33/40
2025-09-01 18:23:25 - Subject: sub-027
2025-09-01 18:23:25 -   Accuracy: 67.500%
2025-09-01 18:23:25 -   Precision: 0.273
2025-09-01 18:23:25 -   Recall: 0.375
2025-09-01 18:23:25 -   F1 Score: 0.316
2025-09-01 18:23:25 -   AUC: 0.000
2025-09-01 18:23:25 -   Correct/Total: 27/40
2025-09-01 18:23:25 - Subject: sub-028
2025-09-01 18:23:25 -   Accuracy: 82.500%
2025-09-01 18:23:25 -   Precision: 0.667
2025-09-01 18:23:25 -   Recall: 0.250
2025-09-01 18:23:25 -   F1 Score: 0.364
2025-09-01 18:23:25 -   AUC: 0.000
2025-09-01 18:23:25 -   Correct/Total: 33/40
2025-09-01 18:23:25 - Subject: sub-029
2025-09-01 18:23:25 -   Accuracy: 67.500%
2025-09-01 18:23:25 -   Precision: 0.222
2025-09-01 18:23:25 -   Recall: 0.250
2025-09-01 18:23:25 -   F1 Score: 0.235
2025-09-01 18:23:25 -   AUC: 0.000
2025-09-01 18:23:25 -   Correct/Total: 27/40
2025-09-01 18:23:25 - Subject: sub-030
2025-09-01 18:23:25 -   Accuracy: 80.000%
2025-09-01 18:23:25 -   Precision: 0.500
2025-09-01 18:23:25 -   Recall: 0.375
2025-09-01 18:23:25 -   F1 Score: 0.429
2025-09-01 18:23:25 -   AUC: 0.000
2025-09-01 18:23:25 -   Correct/Total: 32/40
2025-09-01 18:23:25 - Subject: sub-031
2025-09-01 18:23:25 -   Accuracy: 85.000%
2025-09-01 18:23:25 -   Precision: 1.000
2025-09-01 18:23:25 -   Recall: 0.250
2025-09-01 18:23:25 -   F1 Score: 0.400
2025-09-01 18:23:25 -   AUC: 0.000
2025-09-01 18:23:25 -   Correct/Total: 34/40
2025-09-01 18:23:25 - Subject: sub-032
2025-09-01 18:23:25 -   Accuracy: 87.500%
2025-09-01 18:23:25 -   Precision: 0.714
2025-09-01 18:23:25 -   Recall: 0.625
2025-09-01 18:23:25 -   F1 Score: 0.667
2025-09-01 18:23:25 -   AUC: 0.000
2025-09-01 18:23:25 -   Correct/Total: 35/40
2025-09-01 18:23:25 - Subject: sub-033
2025-09-01 18:23:25 -   Accuracy: 80.000%
2025-09-01 18:23:25 -   Precision: 0.500
2025-09-01 18:23:25 -   Recall: 0.250
2025-09-01 18:23:25 -   F1 Score: 0.333
2025-09-01 18:23:25 -   AUC: 0.000
2025-09-01 18:23:25 -   Correct/Total: 32/40
2025-09-01 18:23:25 - Subject: sub-034
2025-09-01 18:23:25 -   Accuracy: 82.500%
2025-09-01 18:23:25 -   Precision: 0.571
2025-09-01 18:23:25 -   Recall: 0.500
2025-09-01 18:23:25 -   F1 Score: 0.533
2025-09-01 18:23:25 -   AUC: 0.000
2025-09-01 18:23:25 -   Correct/Total: 33/40
2025-09-01 18:23:25 - Subject: sub-035
2025-09-01 18:23:25 -   Accuracy: 75.000%
2025-09-01 18:23:25 -   Precision: 0.000
2025-09-01 18:23:25 -   Recall: 0.000
2025-09-01 18:23:25 -   F1 Score: 0.000
2025-09-01 18:23:25 -   AUC: 0.000
2025-09-01 18:23:25 -   Correct/Total: 30/40
2025-09-01 18:23:25 - Subject: sub-036
2025-09-01 18:23:25 -   Accuracy: 72.500%
2025-09-01 18:23:25 -   Precision: 0.000
2025-09-01 18:23:25 -   Recall: 0.000
2025-09-01 18:23:25 -   F1 Score: 0.000
2025-09-01 18:23:25 -   AUC: 0.000
2025-09-01 18:23:25 -   Correct/Total: 29/40
2025-09-01 18:23:25 - Subject: sub-037
2025-09-01 18:23:25 -   Accuracy: 82.500%
2025-09-01 18:23:25 -   Precision: 0.556
2025-09-01 18:23:25 -   Recall: 0.625
2025-09-01 18:23:25 -   F1 Score: 0.588
2025-09-01 18:23:25 -   AUC: 0.000
2025-09-01 18:23:25 -   Correct/Total: 33/40
2025-09-01 18:23:25 - Subject: sub-038
2025-09-01 18:23:25 -   Accuracy: 70.000%
2025-09-01 18:23:25 -   Precision: 0.300
2025-09-01 18:23:25 -   Recall: 0.375
2025-09-01 18:23:25 -   F1 Score: 0.333
2025-09-01 18:23:25 -   AUC: 0.000
2025-09-01 18:23:25 -   Correct/Total: 28/40
2025-09-01 18:23:25 - Subject: sub-039
2025-09-01 18:23:25 -   Accuracy: 75.000%
2025-09-01 18:23:25 -   Precision: 0.375
2025-09-01 18:23:25 -   Recall: 0.375
2025-09-01 18:23:25 -   F1 Score: 0.375
2025-09-01 18:23:25 -   AUC: 0.000
2025-09-01 18:23:25 -   Correct/Total: 30/40
2025-09-01 18:23:25 - Subject: sub-040
2025-09-01 18:23:25 -   Accuracy: 67.500%
2025-09-01 18:23:25 -   Precision: 0.000
2025-09-01 18:23:25 -   Recall: 0.000
2025-09-01 18:23:25 -   F1 Score: 0.000
2025-09-01 18:23:25 -   AUC: 0.000
2025-09-01 18:23:25 -   Correct/Total: 27/40
2025-09-01 18:23:25 - 
P3 Individual Models Statistics:
2025-09-01 18:23:25 - Mean Accuracy: 0.777
2025-09-01 18:23:25 - 95% Confidence Interval: [0.751, 0.802]
2025-09-01 18:23:25 - Best Subject: sub-002 (0.925)
2025-09-01 18:23:25 - Worst Subject: sub-011 (0.550)
2025-09-01 18:23:25 - Mean Precision: 0.449
2025-09-01 18:23:25 - Mean Recall: 0.306
2025-09-01 18:23:25 - Mean F1-Score: 0.340
2025-09-01 18:23:25 - Mean AUC: 0.500
