2025-09-01 19:17:58 - 
Experiment Configuration:
2025-09-01 19:17:58 - --------------------------------------------------
2025-09-01 19:17:58 - dataset: P3 Raw Data BIDS-Compatible
2025-09-01 19:17:58 - use_combined_datasets: False
2025-09-01 19:17:58 - electrode_list: all
2025-09-01 19:17:58 - classifier: lda
2025-09-01 19:17:58 - separate_subject_classification: False
2025-09-01 19:17:58 - use_subject_layer: False
2025-09-01 19:17:58 - seeds: [1]
2025-09-01 19:17:58 - --------------------------------------------------
2025-09-01 19:17:58 - 
==================================================
2025-09-01 19:17:58 - Processing P3 Dataset
2025-09-01 19:17:58 - ==================================================
2025-09-01 19:18:51 - 
Overall Experiment Metrics:
2025-09-01 19:18:51 - --------------------------------------------------
2025-09-01 19:18:51 - Accuracy: 0.6438
2025-09-01 19:18:51 - Precision: 0.2869
2025-09-01 19:18:51 - Recall: 0.5235
2025-09-01 19:18:51 - F1 Score: 0.3707
2025-09-01 19:18:51 - AUC: 0.5000
2025-09-01 19:18:51 - 
Confusion Matrix Plot: ./log_0830\P3_clf-lda_sep-False_el-FP1_F3_F7_FC3_C3_C5_P3_P7_P9_PO7_PO3_O1_Oz_Pz_CPz_FP2_Fz_F4_F8_FC4_FCz_Cz_C4_C6_P4_P8_P10_PO8_PO4_O2_confusion_matrix_20250901_191850.png
2025-09-01 19:18:51 - --------------------------------------------------
2025-09-01 19:18:51 - 
P3 Pooled Model Statistics:
2025-09-01 19:18:51 - Mean Accuracy: 0.645
2025-09-01 19:18:51 - 95% Confidence Interval: [0.616, 0.673]
2025-09-01 19:18:51 - Best Subject: sub-037 (0.842)
2025-09-01 19:18:51 - Worst Subject: sub-019 (0.480)
2025-09-01 19:18:51 - Mean Precision: 0.301
2025-09-01 19:18:51 - Mean Recall: 0.525
2025-09-01 19:18:51 - Mean F1-Score: 0.370
2025-09-01 19:18:51 - Mean AUC: 0.649
