2025-09-01 18:50:32 - 
Experiment Configuration:
2025-09-01 18:50:32 - --------------------------------------------------
2025-09-01 18:50:32 - dataset: P3 Raw Data BIDS-Compatible
2025-09-01 18:50:32 - use_combined_datasets: False
2025-09-01 18:50:32 - electrode_list: all
2025-09-01 18:50:32 - classifier: lda
2025-09-01 18:50:32 - separate_subject_classification: True
2025-09-01 18:50:32 - use_subject_layer: True
2025-09-01 18:50:32 - seeds: [1]
2025-09-01 18:50:32 - --------------------------------------------------
2025-09-01 18:50:32 - 
==================================================
2025-09-01 18:50:32 - Processing P3 Dataset
2025-09-01 18:50:32 - ==================================================
2025-09-01 18:51:34 - 
Overall Experiment Metrics:
2025-09-01 18:51:34 - --------------------------------------------------
2025-09-01 18:51:34 - Accuracy: 0.6987
2025-09-01 18:51:34 - Precision: 0.3522
2025-09-01 18:51:34 - Recall: 0.6031
2025-09-01 18:51:34 - F1 Score: 0.4447
2025-09-01 18:51:34 - AUC: 0.5000
2025-09-01 18:51:34 - 
Confusion Matrix Plot: ./log_0830\P3_clf-lda_sep-True_el-FP1_F3_F7_FC3_C3_C5_P3_P7_P9_PO7_PO3_O1_Oz_Pz_CPz_FP2_Fz_F4_F8_FC4_FCz_Cz_C4_C6_P4_P8_P10_PO8_PO4_O2_confusion_matrix_20250901_185133.png
2025-09-01 18:51:34 - --------------------------------------------------
2025-09-01 18:51:34 - 
P3 Individual Models Statistics:
2025-09-01 18:51:34 - Mean Accuracy: 0.699
2025-09-01 18:51:34 - 95% Confidence Interval: [0.667, 0.731]
2025-09-01 18:51:34 - Best Subject: sub-016 (0.900)
2025-09-01 18:51:34 - Worst Subject: sub-027 (0.475)
2025-09-01 18:51:34 - Mean Precision: 0.371
2025-09-01 18:51:34 - Mean Recall: 0.603
2025-09-01 18:51:34 - Mean F1-Score: 0.451
2025-09-01 18:51:34 - Mean AUC: 0.500
