2025-09-01 19:31:16 - 
Experiment Configuration:
2025-09-01 19:31:16 - --------------------------------------------------
2025-09-01 19:31:16 - dataset: P3 Raw Data BIDS-Compatible
2025-09-01 19:31:16 - use_combined_datasets: False
2025-09-01 19:31:16 - electrode_list: all
2025-09-01 19:31:16 - classifier: lda
2025-09-01 19:31:16 - separate_subject_classification: False
2025-09-01 19:31:16 - use_subject_layer: False
2025-09-01 19:31:16 - seeds: [1]
2025-09-01 19:31:16 - --------------------------------------------------
2025-09-01 19:31:16 - 
==================================================
2025-09-01 19:31:16 - Processing P3 Dataset
2025-09-01 19:31:16 - ==================================================
2025-09-01 19:32:07 - 
Overall Experiment Metrics:
2025-09-01 19:32:07 - --------------------------------------------------
2025-09-01 19:32:07 - Accuracy: 0.6570
2025-09-01 19:32:07 - Precision: 0.3136
2025-09-01 19:32:07 - Recall: 0.5987
2025-09-01 19:32:07 - F1 Score: 0.4116
2025-09-01 19:32:07 - AUC: 0.6772
2025-09-01 19:32:07 - 
Confusion Matrix Plot: ./log_0830\P3_clf-lda_sep-False_el-FP1_F3_F7_FC3_C3_C5_P3_P7_P9_PO7_PO3_O1_Oz_Pz_CPz_FP2_Fz_F4_F8_FC4_FCz_Cz_C4_C6_P4_P8_P10_PO8_PO4_O2_confusion_matrix_20250901_193207.png
2025-09-01 19:32:07 - --------------------------------------------------
