2025-09-01 18:56:25 - 
Experiment Configuration:
2025-09-01 18:56:25 - --------------------------------------------------
2025-09-01 18:56:25 - dataset: P3 Raw Data BIDS-Compatible
2025-09-01 18:56:25 - use_combined_datasets: False
2025-09-01 18:56:25 - electrode_list: all
2025-09-01 18:56:25 - classifier: ShallowFBCSPNet
2025-09-01 18:56:25 - separate_subject_classification: True
2025-09-01 18:56:25 - use_subject_layer: True
2025-09-01 18:56:25 - seeds: [1]
2025-09-01 18:56:25 - --------------------------------------------------
2025-09-01 18:56:25 - 
==================================================
2025-09-01 18:56:25 - Processing P3 Dataset
2025-09-01 18:56:25 - ==================================================
2025-09-01 18:58:28 - 
Overall Experiment Metrics:
2025-09-01 18:58:28 - --------------------------------------------------
2025-09-01 18:58:28 - Accuracy: 0.7812
2025-09-01 18:58:28 - Precision: 0.4390
2025-09-01 18:58:28 - Recall: 0.3375
2025-09-01 18:58:28 - F1 Score: 0.3816
2025-09-01 18:58:28 - AUC: 0.5000
2025-09-01 18:58:28 - 
Confusion Matrix Plot: ./log_0830\P3_clf-ShallowFBCSPNet_sep-True_el-FP1_F3_F7_FC3_C3_C5_P3_P7_P9_PO7_PO3_O1_Oz_Pz_CPz_FP2_Fz_F4_F8_FC4_FCz_Cz_C4_C6_P4_P8_P10_PO8_PO4_O2_confusion_matrix_20250901_185827.png
2025-09-01 18:58:28 - --------------------------------------------------
2025-09-01 18:58:28 - 
P3 Individual Models Statistics:
2025-09-01 18:58:28 - Mean Accuracy: 0.781
2025-09-01 18:58:28 - 95% Confidence Interval: [0.761, 0.802]
2025-09-01 18:58:28 - Best Subject: sub-016 (0.900)
2025-09-01 18:58:28 - Worst Subject: sub-014 (0.650)
2025-09-01 18:58:28 - Mean Precision: 0.475
2025-09-01 18:58:28 - Mean Recall: 0.338
2025-09-01 18:58:28 - Mean F1-Score: 0.371
2025-09-01 18:58:28 - Mean AUC: 0.500
