2025-09-01 18:53:48 - 
Experiment Configuration:
2025-09-01 18:53:48 - --------------------------------------------------
2025-09-01 18:53:48 - dataset: P3 Raw Data BIDS-Compatible
2025-09-01 18:53:48 - use_combined_datasets: False
2025-09-01 18:53:48 - electrode_list: all
2025-09-01 18:53:48 - classifier: lda
2025-09-01 18:53:48 - separate_subject_classification: True
2025-09-01 18:53:48 - use_subject_layer: True
2025-09-01 18:53:48 - seeds: [1]
2025-09-01 18:53:48 - --------------------------------------------------
2025-09-01 18:53:48 - 
==================================================
2025-09-01 18:53:48 - Processing P3 Dataset
2025-09-01 18:53:48 - ==================================================
2025-09-01 18:54:37 - 
Overall Experiment Metrics:
2025-09-01 18:54:37 - --------------------------------------------------
2025-09-01 18:54:37 - Accuracy: 0.6819
2025-09-01 18:54:37 - Precision: 0.3357
2025-09-01 18:54:37 - Recall: 0.6031
2025-09-01 18:54:37 - F1 Score: 0.4313
2025-09-01 18:54:37 - AUC: 0.5000
2025-09-01 18:54:37 - 
Confusion Matrix Plot: ./log_0830\P3_clf-lda_sep-True_el-FP1_F3_F7_FC3_C3_C5_P3_P7_P9_PO7_PO3_O1_Oz_Pz_CPz_FP2_Fz_F4_F8_FC4_FCz_Cz_C4_C6_P4_P8_P10_PO8_PO4_O2_confusion_matrix_20250901_185436.png
2025-09-01 18:54:37 - --------------------------------------------------
2025-09-01 18:54:37 - 
P3 Individual Models Statistics:
2025-09-01 18:54:37 - Mean Accuracy: 0.682
2025-09-01 18:54:37 - 95% Confidence Interval: [0.650, 0.714]
2025-09-01 18:54:37 - Best Subject: sub-007 (0.875)
2025-09-01 18:54:37 - Worst Subject: sub-039 (0.475)
2025-09-01 18:54:37 - Mean Precision: 0.356
2025-09-01 18:54:37 - Mean Recall: 0.603
2025-09-01 18:54:37 - Mean F1-Score: 0.439
2025-09-01 18:54:37 - Mean AUC: 0.500
