2025-09-01 18:50:15 - 
Experiment Configuration:
2025-09-01 18:50:15 - --------------------------------------------------
2025-09-01 18:50:15 - dataset: P3 Raw Data BIDS-Compatible
2025-09-01 18:50:15 - use_combined_datasets: False
2025-09-01 18:50:15 - electrode_list: all
2025-09-01 18:50:15 - classifier: ShallowFBCSPNet
2025-09-01 18:50:15 - separate_subject_classification: True
2025-09-01 18:50:15 - use_subject_layer: True
2025-09-01 18:50:15 - seeds: [1]
2025-09-01 18:50:15 - --------------------------------------------------
2025-09-01 18:50:15 - 
==================================================
2025-09-01 18:50:15 - Processing P3 Dataset
2025-09-01 18:50:15 - ==================================================
2025-09-01 18:52:27 - 
Overall Experiment Metrics:
2025-09-01 18:52:27 - --------------------------------------------------
2025-09-01 18:52:27 - Accuracy: 0.7725
2025-09-01 18:52:27 - Precision: 0.4179
2025-09-01 18:52:27 - Recall: 0.3500
2025-09-01 18:52:27 - F1 Score: 0.3810
2025-09-01 18:52:27 - AUC: 0.5000
2025-09-01 18:52:27 - 
Confusion Matrix Plot: ./log_0830\P3_clf-ShallowFBCSPNet_sep-True_el-FP1_F3_F7_FC3_C3_C5_P3_P7_P9_PO7_PO3_O1_Oz_Pz_CPz_FP2_Fz_F4_F8_FC4_FCz_Cz_C4_C6_P4_P8_P10_PO8_PO4_O2_confusion_matrix_20250901_185227.png
2025-09-01 18:52:27 - --------------------------------------------------
2025-09-01 18:52:27 - 
P3 Individual Models Statistics:
2025-09-01 18:52:27 - Mean Accuracy: 0.772
2025-09-01 18:52:27 - 95% Confidence Interval: [0.752, 0.793]
2025-09-01 18:52:27 - Best Subject: sub-004 (0.900)
2025-09-01 18:52:27 - Worst Subject: sub-014 (0.650)
2025-09-01 18:52:27 - Mean Precision: 0.435
2025-09-01 18:52:27 - Mean Recall: 0.350
2025-09-01 18:52:27 - Mean F1-Score: 0.375
2025-09-01 18:52:27 - Mean AUC: 0.500
