2025-09-01 19:12:48 - 
Experiment Configuration:
2025-09-01 19:12:48 - --------------------------------------------------
2025-09-01 19:12:48 - dataset: P3 Raw Data BIDS-Compatible
2025-09-01 19:12:48 - use_combined_datasets: False
2025-09-01 19:12:48 - electrode_list: all
2025-09-01 19:12:48 - classifier: lda
2025-09-01 19:12:48 - separate_subject_classification: False
2025-09-01 19:12:48 - use_subject_layer: False
2025-09-01 19:12:48 - seeds: [1]
2025-09-01 19:12:48 - --------------------------------------------------
2025-09-01 19:12:48 - 
==================================================
2025-09-01 19:12:48 - Processing P3 Dataset
2025-09-01 19:12:48 - ==================================================
2025-09-01 19:13:44 - 
Overall Experiment Metrics:
2025-09-01 19:13:44 - --------------------------------------------------
2025-09-01 19:13:44 - Accuracy: 0.7657
2025-09-01 19:13:44 - Precision: 0.4029
2025-09-01 19:13:44 - Recall: 0.3511
2025-09-01 19:13:44 - F1 Score: 0.3752
2025-09-01 19:13:44 - AUC: 0.5000
2025-09-01 19:13:44 - 
Confusion Matrix Plot: ./log_0830\P3_clf-lda_sep-False_el-FP1_F3_F7_FC3_C3_C5_P3_P7_P9_PO7_PO3_O1_Oz_Pz_CPz_FP2_Fz_F4_F8_FC4_FCz_Cz_C4_C6_P4_P8_P10_PO8_PO4_O2_confusion_matrix_20250901_191343.png
2025-09-01 19:13:44 - --------------------------------------------------
2025-09-01 19:13:44 - 
P3 Pooled Model Statistics:
2025-09-01 19:13:44 - Mean Accuracy: 0.770
2025-09-01 19:13:44 - 95% Confidence Interval: [0.740, 0.801]
2025-09-01 19:13:44 - Best Subject: sub-020 (0.971)
2025-09-01 19:13:44 - Worst Subject: sub-014 (0.579)
2025-09-01 19:13:44 - Mean Precision: 0.000
2025-09-01 19:13:44 - Mean Recall: 0.000
2025-09-01 19:13:44 - Mean F1-Score: 0.000
2025-09-01 19:13:44 - Mean AUC: 0.500
