2025-09-01 18:59:02 - 
Experiment Configuration:
2025-09-01 18:59:02 - --------------------------------------------------
2025-09-01 18:59:02 - dataset: P3 Raw Data BIDS-Compatible
2025-09-01 18:59:02 - use_combined_datasets: False
2025-09-01 18:59:02 - electrode_list: all
2025-09-01 18:59:02 - classifier: lda
2025-09-01 18:59:02 - separate_subject_classification: True
2025-09-01 18:59:02 - use_subject_layer: True
2025-09-01 18:59:02 - seeds: [1]
2025-09-01 18:59:02 - --------------------------------------------------
2025-09-01 18:59:02 - 
==================================================
2025-09-01 18:59:02 - Processing P3 Dataset
2025-09-01 18:59:02 - ==================================================
2025-09-01 19:00:01 - 
Overall Experiment Metrics:
2025-09-01 19:00:01 - --------------------------------------------------
2025-09-01 19:00:01 - Accuracy: 0.6950
2025-09-01 19:00:01 - Precision: 0.3415
2025-09-01 19:00:01 - Recall: 0.5656
2025-09-01 19:00:01 - F1 Score: 0.4259
2025-09-01 19:00:01 - AUC: 0.5000
2025-09-01 19:00:01 - 
Confusion Matrix Plot: ./log_0830\P3_clf-lda_sep-True_el-FP1_F3_F7_FC3_C3_C5_P3_P7_P9_PO7_PO3_O1_Oz_Pz_CPz_FP2_Fz_F4_F8_FC4_FCz_Cz_C4_C6_P4_P8_P10_PO8_PO4_O2_confusion_matrix_20250901_190000.png
2025-09-01 19:00:01 - --------------------------------------------------
2025-09-01 19:00:01 - 
P3 Individual Models Statistics:
2025-09-01 19:00:01 - Mean Accuracy: 0.695
2025-09-01 19:00:01 - 95% Confidence Interval: [0.666, 0.724]
2025-09-01 19:00:01 - Best Subject: sub-033 (0.875)
2025-09-01 19:00:01 - Worst Subject: sub-006 (0.500)
2025-09-01 19:00:01 - Mean Precision: 0.352
2025-09-01 19:00:01 - Mean Recall: 0.566
2025-09-01 19:00:01 - Mean F1-Score: 0.425
2025-09-01 19:00:01 - Mean AUC: 0.709
