2025-09-01 19:35:56 - 
Experiment Configuration:
2025-09-01 19:35:56 - --------------------------------------------------
2025-09-01 19:35:56 - dataset: P3 Raw Data BIDS-Compatible
2025-09-01 19:35:56 - use_combined_datasets: False
2025-09-01 19:35:56 - electrode_list: all
2025-09-01 19:35:56 - classifier: lda
2025-09-01 19:35:56 - separate_subject_classification: False
2025-09-01 19:35:56 - use_subject_layer: False
2025-09-01 19:35:56 - seeds: [1]
2025-09-01 19:35:56 - --------------------------------------------------
2025-09-01 19:35:56 - 
==================================================
2025-09-01 19:35:56 - Processing P3 Dataset
2025-09-01 19:35:56 - ==================================================
2025-09-01 19:36:49 - 
Overall Experiment Metrics:
2025-09-01 19:36:49 - --------------------------------------------------
2025-09-01 19:36:49 - Accuracy: 0.6426
2025-09-01 19:36:49 - Precision: 0.3041
2025-09-01 19:36:49 - Recall: 0.6082
2025-09-01 19:36:49 - F1 Score: 0.4054
2025-09-01 19:36:49 - AUC: 0.6663
2025-09-01 19:36:49 - 
Confusion Matrix Plot: ./log_0830\P3_clf-lda_sep-False_el-FP1_F3_F7_FC3_C3_C5_P3_P7_P9_PO7_PO3_O1_Oz_Pz_CPz_FP2_Fz_F4_F8_FC4_FCz_Cz_C4_C6_P4_P8_P10_PO8_PO4_O2_confusion_matrix_20250901_193649.png
2025-09-01 19:36:49 - --------------------------------------------------
2025-09-01 19:36:49 - 
P3 Pooled Model Statistics:
2025-09-01 19:36:49 - Mean Accuracy: 0.641
2025-09-01 19:36:49 - 95% Confidence Interval: [0.615, 0.667]
2025-09-01 19:36:49 - Best Subject: sub-034 (0.821)
2025-09-01 19:36:49 - Worst Subject: sub-028 (0.459)
2025-09-01 19:36:49 - Mean Precision: 0.303
2025-09-01 19:36:49 - Mean Recall: 0.618
2025-09-01 19:36:49 - Mean F1-Score: 0.392
2025-09-01 19:36:49 - Mean AUC: 0.664
