2025-08-13 18:37:23 - 
Experiment Configuration:
2025-08-13 18:37:23 - --------------------------------------------------
2025-08-13 18:37:23 - dataset: P3 Raw Data BIDS-Compatible
2025-08-13 18:37:23 - use_combined_datasets: False
2025-08-13 18:37:23 - electrode_list: all
2025-08-13 18:37:23 - classifier: lda
2025-08-13 18:37:23 - separate_subject_classification: False
2025-08-13 18:37:23 - use_subject_layer: False
2025-08-13 18:37:23 - seeds: [1]
2025-08-13 18:37:23 - --------------------------------------------------
2025-08-13 18:37:23 - 
==================================================
2025-08-13 18:37:23 - Processing P3 Dataset
2025-08-13 18:37:23 - ==================================================
2025-08-13 18:40:55 - Subject: sub-001, Accuracy: 89.286%
2025-08-13 18:40:55 - Subject: sub-002, Accuracy: 92.647%
2025-08-13 18:40:55 - Subject: sub-003, Accuracy: 94.667%
2025-08-13 18:40:55 - Subject: sub-004, Accuracy: 92.105%
2025-08-13 18:40:55 - Subject: sub-005, Accuracy: 91.765%
2025-08-13 18:40:55 - Subject: sub-006, Accuracy: 93.421%
2025-08-13 18:40:55 - Subject: sub-007, Accuracy: 97.531%
2025-08-13 18:40:55 - Subject: sub-008, Accuracy: 94.667%
2025-08-13 18:40:55 - Subject: sub-009, Accuracy: 95.652%
2025-08-13 18:40:55 - Subject: sub-010, Accuracy: 95.890%
2025-08-13 18:40:55 - Subject: sub-011, Accuracy: 96.053%
2025-08-13 18:40:55 - Subject: sub-012, Accuracy: 97.436%
2025-08-13 18:40:55 - Subject: sub-013, Accuracy: 95.714%
2025-08-13 18:40:55 - Subject: sub-014, Accuracy: 96.386%
2025-08-13 18:40:55 - Subject: sub-015, Accuracy: 100.000%
2025-08-13 18:40:55 - Subject: sub-016, Accuracy: 95.062%
2025-08-13 18:40:55 - Subject: sub-017, Accuracy: 97.647%
2025-08-13 18:40:55 - Subject: sub-018, Accuracy: 94.444%
2025-08-13 18:40:55 - Subject: sub-019, Accuracy: 94.565%
2025-08-13 18:40:55 - Subject: sub-020, Accuracy: 91.892%
2025-08-13 18:40:55 - Subject: sub-021, Accuracy: 94.521%
2025-08-13 18:40:55 - Subject: sub-022, Accuracy: 96.053%
2025-08-13 18:40:55 - Subject: sub-023, Accuracy: 92.405%
2025-08-13 18:40:55 - Subject: sub-024, Accuracy: 97.436%
2025-08-13 18:40:55 - Subject: sub-025, Accuracy: 97.468%
2025-08-13 18:40:55 - Subject: sub-026, Accuracy: 97.468%
2025-08-13 18:40:55 - Subject: sub-027, Accuracy: 96.591%
2025-08-13 18:40:55 - Subject: sub-028, Accuracy: 94.118%
2025-08-13 18:40:55 - Subject: sub-029, Accuracy: 90.909%
2025-08-13 18:40:55 - Subject: sub-030, Accuracy: 94.737%
2025-08-13 18:40:55 - Subject: sub-031, Accuracy: 89.474%
2025-08-13 18:40:55 - Subject: sub-032, Accuracy: 97.468%
2025-08-13 18:40:55 - Subject: sub-033, Accuracy: 89.888%
2025-08-13 18:40:55 - Subject: sub-034, Accuracy: 96.250%
2025-08-13 18:40:55 - Subject: sub-035, Accuracy: 92.208%
2025-08-13 18:40:55 - Subject: sub-036, Accuracy: 96.703%
2025-08-13 18:40:55 - Subject: sub-037, Accuracy: 88.889%
2025-08-13 18:40:55 - Subject: sub-038, Accuracy: 96.386%
2025-08-13 18:40:55 - Subject: sub-039, Accuracy: 93.814%
2025-08-13 18:40:55 - Subject: sub-040, Accuracy: 89.333%
2025-08-13 18:40:55 - 
P3 Pooled Model Statistics:
2025-08-13 18:40:55 - Mean Accuracy: 0.945
2025-08-13 18:40:55 - 95% Confidence Interval: [0.936, 0.954]
2025-08-13 18:40:55 - Best Subject: sub-015 (1.000)
2025-08-13 18:40:55 - Worst Subject: sub-037 (0.889)
