2025-08-13 17:11:32 - 
Experiment Configuration:
2025-08-13 17:11:32 - --------------------------------------------------
2025-08-13 17:11:32 - dataset: P3 Raw Data BIDS-Compatible
2025-08-13 17:11:32 - use_combined_datasets: False
2025-08-13 17:11:32 - electrode_list: common
2025-08-13 17:11:32 - classifier: ShallowFBCSPNet
2025-08-13 17:11:32 - separate_subject_classification: True
2025-08-13 17:11:32 - use_subject_layer: False
2025-08-13 17:11:32 - seeds: [1]
2025-08-13 17:11:32 - --------------------------------------------------
2025-08-13 17:11:32 - 
==================================================
2025-08-13 17:11:32 - Processing P3 Dataset
2025-08-13 17:11:32 - ==================================================

============================================================
ShallowFBCSPNet Model Architecture Summary
============================================================
Model type: ShallowFBCSPNet
Input channels: 16
Input shape: (batch_size, 16, 128)
Number of parameters: 26882
============================================================

Traceback (most recent call last):
  File "/home/cwy/eeg/EEG/EEG_experiments/main.py", line 183, in <module>
    main() 
  File "/home/cwy/eeg/EEG/EEG_experiments/main.py", line 113, in main
    p3_accuracies = run_experiment(
  File "/home/cwy/eeg/EEG/EEG_experiments/experiment.py", line 135, in run_experiment
    return _run_separate_training(datasets, channels, logger, device, 
  File "/home/cwy/eeg/EEG/EEG_experiments/experiment.py", line 175, in _run_separate_training
    acc, _ = run_experiment_with_seed(
  File "/home/cwy/eeg/EEG/EEG_experiments/utils.py", line 128, in run_experiment_with_seed
    accuracy = train_model(model, train_loader, val_loader, test_loader, device, is_lda, MAX_EPOCHS)
  File "/home/cwy/eeg/EEG/EEG_experiments/models.py", line 226, in train_model
    x = normalize_data(x).to(device)
KeyboardInterrupt
