2025-08-13 17:11:32 - 
Experiment Configuration:
2025-08-13 17:11:32 - --------------------------------------------------
2025-08-13 17:11:32 - dataset: P3 Raw Data BIDS-Compatible
2025-08-13 17:11:32 - use_combined_datasets: False
2025-08-13 17:11:32 - electrode_list: common
2025-08-13 17:11:32 - classifier: ShallowFBCSPNet
2025-08-13 17:11:32 - separate_subject_classification: False
2025-08-13 17:11:32 - use_subject_layer: False
2025-08-13 17:11:32 - seeds: [1]
2025-08-13 17:11:32 - --------------------------------------------------
2025-08-13 17:11:32 - 
==================================================
2025-08-13 17:11:32 - Processing P3 Dataset
2025-08-13 17:11:32 - ==================================================
Loading P3 subject sub-001 ...
Loading P3 subject sub-002 ...
Loading P3 subject sub-003 ...
Loading P3 subject sub-004 ...
Loading P3 subject sub-005 ...
Loading P3 subject sub-006 ...
Loading P3 subject sub-007 ...
Loading P3 subject sub-008 ...
Loading P3 subject sub-009 ...
Loading P3 subject sub-010 ...
Loading P3 subject sub-011 ...
Loading P3 subject sub-012 ...
Loading P3 subject sub-013 ...
Loading P3 subject sub-014 ...
Loading P3 subject sub-015 ...
Loading P3 subject sub-016 ...
Loading P3 subject sub-017 ...
Traceback (most recent call last):
  File "/home/cwy/anaconda3/envs/eegtemp/lib/python3.10/site-packages/pymatreader/utils.py", line 324, in _todict_from_np_struct
    n_items = len(data[cur_field_name])
TypeError: len() of unsized object

During handling of the above exception, another exception occurred:

Traceback (most recent call last):
  File "/home/cwy/eeg/EEG/EEG_experiments/main.py", line 183, in <module>
    main() 
  File "/home/cwy/eeg/EEG/EEG_experiments/main.py", line 124, in main
    p3_accuracies = run_experiment(
  File "/home/cwy/eeg/EEG/EEG_experiments/experiment.py", line 139, in run_experiment
    return _run_pooled_training(datasets, channels, logger, device,
  File "/home/cwy/eeg/EEG/EEG_experiments/experiment.py", line 205, in _run_pooled_training
    start_idx, current_subject_index = process_dataset_subjects_with_indices(
  File "/home/cwy/eeg/EEG/EEG_experiments/experiment.py", line 88, in process_dataset_subjects_with_indices
    data, labels = process_subject_data(subject_id, dataset_obj, preprocessor, logger, dataset_type=dataset_type)
  File "/home/cwy/eeg/EEG/EEG_experiments/utils.py", line 215, in process_subject_data
    raw = load_raw(eeg_file, dataset_type)
  File "/home/cwy/eeg/EEG/EEG_experiments/utils.py", line 34, in load_raw
    return read_raw_eeglab(file_path, preload=False)
  File "/home/cwy/anaconda3/envs/eegtemp/lib/python3.10/site-packages/mne/io/eeglab/eeglab.py", line 328, in read_raw_eeglab
    return RawEEGLAB(
  File "<decorator-gen-368>", line 12, in __init__
  File "/home/cwy/anaconda3/envs/eegtemp/lib/python3.10/site-packages/mne/io/eeglab/eeglab.py", line 450, in __init__
    eeg = _check_load_mat(input_fname, uint16_codec)
  File "/home/cwy/anaconda3/envs/eegtemp/lib/python3.10/site-packages/mne/io/eeglab/eeglab.py", line 74, in _check_load_mat
    eeg = _readmat(fname, uint16_codec=uint16_codec)
  File "/home/cwy/anaconda3/envs/eegtemp/lib/python3.10/site-packages/mne/io/eeglab/_eeglab.py", line 83, in _readmat
    return read_mat(fname, uint16_codec=uint16_codec)
  File "/home/cwy/anaconda3/envs/eegtemp/lib/python3.10/site-packages/pymatreader/pymatreader.py", line 103, in read_mat
    return _parse_scipy_mat_dict(raw_data)
  File "/home/cwy/anaconda3/envs/eegtemp/lib/python3.10/site-packages/pymatreader/utils.py", line 258, in _parse_scipy_mat_dict
    data[key] = _check_for_scipy_mat_struct(data[key])
  File "/home/cwy/anaconda3/envs/eegtemp/lib/python3.10/site-packages/pymatreader/utils.py", line 298, in _check_for_scipy_mat_struct
    return _handle_scipy_ndarray(data)
  File "/home/cwy/anaconda3/envs/eegtemp/lib/python3.10/site-packages/pymatreader/utils.py", line 310, in _handle_scipy_ndarray
    data = _todict_from_np_struct(data)
  File "/home/cwy/anaconda3/envs/eegtemp/lib/python3.10/site-packages/pymatreader/utils.py", line 335, in _todict_from_np_struct
    cur_value = _check_for_scipy_mat_struct(cur_value)
  File "/home/cwy/anaconda3/envs/eegtemp/lib/python3.10/site-packages/pymatreader/utils.py", line 298, in _check_for_scipy_mat_struct
    return _handle_scipy_ndarray(data)
  File "/home/cwy/anaconda3/envs/eegtemp/lib/python3.10/site-packages/pymatreader/utils.py", line 310, in _handle_scipy_ndarray
    data = _todict_from_np_struct(data)
  File "/home/cwy/anaconda3/envs/eegtemp/lib/python3.10/site-packages/pymatreader/utils.py", line 330, in _todict_from_np_struct
    cur_list.append(cur_value)
KeyboardInterrupt
