2025-08-13 17:11:33 - 
Experiment Configuration:
2025-08-13 17:11:33 - --------------------------------------------------
2025-08-13 17:11:33 - dataset: P3 Raw Data BIDS-Compatible
2025-08-13 17:11:33 - use_combined_datasets: False
2025-08-13 17:11:33 - electrode_list: all
2025-08-13 17:11:33 - classifier: ShallowFBCSPNet
2025-08-13 17:11:33 - separate_subject_classification: False
2025-08-13 17:11:33 - use_subject_layer: False
2025-08-13 17:11:33 - seeds: [1]
2025-08-13 17:11:33 - --------------------------------------------------
2025-08-13 17:11:33 - 
==================================================
2025-08-13 17:11:33 - Processing P3 Dataset
2025-08-13 17:11:33 - ==================================================
Loading P3 subject sub-001 ...
Loading P3 subject sub-002 ...
Loading P3 subject sub-003 ...
Loading P3 subject sub-004 ...
Loading P3 subject sub-005 ...
Loading P3 subject sub-006 ...
Loading P3 subject sub-007 ...
Loading P3 subject sub-008 ...
Loading P3 subject sub-009 ...
Loading P3 subject sub-010 ...
Traceback (most recent call last):
  File "/home/cwy/eeg/EEG/EEG_experiments/main.py", line 183, in <module>
    main() 
  File "/home/cwy/eeg/EEG/EEG_experiments/main.py", line 124, in main
    p3_accuracies = run_experiment(
  File "/home/cwy/eeg/EEG/EEG_experiments/experiment.py", line 139, in run_experiment
    return _run_pooled_training(datasets, channels, logger, device,
  File "/home/cwy/eeg/EEG/EEG_experiments/experiment.py", line 205, in _run_pooled_training
    start_idx, current_subject_index = process_dataset_subjects_with_indices(
  File "/home/cwy/eeg/EEG/EEG_experiments/experiment.py", line 88, in process_dataset_subjects_with_indices
    data, labels = process_subject_data(subject_id, dataset_obj, preprocessor, logger, dataset_type=dataset_type)
  File "/home/cwy/eeg/EEG/EEG_experiments/utils.py", line 237, in process_subject_data
    windows = preprocessor.transform(raw)
  File "/home/cwy/eeg/EEG/EEG_experiments/preprocessor.py", line 43, in transform
    raw.filter(l_freq=LOW_FREQ, h_freq=HIGH_FREQ)
  File "/home/cwy/anaconda3/envs/eegtemp/lib/python3.10/site-packages/mne/io/base.py", line 1174, in filter
    return super().filter(
  File "<decorator-gen-87>", line 12, in filter
  File "/home/cwy/anaconda3/envs/eegtemp/lib/python3.10/site-packages/mne/filter.py", line 2562, in filter
    filter_data(
  File "<decorator-gen-82>", line 12, in filter_data
  File "/home/cwy/anaconda3/envs/eegtemp/lib/python3.10/site-packages/mne/filter.py", line 1027, in filter_data
    data = _overlap_add_filter(data, filt, None, phase, picks, n_jobs, copy, pad)
  File "/home/cwy/anaconda3/envs/eegtemp/lib/python3.10/site-packages/mne/filter.py", line 346, in _overlap_add_filter
    data_new = parallel(
  File "/home/cwy/anaconda3/envs/eegtemp/lib/python3.10/site-packages/joblib/parallel.py", line 1985, in __call__
    return output if self.return_generator else list(output)
  File "/home/cwy/anaconda3/envs/eegtemp/lib/python3.10/site-packages/joblib/parallel.py", line 1913, in _get_sequential_output
    res = func(*args, **kwargs)
  File "/home/cwy/anaconda3/envs/eegtemp/lib/python3.10/site-packages/mne/parallel.py", line 127, in run_verbose
    return func(*args, **kwargs)
  File "/home/cwy/anaconda3/envs/eegtemp/lib/python3.10/site-packages/mne/filter.py", line 375, in _1d_overlap_filter
    prod = _fft_multiply_repeated(seg, cuda_dict)
  File "/home/cwy/anaconda3/envs/eegtemp/lib/python3.10/site-packages/mne/cuda.py", line 217, in _fft_multiply_repeated
    x = cuda_dict["irfft"](x_fft, cuda_dict["n_fft"])
  File "/home/cwy/anaconda3/envs/eegtemp/lib/python3.10/site-packages/scipy/fft/_backend.py", line 18, in __ua_function__
    @staticmethod
KeyboardInterrupt
