2025-08-13 17:11:32 - 
Experiment Configuration:
2025-08-13 17:11:32 - --------------------------------------------------
2025-08-13 17:11:32 - dataset: P3 Raw Data BIDS-Compatible
2025-08-13 17:11:32 - use_combined_datasets: False
2025-08-13 17:11:32 - electrode_list: common
2025-08-13 17:11:32 - classifier: lda
2025-08-13 17:11:32 - separate_subject_classification: True
2025-08-13 17:11:32 - use_subject_layer: False
2025-08-13 17:11:32 - seeds: [1]
2025-08-13 17:11:32 - --------------------------------------------------
2025-08-13 17:11:32 - 
==================================================
2025-08-13 17:11:32 - Processing P3 Dataset
2025-08-13 17:11:32 - ==================================================
2025-08-13 17:11:50 - Subject: sub-001, Accuracy: 90.123%
2025-08-13 17:12:08 - Subject: sub-002, Accuracy: 90.123%
Traceback (most recent call last):
  File "/home/cwy/eeg/EEG/EEG_experiments/main.py", line 183, in <module>
    main() 
  File "/home/cwy/eeg/EEG/EEG_experiments/main.py", line 113, in main
    p3_accuracies = run_experiment(
  File "/home/cwy/eeg/EEG/EEG_experiments/experiment.py", line 135, in run_experiment
    return _run_separate_training(datasets, channels, logger, device, 
  File "/home/cwy/eeg/EEG/EEG_experiments/experiment.py", line 175, in _run_separate_training
    acc, _ = run_experiment_with_seed(
  File "/home/cwy/eeg/EEG/EEG_experiments/utils.py", line 128, in run_experiment_with_seed
    accuracy = train_model(model, train_loader, val_loader, test_loader, device, is_lda, MAX_EPOCHS)
  File "/home/cwy/eeg/EEG/EEG_experiments/models.py", line 205, in train_model
    model.fit(X_train, y_train)
  File "/home/cwy/anaconda3/envs/eegtemp/lib/python3.10/site-packages/sklearn/base.py", line 1389, in wrapper
    return fit_method(estimator, *args, **kwargs)
  File "/home/cwy/anaconda3/envs/eegtemp/lib/python3.10/site-packages/sklearn/discriminant_analysis.py", line 707, in fit
    self._solve_svd(X, y)
  File "/home/cwy/anaconda3/envs/eegtemp/lib/python3.10/site-packages/sklearn/discriminant_analysis.py", line 604, in _solve_svd
    U, S, Vt = svd(X, full_matrices=False)
  File "/home/cwy/anaconda3/envs/eegtemp/lib/python3.10/site-packages/scipy/linalg/_decomp_svd.py", line 162, in svd
    u, s, v, info = gesXd(a1, compute_uv=compute_uv, lwork=lwork,
KeyboardInterrupt
