2025-08-13 18:57:19 - 
Experiment Configuration:
2025-08-13 18:57:19 - --------------------------------------------------
2025-08-13 18:57:19 - dataset: ds005863
2025-08-13 18:57:19 - use_combined_datasets: False
2025-08-13 18:57:19 - electrode_list: all
2025-08-13 18:57:19 - classifier: lda
2025-08-13 18:57:19 - separate_subject_classification: False
2025-08-13 18:57:19 - use_subject_layer: False
2025-08-13 18:57:19 - seeds: [1]
2025-08-13 18:57:19 - --------------------------------------------------
2025-08-13 18:57:19 - 
==================================================
2025-08-13 18:57:19 - Processing Active Visual Oddball Dataset
2025-08-13 18:57:19 - ==================================================
2025-08-13 19:14:57 - Subject: sub_001, Accuracy: 81.818%
2025-08-13 19:14:57 - Subject: sub_002, Accuracy: 79.412%
2025-08-13 19:14:57 - Subject: sub_003, Accuracy: 75.610%
2025-08-13 19:14:57 - Subject: sub_004, Accuracy: 66.667%
2025-08-13 19:14:57 - Subject: sub_005, Accuracy: 86.842%
2025-08-13 19:14:57 - Subject: sub_006, Accuracy: 77.500%
2025-08-13 19:14:57 - Subject: sub_007, Accuracy: 75.862%
2025-08-13 19:14:57 - Subject: sub_008, Accuracy: 87.500%
2025-08-13 19:14:57 - Subject: sub_009, Accuracy: 73.810%
2025-08-13 19:14:57 - Subject: sub_010, Accuracy: 76.471%
2025-08-13 19:14:57 - Subject: sub_011, Accuracy: 90.909%
2025-08-13 19:14:57 - Subject: sub_012, Accuracy: 80.000%
2025-08-13 19:14:57 - Subject: sub_013, Accuracy: 80.488%
2025-08-13 19:14:57 - Subject: sub_014, Accuracy: 84.444%
2025-08-13 19:14:57 - Subject: sub_015, Accuracy: 71.429%
2025-08-13 19:14:57 - Subject: sub_016, Accuracy: 90.909%
2025-08-13 19:14:57 - Subject: sub_017, Accuracy: 89.189%
2025-08-13 19:14:57 - Subject: sub_018, Accuracy: 80.000%
2025-08-13 19:14:57 - Subject: sub_019, Accuracy: 79.545%
2025-08-13 19:14:57 - Subject: sub_020, Accuracy: 87.879%
2025-08-13 19:14:57 - Subject: sub_021, Accuracy: 78.788%
2025-08-13 19:14:57 - Subject: sub_022, Accuracy: 80.000%
2025-08-13 19:14:57 - Subject: sub_023, Accuracy: 84.211%
2025-08-13 19:14:57 - Subject: sub_024, Accuracy: 92.308%
2025-08-13 19:14:57 - Subject: sub_025, Accuracy: 82.353%
2025-08-13 19:14:57 - Subject: sub_026, Accuracy: 87.879%
2025-08-13 19:14:57 - Subject: sub_027, Accuracy: 88.889%
2025-08-13 19:14:57 - Subject: sub_028, Accuracy: 84.615%
2025-08-13 19:14:57 - Subject: sub_029, Accuracy: 73.333%
2025-08-13 19:14:57 - Subject: sub_030, Accuracy: 86.111%
2025-08-13 19:14:57 - Subject: sub_031, Accuracy: 80.952%
2025-08-13 19:14:57 - Subject: sub_032, Accuracy: 81.081%
2025-08-13 19:14:57 - Subject: sub_033, Accuracy: 76.316%
2025-08-13 19:14:57 - Subject: sub_034, Accuracy: 94.286%
2025-08-13 19:14:57 - Subject: sub_035, Accuracy: 73.913%
2025-08-13 19:14:57 - Subject: sub_036, Accuracy: 77.778%
2025-08-13 19:14:57 - Subject: sub_037, Accuracy: 78.261%
2025-08-13 19:14:57 - Subject: sub_038, Accuracy: 81.081%
2025-08-13 19:14:57 - Subject: sub_039, Accuracy: 74.074%
2025-08-13 19:14:57 - Subject: sub_040, Accuracy: 75.000%
2025-08-13 19:14:57 - Subject: sub_041, Accuracy: 79.487%
2025-08-13 19:14:57 - Subject: sub_042, Accuracy: 80.488%
2025-08-13 19:14:57 - Subject: sub_043, Accuracy: 84.615%
2025-08-13 19:14:57 - Subject: sub_044, Accuracy: 77.778%
2025-08-13 19:14:57 - Subject: sub_045, Accuracy: 83.333%
2025-08-13 19:14:57 - Subject: sub_046, Accuracy: 85.714%
2025-08-13 19:14:57 - Subject: sub_047, Accuracy: 86.538%
2025-08-13 19:14:57 - Subject: sub_048, Accuracy: 82.051%
2025-08-13 19:14:57 - Subject: sub_049, Accuracy: 86.207%
2025-08-13 19:14:57 - Subject: sub_050, Accuracy: 75.000%
2025-08-13 19:14:57 - Subject: sub_051, Accuracy: 92.308%
2025-08-13 19:14:57 - Subject: sub_052, Accuracy: 71.154%
2025-08-13 19:14:57 - Subject: sub_053, Accuracy: 85.366%
2025-08-13 19:14:57 - Subject: sub_054, Accuracy: 84.783%
2025-08-13 19:14:57 - Subject: sub_056, Accuracy: 75.000%
2025-08-13 19:14:57 - Subject: sub_057, Accuracy: 76.923%
2025-08-13 19:14:57 - Subject: sub_058, Accuracy: 76.471%
2025-08-13 19:14:57 - Subject: sub_059, Accuracy: 67.647%
2025-08-13 19:14:57 - Subject: sub_060, Accuracy: 70.000%
2025-08-13 19:14:57 - Subject: sub_061, Accuracy: 68.750%
2025-08-13 19:14:57 - Subject: sub_062, Accuracy: 76.471%
2025-08-13 19:14:57 - Subject: sub_063, Accuracy: 70.000%
2025-08-13 19:14:57 - Subject: sub_064, Accuracy: 75.000%
2025-08-13 19:14:57 - Subject: sub_065, Accuracy: 75.676%
2025-08-13 19:14:57 - Subject: sub_066, Accuracy: 73.529%
2025-08-13 19:14:57 - Subject: sub_067, Accuracy: 77.273%
2025-08-13 19:14:57 - Subject: sub_068, Accuracy: 80.000%
2025-08-13 19:14:57 - Subject: sub_069, Accuracy: 66.667%
2025-08-13 19:14:57 - Subject: sub_070, Accuracy: 76.316%
2025-08-13 19:14:57 - Subject: sub_071, Accuracy: 74.286%
2025-08-13 19:14:57 - Subject: sub_073, Accuracy: 71.875%
2025-08-13 19:14:57 - Subject: sub_074, Accuracy: 76.667%
2025-08-13 19:14:57 - Subject: sub_075, Accuracy: 71.795%
2025-08-13 19:14:57 - Subject: sub_076, Accuracy: 70.270%
2025-08-13 19:14:57 - Subject: sub_077, Accuracy: 64.516%
2025-08-13 19:14:57 - Subject: sub_078, Accuracy: 81.579%
2025-08-13 19:14:57 - Subject: sub_079, Accuracy: 90.000%
2025-08-13 19:14:57 - Subject: sub_080, Accuracy: 68.571%
2025-08-13 19:14:57 - Subject: sub_081, Accuracy: 81.395%
2025-08-13 19:14:57 - Subject: sub_082, Accuracy: 78.788%
2025-08-13 19:14:57 - Subject: sub_083, Accuracy: 86.364%
2025-08-13 19:14:57 - Subject: sub_111, Accuracy: 80.556%
2025-08-13 19:14:57 - Subject: sub_112, Accuracy: 80.000%
2025-08-13 19:14:57 - Subject: sub_113, Accuracy: 68.293%
2025-08-13 19:14:57 - Subject: sub_114, Accuracy: 77.419%
2025-08-13 19:14:57 - Subject: sub_115, Accuracy: 85.000%
2025-08-13 19:14:57 - Subject: sub_116, Accuracy: 88.889%
2025-08-13 19:14:57 - Subject: sub_117, Accuracy: 82.927%
2025-08-13 19:14:57 - Subject: sub_118, Accuracy: 86.957%
2025-08-13 19:14:57 - Subject: sub_119, Accuracy: 82.857%
2025-08-13 19:14:57 - Subject: sub_120, Accuracy: 85.185%
2025-08-13 19:14:57 - Subject: sub_121, Accuracy: 68.421%
2025-08-13 19:14:57 - Subject: sub_122, Accuracy: 92.683%
2025-08-13 19:14:57 - Subject: sub_123, Accuracy: 76.087%
2025-08-13 19:14:57 - Subject: sub_124, Accuracy: 89.474%
2025-08-13 19:14:57 - Subject: sub_125, Accuracy: 74.074%
2025-08-13 19:14:57 - 
AVO Pooled Model Statistics:
2025-08-13 19:14:57 - Mean Accuracy: 0.796
2025-08-13 19:14:57 - 95% Confidence Interval: [0.782, 0.810]
2025-08-13 19:14:57 - Best Subject: sub_034 (0.943)
2025-08-13 19:14:57 - Worst Subject: sub_077 (0.645)
