2025-08-13 18:46:26 - 
Experiment Configuration:
2025-08-13 18:46:26 - --------------------------------------------------
2025-08-13 18:46:26 - dataset: ds005863
2025-08-13 18:46:26 - use_combined_datasets: False
2025-08-13 18:46:26 - electrode_list: all
2025-08-13 18:46:26 - classifier: ShallowFBCSPNet
2025-08-13 18:46:26 - separate_subject_classification: True
2025-08-13 18:46:26 - use_subject_layer: False
2025-08-13 18:46:26 - seeds: [1]
2025-08-13 18:46:26 - --------------------------------------------------
2025-08-13 18:46:26 - 
==================================================
2025-08-13 18:46:26 - Processing Active Visual Oddball Dataset
2025-08-13 18:46:26 - ==================================================
2025-08-13 18:49:41 - Subject: sub-001, Accuracy: 75.676%
2025-08-13 18:53:41 - Subject: sub-002, Accuracy: 76.471%
2025-08-13 18:57:01 - Subject: sub-003, Accuracy: 85.366%
2025-08-13 19:01:54 - Subject: sub-004, Accuracy: 78.378%
2025-08-13 19:05:30 - Subject: sub-005, Accuracy: 75.000%
2025-08-13 19:09:29 - Subject: sub-006, Accuracy: 84.615%
2025-08-13 19:15:21 - Subject: sub-007, Accuracy: 75.000%
2025-08-13 19:18:32 - Subject: sub-008, Accuracy: 88.235%
2025-08-13 19:25:24 - Subject: sub-009, Accuracy: 65.789%
2025-08-13 19:28:20 - Subject: sub-010, Accuracy: 77.143%
2025-08-13 19:31:20 - Subject: sub-011, Accuracy: 81.250%
2025-08-13 19:35:10 - Subject: sub-012, Accuracy: 88.571%
2025-08-13 19:39:42 - Subject: sub-013, Accuracy: 75.676%
2025-08-13 19:44:19 - Subject: sub-014, Accuracy: 82.857%
2025-08-13 19:48:19 - Subject: sub-015, Accuracy: 77.778%
2025-08-13 19:52:13 - Subject: sub-016, Accuracy: 67.857%
2025-08-13 19:56:25 - Subject: sub-017, Accuracy: 72.973%
2025-08-13 19:58:33 - Subject: sub-018, Accuracy: 86.957%
2025-08-13 20:01:07 - Subject: sub-019, Accuracy: 79.487%
2025-08-13 20:03:52 - Subject: sub-020, Accuracy: 75.676%
