2025-08-13 18:47:41 - 
Experiment Configuration:
2025-08-13 18:47:41 - --------------------------------------------------
2025-08-13 18:47:41 - dataset: ds005863
2025-08-13 18:47:41 - use_combined_datasets: False
2025-08-13 18:47:41 - electrode_list: all
2025-08-13 18:47:41 - classifier: lda
2025-08-13 18:47:41 - separate_subject_classification: True
2025-08-13 18:47:41 - use_subject_layer: False
2025-08-13 18:47:41 - seeds: [1]
2025-08-13 18:47:41 - --------------------------------------------------
2025-08-13 18:47:41 - 
==================================================
2025-08-13 18:47:41 - Processing Active Visual Oddball Dataset
2025-08-13 18:47:41 - ==================================================
2025-08-13 18:48:00 - Subject: sub-001, Accuracy: 78.378%
2025-08-13 18:48:10 - Subject: sub-002, Accuracy: 76.471%
2025-08-13 18:48:19 - Subject: sub-003, Accuracy: 87.805%
2025-08-13 18:48:28 - Subject: sub-004, Accuracy: 81.081%
2025-08-13 18:48:34 - Subject: sub-005, Accuracy: 67.857%
2025-08-13 18:48:44 - Subject: sub-006, Accuracy: 66.667%
2025-08-13 18:48:52 - Subject: sub-007, Accuracy: 63.889%
2025-08-13 18:49:00 - Subject: sub-008, Accuracy: 67.647%
2025-08-13 18:49:09 - Subject: sub-009, Accuracy: 76.316%
2025-08-13 18:49:18 - Subject: sub-010, Accuracy: 80.000%
2025-08-13 18:49:26 - Subject: sub-011, Accuracy: 71.875%
2025-08-13 18:49:34 - Subject: sub-012, Accuracy: 77.143%
2025-08-13 18:49:42 - Subject: sub-013, Accuracy: 78.378%
2025-08-13 18:49:50 - Subject: sub-014, Accuracy: 68.571%
2025-08-13 18:49:55 - Subject: sub-015, Accuracy: 77.778%
2025-08-13 18:50:02 - Subject: sub-016, Accuracy: 75.000%
2025-08-13 18:50:08 - Subject: sub-017, Accuracy: 83.784%
2025-08-13 18:50:14 - Subject: sub-018, Accuracy: 73.913%
2025-08-13 18:50:20 - Subject: sub-019, Accuracy: 87.179%
2025-08-13 18:50:27 - Subject: sub-020, Accuracy: 72.973%
2025-08-13 18:50:34 - Subject: sub-021, Accuracy: 76.923%
2025-08-13 18:50:39 - Subject: sub-022, Accuracy: 77.143%
2025-08-13 18:50:45 - Subject: sub-023, Accuracy: 80.556%
2025-08-13 18:50:53 - Subject: sub-024, Accuracy: 78.571%
2025-08-13 18:50:59 - Subject: sub-025, Accuracy: 77.419%
2025-08-13 18:51:06 - Subject: sub-026, Accuracy: 62.162%
2025-08-13 18:51:14 - Subject: sub-027, Accuracy: 91.176%
2025-08-13 18:51:21 - Subject: sub-028, Accuracy: 71.053%
2025-08-13 18:51:29 - Subject: sub-029, Accuracy: 78.947%
2025-08-13 18:51:38 - Subject: sub-030, Accuracy: 82.353%
2025-08-13 18:51:49 - Subject: sub-031, Accuracy: 82.051%
2025-08-13 18:52:01 - Subject: sub-032, Accuracy: 76.190%
2025-08-13 18:52:12 - Subject: sub-033, Accuracy: 81.579%
2025-08-13 18:52:22 - Subject: sub-034, Accuracy: 65.714%
2025-08-13 18:52:32 - Subject: sub-035, Accuracy: 78.049%
2025-08-13 18:52:41 - Subject: sub-036, Accuracy: 78.571%
2025-08-13 18:52:51 - Subject: sub-037, Accuracy: 74.359%
