2025-08-13 18:46:33 - 
Experiment Configuration:
2025-08-13 18:46:33 - --------------------------------------------------
2025-08-13 18:46:33 - dataset: ds005863
2025-08-13 18:46:33 - use_combined_datasets: False
2025-08-13 18:46:33 - electrode_list: common
2025-08-13 18:46:33 - classifier: ShallowFBCSPNet
2025-08-13 18:46:33 - separate_subject_classification: True
2025-08-13 18:46:33 - use_subject_layer: False
2025-08-13 18:46:33 - seeds: [1]
2025-08-13 18:46:33 - --------------------------------------------------
2025-08-13 18:46:33 - 
==================================================
2025-08-13 18:46:33 - Processing Active Visual Oddball Dataset
2025-08-13 18:46:33 - ==================================================
2025-08-13 18:49:36 - Subject: sub-001, Accuracy: 72.973%
2025-08-13 18:51:52 - Subject: sub-002, Accuracy: 70.588%
2025-08-13 18:55:32 - Subject: sub-003, Accuracy: 85.366%
2025-08-13 18:58:38 - Subject: sub-004, Accuracy: 78.378%
2025-08-13 19:01:53 - Subject: sub-005, Accuracy: 71.429%
2025-08-13 19:05:48 - Subject: sub-006, Accuracy: 84.615%
2025-08-13 19:10:51 - Subject: sub-007, Accuracy: 63.889%
2025-08-13 19:14:32 - Subject: sub-008, Accuracy: 73.529%
2025-08-13 19:19:26 - Subject: sub-009, Accuracy: 76.316%
2025-08-13 19:22:36 - Subject: sub-010, Accuracy: 68.571%
2025-08-13 19:25:37 - Subject: sub-011, Accuracy: 75.000%
2025-08-13 19:28:48 - Subject: sub-012, Accuracy: 82.857%
2025-08-13 19:32:51 - Subject: sub-013, Accuracy: 83.784%
2025-08-13 19:35:42 - Subject: sub-014, Accuracy: 77.143%
2025-08-13 19:37:58 - Subject: sub-015, Accuracy: 77.778%
2025-08-13 19:41:03 - Subject: sub-016, Accuracy: 67.857%
2025-08-13 19:43:50 - Subject: sub-017, Accuracy: 72.973%
2025-08-13 19:46:36 - Subject: sub-018, Accuracy: 82.609%
2025-08-13 19:50:19 - Subject: sub-019, Accuracy: 82.051%
2025-08-13 19:53:09 - Subject: sub-020, Accuracy: 81.081%
2025-08-13 19:56:03 - Subject: sub-021, Accuracy: 71.795%
