2025-08-13 19:05:32 - 
Experiment Configuration:
2025-08-13 19:05:32 - --------------------------------------------------
2025-08-13 19:05:32 - dataset: use_combined_datasets
2025-08-13 19:05:32 - use_combined_datasets: True
2025-08-13 19:05:32 - electrode_list: common
2025-08-13 19:05:32 - classifier: lda
2025-08-13 19:05:32 - separate_subject_classification: False
2025-08-13 19:05:32 - use_subject_layer: False
2025-08-13 19:05:32 - seeds: [1]
2025-08-13 19:05:32 - --------------------------------------------------
2025-08-13 19:05:32 - 
==================================================
2025-08-13 19:05:32 - Processing Combined P3 and AVO Datasets
2025-08-13 19:05:32 - ==================================================
2025-08-13 19:22:11 - Subject: P3_sub-001, Accuracy: 93.617%
2025-08-13 19:22:11 - Subject: P3_sub-002, Accuracy: 96.250%
2025-08-13 19:22:11 - Subject: P3_sub-003, Accuracy: 90.789%
2025-08-13 19:22:11 - Subject: P3_sub-004, Accuracy: 97.436%
2025-08-13 19:22:11 - Subject: P3_sub-005, Accuracy: 94.366%
2025-08-13 19:22:11 - Subject: P3_sub-006, Accuracy: 97.436%
2025-08-13 19:22:11 - Subject: P3_sub-007, Accuracy: 97.531%
2025-08-13 19:22:11 - Subject: P3_sub-008, Accuracy: 94.048%
2025-08-13 19:22:11 - Subject: P3_sub-009, Accuracy: 96.825%
2025-08-13 19:22:11 - Subject: P3_sub-010, Accuracy: 98.387%
2025-08-13 19:22:11 - Subject: P3_sub-011, Accuracy: 94.565%
2025-08-13 19:22:11 - Subject: P3_sub-012, Accuracy: 97.647%
2025-08-13 19:22:11 - Subject: P3_sub-013, Accuracy: 93.827%
2025-08-13 19:22:11 - Subject: P3_sub-014, Accuracy: 97.674%
2025-08-13 19:22:11 - Subject: P3_sub-015, Accuracy: 95.349%
2025-08-13 19:22:11 - Subject: P3_sub-016, Accuracy: 96.203%
2025-08-13 19:22:11 - Subject: P3_sub-017, Accuracy: 97.500%
2025-08-13 19:22:11 - Subject: P3_sub-018, Accuracy: 93.056%
2025-08-13 19:22:11 - Subject: P3_sub-019, Accuracy: 92.391%
2025-08-13 19:22:11 - Subject: P3_sub-020, Accuracy: 91.026%
2025-08-13 19:22:11 - Subject: P3_sub-021, Accuracy: 95.062%
2025-08-13 19:22:11 - Subject: P3_sub-022, Accuracy: 98.630%
2025-08-13 19:22:11 - Subject: P3_sub-023, Accuracy: 89.744%
2025-08-13 19:22:11 - Subject: P3_sub-024, Accuracy: 94.898%
2025-08-13 19:22:11 - Subject: P3_sub-025, Accuracy: 93.976%
2025-08-13 19:22:11 - Subject: P3_sub-026, Accuracy: 95.062%
2025-08-13 19:22:11 - Subject: P3_sub-027, Accuracy: 95.349%
2025-08-13 19:22:11 - Subject: P3_sub-028, Accuracy: 96.203%
2025-08-13 19:22:11 - Subject: P3_sub-029, Accuracy: 97.802%
2025-08-13 19:22:11 - Subject: P3_sub-030, Accuracy: 86.957%
2025-08-13 19:22:11 - Subject: P3_sub-031, Accuracy: 96.512%
2025-08-13 19:22:11 - Subject: P3_sub-032, Accuracy: 93.056%
2025-08-13 19:22:11 - Subject: P3_sub-033, Accuracy: 97.619%
2025-08-13 19:22:11 - Subject: P3_sub-034, Accuracy: 93.506%
2025-08-13 19:22:11 - Subject: P3_sub-035, Accuracy: 96.875%
2025-08-13 19:22:11 - Subject: P3_sub-036, Accuracy: 94.667%
2025-08-13 19:22:11 - Subject: P3_sub-037, Accuracy: 95.506%
2025-08-13 19:22:11 - Subject: P3_sub-038, Accuracy: 91.026%
2025-08-13 19:22:11 - Subject: P3_sub-039, Accuracy: 89.706%
2025-08-13 19:22:11 - Subject: P3_sub-040, Accuracy: 94.382%
2025-08-13 19:22:11 - Subject: AVO_001, Accuracy: 82.609%
2025-08-13 19:22:11 - Subject: AVO_002, Accuracy: 87.500%
2025-08-13 19:22:11 - Subject: AVO_003, Accuracy: 68.421%
2025-08-13 19:22:11 - Subject: AVO_004, Accuracy: 71.429%
2025-08-13 19:22:11 - Subject: AVO_005, Accuracy: 72.973%
2025-08-13 19:22:11 - Subject: AVO_006, Accuracy: 83.784%
2025-08-13 19:22:11 - Subject: AVO_007, Accuracy: 74.194%
2025-08-13 19:22:11 - Subject: AVO_008, Accuracy: 81.818%
2025-08-13 19:22:11 - Subject: AVO_009, Accuracy: 76.316%
2025-08-13 19:22:11 - Subject: AVO_010, Accuracy: 82.051%
2025-08-13 19:22:11 - Subject: AVO_011, Accuracy: 87.879%
2025-08-13 19:22:11 - Subject: AVO_012, Accuracy: 84.091%
2025-08-13 19:22:11 - Subject: AVO_013, Accuracy: 75.862%
2025-08-13 19:22:11 - Subject: AVO_014, Accuracy: 72.500%
2025-08-13 19:22:11 - Subject: AVO_015, Accuracy: 86.207%
2025-08-13 19:22:11 - Subject: AVO_016, Accuracy: 86.207%
2025-08-13 19:22:11 - Subject: AVO_017, Accuracy: 66.667%
2025-08-13 19:22:11 - Subject: AVO_018, Accuracy: 87.500%
2025-08-13 19:22:11 - Subject: AVO_019, Accuracy: 75.000%
2025-08-13 19:22:11 - Subject: AVO_020, Accuracy: 86.667%
2025-08-13 19:22:11 - Subject: AVO_021, Accuracy: 90.909%
2025-08-13 19:22:11 - Subject: AVO_022, Accuracy: 79.487%
2025-08-13 19:22:11 - Subject: AVO_023, Accuracy: 79.412%
2025-08-13 19:22:11 - Subject: AVO_024, Accuracy: 87.805%
2025-08-13 19:22:11 - Subject: AVO_025, Accuracy: 82.143%
2025-08-13 19:22:11 - Subject: AVO_026, Accuracy: 77.778%
2025-08-13 19:22:11 - Subject: AVO_027, Accuracy: 87.805%
2025-08-13 19:22:11 - Subject: AVO_028, Accuracy: 88.095%
2025-08-13 19:22:11 - Subject: AVO_029, Accuracy: 70.732%
2025-08-13 19:22:11 - Subject: AVO_030, Accuracy: 80.000%
2025-08-13 19:22:11 - Subject: AVO_031, Accuracy: 75.610%
2025-08-13 19:22:11 - Subject: AVO_032, Accuracy: 88.571%
2025-08-13 19:22:11 - Subject: AVO_033, Accuracy: 75.000%
2025-08-13 19:22:11 - Subject: AVO_034, Accuracy: 73.333%
2025-08-13 19:22:11 - Subject: AVO_035, Accuracy: 80.645%
2025-08-13 19:22:11 - Subject: AVO_036, Accuracy: 80.556%
2025-08-13 19:22:11 - Subject: AVO_037, Accuracy: 76.087%
2025-08-13 19:22:11 - Subject: AVO_038, Accuracy: 78.571%
2025-08-13 19:22:11 - Subject: AVO_039, Accuracy: 80.645%
2025-08-13 19:22:11 - Subject: AVO_040, Accuracy: 77.500%
2025-08-13 19:22:11 - Subject: AVO_041, Accuracy: 90.476%
2025-08-13 19:22:11 - Subject: AVO_042, Accuracy: 80.488%
2025-08-13 19:22:11 - Subject: AVO_043, Accuracy: 75.676%
2025-08-13 19:22:11 - Subject: AVO_044, Accuracy: 84.211%
2025-08-13 19:22:11 - Subject: AVO_045, Accuracy: 79.310%
2025-08-13 19:22:11 - Subject: AVO_046, Accuracy: 78.125%
2025-08-13 19:22:11 - Subject: AVO_047, Accuracy: 85.106%
2025-08-13 19:22:11 - Subject: AVO_048, Accuracy: 87.500%
2025-08-13 19:22:11 - Subject: AVO_049, Accuracy: 87.500%
2025-08-13 19:22:11 - Subject: AVO_050, Accuracy: 64.706%
2025-08-13 19:22:11 - Subject: AVO_051, Accuracy: 84.211%
2025-08-13 19:22:11 - Subject: AVO_052, Accuracy: 77.500%
2025-08-13 19:22:11 - Subject: AVO_053, Accuracy: 82.500%
2025-08-13 19:22:11 - Subject: AVO_054, Accuracy: 81.579%
2025-08-13 19:22:11 - Subject: AVO_056, Accuracy: 81.081%
2025-08-13 19:22:11 - Subject: AVO_057, Accuracy: 94.595%
2025-08-13 19:22:11 - Subject: AVO_058, Accuracy: 80.435%
2025-08-13 19:22:11 - Subject: AVO_059, Accuracy: 56.000%
2025-08-13 19:22:11 - Subject: AVO_060, Accuracy: 86.842%
2025-08-13 19:22:11 - Subject: AVO_061, Accuracy: 78.571%
2025-08-13 19:22:11 - Subject: AVO_062, Accuracy: 80.952%
2025-08-13 19:22:11 - Subject: AVO_063, Accuracy: 63.333%
2025-08-13 19:22:11 - Subject: AVO_064, Accuracy: 81.818%
2025-08-13 19:22:11 - Subject: AVO_065, Accuracy: 78.378%
2025-08-13 19:22:11 - Subject: AVO_066, Accuracy: 82.353%
2025-08-13 19:22:11 - Subject: AVO_067, Accuracy: 78.947%
2025-08-13 19:22:11 - Subject: AVO_068, Accuracy: 83.333%
2025-08-13 19:22:11 - Subject: AVO_069, Accuracy: 84.615%
2025-08-13 19:22:11 - Subject: AVO_070, Accuracy: 80.488%
2025-08-13 19:22:11 - Subject: AVO_071, Accuracy: 75.610%
2025-08-13 19:22:11 - Subject: AVO_073, Accuracy: 81.481%
2025-08-13 19:22:11 - Subject: AVO_074, Accuracy: 87.097%
2025-08-13 19:22:11 - Subject: AVO_075, Accuracy: 88.095%
2025-08-13 19:22:11 - Subject: AVO_076, Accuracy: 77.419%
2025-08-13 19:22:11 - Subject: AVO_077, Accuracy: 80.000%
2025-08-13 19:22:11 - Subject: AVO_078, Accuracy: 76.596%
2025-08-13 19:22:11 - Subject: AVO_079, Accuracy: 85.714%
2025-08-13 19:22:11 - Subject: AVO_080, Accuracy: 73.913%
2025-08-13 19:22:11 - Subject: AVO_081, Accuracy: 79.412%
2025-08-13 19:22:11 - Subject: AVO_082, Accuracy: 80.000%
2025-08-13 19:22:11 - Subject: AVO_083, Accuracy: 87.805%
2025-08-13 19:22:11 - Subject: AVO_111, Accuracy: 87.500%
2025-08-13 19:22:11 - Subject: AVO_112, Accuracy: 79.487%
2025-08-13 19:22:11 - Subject: AVO_113, Accuracy: 76.190%
2025-08-13 19:22:11 - Subject: AVO_114, Accuracy: 75.000%
2025-08-13 19:22:11 - Subject: AVO_115, Accuracy: 77.419%
2025-08-13 19:22:11 - Subject: AVO_116, Accuracy: 91.667%
2025-08-13 19:22:11 - Subject: AVO_117, Accuracy: 82.353%
2025-08-13 19:22:11 - Subject: AVO_118, Accuracy: 75.000%
2025-08-13 19:22:11 - Subject: AVO_119, Accuracy: 90.909%
2025-08-13 19:22:11 - Subject: AVO_120, Accuracy: 88.095%
2025-08-13 19:22:11 - Subject: AVO_121, Accuracy: 78.723%
2025-08-13 19:22:11 - Subject: AVO_122, Accuracy: 68.966%
2025-08-13 19:22:11 - Subject: AVO_123, Accuracy: 78.788%
2025-08-13 19:22:11 - Subject: AVO_124, Accuracy: 82.051%
2025-08-13 19:22:11 - Subject: AVO_125, Accuracy: 77.419%
2025-08-13 19:22:11 - 
Combined Model (All Subjects) Statistics:
2025-08-13 19:22:11 - Mean Accuracy: 0.846
2025-08-13 19:22:11 - 95% Confidence Interval: [0.831, 0.861]
2025-08-13 19:22:11 - Best Subject: P3_sub-022 (0.986)
2025-08-13 19:22:11 - Worst Subject: AVO_059 (0.560)
2025-08-13 19:22:11 - 
Combined Model – P3 Subjects Statistics:
2025-08-13 19:22:11 - Mean Accuracy: 0.948
2025-08-13 19:22:11 - 95% Confidence Interval: [0.939, 0.957]
2025-08-13 19:22:11 - Best Subject: P3_sub-022 (0.986)
2025-08-13 19:22:11 - Worst Subject: P3_sub-030 (0.870)
2025-08-13 19:22:11 - 
Combined Model – AVO Subjects Statistics:
2025-08-13 19:22:11 - Mean Accuracy: 0.804
2025-08-13 19:22:11 - 95% Confidence Interval: [0.790, 0.817]
2025-08-13 19:22:11 - Best Subject: AVO_057 (0.946)
2025-08-13 19:22:11 - Worst Subject: AVO_059 (0.560)
