2025-08-13 18:46:33 - 
Experiment Configuration:
2025-08-13 18:46:33 - --------------------------------------------------
2025-08-13 18:46:33 - dataset: P3 Raw Data BIDS-Compatible
2025-08-13 18:46:33 - use_combined_datasets: False
2025-08-13 18:46:33 - electrode_list: all
2025-08-13 18:46:33 - classifier: lda
2025-08-13 18:46:33 - separate_subject_classification: True
2025-08-13 18:46:33 - use_subject_layer: False
2025-08-13 18:46:33 - seeds: [1]
2025-08-13 18:46:33 - --------------------------------------------------
2025-08-13 18:46:33 - 
==================================================
2025-08-13 18:46:33 - Processing P3 Dataset
2025-08-13 18:46:33 - ==================================================
2025-08-13 18:47:08 - Subject: sub-001, Accuracy: 93.827%
2025-08-13 18:47:41 - Subject: sub-002, Accuracy: 88.889%
2025-08-13 18:48:16 - Subject: sub-003, Accuracy: 95.000%
2025-08-13 18:49:02 - Subject: sub-004, Accuracy: 95.062%
2025-08-13 18:49:44 - Subject: sub-005, Accuracy: 90.000%
2025-08-13 18:50:29 - Subject: sub-006, Accuracy: 93.750%
2025-08-13 18:51:16 - Subject: sub-007, Accuracy: 96.296%
2025-08-13 18:52:04 - Subject: sub-008, Accuracy: 94.805%
2025-08-13 18:52:51 - Subject: sub-009, Accuracy: 93.827%
