2025-08-13 18:46:26 - 
Experiment Configuration:
2025-08-13 18:46:26 - --------------------------------------------------
2025-08-13 18:46:26 - dataset: P3 Raw Data BIDS-Compatible
2025-08-13 18:46:26 - use_combined_datasets: False
2025-08-13 18:46:26 - electrode_list: common
2025-08-13 18:46:26 - classifier: ShallowFBCSPNet
2025-08-13 18:46:26 - separate_subject_classification: True
2025-08-13 18:46:26 - use_subject_layer: False
2025-08-13 18:46:26 - seeds: [1]
2025-08-13 18:46:26 - --------------------------------------------------
2025-08-13 18:46:26 - 
==================================================
2025-08-13 18:46:26 - Processing P3 Dataset
2025-08-13 18:46:26 - ==================================================
2025-08-13 18:51:18 - Subject: sub-001, Accuracy: 93.827%
2025-08-13 18:57:15 - Subject: sub-002, Accuracy: 95.062%
2025-08-13 19:04:11 - Subject: sub-003, Accuracy: 96.250%
2025-08-13 19:11:38 - Subject: sub-004, Accuracy: 95.062%
2025-08-13 19:19:19 - Subject: sub-005, Accuracy: 95.000%
2025-08-13 19:27:45 - Subject: sub-006, Accuracy: 95.000%
2025-08-13 19:34:42 - Subject: sub-007, Accuracy: 97.531%
2025-08-13 19:40:55 - Subject: sub-008, Accuracy: 94.805%
2025-08-13 19:47:58 - Subject: sub-009, Accuracy: 95.062%
2025-08-13 19:54:38 - Subject: sub-010, Accuracy: 96.250%
