2025-08-13 18:46:29 - 
Experiment Configuration:
2025-08-13 18:46:29 - --------------------------------------------------
2025-08-13 18:46:29 - dataset: P3 Raw Data BIDS-Compatible
2025-08-13 18:46:29 - use_combined_datasets: False
2025-08-13 18:46:29 - electrode_list: all
2025-08-13 18:46:29 - classifier: ShallowFBCSPNet
2025-08-13 18:46:29 - separate_subject_classification: True
2025-08-13 18:46:29 - use_subject_layer: False
2025-08-13 18:46:29 - seeds: [1]
2025-08-13 18:46:29 - --------------------------------------------------
2025-08-13 18:46:29 - 
==================================================
2025-08-13 18:46:29 - Processing P3 Dataset
2025-08-13 18:46:29 - ==================================================
2025-08-13 18:51:58 - Subject: sub-001, Accuracy: 95.062%
2025-08-13 18:58:57 - Subject: sub-002, Accuracy: 95.062%
2025-08-13 19:07:25 - Subject: sub-003, Accuracy: 96.250%
2025-08-13 19:15:54 - Subject: sub-004, Accuracy: 95.062%
2025-08-13 19:24:00 - Subject: sub-005, Accuracy: 95.000%
2025-08-13 19:34:14 - Subject: sub-006, Accuracy: 95.000%
2025-08-13 19:41:47 - Subject: sub-007, Accuracy: 97.531%
2025-08-13 19:48:41 - Subject: sub-008, Accuracy: 96.104%
2025-08-13 19:55:52 - Subject: sub-009, Accuracy: 95.062%
