2025-09-01 23:42:48 - 
Experiment Configuration:
2025-09-01 23:42:48 - --------------------------------------------------
2025-09-01 23:42:48 - dataset: ds005863
2025-09-01 23:42:48 - use_combined_datasets: False
2025-09-01 23:42:48 - electrode_list: all
2025-09-01 23:42:48 - classifier: lda
2025-09-01 23:42:48 - separate_subject_classification: True
2025-09-01 23:42:48 - use_subject_layer: False
2025-09-01 23:42:48 - seeds: [1]
2025-09-01 23:42:48 - --------------------------------------------------
2025-09-01 23:42:48 - 
==================================================
2025-09-01 23:42:48 - Processing Active Visual Oddball Dataset
2025-09-01 23:42:48 - ==================================================
2025-09-01 23:44:14 - 
Overall Experiment Metrics:
2025-09-01 23:44:14 - --------------------------------------------------
2025-09-01 23:44:14 - Accuracy: 0.7103
2025-09-01 23:44:14 - Precision: 0.0750
2025-09-01 23:44:14 - Recall: 0.2674
2025-09-01 23:44:14 - F1 Score: 0.1171
2025-09-01 23:44:14 - AUC: 0.5000
2025-09-01 23:44:14 - 
Confusion Matrix Plot: ./log_0831\AVO_clf-lda_sep-True_el-Fp1_Fz_F3_F7_FC5_FC1_C3_T7_CP5_CP1_Pz_P3_P7_O1_Oz_O2_P4_P8_CP6_CP2_C4_FC6_FC2_F4_F8_Fp2_confusion_matrix_20250901_234413.png
2025-09-01 23:44:14 - --------------------------------------------------
2025-09-01 23:44:14 - 
AVO Individual Models Statistics:
2025-09-01 23:44:14 - Mean Accuracy: 0.710
2025-09-01 23:44:14 - 95% Confidence Interval: [0.695, 0.726]
2025-09-01 23:44:14 - Best Subject: sub-050 (0.905)
2025-09-01 23:44:14 - Worst Subject: sub-082 (0.476)
2025-09-01 23:44:14 - Mean Precision: 0.069
2025-09-01 23:44:14 - Mean Recall: 0.267
2025-09-01 23:44:14 - Mean F1-Score: 0.108
2025-09-01 23:44:14 - Mean AUC: 0.523
