2025-09-01 23:36:49 - 
Experiment Configuration:
2025-09-01 23:36:49 - --------------------------------------------------
2025-09-01 23:36:49 - dataset: ds005863
2025-09-01 23:36:49 - use_combined_datasets: False
2025-09-01 23:36:49 - electrode_list: all
2025-09-01 23:36:49 - classifier: ShallowFBCSPNet
2025-09-01 23:36:49 - separate_subject_classification: True
2025-09-01 23:36:49 - use_subject_layer: False
2025-09-01 23:36:49 - seeds: [1]
2025-09-01 23:36:49 - --------------------------------------------------
2025-09-01 23:36:49 - 
==================================================
2025-09-01 23:36:49 - Processing Active Visual Oddball Dataset
2025-09-01 23:36:49 - ==================================================
2025-09-01 23:39:42 - 
Overall Experiment Metrics:
2025-09-01 23:39:42 - --------------------------------------------------
2025-09-01 23:39:42 - Accuracy: 0.8633
2025-09-01 23:39:42 - Precision: 0.0927
2025-09-01 23:39:42 - Recall: 0.0990
2025-09-01 23:39:42 - F1 Score: 0.0957
2025-09-01 23:39:42 - AUC: 0.5000
2025-09-01 23:39:42 - 
Confusion Matrix Plot: ./log_0831\AVO_clf-ShallowFBCSPNet_sep-True_el-Fp1_Fz_F3_F7_FC5_FC1_C3_T7_CP5_CP1_Pz_P3_P7_O1_Oz_O2_P4_P8_CP6_CP2_C4_FC6_FC2_F4_F8_Fp2_confusion_matrix_20250901_233941.png
2025-09-01 23:39:42 - --------------------------------------------------
2025-09-01 23:39:42 - 
AVO Individual Models Statistics:
2025-09-01 23:39:42 - Mean Accuracy: 0.863
2025-09-01 23:39:42 - 95% Confidence Interval: [0.851, 0.875]
2025-09-01 23:39:42 - Best Subject: sub-008 (0.929)
2025-09-01 23:39:42 - Worst Subject: sub-118 (0.600)
2025-09-01 23:39:42 - Mean Precision: 0.070
2025-09-01 23:39:42 - Mean Recall: 0.099
2025-09-01 23:39:42 - Mean F1-Score: 0.077
2025-09-01 23:39:42 - Mean AUC: 0.530
