2025-09-02 00:10:13 - 
Experiment Configuration:
2025-09-02 00:10:13 - --------------------------------------------------
2025-09-02 00:10:13 - dataset: ds005863
2025-09-02 00:10:13 - use_combined_datasets: False
2025-09-02 00:10:13 - electrode_list: common
2025-09-02 00:10:13 - classifier: ShallowFBCSPNet
2025-09-02 00:10:13 - separate_subject_classification: False
2025-09-02 00:10:13 - use_subject_layer: True
2025-09-02 00:10:13 - seeds: [1]
2025-09-02 00:10:13 - --------------------------------------------------
2025-09-02 00:10:13 - 
==================================================
2025-09-02 00:10:13 - Processing Active Visual Oddball Dataset
2025-09-02 00:10:13 - ==================================================
2025-09-02 00:21:25 - 
Overall Experiment Metrics:
2025-09-02 00:21:25 - --------------------------------------------------
2025-09-02 00:21:25 - Accuracy: 0.8493
2025-09-02 00:21:25 - Precision: 0.0691
2025-09-02 00:21:25 - Recall: 0.0726
2025-09-02 00:21:25 - F1 Score: 0.0708
2025-09-02 00:21:25 - AUC: 0.5000
2025-09-02 00:21:25 - 
Confusion Matrix Plot: ./log_0831\AVO_clf-ShallowFBCSPNet_sep-False_el-FP1_Fz_F3_F7_C3_P3_P7_O1_Oz_Pz_O2_P4_P8_C4_F4_F8_confusion_matrix_20250902_002124.png
2025-09-02 00:21:25 - --------------------------------------------------
2025-09-02 00:21:25 - 
AVO Pooled Model Statistics:
2025-09-02 00:21:25 - Mean Accuracy: 0.849
2025-09-02 00:21:25 - 95% Confidence Interval: [0.840, 0.859]
2025-09-02 00:21:25 - Best Subject: sub_063 (0.942)
2025-09-02 00:21:25 - Worst Subject: sub_118 (0.705)
2025-09-02 00:21:25 - Mean Precision: 0.074
2025-09-02 00:21:25 - Mean Recall: 0.068
2025-09-02 00:21:25 - Mean F1-Score: 0.063
2025-09-02 00:21:25 - Mean AUC: nan
