2025-09-01 23:31:58 - 
Experiment Configuration:
2025-09-01 23:31:58 - --------------------------------------------------
2025-09-01 23:31:58 - dataset: ds005863
2025-09-01 23:31:58 - use_combined_datasets: False
2025-09-01 23:31:58 - electrode_list: common
2025-09-01 23:31:58 - classifier: ShallowFBCSPNet
2025-09-01 23:31:58 - separate_subject_classification: False
2025-09-01 23:31:58 - use_subject_layer: False
2025-09-01 23:31:58 - seeds: [1]
2025-09-01 23:31:58 - --------------------------------------------------
2025-09-01 23:31:58 - 
==================================================
2025-09-01 23:31:58 - Processing Active Visual Oddball Dataset
2025-09-01 23:31:58 - ==================================================
2025-09-01 23:34:18 - 
Overall Experiment Metrics:
2025-09-01 23:34:18 - --------------------------------------------------
2025-09-01 23:34:18 - Accuracy: 0.6989
2025-09-01 23:34:18 - Precision: 0.0770
2025-09-01 23:34:18 - Recall: 0.2555
2025-09-01 23:34:18 - F1 Score: 0.1183
2025-09-01 23:34:18 - AUC: 0.5000
2025-09-01 23:34:18 - 
Confusion Matrix Plot: ./log_0831\AVO_clf-ShallowFBCSPNet_sep-False_el-FP1_Fz_F3_F7_C3_P3_P7_O1_Oz_Pz_O2_P4_P8_C4_F4_F8_confusion_matrix_20250901_233417.png
2025-09-01 23:34:18 - --------------------------------------------------
2025-09-01 23:34:18 - 
AVO Pooled Model Statistics:
2025-09-01 23:34:18 - Mean Accuracy: 0.698
2025-09-01 23:34:18 - 95% Confidence Interval: [0.680, 0.716]
2025-09-01 23:34:18 - Best Subject: sub_002 (0.912)
2025-09-01 23:34:18 - Worst Subject: sub_037 (0.479)
2025-09-01 23:34:18 - Mean Precision: 0.076
2025-09-01 23:34:18 - Mean Recall: 0.263
2025-09-01 23:34:18 - Mean F1-Score: 0.108
2025-09-01 23:34:18 - Mean AUC: nan
