2025-09-01 23:39:53 - 
Experiment Configuration:
2025-09-01 23:39:53 - --------------------------------------------------
2025-09-01 23:39:53 - dataset: ds005863
2025-09-01 23:39:53 - use_combined_datasets: False
2025-09-01 23:39:53 - electrode_list: all
2025-09-01 23:39:53 - classifier: ShallowFBCSPNet
2025-09-01 23:39:53 - separate_subject_classification: False
2025-09-01 23:39:53 - use_subject_layer: False
2025-09-01 23:39:53 - seeds: [1]
2025-09-01 23:39:53 - --------------------------------------------------
2025-09-01 23:39:53 - 
==================================================
2025-09-01 23:39:53 - Processing Active Visual Oddball Dataset
2025-09-01 23:39:53 - ==================================================
2025-09-01 23:42:37 - 
Overall Experiment Metrics:
2025-09-01 23:42:37 - --------------------------------------------------
2025-09-01 23:42:37 - Accuracy: 0.7510
2025-09-01 23:42:37 - Precision: 0.0961
2025-09-01 23:42:37 - Recall: 0.2555
2025-09-01 23:42:37 - F1 Score: 0.1397
2025-09-01 23:42:37 - AUC: 0.5000
2025-09-01 23:42:37 - 
Confusion Matrix Plot: ./log_0831\AVO_clf-ShallowFBCSPNet_sep-False_el-Fp1_Fz_F3_F7_FC5_FC1_C3_T7_CP5_CP1_Pz_P3_P7_O1_Oz_O2_P4_P8_CP6_CP2_C4_FC6_FC2_F4_F8_Fp2_confusion_matrix_20250901_234236.png
2025-09-01 23:42:37 - --------------------------------------------------
2025-09-01 23:42:37 - 
AVO Pooled Model Statistics:
2025-09-01 23:42:37 - Mean Accuracy: 0.749
2025-09-01 23:42:37 - 95% Confidence Interval: [0.731, 0.768]
2025-09-01 23:42:37 - Best Subject: sub_050 (0.938)
2025-09-01 23:42:37 - Worst Subject: sub_043 (0.526)
2025-09-01 23:42:37 - Mean Precision: 0.095
2025-09-01 23:42:37 - Mean Recall: 0.255
2025-09-01 23:42:37 - Mean F1-Score: 0.129
2025-09-01 23:42:37 - Mean AUC: nan
