2025-09-01 23:28:12 - 
Experiment Configuration:
2025-09-01 23:28:12 - --------------------------------------------------
2025-09-01 23:28:12 - dataset: ds005863
2025-09-01 23:28:12 - use_combined_datasets: False
2025-09-01 23:28:12 - electrode_list: common
2025-09-01 23:28:12 - classifier: ShallowFBCSPNet
2025-09-01 23:28:12 - separate_subject_classification: True
2025-09-01 23:28:12 - use_subject_layer: False
2025-09-01 23:28:12 - seeds: [1]
2025-09-01 23:28:12 - --------------------------------------------------
2025-09-01 23:28:12 - 
==================================================
2025-09-01 23:28:12 - Processing Active Visual Oddball Dataset
2025-09-01 23:28:12 - ==================================================
2025-09-01 23:31:47 - 
Overall Experiment Metrics:
2025-09-01 23:31:47 - --------------------------------------------------
2025-09-01 23:31:47 - Accuracy: 0.8685
2025-09-01 23:31:47 - Precision: 0.0725
2025-09-01 23:31:47 - Recall: 0.0627
2025-09-01 23:31:47 - F1 Score: 0.0673
2025-09-01 23:31:47 - AUC: 0.5000
2025-09-01 23:31:47 - 
Confusion Matrix Plot: ./log_0831\AVO_clf-ShallowFBCSPNet_sep-True_el-FP1_Fz_F3_F7_C3_P3_P7_O1_Oz_Pz_O2_P4_P8_C4_F4_F8_confusion_matrix_20250901_233147.png
2025-09-01 23:31:47 - --------------------------------------------------
2025-09-01 23:31:47 - 
AVO Individual Models Statistics:
2025-09-01 23:31:47 - Mean Accuracy: 0.869
2025-09-01 23:31:47 - 95% Confidence Interval: [0.859, 0.878]
2025-09-01 23:31:47 - Best Subject: sub-078 (0.952)
2025-09-01 23:31:47 - Worst Subject: sub-016 (0.738)
2025-09-01 23:31:47 - Mean Precision: 0.054
2025-09-01 23:31:47 - Mean Recall: 0.062
2025-09-01 23:31:47 - Mean F1-Score: 0.054
2025-09-01 23:31:47 - Mean AUC: 0.545
