2025-09-01 23:34:29 - 
Experiment Configuration:
2025-09-01 23:34:29 - --------------------------------------------------
2025-09-01 23:34:29 - dataset: ds005863
2025-09-01 23:34:29 - use_combined_datasets: False
2025-09-01 23:34:29 - electrode_list: common
2025-09-01 23:34:29 - classifier: lda
2025-09-01 23:34:29 - separate_subject_classification: True
2025-09-01 23:34:29 - use_subject_layer: False
2025-09-01 23:34:29 - seeds: [1]
2025-09-01 23:34:29 - --------------------------------------------------
2025-09-01 23:34:29 - 
==================================================
2025-09-01 23:34:29 - Processing Active Visual Oddball Dataset
2025-09-01 23:34:29 - ==================================================
2025-09-01 23:35:31 - 
Overall Experiment Metrics:
2025-09-01 23:35:31 - --------------------------------------------------
2025-09-01 23:35:31 - Accuracy: 0.7121
2025-09-01 23:35:31 - Precision: 0.0704
2025-09-01 23:35:31 - Recall: 0.2465
2025-09-01 23:35:31 - F1 Score: 0.1096
2025-09-01 23:35:31 - AUC: 0.5000
2025-09-01 23:35:31 - 
Confusion Matrix Plot: ./log_0831\AVO_clf-lda_sep-True_el-FP1_Fz_F3_F7_C3_P3_P7_O1_Oz_Pz_O2_P4_P8_C4_F4_F8_confusion_matrix_20250901_233530.png
2025-09-01 23:35:31 - --------------------------------------------------
2025-09-01 23:35:31 - 
AVO Individual Models Statistics:
2025-09-01 23:35:31 - Mean Accuracy: 0.712
2025-09-01 23:35:31 - 95% Confidence Interval: [0.697, 0.727]
2025-09-01 23:35:31 - Best Subject: sub-077 (0.857)
2025-09-01 23:35:31 - Worst Subject: sub-001 (0.524)
2025-09-01 23:35:31 - Mean Precision: 0.069
2025-09-01 23:35:31 - Mean Recall: 0.247
2025-09-01 23:35:31 - Mean F1-Score: 0.106
2025-09-01 23:35:31 - Mean AUC: 0.518
