2025-09-01 23:53:37 - 
Experiment Configuration:
2025-09-01 23:53:37 - --------------------------------------------------
2025-09-01 23:53:37 - dataset: use_combined_datasets
2025-09-01 23:53:37 - use_combined_datasets: True
2025-09-01 23:53:37 - electrode_list: common
2025-09-01 23:53:37 - classifier: ShallowFBCSPNet
2025-09-01 23:53:37 - separate_subject_classification: False
2025-09-01 23:53:37 - use_subject_layer: True
2025-09-01 23:53:37 - seeds: [1]
2025-09-01 23:53:37 - --------------------------------------------------
2025-09-01 23:53:37 - 
==================================================
2025-09-01 23:53:37 - Processing Combined P3 and AVO Datasets
2025-09-01 23:53:37 - ==================================================
2025-09-02 00:02:59 - 
Overall Experiment Metrics:
2025-09-02 00:02:59 - --------------------------------------------------
2025-09-02 00:02:59 - Accuracy: 0.8205
2025-09-02 00:02:59 - Precision: 0.2452
2025-09-02 00:02:59 - Recall: 0.2779
2025-09-02 00:02:59 - F1 Score: 0.2605
2025-09-02 00:02:59 - AUC: 0.5000
2025-09-02 00:02:59 - 
Confusion Matrix Plot: ./log_0831\P3_AVO_clf-ShallowFBCSPNet_sep-False_el-FP1_Fz_F3_F7_C3_P3_P7_O1_Oz_Pz_O2_P4_P8_C4_F4_F8_confusion_matrix_20250902_000258.png
2025-09-02 00:02:59 - --------------------------------------------------
2025-09-02 00:02:59 - 
Combined Model (All Subjects) Statistics:
2025-09-02 00:02:59 - Mean Accuracy: 0.821
2025-09-02 00:02:59 - 95% Confidence Interval: [0.807, 0.834]
2025-09-02 00:02:59 - Best Subject: AVO_023 (0.971)
2025-09-02 00:02:59 - Worst Subject: P3_sub-005 (0.556)
2025-09-02 00:02:59 - Mean Precision: 0.173
2025-09-02 00:02:59 - Mean Recall: 0.196
2025-09-02 00:02:59 - Mean F1-Score: 0.168
2025-09-02 00:02:59 - Mean AUC: nan
2025-09-02 00:02:59 - 
Combined Model ¨C P3 Subjects Statistics:
2025-09-02 00:02:59 - Mean Accuracy: 0.743
2025-09-02 00:02:59 - 95% Confidence Interval: [0.716, 0.770]
2025-09-02 00:02:59 - Best Subject: P3_sub-036 (0.884)
2025-09-02 00:02:59 - Worst Subject: P3_sub-005 (0.556)
2025-09-02 00:02:59 - Mean Precision: 0.387
2025-09-02 00:02:59 - Mean Recall: 0.469
2025-09-02 00:02:59 - Mean F1-Score: 0.399
2025-09-02 00:02:59 - Mean AUC: 0.709
2025-09-02 00:02:59 - 
Combined Model ¨C AVO Subjects Statistics:
2025-09-02 00:02:59 - Mean Accuracy: 0.853
2025-09-02 00:02:59 - 95% Confidence Interval: [0.843, 0.863]
2025-09-02 00:02:59 - Best Subject: AVO_023 (0.971)
2025-09-02 00:02:59 - Worst Subject: AVO_069 (0.727)
2025-09-02 00:02:59 - Mean Precision: 0.084
2025-09-02 00:02:59 - Mean Recall: 0.082
2025-09-02 00:02:59 - Mean F1-Score: 0.072
2025-09-02 00:02:59 - Mean AUC: nan
