2025-09-01 23:22:38 - 
Experiment Configuration:
2025-09-01 23:22:38 - --------------------------------------------------
2025-09-01 23:22:38 - dataset: P3 Raw Data BIDS-Compatible
2025-09-01 23:22:38 - use_combined_datasets: False
2025-09-01 23:22:38 - electrode_list: all
2025-09-01 23:22:38 - classifier: ShallowFBCSPNet
2025-09-01 23:22:38 - separate_subject_classification: True
2025-09-01 23:22:38 - use_subject_layer: False
2025-09-01 23:22:38 - seeds: [1]
2025-09-01 23:22:38 - --------------------------------------------------
2025-09-01 23:22:38 - 
==================================================
2025-09-01 23:22:38 - Processing P3 Dataset
2025-09-01 23:22:38 - ==================================================
2025-09-01 23:24:15 - 
Overall Experiment Metrics:
2025-09-01 23:24:15 - --------------------------------------------------
2025-09-01 23:24:15 - Accuracy: 0.7837
2025-09-01 23:24:15 - Precision: 0.4496
2025-09-01 23:24:15 - Recall: 0.3625
2025-09-01 23:24:15 - F1 Score: 0.4014
2025-09-01 23:24:15 - AUC: 0.5000
2025-09-01 23:24:15 - 
Confusion Matrix Plot: ./log_0831\P3_clf-ShallowFBCSPNet_sep-True_el-FP1_F3_F7_FC3_C3_C5_P3_P7_P9_PO7_PO3_O1_Oz_Pz_CPz_FP2_Fz_F4_F8_FC4_FCz_Cz_C4_C6_P4_P8_P10_PO8_PO4_O2_confusion_matrix_20250901_232414.png
2025-09-01 23:24:15 - --------------------------------------------------
2025-09-01 23:24:15 - 
P3 Individual Models Statistics:
2025-09-01 23:24:15 - Mean Accuracy: 0.784
2025-09-01 23:24:15 - 95% Confidence Interval: [0.762, 0.805]
2025-09-01 23:24:15 - Best Subject: sub-004 (0.900)
2025-09-01 23:24:15 - Worst Subject: sub-014 (0.650)
2025-09-01 23:24:15 - Mean Precision: 0.472
2025-09-01 23:24:15 - Mean Recall: 0.362
2025-09-01 23:24:15 - Mean F1-Score: 0.394
2025-09-01 23:24:15 - Mean AUC: 0.737
