2025-09-02 00:04:55 - 
Experiment Configuration:
2025-09-02 00:04:55 - --------------------------------------------------
2025-09-02 00:04:55 - dataset: P3 Raw Data BIDS-Compatible
2025-09-02 00:04:55 - use_combined_datasets: False
2025-09-02 00:04:55 - electrode_list: all
2025-09-02 00:04:55 - classifier: ShallowFBCSPNet
2025-09-02 00:04:55 - separate_subject_classification: False
2025-09-02 00:04:55 - use_subject_layer: True
2025-09-02 00:04:55 - seeds: [1]
2025-09-02 00:04:55 - --------------------------------------------------
2025-09-02 00:04:55 - 
==================================================
2025-09-02 00:04:55 - Processing P3 Dataset
2025-09-02 00:04:55 - ==================================================
2025-09-02 00:09:49 - 
Overall Experiment Metrics:
2025-09-02 00:09:49 - --------------------------------------------------
2025-09-02 00:09:49 - Accuracy: 0.7902
2025-09-02 00:09:49 - Precision: 0.4737
2025-09-02 00:09:49 - Recall: 0.4232
2025-09-02 00:09:49 - F1 Score: 0.4470
2025-09-02 00:09:49 - AUC: 0.5000
2025-09-02 00:09:49 - 
Confusion Matrix Plot: ./log_0831\P3_clf-ShallowFBCSPNet_sep-False_el-FP1_F3_F7_FC3_C3_C5_P3_P7_P9_PO7_PO3_O1_Oz_Pz_CPz_FP2_Fz_F4_F8_FC4_FCz_Cz_C4_C6_P4_P8_P10_PO8_PO4_O2_confusion_matrix_20250902_000948.png
2025-09-02 00:09:49 - --------------------------------------------------
2025-09-02 00:09:49 - 
P3 Pooled Model Statistics:
2025-09-02 00:09:49 - Mean Accuracy: 0.791
2025-09-02 00:09:49 - 95% Confidence Interval: [0.771, 0.811]
2025-09-02 00:09:49 - Best Subject: sub-002 (0.919)
2025-09-02 00:09:49 - Worst Subject: sub-001 (0.692)
2025-09-02 00:09:49 - Mean Precision: 0.497
2025-09-02 00:09:49 - Mean Recall: 0.433
2025-09-02 00:09:49 - Mean F1-Score: 0.438
2025-09-02 00:09:49 - Mean AUC: 0.736
