2025-09-01 23:17:53 - 
Experiment Configuration:
2025-09-01 23:17:53 - --------------------------------------------------
2025-09-01 23:17:53 - dataset: P3 Raw Data BIDS-Compatible
2025-09-01 23:17:53 - use_combined_datasets: False
2025-09-01 23:17:53 - electrode_list: common
2025-09-01 23:17:53 - classifier: ShallowFBCSPNet
2025-09-01 23:17:53 - separate_subject_classification: True
2025-09-01 23:17:53 - use_subject_layer: False
2025-09-01 23:17:53 - seeds: [1]
2025-09-01 23:17:53 - --------------------------------------------------
2025-09-01 23:17:53 - 
==================================================
2025-09-01 23:17:53 - Processing P3 Dataset
2025-09-01 23:17:53 - ==================================================
2025-09-01 23:19:34 - 
Overall Experiment Metrics:
2025-09-01 23:19:34 - --------------------------------------------------
2025-09-01 23:19:34 - Accuracy: 0.7688
2025-09-01 23:19:34 - Precision: 0.4150
2025-09-01 23:19:34 - Recall: 0.3812
2025-09-01 23:19:34 - F1 Score: 0.3974
2025-09-01 23:19:34 - AUC: 0.5000
2025-09-01 23:19:34 - 
Confusion Matrix Plot: ./log_0831\P3_clf-ShallowFBCSPNet_sep-True_el-FP1_Fz_F3_F7_C3_P3_P7_O1_Oz_Pz_O2_P4_P8_C4_F4_F8_confusion_matrix_20250901_231933.png
2025-09-01 23:19:34 - --------------------------------------------------
2025-09-01 23:19:34 - 
P3 Individual Models Statistics:
2025-09-01 23:19:34 - Mean Accuracy: 0.769
2025-09-01 23:19:34 - 95% Confidence Interval: [0.745, 0.793]
2025-09-01 23:19:34 - Best Subject: sub-004 (0.950)
2025-09-01 23:19:34 - Worst Subject: sub-025 (0.625)
2025-09-01 23:19:34 - Mean Precision: 0.421
2025-09-01 23:19:34 - Mean Recall: 0.381
2025-09-01 23:19:34 - Mean F1-Score: 0.383
2025-09-01 23:19:34 - Mean AUC: 0.703
