2025-09-02 00:03:10 - 
Experiment Configuration:
2025-09-02 00:03:10 - --------------------------------------------------
2025-09-02 00:03:10 - dataset: P3 Raw Data BIDS-Compatible
2025-09-02 00:03:10 - use_combined_datasets: False
2025-09-02 00:03:10 - electrode_list: common
2025-09-02 00:03:10 - classifier: ShallowFBCSPNet
2025-09-02 00:03:10 - separate_subject_classification: False
2025-09-02 00:03:10 - use_subject_layer: True
2025-09-02 00:03:10 - seeds: [1]
2025-09-02 00:03:10 - --------------------------------------------------
2025-09-02 00:03:10 - 
==================================================
2025-09-02 00:03:10 - Processing P3 Dataset
2025-09-02 00:03:10 - ==================================================
2025-09-02 00:04:44 - 
Overall Experiment Metrics:
2025-09-02 00:04:44 - --------------------------------------------------
2025-09-02 00:04:44 - Accuracy: 0.7437
2025-09-02 00:04:44 - Precision: 0.3943
2025-09-02 00:04:44 - Recall: 0.5204
2025-09-02 00:04:44 - F1 Score: 0.4486
2025-09-02 00:04:44 - AUC: 0.5000
2025-09-02 00:04:44 - 
Confusion Matrix Plot: ./log_0831\P3_clf-ShallowFBCSPNet_sep-False_el-FP1_Fz_F3_F7_C3_P3_P7_O1_Oz_Pz_O2_P4_P8_C4_F4_F8_confusion_matrix_20250902_000443.png
2025-09-02 00:04:44 - --------------------------------------------------
2025-09-02 00:04:44 - 
P3 Pooled Model Statistics:
2025-09-02 00:04:44 - Mean Accuracy: 0.746
2025-09-02 00:04:44 - 95% Confidence Interval: [0.718, 0.775]
2025-09-02 00:04:44 - Best Subject: sub-007 (0.952)
2025-09-02 00:04:44 - Worst Subject: sub-006 (0.500)
2025-09-02 00:04:44 - Mean Precision: 0.390
2025-09-02 00:04:44 - Mean Recall: 0.514
2025-09-02 00:04:44 - Mean F1-Score: 0.431
2025-09-02 00:04:44 - Mean AUC: 0.722
