2025-09-01 23:27:15 - 
Experiment Configuration:
2025-09-01 23:27:15 - --------------------------------------------------
2025-09-01 23:27:15 - dataset: P3 Raw Data BIDS-Compatible
2025-09-01 23:27:15 - use_combined_datasets: False
2025-09-01 23:27:15 - electrode_list: all
2025-09-01 23:27:15 - classifier: lda
2025-09-01 23:27:15 - separate_subject_classification: False
2025-09-01 23:27:15 - use_subject_layer: False
2025-09-01 23:27:15 - seeds: [1]
2025-09-01 23:27:15 - --------------------------------------------------
2025-09-01 23:27:15 - 
==================================================
2025-09-01 23:27:15 - Processing P3 Dataset
2025-09-01 23:27:15 - ==================================================
2025-09-01 23:28:01 - 
Overall Experiment Metrics:
2025-09-01 23:28:01 - --------------------------------------------------
2025-09-01 23:28:01 - Accuracy: 0.6325
2025-09-01 23:28:01 - Precision: 0.2855
2025-09-01 23:28:01 - Recall: 0.5549
2025-09-01 23:28:01 - F1 Score: 0.3770
2025-09-01 23:28:01 - AUC: 0.6378
2025-09-01 23:28:01 - 
Confusion Matrix Plot: ./log_0831\P3_clf-lda_sep-False_el-FP1_F3_F7_FC3_C3_C5_P3_P7_P9_PO7_PO3_O1_Oz_Pz_CPz_FP2_Fz_F4_F8_FC4_FCz_Cz_C4_C6_P4_P8_P10_PO8_PO4_O2_confusion_matrix_20250901_232801.png
2025-09-01 23:28:01 - --------------------------------------------------
2025-09-01 23:28:01 - 
P3 Pooled Model Statistics:
2025-09-01 23:28:01 - Mean Accuracy: 0.633
2025-09-01 23:28:01 - 95% Confidence Interval: [0.602, 0.664]
2025-09-01 23:28:01 - Best Subject: sub-032 (0.833)
2025-09-01 23:28:01 - Worst Subject: sub-022 (0.419)
2025-09-01 23:28:01 - Mean Precision: 0.286
2025-09-01 23:28:01 - Mean Recall: 0.551
2025-09-01 23:28:01 - Mean F1-Score: 0.366
2025-09-01 23:28:01 - Mean AUC: 0.646
