2025-09-01 23:26:21 - 
Experiment Configuration:
2025-09-01 23:26:21 - --------------------------------------------------
2025-09-01 23:26:21 - dataset: P3 Raw Data BIDS-Compatible
2025-09-01 23:26:21 - use_combined_datasets: False
2025-09-01 23:26:21 - electrode_list: all
2025-09-01 23:26:21 - classifier: lda
2025-09-01 23:26:21 - separate_subject_classification: True
2025-09-01 23:26:21 - use_subject_layer: False
2025-09-01 23:26:21 - seeds: [1]
2025-09-01 23:26:21 - --------------------------------------------------
2025-09-01 23:26:21 - 
==================================================
2025-09-01 23:26:21 - Processing P3 Dataset
2025-09-01 23:26:21 - ==================================================
2025-09-01 23:27:04 - 
Overall Experiment Metrics:
2025-09-01 23:27:04 - --------------------------------------------------
2025-09-01 23:27:04 - Accuracy: 0.7106
2025-09-01 23:27:04 - Precision: 0.3698
2025-09-01 23:27:04 - Recall: 0.6344
2025-09-01 23:27:04 - F1 Score: 0.4672
2025-09-01 23:27:04 - AUC: 0.5000
2025-09-01 23:27:04 - 
Confusion Matrix Plot: ./log_0831\P3_clf-lda_sep-True_el-FP1_F3_F7_FC3_C3_C5_P3_P7_P9_PO7_PO3_O1_Oz_Pz_CPz_FP2_Fz_F4_F8_FC4_FCz_Cz_C4_C6_P4_P8_P10_PO8_PO4_O2_confusion_matrix_20250901_232704.png
2025-09-01 23:27:04 - --------------------------------------------------
2025-09-01 23:27:04 - 
P3 Individual Models Statistics:
2025-09-01 23:27:04 - Mean Accuracy: 0.711
2025-09-01 23:27:04 - 95% Confidence Interval: [0.686, 0.735]
2025-09-01 23:27:04 - Best Subject: sub-007 (0.825)
2025-09-01 23:27:04 - Worst Subject: sub-006 (0.500)
2025-09-01 23:27:04 - Mean Precision: 0.381
2025-09-01 23:27:04 - Mean Recall: 0.634
2025-09-01 23:27:04 - Mean F1-Score: 0.469
2025-09-01 23:27:04 - Mean AUC: 0.738
