2025-09-01 23:19:45 - 
Experiment Configuration:
2025-09-01 23:19:45 - --------------------------------------------------
2025-09-01 23:19:45 - dataset: P3 Raw Data BIDS-Compatible
2025-09-01 23:19:45 - use_combined_datasets: False
2025-09-01 23:19:45 - electrode_list: common
2025-09-01 23:19:45 - classifier: ShallowFBCSPNet
2025-09-01 23:19:45 - separate_subject_classification: False
2025-09-01 23:19:45 - use_subject_layer: False
2025-09-01 23:19:45 - seeds: [1]
2025-09-01 23:19:45 - --------------------------------------------------
2025-09-01 23:19:45 - 
==================================================
2025-09-01 23:19:45 - Processing P3 Dataset
2025-09-01 23:19:45 - ==================================================
2025-09-01 23:21:10 - 
Overall Experiment Metrics:
2025-09-01 23:21:10 - --------------------------------------------------
2025-09-01 23:21:10 - Accuracy: 0.7399
2025-09-01 23:21:10 - Precision: 0.3821
2025-09-01 23:21:10 - Recall: 0.4828
2025-09-01 23:21:10 - F1 Score: 0.4266
2025-09-01 23:21:10 - AUC: 0.5000
2025-09-01 23:21:10 - 
Confusion Matrix Plot: ./log_0831\P3_clf-ShallowFBCSPNet_sep-False_el-FP1_Fz_F3_F7_C3_P3_P7_O1_Oz_Pz_O2_P4_P8_C4_F4_F8_confusion_matrix_20250901_232109.png
2025-09-01 23:21:10 - --------------------------------------------------
2025-09-01 23:21:10 - 
P3 Pooled Model Statistics:
2025-09-01 23:21:10 - Mean Accuracy: 0.740
2025-09-01 23:21:10 - 95% Confidence Interval: [0.713, 0.767]
2025-09-01 23:21:10 - Best Subject: sub-016 (0.912)
2025-09-01 23:21:10 - Worst Subject: sub-026 (0.512)
2025-09-01 23:21:10 - Mean Precision: 0.430
2025-09-01 23:21:10 - Mean Recall: 0.498
2025-09-01 23:21:10 - Mean F1-Score: 0.410
2025-09-01 23:21:10 - Mean AUC: 0.746
