2025-09-01 23:21:22 - 
Experiment Configuration:
2025-09-01 23:21:22 - --------------------------------------------------
2025-09-01 23:21:22 - dataset: P3 Raw Data BIDS-Compatible
2025-09-01 23:21:22 - use_combined_datasets: False
2025-09-01 23:21:22 - electrode_list: common
2025-09-01 23:21:22 - classifier: lda
2025-09-01 23:21:22 - separate_subject_classification: True
2025-09-01 23:21:22 - use_subject_layer: False
2025-09-01 23:21:22 - seeds: [1]
2025-09-01 23:21:22 - --------------------------------------------------
2025-09-01 23:21:22 - 
==================================================
2025-09-01 23:21:22 - Processing P3 Dataset
2025-09-01 23:21:22 - ==================================================
2025-09-01 23:21:50 - 
Overall Experiment Metrics:
2025-09-01 23:21:50 - --------------------------------------------------
2025-09-01 23:21:50 - Accuracy: 0.6806
2025-09-01 23:21:50 - Precision: 0.3228
2025-09-01 23:21:50 - Recall: 0.5437
2025-09-01 23:21:50 - F1 Score: 0.4051
2025-09-01 23:21:50 - AUC: 0.5000
2025-09-01 23:21:50 - 
Confusion Matrix Plot: ./log_0831\P3_clf-lda_sep-True_el-FP1_Fz_F3_F7_C3_P3_P7_O1_Oz_Pz_O2_P4_P8_C4_F4_F8_confusion_matrix_20250901_232150.png
2025-09-01 23:21:50 - --------------------------------------------------
2025-09-01 23:21:50 - 
P3 Individual Models Statistics:
2025-09-01 23:21:50 - Mean Accuracy: 0.681
2025-09-01 23:21:50 - 95% Confidence Interval: [0.650, 0.711]
2025-09-01 23:21:50 - Best Subject: sub-007 (0.875)
2025-09-01 23:21:50 - Worst Subject: sub-028 (0.500)
2025-09-01 23:21:50 - Mean Precision: 0.339
2025-09-01 23:21:50 - Mean Recall: 0.544
2025-09-01 23:21:50 - Mean F1-Score: 0.409
2025-09-01 23:21:50 - Mean AUC: 0.685
