2025-09-01 23:24:26 - 
Experiment Configuration:
2025-09-01 23:24:26 - --------------------------------------------------
2025-09-01 23:24:26 - dataset: P3 Raw Data BIDS-Compatible
2025-09-01 23:24:26 - use_combined_datasets: False
2025-09-01 23:24:26 - electrode_list: all
2025-09-01 23:24:26 - classifier: ShallowFBCSPNet
2025-09-01 23:24:26 - separate_subject_classification: False
2025-09-01 23:24:26 - use_subject_layer: False
2025-09-01 23:24:26 - seeds: [1]
2025-09-01 23:24:26 - --------------------------------------------------
2025-09-01 23:24:26 - 
==================================================
2025-09-01 23:24:26 - Processing P3 Dataset
2025-09-01 23:24:26 - ==================================================
2025-09-01 23:26:07 - 
Overall Experiment Metrics:
2025-09-01 23:26:07 - --------------------------------------------------
2025-09-01 23:26:07 - Accuracy: 0.7255
2025-09-01 23:26:07 - Precision: 0.3717
2025-09-01 23:26:07 - Recall: 0.5361
2025-09-01 23:26:07 - F1 Score: 0.4390
2025-09-01 23:26:07 - AUC: 0.5000
2025-09-01 23:26:07 - 
Confusion Matrix Plot: ./log_0831\P3_clf-ShallowFBCSPNet_sep-False_el-FP1_F3_F7_FC3_C3_C5_P3_P7_P9_PO7_PO3_O1_Oz_Pz_CPz_FP2_Fz_F4_F8_FC4_FCz_Cz_C4_C6_P4_P8_P10_PO8_PO4_O2_confusion_matrix_20250901_232607.png
2025-09-01 23:26:07 - --------------------------------------------------
2025-09-01 23:26:07 - 
P3 Pooled Model Statistics:
2025-09-01 23:26:07 - Mean Accuracy: 0.727
2025-09-01 23:26:07 - 95% Confidence Interval: [0.697, 0.756]
2025-09-01 23:26:07 - Best Subject: sub-016 (0.974)
2025-09-01 23:26:07 - Worst Subject: sub-010 (0.500)
2025-09-01 23:26:07 - Mean Precision: 0.390
2025-09-01 23:26:07 - Mean Recall: 0.536
2025-09-01 23:26:07 - Mean F1-Score: 0.436
2025-09-01 23:26:07 - Mean AUC: 0.713
