================================================
Running ALL Ablation Studies for AVO as Target
Configuration: P3=80, AVO=10 (AVO is small/target)
================================================

Checking config.py...
  P3 trials per subject: 80
  AVO trials per subject: 10
✓ Configuration correct

[1/4] Running Ablation 1: Equal Weights
  Script: main_ablation1_equal_weights_AVOsmall.py
  Start time: Wed Oct  1 01:21:04 PM PDT 2025
  ✓ Completed successfully at Wed Oct  1 01:26:11 PM PDT 2025
-rw-rw-r-- 1 vivian vivian 5.3K Oct  1 13:26 ablation_results_AVOsmall/ablation1_equal_weights_detailed_20251001_132611.csv
-rw-rw-r-- 1 vivian vivian 1.9K Oct  1 13:26 ablation_results_AVOsmall/ablation1_equal_weights_summary_20251001_132611.csv

[2/4] Running Ablation 2: Fixed Weights
  Script: main_ablation2_fixed_weights_AVOsmall.py
  Start time: Wed Oct  1 01:26:11 PM PDT 2025
  ✓ Completed successfully at Wed Oct  1 01:31:57 PM PDT 2025
-rw-rw-r-- 1 vivian vivian 5.3K Oct  1 13:31 ablation_results_AVOsmall/ablation2_fixed_weights_detailed_20251001_133156.csv
-rw-rw-r-- 1 vivian vivian 1.9K Oct  1 13:31 ablation_results_AVOsmall/ablation2_fixed_weights_summary_20251001_133156.csv

[3/4] Running Ablation 3: No MMD
  Script: main_ablation3_no_mmd_AVOsmall.py
  Start time: Wed Oct  1 01:31:57 PM PDT 2025
  ✓ Completed successfully at Wed Oct  1 01:36:30 PM PDT 2025
-rw-rw-r-- 1 vivian vivian 5.3K Oct  1 13:36 ablation_results_AVOsmall/ablation3_no_mmd_detailed_20251001_133629.csv
-rw-rw-r-- 1 vivian vivian 1.9K Oct  1 13:36 ablation_results_AVOsmall/ablation3_no_mmd_summary_20251001_133629.csv

[4/4] Running Ablation 4: No Split BN
  Script: main_ablation4_no_split_bn_AVOsmall.py
  Start time: Wed Oct  1 01:36:30 PM PDT 2025
  ✓ Completed successfully at Wed Oct  1 01:41:36 PM PDT 2025
-rw-rw-r-- 1 vivian vivian 5.3K Oct  1 13:41 ablation_results_AVOsmall/ablation4_no_split_bn_detailed_20251001_134136.csv
-rw-rw-r-- 1 vivian vivian 1.9K Oct  1 13:41 ablation_results_AVOsmall/ablation4_no_split_bn_summary_20251001_134136.csv

================================================
All Ablation Studies Completed!
End time: Wed Oct  1 01:41:36 PM PDT 2025
================================================

Generated files:
-rw-rw-r-- 1 vivian vivian 5.3K Oct  1 13:41 ablation_results_AVOsmall/ablation4_no_split_bn_detailed_20251001_134136.csv
-rw-rw-r-- 1 vivian vivian 1.9K Oct  1 13:41 ablation_results_AVOsmall/ablation4_no_split_bn_summary_20251001_134136.csv
-rw-rw-r-- 1 vivian vivian 1.9K Oct  1 13:36 ablation_results_AVOsmall/ablation3_no_mmd_summary_20251001_133629.csv
-rw-rw-r-- 1 vivian vivian 5.3K Oct  1 13:36 ablation_results_AVOsmall/ablation3_no_mmd_detailed_20251001_133629.csv
-rw-rw-r-- 1 vivian vivian 1.9K Oct  1 13:31 ablation_results_AVOsmall/ablation2_fixed_weights_summary_20251001_133156.csv
-rw-rw-r-- 1 vivian vivian 5.3K Oct  1 13:31 ablation_results_AVOsmall/ablation2_fixed_weights_detailed_20251001_133156.csv
-rw-rw-r-- 1 vivian vivian 1.9K Oct  1 13:26 ablation_results_AVOsmall/ablation1_equal_weights_summary_20251001_132611.csv
-rw-rw-r-- 1 vivian vivian 5.3K Oct  1 13:26 ablation_results_AVOsmall/ablation1_equal_weights_detailed_20251001_132611.csv
