2025-09-14 18:00:56 - 
Experiment Configuration:
2025-09-14 18:00:56 - --------------------------------------------------
2025-09-14 18:00:56 - dataset: ds005863
2025-09-14 18:00:56 - use_combined_datasets: False
2025-09-14 18:00:56 - electrode_list: all
2025-09-14 18:00:56 - classifier: EEGConformer
2025-09-14 18:00:56 - separate_subject_classification: False
2025-09-14 18:00:56 - use_subject_layer: False
2025-09-14 18:00:56 - seeds: [42]
2025-09-14 18:00:56 - --------------------------------------------------
2025-09-14 18:00:56 - 
==================================================
2025-09-14 18:00:56 - Processing Active Visual Oddball Dataset
2025-09-14 18:00:56 - ==================================================
2025-09-14 18:01:13 - 
==================================================
2025-09-14 18:01:13 - Individual Subject Results - AVO
2025-09-14 18:01:13 - ==================================================
2025-09-14 18:01:13 - Subject: sub_001
2025-09-14 18:01:13 -   Accuracy: 75.000%
2025-09-14 18:01:13 -   Precision: 0.500
2025-09-14 18:01:13 -   Recall: 1.000
2025-09-14 18:01:13 -   F1 Score: 0.667
2025-09-14 18:01:13 -   AUC: 0.917
2025-09-14 18:01:13 -   Correct/Total: 6/8
2025-09-14 18:01:13 -   Confusion Matrix Stats:
2025-09-14 18:01:13 -     TP: 2, TN: 4
2025-09-14 18:01:13 -     FP: 2, FN: 0
2025-09-14 18:01:13 - Subject: sub_002
2025-09-14 18:01:13 -   Accuracy: 66.667%
2025-09-14 18:01:13 -   Precision: 1.000
2025-09-14 18:01:13 -   Recall: 0.500
2025-09-14 18:01:13 -   F1 Score: 0.667
2025-09-14 18:01:13 -   AUC: 0.750
2025-09-14 18:01:13 -   Correct/Total: 4/6
2025-09-14 18:01:13 -   Confusion Matrix Stats:
2025-09-14 18:01:13 -     TP: 2, TN: 2
2025-09-14 18:01:13 -     FP: 0, FN: 2
2025-09-14 18:01:13 - Subject: sub_003
2025-09-14 18:01:13 -   Accuracy: 80.000%
2025-09-14 18:01:13 -   Precision: 0.667
2025-09-14 18:01:13 -   Recall: 1.000
2025-09-14 18:01:13 -   F1 Score: 0.800
2025-09-14 18:01:13 -   AUC: 1.000
2025-09-14 18:01:13 -   Correct/Total: 4/5
2025-09-14 18:01:13 -   Confusion Matrix Stats:
2025-09-14 18:01:13 -     TP: 2, TN: 2
2025-09-14 18:01:13 -     FP: 1, FN: 0
2025-09-14 18:01:13 - Subject: sub_004
2025-09-14 18:01:13 -   Accuracy: 66.667%
2025-09-14 18:01:13 -   Precision: 0.500
2025-09-14 18:01:13 -   Recall: 0.667
2025-09-14 18:01:13 -   F1 Score: 0.571
2025-09-14 18:01:13 -   AUC: 0.819
2025-09-14 18:01:13 -   Correct/Total: 12/18
2025-09-14 18:01:13 -   Confusion Matrix Stats:
2025-09-14 18:01:13 -     TP: 4, TN: 8
2025-09-14 18:01:13 -     FP: 4, FN: 2
2025-09-14 18:01:13 - Subject: sub_005
2025-09-14 18:01:13 -   Accuracy: 66.667%
2025-09-14 18:01:13 -   Precision: 0.333
2025-09-14 18:01:13 -   Recall: 0.500
2025-09-14 18:01:13 -   F1 Score: 0.400
2025-09-14 18:01:13 -   AUC: 0.786
2025-09-14 18:01:13 -   Correct/Total: 6/9
2025-09-14 18:01:13 -   Confusion Matrix Stats:
2025-09-14 18:01:13 -     TP: 1, TN: 5
2025-09-14 18:01:13 -     FP: 2, FN: 1
2025-09-14 18:01:13 - Subject: sub_006
2025-09-14 18:01:13 -   Accuracy: 71.429%
2025-09-14 18:01:13 -   Precision: 0.500
2025-09-14 18:01:13 -   Recall: 1.000
2025-09-14 18:01:13 -   F1 Score: 0.667
2025-09-14 18:01:13 -   AUC: 0.800
2025-09-14 18:01:13 -   Correct/Total: 5/7
2025-09-14 18:01:13 -   Confusion Matrix Stats:
2025-09-14 18:01:13 -     TP: 2, TN: 3
2025-09-14 18:01:13 -     FP: 2, FN: 0
2025-09-14 18:01:13 - Subject: sub_007
2025-09-14 18:01:13 -   Accuracy: 55.556%
2025-09-14 18:01:13 -   Precision: 0.400
2025-09-14 18:01:13 -   Recall: 0.667
2025-09-14 18:01:13 -   F1 Score: 0.500
2025-09-14 18:01:13 -   AUC: 0.722
2025-09-14 18:01:13 -   Correct/Total: 5/9
2025-09-14 18:01:13 -   Confusion Matrix Stats:
2025-09-14 18:01:13 -     TP: 2, TN: 3
2025-09-14 18:01:13 -     FP: 3, FN: 1
2025-09-14 18:01:13 - Subject: sub_008
2025-09-14 18:01:13 -   Accuracy: 55.556%
2025-09-14 18:01:13 -   Precision: 0.600
2025-09-14 18:01:13 -   Recall: 0.600
2025-09-14 18:01:13 -   F1 Score: 0.600
2025-09-14 18:01:13 -   AUC: 0.650
2025-09-14 18:01:13 -   Correct/Total: 5/9
2025-09-14 18:01:13 -   Confusion Matrix Stats:
2025-09-14 18:01:13 -     TP: 3, TN: 2
2025-09-14 18:01:13 -     FP: 2, FN: 2
2025-09-14 18:01:13 - Subject: sub_009
2025-09-14 18:01:13 -   Accuracy: 55.556%
2025-09-14 18:01:13 -   Precision: 0.667
2025-09-14 18:01:13 -   Recall: 0.545
2025-09-14 18:01:13 -   F1 Score: 0.600
2025-09-14 18:01:13 -   AUC: 0.597
2025-09-14 18:01:13 -   Correct/Total: 10/18
2025-09-14 18:01:13 -   Confusion Matrix Stats:
2025-09-14 18:01:13 -     TP: 6, TN: 4
2025-09-14 18:01:13 -     FP: 3, FN: 5
2025-09-14 18:01:13 - Subject: sub_010
2025-09-14 18:01:13 -   Accuracy: 83.333%
2025-09-14 18:01:13 -   Precision: 0.750
2025-09-14 18:01:13 -   Recall: 1.000
2025-09-14 18:01:13 -   F1 Score: 0.857
2025-09-14 18:01:13 -   AUC: 0.778
2025-09-14 18:01:13 -   Correct/Total: 5/6
2025-09-14 18:01:13 -   Confusion Matrix Stats:
2025-09-14 18:01:13 -     TP: 3, TN: 2
2025-09-14 18:01:13 -     FP: 1, FN: 0
2025-09-14 18:01:13 - Subject: sub_011
2025-09-14 18:01:13 -   Accuracy: 50.000%
2025-09-14 18:01:13 -   Precision: 0.000
2025-09-14 18:01:13 -   Recall: 0.000
2025-09-14 18:01:13 -   F1 Score: 0.000
2025-09-14 18:01:13 -   AUC: 0.500
2025-09-14 18:01:13 -   Correct/Total: 3/6
2025-09-14 18:01:13 -   Confusion Matrix Stats:
2025-09-14 18:01:13 -     TP: 0, TN: 3
2025-09-14 18:01:13 -     FP: 3, FN: 0
2025-09-14 18:01:13 - Subject: sub_012
2025-09-14 18:01:13 -   Accuracy: 88.889%
2025-09-14 18:01:13 -   Precision: 0.833
2025-09-14 18:01:13 -   Recall: 1.000
2025-09-14 18:01:13 -   F1 Score: 0.909
2025-09-14 18:01:13 -   AUC: 1.000
2025-09-14 18:01:13 -   Correct/Total: 8/9
2025-09-14 18:01:13 -   Confusion Matrix Stats:
2025-09-14 18:01:13 -     TP: 5, TN: 3
2025-09-14 18:01:13 -     FP: 1, FN: 0
2025-09-14 18:01:13 - Subject: sub_013
2025-09-14 18:01:13 -   Accuracy: 72.727%
2025-09-14 18:01:13 -   Precision: 0.625
2025-09-14 18:01:13 -   Recall: 1.000
2025-09-14 18:01:13 -   F1 Score: 0.769
2025-09-14 18:01:13 -   AUC: 0.600
2025-09-14 18:01:13 -   Correct/Total: 8/11
2025-09-14 18:01:13 -   Confusion Matrix Stats:
2025-09-14 18:01:13 -     TP: 5, TN: 3
2025-09-14 18:01:13 -     FP: 3, FN: 0
2025-09-14 18:01:13 - Subject: sub_014
2025-09-14 18:01:13 -   Accuracy: 63.636%
2025-09-14 18:01:13 -   Precision: 0.500
2025-09-14 18:01:13 -   Recall: 1.000
2025-09-14 18:01:13 -   F1 Score: 0.667
2025-09-14 18:01:13 -   AUC: 0.643
2025-09-14 18:01:13 -   Correct/Total: 7/11
2025-09-14 18:01:13 -   Confusion Matrix Stats:
2025-09-14 18:01:13 -     TP: 4, TN: 3
2025-09-14 18:01:13 -     FP: 4, FN: 0
2025-09-14 18:01:13 - Subject: sub_015
2025-09-14 18:01:13 -   Accuracy: 71.429%
2025-09-14 18:01:13 -   Precision: 0.600
2025-09-14 18:01:13 -   Recall: 1.000
2025-09-14 18:01:13 -   F1 Score: 0.750
2025-09-14 18:01:13 -   AUC: 0.750
2025-09-14 18:01:13 -   Correct/Total: 5/7
2025-09-14 18:01:13 -   Confusion Matrix Stats:
2025-09-14 18:01:13 -     TP: 3, TN: 2
2025-09-14 18:01:13 -     FP: 2, FN: 0
2025-09-14 18:01:13 - Subject: sub_016
2025-09-14 18:01:13 -   Accuracy: 80.000%
2025-09-14 18:01:13 -   Precision: 0.833
2025-09-14 18:01:13 -   Recall: 0.833
2025-09-14 18:01:13 -   F1 Score: 0.833
2025-09-14 18:01:13 -   AUC: 0.833
2025-09-14 18:01:13 -   Correct/Total: 8/10
2025-09-14 18:01:13 -   Confusion Matrix Stats:
2025-09-14 18:01:13 -     TP: 5, TN: 3
2025-09-14 18:01:13 -     FP: 1, FN: 1
2025-09-14 18:01:13 - Subject: sub_017
2025-09-14 18:01:13 -   Accuracy: 81.818%
2025-09-14 18:01:13 -   Precision: 0.600
2025-09-14 18:01:13 -   Recall: 1.000
2025-09-14 18:01:13 -   F1 Score: 0.750
2025-09-14 18:01:13 -   AUC: 1.000
2025-09-14 18:01:13 -   Correct/Total: 9/11
2025-09-14 18:01:13 -   Confusion Matrix Stats:
2025-09-14 18:01:13 -     TP: 3, TN: 6
2025-09-14 18:01:13 -     FP: 2, FN: 0
2025-09-14 18:01:13 - Subject: sub_018
2025-09-14 18:01:13 -   Accuracy: 83.333%
2025-09-14 18:01:13 -   Precision: 0.750
2025-09-14 18:01:13 -   Recall: 1.000
2025-09-14 18:01:13 -   F1 Score: 0.857
2025-09-14 18:01:13 -   AUC: 0.778
2025-09-14 18:01:13 -   Correct/Total: 5/6
2025-09-14 18:01:13 -   Confusion Matrix Stats:
2025-09-14 18:01:13 -     TP: 3, TN: 2
2025-09-14 18:01:13 -     FP: 1, FN: 0
2025-09-14 18:01:13 - Subject: sub_019
2025-09-14 18:01:13 -   Accuracy: 30.000%
2025-09-14 18:01:13 -   Precision: 0.500
2025-09-14 18:01:13 -   Recall: 0.286
2025-09-14 18:01:13 -   F1 Score: 0.364
2025-09-14 18:01:13 -   AUC: 0.524
2025-09-14 18:01:13 -   Correct/Total: 3/10
2025-09-14 18:01:13 -   Confusion Matrix Stats:
2025-09-14 18:01:13 -     TP: 2, TN: 1
2025-09-14 18:01:13 -     FP: 2, FN: 5
2025-09-14 18:01:13 - Subject: sub_020
2025-09-14 18:01:13 -   Accuracy: 45.455%
2025-09-14 18:01:13 -   Precision: 0.500
2025-09-14 18:01:13 -   Recall: 0.667
2025-09-14 18:01:13 -   F1 Score: 0.571
2025-09-14 18:01:13 -   AUC: 0.533
2025-09-14 18:01:13 -   Correct/Total: 5/11
2025-09-14 18:01:13 -   Confusion Matrix Stats:
2025-09-14 18:01:13 -     TP: 4, TN: 1
2025-09-14 18:01:13 -     FP: 4, FN: 2
2025-09-14 18:01:13 - Subject: sub_021
2025-09-14 18:01:13 -   Accuracy: 80.000%
2025-09-14 18:01:13 -   Precision: 0.667
2025-09-14 18:01:13 -   Recall: 1.000
2025-09-14 18:01:13 -   F1 Score: 0.800
2025-09-14 18:01:13 -   AUC: 0.917
2025-09-14 18:01:13 -   Correct/Total: 8/10
2025-09-14 18:01:13 -   Confusion Matrix Stats:
2025-09-14 18:01:13 -     TP: 4, TN: 4
2025-09-14 18:01:13 -     FP: 2, FN: 0
2025-09-14 18:01:13 - Subject: sub_022
2025-09-14 18:01:13 -   Accuracy: 75.000%
2025-09-14 18:01:13 -   Precision: 0.778
2025-09-14 18:01:13 -   Recall: 0.875
2025-09-14 18:01:13 -   F1 Score: 0.824
2025-09-14 18:01:13 -   AUC: 0.844
2025-09-14 18:01:13 -   Correct/Total: 9/12
2025-09-14 18:01:13 -   Confusion Matrix Stats:
2025-09-14 18:01:13 -     TP: 7, TN: 2
2025-09-14 18:01:13 -     FP: 2, FN: 1
2025-09-14 18:01:13 - Subject: sub_023
2025-09-14 18:01:13 -   Accuracy: 84.615%
2025-09-14 18:01:13 -   Precision: 0.818
2025-09-14 18:01:13 -   Recall: 1.000
2025-09-14 18:01:13 -   F1 Score: 0.900
2025-09-14 18:01:13 -   AUC: 0.972
2025-09-14 18:01:13 -   Correct/Total: 11/13
2025-09-14 18:01:13 -   Confusion Matrix Stats:
2025-09-14 18:01:13 -     TP: 9, TN: 2
2025-09-14 18:01:13 -     FP: 2, FN: 0
2025-09-14 18:01:13 - Subject: sub_024
2025-09-14 18:01:13 -   Accuracy: 75.000%
2025-09-14 18:01:13 -   Precision: 0.500
2025-09-14 18:01:13 -   Recall: 1.000
2025-09-14 18:01:13 -   F1 Score: 0.667
2025-09-14 18:01:13 -   AUC: 1.000
2025-09-14 18:01:13 -   Correct/Total: 3/4
2025-09-14 18:01:13 -   Confusion Matrix Stats:
2025-09-14 18:01:13 -     TP: 1, TN: 2
2025-09-14 18:01:13 -     FP: 1, FN: 0
2025-09-14 18:01:13 - Subject: sub_025
2025-09-14 18:01:13 -   Accuracy: 71.429%
2025-09-14 18:01:13 -   Precision: 0.714
2025-09-14 18:01:13 -   Recall: 0.714
2025-09-14 18:01:13 -   F1 Score: 0.714
2025-09-14 18:01:13 -   AUC: 0.837
2025-09-14 18:01:13 -   Correct/Total: 10/14
2025-09-14 18:01:13 -   Confusion Matrix Stats:
2025-09-14 18:01:13 -     TP: 5, TN: 5
2025-09-14 18:01:13 -     FP: 2, FN: 2
2025-09-14 18:01:13 - Subject: sub_026
2025-09-14 18:01:13 -   Accuracy: 90.000%
2025-09-14 18:01:13 -   Precision: 1.000
2025-09-14 18:01:13 -   Recall: 0.750
2025-09-14 18:01:13 -   F1 Score: 0.857
2025-09-14 18:01:13 -   AUC: 0.875
2025-09-14 18:01:13 -   Correct/Total: 9/10
2025-09-14 18:01:13 -   Confusion Matrix Stats:
2025-09-14 18:01:13 -     TP: 3, TN: 6
2025-09-14 18:01:13 -     FP: 0, FN: 1
2025-09-14 18:01:13 - Subject: sub_027
2025-09-14 18:01:13 -   Accuracy: 71.429%
2025-09-14 18:01:13 -   Precision: 0.667
2025-09-14 18:01:13 -   Recall: 0.667
2025-09-14 18:01:13 -   F1 Score: 0.667
2025-09-14 18:01:13 -   AUC: 0.750
2025-09-14 18:01:13 -   Correct/Total: 5/7
2025-09-14 18:01:13 -   Confusion Matrix Stats:
2025-09-14 18:01:13 -     TP: 2, TN: 3
2025-09-14 18:01:13 -     FP: 1, FN: 1
2025-09-14 18:01:13 - Subject: sub_028
2025-09-14 18:01:13 -   Accuracy: 75.000%
2025-09-14 18:01:13 -   Precision: 0.750
2025-09-14 18:01:13 -   Recall: 1.000
2025-09-14 18:01:13 -   F1 Score: 0.857
2025-09-14 18:01:13 -   AUC: 1.000
2025-09-14 18:01:13 -   Correct/Total: 3/4
2025-09-14 18:01:13 -   Confusion Matrix Stats:
2025-09-14 18:01:13 -     TP: 3, TN: 0
2025-09-14 18:01:13 -     FP: 1, FN: 0
2025-09-14 18:01:13 - Subject: sub_029
2025-09-14 18:01:13 -   Accuracy: 80.000%
2025-09-14 18:01:13 -   Precision: 0.667
2025-09-14 18:01:13 -   Recall: 0.800
2025-09-14 18:01:13 -   F1 Score: 0.727
2025-09-14 18:01:13 -   AUC: 0.940
2025-09-14 18:01:13 -   Correct/Total: 12/15
2025-09-14 18:01:13 -   Confusion Matrix Stats:
2025-09-14 18:01:13 -     TP: 4, TN: 8
2025-09-14 18:01:13 -     FP: 2, FN: 1
2025-09-14 18:01:13 - Subject: sub_030
2025-09-14 18:01:13 -   Accuracy: 91.667%
2025-09-14 18:01:13 -   Precision: 0.857
2025-09-14 18:01:13 -   Recall: 1.000
2025-09-14 18:01:13 -   F1 Score: 0.923
2025-09-14 18:01:13 -   AUC: 0.889
2025-09-14 18:01:13 -   Correct/Total: 11/12
2025-09-14 18:01:13 -   Confusion Matrix Stats:
2025-09-14 18:01:13 -     TP: 6, TN: 5
2025-09-14 18:01:13 -     FP: 1, FN: 0
2025-09-14 18:01:13 - Subject: sub_031
2025-09-14 18:01:13 -   Accuracy: 44.444%
2025-09-14 18:01:13 -   Precision: 0.308
2025-09-14 18:01:13 -   Recall: 0.800
2025-09-14 18:01:13 -   F1 Score: 0.444
2025-09-14 18:01:13 -   AUC: 0.523
2025-09-14 18:01:13 -   Correct/Total: 8/18
2025-09-14 18:01:13 -   Confusion Matrix Stats:
2025-09-14 18:01:13 -     TP: 4, TN: 4
2025-09-14 18:01:13 -     FP: 9, FN: 1
2025-09-14 18:01:13 - Subject: sub_032
2025-09-14 18:01:13 -   Accuracy: 100.000%
2025-09-14 18:01:13 -   Precision: 1.000
2025-09-14 18:01:13 -   Recall: 1.000
2025-09-14 18:01:13 -   F1 Score: 1.000
2025-09-14 18:01:13 -   AUC: 1.000
2025-09-14 18:01:13 -   Correct/Total: 8/8
2025-09-14 18:01:13 -   Confusion Matrix Stats:
2025-09-14 18:01:13 -     TP: 3, TN: 5
2025-09-14 18:01:13 -     FP: 0, FN: 0
2025-09-14 18:01:13 - Subject: sub_033
2025-09-14 18:01:13 -   Accuracy: 83.333%
2025-09-14 18:01:13 -   Precision: 1.000
2025-09-14 18:01:13 -   Recall: 0.600
2025-09-14 18:01:13 -   F1 Score: 0.750
2025-09-14 18:01:13 -   AUC: 0.943
2025-09-14 18:01:13 -   Correct/Total: 10/12
2025-09-14 18:01:13 -   Confusion Matrix Stats:
2025-09-14 18:01:13 -     TP: 3, TN: 7
2025-09-14 18:01:13 -     FP: 0, FN: 2
2025-09-14 18:01:13 - Subject: sub_034
2025-09-14 18:01:13 -   Accuracy: 66.667%
2025-09-14 18:01:13 -   Precision: 0.750
2025-09-14 18:01:13 -   Recall: 0.857
2025-09-14 18:01:13 -   F1 Score: 0.800
2025-09-14 18:01:13 -   AUC: 0.714
2025-09-14 18:01:13 -   Correct/Total: 6/9
2025-09-14 18:01:13 -   Confusion Matrix Stats:
2025-09-14 18:01:13 -     TP: 6, TN: 0
2025-09-14 18:01:13 -     FP: 2, FN: 1
2025-09-14 18:01:13 - Subject: sub_035
2025-09-14 18:01:13 -   Accuracy: 72.727%
2025-09-14 18:01:13 -   Precision: 0.500
2025-09-14 18:01:13 -   Recall: 1.000
2025-09-14 18:01:13 -   F1 Score: 0.667
2025-09-14 18:01:13 -   AUC: 1.000
2025-09-14 18:01:13 -   Correct/Total: 8/11
2025-09-14 18:01:13 -   Confusion Matrix Stats:
2025-09-14 18:01:13 -     TP: 3, TN: 5
2025-09-14 18:01:13 -     FP: 3, FN: 0
2025-09-14 18:01:13 - Subject: sub_036
2025-09-14 18:01:13 -   Accuracy: 50.000%
2025-09-14 18:01:13 -   Precision: 0.500
2025-09-14 18:01:13 -   Recall: 0.667
2025-09-14 18:01:13 -   F1 Score: 0.571
2025-09-14 18:01:13 -   AUC: 0.583
2025-09-14 18:01:13 -   Correct/Total: 6/12
2025-09-14 18:01:13 -   Confusion Matrix Stats:
2025-09-14 18:01:13 -     TP: 4, TN: 2
2025-09-14 18:01:13 -     FP: 4, FN: 2
2025-09-14 18:01:13 - Subject: sub_037
2025-09-14 18:01:13 -   Accuracy: 66.667%
2025-09-14 18:01:13 -   Precision: 0.571
2025-09-14 18:01:13 -   Recall: 0.667
2025-09-14 18:01:13 -   F1 Score: 0.615
2025-09-14 18:01:13 -   AUC: 0.648
2025-09-14 18:01:13 -   Correct/Total: 10/15
2025-09-14 18:01:13 -   Confusion Matrix Stats:
2025-09-14 18:01:13 -     TP: 4, TN: 6
2025-09-14 18:01:13 -     FP: 3, FN: 2
2025-09-14 18:01:13 - Subject: sub_038
2025-09-14 18:01:13 -   Accuracy: 50.000%
2025-09-14 18:01:13 -   Precision: 0.444
2025-09-14 18:01:13 -   Recall: 0.800
2025-09-14 18:01:13 -   F1 Score: 0.571
2025-09-14 18:01:13 -   AUC: 0.543
2025-09-14 18:01:13 -   Correct/Total: 6/12
2025-09-14 18:01:13 -   Confusion Matrix Stats:
2025-09-14 18:01:13 -     TP: 4, TN: 2
2025-09-14 18:01:13 -     FP: 5, FN: 1
2025-09-14 18:01:13 - Subject: sub_039
2025-09-14 18:01:13 -   Accuracy: 87.500%
2025-09-14 18:01:13 -   Precision: 1.000
2025-09-14 18:01:13 -   Recall: 0.800
2025-09-14 18:01:13 -   F1 Score: 0.889
2025-09-14 18:01:13 -   AUC: 0.933
2025-09-14 18:01:13 -   Correct/Total: 7/8
2025-09-14 18:01:13 -   Confusion Matrix Stats:
2025-09-14 18:01:13 -     TP: 4, TN: 3
2025-09-14 18:01:13 -     FP: 0, FN: 1
2025-09-14 18:01:13 - Subject: sub_040
2025-09-14 18:01:13 -   Accuracy: 71.429%
2025-09-14 18:01:13 -   Precision: 0.750
2025-09-14 18:01:13 -   Recall: 0.750
2025-09-14 18:01:13 -   F1 Score: 0.750
2025-09-14 18:01:13 -   AUC: 0.833
2025-09-14 18:01:13 -   Correct/Total: 5/7
2025-09-14 18:01:13 -   Confusion Matrix Stats:
2025-09-14 18:01:13 -     TP: 3, TN: 2
2025-09-14 18:01:13 -     FP: 1, FN: 1
2025-09-14 18:01:13 - 
AVO Pooled Model Statistics:
2025-09-14 18:01:13 - 95% Confidence Interval: [0.660, 0.755]
2025-09-14 18:01:13 - Best Subject: sub_032 (1.000)
2025-09-14 18:01:13 - Worst Subject: sub_019 (0.300)
2025-09-14 18:01:13 - Mean Accuracy: 0.695
2025-09-14 18:01:13 - Mean Precision: 0.630
2025-09-14 18:01:13 - Mean Recall: 0.790
2025-09-14 18:01:13 - Mean F1-Score: 0.701
2025-09-14 18:01:13 - Mean AUC: 0.793
2025-09-14 18:01:13 - Mean Confusion Matrix:
2025-09-14 18:01:13 -   TP: 4, TN: 3
2025-09-14 18:01:13 -   FP: 2, FN: 1
