2025-09-14 14:38:17 - 
Experiment Configuration:
2025-09-14 14:38:17 - --------------------------------------------------
2025-09-14 14:38:17 - dataset: ds005863
2025-09-14 14:38:17 - use_combined_datasets: False
2025-09-14 14:38:17 - electrode_list: all
2025-09-14 14:38:17 - classifier: EEGConformer
2025-09-14 14:38:17 - separate_subject_classification: False
2025-09-14 14:38:17 - use_subject_layer: False
2025-09-14 14:38:17 - seeds: [42]
2025-09-14 14:38:17 - --------------------------------------------------
2025-09-14 14:38:17 - 
==================================================
2025-09-14 14:38:17 - Processing Active Visual Oddball Dataset
2025-09-14 14:38:17 - ==================================================
2025-09-14 14:38:26 - 
==================================================
2025-09-14 14:38:26 - Individual Subject Results - AVO
2025-09-14 14:38:26 - ==================================================
2025-09-14 14:38:26 - Subject: sub_001
2025-09-14 14:38:26 -   Accuracy: 66.667%
2025-09-14 14:38:26 -   Precision: 0.600
2025-09-14 14:38:26 -   Recall: 0.750
2025-09-14 14:38:26 -   F1 Score: 0.667
2025-09-14 14:38:26 -   AUC: 0.700
2025-09-14 14:38:26 -   Correct/Total: 6/9
2025-09-14 14:38:26 -   Confusion Matrix Stats:
2025-09-14 14:38:26 -     TP: 3, TN: 3
2025-09-14 14:38:26 -     FP: 2, FN: 1
2025-09-14 14:38:26 - 
AVO Pooled Model Statistics:
2025-09-14 14:38:26 - 95% Confidence Interval: [-0.017, 0.050]
2025-09-14 14:38:26 - Best Subject: sub_001 (0.667)
2025-09-14 14:38:26 - Worst Subject: sub_002 (0.000)
2025-09-14 14:38:26 - Mean Accuracy: 0.667
2025-09-14 14:38:26 - Mean Precision: 0.600
2025-09-14 14:38:26 - Mean Recall: 0.750
2025-09-14 14:38:26 - Mean F1-Score: 0.667
2025-09-14 14:38:26 - Mean AUC: 0.700
2025-09-14 14:38:26 - Mean Confusion Matrix:
2025-09-14 14:38:26 -   TP: 3, TN: 3
2025-09-14 14:38:26 -   FP: 2, FN: 1
