2025-09-09 10:58:34 - 
Experiment Configuration:
2025-09-09 10:58:34 - --------------------------------------------------
2025-09-09 10:58:34 - dataset: ds005863
2025-09-09 10:58:34 - use_combined_datasets: False
2025-09-09 10:58:34 - electrode_list: all
2025-09-09 10:58:34 - classifier: lda
2025-09-09 10:58:34 - separate_subject_classification: False
2025-09-09 10:58:34 - use_subject_layer: False
2025-09-09 10:58:34 - seeds: [42]
2025-09-09 10:58:34 - --------------------------------------------------
2025-09-09 10:58:34 - 
==================================================
2025-09-09 10:58:34 - Processing Active Visual Oddball Dataset
2025-09-09 10:58:34 - ==================================================
2025-09-09 11:00:13 - 
==================================================
2025-09-09 11:00:13 - Individual Subject Results - AVO
2025-09-09 11:00:13 - ==================================================
2025-09-09 11:00:13 - Subject: sub_001
2025-09-09 11:00:13 -   Accuracy: 0.000%
2025-09-09 11:00:13 -   Precision: 0.818
2025-09-09 11:00:13 -   Recall: 0.750
2025-09-09 11:00:13 -   F1 Score: 0.783
2025-09-09 11:00:13 -   AUC: 0.250
2025-09-09 11:00:13 -   Correct/Total: 10/15
2025-09-09 11:00:13 -   Confusion Matrix Stats:
2025-09-09 11:00:13 -     TP: 9, TN: 1
2025-09-09 11:00:13 -     FP: 2, FN: 3
2025-09-09 11:00:13 - Subject: sub_002
2025-09-09 11:00:13 -   Accuracy: 0.000%
2025-09-09 11:00:13 -   Precision: 0.333
2025-09-09 11:00:13 -   Recall: 1.000
2025-09-09 11:00:13 -   F1 Score: 0.500
2025-09-09 11:00:13 -   AUC: 0.333
2025-09-09 11:00:13 -   Correct/Total: 6/12
2025-09-09 11:00:13 -   Confusion Matrix Stats:
2025-09-09 11:00:13 -     TP: 3, TN: 3
2025-09-09 11:00:13 -     FP: 6, FN: 0
2025-09-09 11:00:13 - Subject: sub_003
2025-09-09 11:00:13 -   Accuracy: 0.000%
2025-09-09 11:00:13 -   Precision: 0.385
2025-09-09 11:00:13 -   Recall: 0.833
2025-09-09 11:00:13 -   F1 Score: 0.526
2025-09-09 11:00:13 -   AUC: 0.550
2025-09-09 11:00:13 -   Correct/Total: 7/16
2025-09-09 11:00:13 -   Confusion Matrix Stats:
2025-09-09 11:00:13 -     TP: 5, TN: 2
2025-09-09 11:00:13 -     FP: 8, FN: 1
2025-09-09 11:00:13 - Subject: sub_004
2025-09-09 11:00:13 -   Accuracy: 0.000%
2025-09-09 11:00:13 -   Precision: 0.556
2025-09-09 11:00:13 -   Recall: 0.833
2025-09-09 11:00:13 -   F1 Score: 0.667
2025-09-09 11:00:13 -   AUC: 0.524
2025-09-09 11:00:13 -   Correct/Total: 8/13
2025-09-09 11:00:13 -   Confusion Matrix Stats:
2025-09-09 11:00:13 -     TP: 5, TN: 3
2025-09-09 11:00:13 -     FP: 4, FN: 1
2025-09-09 11:00:13 - Subject: sub_005
2025-09-09 11:00:13 -   Accuracy: 0.000%
2025-09-09 11:00:13 -   Precision: 0.714
2025-09-09 11:00:13 -   Recall: 0.833
2025-09-09 11:00:13 -   F1 Score: 0.769
2025-09-09 11:00:13 -   AUC: 0.722
2025-09-09 11:00:13 -   Correct/Total: 9/12
2025-09-09 11:00:13 -   Confusion Matrix Stats:
2025-09-09 11:00:13 -     TP: 5, TN: 4
2025-09-09 11:00:13 -     FP: 2, FN: 1
2025-09-09 11:00:13 - Subject: sub_006
2025-09-09 11:00:13 -   Accuracy: 0.000%
2025-09-09 11:00:13 -   Precision: 0.250
2025-09-09 11:00:13 -   Recall: 1.000
2025-09-09 11:00:13 -   F1 Score: 0.400
2025-09-09 11:00:13 -   AUC: 0.083
2025-09-09 11:00:13 -   Correct/Total: 2/8
2025-09-09 11:00:13 -   Confusion Matrix Stats:
2025-09-09 11:00:13 -     TP: 2, TN: 0
2025-09-09 11:00:13 -     FP: 6, FN: 0
2025-09-09 11:00:13 - Subject: sub_007
2025-09-09 11:00:13 -   Accuracy: 0.000%
2025-09-09 11:00:13 -   Precision: 0.750
2025-09-09 11:00:13 -   Recall: 1.000
2025-09-09 11:00:13 -   F1 Score: 0.857
2025-09-09 11:00:13 -   AUC: 0.783
2025-09-09 11:00:13 -   Correct/Total: 9/11
2025-09-09 11:00:13 -   Confusion Matrix Stats:
2025-09-09 11:00:13 -     TP: 6, TN: 3
2025-09-09 11:00:13 -     FP: 2, FN: 0
2025-09-09 11:00:13 - Subject: sub_008
2025-09-09 11:00:13 -   Accuracy: 0.000%
2025-09-09 11:00:13 -   Precision: 0.667
2025-09-09 11:00:13 -   Recall: 0.667
2025-09-09 11:00:13 -   F1 Score: 0.667
2025-09-09 11:00:13 -   AUC: 0.667
2025-09-09 11:00:13 -   Correct/Total: 7/9
2025-09-09 11:00:13 -   Confusion Matrix Stats:
2025-09-09 11:00:13 -     TP: 2, TN: 5
2025-09-09 11:00:13 -     FP: 1, FN: 1
2025-09-09 11:00:13 - Subject: sub_009
2025-09-09 11:00:13 -   Accuracy: 0.000%
2025-09-09 11:00:13 -   Precision: 1.000
2025-09-09 11:00:13 -   Recall: 1.000
2025-09-09 11:00:13 -   F1 Score: 1.000
2025-09-09 11:00:13 -   AUC: 1.000
2025-09-09 11:00:13 -   Correct/Total: 9/9
2025-09-09 11:00:13 -   Confusion Matrix Stats:
2025-09-09 11:00:13 -     TP: 7, TN: 2
2025-09-09 11:00:13 -     FP: 0, FN: 0
2025-09-09 11:00:13 - Subject: sub_010
2025-09-09 11:00:13 -   Accuracy: 0.000%
2025-09-09 11:00:13 -   Precision: 0.750
2025-09-09 11:00:13 -   Recall: 0.750
2025-09-09 11:00:13 -   F1 Score: 0.750
2025-09-09 11:00:13 -   AUC: 0.550
2025-09-09 11:00:13 -   Correct/Total: 11/17
2025-09-09 11:00:13 -   Confusion Matrix Stats:
2025-09-09 11:00:13 -     TP: 9, TN: 2
2025-09-09 11:00:13 -     FP: 3, FN: 3
2025-09-09 11:00:13 - Subject: sub_011
2025-09-09 11:00:13 -   Accuracy: 0.000%
2025-09-09 11:00:13 -   Precision: 0.500
2025-09-09 11:00:13 -   Recall: 1.000
2025-09-09 11:00:13 -   F1 Score: 0.667
2025-09-09 11:00:13 -   AUC: 0.521
2025-09-09 11:00:13 -   Correct/Total: 6/10
2025-09-09 11:00:13 -   Confusion Matrix Stats:
2025-09-09 11:00:13 -     TP: 4, TN: 2
2025-09-09 11:00:13 -     FP: 4, FN: 0
2025-09-09 11:00:13 - Subject: sub_012
2025-09-09 11:00:13 -   Accuracy: 0.000%
2025-09-09 11:00:13 -   Precision: 0.556
2025-09-09 11:00:13 -   Recall: 0.714
2025-09-09 11:00:13 -   F1 Score: 0.625
2025-09-09 11:00:13 -   AUC: 0.375
2025-09-09 11:00:13 -   Correct/Total: 9/15
2025-09-09 11:00:13 -   Confusion Matrix Stats:
2025-09-09 11:00:13 -     TP: 5, TN: 4
2025-09-09 11:00:13 -     FP: 4, FN: 2
2025-09-09 11:00:13 - Subject: sub_013
2025-09-09 11:00:13 -   Accuracy: 0.000%
2025-09-09 11:00:13 -   Precision: 0.857
2025-09-09 11:00:13 -   Recall: 1.000
2025-09-09 11:00:13 -   F1 Score: 0.923
2025-09-09 11:00:13 -   AUC: 0.792
2025-09-09 11:00:13 -   Correct/Total: 9/10
2025-09-09 11:00:13 -   Confusion Matrix Stats:
2025-09-09 11:00:13 -     TP: 6, TN: 3
2025-09-09 11:00:13 -     FP: 1, FN: 0
2025-09-09 11:00:13 - Subject: sub_014
2025-09-09 11:00:13 -   Accuracy: 0.000%
2025-09-09 11:00:13 -   Precision: 0.714
2025-09-09 11:00:13 -   Recall: 0.714
2025-09-09 11:00:13 -   F1 Score: 0.714
2025-09-09 11:00:13 -   AUC: 0.771
2025-09-09 11:00:13 -   Correct/Total: 13/17
2025-09-09 11:00:13 -   Confusion Matrix Stats:
2025-09-09 11:00:13 -     TP: 5, TN: 8
2025-09-09 11:00:13 -     FP: 2, FN: 2
2025-09-09 11:00:13 - Subject: sub_015
2025-09-09 11:00:13 -   Accuracy: 0.000%
2025-09-09 11:00:13 -   Precision: 0.833
2025-09-09 11:00:13 -   Recall: 0.714
2025-09-09 11:00:13 -   F1 Score: 0.769
2025-09-09 11:00:13 -   AUC: 0.589
2025-09-09 11:00:13 -   Correct/Total: 8/11
2025-09-09 11:00:13 -   Confusion Matrix Stats:
2025-09-09 11:00:13 -     TP: 5, TN: 3
2025-09-09 11:00:13 -     FP: 1, FN: 2
2025-09-09 11:00:13 - Subject: sub_016
2025-09-09 11:00:13 -   Accuracy: 0.000%
2025-09-09 11:00:13 -   Precision: 0.250
2025-09-09 11:00:13 -   Recall: 0.333
2025-09-09 11:00:13 -   F1 Score: 0.286
2025-09-09 11:00:13 -   AUC: 0.323
2025-09-09 11:00:13 -   Correct/Total: 4/14
2025-09-09 11:00:13 -   Confusion Matrix Stats:
2025-09-09 11:00:13 -     TP: 2, TN: 2
2025-09-09 11:00:13 -     FP: 6, FN: 4
2025-09-09 11:00:13 - Subject: sub_017
2025-09-09 11:00:13 -   Accuracy: 0.000%
2025-09-09 11:00:13 -   Precision: 0.429
2025-09-09 11:00:13 -   Recall: 0.750
2025-09-09 11:00:13 -   F1 Score: 0.545
2025-09-09 11:00:13 -   AUC: 0.542
2025-09-09 11:00:13 -   Correct/Total: 5/10
2025-09-09 11:00:13 -   Confusion Matrix Stats:
2025-09-09 11:00:13 -     TP: 3, TN: 2
2025-09-09 11:00:13 -     FP: 4, FN: 1
2025-09-09 11:00:13 - Subject: sub_018
2025-09-09 11:00:13 -   Accuracy: 0.000%
2025-09-09 11:00:13 -   Precision: 0.800
2025-09-09 11:00:13 -   Recall: 0.889
2025-09-09 11:00:13 -   F1 Score: 0.842
2025-09-09 11:00:13 -   AUC: 0.778
2025-09-09 11:00:13 -   Correct/Total: 11/14
2025-09-09 11:00:13 -   Confusion Matrix Stats:
2025-09-09 11:00:13 -     TP: 8, TN: 3
2025-09-09 11:00:13 -     FP: 2, FN: 1
2025-09-09 11:00:13 - Subject: sub_019
2025-09-09 11:00:13 -   Accuracy: 0.000%
2025-09-09 11:00:13 -   Precision: 0.667
2025-09-09 11:00:13 -   Recall: 0.800
2025-09-09 11:00:13 -   F1 Score: 0.727
2025-09-09 11:00:13 -   AUC: 0.350
2025-09-09 11:00:13 -   Correct/Total: 4/7
2025-09-09 11:00:13 -   Confusion Matrix Stats:
2025-09-09 11:00:13 -     TP: 4, TN: 0
2025-09-09 11:00:13 -     FP: 2, FN: 1
2025-09-09 11:00:13 - Subject: sub_020
2025-09-09 11:00:13 -   Accuracy: 0.000%
2025-09-09 11:00:13 -   Precision: 0.857
2025-09-09 11:00:13 -   Recall: 0.857
2025-09-09 11:00:13 -   F1 Score: 0.857
2025-09-09 11:00:13 -   AUC: 0.667
2025-09-09 11:00:13 -   Correct/Total: 8/10
2025-09-09 11:00:13 -   Confusion Matrix Stats:
2025-09-09 11:00:13 -     TP: 6, TN: 2
2025-09-09 11:00:13 -     FP: 1, FN: 1
2025-09-09 11:00:13 - Subject: sub_021
2025-09-09 11:00:13 -   Accuracy: 0.000%
2025-09-09 11:00:13 -   Precision: 0.857
2025-09-09 11:00:13 -   Recall: 0.750
2025-09-09 11:00:13 -   F1 Score: 0.800
2025-09-09 11:00:13 -   AUC: 0.771
2025-09-09 11:00:13 -   Correct/Total: 11/14
2025-09-09 11:00:13 -   Confusion Matrix Stats:
2025-09-09 11:00:13 -     TP: 6, TN: 5
2025-09-09 11:00:13 -     FP: 1, FN: 2
2025-09-09 11:00:13 - Subject: sub_022
2025-09-09 11:00:13 -   Accuracy: 0.000%
2025-09-09 11:00:13 -   Precision: 0.600
2025-09-09 11:00:13 -   Recall: 0.500
2025-09-09 11:00:13 -   F1 Score: 0.545
2025-09-09 11:00:13 -   AUC: 0.726
2025-09-09 11:00:13 -   Correct/Total: 8/13
2025-09-09 11:00:13 -   Confusion Matrix Stats:
2025-09-09 11:00:13 -     TP: 3, TN: 5
2025-09-09 11:00:13 -     FP: 2, FN: 3
2025-09-09 11:00:13 - Subject: sub_023
2025-09-09 11:00:13 -   Accuracy: 0.000%
2025-09-09 11:00:13 -   Precision: 0.667
2025-09-09 11:00:13 -   Recall: 1.000
2025-09-09 11:00:13 -   F1 Score: 0.800
2025-09-09 11:00:13 -   AUC: 0.778
2025-09-09 11:00:13 -   Correct/Total: 15/18
2025-09-09 11:00:13 -   Confusion Matrix Stats:
2025-09-09 11:00:13 -     TP: 6, TN: 9
2025-09-09 11:00:13 -     FP: 3, FN: 0
2025-09-09 11:00:13 - Subject: sub_024
2025-09-09 11:00:13 -   Accuracy: 0.000%
2025-09-09 11:00:13 -   Precision: 0.667
2025-09-09 11:00:13 -   Recall: 1.000
2025-09-09 11:00:13 -   F1 Score: 0.800
2025-09-09 11:00:13 -   AUC: 0.875
2025-09-09 11:00:13 -   Correct/Total: 9/10
2025-09-09 11:00:13 -   Confusion Matrix Stats:
2025-09-09 11:00:13 -     TP: 2, TN: 7
2025-09-09 11:00:13 -     FP: 1, FN: 0
2025-09-09 11:00:13 - Subject: sub_025
2025-09-09 11:00:13 -   Accuracy: 0.000%
2025-09-09 11:00:13 -   Precision: 0.800
2025-09-09 11:00:13 -   Recall: 1.000
2025-09-09 11:00:13 -   F1 Score: 0.889
2025-09-09 11:00:13 -   AUC: 0.819
2025-09-09 11:00:13 -   Correct/Total: 15/17
2025-09-09 11:00:13 -   Confusion Matrix Stats:
2025-09-09 11:00:13 -     TP: 8, TN: 7
2025-09-09 11:00:13 -     FP: 2, FN: 0
2025-09-09 11:00:13 - Subject: sub_026
2025-09-09 11:00:13 -   Accuracy: 0.000%
2025-09-09 11:00:13 -   Precision: 0.600
2025-09-09 11:00:13 -   Recall: 0.667
2025-09-09 11:00:13 -   F1 Score: 0.632
2025-09-09 11:00:13 -   AUC: 0.646
2025-09-09 11:00:13 -   Correct/Total: 10/17
2025-09-09 11:00:13 -   Confusion Matrix Stats:
2025-09-09 11:00:13 -     TP: 6, TN: 4
2025-09-09 11:00:13 -     FP: 4, FN: 3
2025-09-09 11:00:13 - Subject: sub_027
2025-09-09 11:00:13 -   Accuracy: 0.000%
2025-09-09 11:00:13 -   Precision: 0.636
2025-09-09 11:00:13 -   Recall: 0.778
2025-09-09 11:00:13 -   F1 Score: 0.700
2025-09-09 11:00:13 -   AUC: 0.628
2025-09-09 11:00:13 -   Correct/Total: 13/19
2025-09-09 11:00:13 -   Confusion Matrix Stats:
2025-09-09 11:00:13 -     TP: 7, TN: 6
2025-09-09 11:00:13 -     FP: 4, FN: 2
2025-09-09 11:00:13 - Subject: sub_028
2025-09-09 11:00:13 -   Accuracy: 0.000%
2025-09-09 11:00:13 -   Precision: 0.778
2025-09-09 11:00:13 -   Recall: 0.700
2025-09-09 11:00:13 -   F1 Score: 0.737
2025-09-09 11:00:13 -   AUC: 0.688
2025-09-09 11:00:13 -   Correct/Total: 13/18
2025-09-09 11:00:13 -   Confusion Matrix Stats:
2025-09-09 11:00:13 -     TP: 7, TN: 6
2025-09-09 11:00:13 -     FP: 2, FN: 3
2025-09-09 11:00:13 - Subject: sub_029
2025-09-09 11:00:13 -   Accuracy: 0.000%
2025-09-09 11:00:13 -   Precision: 0.733
2025-09-09 11:00:13 -   Recall: 1.000
2025-09-09 11:00:13 -   F1 Score: 0.846
2025-09-09 11:00:13 -   AUC: 0.429
2025-09-09 11:00:13 -   Correct/Total: 14/18
2025-09-09 11:00:13 -   Confusion Matrix Stats:
2025-09-09 11:00:13 -     TP: 11, TN: 3
2025-09-09 11:00:13 -     FP: 4, FN: 0
2025-09-09 11:00:13 - Subject: sub_030
2025-09-09 11:00:13 -   Accuracy: 0.000%
2025-09-09 11:00:13 -   Precision: 0.733
2025-09-09 11:00:13 -   Recall: 1.000
2025-09-09 11:00:13 -   F1 Score: 0.846
2025-09-09 11:00:13 -   AUC: 0.642
2025-09-09 11:00:13 -   Correct/Total: 15/19
2025-09-09 11:00:13 -   Confusion Matrix Stats:
2025-09-09 11:00:13 -     TP: 11, TN: 4
2025-09-09 11:00:13 -     FP: 4, FN: 0
2025-09-09 11:00:13 - Subject: sub_031
2025-09-09 11:00:13 -   Accuracy: 0.000%
2025-09-09 11:00:13 -   Precision: 0.600
2025-09-09 11:00:13 -   Recall: 0.750
2025-09-09 11:00:13 -   F1 Score: 0.667
2025-09-09 11:00:13 -   AUC: 0.625
2025-09-09 11:00:13 -   Correct/Total: 10/16
2025-09-09 11:00:13 -   Confusion Matrix Stats:
2025-09-09 11:00:13 -     TP: 6, TN: 4
2025-09-09 11:00:13 -     FP: 4, FN: 2
2025-09-09 11:00:13 - Subject: sub_032
2025-09-09 11:00:13 -   Accuracy: 0.000%
2025-09-09 11:00:13 -   Precision: 0.750
2025-09-09 11:00:13 -   Recall: 1.000
2025-09-09 11:00:13 -   F1 Score: 0.857
2025-09-09 11:00:13 -   AUC: 0.714
2025-09-09 11:00:13 -   Correct/Total: 11/13
2025-09-09 11:00:13 -   Confusion Matrix Stats:
2025-09-09 11:00:13 -     TP: 6, TN: 5
2025-09-09 11:00:13 -     FP: 2, FN: 0
2025-09-09 11:00:13 - Subject: sub_033
2025-09-09 11:00:13 -   Accuracy: 0.000%
2025-09-09 11:00:13 -   Precision: 0.444
2025-09-09 11:00:13 -   Recall: 0.667
2025-09-09 11:00:13 -   F1 Score: 0.533
2025-09-09 11:00:13 -   AUC: 0.583
2025-09-09 11:00:13 -   Correct/Total: 9/16
2025-09-09 11:00:13 -   Confusion Matrix Stats:
2025-09-09 11:00:13 -     TP: 4, TN: 5
2025-09-09 11:00:13 -     FP: 5, FN: 2
2025-09-09 11:00:13 - Subject: sub_034
2025-09-09 11:00:13 -   Accuracy: 0.000%
2025-09-09 11:00:13 -   Precision: 0.667
2025-09-09 11:00:13 -   Recall: 0.667
2025-09-09 11:00:13 -   F1 Score: 0.667
2025-09-09 11:00:13 -   AUC: 0.767
2025-09-09 11:00:13 -   Correct/Total: 11/13
2025-09-09 11:00:13 -   Confusion Matrix Stats:
2025-09-09 11:00:13 -     TP: 2, TN: 9
2025-09-09 11:00:13 -     FP: 1, FN: 1
2025-09-09 11:00:13 - Subject: sub_035
2025-09-09 11:00:13 -   Accuracy: 0.000%
2025-09-09 11:00:13 -   Precision: 0.333
2025-09-09 11:00:13 -   Recall: 1.000
2025-09-09 11:00:13 -   F1 Score: 0.500
2025-09-09 11:00:13 -   AUC: 0.750
2025-09-09 11:00:13 -   Correct/Total: 4/8
2025-09-09 11:00:13 -   Confusion Matrix Stats:
2025-09-09 11:00:13 -     TP: 2, TN: 2
2025-09-09 11:00:13 -     FP: 4, FN: 0
2025-09-09 11:00:13 - Subject: sub_036
2025-09-09 11:00:13 -   Accuracy: 0.000%
2025-09-09 11:00:13 -   Precision: 0.714
2025-09-09 11:00:13 -   Recall: 1.000
2025-09-09 11:00:13 -   F1 Score: 0.833
2025-09-09 11:00:13 -   AUC: 0.680
2025-09-09 11:00:13 -   Correct/Total: 8/10
2025-09-09 11:00:13 -   Confusion Matrix Stats:
2025-09-09 11:00:13 -     TP: 5, TN: 3
2025-09-09 11:00:13 -     FP: 2, FN: 0
2025-09-09 11:00:13 - Subject: sub_037
2025-09-09 11:00:13 -   Accuracy: 0.000%
2025-09-09 11:00:13 -   Precision: 0.857
2025-09-09 11:00:13 -   Recall: 1.000
2025-09-09 11:00:13 -   F1 Score: 0.923
2025-09-09 11:00:13 -   AUC: 0.833
2025-09-09 11:00:13 -   Correct/Total: 11/12
2025-09-09 11:00:13 -   Confusion Matrix Stats:
2025-09-09 11:00:13 -     TP: 6, TN: 5
2025-09-09 11:00:13 -     FP: 1, FN: 0
2025-09-09 11:00:13 - Subject: sub_038
2025-09-09 11:00:13 -   Accuracy: 0.000%
2025-09-09 11:00:13 -   Precision: 0.800
2025-09-09 11:00:13 -   Recall: 0.667
2025-09-09 11:00:13 -   F1 Score: 0.727
2025-09-09 11:00:13 -   AUC: 0.767
2025-09-09 11:00:13 -   Correct/Total: 8/11
2025-09-09 11:00:13 -   Confusion Matrix Stats:
2025-09-09 11:00:13 -     TP: 4, TN: 4
2025-09-09 11:00:13 -     FP: 1, FN: 2
2025-09-09 11:00:13 - Subject: sub_039
2025-09-09 11:00:13 -   Accuracy: 0.000%
2025-09-09 11:00:13 -   Precision: 0.667
2025-09-09 11:00:13 -   Recall: 0.333
2025-09-09 11:00:13 -   F1 Score: 0.444
2025-09-09 11:00:13 -   AUC: 0.600
2025-09-09 11:00:13 -   Correct/Total: 6/11
2025-09-09 11:00:13 -   Confusion Matrix Stats:
2025-09-09 11:00:13 -     TP: 2, TN: 4
2025-09-09 11:00:13 -     FP: 1, FN: 4
2025-09-09 11:00:13 - Subject: sub_040
2025-09-09 11:00:13 -   Accuracy: 0.000%
2025-09-09 11:00:13 -   Precision: 0.889
2025-09-09 11:00:13 -   Recall: 0.615
2025-09-09 11:00:13 -   F1 Score: 0.727
2025-09-09 11:00:13 -   AUC: 0.731
2025-09-09 11:00:13 -   Correct/Total: 13/19
2025-09-09 11:00:13 -   Confusion Matrix Stats:
2025-09-09 11:00:13 -     TP: 8, TN: 5
2025-09-09 11:00:13 -     FP: 1, FN: 5
2025-09-09 11:00:13 - 
AVO Pooled Model Statistics:
2025-09-09 11:00:13 - Mean Accuracy: 0.691
2025-09-09 11:00:13 - 95% Confidence Interval: [0.638, 0.744]
2025-09-09 11:00:13 - Best Subject: sub_009 (1.000)
2025-09-09 11:00:13 - Worst Subject: sub_006 (0.250)
2025-09-09 11:00:13 - Mean Precision: 0.659
2025-09-09 11:00:13 - Mean Recall: 0.801
2025-09-09 11:00:13 - Mean F1-Score: 0.723
2025-09-09 11:00:13 - Mean AUC: 0.631
2025-09-09 11:00:13 - Mean Confusion Matrix:
2025-09-09 11:00:13 -   TP: 5, TN: 4
2025-09-09 11:00:13 -   FP: 3, FN: 1
