2025-09-26 17:58:21 - 
Experiment Configuration:
2025-09-26 17:58:21 - --------------------------------------------------
2025-09-26 17:58:21 - dataset: ds005863
2025-09-26 17:58:21 - use_combined_datasets: False
2025-09-26 17:58:21 - electrode_list: all
2025-09-26 17:58:21 - classifier: EEGConformer
2025-09-26 17:58:21 - separate_subject_classification: False
2025-09-26 17:58:21 - use_subject_layer: False
2025-09-26 17:58:21 - seeds: [42, 123, 456, 789, 321]
2025-09-26 17:58:21 - use_nested_cv: True
2025-09-26 17:58:21 - electrode_fusion_method: none
2025-09-26 17:58:21 - domain_adaptation_method: none
2025-09-26 17:58:21 - enable_comprehensive_evaluation: True
2025-09-26 17:58:21 - enable_domain_analysis: True
2025-09-26 17:58:21 - enable_small_sample_analysis: False
2025-09-26 17:58:21 - small_sample_sizes: [5, 10, 15, 20]
2025-09-26 17:58:21 - small_sample_subjects: [5, 10, 15]
2025-09-26 17:58:21 - --------------------------------------------------
2025-09-26 17:58:21 - 
==================================================
2025-09-26 17:58:21 - Processing Active Visual Oddball Dataset
2025-09-26 17:58:21 - ==================================================
2025-09-26 17:58:21 - Using Cross-Validation (simplified approach)
2025-09-26 17:58:21 - Configuration: 5-fold CV, 5 repeats
2025-09-26 17:58:21 - ============================================================
2025-09-26 17:58:21 - CROSS-VALIDATION CONFIGURATION
2025-09-26 17:58:21 - ============================================================
2025-09-26 17:58:21 - Datasets: ['AVO']
2025-09-26 17:58:21 - CV folds: 5
2025-09-26 17:58:21 - Repeats: 5
2025-09-26 17:58:21 - Confidence level: 0.95
2025-09-26 17:58:21 - ============================================================
2025-09-26 17:58:21 - STRATIFIED SAMPLING CONFIGURATION
2025-09-26 17:58:21 - ============================================================
2025-09-26 17:58:21 - Nested CV Mode: Trial counts per subject by dataset
2025-09-26 17:58:21 -   AVO dataset: 20 trials per subject
2025-09-26 17:58:21 - Sampling strategy: Multi-level stratified sampling
2025-09-26 17:58:21 -   - Subject-level: Stratified trial selection per subject
2025-09-26 17:58:21 -   - Dataset-level: Stratified sampling when dataset trial counts differ
2025-09-26 17:58:21 -   - Fold-level: StratifiedKFold for 5-fold CV
2025-09-26 17:58:21 -   - Train/Val split: Stratified train_test_split within each fold
2025-09-26 17:58:21 - ============================================================
2025-09-26 17:58:21 - Subject sub_001: Sampled 20/70 trials
2025-09-26 17:58:21 -   Original distribution: {0: 0.5, 1: 0.5}
2025-09-26 17:58:21 -   Sampled distribution: {0: 0.5, 1: 0.5}
2025-09-26 17:58:21 - Subject sub_002: Sampled 20/70 trials
2025-09-26 17:58:21 -   Original distribution: {0: 0.5, 1: 0.5}
2025-09-26 17:58:21 -   Sampled distribution: {0: 0.5, 1: 0.5}
2025-09-26 17:58:21 - Subject sub_003: Sampled 20/88 trials
2025-09-26 17:58:21 -   Original distribution: {0: 0.5, 1: 0.5}
2025-09-26 17:58:21 -   Sampled distribution: {0: 0.5, 1: 0.5}
2025-09-26 17:58:22 - Subject sub_004: Sampled 20/84 trials
2025-09-26 17:58:22 -   Original distribution: {0: 0.5, 1: 0.5}
2025-09-26 17:58:22 -   Sampled distribution: {0: 0.5, 1: 0.5}
2025-09-26 17:58:22 - Subject sub_005: Sampled 20/70 trials
2025-09-26 17:58:22 -   Original distribution: {0: 0.5, 1: 0.5}
2025-09-26 17:58:22 -   Sampled distribution: {0: 0.5, 1: 0.5}
2025-09-26 17:58:22 - Subject sub_006: Sampled 20/74 trials
2025-09-26 17:58:22 -   Original distribution: {0: 0.5, 1: 0.5}
2025-09-26 17:58:22 -   Sampled distribution: {0: 0.5, 1: 0.5}
2025-09-26 17:58:22 - Subject sub_007: Sampled 20/78 trials
2025-09-26 17:58:22 -   Original distribution: {0: 0.5, 1: 0.5}
2025-09-26 17:58:22 -   Sampled distribution: {0: 0.5, 1: 0.5}
2025-09-26 17:58:22 - Subject sub_008: Sampled 20/72 trials
2025-09-26 17:58:22 -   Original distribution: {0: 0.5, 1: 0.5}
2025-09-26 17:58:22 -   Sampled distribution: {0: 0.5, 1: 0.5}
2025-09-26 17:58:22 - Subject sub_009: Sampled 20/76 trials
2025-09-26 17:58:22 -   Original distribution: {0: 0.5, 1: 0.5}
2025-09-26 17:58:22 -   Sampled distribution: {0: 0.5, 1: 0.5}
2025-09-26 17:58:22 - Subject sub_010: Sampled 20/70 trials
2025-09-26 17:58:22 -   Original distribution: {0: 0.5, 1: 0.5}
2025-09-26 17:58:22 -   Sampled distribution: {0: 0.5, 1: 0.5}
2025-09-26 17:58:23 - Subject sub_011: Sampled 20/60 trials
2025-09-26 17:58:23 -   Original distribution: {0: 0.5, 1: 0.5}
2025-09-26 17:58:23 -   Sampled distribution: {0: 0.5, 1: 0.5}
2025-09-26 17:58:23 - Subject sub_012: Sampled 20/72 trials
2025-09-26 17:58:23 -   Original distribution: {0: 0.5, 1: 0.5}
2025-09-26 17:58:23 -   Sampled distribution: {0: 0.5, 1: 0.5}
2025-09-26 17:58:23 - Subject sub_013: Sampled 20/72 trials
2025-09-26 17:58:23 -   Original distribution: {0: 0.5, 1: 0.5}
2025-09-26 17:58:23 -   Sampled distribution: {0: 0.5, 1: 0.5}
2025-09-26 17:58:23 - Subject sub_014: Sampled 20/72 trials
2025-09-26 17:58:23 -   Original distribution: {0: 0.5, 1: 0.5}
2025-09-26 17:58:23 -   Sampled distribution: {0: 0.5, 1: 0.5}
2025-09-26 17:58:23 - Subject sub_015: Sampled 20/56 trials
2025-09-26 17:58:23 -   Original distribution: {0: 0.5, 1: 0.5}
2025-09-26 17:58:23 -   Sampled distribution: {0: 0.5, 1: 0.5}
2025-09-26 17:58:23 - Subject sub_016: Sampled 20/70 trials
2025-09-26 17:58:23 -   Original distribution: {0: 0.5, 1: 0.5}
2025-09-26 17:58:23 -   Sampled distribution: {0: 0.5, 1: 0.5}
2025-09-26 17:58:24 - Subject sub_017: Sampled 20/74 trials
2025-09-26 17:58:24 -   Original distribution: {0: 0.5, 1: 0.5}
2025-09-26 17:58:24 -   Sampled distribution: {0: 0.5, 1: 0.5}
2025-09-26 17:58:24 - Subject sub_018: Sampled 20/22 trials
2025-09-26 17:58:24 -   Original distribution: {0: 0.5, 1: 0.5}
2025-09-26 17:58:24 -   Sampled distribution: {0: 0.5, 1: 0.5}
2025-09-26 17:58:24 - Subject sub_019: Sampled 20/76 trials
2025-09-26 17:58:24 -   Original distribution: {0: 0.5, 1: 0.5}
2025-09-26 17:58:24 -   Sampled distribution: {0: 0.5, 1: 0.5}
2025-09-26 17:58:24 - Subject sub_020: Sampled 20/76 trials
2025-09-26 17:58:24 -   Original distribution: {0: 0.5, 1: 0.5}
2025-09-26 17:58:24 -   Sampled distribution: {0: 0.5, 1: 0.5}
2025-09-26 17:58:24 - Subject sub_021: Sampled 20/82 trials
2025-09-26 17:58:24 -   Original distribution: {0: 0.5, 1: 0.5}
2025-09-26 17:58:24 -   Sampled distribution: {0: 0.5, 1: 0.5}
2025-09-26 17:58:24 - Subject sub_022: Sampled 20/72 trials
2025-09-26 17:58:24 -   Original distribution: {0: 0.5, 1: 0.5}
2025-09-26 17:58:24 -   Sampled distribution: {0: 0.5, 1: 0.5}
2025-09-26 17:58:24 - Subject sub_023: Sampled 20/78 trials
2025-09-26 17:58:24 -   Original distribution: {0: 0.5, 1: 0.5}
2025-09-26 17:58:24 -   Sampled distribution: {0: 0.5, 1: 0.5}
2025-09-26 17:58:25 - Subject sub_024: Sampled 20/92 trials
2025-09-26 17:58:25 -   Original distribution: {0: 0.5, 1: 0.5}
2025-09-26 17:58:25 -   Sampled distribution: {0: 0.5, 1: 0.5}
2025-09-26 17:58:25 - Subject sub_025: Sampled 20/64 trials
2025-09-26 17:58:25 -   Original distribution: {0: 0.5, 1: 0.5}
2025-09-26 17:58:25 -   Sampled distribution: {0: 0.5, 1: 0.5}
2025-09-26 17:58:25 - Subject sub_026: Sampled 20/80 trials
2025-09-26 17:58:25 -   Original distribution: {0: 0.5, 1: 0.5}
2025-09-26 17:58:25 -   Sampled distribution: {0: 0.5, 1: 0.5}
2025-09-26 17:58:25 - Subject sub_027: Sampled 20/68 trials
2025-09-26 17:58:25 -   Original distribution: {0: 0.5, 1: 0.5}
2025-09-26 17:58:25 -   Sampled distribution: {0: 0.5, 1: 0.5}
2025-09-26 17:58:25 - Subject sub_028: Sampled 20/84 trials
2025-09-26 17:58:25 -   Original distribution: {0: 0.5, 1: 0.5}
2025-09-26 17:58:25 -   Sampled distribution: {0: 0.5, 1: 0.5}
2025-09-26 17:58:25 - Subject sub_029: Sampled 20/84 trials
2025-09-26 17:58:25 -   Original distribution: {0: 0.5, 1: 0.5}
2025-09-26 17:58:25 -   Sampled distribution: {0: 0.5, 1: 0.5}
2025-09-26 17:58:25 - Subject sub_030: Sampled 20/72 trials
2025-09-26 17:58:25 -   Original distribution: {0: 0.5, 1: 0.5}
2025-09-26 17:58:25 -   Sampled distribution: {0: 0.5, 1: 0.5}
2025-09-26 17:58:26 - Subject sub_031: Sampled 20/88 trials
2025-09-26 17:58:26 -   Original distribution: {0: 0.5, 1: 0.5}
2025-09-26 17:58:26 -   Sampled distribution: {0: 0.5, 1: 0.5}
2025-09-26 17:58:26 - Subject sub_032: Sampled 20/96 trials
2025-09-26 17:58:26 -   Original distribution: {0: 0.5, 1: 0.5}
2025-09-26 17:58:26 -   Sampled distribution: {0: 0.5, 1: 0.5}
2025-09-26 17:58:26 - Subject sub_033: Sampled 20/78 trials
2025-09-26 17:58:26 -   Original distribution: {0: 0.5, 1: 0.5}
2025-09-26 17:58:26 -   Sampled distribution: {0: 0.5, 1: 0.5}
2025-09-26 17:58:26 - Subject sub_034: Sampled 20/72 trials
2025-09-26 17:58:26 -   Original distribution: {0: 0.5, 1: 0.5}
2025-09-26 17:58:26 -   Sampled distribution: {0: 0.5, 1: 0.5}
2025-09-26 17:58:26 - Subject sub_035: Sampled 20/88 trials
2025-09-26 17:58:26 -   Original distribution: {0: 0.5, 1: 0.5}
2025-09-26 17:58:26 -   Sampled distribution: {0: 0.5, 1: 0.5}
2025-09-26 17:58:26 - Subject sub_036: Sampled 20/84 trials
2025-09-26 17:58:26 -   Original distribution: {0: 0.5, 1: 0.5}
2025-09-26 17:58:26 -   Sampled distribution: {0: 0.5, 1: 0.5}
2025-09-26 17:58:26 - Subject sub_037: Sampled 20/86 trials
2025-09-26 17:58:26 -   Original distribution: {0: 0.5, 1: 0.5}
2025-09-26 17:58:26 -   Sampled distribution: {0: 0.5, 1: 0.5}
2025-09-26 17:58:27 - Subject sub_038: Sampled 20/100 trials
2025-09-26 17:58:27 -   Original distribution: {0: 0.5, 1: 0.5}
2025-09-26 17:58:27 -   Sampled distribution: {0: 0.5, 1: 0.5}
2025-09-26 17:58:27 - Subject sub_039: Sampled 20/70 trials
2025-09-26 17:58:27 -   Original distribution: {0: 0.5, 1: 0.5}
2025-09-26 17:58:27 -   Sampled distribution: {0: 0.5, 1: 0.5}
2025-09-26 17:58:27 - Subject sub_040: Sampled 20/84 trials
2025-09-26 17:58:27 -   Original distribution: {0: 0.5, 1: 0.5}
2025-09-26 17:58:27 -   Sampled distribution: {0: 0.5, 1: 0.5}
2025-09-26 17:58:27 - Nested CV dataset summary:
2025-09-26 17:58:27 -   Total subjects: 40
2025-09-26 17:58:27 -   Total trials: 800
2025-09-26 17:58:27 -   Average trials per subject: 20.0
2025-09-26 17:58:27 -   AVO dataset: 0 subjects, 800 trials (inf trials/subject)
2025-09-26 17:58:27 -   Class distribution: {0: 400, 1: 400}
2025-09-26 17:58:27 -   Class proportions: [0.5 0.5]
2025-09-26 17:58:27 - Enhanced preprocessing increased channels from 5 to 25
2025-09-26 17:58:27 - Starting Cross-Validation for EEGConformer
2025-09-26 17:58:27 - Configuration: 5-fold CV, 5 repeats
2025-09-26 17:58:27 - Data split ratios: Train=0.7, Val=0.1, Test=0.2
2025-09-26 17:58:27 - Repeat 1/5
2025-09-26 17:58:27 -   Fold 1/5
2025-09-26 17:58:27 -     Fold split: Train=560, Val=80
2025-09-26 17:58:30 -     Test accuracy: 0.5000
2025-09-26 17:58:30 -   Fold 2/5
2025-09-26 17:58:30 -     Fold split: Train=560, Val=80
2025-09-26 17:58:33 -     Test accuracy: 0.5000
2025-09-26 17:58:33 -   Fold 3/5
2025-09-26 17:58:33 -     Fold split: Train=560, Val=80
2025-09-26 17:58:36 -     Test accuracy: 0.5000
2025-09-26 17:58:36 -   Fold 4/5
2025-09-26 17:58:36 -     Fold split: Train=560, Val=80
2025-09-26 17:58:39 -     Test accuracy: 0.5000
2025-09-26 17:58:39 -   Fold 5/5
2025-09-26 17:58:39 -     Fold split: Train=560, Val=80
2025-09-26 17:58:48 -     Test accuracy: 0.7063
2025-09-26 17:58:48 -   Repeat 1 mean accuracy: 0.5413 ± 0.0825
2025-09-26 17:58:48 - Repeat 2/5
2025-09-26 17:58:48 -   Fold 1/5
2025-09-26 17:58:48 -     Fold split: Train=560, Val=80
2025-09-26 17:58:56 -     Test accuracy: 0.6438
2025-09-26 17:58:56 -   Fold 2/5
2025-09-26 17:58:56 -     Fold split: Train=560, Val=80
2025-09-26 17:58:59 -     Test accuracy: 0.5000
2025-09-26 17:58:59 -   Fold 3/5
2025-09-26 17:58:59 -     Fold split: Train=560, Val=80
2025-09-26 17:59:05 -     Test accuracy: 0.6875
2025-09-26 17:59:05 -   Fold 4/5
2025-09-26 17:59:05 -     Fold split: Train=560, Val=80
2025-09-26 17:59:07 -     Test accuracy: 0.5000
2025-09-26 17:59:07 -   Fold 5/5
2025-09-26 17:59:07 -     Fold split: Train=560, Val=80
2025-09-26 17:59:10 -     Test accuracy: 0.5000
2025-09-26 17:59:10 -   Repeat 2 mean accuracy: 0.5662 ± 0.0823
2025-09-26 17:59:10 - Repeat 3/5
2025-09-26 17:59:10 -   Fold 1/5
2025-09-26 17:59:10 -     Fold split: Train=560, Val=80
2025-09-26 17:59:13 -     Test accuracy: 0.5000
2025-09-26 17:59:13 -   Fold 2/5
2025-09-26 17:59:13 -     Fold split: Train=560, Val=80
2025-09-26 17:59:22 -     Test accuracy: 0.6438
2025-09-26 17:59:22 -   Fold 3/5
2025-09-26 17:59:22 -     Fold split: Train=560, Val=80
2025-09-26 17:59:25 -     Test accuracy: 0.5000
2025-09-26 17:59:25 -   Fold 4/5
2025-09-26 17:59:25 -     Fold split: Train=560, Val=80
2025-09-26 17:59:35 -     Test accuracy: 0.5938
2025-09-26 17:59:35 -   Fold 5/5
2025-09-26 17:59:35 -     Fold split: Train=560, Val=80
2025-09-26 17:59:38 -     Test accuracy: 0.5000
2025-09-26 17:59:38 -   Repeat 3 mean accuracy: 0.5475 ± 0.0603
2025-09-26 17:59:38 - Repeat 4/5
2025-09-26 17:59:38 -   Fold 1/5
2025-09-26 17:59:38 -     Fold split: Train=560, Val=80
2025-09-26 17:59:42 -     Test accuracy: 0.5000
2025-09-26 17:59:42 -   Fold 2/5
2025-09-26 17:59:42 -     Fold split: Train=560, Val=80
2025-09-26 17:59:50 -     Test accuracy: 0.6562
2025-09-26 17:59:50 -   Fold 3/5
2025-09-26 17:59:50 -     Fold split: Train=560, Val=80
2025-09-26 17:59:53 -     Test accuracy: 0.5000
2025-09-26 17:59:53 -   Fold 4/5
2025-09-26 17:59:53 -     Fold split: Train=560, Val=80
2025-09-26 17:59:58 -     Test accuracy: 0.5875
2025-09-26 17:59:58 -   Fold 5/5
2025-09-26 17:59:58 -     Fold split: Train=560, Val=80
2025-09-26 18:00:05 -     Test accuracy: 0.6813
2025-09-26 18:00:05 -   Repeat 4 mean accuracy: 0.5850 ± 0.0759
2025-09-26 18:00:05 - Repeat 5/5
2025-09-26 18:00:05 -   Fold 1/5
2025-09-26 18:00:05 -     Fold split: Train=560, Val=80
2025-09-26 18:00:08 -     Test accuracy: 0.5000
2025-09-26 18:00:08 -   Fold 2/5
2025-09-26 18:00:08 -     Fold split: Train=560, Val=80
2025-09-26 18:00:10 -     Test accuracy: 0.5000
2025-09-26 18:00:10 -   Fold 3/5
2025-09-26 18:00:10 -     Fold split: Train=560, Val=80
2025-09-26 18:00:19 -     Test accuracy: 0.6500
2025-09-26 18:00:19 -   Fold 4/5
2025-09-26 18:00:19 -     Fold split: Train=560, Val=80
2025-09-26 18:00:22 -     Test accuracy: 0.5000
2025-09-26 18:00:22 -   Fold 5/5
2025-09-26 18:00:22 -     Fold split: Train=560, Val=80
2025-09-26 18:00:26 -     Test accuracy: 0.5000
2025-09-26 18:00:26 -   Repeat 5 mean accuracy: 0.5300 ± 0.0600
2025-09-26 18:00:26 - Cross-Validation completed for EEGConformer
2025-09-26 18:00:26 - Final accuracy: 0.5540 ± 0.0770
2025-09-26 18:00:26 - 95% CI: [0.5222, 0.5858]
2025-09-26 18:00:26 - 
============================================================
2025-09-26 18:00:26 - CROSS-VALIDATION RESULTS
2025-09-26 18:00:26 - ============================================================
2025-09-26 18:00:26 - Model: EEGConformer
2025-09-26 18:00:26 - Overall accuracy: 0.5540 ± 0.0770
2025-09-26 18:00:26 - 95% Confidence Interval: [0.5222, 0.5858]
2025-09-26 18:00:26 - Statistical significance: 25 evaluations
2025-09-26 18:00:26 - Precision: 0.4134 [0.3010, 0.5257]
2025-09-26 18:00:26 - Recall: 0.6005 [0.4294, 0.7716]
2025-09-26 18:00:26 - F1_Score: 0.4746 [0.3489, 0.6002]
2025-09-26 18:00:26 - Auc: 0.5936 [0.5524, 0.6347]
2025-09-26 18:00:26 - ============================================================
2025-09-26 18:00:26 - Individual subject results skipped - using Nested Cross-Validation results
2025-09-26 18:00:26 - Detailed results saved to: main_AVO_detailed_results_20250926_180026.csv
2025-09-26 18:00:26 - Summary statistics saved to: main_AVO_summary_stats_20250926_180026.csv
