2025-09-14 18:56:08 - 
Experiment Configuration:
2025-09-14 18:56:08 - --------------------------------------------------
2025-09-14 18:56:08 - dataset: ds005863
2025-09-14 18:56:08 - use_combined_datasets: False
2025-09-14 18:56:08 - electrode_list: all
2025-09-14 18:56:08 - classifier: EEGConformer
2025-09-14 18:56:08 - separate_subject_classification: False
2025-09-14 18:56:08 - use_subject_layer: False
2025-09-14 18:56:08 - seeds: [42]
2025-09-14 18:56:08 - --------------------------------------------------
2025-09-14 18:56:08 - 
==================================================
2025-09-14 18:56:08 - Processing Active Visual Oddball Dataset
2025-09-14 18:56:08 - ==================================================
2025-09-14 18:57:41 - 
==================================================
2025-09-14 18:57:41 - Individual Subject Results - AVO
2025-09-14 18:57:41 - ==================================================
2025-09-14 18:57:41 - Subject: sub_001
2025-09-14 18:57:41 -   Accuracy: 63.636%
2025-09-14 18:57:41 -   Precision: 0.556
2025-09-14 18:57:41 -   Recall: 1.000
2025-09-14 18:57:41 -   F1 Score: 0.714
2025-09-14 18:57:41 -   AUC: 0.633
2025-09-14 18:57:41 -   Correct/Total: 7/11
2025-09-14 18:57:41 -   Confusion Matrix Stats:
2025-09-14 18:57:41 -     TP: 5, TN: 2
2025-09-14 18:57:41 -     FP: 4, FN: 0
2025-09-14 18:57:41 - Subject: sub_002
2025-09-14 18:57:41 -   Accuracy: 63.636%
2025-09-14 18:57:41 -   Precision: 0.500
2025-09-14 18:57:41 -   Recall: 0.750
2025-09-14 18:57:41 -   F1 Score: 0.600
2025-09-14 18:57:41 -   AUC: 0.750
2025-09-14 18:57:41 -   Correct/Total: 7/11
2025-09-14 18:57:41 -   Confusion Matrix Stats:
2025-09-14 18:57:41 -     TP: 3, TN: 4
2025-09-14 18:57:41 -     FP: 3, FN: 1
2025-09-14 18:57:41 - Subject: sub_003
2025-09-14 18:57:41 -   Accuracy: 89.474%
2025-09-14 18:57:41 -   Precision: 0.800
2025-09-14 18:57:41 -   Recall: 1.000
2025-09-14 18:57:41 -   F1 Score: 0.889
2025-09-14 18:57:41 -   AUC: 1.000
2025-09-14 18:57:41 -   Correct/Total: 17/19
2025-09-14 18:57:41 -   Confusion Matrix Stats:
2025-09-14 18:57:41 -     TP: 8, TN: 9
2025-09-14 18:57:41 -     FP: 2, FN: 0
2025-09-14 18:57:41 - Subject: sub_004
2025-09-14 18:57:41 -   Accuracy: 80.952%
2025-09-14 18:57:41 -   Precision: 0.667
2025-09-14 18:57:41 -   Recall: 1.000
2025-09-14 18:57:41 -   F1 Score: 0.800
2025-09-14 18:57:41 -   AUC: 0.865
2025-09-14 18:57:41 -   Correct/Total: 17/21
2025-09-14 18:57:41 -   Confusion Matrix Stats:
2025-09-14 18:57:41 -     TP: 8, TN: 9
2025-09-14 18:57:41 -     FP: 4, FN: 0
2025-09-14 18:57:41 - Subject: sub_005
2025-09-14 18:57:41 -   Accuracy: 100.000%
2025-09-14 18:57:41 -   Precision: 1.000
2025-09-14 18:57:41 -   Recall: 1.000
2025-09-14 18:57:41 -   F1 Score: 1.000
2025-09-14 18:57:41 -   AUC: 1.000
2025-09-14 18:57:41 -   Correct/Total: 12/12
2025-09-14 18:57:41 -   Confusion Matrix Stats:
2025-09-14 18:57:41 -     TP: 7, TN: 5
2025-09-14 18:57:41 -     FP: 0, FN: 0
2025-09-14 18:57:41 - Subject: sub_006
2025-09-14 18:57:41 -   Accuracy: 84.615%
2025-09-14 18:57:41 -   Precision: 1.000
2025-09-14 18:57:41 -   Recall: 0.750
2025-09-14 18:57:41 -   F1 Score: 0.857
2025-09-14 18:57:41 -   AUC: 0.925
2025-09-14 18:57:41 -   Correct/Total: 11/13
2025-09-14 18:57:41 -   Confusion Matrix Stats:
2025-09-14 18:57:41 -     TP: 6, TN: 5
2025-09-14 18:57:41 -     FP: 0, FN: 2
2025-09-14 18:57:41 - Subject: sub_007
2025-09-14 18:57:41 -   Accuracy: 66.667%
2025-09-14 18:57:41 -   Precision: 0.714
2025-09-14 18:57:41 -   Recall: 0.714
2025-09-14 18:57:41 -   F1 Score: 0.714
2025-09-14 18:57:41 -   AUC: 0.571
2025-09-14 18:57:41 -   Correct/Total: 8/12
2025-09-14 18:57:41 -   Confusion Matrix Stats:
2025-09-14 18:57:41 -     TP: 5, TN: 3
2025-09-14 18:57:41 -     FP: 2, FN: 2
2025-09-14 18:57:41 - Subject: sub_008
2025-09-14 18:57:41 -   Accuracy: 94.444%
2025-09-14 18:57:41 -   Precision: 1.000
2025-09-14 18:57:41 -   Recall: 0.909
2025-09-14 18:57:41 -   F1 Score: 0.952
2025-09-14 18:57:41 -   AUC: 0.987
2025-09-14 18:57:41 -   Correct/Total: 17/18
2025-09-14 18:57:41 -   Confusion Matrix Stats:
2025-09-14 18:57:41 -     TP: 10, TN: 7
2025-09-14 18:57:41 -     FP: 0, FN: 1
2025-09-14 18:57:41 - Subject: sub_009
2025-09-14 18:57:41 -   Accuracy: 92.308%
2025-09-14 18:57:41 -   Precision: 0.750
2025-09-14 18:57:41 -   Recall: 1.000
2025-09-14 18:57:41 -   F1 Score: 0.857
2025-09-14 18:57:41 -   AUC: 1.000
2025-09-14 18:57:41 -   Correct/Total: 12/13
2025-09-14 18:57:41 -   Confusion Matrix Stats:
2025-09-14 18:57:41 -     TP: 3, TN: 9
2025-09-14 18:57:41 -     FP: 1, FN: 0
2025-09-14 18:57:41 - Subject: sub_010
2025-09-14 18:57:41 -   Accuracy: 70.588%
2025-09-14 18:57:41 -   Precision: 0.667
2025-09-14 18:57:41 -   Recall: 0.750
2025-09-14 18:57:41 -   F1 Score: 0.706
2025-09-14 18:57:41 -   AUC: 0.875
2025-09-14 18:57:41 -   Correct/Total: 12/17
2025-09-14 18:57:41 -   Confusion Matrix Stats:
2025-09-14 18:57:41 -     TP: 6, TN: 6
2025-09-14 18:57:41 -     FP: 3, FN: 2
2025-09-14 18:57:41 - Subject: sub_011
2025-09-14 18:57:41 -   Accuracy: 66.667%
2025-09-14 18:57:41 -   Precision: 0.600
2025-09-14 18:57:41 -   Recall: 1.000
2025-09-14 18:57:41 -   F1 Score: 0.750
2025-09-14 18:57:41 -   AUC: 0.667
2025-09-14 18:57:41 -   Correct/Total: 4/6
2025-09-14 18:57:41 -   Confusion Matrix Stats:
2025-09-14 18:57:41 -     TP: 3, TN: 1
2025-09-14 18:57:41 -     FP: 2, FN: 0
2025-09-14 18:57:41 - Subject: sub_012
2025-09-14 18:57:41 -   Accuracy: 100.000%
2025-09-14 18:57:41 -   Precision: 1.000
2025-09-14 18:57:41 -   Recall: 1.000
2025-09-14 18:57:41 -   F1 Score: 1.000
2025-09-14 18:57:41 -   AUC: 1.000
2025-09-14 18:57:41 -   Correct/Total: 16/16
2025-09-14 18:57:41 -   Confusion Matrix Stats:
2025-09-14 18:57:41 -     TP: 11, TN: 5
2025-09-14 18:57:41 -     FP: 0, FN: 0
2025-09-14 18:57:41 - Subject: sub_013
2025-09-14 18:57:41 -   Accuracy: 78.571%
2025-09-14 18:57:41 -   Precision: 0.727
2025-09-14 18:57:41 -   Recall: 1.000
2025-09-14 18:57:41 -   F1 Score: 0.842
2025-09-14 18:57:41 -   AUC: 0.750
2025-09-14 18:57:41 -   Correct/Total: 11/14
2025-09-14 18:57:41 -   Confusion Matrix Stats:
2025-09-14 18:57:41 -     TP: 8, TN: 3
2025-09-14 18:57:41 -     FP: 3, FN: 0
2025-09-14 18:57:41 - Subject: sub_014
2025-09-14 18:57:41 -   Accuracy: 88.889%
2025-09-14 18:57:41 -   Precision: 1.000
2025-09-14 18:57:41 -   Recall: 0.833
2025-09-14 18:57:41 -   F1 Score: 0.909
2025-09-14 18:57:41 -   AUC: 0.889
2025-09-14 18:57:41 -   Correct/Total: 8/9
2025-09-14 18:57:41 -   Confusion Matrix Stats:
2025-09-14 18:57:41 -     TP: 5, TN: 3
2025-09-14 18:57:41 -     FP: 0, FN: 1
2025-09-14 18:57:41 - Subject: sub_015
2025-09-14 18:57:41 -   Accuracy: 66.667%
2025-09-14 18:57:41 -   Precision: 0.583
2025-09-14 18:57:41 -   Recall: 1.000
2025-09-14 18:57:41 -   F1 Score: 0.737
2025-09-14 18:57:41 -   AUC: 0.643
2025-09-14 18:57:41 -   Correct/Total: 10/15
2025-09-14 18:57:41 -   Confusion Matrix Stats:
2025-09-14 18:57:41 -     TP: 7, TN: 3
2025-09-14 18:57:41 -     FP: 5, FN: 0
2025-09-14 18:57:41 - Subject: sub_016
2025-09-14 18:57:41 -   Accuracy: 91.667%
2025-09-14 18:57:41 -   Precision: 1.000
2025-09-14 18:57:41 -   Recall: 0.750
2025-09-14 18:57:41 -   F1 Score: 0.857
2025-09-14 18:57:41 -   AUC: 0.812
2025-09-14 18:57:41 -   Correct/Total: 11/12
2025-09-14 18:57:41 -   Confusion Matrix Stats:
2025-09-14 18:57:41 -     TP: 3, TN: 8
2025-09-14 18:57:41 -     FP: 0, FN: 1
2025-09-14 18:57:41 - Subject: sub_017
2025-09-14 18:57:41 -   Accuracy: 82.353%
2025-09-14 18:57:41 -   Precision: 0.727
2025-09-14 18:57:41 -   Recall: 1.000
2025-09-14 18:57:41 -   F1 Score: 0.842
2025-09-14 18:57:41 -   AUC: 1.000
2025-09-14 18:57:41 -   Correct/Total: 14/17
2025-09-14 18:57:41 -   Confusion Matrix Stats:
2025-09-14 18:57:41 -     TP: 8, TN: 6
2025-09-14 18:57:41 -     FP: 3, FN: 0
2025-09-14 18:57:41 - Subject: sub_018
2025-09-14 18:57:41 -   Accuracy: 100.000%
2025-09-14 18:57:41 -   Precision: 1.000
2025-09-14 18:57:41 -   Recall: 1.000
2025-09-14 18:57:41 -   F1 Score: 1.000
2025-09-14 18:57:41 -   AUC: 1.000
2025-09-14 18:57:41 -   Correct/Total: 6/6
2025-09-14 18:57:41 -   Confusion Matrix Stats:
2025-09-14 18:57:41 -     TP: 3, TN: 3
2025-09-14 18:57:41 -     FP: 0, FN: 0
2025-09-14 18:57:41 - Subject: sub_019
2025-09-14 18:57:41 -   Accuracy: 100.000%
2025-09-14 18:57:41 -   Precision: 1.000
2025-09-14 18:57:41 -   Recall: 1.000
2025-09-14 18:57:41 -   F1 Score: 1.000
2025-09-14 18:57:41 -   AUC: 1.000
2025-09-14 18:57:41 -   Correct/Total: 13/13
2025-09-14 18:57:41 -   Confusion Matrix Stats:
2025-09-14 18:57:41 -     TP: 8, TN: 5
2025-09-14 18:57:41 -     FP: 0, FN: 0
2025-09-14 18:57:41 - Subject: sub_020
2025-09-14 18:57:41 -   Accuracy: 93.333%
2025-09-14 18:57:41 -   Precision: 0.900
2025-09-14 18:57:41 -   Recall: 1.000
2025-09-14 18:57:41 -   F1 Score: 0.947
2025-09-14 18:57:41 -   AUC: 0.926
2025-09-14 18:57:41 -   Correct/Total: 14/15
2025-09-14 18:57:41 -   Confusion Matrix Stats:
2025-09-14 18:57:41 -     TP: 9, TN: 5
2025-09-14 18:57:41 -     FP: 1, FN: 0
2025-09-14 18:57:41 - Subject: sub_021
2025-09-14 18:57:41 -   Accuracy: 100.000%
2025-09-14 18:57:41 -   Precision: 1.000
2025-09-14 18:57:41 -   Recall: 1.000
2025-09-14 18:57:41 -   F1 Score: 1.000
2025-09-14 18:57:41 -   AUC: 1.000
2025-09-14 18:57:41 -   Correct/Total: 14/14
2025-09-14 18:57:41 -   Confusion Matrix Stats:
2025-09-14 18:57:41 -     TP: 9, TN: 5
2025-09-14 18:57:41 -     FP: 0, FN: 0
2025-09-14 18:57:41 - Subject: sub_022
2025-09-14 18:57:41 -   Accuracy: 100.000%
2025-09-14 18:57:41 -   Precision: 1.000
2025-09-14 18:57:41 -   Recall: 1.000
2025-09-14 18:57:41 -   F1 Score: 1.000
2025-09-14 18:57:41 -   AUC: 1.000
2025-09-14 18:57:41 -   Correct/Total: 18/18
2025-09-14 18:57:41 -   Confusion Matrix Stats:
2025-09-14 18:57:41 -     TP: 12, TN: 6
2025-09-14 18:57:41 -     FP: 0, FN: 0
2025-09-14 18:57:41 - Subject: sub_023
2025-09-14 18:57:41 -   Accuracy: 75.000%
2025-09-14 18:57:41 -   Precision: 0.500
2025-09-14 18:57:41 -   Recall: 1.000
2025-09-14 18:57:41 -   F1 Score: 0.667
2025-09-14 18:57:41 -   AUC: 0.800
2025-09-14 18:57:41 -   Correct/Total: 15/20
2025-09-14 18:57:41 -   Confusion Matrix Stats:
2025-09-14 18:57:41 -     TP: 5, TN: 10
2025-09-14 18:57:41 -     FP: 5, FN: 0
2025-09-14 18:57:41 - Subject: sub_024
2025-09-14 18:57:41 -   Accuracy: 100.000%
2025-09-14 18:57:41 -   Precision: 1.000
2025-09-14 18:57:41 -   Recall: 1.000
2025-09-14 18:57:41 -   F1 Score: 1.000
2025-09-14 18:57:41 -   AUC: 1.000
2025-09-14 18:57:41 -   Correct/Total: 15/15
2025-09-14 18:57:41 -   Confusion Matrix Stats:
2025-09-14 18:57:41 -     TP: 8, TN: 7
2025-09-14 18:57:41 -     FP: 0, FN: 0
2025-09-14 18:57:41 - Subject: sub_025
2025-09-14 18:57:41 -   Accuracy: 86.667%
2025-09-14 18:57:41 -   Precision: 0.875
2025-09-14 18:57:41 -   Recall: 0.875
2025-09-14 18:57:41 -   F1 Score: 0.875
2025-09-14 18:57:41 -   AUC: 0.946
2025-09-14 18:57:41 -   Correct/Total: 13/15
2025-09-14 18:57:41 -   Confusion Matrix Stats:
2025-09-14 18:57:41 -     TP: 7, TN: 6
2025-09-14 18:57:41 -     FP: 1, FN: 1
2025-09-14 18:57:41 - Subject: sub_026
2025-09-14 18:57:41 -   Accuracy: 84.211%
2025-09-14 18:57:41 -   Precision: 1.000
2025-09-14 18:57:41 -   Recall: 0.727
2025-09-14 18:57:41 -   F1 Score: 0.842
2025-09-14 18:57:41 -   AUC: 1.000
2025-09-14 18:57:41 -   Correct/Total: 16/19
2025-09-14 18:57:41 -   Confusion Matrix Stats:
2025-09-14 18:57:41 -     TP: 8, TN: 8
2025-09-14 18:57:41 -     FP: 0, FN: 3
2025-09-14 18:57:41 - Subject: sub_027
2025-09-14 18:57:41 -   Accuracy: 83.333%
2025-09-14 18:57:41 -   Precision: 0.800
2025-09-14 18:57:41 -   Recall: 1.000
2025-09-14 18:57:41 -   F1 Score: 0.889
2025-09-14 18:57:41 -   AUC: 1.000
2025-09-14 18:57:41 -   Correct/Total: 5/6
2025-09-14 18:57:41 -   Confusion Matrix Stats:
2025-09-14 18:57:41 -     TP: 4, TN: 1
2025-09-14 18:57:41 -     FP: 1, FN: 0
2025-09-14 18:57:41 - Subject: sub_028
2025-09-14 18:57:41 -   Accuracy: 84.615%
2025-09-14 18:57:41 -   Precision: 0.667
2025-09-14 18:57:41 -   Recall: 1.000
2025-09-14 18:57:41 -   F1 Score: 0.800
2025-09-14 18:57:41 -   AUC: 1.000
2025-09-14 18:57:41 -   Correct/Total: 11/13
2025-09-14 18:57:41 -   Confusion Matrix Stats:
2025-09-14 18:57:41 -     TP: 4, TN: 7
2025-09-14 18:57:41 -     FP: 2, FN: 0
2025-09-14 18:57:41 - Subject: sub_029
2025-09-14 18:57:41 -   Accuracy: 88.235%
2025-09-14 18:57:41 -   Precision: 0.800
2025-09-14 18:57:41 -   Recall: 1.000
2025-09-14 18:57:41 -   F1 Score: 0.889
2025-09-14 18:57:41 -   AUC: 0.972
2025-09-14 18:57:41 -   Correct/Total: 15/17
2025-09-14 18:57:41 -   Confusion Matrix Stats:
2025-09-14 18:57:41 -     TP: 8, TN: 7
2025-09-14 18:57:41 -     FP: 2, FN: 0
2025-09-14 18:57:41 - Subject: sub_030
2025-09-14 18:57:41 -   Accuracy: 78.571%
2025-09-14 18:57:41 -   Precision: 0.667
2025-09-14 18:57:41 -   Recall: 1.000
2025-09-14 18:57:41 -   F1 Score: 0.800
2025-09-14 18:57:41 -   AUC: 0.812
2025-09-14 18:57:41 -   Correct/Total: 11/14
2025-09-14 18:57:41 -   Confusion Matrix Stats:
2025-09-14 18:57:41 -     TP: 6, TN: 5
2025-09-14 18:57:41 -     FP: 3, FN: 0
2025-09-14 18:57:41 - Subject: sub_031
2025-09-14 18:57:41 -   Accuracy: 88.889%
2025-09-14 18:57:41 -   Precision: 0.812
2025-09-14 18:57:41 -   Recall: 1.000
2025-09-14 18:57:41 -   F1 Score: 0.897
2025-09-14 18:57:41 -   AUC: 0.995
2025-09-14 18:57:41 -   Correct/Total: 24/27
2025-09-14 18:57:41 -   Confusion Matrix Stats:
2025-09-14 18:57:41 -     TP: 13, TN: 11
2025-09-14 18:57:41 -     FP: 3, FN: 0
2025-09-14 18:57:41 - Subject: sub_032
2025-09-14 18:57:41 -   Accuracy: 89.474%
2025-09-14 18:57:41 -   Precision: 0.875
2025-09-14 18:57:41 -   Recall: 0.875
2025-09-14 18:57:41 -   F1 Score: 0.875
2025-09-14 18:57:41 -   AUC: 0.966
2025-09-14 18:57:41 -   Correct/Total: 17/19
2025-09-14 18:57:41 -   Confusion Matrix Stats:
2025-09-14 18:57:41 -     TP: 7, TN: 10
2025-09-14 18:57:41 -     FP: 1, FN: 1
2025-09-14 18:57:41 - Subject: sub_033
2025-09-14 18:57:41 -   Accuracy: 100.000%
2025-09-14 18:57:41 -   Precision: 1.000
2025-09-14 18:57:41 -   Recall: 1.000
2025-09-14 18:57:41 -   F1 Score: 1.000
2025-09-14 18:57:41 -   AUC: 1.000
2025-09-14 18:57:41 -   Correct/Total: 13/13
2025-09-14 18:57:41 -   Confusion Matrix Stats:
2025-09-14 18:57:41 -     TP: 7, TN: 6
2025-09-14 18:57:41 -     FP: 0, FN: 0
2025-09-14 18:57:41 - Subject: sub_034
2025-09-14 18:57:41 -   Accuracy: 92.308%
2025-09-14 18:57:41 -   Precision: 0.833
2025-09-14 18:57:41 -   Recall: 1.000
2025-09-14 18:57:41 -   F1 Score: 0.909
2025-09-14 18:57:41 -   AUC: 0.950
2025-09-14 18:57:41 -   Correct/Total: 12/13
2025-09-14 18:57:41 -   Confusion Matrix Stats:
2025-09-14 18:57:41 -     TP: 5, TN: 7
2025-09-14 18:57:41 -     FP: 1, FN: 0
2025-09-14 18:57:41 - Subject: sub_035
2025-09-14 18:57:41 -   Accuracy: 72.222%
2025-09-14 18:57:41 -   Precision: 0.750
2025-09-14 18:57:41 -   Recall: 0.818
2025-09-14 18:57:41 -   F1 Score: 0.783
2025-09-14 18:57:41 -   AUC: 0.714
2025-09-14 18:57:41 -   Correct/Total: 13/18
2025-09-14 18:57:41 -   Confusion Matrix Stats:
2025-09-14 18:57:41 -     TP: 9, TN: 4
2025-09-14 18:57:41 -     FP: 3, FN: 2
2025-09-14 18:57:41 - Subject: sub_036
2025-09-14 18:57:41 -   Accuracy: 83.333%
2025-09-14 18:57:41 -   Precision: 0.800
2025-09-14 18:57:41 -   Recall: 0.889
2025-09-14 18:57:41 -   F1 Score: 0.842
2025-09-14 18:57:41 -   AUC: 0.889
2025-09-14 18:57:41 -   Correct/Total: 15/18
2025-09-14 18:57:41 -   Confusion Matrix Stats:
2025-09-14 18:57:41 -     TP: 8, TN: 7
2025-09-14 18:57:41 -     FP: 2, FN: 1
2025-09-14 18:57:41 - Subject: sub_037
2025-09-14 18:57:41 -   Accuracy: 66.667%
2025-09-14 18:57:41 -   Precision: 0.692
2025-09-14 18:57:41 -   Recall: 0.750
2025-09-14 18:57:41 -   F1 Score: 0.720
2025-09-14 18:57:41 -   AUC: 0.815
2025-09-14 18:57:41 -   Correct/Total: 14/21
2025-09-14 18:57:41 -   Confusion Matrix Stats:
2025-09-14 18:57:41 -     TP: 9, TN: 5
2025-09-14 18:57:41 -     FP: 4, FN: 3
2025-09-14 18:57:41 - Subject: sub_038
2025-09-14 18:57:41 -   Accuracy: 80.000%
2025-09-14 18:57:41 -   Precision: 0.900
2025-09-14 18:57:41 -   Recall: 0.750
2025-09-14 18:57:41 -   F1 Score: 0.818
2025-09-14 18:57:41 -   AUC: 0.667
2025-09-14 18:57:41 -   Correct/Total: 16/20
2025-09-14 18:57:41 -   Confusion Matrix Stats:
2025-09-14 18:57:41 -     TP: 9, TN: 7
2025-09-14 18:57:41 -     FP: 1, FN: 3
2025-09-14 18:57:41 - Subject: sub_039
2025-09-14 18:57:41 -   Accuracy: 91.667%
2025-09-14 18:57:41 -   Precision: 0.800
2025-09-14 18:57:41 -   Recall: 1.000
2025-09-14 18:57:41 -   F1 Score: 0.889
2025-09-14 18:57:41 -   AUC: 1.000
2025-09-14 18:57:41 -   Correct/Total: 11/12
2025-09-14 18:57:41 -   Confusion Matrix Stats:
2025-09-14 18:57:41 -     TP: 4, TN: 7
2025-09-14 18:57:41 -     FP: 1, FN: 0
2025-09-14 18:57:41 - Subject: sub_040
2025-09-14 18:57:41 -   Accuracy: 66.667%
2025-09-14 18:57:41 -   Precision: 0.588
2025-09-14 18:57:41 -   Recall: 0.909
2025-09-14 18:57:41 -   F1 Score: 0.714
2025-09-14 18:57:41 -   AUC: 0.825
2025-09-14 18:57:41 -   Correct/Total: 16/24
2025-09-14 18:57:41 -   Confusion Matrix Stats:
2025-09-14 18:57:41 -     TP: 10, TN: 6
2025-09-14 18:57:41 -     FP: 7, FN: 1
2025-09-14 18:57:41 - 
AVO Pooled Model Statistics:
2025-09-14 18:57:41 - 95% Confidence Interval: [0.809, 0.884]
2025-09-14 18:57:41 - Best Subject: sub_005 (1.000)
2025-09-14 18:57:41 - Worst Subject: sub_001 (0.636)
2025-09-14 18:57:41 - Mean Accuracy: 0.843
2025-09-14 18:57:41 - Mean Precision: 0.799
2025-09-14 18:57:41 - Mean Recall: 0.917
2025-09-14 18:57:41 - Mean F1-Score: 0.854
2025-09-14 18:57:41 - Mean AUC: 0.891
2025-09-14 18:57:41 - Mean Confusion Matrix:
2025-09-14 18:57:41 -   TP: 7, TN: 6
2025-09-14 18:57:41 -   FP: 2, FN: 1
