2025-09-12 10:34:32 - 
Experiment Configuration:
2025-09-12 10:34:32 - --------------------------------------------------
2025-09-12 10:34:32 - dataset: ds005863
2025-09-12 10:34:32 - use_combined_datasets: False
2025-09-12 10:34:32 - electrode_list: all
2025-09-12 10:34:32 - classifier: ShallowFBCSPNet
2025-09-12 10:34:32 - separate_subject_classification: False
2025-09-12 10:34:32 - use_subject_layer: False
2025-09-12 10:34:32 - seeds: [42, 123, 456, 789, 321]
2025-09-12 10:34:32 - --------------------------------------------------
2025-09-12 10:34:32 - 
==================================================
2025-09-12 10:34:32 - Processing Active Visual Oddball Dataset
2025-09-12 10:34:32 - ==================================================
2025-09-12 10:34:34 - 
Error in Active Visual Oddball - Subject sub-005:
2025-09-12 10:34:34 - No oddball events found in the data.
2025-09-12 10:34:35 - 
Error in Active Visual Oddball - Subject sub-008:
2025-09-12 10:34:35 - No oddball events found in the data.
2025-09-12 10:34:40 - 
Error in Active Visual Oddball - Subject sub-022:
2025-09-12 10:34:40 - No oddball events found in the data.
2025-09-12 10:34:40 - 
Error in Active Visual Oddball - Subject sub-023:
2025-09-12 10:34:40 - No oddball events found in the data.
2025-09-12 10:34:43 - 
Error in Active Visual Oddball - Subject sub-033:
2025-09-12 10:34:43 - No oddball events found in the data.
2025-09-12 10:34:44 - 
Error in Active Visual Oddball - Subject sub-034:
2025-09-12 10:34:44 - No oddball events found in the data.
2025-09-12 10:34:45 - 
Error in Active Visual Oddball - Subject sub-039:
2025-09-12 10:34:45 - No oddball events found in the data.
2025-09-12 10:35:02 - 
==================================================
2025-09-12 10:35:02 - Individual Subject Results - AVO
2025-09-12 10:35:02 - ==================================================
2025-09-12 10:35:02 - Subject: sub_001
2025-09-12 10:35:02 -   Accuracy: 0.000%
2025-09-12 10:35:02 -   Precision: 0.693
2025-09-12 10:35:02 -   Recall: 1.000
2025-09-12 10:35:02 -   F1 Score: 0.818
2025-09-12 10:35:02 -   AUC: 0.950
2025-09-12 10:35:02 -   Correct/Total: 5/7
2025-09-12 10:35:02 -   Confusion Matrix Stats:
2025-09-12 10:35:02 -     TP: 4, TN: 1
2025-09-12 10:35:02 -     FP: 2, FN: 0
2025-09-12 10:35:02 - Subject: sub_002
2025-09-12 10:35:02 -   Accuracy: 0.000%
2025-09-12 10:35:02 -   Precision: 0.500
2025-09-12 10:35:02 -   Recall: 0.933
2025-09-12 10:35:02 -   F1 Score: 0.650
2025-09-12 10:35:02 -   AUC: 0.717
2025-09-12 10:35:02 -   Correct/Total: 4/7
2025-09-12 10:35:02 -   Confusion Matrix Stats:
2025-09-12 10:35:02 -     TP: 3, TN: 1
2025-09-12 10:35:02 -     FP: 3, FN: 0
2025-09-12 10:35:02 - Subject: sub_003
2025-09-12 10:35:02 -   Accuracy: 0.000%
2025-09-12 10:35:02 -   Precision: 0.613
2025-09-12 10:35:02 -   Recall: 0.533
2025-09-12 10:35:02 -   F1 Score: 0.568
2025-09-12 10:35:02 -   AUC: 0.547
2025-09-12 10:35:02 -   Correct/Total: 6/11
2025-09-12 10:35:02 -   Confusion Matrix Stats:
2025-09-12 10:35:02 -     TP: 3, TN: 3
2025-09-12 10:35:02 -     FP: 2, FN: 3
2025-09-12 10:35:02 - Subject: sub_004
2025-09-12 10:35:02 -   Accuracy: 0.000%
2025-09-12 10:35:02 -   Precision: 0.500
2025-09-12 10:35:02 -   Recall: 0.600
2025-09-12 10:35:02 -   F1 Score: 0.540
2025-09-12 10:35:02 -   AUC: 0.600
2025-09-12 10:35:02 -   Correct/Total: 3/5
2025-09-12 10:35:02 -   Confusion Matrix Stats:
2025-09-12 10:35:02 -     TP: 1, TN: 2
2025-09-12 10:35:02 -     FP: 1, FN: 1
2025-09-12 10:35:02 - Subject: sub_006
2025-09-12 10:35:02 -   Accuracy: 0.000%
2025-09-12 10:35:02 -   Precision: 0.717
2025-09-12 10:35:02 -   Recall: 0.520
2025-09-12 10:35:02 -   F1 Score: 0.600
2025-09-12 10:35:02 -   AUC: 0.620
2025-09-12 10:35:02 -   Correct/Total: 4/7
2025-09-12 10:35:02 -   Confusion Matrix Stats:
2025-09-12 10:35:02 -     TP: 3, TN: 1
2025-09-12 10:35:02 -     FP: 1, FN: 2
2025-09-12 10:35:02 - Subject: sub_007
2025-09-12 10:35:02 -   Accuracy: 0.000%
2025-09-12 10:35:02 -   Precision: 1.000
2025-09-12 10:35:02 -   Recall: 1.000
2025-09-12 10:35:02 -   F1 Score: 1.000
2025-09-12 10:35:02 -   AUC: 1.000
2025-09-12 10:35:02 -   Correct/Total: 2/2
2025-09-12 10:35:02 -   Confusion Matrix Stats:
2025-09-12 10:35:02 -     TP: 1, TN: 1
2025-09-12 10:35:02 -     FP: 0, FN: 0
2025-09-12 10:35:02 - Subject: sub_009
2025-09-12 10:35:02 -   Accuracy: 0.000%
2025-09-12 10:35:02 -   Precision: 0.733
2025-09-12 10:35:02 -   Recall: 1.000
2025-09-12 10:35:02 -   F1 Score: 0.840
2025-09-12 10:35:02 -   AUC: 0.967
2025-09-12 10:35:02 -   Correct/Total: 4/5
2025-09-12 10:35:02 -   Confusion Matrix Stats:
2025-09-12 10:35:02 -     TP: 2, TN: 2
2025-09-12 10:35:02 -     FP: 1, FN: 0
2025-09-12 10:35:02 - Subject: sub_010
2025-09-12 10:35:02 -   Accuracy: 0.000%
2025-09-12 10:35:02 -   Precision: 0.574
2025-09-12 10:35:02 -   Recall: 0.943
2025-09-12 10:35:02 -   F1 Score: 0.711
2025-09-12 10:35:02 -   AUC: 0.690
2025-09-12 10:35:02 -   Correct/Total: 9/14
2025-09-12 10:35:02 -   Confusion Matrix Stats:
2025-09-12 10:35:02 -     TP: 7, TN: 2
2025-09-12 10:35:02 -     FP: 5, FN: 0
2025-09-12 10:35:02 - Subject: sub_011
2025-09-12 10:35:02 -   Accuracy: 0.000%
2025-09-12 10:35:02 -   Precision: 0.513
2025-09-12 10:35:02 -   Recall: 1.000
2025-09-12 10:35:02 -   F1 Score: 0.668
2025-09-12 10:35:02 -   AUC: 0.920
2025-09-12 10:35:02 -   Correct/Total: 5/7
2025-09-12 10:35:02 -   Confusion Matrix Stats:
2025-09-12 10:35:02 -     TP: 2, TN: 3
2025-09-12 10:35:02 -     FP: 2, FN: 0
2025-09-12 10:35:02 - Subject: sub_012
2025-09-12 10:35:02 -   Accuracy: 0.000%
2025-09-12 10:35:02 -   Precision: 1.000
2025-09-12 10:35:02 -   Recall: 1.000
2025-09-12 10:35:02 -   F1 Score: 1.000
2025-09-12 10:35:02 -   AUC: 1.000
2025-09-12 10:35:02 -   Correct/Total: 2/2
2025-09-12 10:35:02 -   Confusion Matrix Stats:
2025-09-12 10:35:02 -     TP: 1, TN: 1
2025-09-12 10:35:02 -     FP: 0, FN: 0
2025-09-12 10:35:02 - Subject: sub_013
2025-09-12 10:35:02 -   Accuracy: 0.000%
2025-09-12 10:35:02 -   Precision: 0.700
2025-09-12 10:35:02 -   Recall: 0.850
2025-09-12 10:35:02 -   F1 Score: 0.767
2025-09-12 10:35:02 -   AUC: 0.700
2025-09-12 10:35:02 -   Correct/Total: 4/6
2025-09-12 10:35:02 -   Confusion Matrix Stats:
2025-09-12 10:35:02 -     TP: 3, TN: 1
2025-09-12 10:35:02 -     FP: 1, FN: 1
2025-09-12 10:35:02 - Subject: sub_014
2025-09-12 10:35:02 -   Accuracy: 0.000%
2025-09-12 10:35:02 -   Precision: 0.533
2025-09-12 10:35:02 -   Recall: 0.900
2025-09-12 10:35:02 -   F1 Score: 0.667
2025-09-12 10:35:02 -   AUC: 0.933
2025-09-12 10:35:02 -   Correct/Total: 3/5
2025-09-12 10:35:02 -   Confusion Matrix Stats:
2025-09-12 10:35:02 -     TP: 2, TN: 1
2025-09-12 10:35:02 -     FP: 2, FN: 0
2025-09-12 10:35:02 - Subject: sub_015
2025-09-12 10:35:02 -   Accuracy: 0.000%
2025-09-12 10:35:02 -   Precision: 1.000
2025-09-12 10:35:02 -   Recall: 0.867
2025-09-12 10:35:02 -   F1 Score: 0.920
2025-09-12 10:35:02 -   AUC: 1.000
2025-09-12 10:35:02 -   Correct/Total: 4/4
2025-09-12 10:35:02 -   Confusion Matrix Stats:
2025-09-12 10:35:02 -     TP: 3, TN: 1
2025-09-12 10:35:02 -     FP: 0, FN: 0
2025-09-12 10:35:02 - Subject: sub_016
2025-09-12 10:35:02 -   Accuracy: 0.000%
2025-09-12 10:35:02 -   Precision: 0.703
2025-09-12 10:35:02 -   Recall: 0.867
2025-09-12 10:35:02 -   F1 Score: 0.748
2025-09-12 10:35:02 -   AUC: 0.956
2025-09-12 10:35:02 -   Correct/Total: 7/9
2025-09-12 10:35:02 -   Confusion Matrix Stats:
2025-09-12 10:35:02 -     TP: 3, TN: 5
2025-09-12 10:35:02 -     FP: 1, FN: 0
2025-09-12 10:35:02 - Subject: sub_017
2025-09-12 10:35:02 -   Accuracy: 0.000%
2025-09-12 10:35:02 -   Precision: 0.667
2025-09-12 10:35:02 -   Recall: 1.000
2025-09-12 10:35:02 -   F1 Score: 0.800
2025-09-12 10:35:02 -   AUC: 1.000
2025-09-12 10:35:02 -   Correct/Total: 3/4
2025-09-12 10:35:02 -   Confusion Matrix Stats:
2025-09-12 10:35:02 -     TP: 2, TN: 1
2025-09-12 10:35:02 -     FP: 1, FN: 0
2025-09-12 10:35:02 - Subject: sub_018
2025-09-12 10:35:02 -   Accuracy: 0.000%
2025-09-12 10:35:02 -   Precision: 1.000
2025-09-12 10:35:02 -   Recall: 1.000
2025-09-12 10:35:02 -   F1 Score: 1.000
2025-09-12 10:35:02 -   AUC: 1.000
2025-09-12 10:35:02 -   Correct/Total: 3/3
2025-09-12 10:35:02 -   Confusion Matrix Stats:
2025-09-12 10:35:02 -     TP: 1, TN: 2
2025-09-12 10:35:02 -     FP: 0, FN: 0
2025-09-12 10:35:02 - Subject: sub_019
2025-09-12 10:35:02 -   Accuracy: 0.000%
2025-09-12 10:35:02 -   Precision: 0.793
2025-09-12 10:35:02 -   Recall: 0.800
2025-09-12 10:35:02 -   F1 Score: 0.748
2025-09-12 10:35:02 -   AUC: 0.907
2025-09-12 10:35:02 -   Correct/Total: 8/11
2025-09-12 10:35:02 -   Confusion Matrix Stats:
2025-09-12 10:35:02 -     TP: 5, TN: 3
2025-09-12 10:35:02 -     FP: 2, FN: 1
2025-09-12 10:35:02 - Subject: sub_020
2025-09-12 10:35:02 -   Accuracy: 0.000%
2025-09-12 10:35:02 -   Precision: 0.467
2025-09-12 10:35:02 -   Recall: 0.900
2025-09-12 10:35:02 -   F1 Score: 0.613
2025-09-12 10:35:02 -   AUC: 0.600
2025-09-12 10:35:02 -   Correct/Total: 3/5
2025-09-12 10:35:02 -   Confusion Matrix Stats:
2025-09-12 10:35:02 -     TP: 2, TN: 1
2025-09-12 10:35:02 -     FP: 2, FN: 0
2025-09-12 10:35:02 - Subject: sub_021
2025-09-12 10:35:02 -   Accuracy: 0.000%
2025-09-12 10:35:02 -   Precision: 1.000
2025-09-12 10:35:02 -   Recall: 0.950
2025-09-12 10:35:02 -   F1 Score: 0.971
2025-09-12 10:35:02 -   AUC: 1.000
2025-09-12 10:35:02 -   Correct/Total: 7/7
2025-09-12 10:35:02 -   Confusion Matrix Stats:
2025-09-12 10:35:02 -     TP: 4, TN: 3
2025-09-12 10:35:02 -     FP: 0, FN: 0
2025-09-12 10:35:02 - Subject: sub_024
2025-09-12 10:35:02 -   Accuracy: 0.000%
2025-09-12 10:35:02 -   Precision: 0.734
2025-09-12 10:35:02 -   Recall: 0.750
2025-09-12 10:35:02 -   F1 Score: 0.735
2025-09-12 10:35:02 -   AUC: 0.675
2025-09-12 10:35:02 -   Correct/Total: 8/12
2025-09-12 10:35:02 -   Confusion Matrix Stats:
2025-09-12 10:35:02 -     TP: 6, TN: 2
2025-09-12 10:35:02 -     FP: 2, FN: 2
2025-09-12 10:35:02 - Subject: sub_025
2025-09-12 10:35:02 -   Accuracy: 0.000%
2025-09-12 10:35:02 -   Precision: 0.540
2025-09-12 10:35:02 -   Recall: 0.933
2025-09-12 10:35:02 -   F1 Score: 0.681
2025-09-12 10:35:02 -   AUC: 0.907
2025-09-12 10:35:02 -   Correct/Total: 5/8
2025-09-12 10:35:02 -   Confusion Matrix Stats:
2025-09-12 10:35:02 -     TP: 3, TN: 3
2025-09-12 10:35:02 -     FP: 2, FN: 0
2025-09-12 10:35:02 - Subject: sub_027
2025-09-12 10:35:02 -   Accuracy: 0.000%
2025-09-12 10:35:02 -   Precision: 0.750
2025-09-12 10:35:02 -   Recall: 1.000
2025-09-12 10:35:02 -   F1 Score: 0.857
2025-09-12 10:35:02 -   AUC: 0.867
2025-09-12 10:35:02 -   Correct/Total: 5/6
2025-09-12 10:35:02 -   Confusion Matrix Stats:
2025-09-12 10:35:02 -     TP: 3, TN: 2
2025-09-12 10:35:02 -     FP: 1, FN: 0
2025-09-12 10:35:02 - Subject: sub_028
2025-09-12 10:35:02 -   Accuracy: 0.000%
2025-09-12 10:35:02 -   Precision: 0.900
2025-09-12 10:35:02 -   Recall: 1.000
2025-09-12 10:35:02 -   F1 Score: 0.933
2025-09-12 10:35:02 -   AUC: 1.000
2025-09-12 10:35:02 -   Correct/Total: 2/2
2025-09-12 10:35:02 -   Confusion Matrix Stats:
2025-09-12 10:35:02 -     TP: 1, TN: 1
2025-09-12 10:35:02 -     FP: 0, FN: 0
2025-09-12 10:35:02 - Subject: sub_029
2025-09-12 10:35:02 -   Accuracy: 0.000%
2025-09-12 10:35:02 -   Precision: 0.493
2025-09-12 10:35:02 -   Recall: 1.000
2025-09-12 10:35:02 -   F1 Score: 0.655
2025-09-12 10:35:02 -   AUC: 0.925
2025-09-12 10:35:02 -   Correct/Total: 4/6
2025-09-12 10:35:02 -   Confusion Matrix Stats:
2025-09-12 10:35:02 -     TP: 2, TN: 2
2025-09-12 10:35:02 -     FP: 2, FN: 0
2025-09-12 10:35:02 - Subject: sub_030
2025-09-12 10:35:02 -   Accuracy: 0.000%
2025-09-12 10:35:02 -   Precision: 0.825
2025-09-12 10:35:02 -   Recall: 0.850
2025-09-12 10:35:02 -   F1 Score: 0.830
2025-09-12 10:35:02 -   AUC: 0.742
2025-09-12 10:35:02 -   Correct/Total: 8/11
2025-09-12 10:35:02 -   Confusion Matrix Stats:
2025-09-12 10:35:02 -     TP: 7, TN: 2
2025-09-12 10:35:02 -     FP: 1, FN: 1
2025-09-12 10:35:02 - Subject: sub_031
2025-09-12 10:35:02 -   Accuracy: 0.000%
2025-09-12 10:35:02 -   Precision: 0.786
2025-09-12 10:35:02 -   Recall: 1.000
2025-09-12 10:35:02 -   F1 Score: 0.879
2025-09-12 10:35:02 -   AUC: 0.920
2025-09-12 10:35:02 -   Correct/Total: 8/9
2025-09-12 10:35:02 -   Confusion Matrix Stats:
2025-09-12 10:35:02 -     TP: 5, TN: 3
2025-09-12 10:35:02 -     FP: 1, FN: 0
2025-09-12 10:35:02 - Subject: sub_032
2025-09-12 10:35:02 -   Accuracy: 0.000%
2025-09-12 10:35:02 -   Precision: 0.662
2025-09-12 10:35:02 -   Recall: 0.950
2025-09-12 10:35:02 -   F1 Score: 0.756
2025-09-12 10:35:02 -   AUC: 0.925
2025-09-12 10:35:02 -   Correct/Total: 7/10
2025-09-12 10:35:02 -   Confusion Matrix Stats:
2025-09-12 10:35:02 -     TP: 4, TN: 4
2025-09-12 10:35:02 -     FP: 2, FN: 0
2025-09-12 10:35:02 - Subject: sub_035
2025-09-12 10:35:02 -   Accuracy: 0.000%
2025-09-12 10:35:02 -   Precision: 0.489
2025-09-12 10:35:02 -   Recall: 0.900
2025-09-12 10:35:02 -   F1 Score: 0.631
2025-09-12 10:35:02 -   AUC: 0.793
2025-09-12 10:35:02 -   Correct/Total: 7/11
2025-09-12 10:35:02 -   Confusion Matrix Stats:
2025-09-12 10:35:02 -     TP: 4, TN: 3
2025-09-12 10:35:02 -     FP: 4, FN: 0
2025-09-12 10:35:02 - Subject: sub_036
2025-09-12 10:35:02 -   Accuracy: 0.000%
2025-09-12 10:35:02 -   Precision: 0.500
2025-09-12 10:35:02 -   Recall: 1.000
2025-09-12 10:35:02 -   F1 Score: 0.667
2025-09-12 10:35:02 -   AUC: 0.200
2025-09-12 10:35:02 -   Correct/Total: 1/2
2025-09-12 10:35:02 -   Confusion Matrix Stats:
2025-09-12 10:35:02 -     TP: 1, TN: 0
2025-09-12 10:35:02 -     FP: 1, FN: 0
2025-09-12 10:35:02 - Subject: sub_037
2025-09-12 10:35:02 -   Accuracy: 0.000%
2025-09-12 10:35:02 -   Precision: 0.583
2025-09-12 10:35:02 -   Recall: 0.450
2025-09-12 10:35:02 -   F1 Score: 0.498
2025-09-12 10:35:02 -   AUC: 0.433
2025-09-12 10:35:02 -   Correct/Total: 4/7
2025-09-12 10:35:02 -   Confusion Matrix Stats:
2025-09-12 10:35:02 -     TP: 2, TN: 2
2025-09-12 10:35:02 -     FP: 1, FN: 2
2025-09-12 10:35:02 - Subject: sub_038
2025-09-12 10:35:02 -   Accuracy: 0.000%
2025-09-12 10:35:02 -   Precision: 0.747
2025-09-12 10:35:02 -   Recall: 1.000
2025-09-12 10:35:02 -   F1 Score: 0.853
2025-09-12 10:35:02 -   AUC: 0.975
2025-09-12 10:35:02 -   Correct/Total: 9/10
2025-09-12 10:35:02 -   Confusion Matrix Stats:
2025-09-12 10:35:02 -     TP: 4, TN: 5
2025-09-12 10:35:02 -     FP: 1, FN: 0
2025-09-12 10:35:02 - Subject: sub_040
2025-09-12 10:35:02 -   Accuracy: 0.000%
2025-09-12 10:35:02 -   Precision: 0.690
2025-09-12 10:35:02 -   Recall: 0.750
2025-09-12 10:35:02 -   F1 Score: 0.717
2025-09-12 10:35:02 -   AUC: 0.713
2025-09-12 10:35:02 -   Correct/Total: 6/8
2025-09-12 10:35:02 -   Confusion Matrix Stats:
2025-09-12 10:35:02 -     TP: 3, TN: 3
2025-09-12 10:35:02 -     FP: 1, FN: 1
2025-09-12 10:35:02 - 
AVO Pooled Model Statistics:
2025-09-12 10:35:02 - Mean Accuracy: 0.710
2025-09-12 10:35:02 - 95% Confidence Interval: [0.640, 0.779]
2025-09-12 10:35:02 - Best Subject: sub_007 (1.000)
2025-09-12 10:35:02 - Worst Subject: sub_026 (0.000)
2025-09-12 10:35:02 - Mean Precision: 0.683
2025-09-12 10:35:02 - Mean Recall: 0.874
2025-09-12 10:35:02 - Mean F1-Score: 0.767
2025-09-12 10:35:02 - Mean AUC: 0.818
2025-09-12 10:35:02 - Mean Confusion Matrix:
2025-09-12 10:35:02 -   TP: 3, TN: 2
2025-09-12 10:35:02 -   FP: 1, FN: 0
