2025-09-14 13:45:03 - 
Experiment Configuration:
2025-09-14 13:45:03 - --------------------------------------------------
2025-09-14 13:45:03 - dataset: ds005863
2025-09-14 13:45:03 - use_combined_datasets: False
2025-09-14 13:45:03 - electrode_list: all
2025-09-14 13:45:03 - classifier: EEGConformer
2025-09-14 13:45:03 - separate_subject_classification: False
2025-09-14 13:45:03 - use_subject_layer: False
2025-09-14 13:45:03 - seeds: [42]
2025-09-14 13:45:03 - --------------------------------------------------
2025-09-14 13:45:03 - 
==================================================
2025-09-14 13:45:03 - Processing Active Visual Oddball Dataset
2025-09-14 13:45:03 - ==================================================
2025-09-14 13:45:13 - 
==================================================
2025-09-14 13:45:13 - Individual Subject Results - AVO
2025-09-14 13:45:13 - ==================================================
2025-09-14 13:45:13 - Subject: sub_001
2025-09-14 13:45:13 -   Accuracy: 66.667%
2025-09-14 13:45:13 -   Precision: 0.600
2025-09-14 13:45:13 -   Recall: 0.750
2025-09-14 13:45:13 -   F1 Score: 0.667
2025-09-14 13:45:13 -   AUC: 0.700
2025-09-14 13:45:13 -   Correct/Total: 6/9
2025-09-14 13:45:13 -   Confusion Matrix Stats:
2025-09-14 13:45:13 -     TP: 3, TN: 3
2025-09-14 13:45:13 -     FP: 2, FN: 1
2025-09-14 13:45:13 - 
AVO Pooled Model Statistics:
2025-09-14 13:45:13 - Mean Accuracy: 0.017
2025-09-14 13:45:13 - 95% Confidence Interval: [-0.017, 0.050]
2025-09-14 13:45:13 - Best Subject: sub_001 (0.667)
2025-09-14 13:45:13 - Worst Subject: sub_002 (0.000)
2025-09-14 13:45:13 - Mean Precision: 0.600
2025-09-14 13:45:13 - Mean Recall: 0.750
2025-09-14 13:45:13 - Mean F1-Score: 0.667
2025-09-14 13:45:13 - Mean AUC: 0.700
2025-09-14 13:45:13 - Mean Confusion Matrix:
2025-09-14 13:45:13 -   TP: 3, TN: 3
2025-09-14 13:45:13 -   FP: 2, FN: 1
