2025-09-19 22:42:22 - 
Experiment Configuration:
2025-09-19 22:42:22 - --------------------------------------------------
2025-09-19 22:42:22 - dataset: ds005863
2025-09-19 22:42:22 - use_combined_datasets: False
2025-09-19 22:42:22 - electrode_list: all
2025-09-19 22:42:22 - classifier: SepConv1D
2025-09-19 22:42:22 - separate_subject_classification: False
2025-09-19 22:42:22 - use_subject_layer: False
2025-09-19 22:42:22 - seeds: [42]
2025-09-19 22:42:22 - electrode_fusion_method: none
2025-09-19 22:42:22 - domain_adaptation_method: none
2025-09-19 22:42:22 - enable_comprehensive_evaluation: True
2025-09-19 22:42:22 - enable_domain_analysis: True
2025-09-19 22:42:22 - enable_small_sample_analysis: False
2025-09-19 22:42:22 - small_sample_sizes: [5, 10, 15, 20]
2025-09-19 22:42:22 - small_sample_subjects: [5, 10, 15]
2025-09-19 22:42:22 - --------------------------------------------------
2025-09-19 22:42:22 - 
==================================================
2025-09-19 22:42:22 - Processing Active Visual Oddball Dataset
2025-09-19 22:42:22 - ==================================================
2025-09-19 22:44:38 - 
==================================================
2025-09-19 22:44:38 - Individual Subject Results - AVO
2025-09-19 22:44:38 - ==================================================
2025-09-19 22:44:38 - Subject: sub_001
2025-09-19 22:44:38 -   Accuracy: 61.538%
2025-09-19 22:44:38 -   Precision: 0.667
2025-09-19 22:44:38 -   Recall: 0.571
2025-09-19 22:44:38 -   F1 Score: 0.615
2025-09-19 22:44:38 -   AUC: 0.548
2025-09-19 22:44:38 -   Correct/Total: 8/13
2025-09-19 22:44:38 -   Confusion Matrix Stats:
2025-09-19 22:44:38 -     TP: 4, TN: 4
2025-09-19 22:44:38 -     FP: 2, FN: 3
2025-09-19 22:44:38 - Subject: sub_002
2025-09-19 22:44:38 -   Accuracy: 71.429%
2025-09-19 22:44:38 -   Precision: 0.667
2025-09-19 22:44:38 -   Recall: 0.857
2025-09-19 22:44:38 -   F1 Score: 0.750
2025-09-19 22:44:38 -   AUC: 0.735
2025-09-19 22:44:38 -   Correct/Total: 10/14
2025-09-19 22:44:38 -   Confusion Matrix Stats:
2025-09-19 22:44:38 -     TP: 6, TN: 4
2025-09-19 22:44:38 -     FP: 3, FN: 1
2025-09-19 22:44:38 - Subject: sub_003
2025-09-19 22:44:38 -   Accuracy: 88.889%
2025-09-19 22:44:38 -   Precision: 0.800
2025-09-19 22:44:38 -   Recall: 1.000
2025-09-19 22:44:38 -   F1 Score: 0.889
2025-09-19 22:44:38 -   AUC: 1.000
2025-09-19 22:44:38 -   Correct/Total: 16/18
2025-09-19 22:44:38 -   Confusion Matrix Stats:
2025-09-19 22:44:38 -     TP: 8, TN: 8
2025-09-19 22:44:38 -     FP: 2, FN: 0
2025-09-19 22:44:38 - Subject: sub_004
2025-09-19 22:44:38 -   Accuracy: 40.000%
2025-09-19 22:44:38 -   Precision: 0.600
2025-09-19 22:44:38 -   Recall: 0.429
2025-09-19 22:44:38 -   F1 Score: 0.500
2025-09-19 22:44:38 -   AUC: 0.524
2025-09-19 22:44:38 -   Correct/Total: 4/10
2025-09-19 22:44:38 -   Confusion Matrix Stats:
2025-09-19 22:44:38 -     TP: 3, TN: 1
2025-09-19 22:44:38 -     FP: 2, FN: 4
2025-09-19 22:44:38 - Subject: sub_005
2025-09-19 22:44:38 -   Accuracy: 87.500%
2025-09-19 22:44:38 -   Precision: 0.800
2025-09-19 22:44:38 -   Recall: 1.000
2025-09-19 22:44:38 -   F1 Score: 0.889
2025-09-19 22:44:38 -   AUC: 0.750
2025-09-19 22:44:38 -   Correct/Total: 7/8
2025-09-19 22:44:38 -   Confusion Matrix Stats:
2025-09-19 22:44:38 -     TP: 4, TN: 3
2025-09-19 22:44:38 -     FP: 1, FN: 0
2025-09-19 22:44:38 - Subject: sub_006
2025-09-19 22:44:38 -   Accuracy: 84.615%
2025-09-19 22:44:38 -   Precision: 0.909
2025-09-19 22:44:38 -   Recall: 0.909
2025-09-19 22:44:38 -   F1 Score: 0.909
2025-09-19 22:44:38 -   AUC: 0.955
2025-09-19 22:44:38 -   Correct/Total: 11/13
2025-09-19 22:44:38 -   Confusion Matrix Stats:
2025-09-19 22:44:38 -     TP: 10, TN: 1
2025-09-19 22:44:38 -     FP: 1, FN: 1
2025-09-19 22:44:38 - Subject: sub_007
2025-09-19 22:44:38 -   Accuracy: 81.250%
2025-09-19 22:44:38 -   Precision: 0.778
2025-09-19 22:44:38 -   Recall: 0.875
2025-09-19 22:44:38 -   F1 Score: 0.824
2025-09-19 22:44:38 -   AUC: 0.891
2025-09-19 22:44:38 -   Correct/Total: 13/16
2025-09-19 22:44:38 -   Confusion Matrix Stats:
2025-09-19 22:44:38 -     TP: 7, TN: 6
2025-09-19 22:44:38 -     FP: 2, FN: 1
2025-09-19 22:44:38 - Subject: sub_008
2025-09-19 22:44:38 -   Accuracy: 84.615%
2025-09-19 22:44:38 -   Precision: 0.875
2025-09-19 22:44:38 -   Recall: 0.875
2025-09-19 22:44:38 -   F1 Score: 0.875
2025-09-19 22:44:38 -   AUC: 0.950
2025-09-19 22:44:38 -   Correct/Total: 11/13
2025-09-19 22:44:38 -   Confusion Matrix Stats:
2025-09-19 22:44:38 -     TP: 7, TN: 4
2025-09-19 22:44:38 -     FP: 1, FN: 1
2025-09-19 22:44:38 - Subject: sub_009
2025-09-19 22:44:38 -   Accuracy: 90.000%
2025-09-19 22:44:38 -   Precision: 0.846
2025-09-19 22:44:38 -   Recall: 1.000
2025-09-19 22:44:38 -   F1 Score: 0.917
2025-09-19 22:44:38 -   AUC: 0.939
2025-09-19 22:44:38 -   Correct/Total: 18/20
2025-09-19 22:44:38 -   Confusion Matrix Stats:
2025-09-19 22:44:38 -     TP: 11, TN: 7
2025-09-19 22:44:38 -     FP: 2, FN: 0
2025-09-19 22:44:38 - Subject: sub_010
2025-09-19 22:44:38 -   Accuracy: 92.857%
2025-09-19 22:44:38 -   Precision: 0.889
2025-09-19 22:44:38 -   Recall: 1.000
2025-09-19 22:44:38 -   F1 Score: 0.941
2025-09-19 22:44:38 -   AUC: 1.000
2025-09-19 22:44:38 -   Correct/Total: 13/14
2025-09-19 22:44:38 -   Confusion Matrix Stats:
2025-09-19 22:44:38 -     TP: 8, TN: 5
2025-09-19 22:44:38 -     FP: 1, FN: 0
2025-09-19 22:44:38 - Subject: sub_011
2025-09-19 22:44:38 -   Accuracy: 91.667%
2025-09-19 22:44:38 -   Precision: 0.875
2025-09-19 22:44:38 -   Recall: 1.000
2025-09-19 22:44:38 -   F1 Score: 0.933
2025-09-19 22:44:38 -   AUC: 0.914
2025-09-19 22:44:38 -   Correct/Total: 11/12
2025-09-19 22:44:38 -   Confusion Matrix Stats:
2025-09-19 22:44:38 -     TP: 7, TN: 4
2025-09-19 22:44:38 -     FP: 1, FN: 0
2025-09-19 22:44:38 - Subject: sub_012
2025-09-19 22:44:38 -   Accuracy: 90.476%
2025-09-19 22:44:38 -   Precision: 0.818
2025-09-19 22:44:38 -   Recall: 1.000
2025-09-19 22:44:38 -   F1 Score: 0.900
2025-09-19 22:44:38 -   AUC: 1.000
2025-09-19 22:44:38 -   Correct/Total: 19/21
2025-09-19 22:44:38 -   Confusion Matrix Stats:
2025-09-19 22:44:38 -     TP: 9, TN: 10
2025-09-19 22:44:38 -     FP: 2, FN: 0
2025-09-19 22:44:38 - Subject: sub_013
2025-09-19 22:44:38 -   Accuracy: 80.000%
2025-09-19 22:44:38 -   Precision: 0.667
2025-09-19 22:44:38 -   Recall: 1.000
2025-09-19 22:44:38 -   F1 Score: 0.800
2025-09-19 22:44:38 -   AUC: 0.875
2025-09-19 22:44:38 -   Correct/Total: 8/10
2025-09-19 22:44:38 -   Confusion Matrix Stats:
2025-09-19 22:44:38 -     TP: 4, TN: 4
2025-09-19 22:44:38 -     FP: 2, FN: 0
2025-09-19 22:44:38 - Subject: sub_014
2025-09-19 22:44:38 -   Accuracy: 63.158%
2025-09-19 22:44:38 -   Precision: 0.667
2025-09-19 22:44:38 -   Recall: 0.600
2025-09-19 22:44:38 -   F1 Score: 0.632
2025-09-19 22:44:38 -   AUC: 0.800
2025-09-19 22:44:38 -   Correct/Total: 12/19
2025-09-19 22:44:38 -   Confusion Matrix Stats:
2025-09-19 22:44:38 -     TP: 6, TN: 6
2025-09-19 22:44:38 -     FP: 3, FN: 4
2025-09-19 22:44:38 - Subject: sub_015
2025-09-19 22:44:38 -   Accuracy: 93.333%
2025-09-19 22:44:38 -   Precision: 0.833
2025-09-19 22:44:38 -   Recall: 1.000
2025-09-19 22:44:38 -   F1 Score: 0.909
2025-09-19 22:44:38 -   AUC: 0.980
2025-09-19 22:44:38 -   Correct/Total: 14/15
2025-09-19 22:44:38 -   Confusion Matrix Stats:
2025-09-19 22:44:38 -     TP: 5, TN: 9
2025-09-19 22:44:38 -     FP: 1, FN: 0
2025-09-19 22:44:38 - Subject: sub_016
2025-09-19 22:44:38 -   Accuracy: 88.235%
2025-09-19 22:44:38 -   Precision: 0.600
2025-09-19 22:44:38 -   Recall: 1.000
2025-09-19 22:44:38 -   F1 Score: 0.750
2025-09-19 22:44:38 -   AUC: 1.000
2025-09-19 22:44:38 -   Correct/Total: 15/17
2025-09-19 22:44:38 -   Confusion Matrix Stats:
2025-09-19 22:44:38 -     TP: 3, TN: 12
2025-09-19 22:44:38 -     FP: 2, FN: 0
2025-09-19 22:44:38 - Subject: sub_017
2025-09-19 22:44:38 -   Accuracy: 95.455%
2025-09-19 22:44:38 -   Precision: 0.917
2025-09-19 22:44:38 -   Recall: 1.000
2025-09-19 22:44:38 -   F1 Score: 0.957
2025-09-19 22:44:38 -   AUC: 1.000
2025-09-19 22:44:38 -   Correct/Total: 21/22
2025-09-19 22:44:38 -   Confusion Matrix Stats:
2025-09-19 22:44:38 -     TP: 11, TN: 10
2025-09-19 22:44:38 -     FP: 1, FN: 0
2025-09-19 22:44:38 - Subject: sub_018
2025-09-19 22:44:38 -   Accuracy: 100.000%
2025-09-19 22:44:38 -   Precision: 1.000
2025-09-19 22:44:38 -   Recall: 1.000
2025-09-19 22:44:38 -   F1 Score: 1.000
2025-09-19 22:44:38 -   AUC: 1.000
2025-09-19 22:44:38 -   Correct/Total: 2/2
2025-09-19 22:44:38 -   Confusion Matrix Stats:
2025-09-19 22:44:38 -     TP: 1, TN: 1
2025-09-19 22:44:38 -     FP: 0, FN: 0
2025-09-19 22:44:38 - Subject: sub_019
2025-09-19 22:44:38 -   Accuracy: 73.333%
2025-09-19 22:44:38 -   Precision: 1.000
2025-09-19 22:44:38 -   Recall: 0.429
2025-09-19 22:44:38 -   F1 Score: 0.600
2025-09-19 22:44:38 -   AUC: 1.000
2025-09-19 22:44:38 -   Correct/Total: 11/15
2025-09-19 22:44:38 -   Confusion Matrix Stats:
2025-09-19 22:44:38 -     TP: 3, TN: 8
2025-09-19 22:44:38 -     FP: 0, FN: 4
2025-09-19 22:44:38 - Subject: sub_020
2025-09-19 22:44:38 -   Accuracy: 69.231%
2025-09-19 22:44:38 -   Precision: 0.571
2025-09-19 22:44:38 -   Recall: 0.800
2025-09-19 22:44:38 -   F1 Score: 0.667
2025-09-19 22:44:38 -   AUC: 0.725
2025-09-19 22:44:38 -   Correct/Total: 9/13
2025-09-19 22:44:38 -   Confusion Matrix Stats:
2025-09-19 22:44:38 -     TP: 4, TN: 5
2025-09-19 22:44:38 -     FP: 3, FN: 1
2025-09-19 22:44:38 - Subject: sub_021
2025-09-19 22:44:38 -   Accuracy: 78.571%
2025-09-19 22:44:38 -   Precision: 0.857
2025-09-19 22:44:38 -   Recall: 0.750
2025-09-19 22:44:38 -   F1 Score: 0.800
2025-09-19 22:44:38 -   AUC: 0.938
2025-09-19 22:44:38 -   Correct/Total: 11/14
2025-09-19 22:44:38 -   Confusion Matrix Stats:
2025-09-19 22:44:38 -     TP: 6, TN: 5
2025-09-19 22:44:38 -     FP: 1, FN: 2
2025-09-19 22:44:38 - Subject: sub_022
2025-09-19 22:44:38 -   Accuracy: 90.909%
2025-09-19 22:44:38 -   Precision: 0.900
2025-09-19 22:44:38 -   Recall: 0.900
2025-09-19 22:44:38 -   F1 Score: 0.900
2025-09-19 22:44:38 -   AUC: 0.967
2025-09-19 22:44:38 -   Correct/Total: 20/22
2025-09-19 22:44:38 -   Confusion Matrix Stats:
2025-09-19 22:44:38 -     TP: 9, TN: 11
2025-09-19 22:44:38 -     FP: 1, FN: 1
2025-09-19 22:44:38 - Subject: sub_023
2025-09-19 22:44:38 -   Accuracy: 91.667%
2025-09-19 22:44:38 -   Precision: 0.857
2025-09-19 22:44:38 -   Recall: 1.000
2025-09-19 22:44:38 -   F1 Score: 0.923
2025-09-19 22:44:38 -   AUC: 0.861
2025-09-19 22:44:38 -   Correct/Total: 11/12
2025-09-19 22:44:38 -   Confusion Matrix Stats:
2025-09-19 22:44:38 -     TP: 6, TN: 5
2025-09-19 22:44:38 -     FP: 1, FN: 0
2025-09-19 22:44:38 - Subject: sub_024
2025-09-19 22:44:38 -   Accuracy: 93.103%
2025-09-19 22:44:38 -   Precision: 0.867
2025-09-19 22:44:38 -   Recall: 1.000
2025-09-19 22:44:38 -   F1 Score: 0.929
2025-09-19 22:44:38 -   AUC: 0.966
2025-09-19 22:44:38 -   Correct/Total: 27/29
2025-09-19 22:44:38 -   Confusion Matrix Stats:
2025-09-19 22:44:38 -     TP: 13, TN: 14
2025-09-19 22:44:38 -     FP: 2, FN: 0
2025-09-19 22:44:38 - Subject: sub_025
2025-09-19 22:44:38 -   Accuracy: 91.667%
2025-09-19 22:44:38 -   Precision: 0.800
2025-09-19 22:44:38 -   Recall: 1.000
2025-09-19 22:44:38 -   F1 Score: 0.889
2025-09-19 22:44:38 -   AUC: 1.000
2025-09-19 22:44:38 -   Correct/Total: 11/12
2025-09-19 22:44:38 -   Confusion Matrix Stats:
2025-09-19 22:44:38 -     TP: 4, TN: 7
2025-09-19 22:44:38 -     FP: 1, FN: 0
2025-09-19 22:44:38 - Subject: sub_026
2025-09-19 22:44:38 -   Accuracy: 70.588%
2025-09-19 22:44:38 -   Precision: 0.800
2025-09-19 22:44:38 -   Recall: 0.727
2025-09-19 22:44:38 -   F1 Score: 0.762
2025-09-19 22:44:38 -   AUC: 0.727
2025-09-19 22:44:38 -   Correct/Total: 12/17
2025-09-19 22:44:38 -   Confusion Matrix Stats:
2025-09-19 22:44:38 -     TP: 8, TN: 4
2025-09-19 22:44:38 -     FP: 2, FN: 3
2025-09-19 22:44:38 - Subject: sub_027
2025-09-19 22:44:38 -   Accuracy: 75.000%
2025-09-19 22:44:38 -   Precision: 0.833
2025-09-19 22:44:38 -   Recall: 0.714
2025-09-19 22:44:38 -   F1 Score: 0.769
2025-09-19 22:44:38 -   AUC: 0.771
2025-09-19 22:44:38 -   Correct/Total: 9/12
2025-09-19 22:44:38 -   Confusion Matrix Stats:
2025-09-19 22:44:38 -     TP: 5, TN: 4
2025-09-19 22:44:38 -     FP: 1, FN: 2
2025-09-19 22:44:38 - Subject: sub_028
2025-09-19 22:44:38 -   Accuracy: 100.000%
2025-09-19 22:44:38 -   Precision: 1.000
2025-09-19 22:44:38 -   Recall: 1.000
2025-09-19 22:44:38 -   F1 Score: 1.000
2025-09-19 22:44:38 -   AUC: 1.000
2025-09-19 22:44:38 -   Correct/Total: 11/11
2025-09-19 22:44:38 -   Confusion Matrix Stats:
2025-09-19 22:44:38 -     TP: 5, TN: 6
2025-09-19 22:44:38 -     FP: 0, FN: 0
2025-09-19 22:44:38 - Subject: sub_029
2025-09-19 22:44:38 -   Accuracy: 94.737%
2025-09-19 22:44:38 -   Precision: 1.000
2025-09-19 22:44:38 -   Recall: 0.875
2025-09-19 22:44:38 -   F1 Score: 0.933
2025-09-19 22:44:38 -   AUC: 1.000
2025-09-19 22:44:38 -   Correct/Total: 18/19
2025-09-19 22:44:38 -   Confusion Matrix Stats:
2025-09-19 22:44:38 -     TP: 7, TN: 11
2025-09-19 22:44:38 -     FP: 0, FN: 1
2025-09-19 22:44:38 - Subject: sub_030
2025-09-19 22:44:38 -   Accuracy: 88.889%
2025-09-19 22:44:38 -   Precision: 0.800
2025-09-19 22:44:38 -   Recall: 1.000
2025-09-19 22:44:38 -   F1 Score: 0.889
2025-09-19 22:44:38 -   AUC: 1.000
2025-09-19 22:44:38 -   Correct/Total: 8/9
2025-09-19 22:44:38 -   Confusion Matrix Stats:
2025-09-19 22:44:38 -     TP: 4, TN: 4
2025-09-19 22:44:38 -     FP: 1, FN: 0
2025-09-19 22:44:38 - Subject: sub_031
2025-09-19 22:44:38 -   Accuracy: 94.737%
2025-09-19 22:44:38 -   Precision: 0.917
2025-09-19 22:44:38 -   Recall: 1.000
2025-09-19 22:44:38 -   F1 Score: 0.957
2025-09-19 22:44:38 -   AUC: 0.989
2025-09-19 22:44:38 -   Correct/Total: 18/19
2025-09-19 22:44:38 -   Confusion Matrix Stats:
2025-09-19 22:44:38 -     TP: 11, TN: 7
2025-09-19 22:44:38 -     FP: 1, FN: 0
2025-09-19 22:44:38 - Subject: sub_032
2025-09-19 22:44:38 -   Accuracy: 100.000%
2025-09-19 22:44:38 -   Precision: 1.000
2025-09-19 22:44:38 -   Recall: 1.000
2025-09-19 22:44:38 -   F1 Score: 1.000
2025-09-19 22:44:38 -   AUC: 1.000
2025-09-19 22:44:38 -   Correct/Total: 17/17
2025-09-19 22:44:38 -   Confusion Matrix Stats:
2025-09-19 22:44:38 -     TP: 8, TN: 9
2025-09-19 22:44:38 -     FP: 0, FN: 0
2025-09-19 22:44:38 - Subject: sub_033
2025-09-19 22:44:38 -   Accuracy: 91.667%
2025-09-19 22:44:38 -   Precision: 1.000
2025-09-19 22:44:38 -   Recall: 0.875
2025-09-19 22:44:38 -   F1 Score: 0.933
2025-09-19 22:44:38 -   AUC: 1.000
2025-09-19 22:44:38 -   Correct/Total: 11/12
2025-09-19 22:44:38 -   Confusion Matrix Stats:
2025-09-19 22:44:38 -     TP: 7, TN: 4
2025-09-19 22:44:38 -     FP: 0, FN: 1
2025-09-19 22:44:38 - Subject: sub_034
2025-09-19 22:44:38 -   Accuracy: 53.333%
2025-09-19 22:44:38 -   Precision: 0.455
2025-09-19 22:44:38 -   Recall: 0.833
2025-09-19 22:44:38 -   F1 Score: 0.588
2025-09-19 22:44:38 -   AUC: 0.722
2025-09-19 22:44:38 -   Correct/Total: 8/15
2025-09-19 22:44:38 -   Confusion Matrix Stats:
2025-09-19 22:44:38 -     TP: 5, TN: 3
2025-09-19 22:44:38 -     FP: 6, FN: 1
2025-09-19 22:44:38 - Subject: sub_035
2025-09-19 22:44:38 -   Accuracy: 68.000%
2025-09-19 22:44:38 -   Precision: 0.615
2025-09-19 22:44:38 -   Recall: 0.727
2025-09-19 22:44:38 -   F1 Score: 0.667
2025-09-19 22:44:38 -   AUC: 0.792
2025-09-19 22:44:38 -   Correct/Total: 17/25
2025-09-19 22:44:38 -   Confusion Matrix Stats:
2025-09-19 22:44:38 -     TP: 8, TN: 9
2025-09-19 22:44:38 -     FP: 5, FN: 3
2025-09-19 22:44:38 - Subject: sub_036
2025-09-19 22:44:38 -   Accuracy: 57.143%
2025-09-19 22:44:38 -   Precision: 0.714
2025-09-19 22:44:38 -   Recall: 0.556
2025-09-19 22:44:38 -   F1 Score: 0.625
2025-09-19 22:44:38 -   AUC: 0.711
2025-09-19 22:44:38 -   Correct/Total: 8/14
2025-09-19 22:44:38 -   Confusion Matrix Stats:
2025-09-19 22:44:38 -     TP: 5, TN: 3
2025-09-19 22:44:38 -     FP: 2, FN: 4
2025-09-19 22:44:38 - Subject: sub_037
2025-09-19 22:44:38 -   Accuracy: 82.353%
2025-09-19 22:44:38 -   Precision: 0.714
2025-09-19 22:44:38 -   Recall: 0.833
2025-09-19 22:44:38 -   F1 Score: 0.769
2025-09-19 22:44:38 -   AUC: 0.924
2025-09-19 22:44:38 -   Correct/Total: 14/17
2025-09-19 22:44:38 -   Confusion Matrix Stats:
2025-09-19 22:44:38 -     TP: 5, TN: 9
2025-09-19 22:44:38 -     FP: 2, FN: 1
2025-09-19 22:44:38 - Subject: sub_038
2025-09-19 22:44:38 -   Accuracy: 95.652%
2025-09-19 22:44:38 -   Precision: 1.000
2025-09-19 22:44:38 -   Recall: 0.909
2025-09-19 22:44:38 -   F1 Score: 0.952
2025-09-19 22:44:38 -   AUC: 0.992
2025-09-19 22:44:38 -   Correct/Total: 22/23
2025-09-19 22:44:38 -   Confusion Matrix Stats:
2025-09-19 22:44:38 -     TP: 10, TN: 12
2025-09-19 22:44:38 -     FP: 0, FN: 1
2025-09-19 22:44:38 - Subject: sub_039
2025-09-19 22:44:38 -   Accuracy: 81.250%
2025-09-19 22:44:38 -   Precision: 1.000
2025-09-19 22:44:38 -   Recall: 0.667
2025-09-19 22:44:38 -   F1 Score: 0.800
2025-09-19 22:44:38 -   AUC: 0.921
2025-09-19 22:44:38 -   Correct/Total: 13/16
2025-09-19 22:44:38 -   Confusion Matrix Stats:
2025-09-19 22:44:38 -     TP: 6, TN: 7
2025-09-19 22:44:38 -     FP: 0, FN: 3
2025-09-19 22:44:38 - Subject: sub_040
2025-09-19 22:44:38 -   Accuracy: 87.500%
2025-09-19 22:44:38 -   Precision: 0.929
2025-09-19 22:44:38 -   Recall: 0.867
2025-09-19 22:44:38 -   F1 Score: 0.897
2025-09-19 22:44:38 -   AUC: 0.859
2025-09-19 22:44:38 -   Correct/Total: 21/24
2025-09-19 22:44:38 -   Confusion Matrix Stats:
2025-09-19 22:44:38 -     TP: 13, TN: 8
2025-09-19 22:44:38 -     FP: 1, FN: 2
2025-09-19 22:44:38 - 
AVO Pooled Model Statistics:
2025-09-19 22:44:38 - 95% Confidence Interval: [0.784, 0.873]
2025-09-19 22:44:38 - Best Subject: sub_018 (1.000)
2025-09-19 22:44:38 - Worst Subject: sub_004 (0.400)
2025-09-19 22:44:38 - Mean Accuracy: 0.833
2025-09-19 22:44:38 - Mean Precision: 0.818
2025-09-19 22:44:38 - Mean Recall: 0.855
2025-09-19 22:44:38 - Mean F1-Score: 0.836
2025-09-19 22:44:38 - Mean AUC: 0.893
2025-09-19 22:44:38 - Mean Confusion Matrix:
2025-09-19 22:44:38 -   TP: 7, TN: 6
2025-09-19 22:44:38 -   FP: 1, FN: 1
