2025-09-11 15:28:05 - 
Experiment Configuration:
2025-09-11 15:28:05 - --------------------------------------------------
2025-09-11 15:28:05 - dataset: ds005863
2025-09-11 15:28:05 - use_combined_datasets: False
2025-09-11 15:28:05 - electrode_list: all
2025-09-11 15:28:05 - classifier: ShallowFBCSPNet
2025-09-11 15:28:05 - separate_subject_classification: False
2025-09-11 15:28:05 - use_subject_layer: False
2025-09-11 15:28:05 - seeds: [42, 123, 456, 789, 321]
2025-09-11 15:28:05 - --------------------------------------------------
2025-09-11 15:28:05 - 
==================================================
2025-09-11 15:28:05 - Processing Active Visual Oddball Dataset
2025-09-11 15:28:05 - ==================================================
2025-09-11 15:28:09 - 
Error in Active Visual Oddball - Subject sub-005:
2025-09-11 15:28:09 - No oddball events found in the data.
2025-09-11 15:28:11 - 
Error in Active Visual Oddball - Subject sub-008:
2025-09-11 15:28:11 - No oddball events found in the data.
2025-09-11 15:28:21 - 
Error in Active Visual Oddball - Subject sub-022:
2025-09-11 15:28:21 - No oddball events found in the data.
2025-09-11 15:28:21 - 
Error in Active Visual Oddball - Subject sub-023:
2025-09-11 15:28:21 - No oddball events found in the data.
2025-09-11 15:28:28 - 
Error in Active Visual Oddball - Subject sub-033:
2025-09-11 15:28:28 - No oddball events found in the data.
2025-09-11 15:28:28 - 
Error in Active Visual Oddball - Subject sub-034:
2025-09-11 15:28:28 - No oddball events found in the data.
2025-09-11 15:28:32 - 
Error in Active Visual Oddball - Subject sub-039:
2025-09-11 15:28:32 - No oddball events found in the data.
2025-09-11 15:57:30 - 
==================================================
2025-09-11 15:57:30 - Individual Subject Results - AVO
2025-09-11 15:57:30 - ==================================================
2025-09-11 15:57:30 - Subject: sub_001
2025-09-11 15:57:30 -   Accuracy: 0.000%
2025-09-11 15:57:30 -   Precision: 0.747
2025-09-11 15:57:30 -   Recall: 1.000
2025-09-11 15:57:30 -   F1 Score: 0.853
2025-09-11 15:57:30 -   AUC: 0.950
2025-09-11 15:57:30 -   Correct/Total: 6/7
2025-09-11 15:57:30 -   Confusion Matrix Stats:
2025-09-11 15:57:30 -     TP: 4, TN: 2
2025-09-11 15:57:30 -     FP: 1, FN: 0
2025-09-11 15:57:30 - Subject: sub_002
2025-09-11 15:57:30 -   Accuracy: 0.000%
2025-09-11 15:57:30 -   Precision: 0.610
2025-09-11 15:57:30 -   Recall: 0.933
2025-09-11 15:57:30 -   F1 Score: 0.736
2025-09-11 15:57:30 -   AUC: 0.750
2025-09-11 15:57:30 -   Correct/Total: 5/7
2025-09-11 15:57:30 -   Confusion Matrix Stats:
2025-09-11 15:57:30 -     TP: 3, TN: 2
2025-09-11 15:57:30 -     FP: 2, FN: 0
2025-09-11 15:57:30 - Subject: sub_003
2025-09-11 15:57:30 -   Accuracy: 0.000%
2025-09-11 15:57:30 -   Precision: 0.560
2025-09-11 15:57:30 -   Recall: 0.500
2025-09-11 15:57:30 -   F1 Score: 0.527
2025-09-11 15:57:30 -   AUC: 0.513
2025-09-11 15:57:30 -   Correct/Total: 6/11
2025-09-11 15:57:30 -   Confusion Matrix Stats:
2025-09-11 15:57:30 -     TP: 3, TN: 3
2025-09-11 15:57:30 -     FP: 2, FN: 3
2025-09-11 15:57:30 - Subject: sub_004
2025-09-11 15:57:30 -   Accuracy: 0.000%
2025-09-11 15:57:30 -   Precision: 0.467
2025-09-11 15:57:30 -   Recall: 0.500
2025-09-11 15:57:30 -   F1 Score: 0.480
2025-09-11 15:57:30 -   AUC: 0.567
2025-09-11 15:57:30 -   Correct/Total: 3/5
2025-09-11 15:57:30 -   Confusion Matrix Stats:
2025-09-11 15:57:30 -     TP: 1, TN: 2
2025-09-11 15:57:30 -     FP: 1, FN: 1
2025-09-11 15:57:30 - Subject: sub_006
2025-09-11 15:57:30 -   Accuracy: 0.000%
2025-09-11 15:57:30 -   Precision: 0.733
2025-09-11 15:57:30 -   Recall: 0.560
2025-09-11 15:57:30 -   F1 Score: 0.633
2025-09-11 15:57:30 -   AUC: 0.680
2025-09-11 15:57:30 -   Correct/Total: 4/7
2025-09-11 15:57:30 -   Confusion Matrix Stats:
2025-09-11 15:57:30 -     TP: 3, TN: 1
2025-09-11 15:57:30 -     FP: 1, FN: 2
2025-09-11 15:57:30 - Subject: sub_007
2025-09-11 15:57:30 -   Accuracy: 0.000%
2025-09-11 15:57:30 -   Precision: 1.000
2025-09-11 15:57:30 -   Recall: 1.000
2025-09-11 15:57:30 -   F1 Score: 1.000
2025-09-11 15:57:30 -   AUC: 1.000
2025-09-11 15:57:30 -   Correct/Total: 2/2
2025-09-11 15:57:30 -   Confusion Matrix Stats:
2025-09-11 15:57:30 -     TP: 1, TN: 1
2025-09-11 15:57:30 -     FP: 0, FN: 0
2025-09-11 15:57:30 - Subject: sub_009
2025-09-11 15:57:30 -   Accuracy: 0.000%
2025-09-11 15:57:30 -   Precision: 0.733
2025-09-11 15:57:30 -   Recall: 1.000
2025-09-11 15:57:30 -   F1 Score: 0.840
2025-09-11 15:57:30 -   AUC: 1.000
2025-09-11 15:57:30 -   Correct/Total: 4/5
2025-09-11 15:57:30 -   Confusion Matrix Stats:
2025-09-11 15:57:30 -     TP: 2, TN: 2
2025-09-11 15:57:30 -     FP: 1, FN: 0
2025-09-11 15:57:30 - Subject: sub_010
2025-09-11 15:57:30 -   Accuracy: 0.000%
2025-09-11 15:57:30 -   Precision: 0.579
2025-09-11 15:57:30 -   Recall: 0.943
2025-09-11 15:57:30 -   F1 Score: 0.717
2025-09-11 15:57:30 -   AUC: 0.755
2025-09-11 15:57:30 -   Correct/Total: 9/14
2025-09-11 15:57:30 -   Confusion Matrix Stats:
2025-09-11 15:57:30 -     TP: 7, TN: 2
2025-09-11 15:57:30 -     FP: 5, FN: 0
2025-09-11 15:57:30 - Subject: sub_011
2025-09-11 15:57:30 -   Accuracy: 0.000%
2025-09-11 15:57:30 -   Precision: 0.547
2025-09-11 15:57:30 -   Recall: 1.000
2025-09-11 15:57:30 -   F1 Score: 0.701
2025-09-11 15:57:30 -   AUC: 0.900
2025-09-11 15:57:30 -   Correct/Total: 5/7
2025-09-11 15:57:30 -   Confusion Matrix Stats:
2025-09-11 15:57:30 -     TP: 2, TN: 3
2025-09-11 15:57:30 -     FP: 2, FN: 0
2025-09-11 15:57:30 - Subject: sub_012
2025-09-11 15:57:30 -   Accuracy: 0.000%
2025-09-11 15:57:30 -   Precision: 1.000
2025-09-11 15:57:30 -   Recall: 1.000
2025-09-11 15:57:30 -   F1 Score: 1.000
2025-09-11 15:57:30 -   AUC: 1.000
2025-09-11 15:57:30 -   Correct/Total: 2/2
2025-09-11 15:57:30 -   Confusion Matrix Stats:
2025-09-11 15:57:30 -     TP: 1, TN: 1
2025-09-11 15:57:30 -     FP: 0, FN: 0
2025-09-11 15:57:30 - Subject: sub_013
2025-09-11 15:57:30 -   Accuracy: 0.000%
2025-09-11 15:57:30 -   Precision: 0.740
2025-09-11 15:57:30 -   Recall: 0.900
2025-09-11 15:57:30 -   F1 Score: 0.811
2025-09-11 15:57:30 -   AUC: 0.775
2025-09-11 15:57:30 -   Correct/Total: 4/6
2025-09-11 15:57:30 -   Confusion Matrix Stats:
2025-09-11 15:57:30 -     TP: 4, TN: 1
2025-09-11 15:57:30 -     FP: 1, FN: 0
2025-09-11 15:57:30 - Subject: sub_014
2025-09-11 15:57:30 -   Accuracy: 0.000%
2025-09-11 15:57:30 -   Precision: 0.600
2025-09-11 15:57:30 -   Recall: 0.900
2025-09-11 15:57:30 -   F1 Score: 0.713
2025-09-11 15:57:30 -   AUC: 0.933
2025-09-11 15:57:30 -   Correct/Total: 4/5
2025-09-11 15:57:30 -   Confusion Matrix Stats:
2025-09-11 15:57:30 -     TP: 2, TN: 2
2025-09-11 15:57:30 -     FP: 1, FN: 0
2025-09-11 15:57:30 - Subject: sub_015
2025-09-11 15:57:30 -   Accuracy: 0.000%
2025-09-11 15:57:30 -   Precision: 1.000
2025-09-11 15:57:30 -   Recall: 0.933
2025-09-11 15:57:30 -   F1 Score: 0.960
2025-09-11 15:57:30 -   AUC: 1.000
2025-09-11 15:57:30 -   Correct/Total: 4/4
2025-09-11 15:57:30 -   Confusion Matrix Stats:
2025-09-11 15:57:30 -     TP: 3, TN: 1
2025-09-11 15:57:30 -     FP: 0, FN: 0
2025-09-11 15:57:30 - Subject: sub_016
2025-09-11 15:57:30 -   Accuracy: 0.000%
2025-09-11 15:57:30 -   Precision: 0.707
2025-09-11 15:57:30 -   Recall: 0.800
2025-09-11 15:57:30 -   F1 Score: 0.727
2025-09-11 15:57:30 -   AUC: 0.922
2025-09-11 15:57:30 -   Correct/Total: 7/9
2025-09-11 15:57:30 -   Confusion Matrix Stats:
2025-09-11 15:57:30 -     TP: 2, TN: 5
2025-09-11 15:57:30 -     FP: 1, FN: 1
2025-09-11 15:57:30 - Subject: sub_017
2025-09-11 15:57:30 -   Accuracy: 0.000%
2025-09-11 15:57:30 -   Precision: 0.667
2025-09-11 15:57:30 -   Recall: 1.000
2025-09-11 15:57:30 -   F1 Score: 0.800
2025-09-11 15:57:30 -   AUC: 0.950
2025-09-11 15:57:30 -   Correct/Total: 3/4
2025-09-11 15:57:30 -   Confusion Matrix Stats:
2025-09-11 15:57:30 -     TP: 2, TN: 1
2025-09-11 15:57:30 -     FP: 1, FN: 0
2025-09-11 15:57:30 - Subject: sub_018
2025-09-11 15:57:30 -   Accuracy: 0.000%
2025-09-11 15:57:30 -   Precision: 1.000
2025-09-11 15:57:30 -   Recall: 1.000
2025-09-11 15:57:30 -   F1 Score: 1.000
2025-09-11 15:57:30 -   AUC: 1.000
2025-09-11 15:57:30 -   Correct/Total: 3/3
2025-09-11 15:57:30 -   Confusion Matrix Stats:
2025-09-11 15:57:30 -     TP: 1, TN: 2
2025-09-11 15:57:30 -     FP: 0, FN: 0
2025-09-11 15:57:30 - Subject: sub_019
2025-09-11 15:57:30 -   Accuracy: 0.000%
2025-09-11 15:57:30 -   Precision: 0.748
2025-09-11 15:57:30 -   Recall: 0.867
2025-09-11 15:57:30 -   F1 Score: 0.795
2025-09-11 15:57:30 -   AUC: 0.913
2025-09-11 15:57:30 -   Correct/Total: 8/11
2025-09-11 15:57:30 -   Confusion Matrix Stats:
2025-09-11 15:57:30 -     TP: 5, TN: 3
2025-09-11 15:57:30 -     FP: 2, FN: 1
2025-09-11 15:57:30 - Subject: sub_020
2025-09-11 15:57:30 -   Accuracy: 0.000%
2025-09-11 15:57:30 -   Precision: 0.500
2025-09-11 15:57:30 -   Recall: 1.000
2025-09-11 15:57:30 -   F1 Score: 0.667
2025-09-11 15:57:30 -   AUC: 0.567
2025-09-11 15:57:30 -   Correct/Total: 3/5
2025-09-11 15:57:30 -   Confusion Matrix Stats:
2025-09-11 15:57:30 -     TP: 2, TN: 1
2025-09-11 15:57:30 -     FP: 2, FN: 0
2025-09-11 15:57:30 - Subject: sub_021
2025-09-11 15:57:30 -   Accuracy: 0.000%
2025-09-11 15:57:30 -   Precision: 0.920
2025-09-11 15:57:30 -   Recall: 1.000
2025-09-11 15:57:30 -   F1 Score: 0.956
2025-09-11 15:57:30 -   AUC: 1.000
2025-09-11 15:57:30 -   Correct/Total: 7/7
2025-09-11 15:57:30 -   Confusion Matrix Stats:
2025-09-11 15:57:30 -     TP: 4, TN: 3
2025-09-11 15:57:30 -     FP: 0, FN: 0
2025-09-11 15:57:30 - Subject: sub_024
2025-09-11 15:57:30 -   Accuracy: 0.000%
2025-09-11 15:57:30 -   Precision: 0.736
2025-09-11 15:57:30 -   Recall: 0.725
2025-09-11 15:57:30 -   F1 Score: 0.725
2025-09-11 15:57:30 -   AUC: 0.738
2025-09-11 15:57:30 -   Correct/Total: 8/12
2025-09-11 15:57:30 -   Confusion Matrix Stats:
2025-09-11 15:57:30 -     TP: 6, TN: 2
2025-09-11 15:57:30 -     FP: 2, FN: 2
2025-09-11 15:57:30 - Subject: sub_025
2025-09-11 15:57:30 -   Accuracy: 0.000%
2025-09-11 15:57:30 -   Precision: 0.520
2025-09-11 15:57:30 -   Recall: 0.933
2025-09-11 15:57:30 -   F1 Score: 0.664
2025-09-11 15:57:30 -   AUC: 0.947
2025-09-11 15:57:30 -   Correct/Total: 5/8
2025-09-11 15:57:30 -   Confusion Matrix Stats:
2025-09-11 15:57:30 -     TP: 3, TN: 2
2025-09-11 15:57:30 -     FP: 3, FN: 0
2025-09-11 15:57:30 - Subject: sub_027
2025-09-11 15:57:30 -   Accuracy: 0.000%
2025-09-11 15:57:30 -   Precision: 0.750
2025-09-11 15:57:30 -   Recall: 1.000
2025-09-11 15:57:30 -   F1 Score: 0.857
2025-09-11 15:57:30 -   AUC: 0.956
2025-09-11 15:57:30 -   Correct/Total: 5/6
2025-09-11 15:57:30 -   Confusion Matrix Stats:
2025-09-11 15:57:30 -     TP: 3, TN: 2
2025-09-11 15:57:30 -     FP: 1, FN: 0
2025-09-11 15:57:30 - Subject: sub_028
2025-09-11 15:57:30 -   Accuracy: 0.000%
2025-09-11 15:57:30 -   Precision: 0.900
2025-09-11 15:57:30 -   Recall: 1.000
2025-09-11 15:57:30 -   F1 Score: 0.933
2025-09-11 15:57:30 -   AUC: 1.000
2025-09-11 15:57:30 -   Correct/Total: 2/2
2025-09-11 15:57:30 -   Confusion Matrix Stats:
2025-09-11 15:57:30 -     TP: 1, TN: 1
2025-09-11 15:57:30 -     FP: 0, FN: 0
2025-09-11 15:57:30 - Subject: sub_029
2025-09-11 15:57:30 -   Accuracy: 0.000%
2025-09-11 15:57:30 -   Precision: 0.647
2025-09-11 15:57:30 -   Recall: 1.000
2025-09-11 15:57:30 -   F1 Score: 0.768
2025-09-11 15:57:30 -   AUC: 0.925
2025-09-11 15:57:30 -   Correct/Total: 5/6
2025-09-11 15:57:30 -   Confusion Matrix Stats:
2025-09-11 15:57:30 -     TP: 2, TN: 3
2025-09-11 15:57:30 -     FP: 1, FN: 0
2025-09-11 15:57:30 - Subject: sub_030
2025-09-11 15:57:30 -   Accuracy: 0.000%
2025-09-11 15:57:30 -   Precision: 0.824
2025-09-11 15:57:30 -   Recall: 0.925
2025-09-11 15:57:30 -   F1 Score: 0.864
2025-09-11 15:57:30 -   AUC: 0.892
2025-09-11 15:57:30 -   Correct/Total: 9/11
2025-09-11 15:57:30 -   Confusion Matrix Stats:
2025-09-11 15:57:30 -     TP: 7, TN: 1
2025-09-11 15:57:30 -     FP: 2, FN: 1
2025-09-11 15:57:30 - Subject: sub_031
2025-09-11 15:57:30 -   Accuracy: 0.000%
2025-09-11 15:57:30 -   Precision: 0.810
2025-09-11 15:57:30 -   Recall: 1.000
2025-09-11 15:57:30 -   F1 Score: 0.894
2025-09-11 15:57:30 -   AUC: 0.940
2025-09-11 15:57:30 -   Correct/Total: 8/9
2025-09-11 15:57:30 -   Confusion Matrix Stats:
2025-09-11 15:57:30 -     TP: 5, TN: 3
2025-09-11 15:57:30 -     FP: 1, FN: 0
2025-09-11 15:57:30 - Subject: sub_032
2025-09-11 15:57:30 -   Accuracy: 0.000%
2025-09-11 15:57:30 -   Precision: 0.662
2025-09-11 15:57:30 -   Recall: 0.950
2025-09-11 15:57:30 -   F1 Score: 0.756
2025-09-11 15:57:30 -   AUC: 0.950
2025-09-11 15:57:30 -   Correct/Total: 7/10
2025-09-11 15:57:30 -   Confusion Matrix Stats:
2025-09-11 15:57:30 -     TP: 4, TN: 4
2025-09-11 15:57:30 -     FP: 2, FN: 0
2025-09-11 15:57:30 - Subject: sub_035
2025-09-11 15:57:30 -   Accuracy: 0.000%
2025-09-11 15:57:30 -   Precision: 0.529
2025-09-11 15:57:30 -   Recall: 1.000
2025-09-11 15:57:30 -   F1 Score: 0.691
2025-09-11 15:57:30 -   AUC: 0.843
2025-09-11 15:57:30 -   Correct/Total: 7/11
2025-09-11 15:57:30 -   Confusion Matrix Stats:
2025-09-11 15:57:30 -     TP: 4, TN: 3
2025-09-11 15:57:30 -     FP: 4, FN: 0
2025-09-11 15:57:30 - Subject: sub_036
2025-09-11 15:57:30 -   Accuracy: 0.000%
2025-09-11 15:57:30 -   Precision: 0.500
2025-09-11 15:57:30 -   Recall: 1.000
2025-09-11 15:57:30 -   F1 Score: 0.667
2025-09-11 15:57:30 -   AUC: 0.400
2025-09-11 15:57:30 -   Correct/Total: 1/2
2025-09-11 15:57:30 -   Confusion Matrix Stats:
2025-09-11 15:57:30 -     TP: 1, TN: 0
2025-09-11 15:57:30 -     FP: 1, FN: 0
2025-09-11 15:57:30 - Subject: sub_037
2025-09-11 15:57:30 -   Accuracy: 0.000%
2025-09-11 15:57:30 -   Precision: 0.533
2025-09-11 15:57:30 -   Recall: 0.300
2025-09-11 15:57:30 -   F1 Score: 0.381
2025-09-11 15:57:30 -   AUC: 0.433
2025-09-11 15:57:30 -   Correct/Total: 3/7
2025-09-11 15:57:30 -   Confusion Matrix Stats:
2025-09-11 15:57:30 -     TP: 1, TN: 2
2025-09-11 15:57:30 -     FP: 1, FN: 3
2025-09-11 15:57:30 - Subject: sub_038
2025-09-11 15:57:30 -   Accuracy: 0.000%
2025-09-11 15:57:30 -   Precision: 0.813
2025-09-11 15:57:30 -   Recall: 1.000
2025-09-11 15:57:30 -   F1 Score: 0.893
2025-09-11 15:57:30 -   AUC: 1.000
2025-09-11 15:57:30 -   Correct/Total: 9/10
2025-09-11 15:57:30 -   Confusion Matrix Stats:
2025-09-11 15:57:30 -     TP: 4, TN: 5
2025-09-11 15:57:30 -     FP: 1, FN: 0
2025-09-11 15:57:30 - Subject: sub_040
2025-09-11 15:57:30 -   Accuracy: 0.000%
2025-09-11 15:57:30 -   Precision: 0.690
2025-09-11 15:57:30 -   Recall: 0.750
2025-09-11 15:57:30 -   F1 Score: 0.717
2025-09-11 15:57:30 -   AUC: 0.688
2025-09-11 15:57:30 -   Correct/Total: 6/8
2025-09-11 15:57:30 -   Confusion Matrix Stats:
2025-09-11 15:57:30 -     TP: 3, TN: 3
2025-09-11 15:57:30 -     FP: 1, FN: 1
2025-09-11 15:57:30 - 
AVO Pooled Model Statistics:
2025-09-11 15:57:30 - Mean Accuracy: 0.728
2025-09-11 15:57:30 - 95% Confidence Interval: [0.658, 0.798]
2025-09-11 15:57:30 - Best Subject: sub_007 (1.000)
2025-09-11 15:57:30 - Worst Subject: sub_026 (0.000)
2025-09-11 15:57:30 - Mean Precision: 0.691
2025-09-11 15:57:30 - Mean Recall: 0.865
2025-09-11 15:57:30 - Mean F1-Score: 0.768
2025-09-11 15:57:30 - Mean AUC: 0.840
2025-09-11 15:57:30 - Mean Confusion Matrix:
2025-09-11 15:57:30 -   TP: 3, TN: 2
2025-09-11 15:57:30 -   FP: 1, FN: 0
