2025-09-14 13:46:05 - 
Experiment Configuration:
2025-09-14 13:46:05 - --------------------------------------------------
2025-09-14 13:46:05 - dataset: ds005863
2025-09-14 13:46:05 - use_combined_datasets: False
2025-09-14 13:46:05 - electrode_list: all
2025-09-14 13:46:05 - classifier: EEGConformer
2025-09-14 13:46:05 - separate_subject_classification: False
2025-09-14 13:46:05 - use_subject_layer: False
2025-09-14 13:46:05 - seeds: [42]
2025-09-14 13:46:05 - --------------------------------------------------
2025-09-14 13:46:05 - 
==================================================
2025-09-14 13:46:05 - Processing Active Visual Oddball Dataset
2025-09-14 13:46:05 - ==================================================
2025-09-14 13:46:20 - 
==================================================
2025-09-14 13:46:20 - Individual Subject Results - AVO
2025-09-14 13:46:20 - ==================================================
2025-09-14 13:46:20 - Subject: sub_001
2025-09-14 13:46:20 -   Accuracy: 63.636%
2025-09-14 13:46:20 -   Precision: 0.556
2025-09-14 13:46:20 -   Recall: 1.000
2025-09-14 13:46:20 -   F1 Score: 0.714
2025-09-14 13:46:20 -   AUC: 0.700
2025-09-14 13:46:20 -   Correct/Total: 7/11
2025-09-14 13:46:20 -   Confusion Matrix Stats:
2025-09-14 13:46:20 -     TP: 5, TN: 2
2025-09-14 13:46:20 -     FP: 4, FN: 0
2025-09-14 13:46:20 - 
AVO Pooled Model Statistics:
2025-09-14 13:46:20 - Mean Accuracy: 0.016
2025-09-14 13:46:20 - 95% Confidence Interval: [-0.016, 0.048]
2025-09-14 13:46:20 - Best Subject: sub_001 (0.636)
2025-09-14 13:46:20 - Worst Subject: sub_002 (0.000)
2025-09-14 13:46:20 - Mean Precision: 0.556
2025-09-14 13:46:20 - Mean Recall: 1.000
2025-09-14 13:46:20 - Mean F1-Score: 0.714
2025-09-14 13:46:20 - Mean AUC: 0.700
2025-09-14 13:46:20 - Mean Confusion Matrix:
2025-09-14 13:46:20 -   TP: 5, TN: 2
2025-09-14 13:46:20 -   FP: 4, FN: 0
