2025-09-14 13:47:21 - 
Experiment Configuration:
2025-09-14 13:47:21 - --------------------------------------------------
2025-09-14 13:47:21 - dataset: ds005863
2025-09-14 13:47:21 - use_combined_datasets: False
2025-09-14 13:47:21 - electrode_list: all
2025-09-14 13:47:21 - classifier: EEGConformer
2025-09-14 13:47:21 - separate_subject_classification: False
2025-09-14 13:47:21 - use_subject_layer: False
2025-09-14 13:47:21 - seeds: [42]
2025-09-14 13:47:21 - --------------------------------------------------
2025-09-14 13:47:21 - 
==================================================
2025-09-14 13:47:21 - Processing Active Visual Oddball Dataset
2025-09-14 13:47:21 - ==================================================
2025-09-14 13:58:09 - 
==================================================
2025-09-14 13:58:09 - Individual Subject Results - AVO
2025-09-14 13:58:09 - ==================================================
2025-09-14 13:58:09 - Subject: sub_001
2025-09-14 13:58:09 -   Accuracy: 75.000%
2025-09-14 13:58:09 -   Precision: 1.000
2025-09-14 13:58:09 -   Recall: 0.625
2025-09-14 13:58:09 -   F1 Score: 0.769
2025-09-14 13:58:09 -   AUC: 0.875
2025-09-14 13:58:09 -   Correct/Total: 9/12
2025-09-14 13:58:09 -   Confusion Matrix Stats:
2025-09-14 13:58:09 -     TP: 5, TN: 4
2025-09-14 13:58:09 -     FP: 0, FN: 3
2025-09-14 13:58:09 - Subject: sub_002
2025-09-14 13:58:09 -   Accuracy: 81.818%
2025-09-14 13:58:09 -   Precision: 0.714
2025-09-14 13:58:09 -   Recall: 1.000
2025-09-14 13:58:09 -   F1 Score: 0.833
2025-09-14 13:58:09 -   AUC: 1.000
2025-09-14 13:58:09 -   Correct/Total: 9/11
2025-09-14 13:58:09 -   Confusion Matrix Stats:
2025-09-14 13:58:09 -     TP: 5, TN: 4
2025-09-14 13:58:09 -     FP: 2, FN: 0
2025-09-14 13:58:09 - Subject: sub_003
2025-09-14 13:58:09 -   Accuracy: 92.857%
2025-09-14 13:58:09 -   Precision: 0.889
2025-09-14 13:58:09 -   Recall: 1.000
2025-09-14 13:58:09 -   F1 Score: 0.941
2025-09-14 13:58:09 -   AUC: 0.979
2025-09-14 13:58:09 -   Correct/Total: 13/14
2025-09-14 13:58:09 -   Confusion Matrix Stats:
2025-09-14 13:58:09 -     TP: 8, TN: 5
2025-09-14 13:58:09 -     FP: 1, FN: 0
2025-09-14 13:58:09 - Subject: sub_004
2025-09-14 13:58:09 -   Accuracy: 85.714%
2025-09-14 13:58:09 -   Precision: 1.000
2025-09-14 13:58:09 -   Recall: 0.750
2025-09-14 13:58:09 -   F1 Score: 0.857
2025-09-14 13:58:09 -   AUC: 0.963
2025-09-14 13:58:09 -   Correct/Total: 18/21
2025-09-14 13:58:09 -   Confusion Matrix Stats:
2025-09-14 13:58:09 -     TP: 9, TN: 9
2025-09-14 13:58:09 -     FP: 0, FN: 3
2025-09-14 13:58:09 - Subject: sub_005
2025-09-14 13:58:09 -   Accuracy: 85.714%
2025-09-14 13:58:09 -   Precision: 0.778
2025-09-14 13:58:09 -   Recall: 1.000
2025-09-14 13:58:09 -   F1 Score: 0.875
2025-09-14 13:58:09 -   AUC: 0.959
2025-09-14 13:58:09 -   Correct/Total: 12/14
2025-09-14 13:58:09 -   Confusion Matrix Stats:
2025-09-14 13:58:09 -     TP: 7, TN: 5
2025-09-14 13:58:09 -     FP: 2, FN: 0
2025-09-14 13:58:09 - Subject: sub_006
2025-09-14 13:58:09 -   Accuracy: 83.333%
2025-09-14 13:58:09 -   Precision: 0.500
2025-09-14 13:58:09 -   Recall: 1.000
2025-09-14 13:58:09 -   F1 Score: 0.667
2025-09-14 13:58:09 -   AUC: 1.000
2025-09-14 13:58:09 -   Correct/Total: 10/12
2025-09-14 13:58:09 -   Confusion Matrix Stats:
2025-09-14 13:58:09 -     TP: 2, TN: 8
2025-09-14 13:58:09 -     FP: 2, FN: 0
2025-09-14 13:58:09 - Subject: sub_007
2025-09-14 13:58:09 -   Accuracy: 75.000%
2025-09-14 13:58:09 -   Precision: 0.667
2025-09-14 13:58:09 -   Recall: 0.667
2025-09-14 13:58:09 -   F1 Score: 0.667
2025-09-14 13:58:09 -   AUC: 0.767
2025-09-14 13:58:09 -   Correct/Total: 12/16
2025-09-14 13:58:09 -   Confusion Matrix Stats:
2025-09-14 13:58:09 -     TP: 4, TN: 8
2025-09-14 13:58:09 -     FP: 2, FN: 2
2025-09-14 13:58:09 - Subject: sub_008
2025-09-14 13:58:09 -   Accuracy: 92.857%
2025-09-14 13:58:09 -   Precision: 0.889
2025-09-14 13:58:09 -   Recall: 1.000
2025-09-14 13:58:09 -   F1 Score: 0.941
2025-09-14 13:58:09 -   AUC: 1.000
2025-09-14 13:58:09 -   Correct/Total: 13/14
2025-09-14 13:58:09 -   Confusion Matrix Stats:
2025-09-14 13:58:09 -     TP: 8, TN: 5
2025-09-14 13:58:09 -     FP: 1, FN: 0
2025-09-14 13:58:09 - Subject: sub_009
2025-09-14 13:58:09 -   Accuracy: 85.714%
2025-09-14 13:58:09 -   Precision: 1.000
2025-09-14 13:58:09 -   Recall: 0.714
2025-09-14 13:58:09 -   F1 Score: 0.833
2025-09-14 13:58:09 -   AUC: 0.959
2025-09-14 13:58:09 -   Correct/Total: 12/14
2025-09-14 13:58:09 -   Confusion Matrix Stats:
2025-09-14 13:58:09 -     TP: 5, TN: 7
2025-09-14 13:58:09 -     FP: 0, FN: 2
2025-09-14 13:58:09 - Subject: sub_010
2025-09-14 13:58:09 -   Accuracy: 81.818%
2025-09-14 13:58:09 -   Precision: 0.857
2025-09-14 13:58:09 -   Recall: 0.857
2025-09-14 13:58:09 -   F1 Score: 0.857
2025-09-14 13:58:09 -   AUC: 0.893
2025-09-14 13:58:09 -   Correct/Total: 9/11
2025-09-14 13:58:09 -   Confusion Matrix Stats:
2025-09-14 13:58:09 -     TP: 6, TN: 3
2025-09-14 13:58:09 -     FP: 1, FN: 1
2025-09-14 13:58:09 - Subject: sub_011
2025-09-14 13:58:09 -   Accuracy: 60.000%
2025-09-14 13:58:09 -   Precision: 0.800
2025-09-14 13:58:09 -   Recall: 0.571
2025-09-14 13:58:09 -   F1 Score: 0.667
2025-09-14 13:58:09 -   AUC: 0.810
2025-09-14 13:58:09 -   Correct/Total: 6/10
2025-09-14 13:58:09 -   Confusion Matrix Stats:
2025-09-14 13:58:09 -     TP: 4, TN: 2
2025-09-14 13:58:09 -     FP: 1, FN: 3
2025-09-14 13:58:09 - Subject: sub_012
2025-09-14 13:58:09 -   Accuracy: 95.000%
2025-09-14 13:58:09 -   Precision: 1.000
2025-09-14 13:58:09 -   Recall: 0.900
2025-09-14 13:58:09 -   F1 Score: 0.947
2025-09-14 13:58:09 -   AUC: 0.970
2025-09-14 13:58:09 -   Correct/Total: 19/20
2025-09-14 13:58:09 -   Confusion Matrix Stats:
2025-09-14 13:58:09 -     TP: 9, TN: 10
2025-09-14 13:58:09 -     FP: 0, FN: 1
2025-09-14 13:58:09 - Subject: sub_013
2025-09-14 13:58:09 -   Accuracy: 90.000%
2025-09-14 13:58:09 -   Precision: 1.000
2025-09-14 13:58:09 -   Recall: 0.778
2025-09-14 13:58:09 -   F1 Score: 0.875
2025-09-14 13:58:09 -   AUC: 0.899
2025-09-14 13:58:09 -   Correct/Total: 18/20
2025-09-14 13:58:09 -   Confusion Matrix Stats:
2025-09-14 13:58:09 -     TP: 7, TN: 11
2025-09-14 13:58:09 -     FP: 0, FN: 2
2025-09-14 13:58:09 - Subject: sub_014
2025-09-14 13:58:09 -   Accuracy: 100.000%
2025-09-14 13:58:09 -   Precision: 1.000
2025-09-14 13:58:09 -   Recall: 1.000
2025-09-14 13:58:09 -   F1 Score: 1.000
2025-09-14 13:58:09 -   AUC: 1.000
2025-09-14 13:58:09 -   Correct/Total: 16/16
2025-09-14 13:58:09 -   Confusion Matrix Stats:
2025-09-14 13:58:09 -     TP: 11, TN: 5
2025-09-14 13:58:09 -     FP: 0, FN: 0
2025-09-14 13:58:09 - Subject: sub_015
2025-09-14 13:58:09 -   Accuracy: 75.000%
2025-09-14 13:58:09 -   Precision: 0.571
2025-09-14 13:58:09 -   Recall: 1.000
2025-09-14 13:58:09 -   F1 Score: 0.727
2025-09-14 13:58:09 -   AUC: 0.812
2025-09-14 13:58:09 -   Correct/Total: 9/12
2025-09-14 13:58:09 -   Confusion Matrix Stats:
2025-09-14 13:58:09 -     TP: 4, TN: 5
2025-09-14 13:58:09 -     FP: 3, FN: 0
2025-09-14 13:58:09 - Subject: sub_016
2025-09-14 13:58:09 -   Accuracy: 88.235%
2025-09-14 13:58:09 -   Precision: 0.857
2025-09-14 13:58:09 -   Recall: 0.857
2025-09-14 13:58:09 -   F1 Score: 0.857
2025-09-14 13:58:09 -   AUC: 0.886
2025-09-14 13:58:09 -   Correct/Total: 15/17
2025-09-14 13:58:09 -   Confusion Matrix Stats:
2025-09-14 13:58:09 -     TP: 6, TN: 9
2025-09-14 13:58:09 -     FP: 1, FN: 1
2025-09-14 13:58:09 - Subject: sub_017
2025-09-14 13:58:09 -   Accuracy: 100.000%
2025-09-14 13:58:09 -   Precision: 1.000
2025-09-14 13:58:09 -   Recall: 1.000
2025-09-14 13:58:09 -   F1 Score: 1.000
2025-09-14 13:58:09 -   AUC: 1.000
2025-09-14 13:58:09 -   Correct/Total: 22/22
2025-09-14 13:58:09 -   Confusion Matrix Stats:
2025-09-14 13:58:09 -     TP: 12, TN: 10
2025-09-14 13:58:09 -     FP: 0, FN: 0
2025-09-14 13:58:09 - Subject: sub_018
2025-09-14 13:58:09 -   Accuracy: 66.667%
2025-09-14 13:58:09 -   Precision: 1.000
2025-09-14 13:58:09 -   Recall: 0.500
2025-09-14 13:58:09 -   F1 Score: 0.667
2025-09-14 13:58:09 -   AUC: 0.500
2025-09-14 13:58:09 -   Correct/Total: 2/3
2025-09-14 13:58:09 -   Confusion Matrix Stats:
2025-09-14 13:58:09 -     TP: 1, TN: 1
2025-09-14 13:58:09 -     FP: 0, FN: 1
2025-09-14 13:58:09 - Subject: sub_019
2025-09-14 13:58:09 -   Accuracy: 87.500%
2025-09-14 13:58:09 -   Precision: 0.750
2025-09-14 13:58:09 -   Recall: 1.000
2025-09-14 13:58:09 -   F1 Score: 0.857
2025-09-14 13:58:09 -   AUC: 1.000
2025-09-14 13:58:09 -   Correct/Total: 7/8
2025-09-14 13:58:09 -   Confusion Matrix Stats:
2025-09-14 13:58:09 -     TP: 3, TN: 4
2025-09-14 13:58:09 -     FP: 1, FN: 0
2025-09-14 13:58:09 - Subject: sub_020
2025-09-14 13:58:09 -   Accuracy: 68.421%
2025-09-14 13:58:09 -   Precision: 0.667
2025-09-14 13:58:09 -   Recall: 0.500
2025-09-14 13:58:09 -   F1 Score: 0.571
2025-09-14 13:58:09 -   AUC: 0.716
2025-09-14 13:58:09 -   Correct/Total: 13/19
2025-09-14 13:58:09 -   Confusion Matrix Stats:
2025-09-14 13:58:09 -     TP: 4, TN: 9
2025-09-14 13:58:09 -     FP: 2, FN: 4
2025-09-14 13:58:09 - Subject: sub_021
2025-09-14 13:58:09 -   Accuracy: 92.857%
2025-09-14 13:58:09 -   Precision: 1.000
2025-09-14 13:58:09 -   Recall: 0.800
2025-09-14 13:58:09 -   F1 Score: 0.889
2025-09-14 13:58:09 -   AUC: 0.956
2025-09-14 13:58:09 -   Correct/Total: 13/14
2025-09-14 13:58:09 -   Confusion Matrix Stats:
2025-09-14 13:58:09 -     TP: 4, TN: 9
2025-09-14 13:58:09 -     FP: 0, FN: 1
2025-09-14 13:58:09 - Subject: sub_022
2025-09-14 13:58:09 -   Accuracy: 90.476%
2025-09-14 13:58:09 -   Precision: 0.857
2025-09-14 13:58:09 -   Recall: 1.000
2025-09-14 13:58:09 -   F1 Score: 0.923
2025-09-14 13:58:09 -   AUC: 0.935
2025-09-14 13:58:09 -   Correct/Total: 19/21
2025-09-14 13:58:09 -   Confusion Matrix Stats:
2025-09-14 13:58:09 -     TP: 12, TN: 7
2025-09-14 13:58:09 -     FP: 2, FN: 0
2025-09-14 13:58:09 - Subject: sub_023
2025-09-14 13:58:09 -   Accuracy: 92.857%
2025-09-14 13:58:09 -   Precision: 0.800
2025-09-14 13:58:09 -   Recall: 1.000
2025-09-14 13:58:09 -   F1 Score: 0.889
2025-09-14 13:58:09 -   AUC: 0.900
2025-09-14 13:58:09 -   Correct/Total: 13/14
2025-09-14 13:58:09 -   Confusion Matrix Stats:
2025-09-14 13:58:09 -     TP: 4, TN: 9
2025-09-14 13:58:09 -     FP: 1, FN: 0
2025-09-14 13:58:09 - Subject: sub_024
2025-09-14 13:58:09 -   Accuracy: 100.000%
2025-09-14 13:58:09 -   Precision: 1.000
2025-09-14 13:58:09 -   Recall: 1.000
2025-09-14 13:58:09 -   F1 Score: 1.000
2025-09-14 13:58:09 -   AUC: 1.000
2025-09-14 13:58:09 -   Correct/Total: 17/17
2025-09-14 13:58:09 -   Confusion Matrix Stats:
2025-09-14 13:58:09 -     TP: 6, TN: 11
2025-09-14 13:58:09 -     FP: 0, FN: 0
2025-09-14 13:58:09 - Subject: sub_025
2025-09-14 13:58:09 -   Accuracy: 78.571%
2025-09-14 13:58:09 -   Precision: 0.875
2025-09-14 13:58:09 -   Recall: 0.778
2025-09-14 13:58:09 -   F1 Score: 0.824
2025-09-14 13:58:09 -   AUC: 0.956
2025-09-14 13:58:09 -   Correct/Total: 11/14
2025-09-14 13:58:09 -   Confusion Matrix Stats:
2025-09-14 13:58:09 -     TP: 7, TN: 4
2025-09-14 13:58:09 -     FP: 1, FN: 2
2025-09-14 13:58:09 - Subject: sub_026
2025-09-14 13:58:09 -   Accuracy: 87.500%
2025-09-14 13:58:09 -   Precision: 0.750
2025-09-14 13:58:09 -   Recall: 1.000
2025-09-14 13:58:09 -   F1 Score: 0.857
2025-09-14 13:58:09 -   AUC: 0.917
2025-09-14 13:58:09 -   Correct/Total: 14/16
2025-09-14 13:58:09 -   Confusion Matrix Stats:
2025-09-14 13:58:09 -     TP: 6, TN: 8
2025-09-14 13:58:09 -     FP: 2, FN: 0
2025-09-14 13:58:09 - Subject: sub_027
2025-09-14 13:58:09 -   Accuracy: 92.857%
2025-09-14 13:58:09 -   Precision: 0.875
2025-09-14 13:58:09 -   Recall: 1.000
2025-09-14 13:58:09 -   F1 Score: 0.933
2025-09-14 13:58:09 -   AUC: 1.000
2025-09-14 13:58:09 -   Correct/Total: 13/14
2025-09-14 13:58:09 -   Confusion Matrix Stats:
2025-09-14 13:58:09 -     TP: 7, TN: 6
2025-09-14 13:58:09 -     FP: 1, FN: 0
2025-09-14 13:58:09 - Subject: sub_028
2025-09-14 13:58:09 -   Accuracy: 86.957%
2025-09-14 13:58:09 -   Precision: 0.923
2025-09-14 13:58:09 -   Recall: 0.857
2025-09-14 13:58:09 -   F1 Score: 0.889
2025-09-14 13:58:09 -   AUC: 0.897
2025-09-14 13:58:09 -   Correct/Total: 20/23
2025-09-14 13:58:09 -   Confusion Matrix Stats:
2025-09-14 13:58:09 -     TP: 12, TN: 8
2025-09-14 13:58:09 -     FP: 1, FN: 2
2025-09-14 13:58:09 - Subject: sub_029
2025-09-14 13:58:09 -   Accuracy: 100.000%
2025-09-14 13:58:09 -   Precision: 1.000
2025-09-14 13:58:09 -   Recall: 1.000
2025-09-14 13:58:09 -   F1 Score: 1.000
2025-09-14 13:58:09 -   AUC: 1.000
2025-09-14 13:58:09 -   Correct/Total: 15/15
2025-09-14 13:58:09 -   Confusion Matrix Stats:
2025-09-14 13:58:09 -     TP: 5, TN: 10
2025-09-14 13:58:09 -     FP: 0, FN: 0
2025-09-14 13:58:09 - Subject: sub_030
2025-09-14 13:58:09 -   Accuracy: 50.000%
2025-09-14 13:58:09 -   Precision: 1.000
2025-09-14 13:58:09 -   Recall: 0.500
2025-09-14 13:58:09 -   F1 Score: 0.667
2025-09-14 13:58:09 -   AUC: 0.500
2025-09-14 13:58:09 -   Correct/Total: 2/4
2025-09-14 13:58:09 -   Confusion Matrix Stats:
2025-09-14 13:58:09 -     TP: 2, TN: 0
2025-09-14 13:58:09 -     FP: 0, FN: 2
2025-09-14 13:58:09 - Subject: sub_031
2025-09-14 13:58:09 -   Accuracy: 100.000%
2025-09-14 13:58:09 -   Precision: 1.000
2025-09-14 13:58:09 -   Recall: 1.000
2025-09-14 13:58:09 -   F1 Score: 1.000
2025-09-14 13:58:09 -   AUC: 1.000
2025-09-14 13:58:09 -   Correct/Total: 15/15
2025-09-14 13:58:09 -   Confusion Matrix Stats:
2025-09-14 13:58:09 -     TP: 11, TN: 4
2025-09-14 13:58:09 -     FP: 0, FN: 0
2025-09-14 13:58:09 - Subject: sub_032
2025-09-14 13:58:09 -   Accuracy: 85.714%
2025-09-14 13:58:09 -   Precision: 1.000
2025-09-14 13:58:09 -   Recall: 0.750
2025-09-14 13:58:09 -   F1 Score: 0.857
2025-09-14 13:58:09 -   AUC: 0.935
2025-09-14 13:58:09 -   Correct/Total: 18/21
2025-09-14 13:58:09 -   Confusion Matrix Stats:
2025-09-14 13:58:09 -     TP: 9, TN: 9
2025-09-14 13:58:09 -     FP: 0, FN: 3
2025-09-14 13:58:09 - Subject: sub_033
2025-09-14 13:58:09 -   Accuracy: 85.714%
2025-09-14 13:58:09 -   Precision: 1.000
2025-09-14 13:58:09 -   Recall: 0.750
2025-09-14 13:58:09 -   F1 Score: 0.857
2025-09-14 13:58:09 -   AUC: 1.000
2025-09-14 13:58:09 -   Correct/Total: 12/14
2025-09-14 13:58:09 -   Confusion Matrix Stats:
2025-09-14 13:58:09 -     TP: 6, TN: 6
2025-09-14 13:58:09 -     FP: 0, FN: 2
2025-09-14 13:58:09 - Subject: sub_034
2025-09-14 13:58:09 -   Accuracy: 100.000%
2025-09-14 13:58:09 -   Precision: 1.000
2025-09-14 13:58:09 -   Recall: 1.000
2025-09-14 13:58:09 -   F1 Score: 1.000
2025-09-14 13:58:09 -   AUC: 1.000
2025-09-14 13:58:09 -   Correct/Total: 11/11
2025-09-14 13:58:09 -   Confusion Matrix Stats:
2025-09-14 13:58:09 -     TP: 6, TN: 5
2025-09-14 13:58:09 -     FP: 0, FN: 0
2025-09-14 13:58:09 - Subject: sub_035
2025-09-14 13:58:09 -   Accuracy: 82.353%
2025-09-14 13:58:09 -   Precision: 1.000
2025-09-14 13:58:09 -   Recall: 0.625
2025-09-14 13:58:09 -   F1 Score: 0.769
2025-09-14 13:58:09 -   AUC: 0.847
2025-09-14 13:58:09 -   Correct/Total: 14/17
2025-09-14 13:58:09 -   Confusion Matrix Stats:
2025-09-14 13:58:09 -     TP: 5, TN: 9
2025-09-14 13:58:09 -     FP: 0, FN: 3
2025-09-14 13:58:09 - Subject: sub_036
2025-09-14 13:58:09 -   Accuracy: 82.353%
2025-09-14 13:58:09 -   Precision: 0.900
2025-09-14 13:58:09 -   Recall: 0.818
2025-09-14 13:58:09 -   F1 Score: 0.857
2025-09-14 13:58:09 -   AUC: 0.970
2025-09-14 13:58:09 -   Correct/Total: 14/17
2025-09-14 13:58:09 -   Confusion Matrix Stats:
2025-09-14 13:58:09 -     TP: 9, TN: 5
2025-09-14 13:58:09 -     FP: 1, FN: 2
2025-09-14 13:58:09 - Subject: sub_037
2025-09-14 13:58:09 -   Accuracy: 90.476%
2025-09-14 13:58:09 -   Precision: 0.923
2025-09-14 13:58:09 -   Recall: 0.923
2025-09-14 13:58:09 -   F1 Score: 0.923
2025-09-14 13:58:09 -   AUC: 0.952
2025-09-14 13:58:09 -   Correct/Total: 19/21
2025-09-14 13:58:09 -   Confusion Matrix Stats:
2025-09-14 13:58:09 -     TP: 12, TN: 7
2025-09-14 13:58:09 -     FP: 1, FN: 1
2025-09-14 13:58:09 - Subject: sub_038
2025-09-14 13:58:09 -   Accuracy: 86.364%
2025-09-14 13:58:09 -   Precision: 0.727
2025-09-14 13:58:09 -   Recall: 1.000
2025-09-14 13:58:09 -   F1 Score: 0.842
2025-09-14 13:58:09 -   AUC: 0.946
2025-09-14 13:58:09 -   Correct/Total: 19/22
2025-09-14 13:58:09 -   Confusion Matrix Stats:
2025-09-14 13:58:09 -     TP: 8, TN: 11
2025-09-14 13:58:09 -     FP: 3, FN: 0
2025-09-14 13:58:09 - Subject: sub_039
2025-09-14 13:58:09 -   Accuracy: 93.333%
2025-09-14 13:58:09 -   Precision: 0.833
2025-09-14 13:58:09 -   Recall: 1.000
2025-09-14 13:58:09 -   F1 Score: 0.909
2025-09-14 13:58:09 -   AUC: 1.000
2025-09-14 13:58:09 -   Correct/Total: 14/15
2025-09-14 13:58:09 -   Confusion Matrix Stats:
2025-09-14 13:58:09 -     TP: 5, TN: 9
2025-09-14 13:58:09 -     FP: 1, FN: 0
2025-09-14 13:58:09 - Subject: sub_040
2025-09-14 13:58:09 -   Accuracy: 86.667%
2025-09-14 13:58:09 -   Precision: 0.750
2025-09-14 13:58:09 -   Recall: 1.000
2025-09-14 13:58:09 -   F1 Score: 0.857
2025-09-14 13:58:09 -   AUC: 0.963
2025-09-14 13:58:09 -   Correct/Total: 13/15
2025-09-14 13:58:09 -   Confusion Matrix Stats:
2025-09-14 13:58:09 -     TP: 6, TN: 7
2025-09-14 13:58:09 -     FP: 2, FN: 0
2025-09-14 13:58:09 - 
AVO Pooled Model Statistics:
2025-09-14 13:58:09 - Mean Accuracy: 0.859
2025-09-14 13:58:09 - 95% Confidence Interval: [0.824, 0.894]
2025-09-14 13:58:09 - Best Subject: sub_014 (1.000)
2025-09-14 13:58:09 - Worst Subject: sub_030 (0.500)
2025-09-14 13:58:09 - Mean Precision: 0.882
2025-09-14 13:58:09 - Mean Recall: 0.865
2025-09-14 13:58:09 - Mean F1-Score: 0.873
2025-09-14 13:58:09 - Mean AUC: 0.917
2025-09-14 13:58:09 - Mean Confusion Matrix:
2025-09-14 13:58:09 -   TP: 7, TN: 7
2025-09-14 13:58:09 -   FP: 1, FN: 1
