2025-09-20 12:08:24 - 
Experiment Configuration:
2025-09-20 12:08:24 - --------------------------------------------------
2025-09-20 12:08:24 - dataset: ds005863
2025-09-20 12:08:24 - use_combined_datasets: False
2025-09-20 12:08:24 - electrode_list: all
2025-09-20 12:08:24 - classifier: SepConv1D
2025-09-20 12:08:24 - separate_subject_classification: False
2025-09-20 12:08:24 - use_subject_layer: False
2025-09-20 12:08:24 - seeds: [42]
2025-09-20 12:08:24 - electrode_fusion_method: none
2025-09-20 12:08:24 - domain_adaptation_method: none
2025-09-20 12:08:24 - enable_comprehensive_evaluation: True
2025-09-20 12:08:24 - enable_domain_analysis: True
2025-09-20 12:08:24 - enable_small_sample_analysis: False
2025-09-20 12:08:24 - small_sample_sizes: [5, 10, 15, 20]
2025-09-20 12:08:24 - small_sample_subjects: [5, 10, 15]
2025-09-20 12:08:24 - --------------------------------------------------
2025-09-20 12:08:24 - 
==================================================
2025-09-20 12:08:24 - Processing Active Visual Oddball Dataset
2025-09-20 12:08:24 - ==================================================
2025-09-20 12:10:13 - 
==================================================
2025-09-20 12:10:13 - Individual Subject Results - AVO
2025-09-20 12:10:13 - ==================================================
2025-09-20 12:10:13 - Subject: sub_001
2025-09-20 12:10:13 -   Accuracy: 53.846%
2025-09-20 12:10:13 -   Precision: 0.571
2025-09-20 12:10:13 -   Recall: 0.571
2025-09-20 12:10:13 -   F1 Score: 0.571
2025-09-20 12:10:13 -   AUC: 0.595
2025-09-20 12:10:13 -   Correct/Total: 7/13
2025-09-20 12:10:13 -   Confusion Matrix Stats:
2025-09-20 12:10:13 -     TP: 4, TN: 3
2025-09-20 12:10:13 -     FP: 3, FN: 3
2025-09-20 12:10:13 - Subject: sub_002
2025-09-20 12:10:13 -   Accuracy: 50.000%
2025-09-20 12:10:13 -   Precision: 0.500
2025-09-20 12:10:13 -   Recall: 0.286
2025-09-20 12:10:13 -   F1 Score: 0.364
2025-09-20 12:10:13 -   AUC: 0.531
2025-09-20 12:10:13 -   Correct/Total: 7/14
2025-09-20 12:10:13 -   Confusion Matrix Stats:
2025-09-20 12:10:13 -     TP: 2, TN: 5
2025-09-20 12:10:13 -     FP: 2, FN: 5
2025-09-20 12:10:13 - Subject: sub_003
2025-09-20 12:10:13 -   Accuracy: 88.889%
2025-09-20 12:10:13 -   Precision: 0.800
2025-09-20 12:10:13 -   Recall: 1.000
2025-09-20 12:10:13 -   F1 Score: 0.889
2025-09-20 12:10:13 -   AUC: 1.000
2025-09-20 12:10:13 -   Correct/Total: 16/18
2025-09-20 12:10:13 -   Confusion Matrix Stats:
2025-09-20 12:10:13 -     TP: 8, TN: 8
2025-09-20 12:10:13 -     FP: 2, FN: 0
2025-09-20 12:10:13 - Subject: sub_004
2025-09-20 12:10:13 -   Accuracy: 80.000%
2025-09-20 12:10:13 -   Precision: 1.000
2025-09-20 12:10:13 -   Recall: 0.714
2025-09-20 12:10:13 -   F1 Score: 0.833
2025-09-20 12:10:13 -   AUC: 0.857
2025-09-20 12:10:13 -   Correct/Total: 8/10
2025-09-20 12:10:13 -   Confusion Matrix Stats:
2025-09-20 12:10:13 -     TP: 5, TN: 3
2025-09-20 12:10:13 -     FP: 0, FN: 2
2025-09-20 12:10:13 - Subject: sub_005
2025-09-20 12:10:13 -   Accuracy: 75.000%
2025-09-20 12:10:13 -   Precision: 0.750
2025-09-20 12:10:13 -   Recall: 0.750
2025-09-20 12:10:13 -   F1 Score: 0.750
2025-09-20 12:10:13 -   AUC: 0.875
2025-09-20 12:10:13 -   Correct/Total: 6/8
2025-09-20 12:10:13 -   Confusion Matrix Stats:
2025-09-20 12:10:13 -     TP: 3, TN: 3
2025-09-20 12:10:13 -     FP: 1, FN: 1
2025-09-20 12:10:13 - Subject: sub_006
2025-09-20 12:10:13 -   Accuracy: 92.308%
2025-09-20 12:10:13 -   Precision: 1.000
2025-09-20 12:10:13 -   Recall: 0.909
2025-09-20 12:10:13 -   F1 Score: 0.952
2025-09-20 12:10:13 -   AUC: 1.000
2025-09-20 12:10:13 -   Correct/Total: 12/13
2025-09-20 12:10:13 -   Confusion Matrix Stats:
2025-09-20 12:10:13 -     TP: 10, TN: 2
2025-09-20 12:10:13 -     FP: 0, FN: 1
2025-09-20 12:10:13 - Subject: sub_007
2025-09-20 12:10:13 -   Accuracy: 62.500%
2025-09-20 12:10:13 -   Precision: 0.625
2025-09-20 12:10:13 -   Recall: 0.625
2025-09-20 12:10:13 -   F1 Score: 0.625
2025-09-20 12:10:13 -   AUC: 0.734
2025-09-20 12:10:13 -   Correct/Total: 10/16
2025-09-20 12:10:13 -   Confusion Matrix Stats:
2025-09-20 12:10:13 -     TP: 5, TN: 5
2025-09-20 12:10:13 -     FP: 3, FN: 3
2025-09-20 12:10:13 - Subject: sub_008
2025-09-20 12:10:13 -   Accuracy: 76.923%
2025-09-20 12:10:13 -   Precision: 0.778
2025-09-20 12:10:13 -   Recall: 0.875
2025-09-20 12:10:13 -   F1 Score: 0.824
2025-09-20 12:10:13 -   AUC: 0.850
2025-09-20 12:10:13 -   Correct/Total: 10/13
2025-09-20 12:10:13 -   Confusion Matrix Stats:
2025-09-20 12:10:13 -     TP: 7, TN: 3
2025-09-20 12:10:13 -     FP: 2, FN: 1
2025-09-20 12:10:13 - Subject: sub_009
2025-09-20 12:10:13 -   Accuracy: 85.000%
2025-09-20 12:10:13 -   Precision: 0.833
2025-09-20 12:10:13 -   Recall: 0.909
2025-09-20 12:10:13 -   F1 Score: 0.870
2025-09-20 12:10:13 -   AUC: 0.899
2025-09-20 12:10:13 -   Correct/Total: 17/20
2025-09-20 12:10:13 -   Confusion Matrix Stats:
2025-09-20 12:10:13 -     TP: 10, TN: 7
2025-09-20 12:10:13 -     FP: 2, FN: 1
2025-09-20 12:10:13 - Subject: sub_010
2025-09-20 12:10:13 -   Accuracy: 85.714%
2025-09-20 12:10:13 -   Precision: 0.875
2025-09-20 12:10:13 -   Recall: 0.875
2025-09-20 12:10:13 -   F1 Score: 0.875
2025-09-20 12:10:13 -   AUC: 0.896
2025-09-20 12:10:13 -   Correct/Total: 12/14
2025-09-20 12:10:13 -   Confusion Matrix Stats:
2025-09-20 12:10:13 -     TP: 7, TN: 5
2025-09-20 12:10:13 -     FP: 1, FN: 1
2025-09-20 12:10:13 - Subject: sub_011
2025-09-20 12:10:13 -   Accuracy: 83.333%
2025-09-20 12:10:13 -   Precision: 0.778
2025-09-20 12:10:13 -   Recall: 1.000
2025-09-20 12:10:13 -   F1 Score: 0.875
2025-09-20 12:10:13 -   AUC: 0.829
2025-09-20 12:10:13 -   Correct/Total: 10/12
2025-09-20 12:10:13 -   Confusion Matrix Stats:
2025-09-20 12:10:13 -     TP: 7, TN: 3
2025-09-20 12:10:13 -     FP: 2, FN: 0
2025-09-20 12:10:13 - Subject: sub_012
2025-09-20 12:10:13 -   Accuracy: 80.952%
2025-09-20 12:10:13 -   Precision: 0.692
2025-09-20 12:10:13 -   Recall: 1.000
2025-09-20 12:10:13 -   F1 Score: 0.818
2025-09-20 12:10:13 -   AUC: 0.972
2025-09-20 12:10:13 -   Correct/Total: 17/21
2025-09-20 12:10:13 -   Confusion Matrix Stats:
2025-09-20 12:10:13 -     TP: 9, TN: 8
2025-09-20 12:10:13 -     FP: 4, FN: 0
2025-09-20 12:10:13 - Subject: sub_013
2025-09-20 12:10:13 -   Accuracy: 70.000%
2025-09-20 12:10:13 -   Precision: 0.600
2025-09-20 12:10:13 -   Recall: 0.750
2025-09-20 12:10:13 -   F1 Score: 0.667
2025-09-20 12:10:13 -   AUC: 0.792
2025-09-20 12:10:13 -   Correct/Total: 7/10
2025-09-20 12:10:13 -   Confusion Matrix Stats:
2025-09-20 12:10:13 -     TP: 3, TN: 4
2025-09-20 12:10:13 -     FP: 2, FN: 1
2025-09-20 12:10:13 - Subject: sub_014
2025-09-20 12:10:13 -   Accuracy: 63.158%
2025-09-20 12:10:13 -   Precision: 0.615
2025-09-20 12:10:13 -   Recall: 0.800
2025-09-20 12:10:13 -   F1 Score: 0.696
2025-09-20 12:10:13 -   AUC: 0.856
2025-09-20 12:10:13 -   Correct/Total: 12/19
2025-09-20 12:10:13 -   Confusion Matrix Stats:
2025-09-20 12:10:13 -     TP: 8, TN: 4
2025-09-20 12:10:13 -     FP: 5, FN: 2
2025-09-20 12:10:13 - Subject: sub_015
2025-09-20 12:10:13 -   Accuracy: 73.333%
2025-09-20 12:10:13 -   Precision: 0.571
2025-09-20 12:10:13 -   Recall: 0.800
2025-09-20 12:10:13 -   F1 Score: 0.667
2025-09-20 12:10:13 -   AUC: 0.880
2025-09-20 12:10:13 -   Correct/Total: 11/15
2025-09-20 12:10:13 -   Confusion Matrix Stats:
2025-09-20 12:10:13 -     TP: 4, TN: 7
2025-09-20 12:10:13 -     FP: 3, FN: 1
2025-09-20 12:10:13 - Subject: sub_016
2025-09-20 12:10:13 -   Accuracy: 88.235%
2025-09-20 12:10:13 -   Precision: 0.600
2025-09-20 12:10:13 -   Recall: 1.000
2025-09-20 12:10:13 -   F1 Score: 0.750
2025-09-20 12:10:13 -   AUC: 1.000
2025-09-20 12:10:13 -   Correct/Total: 15/17
2025-09-20 12:10:13 -   Confusion Matrix Stats:
2025-09-20 12:10:13 -     TP: 3, TN: 12
2025-09-20 12:10:13 -     FP: 2, FN: 0
2025-09-20 12:10:13 - Subject: sub_017
2025-09-20 12:10:13 -   Accuracy: 86.364%
2025-09-20 12:10:13 -   Precision: 0.833
2025-09-20 12:10:13 -   Recall: 0.909
2025-09-20 12:10:13 -   F1 Score: 0.870
2025-09-20 12:10:13 -   AUC: 0.983
2025-09-20 12:10:13 -   Correct/Total: 19/22
2025-09-20 12:10:13 -   Confusion Matrix Stats:
2025-09-20 12:10:13 -     TP: 10, TN: 9
2025-09-20 12:10:13 -     FP: 2, FN: 1
2025-09-20 12:10:13 - Subject: sub_018
2025-09-20 12:10:13 -   Accuracy: 100.000%
2025-09-20 12:10:13 -   Precision: 1.000
2025-09-20 12:10:13 -   Recall: 1.000
2025-09-20 12:10:13 -   F1 Score: 1.000
2025-09-20 12:10:13 -   AUC: 1.000
2025-09-20 12:10:13 -   Correct/Total: 2/2
2025-09-20 12:10:13 -   Confusion Matrix Stats:
2025-09-20 12:10:13 -     TP: 1, TN: 1
2025-09-20 12:10:13 -     FP: 0, FN: 0
2025-09-20 12:10:13 - Subject: sub_019
2025-09-20 12:10:13 -   Accuracy: 46.667%
2025-09-20 12:10:13 -   Precision: 0.333
2025-09-20 12:10:13 -   Recall: 0.143
2025-09-20 12:10:13 -   F1 Score: 0.200
2025-09-20 12:10:13 -   AUC: 0.661
2025-09-20 12:10:13 -   Correct/Total: 7/15
2025-09-20 12:10:13 -   Confusion Matrix Stats:
2025-09-20 12:10:13 -     TP: 1, TN: 6
2025-09-20 12:10:13 -     FP: 2, FN: 6
2025-09-20 12:10:13 - Subject: sub_020
2025-09-20 12:10:13 -   Accuracy: 69.231%
2025-09-20 12:10:13 -   Precision: 0.571
2025-09-20 12:10:13 -   Recall: 0.800
2025-09-20 12:10:13 -   F1 Score: 0.667
2025-09-20 12:10:13 -   AUC: 0.650
2025-09-20 12:10:13 -   Correct/Total: 9/13
2025-09-20 12:10:13 -   Confusion Matrix Stats:
2025-09-20 12:10:13 -     TP: 4, TN: 5
2025-09-20 12:10:13 -     FP: 3, FN: 1
2025-09-20 12:10:13 - Subject: sub_021
2025-09-20 12:10:13 -   Accuracy: 85.714%
2025-09-20 12:10:13 -   Precision: 0.875
2025-09-20 12:10:13 -   Recall: 0.875
2025-09-20 12:10:13 -   F1 Score: 0.875
2025-09-20 12:10:13 -   AUC: 0.958
2025-09-20 12:10:13 -   Correct/Total: 12/14
2025-09-20 12:10:13 -   Confusion Matrix Stats:
2025-09-20 12:10:13 -     TP: 7, TN: 5
2025-09-20 12:10:13 -     FP: 1, FN: 1
2025-09-20 12:10:13 - Subject: sub_022
2025-09-20 12:10:13 -   Accuracy: 77.273%
2025-09-20 12:10:13 -   Precision: 0.667
2025-09-20 12:10:13 -   Recall: 1.000
2025-09-20 12:10:13 -   F1 Score: 0.800
2025-09-20 12:10:13 -   AUC: 0.850
2025-09-20 12:10:13 -   Correct/Total: 17/22
2025-09-20 12:10:13 -   Confusion Matrix Stats:
2025-09-20 12:10:13 -     TP: 10, TN: 7
2025-09-20 12:10:13 -     FP: 5, FN: 0
2025-09-20 12:10:13 - Subject: sub_023
2025-09-20 12:10:13 -   Accuracy: 58.333%
2025-09-20 12:10:13 -   Precision: 0.556
2025-09-20 12:10:13 -   Recall: 0.833
2025-09-20 12:10:13 -   F1 Score: 0.667
2025-09-20 12:10:13 -   AUC: 0.694
2025-09-20 12:10:13 -   Correct/Total: 7/12
2025-09-20 12:10:13 -   Confusion Matrix Stats:
2025-09-20 12:10:13 -     TP: 5, TN: 2
2025-09-20 12:10:13 -     FP: 4, FN: 1
2025-09-20 12:10:13 - Subject: sub_024
2025-09-20 12:10:13 -   Accuracy: 75.862%
2025-09-20 12:10:13 -   Precision: 0.667
2025-09-20 12:10:13 -   Recall: 0.923
2025-09-20 12:10:13 -   F1 Score: 0.774
2025-09-20 12:10:13 -   AUC: 0.918
2025-09-20 12:10:13 -   Correct/Total: 22/29
2025-09-20 12:10:13 -   Confusion Matrix Stats:
2025-09-20 12:10:13 -     TP: 12, TN: 10
2025-09-20 12:10:13 -     FP: 6, FN: 1
2025-09-20 12:10:13 - Subject: sub_025
2025-09-20 12:10:13 -   Accuracy: 41.667%
2025-09-20 12:10:13 -   Precision: 0.333
2025-09-20 12:10:13 -   Recall: 0.750
2025-09-20 12:10:13 -   F1 Score: 0.462
2025-09-20 12:10:13 -   AUC: 0.375
2025-09-20 12:10:13 -   Correct/Total: 5/12
2025-09-20 12:10:13 -   Confusion Matrix Stats:
2025-09-20 12:10:13 -     TP: 3, TN: 2
2025-09-20 12:10:13 -     FP: 6, FN: 1
2025-09-20 12:10:13 - Subject: sub_026
2025-09-20 12:10:13 -   Accuracy: 64.706%
2025-09-20 12:10:13 -   Precision: 0.692
2025-09-20 12:10:13 -   Recall: 0.818
2025-09-20 12:10:13 -   F1 Score: 0.750
2025-09-20 12:10:13 -   AUC: 0.545
2025-09-20 12:10:13 -   Correct/Total: 11/17
2025-09-20 12:10:13 -   Confusion Matrix Stats:
2025-09-20 12:10:13 -     TP: 9, TN: 2
2025-09-20 12:10:13 -     FP: 4, FN: 2
2025-09-20 12:10:13 - Subject: sub_027
2025-09-20 12:10:13 -   Accuracy: 91.667%
2025-09-20 12:10:13 -   Precision: 1.000
2025-09-20 12:10:13 -   Recall: 0.857
2025-09-20 12:10:13 -   F1 Score: 0.923
2025-09-20 12:10:13 -   AUC: 1.000
2025-09-20 12:10:13 -   Correct/Total: 11/12
2025-09-20 12:10:13 -   Confusion Matrix Stats:
2025-09-20 12:10:13 -     TP: 6, TN: 5
2025-09-20 12:10:13 -     FP: 0, FN: 1
2025-09-20 12:10:13 - Subject: sub_028
2025-09-20 12:10:13 -   Accuracy: 90.909%
2025-09-20 12:10:13 -   Precision: 0.833
2025-09-20 12:10:13 -   Recall: 1.000
2025-09-20 12:10:13 -   F1 Score: 0.909
2025-09-20 12:10:13 -   AUC: 0.900
2025-09-20 12:10:13 -   Correct/Total: 10/11
2025-09-20 12:10:13 -   Confusion Matrix Stats:
2025-09-20 12:10:13 -     TP: 5, TN: 5
2025-09-20 12:10:13 -     FP: 1, FN: 0
2025-09-20 12:10:13 - Subject: sub_029
2025-09-20 12:10:13 -   Accuracy: 78.947%
2025-09-20 12:10:13 -   Precision: 0.750
2025-09-20 12:10:13 -   Recall: 0.750
2025-09-20 12:10:13 -   F1 Score: 0.750
2025-09-20 12:10:13 -   AUC: 0.761
2025-09-20 12:10:13 -   Correct/Total: 15/19
2025-09-20 12:10:13 -   Confusion Matrix Stats:
2025-09-20 12:10:13 -     TP: 6, TN: 9
2025-09-20 12:10:13 -     FP: 2, FN: 2
2025-09-20 12:10:13 - Subject: sub_030
2025-09-20 12:10:13 -   Accuracy: 55.556%
2025-09-20 12:10:13 -   Precision: 0.500
2025-09-20 12:10:13 -   Recall: 0.750
2025-09-20 12:10:13 -   F1 Score: 0.600
2025-09-20 12:10:13 -   AUC: 0.850
2025-09-20 12:10:13 -   Correct/Total: 5/9
2025-09-20 12:10:13 -   Confusion Matrix Stats:
2025-09-20 12:10:13 -     TP: 3, TN: 2
2025-09-20 12:10:13 -     FP: 3, FN: 1
2025-09-20 12:10:13 - Subject: sub_031
2025-09-20 12:10:13 -   Accuracy: 73.684%
2025-09-20 12:10:13 -   Precision: 0.800
2025-09-20 12:10:13 -   Recall: 0.727
2025-09-20 12:10:13 -   F1 Score: 0.762
2025-09-20 12:10:13 -   AUC: 0.830
2025-09-20 12:10:13 -   Correct/Total: 14/19
2025-09-20 12:10:13 -   Confusion Matrix Stats:
2025-09-20 12:10:13 -     TP: 8, TN: 6
2025-09-20 12:10:13 -     FP: 2, FN: 3
2025-09-20 12:10:13 - Subject: sub_032
2025-09-20 12:10:13 -   Accuracy: 100.000%
2025-09-20 12:10:13 -   Precision: 1.000
2025-09-20 12:10:13 -   Recall: 1.000
2025-09-20 12:10:13 -   F1 Score: 1.000
2025-09-20 12:10:13 -   AUC: 1.000
2025-09-20 12:10:13 -   Correct/Total: 17/17
2025-09-20 12:10:13 -   Confusion Matrix Stats:
2025-09-20 12:10:13 -     TP: 8, TN: 9
2025-09-20 12:10:13 -     FP: 0, FN: 0
2025-09-20 12:10:13 - Subject: sub_033
2025-09-20 12:10:13 -   Accuracy: 91.667%
2025-09-20 12:10:13 -   Precision: 1.000
2025-09-20 12:10:13 -   Recall: 0.875
2025-09-20 12:10:13 -   F1 Score: 0.933
2025-09-20 12:10:13 -   AUC: 0.969
2025-09-20 12:10:13 -   Correct/Total: 11/12
2025-09-20 12:10:13 -   Confusion Matrix Stats:
2025-09-20 12:10:13 -     TP: 7, TN: 4
2025-09-20 12:10:13 -     FP: 0, FN: 1
2025-09-20 12:10:13 - Subject: sub_034
2025-09-20 12:10:13 -   Accuracy: 46.667%
2025-09-20 12:10:13 -   Precision: 0.375
2025-09-20 12:10:13 -   Recall: 0.500
2025-09-20 12:10:13 -   F1 Score: 0.429
2025-09-20 12:10:13 -   AUC: 0.611
2025-09-20 12:10:13 -   Correct/Total: 7/15
2025-09-20 12:10:13 -   Confusion Matrix Stats:
2025-09-20 12:10:13 -     TP: 3, TN: 4
2025-09-20 12:10:13 -     FP: 5, FN: 3
2025-09-20 12:10:13 - Subject: sub_035
2025-09-20 12:10:13 -   Accuracy: 68.000%
2025-09-20 12:10:13 -   Precision: 0.800
2025-09-20 12:10:13 -   Recall: 0.364
2025-09-20 12:10:13 -   F1 Score: 0.500
2025-09-20 12:10:13 -   AUC: 0.799
2025-09-20 12:10:13 -   Correct/Total: 17/25
2025-09-20 12:10:13 -   Confusion Matrix Stats:
2025-09-20 12:10:13 -     TP: 4, TN: 13
2025-09-20 12:10:13 -     FP: 1, FN: 7
2025-09-20 12:10:13 - Subject: sub_036
2025-09-20 12:10:13 -   Accuracy: 57.143%
2025-09-20 12:10:13 -   Precision: 0.714
2025-09-20 12:10:13 -   Recall: 0.556
2025-09-20 12:10:13 -   F1 Score: 0.625
2025-09-20 12:10:13 -   AUC: 0.822
2025-09-20 12:10:13 -   Correct/Total: 8/14
2025-09-20 12:10:13 -   Confusion Matrix Stats:
2025-09-20 12:10:13 -     TP: 5, TN: 3
2025-09-20 12:10:13 -     FP: 2, FN: 4
2025-09-20 12:10:13 - Subject: sub_037
2025-09-20 12:10:13 -   Accuracy: 88.235%
2025-09-20 12:10:13 -   Precision: 0.833
2025-09-20 12:10:13 -   Recall: 0.833
2025-09-20 12:10:13 -   F1 Score: 0.833
2025-09-20 12:10:13 -   AUC: 0.955
2025-09-20 12:10:13 -   Correct/Total: 15/17
2025-09-20 12:10:13 -   Confusion Matrix Stats:
2025-09-20 12:10:13 -     TP: 5, TN: 10
2025-09-20 12:10:13 -     FP: 1, FN: 1
2025-09-20 12:10:13 - Subject: sub_038
2025-09-20 12:10:13 -   Accuracy: 73.913%
2025-09-20 12:10:13 -   Precision: 0.778
2025-09-20 12:10:13 -   Recall: 0.636
2025-09-20 12:10:13 -   F1 Score: 0.700
2025-09-20 12:10:13 -   AUC: 0.886
2025-09-20 12:10:13 -   Correct/Total: 17/23
2025-09-20 12:10:13 -   Confusion Matrix Stats:
2025-09-20 12:10:13 -     TP: 7, TN: 10
2025-09-20 12:10:13 -     FP: 2, FN: 4
2025-09-20 12:10:13 - Subject: sub_039
2025-09-20 12:10:13 -   Accuracy: 81.250%
2025-09-20 12:10:13 -   Precision: 0.875
2025-09-20 12:10:13 -   Recall: 0.778
2025-09-20 12:10:13 -   F1 Score: 0.824
2025-09-20 12:10:13 -   AUC: 0.825
2025-09-20 12:10:13 -   Correct/Total: 13/16
2025-09-20 12:10:13 -   Confusion Matrix Stats:
2025-09-20 12:10:13 -     TP: 7, TN: 6
2025-09-20 12:10:13 -     FP: 1, FN: 2
2025-09-20 12:10:13 - Subject: sub_040
2025-09-20 12:10:13 -   Accuracy: 75.000%
2025-09-20 12:10:13 -   Precision: 0.909
2025-09-20 12:10:13 -   Recall: 0.667
2025-09-20 12:10:13 -   F1 Score: 0.769
2025-09-20 12:10:13 -   AUC: 0.889
2025-09-20 12:10:13 -   Correct/Total: 18/24
2025-09-20 12:10:13 -   Confusion Matrix Stats:
2025-09-20 12:10:13 -     TP: 10, TN: 8
2025-09-20 12:10:13 -     FP: 1, FN: 5
2025-09-20 12:10:13 - 
AVO Pooled Model Statistics:
2025-09-20 12:10:13 - 95% Confidence Interval: [0.699, 0.795]
2025-09-20 12:10:13 - Best Subject: sub_018 (1.000)
2025-09-20 12:10:13 - Worst Subject: sub_025 (0.417)
2025-09-20 12:10:13 - Mean Accuracy: 0.747
2025-09-20 12:10:13 - Mean Precision: 0.733
2025-09-20 12:10:13 - Mean Recall: 0.775
2025-09-20 12:10:13 - Mean F1-Score: 0.753
2025-09-20 12:10:13 - Mean AUC: 0.832
2025-09-20 12:10:13 - Mean Confusion Matrix:
2025-09-20 12:10:13 -   TP: 6, TN: 6
2025-09-20 12:10:13 -   FP: 2, FN: 2
