2025-09-25 08:55:27 - 
Experiment Configuration:
2025-09-25 08:55:27 - --------------------------------------------------
2025-09-25 08:55:27 - dataset: ds005863
2025-09-25 08:55:27 - use_combined_datasets: False
2025-09-25 08:55:27 - electrode_list: all
2025-09-25 08:55:27 - classifier: EEGConformer
2025-09-25 08:55:27 - separate_subject_classification: False
2025-09-25 08:55:27 - use_subject_layer: False
2025-09-25 08:55:27 - seeds: [42, 123, 456, 789, 321]
2025-09-25 08:55:27 - use_nested_cv: True
2025-09-25 08:55:27 - electrode_fusion_method: none
2025-09-25 08:55:27 - domain_adaptation_method: none
2025-09-25 08:55:27 - enable_comprehensive_evaluation: True
2025-09-25 08:55:27 - enable_domain_analysis: True
2025-09-25 08:55:27 - enable_small_sample_analysis: False
2025-09-25 08:55:27 - small_sample_sizes: [5, 10, 15, 20]
2025-09-25 08:55:27 - small_sample_subjects: [5, 10, 15]
2025-09-25 08:55:27 - --------------------------------------------------
2025-09-25 08:55:27 - 
==================================================
2025-09-25 08:55:27 - Processing Active Visual Oddball Dataset
2025-09-25 08:55:27 - ==================================================
2025-09-25 08:55:27 - Using Cross-Validation (simplified approach)
2025-09-25 08:55:27 - Configuration: 5-fold CV, 5 repeats
2025-09-25 08:55:27 - ============================================================
2025-09-25 08:55:27 - CROSS-VALIDATION CONFIGURATION
2025-09-25 08:55:27 - ============================================================
2025-09-25 08:55:27 - Datasets: ['AVO']
2025-09-25 08:55:27 - CV folds: 5
2025-09-25 08:55:27 - Repeats: 5
2025-09-25 08:55:27 - Confidence level: 0.95
2025-09-25 08:55:27 - ============================================================
2025-09-25 08:55:27 - STRATIFIED SAMPLING CONFIGURATION
2025-09-25 08:55:27 - ============================================================
2025-09-25 08:55:27 - Nested CV Mode: Trial counts per subject by dataset
2025-09-25 08:55:27 -   AVO dataset: 20 trials per subject
2025-09-25 08:55:27 - Sampling strategy: Multi-level stratified sampling
2025-09-25 08:55:27 -   - Subject-level: Stratified trial selection per subject
2025-09-25 08:55:27 -   - Dataset-level: Stratified sampling when dataset trial counts differ
2025-09-25 08:55:27 -   - Fold-level: StratifiedKFold for 5-fold CV
2025-09-25 08:55:27 -   - Train/Val split: Stratified train_test_split within each fold
2025-09-25 08:55:27 - ============================================================
2025-09-25 08:55:27 - Subject sub_001: Sampled 20/70 trials
2025-09-25 08:55:27 -   Original distribution: {0: 0.5, 1: 0.5}
2025-09-25 08:55:27 -   Sampled distribution: {0: 0.5, 1: 0.5}
2025-09-25 08:55:27 - Subject sub_002: Sampled 20/70 trials
2025-09-25 08:55:27 -   Original distribution: {0: 0.5, 1: 0.5}
2025-09-25 08:55:27 -   Sampled distribution: {0: 0.5, 1: 0.5}
2025-09-25 08:55:28 - Subject sub_003: Sampled 20/88 trials
2025-09-25 08:55:28 -   Original distribution: {0: 0.5, 1: 0.5}
2025-09-25 08:55:28 -   Sampled distribution: {0: 0.5, 1: 0.5}
2025-09-25 08:55:28 - Subject sub_004: Sampled 20/84 trials
2025-09-25 08:55:28 -   Original distribution: {0: 0.5, 1: 0.5}
2025-09-25 08:55:28 -   Sampled distribution: {0: 0.5, 1: 0.5}
2025-09-25 08:55:28 - Subject sub_005: Sampled 20/70 trials
2025-09-25 08:55:28 -   Original distribution: {0: 0.5, 1: 0.5}
2025-09-25 08:55:28 -   Sampled distribution: {0: 0.5, 1: 0.5}
2025-09-25 08:55:28 - Subject sub_006: Sampled 20/74 trials
2025-09-25 08:55:28 -   Original distribution: {0: 0.5, 1: 0.5}
2025-09-25 08:55:28 -   Sampled distribution: {0: 0.5, 1: 0.5}
2025-09-25 08:55:28 - Subject sub_007: Sampled 20/78 trials
2025-09-25 08:55:28 -   Original distribution: {0: 0.5, 1: 0.5}
2025-09-25 08:55:28 -   Sampled distribution: {0: 0.5, 1: 0.5}
2025-09-25 08:55:28 - Subject sub_008: Sampled 20/72 trials
2025-09-25 08:55:28 -   Original distribution: {0: 0.5, 1: 0.5}
2025-09-25 08:55:28 -   Sampled distribution: {0: 0.5, 1: 0.5}
2025-09-25 08:55:28 - Subject sub_009: Sampled 20/76 trials
2025-09-25 08:55:28 -   Original distribution: {0: 0.5, 1: 0.5}
2025-09-25 08:55:28 -   Sampled distribution: {0: 0.5, 1: 0.5}
2025-09-25 08:55:29 - Subject sub_010: Sampled 20/70 trials
2025-09-25 08:55:29 -   Original distribution: {0: 0.5, 1: 0.5}
2025-09-25 08:55:29 -   Sampled distribution: {0: 0.5, 1: 0.5}
2025-09-25 08:55:29 - Subject sub_011: Sampled 20/60 trials
2025-09-25 08:55:29 -   Original distribution: {0: 0.5, 1: 0.5}
2025-09-25 08:55:29 -   Sampled distribution: {0: 0.5, 1: 0.5}
2025-09-25 08:55:29 - Subject sub_012: Sampled 20/72 trials
2025-09-25 08:55:29 -   Original distribution: {0: 0.5, 1: 0.5}
2025-09-25 08:55:29 -   Sampled distribution: {0: 0.5, 1: 0.5}
2025-09-25 08:55:29 - Subject sub_013: Sampled 20/72 trials
2025-09-25 08:55:29 -   Original distribution: {0: 0.5, 1: 0.5}
2025-09-25 08:55:29 -   Sampled distribution: {0: 0.5, 1: 0.5}
2025-09-25 08:55:29 - Subject sub_014: Sampled 20/72 trials
2025-09-25 08:55:29 -   Original distribution: {0: 0.5, 1: 0.5}
2025-09-25 08:55:29 -   Sampled distribution: {0: 0.5, 1: 0.5}
2025-09-25 08:55:29 - Subject sub_015: Sampled 20/56 trials
2025-09-25 08:55:29 -   Original distribution: {0: 0.5, 1: 0.5}
2025-09-25 08:55:29 -   Sampled distribution: {0: 0.5, 1: 0.5}
2025-09-25 08:55:30 - Subject sub_016: Sampled 20/70 trials
2025-09-25 08:55:30 -   Original distribution: {0: 0.5, 1: 0.5}
2025-09-25 08:55:30 -   Sampled distribution: {0: 0.5, 1: 0.5}
2025-09-25 08:55:30 - Subject sub_017: Sampled 20/74 trials
2025-09-25 08:55:30 -   Original distribution: {0: 0.5, 1: 0.5}
2025-09-25 08:55:30 -   Sampled distribution: {0: 0.5, 1: 0.5}
2025-09-25 08:55:30 - Subject sub_018: Sampled 20/22 trials
2025-09-25 08:55:30 -   Original distribution: {0: 0.5, 1: 0.5}
2025-09-25 08:55:30 -   Sampled distribution: {0: 0.5, 1: 0.5}
2025-09-25 08:55:30 - Subject sub_019: Sampled 20/76 trials
2025-09-25 08:55:30 -   Original distribution: {0: 0.5, 1: 0.5}
2025-09-25 08:55:30 -   Sampled distribution: {0: 0.5, 1: 0.5}
2025-09-25 08:55:30 - Subject sub_020: Sampled 20/76 trials
2025-09-25 08:55:30 -   Original distribution: {0: 0.5, 1: 0.5}
2025-09-25 08:55:30 -   Sampled distribution: {0: 0.5, 1: 0.5}
2025-09-25 08:55:30 - Subject sub_021: Sampled 20/82 trials
2025-09-25 08:55:30 -   Original distribution: {0: 0.5, 1: 0.5}
2025-09-25 08:55:30 -   Sampled distribution: {0: 0.5, 1: 0.5}
2025-09-25 08:55:30 - Subject sub_022: Sampled 20/72 trials
2025-09-25 08:55:30 -   Original distribution: {0: 0.5, 1: 0.5}
2025-09-25 08:55:30 -   Sampled distribution: {0: 0.5, 1: 0.5}
2025-09-25 08:55:31 - Subject sub_023: Sampled 20/78 trials
2025-09-25 08:55:31 -   Original distribution: {0: 0.5, 1: 0.5}
2025-09-25 08:55:31 -   Sampled distribution: {0: 0.5, 1: 0.5}
2025-09-25 08:55:31 - Subject sub_024: Sampled 20/92 trials
2025-09-25 08:55:31 -   Original distribution: {0: 0.5, 1: 0.5}
2025-09-25 08:55:31 -   Sampled distribution: {0: 0.5, 1: 0.5}
2025-09-25 08:55:31 - Subject sub_025: Sampled 20/64 trials
2025-09-25 08:55:31 -   Original distribution: {0: 0.5, 1: 0.5}
2025-09-25 08:55:31 -   Sampled distribution: {0: 0.5, 1: 0.5}
2025-09-25 08:55:31 - Subject sub_026: Sampled 20/80 trials
2025-09-25 08:55:31 -   Original distribution: {0: 0.5, 1: 0.5}
2025-09-25 08:55:31 -   Sampled distribution: {0: 0.5, 1: 0.5}
2025-09-25 08:55:31 - Subject sub_027: Sampled 20/68 trials
2025-09-25 08:55:31 -   Original distribution: {0: 0.5, 1: 0.5}
2025-09-25 08:55:31 -   Sampled distribution: {0: 0.5, 1: 0.5}
2025-09-25 08:55:31 - Subject sub_028: Sampled 20/84 trials
2025-09-25 08:55:31 -   Original distribution: {0: 0.5, 1: 0.5}
2025-09-25 08:55:31 -   Sampled distribution: {0: 0.5, 1: 0.5}
2025-09-25 08:55:31 - Subject sub_029: Sampled 20/84 trials
2025-09-25 08:55:31 -   Original distribution: {0: 0.5, 1: 0.5}
2025-09-25 08:55:31 -   Sampled distribution: {0: 0.5, 1: 0.5}
2025-09-25 08:55:32 - Subject sub_030: Sampled 20/72 trials
2025-09-25 08:55:32 -   Original distribution: {0: 0.5, 1: 0.5}
2025-09-25 08:55:32 -   Sampled distribution: {0: 0.5, 1: 0.5}
2025-09-25 08:55:32 - Subject sub_031: Sampled 20/88 trials
2025-09-25 08:55:32 -   Original distribution: {0: 0.5, 1: 0.5}
2025-09-25 08:55:32 -   Sampled distribution: {0: 0.5, 1: 0.5}
2025-09-25 08:55:32 - Subject sub_032: Sampled 20/96 trials
2025-09-25 08:55:32 -   Original distribution: {0: 0.5, 1: 0.5}
2025-09-25 08:55:32 -   Sampled distribution: {0: 0.5, 1: 0.5}
2025-09-25 08:55:32 - Subject sub_033: Sampled 20/78 trials
2025-09-25 08:55:32 -   Original distribution: {0: 0.5, 1: 0.5}
2025-09-25 08:55:32 -   Sampled distribution: {0: 0.5, 1: 0.5}
2025-09-25 08:55:32 - Subject sub_034: Sampled 20/72 trials
2025-09-25 08:55:32 -   Original distribution: {0: 0.5, 1: 0.5}
2025-09-25 08:55:32 -   Sampled distribution: {0: 0.5, 1: 0.5}
2025-09-25 08:55:32 - Subject sub_035: Sampled 20/88 trials
2025-09-25 08:55:32 -   Original distribution: {0: 0.5, 1: 0.5}
2025-09-25 08:55:32 -   Sampled distribution: {0: 0.5, 1: 0.5}
2025-09-25 08:55:33 - Subject sub_036: Sampled 20/84 trials
2025-09-25 08:55:33 -   Original distribution: {0: 0.5, 1: 0.5}
2025-09-25 08:55:33 -   Sampled distribution: {0: 0.5, 1: 0.5}
2025-09-25 08:55:33 - Subject sub_037: Sampled 20/86 trials
2025-09-25 08:55:33 -   Original distribution: {0: 0.5, 1: 0.5}
2025-09-25 08:55:33 -   Sampled distribution: {0: 0.5, 1: 0.5}
2025-09-25 08:55:33 - Subject sub_038: Sampled 20/100 trials
2025-09-25 08:55:33 -   Original distribution: {0: 0.5, 1: 0.5}
2025-09-25 08:55:33 -   Sampled distribution: {0: 0.5, 1: 0.5}
2025-09-25 08:55:33 - Subject sub_039: Sampled 20/70 trials
2025-09-25 08:55:33 -   Original distribution: {0: 0.5, 1: 0.5}
2025-09-25 08:55:33 -   Sampled distribution: {0: 0.5, 1: 0.5}
2025-09-25 08:55:33 - Subject sub_040: Sampled 20/84 trials
2025-09-25 08:55:33 -   Original distribution: {0: 0.5, 1: 0.5}
2025-09-25 08:55:33 -   Sampled distribution: {0: 0.5, 1: 0.5}
2025-09-25 08:55:33 - Nested CV dataset summary:
2025-09-25 08:55:33 -   Total subjects: 40
2025-09-25 08:55:33 -   Total trials: 800
2025-09-25 08:55:33 -   Average trials per subject: 20.0
2025-09-25 08:55:33 -   AVO dataset: 0 subjects, 800 trials (inf trials/subject)
2025-09-25 08:55:33 -   Class distribution: {0: 400, 1: 400}
2025-09-25 08:55:33 -   Class proportions: [0.5 0.5]
2025-09-25 08:55:33 - Enhanced preprocessing increased channels from 5 to 25
2025-09-25 08:55:33 - Starting Cross-Validation for EEGConformer
2025-09-25 08:55:33 - Configuration: 5-fold CV, 5 repeats
2025-09-25 08:55:33 - Data split ratios: Train=0.7, Val=0.1, Test=0.2
2025-09-25 08:55:33 - Repeat 1/5
2025-09-25 08:55:33 -   Fold 1/5
2025-09-25 08:55:33 -     Fold split: Train=560, Val=80
2025-09-25 08:55:49 -     Test accuracy: 0.6438
2025-09-25 08:55:49 -   Fold 2/5
2025-09-25 08:55:49 -     Fold split: Train=560, Val=80
2025-09-25 08:56:14 -     Test accuracy: 0.6875
2025-09-25 08:56:14 -   Fold 3/5
2025-09-25 08:56:14 -     Fold split: Train=560, Val=80
2025-09-25 08:56:22 -     Test accuracy: 0.5000
2025-09-25 08:56:22 -   Fold 4/5
2025-09-25 08:56:22 -     Fold split: Train=560, Val=80
2025-09-25 08:57:01 -     Test accuracy: 0.6813
2025-09-25 08:57:01 -   Fold 5/5
2025-09-25 08:57:01 -     Fold split: Train=560, Val=80
2025-09-25 08:57:08 -     Test accuracy: 0.5000
2025-09-25 08:57:08 -   Repeat 1 mean accuracy: 0.6025 ± 0.0850
2025-09-25 08:57:08 - Repeat 2/5
2025-09-25 08:57:08 -   Fold 1/5
2025-09-25 08:57:08 -     Fold split: Train=560, Val=80
2025-09-25 08:57:16 -     Test accuracy: 0.5000
2025-09-25 08:57:16 -   Fold 2/5
2025-09-25 08:57:16 -     Fold split: Train=560, Val=80
2025-09-25 08:57:23 -     Test accuracy: 0.5000
2025-09-25 08:57:23 -   Fold 3/5
2025-09-25 08:57:23 -     Fold split: Train=560, Val=80
2025-09-25 08:57:44 -     Test accuracy: 0.6813
2025-09-25 08:57:44 -   Fold 4/5
2025-09-25 08:57:44 -     Fold split: Train=560, Val=80
2025-09-25 08:57:52 -     Test accuracy: 0.5000
2025-09-25 08:57:52 -   Fold 5/5
2025-09-25 08:57:52 -     Fold split: Train=560, Val=80
2025-09-25 08:58:00 -     Test accuracy: 0.5000
2025-09-25 08:58:00 -   Repeat 2 mean accuracy: 0.5363 ± 0.0725
2025-09-25 08:58:00 - Repeat 3/5
2025-09-25 08:58:00 -   Fold 1/5
2025-09-25 08:58:00 -     Fold split: Train=560, Val=80
2025-09-25 08:58:20 -     Test accuracy: 0.6562
2025-09-25 08:58:20 -   Fold 2/5
2025-09-25 08:58:20 -     Fold split: Train=560, Val=80
2025-09-25 08:58:41 -     Test accuracy: 0.6250
2025-09-25 08:58:41 -   Fold 3/5
2025-09-25 08:58:41 -     Fold split: Train=560, Val=80
2025-09-25 08:58:57 -     Test accuracy: 0.6312
2025-09-25 08:58:57 -   Fold 4/5
2025-09-25 08:58:57 -     Fold split: Train=560, Val=80
2025-09-25 08:59:25 -     Test accuracy: 0.6125
2025-09-25 08:59:25 -   Fold 5/5
2025-09-25 08:59:25 -     Fold split: Train=560, Val=80
2025-09-25 08:59:41 -     Test accuracy: 0.6625
2025-09-25 08:59:41 -   Repeat 3 mean accuracy: 0.6375 ± 0.0190
2025-09-25 08:59:41 - Repeat 4/5
2025-09-25 08:59:41 -   Fold 1/5
2025-09-25 08:59:41 -     Fold split: Train=560, Val=80
2025-09-25 08:59:51 -     Test accuracy: 0.6813
2025-09-25 08:59:51 -   Fold 2/5
2025-09-25 08:59:51 -     Fold split: Train=560, Val=80
2025-09-25 08:59:59 -     Test accuracy: 0.5000
2025-09-25 08:59:59 -   Fold 3/5
2025-09-25 08:59:59 -     Fold split: Train=560, Val=80
2025-09-25 09:00:24 -     Test accuracy: 0.6750
2025-09-25 09:00:24 -   Fold 4/5
2025-09-25 09:00:24 -     Fold split: Train=560, Val=80
2025-09-25 09:00:40 -     Test accuracy: 0.6000
2025-09-25 09:00:40 -   Fold 5/5
2025-09-25 09:00:40 -     Fold split: Train=560, Val=80
2025-09-25 09:00:52 -     Test accuracy: 0.5062
2025-09-25 09:00:52 -   Repeat 4 mean accuracy: 0.5925 ± 0.0784
2025-09-25 09:00:52 - Repeat 5/5
2025-09-25 09:00:52 -   Fold 1/5
2025-09-25 09:00:52 -     Fold split: Train=560, Val=80
2025-09-25 09:00:57 -     Test accuracy: 0.5000
2025-09-25 09:00:57 -   Fold 2/5
2025-09-25 09:00:57 -     Fold split: Train=560, Val=80
2025-09-25 09:01:28 -     Test accuracy: 0.6937
2025-09-25 09:01:28 -   Fold 3/5
2025-09-25 09:01:28 -     Fold split: Train=560, Val=80
2025-09-25 09:01:33 -     Test accuracy: 0.5000
2025-09-25 09:01:33 -   Fold 4/5
2025-09-25 09:01:33 -     Fold split: Train=560, Val=80
2025-09-25 09:01:41 -     Test accuracy: 0.5750
2025-09-25 09:01:41 -   Fold 5/5
2025-09-25 09:01:41 -     Fold split: Train=560, Val=80
2025-09-25 09:01:49 -     Test accuracy: 0.5000
2025-09-25 09:01:49 -   Repeat 5 mean accuracy: 0.5537 ± 0.0758
2025-09-25 09:01:49 - Cross-Validation completed for EEGConformer
2025-09-25 09:01:49 - Final accuracy: 0.5845 ± 0.0806
2025-09-25 09:01:49 - 95% CI: [0.5512, 0.6178]
2025-09-25 09:01:49 - 
============================================================
2025-09-25 09:01:49 - CROSS-VALIDATION RESULTS
2025-09-25 09:01:49 - ============================================================
2025-09-25 09:01:49 - Model: EEGConformer
2025-09-25 09:01:49 - Overall accuracy: 0.5845 ± 0.0806
2025-09-25 09:01:49 - 95% Confidence Interval: [0.5512, 0.6178]
2025-09-25 09:01:49 - Statistical significance: 25 evaluations
2025-09-25 09:01:49 - Precision: 0.4292 [0.3019, 0.5565]
2025-09-25 09:01:49 - Recall: 0.4700 [0.3186, 0.6214]
2025-09-25 09:01:49 - F1_Score: 0.4335 [0.3046, 0.5623]
2025-09-25 09:01:49 - Auc: 0.6436 [0.6073, 0.6799]
2025-09-25 09:01:49 - ============================================================
2025-09-25 09:01:49 - Individual subject results skipped - using Nested Cross-Validation results
2025-09-25 09:01:49 - Detailed results saved to: main_AVO_detailed_results_20250925_090149.csv
2025-09-25 09:01:49 - Summary statistics saved to: main_AVO_summary_stats_20250925_090149.csv
