2025-09-14 14:21:46 - 
Experiment Configuration:
2025-09-14 14:21:46 - --------------------------------------------------
2025-09-14 14:21:46 - dataset: ds005863
2025-09-14 14:21:46 - use_combined_datasets: False
2025-09-14 14:21:46 - electrode_list: all
2025-09-14 14:21:46 - classifier: EEGConformer
2025-09-14 14:21:46 - separate_subject_classification: False
2025-09-14 14:21:46 - use_subject_layer: False
2025-09-14 14:21:46 - seeds: [42]
2025-09-14 14:21:46 - --------------------------------------------------
2025-09-14 14:21:46 - 
==================================================
2025-09-14 14:21:46 - Processing Active Visual Oddball Dataset
2025-09-14 14:21:46 - ==================================================
2025-09-14 14:22:05 - 
==================================================
2025-09-14 14:22:05 - Individual Subject Results - AVO
2025-09-14 14:22:05 - ==================================================
2025-09-14 14:22:05 - Subject: sub_001
2025-09-14 14:22:05 -   Accuracy: 66.667%
2025-09-14 14:22:05 -   Precision: 0.600
2025-09-14 14:22:05 -   Recall: 0.750
2025-09-14 14:22:05 -   F1 Score: 0.667
2025-09-14 14:22:05 -   AUC: 0.700
2025-09-14 14:22:05 -   Correct/Total: 6/9
2025-09-14 14:22:05 -   Confusion Matrix Stats:
2025-09-14 14:22:05 -     TP: 3, TN: 3
2025-09-14 14:22:05 -     FP: 2, FN: 1
2025-09-14 14:22:05 - 
AVO Pooled Model Statistics:
2025-09-14 14:22:05 - Mean Accuracy: 0.017
2025-09-14 14:22:05 - 95% Confidence Interval: [-0.017, 0.050]
2025-09-14 14:22:05 - Best Subject: sub_001 (0.667)
2025-09-14 14:22:05 - Worst Subject: sub_002 (0.000)
2025-09-14 14:22:05 - Mean Precision: 0.600
2025-09-14 14:22:05 - Mean Recall: 0.750
2025-09-14 14:22:05 - Mean F1-Score: 0.667
2025-09-14 14:22:05 - Mean AUC: 0.700
2025-09-14 14:22:05 - Mean Confusion Matrix:
2025-09-14 14:22:05 -   TP: 3, TN: 3
2025-09-14 14:22:05 -   FP: 2, FN: 1
