2025-09-21 12:11:05 - 
Experiment Configuration:
2025-09-21 12:11:05 - --------------------------------------------------
2025-09-21 12:11:05 - dataset: ds005863
2025-09-21 12:11:05 - use_combined_datasets: False
2025-09-21 12:11:05 - electrode_list: all
2025-09-21 12:11:05 - classifier: SepConv1D
2025-09-21 12:11:05 - separate_subject_classification: False
2025-09-21 12:11:05 - use_subject_layer: False
2025-09-21 12:11:05 - seeds: [42]
2025-09-21 12:11:05 - use_nested_cv: False
2025-09-21 12:11:05 - electrode_fusion_method: none
2025-09-21 12:11:05 - domain_adaptation_method: none
2025-09-21 12:11:05 - enable_comprehensive_evaluation: True
2025-09-21 12:11:05 - enable_domain_analysis: True
2025-09-21 12:11:05 - enable_small_sample_analysis: False
2025-09-21 12:11:05 - small_sample_sizes: [5, 10, 15, 20]
2025-09-21 12:11:05 - small_sample_subjects: [5, 10, 15]
2025-09-21 12:11:05 - --------------------------------------------------
2025-09-21 12:11:05 - 
==================================================
2025-09-21 12:11:05 - Processing Active Visual Oddball Dataset
2025-09-21 12:11:05 - ==================================================
2025-09-21 12:11:05 - Using traditional train/validation/test split
2025-09-21 12:11:30 - 
==================================================
2025-09-21 12:11:30 - Individual Subject Results - AVO
2025-09-21 12:11:30 - ==================================================
2025-09-21 12:11:30 - Subject: sub_001
2025-09-21 12:11:30 -   Accuracy: 88.889%
2025-09-21 12:11:30 -   Precision: 0.833
2025-09-21 12:11:30 -   Recall: 1.000
2025-09-21 12:11:30 -   F1 Score: 0.909
2025-09-21 12:11:30 -   AUC: 0.950
2025-09-21 12:11:30 -   Correct/Total: 8/9
2025-09-21 12:11:30 -   Confusion Matrix Stats:
2025-09-21 12:11:30 -     TP: 5, TN: 3
2025-09-21 12:11:30 -     FP: 1, FN: 0
2025-09-21 12:11:30 - Subject: sub_002
2025-09-21 12:11:30 -   Accuracy: 50.000%
2025-09-21 12:11:30 -   Precision: 0.000
2025-09-21 12:11:30 -   Recall: 0.000
2025-09-21 12:11:30 -   F1 Score: 0.000
2025-09-21 12:11:30 -   AUC: 0.500
2025-09-21 12:11:30 -   Correct/Total: 4/8
2025-09-21 12:11:30 -   Confusion Matrix Stats:
2025-09-21 12:11:30 -     TP: 0, TN: 4
2025-09-21 12:11:30 -     FP: 0, FN: 4
2025-09-21 12:11:30 - Subject: sub_003
2025-09-21 12:11:30 -   Accuracy: 73.333%
2025-09-21 12:11:30 -   Precision: 0.636
2025-09-21 12:11:30 -   Recall: 1.000
2025-09-21 12:11:30 -   F1 Score: 0.778
2025-09-21 12:11:30 -   AUC: 0.643
2025-09-21 12:11:30 -   Correct/Total: 11/15
2025-09-21 12:11:30 -   Confusion Matrix Stats:
2025-09-21 12:11:30 -     TP: 7, TN: 4
2025-09-21 12:11:30 -     FP: 4, FN: 0
2025-09-21 12:11:30 - Subject: sub_004
2025-09-21 12:11:30 -   Accuracy: 41.667%
2025-09-21 12:11:30 -   Precision: 0.143
2025-09-21 12:11:30 -   Recall: 0.500
2025-09-21 12:11:30 -   F1 Score: 0.222
2025-09-21 12:11:30 -   AUC: 0.300
2025-09-21 12:11:30 -   Correct/Total: 5/12
2025-09-21 12:11:30 -   Confusion Matrix Stats:
2025-09-21 12:11:30 -     TP: 1, TN: 4
2025-09-21 12:11:30 -     FP: 6, FN: 1
2025-09-21 12:11:30 - Subject: sub_005
2025-09-21 12:11:30 -   Accuracy: 77.778%
2025-09-21 12:11:30 -   Precision: 0.750
2025-09-21 12:11:30 -   Recall: 0.750
2025-09-21 12:11:30 -   F1 Score: 0.750
2025-09-21 12:11:30 -   AUC: 0.850
2025-09-21 12:11:30 -   Correct/Total: 7/9
2025-09-21 12:11:30 -   Confusion Matrix Stats:
2025-09-21 12:11:30 -     TP: 3, TN: 4
2025-09-21 12:11:30 -     FP: 1, FN: 1
2025-09-21 12:11:30 - Subject: sub_006
2025-09-21 12:11:30 -   Accuracy: 53.846%
2025-09-21 12:11:30 -   Precision: 0.455
2025-09-21 12:11:30 -   Recall: 1.000
2025-09-21 12:11:30 -   F1 Score: 0.625
2025-09-21 12:11:30 -   AUC: 0.700
2025-09-21 12:11:30 -   Correct/Total: 7/13
2025-09-21 12:11:30 -   Confusion Matrix Stats:
2025-09-21 12:11:30 -     TP: 5, TN: 2
2025-09-21 12:11:30 -     FP: 6, FN: 0
2025-09-21 12:11:30 - Subject: sub_007
2025-09-21 12:11:30 -   Accuracy: 50.000%
2025-09-21 12:11:30 -   Precision: 0.400
2025-09-21 12:11:30 -   Recall: 0.667
2025-09-21 12:11:30 -   F1 Score: 0.500
2025-09-21 12:11:30 -   AUC: 0.533
2025-09-21 12:11:30 -   Correct/Total: 4/8
2025-09-21 12:11:30 -   Confusion Matrix Stats:
2025-09-21 12:11:30 -     TP: 2, TN: 2
2025-09-21 12:11:30 -     FP: 3, FN: 1
2025-09-21 12:11:30 - Subject: sub_008
2025-09-21 12:11:30 -   Accuracy: 71.429%
2025-09-21 12:11:30 -   Precision: 0.500
2025-09-21 12:11:30 -   Recall: 0.750
2025-09-21 12:11:30 -   F1 Score: 0.600
2025-09-21 12:11:30 -   AUC: 0.775
2025-09-21 12:11:30 -   Correct/Total: 10/14
2025-09-21 12:11:30 -   Confusion Matrix Stats:
2025-09-21 12:11:30 -     TP: 3, TN: 7
2025-09-21 12:11:30 -     FP: 3, FN: 1
2025-09-21 12:11:30 - Subject: sub_009
2025-09-21 12:11:30 -   Accuracy: 75.000%
2025-09-21 12:11:30 -   Precision: 0.667
2025-09-21 12:11:30 -   Recall: 1.000
2025-09-21 12:11:30 -   F1 Score: 0.800
2025-09-21 12:11:30 -   AUC: 0.500
2025-09-21 12:11:30 -   Correct/Total: 3/4
2025-09-21 12:11:30 -   Confusion Matrix Stats:
2025-09-21 12:11:30 -     TP: 2, TN: 1
2025-09-21 12:11:30 -     FP: 1, FN: 0
2025-09-21 12:11:30 - Subject: sub_010
2025-09-21 12:11:30 -   Accuracy: 77.778%
2025-09-21 12:11:30 -   Precision: 0.714
2025-09-21 12:11:30 -   Recall: 1.000
2025-09-21 12:11:30 -   F1 Score: 0.833
2025-09-21 12:11:30 -   AUC: 0.650
2025-09-21 12:11:30 -   Correct/Total: 7/9
2025-09-21 12:11:30 -   Confusion Matrix Stats:
2025-09-21 12:11:30 -     TP: 5, TN: 2
2025-09-21 12:11:30 -     FP: 2, FN: 0
2025-09-21 12:11:30 - Subject: sub_011
2025-09-21 12:11:30 -   Accuracy: 62.500%
2025-09-21 12:11:30 -   Precision: 0.625
2025-09-21 12:11:30 -   Recall: 1.000
2025-09-21 12:11:30 -   F1 Score: 0.769
2025-09-21 12:11:30 -   AUC: 0.733
2025-09-21 12:11:30 -   Correct/Total: 5/8
2025-09-21 12:11:30 -   Confusion Matrix Stats:
2025-09-21 12:11:30 -     TP: 5, TN: 0
2025-09-21 12:11:30 -     FP: 3, FN: 0
2025-09-21 12:11:30 - Subject: sub_012
2025-09-21 12:11:30 -   Accuracy: 60.000%
2025-09-21 12:11:30 -   Precision: 0.000
2025-09-21 12:11:30 -   Recall: 0.000
2025-09-21 12:11:30 -   F1 Score: 0.000
2025-09-21 12:11:30 -   AUC: 0.500
2025-09-21 12:11:30 -   Correct/Total: 3/5
2025-09-21 12:11:30 -   Confusion Matrix Stats:
2025-09-21 12:11:30 -     TP: 0, TN: 3
2025-09-21 12:11:30 -     FP: 2, FN: 0
2025-09-21 12:11:30 - Subject: sub_013
2025-09-21 12:11:30 -   Accuracy: 53.333%
2025-09-21 12:11:30 -   Precision: 0.750
2025-09-21 12:11:30 -   Recall: 0.545
2025-09-21 12:11:30 -   F1 Score: 0.632
2025-09-21 12:11:30 -   AUC: 0.409
2025-09-21 12:11:30 -   Correct/Total: 8/15
2025-09-21 12:11:30 -   Confusion Matrix Stats:
2025-09-21 12:11:30 -     TP: 6, TN: 2
2025-09-21 12:11:30 -     FP: 2, FN: 5
2025-09-21 12:11:30 - Subject: sub_014
2025-09-21 12:11:30 -   Accuracy: 50.000%
2025-09-21 12:11:30 -   Precision: 0.750
2025-09-21 12:11:30 -   Recall: 0.500
2025-09-21 12:11:30 -   F1 Score: 0.600
2025-09-21 12:11:30 -   AUC: 0.500
2025-09-21 12:11:30 -   Correct/Total: 4/8
2025-09-21 12:11:30 -   Confusion Matrix Stats:
2025-09-21 12:11:30 -     TP: 3, TN: 1
2025-09-21 12:11:30 -     FP: 1, FN: 3
2025-09-21 12:11:30 - Subject: sub_015
2025-09-21 12:11:30 -   Accuracy: 33.333%
2025-09-21 12:11:30 -   Precision: 0.333
2025-09-21 12:11:30 -   Recall: 0.333
2025-09-21 12:11:30 -   F1 Score: 0.333
2025-09-21 12:11:30 -   AUC: 0.556
2025-09-21 12:11:30 -   Correct/Total: 2/6
2025-09-21 12:11:30 -   Confusion Matrix Stats:
2025-09-21 12:11:30 -     TP: 1, TN: 1
2025-09-21 12:11:30 -     FP: 2, FN: 2
2025-09-21 12:11:30 - Subject: sub_016
2025-09-21 12:11:30 -   Accuracy: 60.000%
2025-09-21 12:11:30 -   Precision: 1.000
2025-09-21 12:11:30 -   Recall: 0.500
2025-09-21 12:11:30 -   F1 Score: 0.667
2025-09-21 12:11:30 -   AUC: 1.000
2025-09-21 12:11:30 -   Correct/Total: 3/5
2025-09-21 12:11:30 -   Confusion Matrix Stats:
2025-09-21 12:11:30 -     TP: 2, TN: 1
2025-09-21 12:11:30 -     FP: 0, FN: 2
2025-09-21 12:11:30 - Subject: sub_017
2025-09-21 12:11:30 -   Accuracy: 71.429%
2025-09-21 12:11:30 -   Precision: 1.000
2025-09-21 12:11:30 -   Recall: 0.667
2025-09-21 12:11:30 -   F1 Score: 0.800
2025-09-21 12:11:30 -   AUC: 1.000
2025-09-21 12:11:30 -   Correct/Total: 5/7
2025-09-21 12:11:30 -   Confusion Matrix Stats:
2025-09-21 12:11:30 -     TP: 4, TN: 1
2025-09-21 12:11:30 -     FP: 0, FN: 2
2025-09-21 12:11:30 - Subject: sub_018
2025-09-21 12:11:30 -   Accuracy: 0.000%
2025-09-21 12:11:30 -   Precision: 0.000
2025-09-21 12:11:30 -   Recall: 0.000
2025-09-21 12:11:30 -   F1 Score: 0.000
2025-09-21 12:11:30 -   AUC: 0.500
2025-09-21 12:11:30 -   Correct/Total: 0/1
2025-09-21 12:11:30 -   Confusion Matrix Stats:
2025-09-21 12:11:30 -     TP: 0, TN: 0
2025-09-21 12:11:30 -     FP: 1, FN: 0
2025-09-21 12:11:30 - Subject: sub_019
2025-09-21 12:11:30 -   Accuracy: 76.923%
2025-09-21 12:11:30 -   Precision: 0.727
2025-09-21 12:11:30 -   Recall: 1.000
2025-09-21 12:11:30 -   F1 Score: 0.842
2025-09-21 12:11:30 -   AUC: 0.950
2025-09-21 12:11:30 -   Correct/Total: 10/13
2025-09-21 12:11:30 -   Confusion Matrix Stats:
2025-09-21 12:11:30 -     TP: 8, TN: 2
2025-09-21 12:11:30 -     FP: 3, FN: 0
2025-09-21 12:11:30 - Subject: sub_020
2025-09-21 12:11:30 -   Accuracy: 54.545%
2025-09-21 12:11:30 -   Precision: 0.333
2025-09-21 12:11:30 -   Recall: 0.250
2025-09-21 12:11:30 -   F1 Score: 0.286
2025-09-21 12:11:30 -   AUC: 0.464
2025-09-21 12:11:30 -   Correct/Total: 6/11
2025-09-21 12:11:30 -   Confusion Matrix Stats:
2025-09-21 12:11:30 -     TP: 1, TN: 5
2025-09-21 12:11:30 -     FP: 2, FN: 3
2025-09-21 12:11:30 - Subject: sub_021
2025-09-21 12:11:30 -   Accuracy: 90.909%
2025-09-21 12:11:30 -   Precision: 0.857
2025-09-21 12:11:30 -   Recall: 1.000
2025-09-21 12:11:30 -   F1 Score: 0.923
2025-09-21 12:11:30 -   AUC: 0.967
2025-09-21 12:11:30 -   Correct/Total: 10/11
2025-09-21 12:11:30 -   Confusion Matrix Stats:
2025-09-21 12:11:30 -     TP: 6, TN: 4
2025-09-21 12:11:30 -     FP: 1, FN: 0
2025-09-21 12:11:30 - Subject: sub_022
2025-09-21 12:11:30 -   Accuracy: 66.667%
2025-09-21 12:11:30 -   Precision: 0.714
2025-09-21 12:11:30 -   Recall: 0.833
2025-09-21 12:11:30 -   F1 Score: 0.769
2025-09-21 12:11:30 -   AUC: 0.667
2025-09-21 12:11:30 -   Correct/Total: 6/9
2025-09-21 12:11:30 -   Confusion Matrix Stats:
2025-09-21 12:11:30 -     TP: 5, TN: 1
2025-09-21 12:11:30 -     FP: 2, FN: 1
2025-09-21 12:11:30 - Subject: sub_023
2025-09-21 12:11:30 -   Accuracy: 76.923%
2025-09-21 12:11:30 -   Precision: 0.714
2025-09-21 12:11:30 -   Recall: 0.833
2025-09-21 12:11:30 -   F1 Score: 0.769
2025-09-21 12:11:30 -   AUC: 0.762
2025-09-21 12:11:30 -   Correct/Total: 10/13
2025-09-21 12:11:30 -   Confusion Matrix Stats:
2025-09-21 12:11:30 -     TP: 5, TN: 5
2025-09-21 12:11:30 -     FP: 2, FN: 1
2025-09-21 12:11:30 - Subject: sub_024
2025-09-21 12:11:30 -   Accuracy: 50.000%
2025-09-21 12:11:30 -   Precision: 0.417
2025-09-21 12:11:30 -   Recall: 0.833
2025-09-21 12:11:30 -   F1 Score: 0.556
2025-09-21 12:11:30 -   AUC: 0.850
2025-09-21 12:11:30 -   Correct/Total: 8/16
2025-09-21 12:11:30 -   Confusion Matrix Stats:
2025-09-21 12:11:30 -     TP: 5, TN: 3
2025-09-21 12:11:30 -     FP: 7, FN: 1
2025-09-21 12:11:30 - Subject: sub_025
2025-09-21 12:11:30 -   Accuracy: 75.000%
2025-09-21 12:11:30 -   Precision: 0.600
2025-09-21 12:11:30 -   Recall: 1.000
2025-09-21 12:11:30 -   F1 Score: 0.750
2025-09-21 12:11:30 -   AUC: 0.933
2025-09-21 12:11:30 -   Correct/Total: 6/8
2025-09-21 12:11:30 -   Confusion Matrix Stats:
2025-09-21 12:11:30 -     TP: 3, TN: 3
2025-09-21 12:11:30 -     FP: 2, FN: 0
2025-09-21 12:11:30 - Subject: sub_026
2025-09-21 12:11:30 -   Accuracy: 71.429%
2025-09-21 12:11:30 -   Precision: 1.000
2025-09-21 12:11:30 -   Recall: 0.333
2025-09-21 12:11:30 -   F1 Score: 0.500
2025-09-21 12:11:30 -   AUC: 0.833
2025-09-21 12:11:30 -   Correct/Total: 5/7
2025-09-21 12:11:30 -   Confusion Matrix Stats:
2025-09-21 12:11:30 -     TP: 1, TN: 4
2025-09-21 12:11:30 -     FP: 0, FN: 2
2025-09-21 12:11:30 - Subject: sub_027
2025-09-21 12:11:30 -   Accuracy: 77.778%
2025-09-21 12:11:30 -   Precision: 0.750
2025-09-21 12:11:30 -   Recall: 0.750
2025-09-21 12:11:30 -   F1 Score: 0.750
2025-09-21 12:11:30 -   AUC: 0.850
2025-09-21 12:11:30 -   Correct/Total: 7/9
2025-09-21 12:11:30 -   Confusion Matrix Stats:
2025-09-21 12:11:30 -     TP: 3, TN: 4
2025-09-21 12:11:30 -     FP: 1, FN: 1
2025-09-21 12:11:30 - Subject: sub_028
2025-09-21 12:11:30 -   Accuracy: 90.000%
2025-09-21 12:11:30 -   Precision: 0.833
2025-09-21 12:11:30 -   Recall: 1.000
2025-09-21 12:11:30 -   F1 Score: 0.909
2025-09-21 12:11:30 -   AUC: 1.000
2025-09-21 12:11:30 -   Correct/Total: 9/10
2025-09-21 12:11:30 -   Confusion Matrix Stats:
2025-09-21 12:11:30 -     TP: 5, TN: 4
2025-09-21 12:11:30 -     FP: 1, FN: 0
2025-09-21 12:11:30 - Subject: sub_029
2025-09-21 12:11:30 -   Accuracy: 33.333%
2025-09-21 12:11:30 -   Precision: 1.000
2025-09-21 12:11:30 -   Recall: 0.143
2025-09-21 12:11:30 -   F1 Score: 0.250
2025-09-21 12:11:30 -   AUC: 1.000
2025-09-21 12:11:30 -   Correct/Total: 3/9
2025-09-21 12:11:30 -   Confusion Matrix Stats:
2025-09-21 12:11:30 -     TP: 1, TN: 2
2025-09-21 12:11:30 -     FP: 0, FN: 6
2025-09-21 12:11:30 - Subject: sub_030
2025-09-21 12:11:30 -   Accuracy: 66.667%
2025-09-21 12:11:30 -   Precision: 0.500
2025-09-21 12:11:30 -   Recall: 0.500
2025-09-21 12:11:30 -   F1 Score: 0.500
2025-09-21 12:11:30 -   AUC: 0.750
2025-09-21 12:11:30 -   Correct/Total: 4/6
2025-09-21 12:11:30 -   Confusion Matrix Stats:
2025-09-21 12:11:30 -     TP: 1, TN: 3
2025-09-21 12:11:30 -     FP: 1, FN: 1
2025-09-21 12:11:30 - Subject: sub_031
2025-09-21 12:11:30 -   Accuracy: 70.000%
2025-09-21 12:11:30 -   Precision: 0.667
2025-09-21 12:11:30 -   Recall: 0.800
2025-09-21 12:11:30 -   F1 Score: 0.727
2025-09-21 12:11:30 -   AUC: 0.720
2025-09-21 12:11:30 -   Correct/Total: 7/10
2025-09-21 12:11:30 -   Confusion Matrix Stats:
2025-09-21 12:11:30 -     TP: 4, TN: 3
2025-09-21 12:11:30 -     FP: 2, FN: 1
2025-09-21 12:11:30 - Subject: sub_032
2025-09-21 12:11:30 -   Accuracy: 77.778%
2025-09-21 12:11:30 -   Precision: 1.000
2025-09-21 12:11:30 -   Recall: 0.636
2025-09-21 12:11:30 -   F1 Score: 0.778
2025-09-21 12:11:30 -   AUC: 0.922
2025-09-21 12:11:30 -   Correct/Total: 14/18
2025-09-21 12:11:30 -   Confusion Matrix Stats:
2025-09-21 12:11:30 -     TP: 7, TN: 7
2025-09-21 12:11:30 -     FP: 0, FN: 4
2025-09-21 12:11:30 - Subject: sub_033
2025-09-21 12:11:30 -   Accuracy: 57.143%
2025-09-21 12:11:30 -   Precision: 1.000
2025-09-21 12:11:30 -   Recall: 0.400
2025-09-21 12:11:30 -   F1 Score: 0.571
2025-09-21 12:11:30 -   AUC: 0.900
2025-09-21 12:11:30 -   Correct/Total: 4/7
2025-09-21 12:11:30 -   Confusion Matrix Stats:
2025-09-21 12:11:30 -     TP: 2, TN: 2
2025-09-21 12:11:30 -     FP: 0, FN: 3
2025-09-21 12:11:30 - Subject: sub_034
2025-09-21 12:11:30 -   Accuracy: 57.143%
2025-09-21 12:11:30 -   Precision: 0.667
2025-09-21 12:11:30 -   Recall: 0.500
2025-09-21 12:11:30 -   F1 Score: 0.571
2025-09-21 12:11:30 -   AUC: 0.667
2025-09-21 12:11:30 -   Correct/Total: 4/7
2025-09-21 12:11:30 -   Confusion Matrix Stats:
2025-09-21 12:11:30 -     TP: 2, TN: 2
2025-09-21 12:11:30 -     FP: 1, FN: 2
2025-09-21 12:11:30 - Subject: sub_035
2025-09-21 12:11:30 -   Accuracy: 75.000%
2025-09-21 12:11:30 -   Precision: 1.000
2025-09-21 12:11:30 -   Recall: 0.667
2025-09-21 12:11:30 -   F1 Score: 0.800
2025-09-21 12:11:30 -   AUC: 0.778
2025-09-21 12:11:30 -   Correct/Total: 9/12
2025-09-21 12:11:30 -   Confusion Matrix Stats:
2025-09-21 12:11:30 -     TP: 6, TN: 3
2025-09-21 12:11:30 -     FP: 0, FN: 3
2025-09-21 12:11:30 - Subject: sub_036
2025-09-21 12:11:30 -   Accuracy: 45.455%
2025-09-21 12:11:30 -   Precision: 0.444
2025-09-21 12:11:30 -   Recall: 0.800
2025-09-21 12:11:30 -   F1 Score: 0.571
2025-09-21 12:11:30 -   AUC: 0.467
2025-09-21 12:11:30 -   Correct/Total: 5/11
2025-09-21 12:11:30 -   Confusion Matrix Stats:
2025-09-21 12:11:30 -     TP: 4, TN: 1
2025-09-21 12:11:30 -     FP: 5, FN: 1
2025-09-21 12:11:30 - Subject: sub_037
2025-09-21 12:11:30 -   Accuracy: 46.667%
2025-09-21 12:11:30 -   Precision: 0.600
2025-09-21 12:11:30 -   Recall: 0.600
2025-09-21 12:11:30 -   F1 Score: 0.600
2025-09-21 12:11:30 -   AUC: 0.400
2025-09-21 12:11:30 -   Correct/Total: 7/15
2025-09-21 12:11:30 -   Confusion Matrix Stats:
2025-09-21 12:11:30 -     TP: 6, TN: 1
2025-09-21 12:11:30 -     FP: 4, FN: 4
2025-09-21 12:11:30 - Subject: sub_038
2025-09-21 12:11:30 -   Accuracy: 76.923%
2025-09-21 12:11:30 -   Precision: 0.667
2025-09-21 12:11:30 -   Recall: 1.000
2025-09-21 12:11:30 -   F1 Score: 0.800
2025-09-21 12:11:30 -   AUC: 0.762
2025-09-21 12:11:30 -   Correct/Total: 10/13
2025-09-21 12:11:30 -   Confusion Matrix Stats:
2025-09-21 12:11:30 -     TP: 6, TN: 4
2025-09-21 12:11:30 -     FP: 3, FN: 0
2025-09-21 12:11:30 - Subject: sub_039
2025-09-21 12:11:30 -   Accuracy: 77.778%
2025-09-21 12:11:30 -   Precision: 0.500
2025-09-21 12:11:30 -   Recall: 0.500
2025-09-21 12:11:30 -   F1 Score: 0.500
2025-09-21 12:11:30 -   AUC: 0.929
2025-09-21 12:11:30 -   Correct/Total: 7/9
2025-09-21 12:11:30 -   Confusion Matrix Stats:
2025-09-21 12:11:30 -     TP: 1, TN: 6
2025-09-21 12:11:30 -     FP: 1, FN: 1
2025-09-21 12:11:30 - Subject: sub_040
2025-09-21 12:11:30 -   Accuracy: 50.000%
2025-09-21 12:11:30 -   Precision: 0.474
2025-09-21 12:11:30 -   Recall: 1.000
2025-09-21 12:11:30 -   F1 Score: 0.643
2025-09-21 12:11:30 -   AUC: 0.778
2025-09-21 12:11:30 -   Correct/Total: 10/20
2025-09-21 12:11:30 -   Confusion Matrix Stats:
2025-09-21 12:11:30 -     TP: 9, TN: 1
2025-09-21 12:11:30 -     FP: 10, FN: 0
2025-09-21 12:11:30 - 
AVO Pooled Model Statistics:
2025-09-21 12:11:30 - 95% Confidence Interval: [0.571, 0.686]
2025-09-21 12:11:30 - Best Subject: sub_021 (0.909)
2025-09-21 12:11:30 - Worst Subject: sub_018 (0.000)
2025-09-21 12:11:30 - Mean Accuracy: 0.642
2025-09-21 12:11:30 - Mean Precision: 0.628
2025-09-21 12:11:30 - Mean Recall: 0.718
2025-09-21 12:11:30 - Mean F1-Score: 0.670
2025-09-21 12:11:30 - Mean AUC: 0.724
2025-09-21 12:11:30 - Mean Confusion Matrix:
2025-09-21 12:11:30 -   TP: 4, TN: 3
2025-09-21 12:11:30 -   FP: 2, FN: 1
