2025-09-10 20:25:00 - 
Experiment Configuration:
2025-09-10 20:25:00 - --------------------------------------------------
2025-09-10 20:25:00 - dataset: ds005863
2025-09-10 20:25:00 - use_combined_datasets: False
2025-09-10 20:25:00 - electrode_list: all
2025-09-10 20:25:00 - classifier: ShallowFBCSPNet
2025-09-10 20:25:00 - separate_subject_classification: False
2025-09-10 20:25:00 - use_subject_layer: False
2025-09-10 20:25:00 - seeds: [42]
2025-09-10 20:25:00 - --------------------------------------------------
2025-09-10 20:25:00 - 
==================================================
2025-09-10 20:25:00 - Processing Active Visual Oddball Dataset
2025-09-10 20:25:00 - ==================================================
2025-09-10 20:25:49 - 
==================================================
2025-09-10 20:25:49 - Individual Subject Results - AVO
2025-09-10 20:25:49 - ==================================================
2025-09-10 20:25:49 - Subject: sub_001
2025-09-10 20:25:49 -   Accuracy: 0.000%
2025-09-10 20:25:49 -   Precision: 0.000
2025-09-10 20:25:49 -   Recall: 0.000
2025-09-10 20:25:49 -   F1 Score: 0.000
2025-09-10 20:25:49 -   AUC: 0.562
2025-09-10 20:25:49 -   Correct/Total: 4/8
2025-09-10 20:25:49 -   Confusion Matrix Stats:
2025-09-10 20:25:49 -     TP: 0, TN: 4
2025-09-10 20:25:49 -     FP: 0, FN: 4
2025-09-10 20:25:49 - Subject: sub_002
2025-09-10 20:25:49 -   Accuracy: 0.000%
2025-09-10 20:25:49 -   Precision: 0.400
2025-09-10 20:25:49 -   Recall: 0.500
2025-09-10 20:25:49 -   F1 Score: 0.444
2025-09-10 20:25:49 -   AUC: 0.250
2025-09-10 20:25:49 -   Correct/Total: 2/7
2025-09-10 20:25:49 -   Confusion Matrix Stats:
2025-09-10 20:25:49 -     TP: 2, TN: 0
2025-09-10 20:25:49 -     FP: 3, FN: 2
2025-09-10 20:25:49 - Subject: sub_003
2025-09-10 20:25:49 -   Accuracy: 0.000%
2025-09-10 20:25:49 -   Precision: 0.500
2025-09-10 20:25:49 -   Recall: 0.500
2025-09-10 20:25:49 -   F1 Score: 0.500
2025-09-10 20:25:49 -   AUC: 0.625
2025-09-10 20:25:49 -   Correct/Total: 4/6
2025-09-10 20:25:49 -   Confusion Matrix Stats:
2025-09-10 20:25:49 -     TP: 1, TN: 3
2025-09-10 20:25:49 -     FP: 1, FN: 1
2025-09-10 20:25:49 - Subject: sub_004
2025-09-10 20:25:49 -   Accuracy: 0.000%
2025-09-10 20:25:49 -   Precision: 0.000
2025-09-10 20:25:49 -   Recall: 0.000
2025-09-10 20:25:49 -   F1 Score: 0.000
2025-09-10 20:25:49 -   AUC: 0.400
2025-09-10 20:25:49 -   Correct/Total: 2/6
2025-09-10 20:25:49 -   Confusion Matrix Stats:
2025-09-10 20:25:49 -     TP: 0, TN: 2
2025-09-10 20:25:49 -     FP: 3, FN: 1
2025-09-10 20:25:49 - Subject: sub_005
2025-09-10 20:25:49 -   Accuracy: 0.000%
2025-09-10 20:25:49 -   Precision: 1.000
2025-09-10 20:25:49 -   Recall: 1.000
2025-09-10 20:25:49 -   F1 Score: 1.000
2025-09-10 20:25:49 -   AUC: 0.500
2025-09-10 20:25:49 -   Correct/Total: 3/3
2025-09-10 20:25:49 -   Confusion Matrix Stats:
2025-09-10 20:25:49 -     TP: 3, TN: 0
2025-09-10 20:25:49 -     FP: 0, FN: 0
2025-09-10 20:25:49 - Subject: sub_006
2025-09-10 20:25:49 -   Accuracy: 0.000%
2025-09-10 20:25:49 -   Precision: 1.000
2025-09-10 20:25:49 -   Recall: 0.333
2025-09-10 20:25:49 -   F1 Score: 0.500
2025-09-10 20:25:49 -   AUC: 1.000
2025-09-10 20:25:49 -   Correct/Total: 3/5
2025-09-10 20:25:49 -   Confusion Matrix Stats:
2025-09-10 20:25:49 -     TP: 1, TN: 2
2025-09-10 20:25:49 -     FP: 0, FN: 2
2025-09-10 20:25:49 - Subject: sub_007
2025-09-10 20:25:49 -   Accuracy: 0.000%
2025-09-10 20:25:49 -   Precision: 0.750
2025-09-10 20:25:49 -   Recall: 0.600
2025-09-10 20:25:49 -   F1 Score: 0.667
2025-09-10 20:25:49 -   AUC: 0.533
2025-09-10 20:25:49 -   Correct/Total: 5/8
2025-09-10 20:25:49 -   Confusion Matrix Stats:
2025-09-10 20:25:49 -     TP: 3, TN: 2
2025-09-10 20:25:49 -     FP: 1, FN: 2
2025-09-10 20:25:49 - Subject: sub_008
2025-09-10 20:25:49 -   Accuracy: 0.000%
2025-09-10 20:25:49 -   Precision: 0.429
2025-09-10 20:25:49 -   Recall: 0.600
2025-09-10 20:25:49 -   F1 Score: 0.500
2025-09-10 20:25:49 -   AUC: 0.500
2025-09-10 20:25:49 -   Correct/Total: 3/9
2025-09-10 20:25:49 -   Confusion Matrix Stats:
2025-09-10 20:25:49 -     TP: 3, TN: 0
2025-09-10 20:25:49 -     FP: 4, FN: 2
2025-09-10 20:25:49 - Subject: sub_009
2025-09-10 20:25:49 -   Accuracy: 0.000%
2025-09-10 20:25:49 -   Precision: 0.857
2025-09-10 20:25:49 -   Recall: 1.000
2025-09-10 20:25:49 -   F1 Score: 0.923
2025-09-10 20:25:49 -   AUC: 0.889
2025-09-10 20:25:49 -   Correct/Total: 8/9
2025-09-10 20:25:49 -   Confusion Matrix Stats:
2025-09-10 20:25:49 -     TP: 6, TN: 2
2025-09-10 20:25:49 -     FP: 1, FN: 0
2025-09-10 20:25:49 - Subject: sub_010
2025-09-10 20:25:49 -   Accuracy: 0.000%
2025-09-10 20:25:49 -   Precision: 0.333
2025-09-10 20:25:49 -   Recall: 0.667
2025-09-10 20:25:49 -   F1 Score: 0.444
2025-09-10 20:25:49 -   AUC: 0.667
2025-09-10 20:25:49 -   Correct/Total: 5/10
2025-09-10 20:25:49 -   Confusion Matrix Stats:
2025-09-10 20:25:49 -     TP: 2, TN: 3
2025-09-10 20:25:49 -     FP: 4, FN: 1
2025-09-10 20:25:49 - Subject: sub_011
2025-09-10 20:25:49 -   Accuracy: 0.000%
2025-09-10 20:25:49 -   Precision: 0.400
2025-09-10 20:25:49 -   Recall: 0.667
2025-09-10 20:25:49 -   F1 Score: 0.500
2025-09-10 20:25:49 -   AUC: 0.333
2025-09-10 20:25:49 -   Correct/Total: 3/7
2025-09-10 20:25:49 -   Confusion Matrix Stats:
2025-09-10 20:25:49 -     TP: 2, TN: 1
2025-09-10 20:25:49 -     FP: 3, FN: 1
2025-09-10 20:25:49 - Subject: sub_012
2025-09-10 20:25:49 -   Accuracy: 0.000%
2025-09-10 20:25:49 -   Precision: 0.333
2025-09-10 20:25:49 -   Recall: 0.667
2025-09-10 20:25:49 -   F1 Score: 0.444
2025-09-10 20:25:49 -   AUC: 0.444
2025-09-10 20:25:49 -   Correct/Total: 4/9
2025-09-10 20:25:49 -   Confusion Matrix Stats:
2025-09-10 20:25:49 -     TP: 2, TN: 2
2025-09-10 20:25:49 -     FP: 4, FN: 1
2025-09-10 20:25:49 - Subject: sub_013
2025-09-10 20:25:49 -   Accuracy: 0.000%
2025-09-10 20:25:49 -   Precision: 0.333
2025-09-10 20:25:49 -   Recall: 0.500
2025-09-10 20:25:49 -   F1 Score: 0.400
2025-09-10 20:25:49 -   AUC: 0.500
2025-09-10 20:25:49 -   Correct/Total: 2/5
2025-09-10 20:25:49 -   Confusion Matrix Stats:
2025-09-10 20:25:49 -     TP: 1, TN: 1
2025-09-10 20:25:49 -     FP: 2, FN: 1
2025-09-10 20:25:49 - Subject: sub_014
2025-09-10 20:25:49 -   Accuracy: 0.000%
2025-09-10 20:25:49 -   Precision: 0.500
2025-09-10 20:25:49 -   Recall: 0.667
2025-09-10 20:25:49 -   F1 Score: 0.571
2025-09-10 20:25:49 -   AUC: 0.500
2025-09-10 20:25:49 -   Correct/Total: 4/7
2025-09-10 20:25:49 -   Confusion Matrix Stats:
2025-09-10 20:25:49 -     TP: 2, TN: 2
2025-09-10 20:25:49 -     FP: 2, FN: 1
2025-09-10 20:25:49 - Subject: sub_015
2025-09-10 20:25:49 -   Accuracy: 0.000%
2025-09-10 20:25:49 -   Precision: 0.667
2025-09-10 20:25:49 -   Recall: 1.000
2025-09-10 20:25:49 -   F1 Score: 0.800
2025-09-10 20:25:49 -   AUC: 0.000
2025-09-10 20:25:49 -   Correct/Total: 2/3
2025-09-10 20:25:49 -   Confusion Matrix Stats:
2025-09-10 20:25:49 -     TP: 2, TN: 0
2025-09-10 20:25:49 -     FP: 1, FN: 0
2025-09-10 20:25:49 - Subject: sub_016
2025-09-10 20:25:49 -   Accuracy: 0.000%
2025-09-10 20:25:49 -   Precision: 0.250
2025-09-10 20:25:49 -   Recall: 0.500
2025-09-10 20:25:49 -   F1 Score: 0.333
2025-09-10 20:25:49 -   AUC: 0.250
2025-09-10 20:25:49 -   Correct/Total: 2/6
2025-09-10 20:25:49 -   Confusion Matrix Stats:
2025-09-10 20:25:49 -     TP: 1, TN: 1
2025-09-10 20:25:49 -     FP: 3, FN: 1
2025-09-10 20:25:49 - Subject: sub_017
2025-09-10 20:25:49 -   Accuracy: 0.000%
2025-09-10 20:25:49 -   Precision: 0.333
2025-09-10 20:25:49 -   Recall: 1.000
2025-09-10 20:25:49 -   F1 Score: 0.500
2025-09-10 20:25:49 -   AUC: 0.750
2025-09-10 20:25:49 -   Correct/Total: 3/5
2025-09-10 20:25:49 -   Confusion Matrix Stats:
2025-09-10 20:25:49 -     TP: 1, TN: 2
2025-09-10 20:25:49 -     FP: 2, FN: 0
2025-09-10 20:25:49 - Subject: sub_018
2025-09-10 20:25:49 -   Accuracy: 0.000%
2025-09-10 20:25:49 -   Precision: 0.500
2025-09-10 20:25:49 -   Recall: 0.500
2025-09-10 20:25:49 -   F1 Score: 0.500
2025-09-10 20:25:49 -   AUC: 0.550
2025-09-10 20:25:49 -   Correct/Total: 5/9
2025-09-10 20:25:49 -   Confusion Matrix Stats:
2025-09-10 20:25:49 -     TP: 2, TN: 3
2025-09-10 20:25:49 -     FP: 2, FN: 2
2025-09-10 20:25:49 - Subject: sub_019
2025-09-10 20:25:49 -   Accuracy: 0.000%
2025-09-10 20:25:49 -   Precision: 0.500
2025-09-10 20:25:49 -   Recall: 1.000
2025-09-10 20:25:49 -   F1 Score: 0.667
2025-09-10 20:25:49 -   AUC: 0.667
2025-09-10 20:25:49 -   Correct/Total: 3/5
2025-09-10 20:25:49 -   Confusion Matrix Stats:
2025-09-10 20:25:49 -     TP: 2, TN: 1
2025-09-10 20:25:49 -     FP: 2, FN: 0
2025-09-10 20:25:49 - Subject: sub_020
2025-09-10 20:25:49 -   Accuracy: 0.000%
2025-09-10 20:25:49 -   Precision: 0.833
2025-09-10 20:25:49 -   Recall: 0.714
2025-09-10 20:25:49 -   F1 Score: 0.769
2025-09-10 20:25:49 -   AUC: 0.667
2025-09-10 20:25:49 -   Correct/Total: 7/10
2025-09-10 20:25:49 -   Confusion Matrix Stats:
2025-09-10 20:25:49 -     TP: 5, TN: 2
2025-09-10 20:25:49 -     FP: 1, FN: 2
2025-09-10 20:25:49 - Subject: sub_021
2025-09-10 20:25:49 -   Accuracy: 0.000%
2025-09-10 20:25:49 -   Precision: 1.000
2025-09-10 20:25:49 -   Recall: 1.000
2025-09-10 20:25:49 -   F1 Score: 1.000
2025-09-10 20:25:49 -   AUC: 1.000
2025-09-10 20:25:49 -   Correct/Total: 4/4
2025-09-10 20:25:49 -   Confusion Matrix Stats:
2025-09-10 20:25:49 -     TP: 1, TN: 3
2025-09-10 20:25:49 -     FP: 0, FN: 0
2025-09-10 20:25:49 - Subject: sub_022
2025-09-10 20:25:49 -   Accuracy: 0.000%
2025-09-10 20:25:49 -   Precision: 0.500
2025-09-10 20:25:49 -   Recall: 0.500
2025-09-10 20:25:49 -   F1 Score: 0.500
2025-09-10 20:25:49 -   AUC: 0.250
2025-09-10 20:25:49 -   Correct/Total: 2/6
2025-09-10 20:25:49 -   Confusion Matrix Stats:
2025-09-10 20:25:49 -     TP: 2, TN: 0
2025-09-10 20:25:49 -     FP: 2, FN: 2
2025-09-10 20:25:49 - Subject: sub_023
2025-09-10 20:25:49 -   Accuracy: 0.000%
2025-09-10 20:25:49 -   Precision: 0.500
2025-09-10 20:25:49 -   Recall: 0.400
2025-09-10 20:25:49 -   F1 Score: 0.444
2025-09-10 20:25:49 -   AUC: 0.333
2025-09-10 20:25:49 -   Correct/Total: 3/8
2025-09-10 20:25:49 -   Confusion Matrix Stats:
2025-09-10 20:25:49 -     TP: 2, TN: 1
2025-09-10 20:25:49 -     FP: 2, FN: 3
2025-09-10 20:25:49 - Subject: sub_024
2025-09-10 20:25:49 -   Accuracy: 0.000%
2025-09-10 20:25:49 -   Precision: 0.400
2025-09-10 20:25:49 -   Recall: 0.667
2025-09-10 20:25:49 -   F1 Score: 0.500
2025-09-10 20:25:49 -   AUC: 0.667
2025-09-10 20:25:49 -   Correct/Total: 3/7
2025-09-10 20:25:49 -   Confusion Matrix Stats:
2025-09-10 20:25:49 -     TP: 2, TN: 1
2025-09-10 20:25:49 -     FP: 3, FN: 1
2025-09-10 20:25:49 - Subject: sub_025
2025-09-10 20:25:49 -   Accuracy: 0.000%
2025-09-10 20:25:49 -   Precision: 0.333
2025-09-10 20:25:49 -   Recall: 0.333
2025-09-10 20:25:49 -   F1 Score: 0.333
2025-09-10 20:25:49 -   AUC: 0.733
2025-09-10 20:25:49 -   Correct/Total: 4/8
2025-09-10 20:25:49 -   Confusion Matrix Stats:
2025-09-10 20:25:49 -     TP: 1, TN: 3
2025-09-10 20:25:49 -     FP: 2, FN: 2
2025-09-10 20:25:49 - Subject: sub_026
2025-09-10 20:25:49 -   Accuracy: 0.000%
2025-09-10 20:25:49 -   Precision: 0.500
2025-09-10 20:25:49 -   Recall: 1.000
2025-09-10 20:25:49 -   F1 Score: 0.667
2025-09-10 20:25:49 -   AUC: 1.000
2025-09-10 20:25:49 -   Correct/Total: 2/3
2025-09-10 20:25:49 -   Confusion Matrix Stats:
2025-09-10 20:25:49 -     TP: 1, TN: 1
2025-09-10 20:25:49 -     FP: 1, FN: 0
2025-09-10 20:25:49 - Subject: sub_027
2025-09-10 20:25:49 -   Accuracy: 0.000%
2025-09-10 20:25:49 -   Precision: 0.667
2025-09-10 20:25:49 -   Recall: 0.400
2025-09-10 20:25:49 -   F1 Score: 0.500
2025-09-10 20:25:49 -   AUC: 0.533
2025-09-10 20:25:49 -   Correct/Total: 4/8
2025-09-10 20:25:49 -   Confusion Matrix Stats:
2025-09-10 20:25:49 -     TP: 2, TN: 2
2025-09-10 20:25:49 -     FP: 1, FN: 3
2025-09-10 20:25:49 - Subject: sub_028
2025-09-10 20:25:49 -   Accuracy: 0.000%
2025-09-10 20:25:49 -   Precision: 0.500
2025-09-10 20:25:49 -   Recall: 0.500
2025-09-10 20:25:49 -   F1 Score: 0.500
2025-09-10 20:25:49 -   AUC: 0.250
2025-09-10 20:25:49 -   Correct/Total: 2/4
2025-09-10 20:25:49 -   Confusion Matrix Stats:
2025-09-10 20:25:49 -     TP: 1, TN: 1
2025-09-10 20:25:49 -     FP: 1, FN: 1
2025-09-10 20:25:49 - Subject: sub_029
2025-09-10 20:25:49 -   Accuracy: 0.000%
2025-09-10 20:25:49 -   Precision: 0.000
2025-09-10 20:25:49 -   Recall: 0.000
2025-09-10 20:25:49 -   F1 Score: 0.000
2025-09-10 20:25:49 -   AUC: 0.250
2025-09-10 20:25:49 -   Correct/Total: 2/5
2025-09-10 20:25:49 -   Confusion Matrix Stats:
2025-09-10 20:25:49 -     TP: 0, TN: 2
2025-09-10 20:25:49 -     FP: 2, FN: 1
2025-09-10 20:25:49 - Subject: sub_030
2025-09-10 20:25:49 -   Accuracy: 0.000%
2025-09-10 20:25:49 -   Precision: 0.000
2025-09-10 20:25:49 -   Recall: 0.000
2025-09-10 20:25:49 -   F1 Score: 0.000
2025-09-10 20:25:49 -   AUC: 0.000
2025-09-10 20:25:49 -   Correct/Total: 1/4
2025-09-10 20:25:49 -   Confusion Matrix Stats:
2025-09-10 20:25:49 -     TP: 0, TN: 1
2025-09-10 20:25:49 -     FP: 2, FN: 1
2025-09-10 20:25:49 - Subject: sub_031
2025-09-10 20:25:49 -   Accuracy: 0.000%
2025-09-10 20:25:49 -   Precision: 0.625
2025-09-10 20:25:49 -   Recall: 0.714
2025-09-10 20:25:49 -   F1 Score: 0.667
2025-09-10 20:25:49 -   AUC: 0.571
2025-09-10 20:25:49 -   Correct/Total: 8/13
2025-09-10 20:25:49 -   Confusion Matrix Stats:
2025-09-10 20:25:49 -     TP: 5, TN: 3
2025-09-10 20:25:49 -     FP: 3, FN: 2
2025-09-10 20:25:49 - Subject: sub_032
2025-09-10 20:25:49 -   Accuracy: 0.000%
2025-09-10 20:25:49 -   Precision: 0.750
2025-09-10 20:25:49 -   Recall: 0.750
2025-09-10 20:25:49 -   F1 Score: 0.750
2025-09-10 20:25:49 -   AUC: 0.750
2025-09-10 20:25:49 -   Correct/Total: 3/5
2025-09-10 20:25:49 -   Confusion Matrix Stats:
2025-09-10 20:25:49 -     TP: 3, TN: 0
2025-09-10 20:25:49 -     FP: 1, FN: 1
2025-09-10 20:25:49 - Subject: sub_033
2025-09-10 20:25:49 -   Accuracy: 0.000%
2025-09-10 20:25:49 -   Precision: 0.500
2025-09-10 20:25:49 -   Recall: 1.000
2025-09-10 20:25:49 -   F1 Score: 0.667
2025-09-10 20:25:49 -   AUC: 0.500
2025-09-10 20:25:49 -   Correct/Total: 2/3
2025-09-10 20:25:49 -   Confusion Matrix Stats:
2025-09-10 20:25:49 -     TP: 1, TN: 1
2025-09-10 20:25:49 -     FP: 1, FN: 0
2025-09-10 20:25:49 - Subject: sub_034
2025-09-10 20:25:49 -   Accuracy: 0.000%
2025-09-10 20:25:49 -   Precision: 1.000
2025-09-10 20:25:49 -   Recall: 1.000
2025-09-10 20:25:49 -   F1 Score: 1.000
2025-09-10 20:25:49 -   AUC: 1.000
2025-09-10 20:25:49 -   Correct/Total: 5/5
2025-09-10 20:25:49 -   Confusion Matrix Stats:
2025-09-10 20:25:49 -     TP: 4, TN: 1
2025-09-10 20:25:49 -     FP: 0, FN: 0
2025-09-10 20:25:49 - Subject: sub_035
2025-09-10 20:25:49 -   Accuracy: 0.000%
2025-09-10 20:25:49 -   Precision: 0.429
2025-09-10 20:25:49 -   Recall: 0.750
2025-09-10 20:25:49 -   F1 Score: 0.545
2025-09-10 20:25:49 -   AUC: 0.500
2025-09-10 20:25:49 -   Correct/Total: 4/9
2025-09-10 20:25:49 -   Confusion Matrix Stats:
2025-09-10 20:25:49 -     TP: 3, TN: 1
2025-09-10 20:25:49 -     FP: 4, FN: 1
2025-09-10 20:25:49 - Subject: sub_036
2025-09-10 20:25:49 -   Accuracy: 0.000%
2025-09-10 20:25:49 -   Precision: 0.000
2025-09-10 20:25:49 -   Recall: 0.000
2025-09-10 20:25:49 -   F1 Score: 0.000
2025-09-10 20:25:49 -   AUC: 0.667
2025-09-10 20:25:49 -   Correct/Total: 2/5
2025-09-10 20:25:49 -   Confusion Matrix Stats:
2025-09-10 20:25:49 -     TP: 0, TN: 2
2025-09-10 20:25:49 -     FP: 0, FN: 3
2025-09-10 20:25:49 - Subject: sub_037
2025-09-10 20:25:49 -   Accuracy: 0.000%
2025-09-10 20:25:49 -   Precision: 0.800
2025-09-10 20:25:49 -   Recall: 0.667
2025-09-10 20:25:49 -   F1 Score: 0.727
2025-09-10 20:25:49 -   AUC: 0.625
2025-09-10 20:25:49 -   Correct/Total: 7/10
2025-09-10 20:25:49 -   Confusion Matrix Stats:
2025-09-10 20:25:49 -     TP: 4, TN: 3
2025-09-10 20:25:49 -     FP: 1, FN: 2
2025-09-10 20:25:49 - Subject: sub_038
2025-09-10 20:25:49 -   Accuracy: 0.000%
2025-09-10 20:25:49 -   Precision: 0.500
2025-09-10 20:25:49 -   Recall: 0.500
2025-09-10 20:25:49 -   F1 Score: 0.500
2025-09-10 20:25:49 -   AUC: 0.500
2025-09-10 20:25:49 -   Correct/Total: 4/10
2025-09-10 20:25:49 -   Confusion Matrix Stats:
2025-09-10 20:25:49 -     TP: 3, TN: 1
2025-09-10 20:25:49 -     FP: 3, FN: 3
2025-09-10 20:25:49 - Subject: sub_039
2025-09-10 20:25:49 -   Accuracy: 0.000%
2025-09-10 20:25:49 -   Precision: 0.333
2025-09-10 20:25:49 -   Recall: 0.500
2025-09-10 20:25:49 -   F1 Score: 0.400
2025-09-10 20:25:49 -   AUC: 0.000
2025-09-10 20:25:49 -   Correct/Total: 1/4
2025-09-10 20:25:49 -   Confusion Matrix Stats:
2025-09-10 20:25:49 -     TP: 1, TN: 0
2025-09-10 20:25:49 -     FP: 2, FN: 1
2025-09-10 20:25:49 - Subject: sub_040
2025-09-10 20:25:49 -   Accuracy: 0.000%
2025-09-10 20:25:49 -   Precision: 0.600
2025-09-10 20:25:49 -   Recall: 0.600
2025-09-10 20:25:49 -   F1 Score: 0.600
2025-09-10 20:25:49 -   AUC: 0.533
2025-09-10 20:25:49 -   Correct/Total: 4/8
2025-09-10 20:25:49 -   Confusion Matrix Stats:
2025-09-10 20:25:49 -     TP: 3, TN: 1
2025-09-10 20:25:49 -     FP: 2, FN: 2
2025-09-10 20:25:49 - 
AVO Pooled Model Statistics:
2025-09-10 20:25:49 - Mean Accuracy: 0.539
2025-09-10 20:25:49 - 95% Confidence Interval: [0.477, 0.601]
2025-09-10 20:25:49 - Best Subject: sub_005 (1.000)
2025-09-10 20:25:49 - Worst Subject: sub_030 (0.250)
2025-09-10 20:25:49 - Mean Precision: 0.526
2025-09-10 20:25:49 - Mean Recall: 0.602
2025-09-10 20:25:49 - Mean F1-Score: 0.561
2025-09-10 20:25:49 - Mean AUC: 0.531
2025-09-10 20:25:49 - Mean Confusion Matrix:
2025-09-10 20:25:49 -   TP: 2, TN: 2
2025-09-10 20:25:49 -   FP: 2, FN: 1
