2025-09-21 17:45:04 - 
Experiment Configuration:
2025-09-21 17:45:04 - --------------------------------------------------
2025-09-21 17:45:04 - dataset: ds005863
2025-09-21 17:45:04 - use_combined_datasets: False
2025-09-21 17:45:04 - electrode_list: all
2025-09-21 17:45:04 - classifier: EEGConformer
2025-09-21 17:45:04 - separate_subject_classification: False
2025-09-21 17:45:04 - use_subject_layer: False
2025-09-21 17:45:04 - seeds: [42]
2025-09-21 17:45:04 - use_nested_cv: True
2025-09-21 17:45:04 - electrode_fusion_method: none
2025-09-21 17:45:04 - domain_adaptation_method: none
2025-09-21 17:45:04 - enable_comprehensive_evaluation: True
2025-09-21 17:45:04 - enable_domain_analysis: True
2025-09-21 17:45:04 - enable_small_sample_analysis: False
2025-09-21 17:45:04 - small_sample_sizes: [5, 10, 15, 20]
2025-09-21 17:45:04 - small_sample_subjects: [5, 10, 15]
2025-09-21 17:45:04 - --------------------------------------------------
2025-09-21 17:45:04 - 
==================================================
2025-09-21 17:45:04 - Processing Active Visual Oddball Dataset
2025-09-21 17:45:04 - ==================================================
2025-09-21 17:45:04 - Using Cross-Validation (simplified approach)
2025-09-21 17:45:04 - Configuration: 5-fold CV, 1 repeats
2025-09-21 17:45:04 - ============================================================
2025-09-21 17:45:04 - CROSS-VALIDATION CONFIGURATION
2025-09-21 17:45:04 - ============================================================
2025-09-21 17:45:04 - Datasets: ['AVO']
2025-09-21 17:45:04 - CV folds: 5
2025-09-21 17:45:04 - Repeats: 1
2025-09-21 17:45:04 - Confidence level: 0.95
2025-09-21 17:45:04 - ============================================================
2025-09-21 17:45:04 - STRATIFIED SAMPLING CONFIGURATION
2025-09-21 17:45:04 - ============================================================
2025-09-21 17:45:04 - Nested CV Mode: Trial counts per subject by dataset
2025-09-21 17:45:04 -   AVO dataset: 20 trials per subject
2025-09-21 17:45:04 - Sampling strategy: Multi-level stratified sampling
2025-09-21 17:45:04 -   - Subject-level: Stratified trial selection per subject
2025-09-21 17:45:04 -   - Dataset-level: Stratified sampling when dataset trial counts differ
2025-09-21 17:45:04 -   - Fold-level: StratifiedKFold for 5-fold CV
2025-09-21 17:45:04 -   - Train/Val split: Stratified train_test_split within each fold
2025-09-21 17:45:04 - ============================================================
2025-09-21 17:45:05 - Subject sub_001: Sampled 20/70 trials
2025-09-21 17:45:05 -   Original distribution: {0: 0.5, 1: 0.5}
2025-09-21 17:45:05 -   Sampled distribution: {0: 0.5, 1: 0.5}
2025-09-21 17:45:05 - Subject sub_002: Sampled 20/70 trials
2025-09-21 17:45:05 -   Original distribution: {0: 0.5, 1: 0.5}
2025-09-21 17:45:05 -   Sampled distribution: {0: 0.5, 1: 0.5}
2025-09-21 17:45:05 - Subject sub_003: Sampled 20/88 trials
2025-09-21 17:45:05 -   Original distribution: {0: 0.5, 1: 0.5}
2025-09-21 17:45:05 -   Sampled distribution: {0: 0.5, 1: 0.5}
2025-09-21 17:45:05 - Subject sub_004: Sampled 20/84 trials
2025-09-21 17:45:05 -   Original distribution: {0: 0.5, 1: 0.5}
2025-09-21 17:45:05 -   Sampled distribution: {0: 0.5, 1: 0.5}
2025-09-21 17:45:06 - Subject sub_005: Sampled 20/70 trials
2025-09-21 17:45:06 -   Original distribution: {0: 0.5, 1: 0.5}
2025-09-21 17:45:06 -   Sampled distribution: {0: 0.5, 1: 0.5}
2025-09-21 17:45:06 - Subject sub_006: Sampled 20/74 trials
2025-09-21 17:45:06 -   Original distribution: {0: 0.5, 1: 0.5}
2025-09-21 17:45:06 -   Sampled distribution: {0: 0.5, 1: 0.5}
2025-09-21 17:45:07 - Subject sub_007: Sampled 20/78 trials
2025-09-21 17:45:07 -   Original distribution: {0: 0.5, 1: 0.5}
2025-09-21 17:45:07 -   Sampled distribution: {0: 0.5, 1: 0.5}
2025-09-21 17:45:07 - Subject sub_008: Sampled 20/72 trials
2025-09-21 17:45:07 -   Original distribution: {0: 0.5, 1: 0.5}
2025-09-21 17:45:07 -   Sampled distribution: {0: 0.5, 1: 0.5}
2025-09-21 17:45:07 - Subject sub_009: Sampled 20/76 trials
2025-09-21 17:45:07 -   Original distribution: {0: 0.5, 1: 0.5}
2025-09-21 17:45:07 -   Sampled distribution: {0: 0.5, 1: 0.5}
2025-09-21 17:45:07 - Subject sub_010: Sampled 20/70 trials
2025-09-21 17:45:07 -   Original distribution: {0: 0.5, 1: 0.5}
2025-09-21 17:45:07 -   Sampled distribution: {0: 0.5, 1: 0.5}
2025-09-21 17:45:07 - Subject sub_011: Sampled 20/60 trials
2025-09-21 17:45:07 -   Original distribution: {0: 0.5, 1: 0.5}
2025-09-21 17:45:07 -   Sampled distribution: {0: 0.5, 1: 0.5}
2025-09-21 17:45:08 - Subject sub_012: Sampled 20/72 trials
2025-09-21 17:45:08 -   Original distribution: {0: 0.5, 1: 0.5}
2025-09-21 17:45:08 -   Sampled distribution: {0: 0.5, 1: 0.5}
2025-09-21 17:45:08 - Subject sub_013: Sampled 20/72 trials
2025-09-21 17:45:08 -   Original distribution: {0: 0.5, 1: 0.5}
2025-09-21 17:45:08 -   Sampled distribution: {0: 0.5, 1: 0.5}
2025-09-21 17:45:08 - Subject sub_014: Sampled 20/72 trials
2025-09-21 17:45:08 -   Original distribution: {0: 0.5, 1: 0.5}
2025-09-21 17:45:08 -   Sampled distribution: {0: 0.5, 1: 0.5}
2025-09-21 17:45:08 - Subject sub_015: Sampled 20/56 trials
2025-09-21 17:45:08 -   Original distribution: {0: 0.5, 1: 0.5}
2025-09-21 17:45:08 -   Sampled distribution: {0: 0.5, 1: 0.5}
2025-09-21 17:45:08 - Subject sub_016: Sampled 20/70 trials
2025-09-21 17:45:08 -   Original distribution: {0: 0.5, 1: 0.5}
2025-09-21 17:45:08 -   Sampled distribution: {0: 0.5, 1: 0.5}
2025-09-21 17:45:09 - Subject sub_017: Sampled 20/74 trials
2025-09-21 17:45:09 -   Original distribution: {0: 0.5, 1: 0.5}
2025-09-21 17:45:09 -   Sampled distribution: {0: 0.5, 1: 0.5}
2025-09-21 17:45:09 - Subject sub_018: Sampled 20/22 trials
2025-09-21 17:45:09 -   Original distribution: {0: 0.5, 1: 0.5}
2025-09-21 17:45:09 -   Sampled distribution: {0: 0.5, 1: 0.5}
2025-09-21 17:45:09 - Subject sub_019: Sampled 20/76 trials
2025-09-21 17:45:09 -   Original distribution: {0: 0.5, 1: 0.5}
2025-09-21 17:45:09 -   Sampled distribution: {0: 0.5, 1: 0.5}
2025-09-21 17:45:09 - Subject sub_020: Sampled 20/76 trials
2025-09-21 17:45:09 -   Original distribution: {0: 0.5, 1: 0.5}
2025-09-21 17:45:09 -   Sampled distribution: {0: 0.5, 1: 0.5}
2025-09-21 17:45:09 - Subject sub_021: Sampled 20/82 trials
2025-09-21 17:45:09 -   Original distribution: {0: 0.5, 1: 0.5}
2025-09-21 17:45:09 -   Sampled distribution: {0: 0.5, 1: 0.5}
2025-09-21 17:45:10 - Subject sub_022: Sampled 20/72 trials
2025-09-21 17:45:10 -   Original distribution: {0: 0.5, 1: 0.5}
2025-09-21 17:45:10 -   Sampled distribution: {0: 0.5, 1: 0.5}
2025-09-21 17:45:10 - Subject sub_023: Sampled 20/78 trials
2025-09-21 17:45:10 -   Original distribution: {0: 0.5, 1: 0.5}
2025-09-21 17:45:10 -   Sampled distribution: {0: 0.5, 1: 0.5}
2025-09-21 17:45:10 - Subject sub_024: Sampled 20/92 trials
2025-09-21 17:45:10 -   Original distribution: {0: 0.5, 1: 0.5}
2025-09-21 17:45:10 -   Sampled distribution: {0: 0.5, 1: 0.5}
2025-09-21 17:45:10 - Subject sub_025: Sampled 20/64 trials
2025-09-21 17:45:10 -   Original distribution: {0: 0.5, 1: 0.5}
2025-09-21 17:45:10 -   Sampled distribution: {0: 0.5, 1: 0.5}
2025-09-21 17:45:10 - Subject sub_026: Sampled 20/80 trials
2025-09-21 17:45:10 -   Original distribution: {0: 0.5, 1: 0.5}
2025-09-21 17:45:10 -   Sampled distribution: {0: 0.5, 1: 0.5}
2025-09-21 17:45:11 - Subject sub_027: Sampled 20/68 trials
2025-09-21 17:45:11 -   Original distribution: {0: 0.5, 1: 0.5}
2025-09-21 17:45:11 -   Sampled distribution: {0: 0.5, 1: 0.5}
2025-09-21 17:45:11 - Subject sub_028: Sampled 20/84 trials
2025-09-21 17:45:11 -   Original distribution: {0: 0.5, 1: 0.5}
2025-09-21 17:45:11 -   Sampled distribution: {0: 0.5, 1: 0.5}
2025-09-21 17:45:11 - Subject sub_029: Sampled 20/84 trials
2025-09-21 17:45:11 -   Original distribution: {0: 0.5, 1: 0.5}
2025-09-21 17:45:11 -   Sampled distribution: {0: 0.5, 1: 0.5}
2025-09-21 17:45:11 - Subject sub_030: Sampled 20/72 trials
2025-09-21 17:45:11 -   Original distribution: {0: 0.5, 1: 0.5}
2025-09-21 17:45:11 -   Sampled distribution: {0: 0.5, 1: 0.5}
2025-09-21 17:45:12 - Subject sub_031: Sampled 20/88 trials
2025-09-21 17:45:12 -   Original distribution: {0: 0.5, 1: 0.5}
2025-09-21 17:45:12 -   Sampled distribution: {0: 0.5, 1: 0.5}
2025-09-21 17:45:12 - Subject sub_032: Sampled 20/96 trials
2025-09-21 17:45:12 -   Original distribution: {0: 0.5, 1: 0.5}
2025-09-21 17:45:12 -   Sampled distribution: {0: 0.5, 1: 0.5}
2025-09-21 17:45:12 - Subject sub_033: Sampled 20/78 trials
2025-09-21 17:45:12 -   Original distribution: {0: 0.5, 1: 0.5}
2025-09-21 17:45:12 -   Sampled distribution: {0: 0.5, 1: 0.5}
2025-09-21 17:45:12 - Subject sub_034: Sampled 20/72 trials
2025-09-21 17:45:12 -   Original distribution: {0: 0.5, 1: 0.5}
2025-09-21 17:45:12 -   Sampled distribution: {0: 0.5, 1: 0.5}
2025-09-21 17:45:12 - Subject sub_035: Sampled 20/88 trials
2025-09-21 17:45:12 -   Original distribution: {0: 0.5, 1: 0.5}
2025-09-21 17:45:12 -   Sampled distribution: {0: 0.5, 1: 0.5}
2025-09-21 17:45:13 - Subject sub_036: Sampled 20/84 trials
2025-09-21 17:45:13 -   Original distribution: {0: 0.5, 1: 0.5}
2025-09-21 17:45:13 -   Sampled distribution: {0: 0.5, 1: 0.5}
2025-09-21 17:45:13 - Subject sub_037: Sampled 20/86 trials
2025-09-21 17:45:13 -   Original distribution: {0: 0.5, 1: 0.5}
2025-09-21 17:45:13 -   Sampled distribution: {0: 0.5, 1: 0.5}
2025-09-21 17:45:13 - Subject sub_038: Sampled 20/100 trials
2025-09-21 17:45:13 -   Original distribution: {0: 0.5, 1: 0.5}
2025-09-21 17:45:13 -   Sampled distribution: {0: 0.5, 1: 0.5}
2025-09-21 17:45:13 - Subject sub_039: Sampled 20/70 trials
2025-09-21 17:45:13 -   Original distribution: {0: 0.5, 1: 0.5}
2025-09-21 17:45:13 -   Sampled distribution: {0: 0.5, 1: 0.5}
2025-09-21 17:45:14 - Subject sub_040: Sampled 20/84 trials
2025-09-21 17:45:14 -   Original distribution: {0: 0.5, 1: 0.5}
2025-09-21 17:45:14 -   Sampled distribution: {0: 0.5, 1: 0.5}
2025-09-21 17:45:14 - Nested CV dataset summary:
2025-09-21 17:45:14 -   Total subjects: 40
2025-09-21 17:45:14 -   Total trials: 800
2025-09-21 17:45:14 -   Average trials per subject: 20.0
2025-09-21 17:45:14 -   AVO dataset: 0 subjects, 800 trials (inf trials/subject)
2025-09-21 17:45:14 -   Class distribution: {0: 400, 1: 400}
2025-09-21 17:45:14 -   Class proportions: [0.5 0.5]
2025-09-21 17:45:14 - Enhanced preprocessing increased channels from 5 to 25
2025-09-21 17:45:14 - Starting Cross-Validation for EEGConformer
2025-09-21 17:45:14 - Configuration: 5-fold CV, 1 repeats
2025-09-21 17:45:14 - Data split ratios: Train=0.7, Val=0.1, Test=0.2
2025-09-21 17:45:14 - Repeat 1/1
2025-09-21 17:45:14 -   Fold 1/5
2025-09-21 17:45:14 -     Fold split: Train=560, Val=80
2025-09-21 17:45:49 -     Test accuracy: 0.5875
2025-09-21 17:45:49 -   Fold 2/5
2025-09-21 17:45:49 -     Fold split: Train=560, Val=80
2025-09-21 17:46:01 -     Test accuracy: 0.5875
2025-09-21 17:46:01 -   Fold 3/5
2025-09-21 17:46:01 -     Fold split: Train=560, Val=80
2025-09-21 17:46:21 -     Test accuracy: 0.6875
2025-09-21 17:46:21 -   Fold 4/5
2025-09-21 17:46:21 -     Fold split: Train=560, Val=80
2025-09-21 17:46:35 -     Test accuracy: 0.6687
2025-09-21 17:46:35 -   Fold 5/5
2025-09-21 17:46:35 -     Fold split: Train=560, Val=80
2025-09-21 17:46:53 -     Test accuracy: 0.6813
2025-09-21 17:46:53 -   Repeat 1 mean accuracy: 0.6425 ± 0.0453
2025-09-21 17:46:53 - Cross-Validation completed for EEGConformer
2025-09-21 17:46:53 - Final accuracy: 0.6425 ± 0.0507
2025-09-21 17:46:53 - 95% CI: [0.5796, 0.7054]
2025-09-21 17:46:53 - 
============================================================
2025-09-21 17:46:53 - CROSS-VALIDATION RESULTS
2025-09-21 17:46:53 - ============================================================
2025-09-21 17:46:53 - Model: EEGConformer
2025-09-21 17:46:53 - Overall accuracy: 0.6425 ± 0.0507
2025-09-21 17:46:53 - 95% Confidence Interval: [0.5796, 0.7054]
2025-09-21 17:46:53 - Statistical significance: 5 evaluations
2025-09-21 17:46:53 - Precision: 0.6600 [0.5990, 0.7210]
2025-09-21 17:46:53 - Recall: 0.5850 [0.4451, 0.7249]
2025-09-21 17:46:53 - F1_Score: 0.6168 [0.5227, 0.7108]
2025-09-21 17:46:53 - Auc: 0.6887 [0.6301, 0.7473]
2025-09-21 17:46:53 - ============================================================
2025-09-21 17:46:53 - Individual subject results skipped - using Nested Cross-Validation results
