2025-09-14 14:33:11 - 
Experiment Configuration:
2025-09-14 14:33:11 - --------------------------------------------------
2025-09-14 14:33:11 - dataset: ds005863
2025-09-14 14:33:11 - use_combined_datasets: False
2025-09-14 14:33:11 - electrode_list: all
2025-09-14 14:33:11 - classifier: EEGConformer
2025-09-14 14:33:11 - separate_subject_classification: False
2025-09-14 14:33:11 - use_subject_layer: False
2025-09-14 14:33:11 - seeds: [42]
2025-09-14 14:33:11 - --------------------------------------------------
2025-09-14 14:33:11 - 
==================================================
2025-09-14 14:33:11 - Processing Active Visual Oddball Dataset
2025-09-14 14:33:11 - ==================================================
2025-09-14 14:33:31 - 
==================================================
2025-09-14 14:33:31 - Individual Subject Results - AVO
2025-09-14 14:33:31 - ==================================================
2025-09-14 14:33:31 - Subject: sub_001
2025-09-14 14:33:31 -   Accuracy: 66.667%
2025-09-14 14:33:31 -   Precision: 0.600
2025-09-14 14:33:31 -   Recall: 0.750
2025-09-14 14:33:31 -   F1 Score: 0.667
2025-09-14 14:33:31 -   AUC: 0.700
2025-09-14 14:33:31 -   Correct/Total: 6/9
2025-09-14 14:33:31 -   Confusion Matrix Stats:
2025-09-14 14:33:31 -     TP: 3, TN: 3
2025-09-14 14:33:31 -     FP: 2, FN: 1
2025-09-14 14:33:31 - 
AVO Pooled Model Statistics:
2025-09-14 14:33:31 - Mean Accuracy: 0.017
2025-09-14 14:33:31 - 95% Confidence Interval: [-0.017, 0.050]
2025-09-14 14:33:31 - Best Subject: sub_001 (0.667)
2025-09-14 14:33:31 - Worst Subject: sub_002 (0.000)
2025-09-14 14:33:31 - Mean Accuracy (from Confusion Matrix): 0.667
2025-09-14 14:33:31 - Mean Precision: 0.600
2025-09-14 14:33:31 - Mean Recall: 0.750
2025-09-14 14:33:31 - Mean F1-Score: 0.667
2025-09-14 14:33:31 - Mean AUC: 0.700
2025-09-14 14:33:31 - Mean Confusion Matrix:
2025-09-14 14:33:31 -   TP: 3, TN: 3
2025-09-14 14:33:31 -   FP: 2, FN: 1
