2025-09-20 12:07:02 - 
Experiment Configuration:
2025-09-20 12:07:02 - --------------------------------------------------
2025-09-20 12:07:02 - dataset: ds005863
2025-09-20 12:07:02 - use_combined_datasets: False
2025-09-20 12:07:02 - electrode_list: all
2025-09-20 12:07:02 - classifier: SepConv1D
2025-09-20 12:07:02 - separate_subject_classification: False
2025-09-20 12:07:02 - use_subject_layer: False
2025-09-20 12:07:02 - seeds: [42]
2025-09-20 12:07:02 - electrode_fusion_method: none
2025-09-20 12:07:02 - domain_adaptation_method: none
2025-09-20 12:07:02 - enable_comprehensive_evaluation: True
2025-09-20 12:07:02 - enable_domain_analysis: True
2025-09-20 12:07:02 - enable_small_sample_analysis: False
2025-09-20 12:07:02 - small_sample_sizes: [5, 10, 15, 20]
2025-09-20 12:07:02 - small_sample_subjects: [5, 10, 15]
2025-09-20 12:07:02 - --------------------------------------------------
2025-09-20 12:07:02 - 
==================================================
2025-09-20 12:07:02 - Processing Active Visual Oddball Dataset
2025-09-20 12:07:02 - ==================================================
2025-09-20 12:07:57 - 
==================================================
2025-09-20 12:07:57 - Individual Subject Results - AVO
2025-09-20 12:07:57 - ==================================================
2025-09-20 12:07:57 - Subject: sub_001
2025-09-20 12:07:57 -   Accuracy: 25.000%
2025-09-20 12:07:57 -   Precision: 0.500
2025-09-20 12:07:57 -   Recall: 0.333
2025-09-20 12:07:57 -   F1 Score: 0.400
2025-09-20 12:07:57 -   AUC: 0.333
2025-09-20 12:07:57 -   Correct/Total: 1/4
2025-09-20 12:07:57 -   Confusion Matrix Stats:
2025-09-20 12:07:57 -     TP: 1, TN: 0
2025-09-20 12:07:57 -     FP: 1, FN: 2
2025-09-20 12:07:57 - Subject: sub_002
2025-09-20 12:07:57 -   Accuracy: 33.333%
2025-09-20 12:07:57 -   Precision: 0.000
2025-09-20 12:07:57 -   Recall: 0.000
2025-09-20 12:07:57 -   F1 Score: 0.000
2025-09-20 12:07:57 -   AUC: 0.500
2025-09-20 12:07:57 -   Correct/Total: 1/3
2025-09-20 12:07:57 -   Confusion Matrix Stats:
2025-09-20 12:07:57 -     TP: 0, TN: 1
2025-09-20 12:07:57 -     FP: 1, FN: 1
2025-09-20 12:07:57 - Subject: sub_003
2025-09-20 12:07:57 -   Accuracy: 83.333%
2025-09-20 12:07:57 -   Precision: 0.500
2025-09-20 12:07:57 -   Recall: 1.000
2025-09-20 12:07:57 -   F1 Score: 0.667
2025-09-20 12:07:57 -   AUC: 1.000
2025-09-20 12:07:57 -   Correct/Total: 5/6
2025-09-20 12:07:57 -   Confusion Matrix Stats:
2025-09-20 12:07:57 -     TP: 1, TN: 4
2025-09-20 12:07:57 -     FP: 1, FN: 0
2025-09-20 12:07:57 - Subject: sub_004
2025-09-20 12:07:57 -   Accuracy: 0.000%
2025-09-20 12:07:57 -   Precision: 0.000
2025-09-20 12:07:57 -   Recall: 0.000
2025-09-20 12:07:57 -   F1 Score: 0.000
2025-09-20 12:07:57 -   AUC: 0.500
2025-09-20 12:07:57 -   Correct/Total: 0/1
2025-09-20 12:07:57 -   Confusion Matrix Stats:
2025-09-20 12:07:57 -     TP: 0, TN: 0
2025-09-20 12:07:57 -     FP: 0, FN: 1
2025-09-20 12:07:57 - Subject: sub_005
2025-09-20 12:07:57 -   Accuracy: 80.000%
2025-09-20 12:07:57 -   Precision: 0.750
2025-09-20 12:07:57 -   Recall: 1.000
2025-09-20 12:07:57 -   F1 Score: 0.857
2025-09-20 12:07:57 -   AUC: 0.500
2025-09-20 12:07:57 -   Correct/Total: 4/5
2025-09-20 12:07:57 -   Confusion Matrix Stats:
2025-09-20 12:07:57 -     TP: 3, TN: 1
2025-09-20 12:07:57 -     FP: 1, FN: 0
2025-09-20 12:07:57 - Subject: sub_006
2025-09-20 12:07:57 -   Accuracy: 83.333%
2025-09-20 12:07:57 -   Precision: 0.833
2025-09-20 12:07:57 -   Recall: 1.000
2025-09-20 12:07:57 -   F1 Score: 0.909
2025-09-20 12:07:57 -   AUC: 0.800
2025-09-20 12:07:57 -   Correct/Total: 5/6
2025-09-20 12:07:57 -   Confusion Matrix Stats:
2025-09-20 12:07:57 -     TP: 5, TN: 0
2025-09-20 12:07:57 -     FP: 1, FN: 0
2025-09-20 12:07:57 - Subject: sub_007
2025-09-20 12:07:57 -   Accuracy: 80.000%
2025-09-20 12:07:57 -   Precision: 0.800
2025-09-20 12:07:57 -   Recall: 1.000
2025-09-20 12:07:57 -   F1 Score: 0.889
2025-09-20 12:07:57 -   AUC: 0.500
2025-09-20 12:07:57 -   Correct/Total: 4/5
2025-09-20 12:07:57 -   Confusion Matrix Stats:
2025-09-20 12:07:57 -     TP: 4, TN: 0
2025-09-20 12:07:57 -     FP: 1, FN: 0
2025-09-20 12:07:57 - Subject: sub_008
2025-09-20 12:07:57 -   Accuracy: 75.000%
2025-09-20 12:07:57 -   Precision: 1.000
2025-09-20 12:07:57 -   Recall: 0.667
2025-09-20 12:07:57 -   F1 Score: 0.800
2025-09-20 12:07:57 -   AUC: 1.000
2025-09-20 12:07:57 -   Correct/Total: 3/4
2025-09-20 12:07:57 -   Confusion Matrix Stats:
2025-09-20 12:07:57 -     TP: 2, TN: 1
2025-09-20 12:07:57 -     FP: 0, FN: 1
2025-09-20 12:07:57 - Subject: sub_009
2025-09-20 12:07:57 -   Accuracy: 75.000%
2025-09-20 12:07:57 -   Precision: 0.500
2025-09-20 12:07:57 -   Recall: 1.000
2025-09-20 12:07:57 -   F1 Score: 0.667
2025-09-20 12:07:57 -   AUC: 1.000
2025-09-20 12:07:57 -   Correct/Total: 3/4
2025-09-20 12:07:57 -   Confusion Matrix Stats:
2025-09-20 12:07:57 -     TP: 1, TN: 2
2025-09-20 12:07:57 -     FP: 1, FN: 0
2025-09-20 12:07:57 - Subject: sub_010
2025-09-20 12:07:57 -   Accuracy: 60.000%
2025-09-20 12:07:57 -   Precision: 0.750
2025-09-20 12:07:57 -   Recall: 0.750
2025-09-20 12:07:57 -   F1 Score: 0.750
2025-09-20 12:07:57 -   AUC: 0.500
2025-09-20 12:07:57 -   Correct/Total: 3/5
2025-09-20 12:07:57 -   Confusion Matrix Stats:
2025-09-20 12:07:57 -     TP: 3, TN: 0
2025-09-20 12:07:57 -     FP: 1, FN: 1
2025-09-20 12:07:57 - Subject: sub_011
2025-09-20 12:07:57 -   Accuracy: 62.500%
2025-09-20 12:07:57 -   Precision: 0.625
2025-09-20 12:07:57 -   Recall: 1.000
2025-09-20 12:07:57 -   F1 Score: 0.769
2025-09-20 12:07:57 -   AUC: 0.667
2025-09-20 12:07:57 -   Correct/Total: 5/8
2025-09-20 12:07:57 -   Confusion Matrix Stats:
2025-09-20 12:07:57 -     TP: 5, TN: 0
2025-09-20 12:07:57 -     FP: 3, FN: 0
2025-09-20 12:07:57 - Subject: sub_012
2025-09-20 12:07:57 -   Accuracy: 57.143%
2025-09-20 12:07:57 -   Precision: 0.400
2025-09-20 12:07:57 -   Recall: 1.000
2025-09-20 12:07:57 -   F1 Score: 0.571
2025-09-20 12:07:57 -   AUC: 1.000
2025-09-20 12:07:57 -   Correct/Total: 4/7
2025-09-20 12:07:57 -   Confusion Matrix Stats:
2025-09-20 12:07:57 -     TP: 2, TN: 2
2025-09-20 12:07:57 -     FP: 3, FN: 0
2025-09-20 12:07:57 - Subject: sub_013
2025-09-20 12:07:57 -   Accuracy: 0.000%
2025-09-20 12:07:57 -   Precision: 0.000
2025-09-20 12:07:57 -   Recall: 0.000
2025-09-20 12:07:57 -   F1 Score: 0.000
2025-09-20 12:07:57 -   AUC: 0.500
2025-09-20 12:07:57 -   Correct/Total: 0/1
2025-09-20 12:07:57 -   Confusion Matrix Stats:
2025-09-20 12:07:57 -     TP: 0, TN: 0
2025-09-20 12:07:57 -     FP: 1, FN: 0
2025-09-20 12:07:57 - Subject: sub_014
2025-09-20 12:07:57 -   Accuracy: 71.429%
2025-09-20 12:07:57 -   Precision: 0.600
2025-09-20 12:07:57 -   Recall: 1.000
2025-09-20 12:07:57 -   F1 Score: 0.750
2025-09-20 12:07:57 -   AUC: 1.000
2025-09-20 12:07:57 -   Correct/Total: 5/7
2025-09-20 12:07:57 -   Confusion Matrix Stats:
2025-09-20 12:07:57 -     TP: 3, TN: 2
2025-09-20 12:07:57 -     FP: 2, FN: 0
2025-09-20 12:07:57 - Subject: sub_015
2025-09-20 12:07:57 -   Accuracy: 66.667%
2025-09-20 12:07:57 -   Precision: 0.667
2025-09-20 12:07:57 -   Recall: 0.667
2025-09-20 12:07:57 -   F1 Score: 0.667
2025-09-20 12:07:57 -   AUC: 0.667
2025-09-20 12:07:57 -   Correct/Total: 4/6
2025-09-20 12:07:57 -   Confusion Matrix Stats:
2025-09-20 12:07:57 -     TP: 2, TN: 2
2025-09-20 12:07:57 -     FP: 1, FN: 1
2025-09-20 12:07:57 - Subject: sub_016
2025-09-20 12:07:57 -   Accuracy: 66.667%
2025-09-20 12:07:57 -   Precision: 0.333
2025-09-20 12:07:57 -   Recall: 1.000
2025-09-20 12:07:57 -   F1 Score: 0.500
2025-09-20 12:07:57 -   AUC: 1.000
2025-09-20 12:07:57 -   Correct/Total: 4/6
2025-09-20 12:07:57 -   Confusion Matrix Stats:
2025-09-20 12:07:57 -     TP: 1, TN: 3
2025-09-20 12:07:57 -     FP: 2, FN: 0
2025-09-20 12:07:57 - Subject: sub_017
2025-09-20 12:07:57 -   Accuracy: 100.000%
2025-09-20 12:07:57 -   Precision: 1.000
2025-09-20 12:07:57 -   Recall: 1.000
2025-09-20 12:07:57 -   F1 Score: 1.000
2025-09-20 12:07:57 -   AUC: 1.000
2025-09-20 12:07:57 -   Correct/Total: 5/5
2025-09-20 12:07:57 -   Confusion Matrix Stats:
2025-09-20 12:07:57 -     TP: 4, TN: 1
2025-09-20 12:07:57 -     FP: 0, FN: 0
2025-09-20 12:07:57 - Subject: sub_018
2025-09-20 12:07:57 -   Accuracy: 100.000%
2025-09-20 12:07:57 -   Precision: 1.000
2025-09-20 12:07:57 -   Recall: 1.000
2025-09-20 12:07:57 -   F1 Score: 1.000
2025-09-20 12:07:57 -   AUC: 0.500
2025-09-20 12:07:57 -   Correct/Total: 1/1
2025-09-20 12:07:57 -   Confusion Matrix Stats:
2025-09-20 12:07:57 -     TP: 1, TN: 0
2025-09-20 12:07:57 -     FP: 0, FN: 0
2025-09-20 12:07:57 - Subject: sub_019
2025-09-20 12:07:57 -   Accuracy: 75.000%
2025-09-20 12:07:57 -   Precision: 1.000
2025-09-20 12:07:57 -   Recall: 0.500
2025-09-20 12:07:57 -   F1 Score: 0.667
2025-09-20 12:07:57 -   AUC: 0.875
2025-09-20 12:07:57 -   Correct/Total: 6/8
2025-09-20 12:07:57 -   Confusion Matrix Stats:
2025-09-20 12:07:57 -     TP: 2, TN: 4
2025-09-20 12:07:57 -     FP: 0, FN: 2
2025-09-20 12:07:57 - Subject: sub_020
2025-09-20 12:07:57 -   Accuracy: 40.000%
2025-09-20 12:07:57 -   Precision: 0.333
2025-09-20 12:07:57 -   Recall: 0.500
2025-09-20 12:07:57 -   F1 Score: 0.400
2025-09-20 12:07:57 -   AUC: 0.667
2025-09-20 12:07:57 -   Correct/Total: 2/5
2025-09-20 12:07:57 -   Confusion Matrix Stats:
2025-09-20 12:07:57 -     TP: 1, TN: 1
2025-09-20 12:07:57 -     FP: 2, FN: 1
2025-09-20 12:07:57 - Subject: sub_021
2025-09-20 12:07:57 -   Accuracy: 83.333%
2025-09-20 12:07:57 -   Precision: 0.750
2025-09-20 12:07:57 -   Recall: 1.000
2025-09-20 12:07:57 -   F1 Score: 0.857
2025-09-20 12:07:57 -   AUC: 1.000
2025-09-20 12:07:57 -   Correct/Total: 5/6
2025-09-20 12:07:57 -   Confusion Matrix Stats:
2025-09-20 12:07:57 -     TP: 3, TN: 2
2025-09-20 12:07:57 -     FP: 1, FN: 0
2025-09-20 12:07:57 - Subject: sub_022
2025-09-20 12:07:57 -   Accuracy: 90.000%
2025-09-20 12:07:57 -   Precision: 0.857
2025-09-20 12:07:57 -   Recall: 1.000
2025-09-20 12:07:57 -   F1 Score: 0.923
2025-09-20 12:07:57 -   AUC: 0.875
2025-09-20 12:07:57 -   Correct/Total: 9/10
2025-09-20 12:07:57 -   Confusion Matrix Stats:
2025-09-20 12:07:57 -     TP: 6, TN: 3
2025-09-20 12:07:57 -     FP: 1, FN: 0
2025-09-20 12:07:57 - Subject: sub_023
2025-09-20 12:07:57 -   Accuracy: 66.667%
2025-09-20 12:07:57 -   Precision: 0.750
2025-09-20 12:07:57 -   Recall: 0.750
2025-09-20 12:07:57 -   F1 Score: 0.750
2025-09-20 12:07:57 -   AUC: 0.875
2025-09-20 12:07:57 -   Correct/Total: 4/6
2025-09-20 12:07:57 -   Confusion Matrix Stats:
2025-09-20 12:07:57 -     TP: 3, TN: 1
2025-09-20 12:07:57 -     FP: 1, FN: 1
2025-09-20 12:07:57 - Subject: sub_024
2025-09-20 12:07:57 -   Accuracy: 90.909%
2025-09-20 12:07:57 -   Precision: 0.857
2025-09-20 12:07:57 -   Recall: 1.000
2025-09-20 12:07:57 -   F1 Score: 0.923
2025-09-20 12:07:57 -   AUC: 1.000
2025-09-20 12:07:57 -   Correct/Total: 10/11
2025-09-20 12:07:57 -   Confusion Matrix Stats:
2025-09-20 12:07:57 -     TP: 6, TN: 4
2025-09-20 12:07:57 -     FP: 1, FN: 0
2025-09-20 12:07:57 - Subject: sub_025
2025-09-20 12:07:57 -   Accuracy: 60.000%
2025-09-20 12:07:57 -   Precision: 0.667
2025-09-20 12:07:57 -   Recall: 0.667
2025-09-20 12:07:57 -   F1 Score: 0.667
2025-09-20 12:07:57 -   AUC: 0.500
2025-09-20 12:07:57 -   Correct/Total: 3/5
2025-09-20 12:07:57 -   Confusion Matrix Stats:
2025-09-20 12:07:57 -     TP: 2, TN: 1
2025-09-20 12:07:57 -     FP: 1, FN: 1
2025-09-20 12:07:57 - Subject: sub_026
2025-09-20 12:07:57 -   Accuracy: 40.000%
2025-09-20 12:07:57 -   Precision: 0.500
2025-09-20 12:07:57 -   Recall: 0.667
2025-09-20 12:07:57 -   F1 Score: 0.571
2025-09-20 12:07:57 -   AUC: 0.167
2025-09-20 12:07:57 -   Correct/Total: 2/5
2025-09-20 12:07:57 -   Confusion Matrix Stats:
2025-09-20 12:07:57 -     TP: 2, TN: 0
2025-09-20 12:07:57 -     FP: 2, FN: 1
2025-09-20 12:07:57 - Subject: sub_027
2025-09-20 12:07:57 -   Accuracy: 25.000%
2025-09-20 12:07:57 -   Precision: 0.000
2025-09-20 12:07:57 -   Recall: 0.000
2025-09-20 12:07:57 -   F1 Score: 0.000
2025-09-20 12:07:57 -   AUC: 0.000
2025-09-20 12:07:57 -   Correct/Total: 1/4
2025-09-20 12:07:57 -   Confusion Matrix Stats:
2025-09-20 12:07:57 -     TP: 0, TN: 1
2025-09-20 12:07:57 -     FP: 0, FN: 3
2025-09-20 12:07:57 - Subject: sub_028
2025-09-20 12:07:57 -   Accuracy: 100.000%
2025-09-20 12:07:57 -   Precision: 1.000
2025-09-20 12:07:57 -   Recall: 1.000
2025-09-20 12:07:57 -   F1 Score: 1.000
2025-09-20 12:07:57 -   AUC: 1.000
2025-09-20 12:07:57 -   Correct/Total: 3/3
2025-09-20 12:07:57 -   Confusion Matrix Stats:
2025-09-20 12:07:57 -     TP: 1, TN: 2
2025-09-20 12:07:57 -     FP: 0, FN: 0
2025-09-20 12:07:57 - Subject: sub_029
2025-09-20 12:07:57 -   Accuracy: 87.500%
2025-09-20 12:07:57 -   Precision: 1.000
2025-09-20 12:07:57 -   Recall: 0.833
2025-09-20 12:07:57 -   F1 Score: 0.909
2025-09-20 12:07:57 -   AUC: 1.000
2025-09-20 12:07:57 -   Correct/Total: 7/8
2025-09-20 12:07:57 -   Confusion Matrix Stats:
2025-09-20 12:07:57 -     TP: 5, TN: 2
2025-09-20 12:07:57 -     FP: 0, FN: 1
2025-09-20 12:07:57 - Subject: sub_030
2025-09-20 12:07:57 -   Accuracy: 60.000%
2025-09-20 12:07:57 -   Precision: 0.500
2025-09-20 12:07:57 -   Recall: 1.000
2025-09-20 12:07:57 -   F1 Score: 0.667
2025-09-20 12:07:57 -   AUC: 0.667
2025-09-20 12:07:57 -   Correct/Total: 3/5
2025-09-20 12:07:57 -   Confusion Matrix Stats:
2025-09-20 12:07:57 -     TP: 2, TN: 1
2025-09-20 12:07:57 -     FP: 2, FN: 0
2025-09-20 12:07:57 - Subject: sub_031
2025-09-20 12:07:57 -   Accuracy: 83.333%
2025-09-20 12:07:57 -   Precision: 0.667
2025-09-20 12:07:57 -   Recall: 1.000
2025-09-20 12:07:57 -   F1 Score: 0.800
2025-09-20 12:07:57 -   AUC: 1.000
2025-09-20 12:07:57 -   Correct/Total: 5/6
2025-09-20 12:07:57 -   Confusion Matrix Stats:
2025-09-20 12:07:57 -     TP: 2, TN: 3
2025-09-20 12:07:57 -     FP: 1, FN: 0
2025-09-20 12:07:57 - Subject: sub_032
2025-09-20 12:07:57 -   Accuracy: 100.000%
2025-09-20 12:07:57 -   Precision: 1.000
2025-09-20 12:07:57 -   Recall: 1.000
2025-09-20 12:07:57 -   F1 Score: 1.000
2025-09-20 12:07:57 -   AUC: 1.000
2025-09-20 12:07:57 -   Correct/Total: 8/8
2025-09-20 12:07:57 -   Confusion Matrix Stats:
2025-09-20 12:07:57 -     TP: 4, TN: 4
2025-09-20 12:07:57 -     FP: 0, FN: 0
2025-09-20 12:07:57 - Subject: sub_033
2025-09-20 12:07:57 -   Accuracy: 100.000%
2025-09-20 12:07:57 -   Precision: 1.000
2025-09-20 12:07:57 -   Recall: 1.000
2025-09-20 12:07:57 -   F1 Score: 1.000
2025-09-20 12:07:57 -   AUC: 1.000
2025-09-20 12:07:57 -   Correct/Total: 5/5
2025-09-20 12:07:57 -   Confusion Matrix Stats:
2025-09-20 12:07:57 -     TP: 2, TN: 3
2025-09-20 12:07:57 -     FP: 0, FN: 0
2025-09-20 12:07:57 - Subject: sub_034
2025-09-20 12:07:57 -   Accuracy: 100.000%
2025-09-20 12:07:57 -   Precision: 1.000
2025-09-20 12:07:57 -   Recall: 1.000
2025-09-20 12:07:57 -   F1 Score: 1.000
2025-09-20 12:07:57 -   AUC: 1.000
2025-09-20 12:07:57 -   Correct/Total: 3/3
2025-09-20 12:07:57 -   Confusion Matrix Stats:
2025-09-20 12:07:57 -     TP: 2, TN: 1
2025-09-20 12:07:57 -     FP: 0, FN: 0
2025-09-20 12:07:57 - Subject: sub_035
2025-09-20 12:07:57 -   Accuracy: 80.000%
2025-09-20 12:07:57 -   Precision: 0.500
2025-09-20 12:07:57 -   Recall: 1.000
2025-09-20 12:07:57 -   F1 Score: 0.667
2025-09-20 12:07:57 -   AUC: 0.750
2025-09-20 12:07:57 -   Correct/Total: 4/5
2025-09-20 12:07:57 -   Confusion Matrix Stats:
2025-09-20 12:07:57 -     TP: 1, TN: 3
2025-09-20 12:07:57 -     FP: 1, FN: 0
2025-09-20 12:07:57 - Subject: sub_036
2025-09-20 12:07:57 -   Accuracy: 50.000%
2025-09-20 12:07:57 -   Precision: 0.600
2025-09-20 12:07:57 -   Recall: 0.600
2025-09-20 12:07:57 -   F1 Score: 0.600
2025-09-20 12:07:57 -   AUC: 0.733
2025-09-20 12:07:57 -   Correct/Total: 4/8
2025-09-20 12:07:57 -   Confusion Matrix Stats:
2025-09-20 12:07:57 -     TP: 3, TN: 1
2025-09-20 12:07:57 -     FP: 2, FN: 2
2025-09-20 12:07:57 - Subject: sub_037
2025-09-20 12:07:57 -   Accuracy: 87.500%
2025-09-20 12:07:57 -   Precision: 0.750
2025-09-20 12:07:57 -   Recall: 1.000
2025-09-20 12:07:57 -   F1 Score: 0.857
2025-09-20 12:07:57 -   AUC: 1.000
2025-09-20 12:07:57 -   Correct/Total: 7/8
2025-09-20 12:07:57 -   Confusion Matrix Stats:
2025-09-20 12:07:57 -     TP: 3, TN: 4
2025-09-20 12:07:57 -     FP: 1, FN: 0
2025-09-20 12:07:57 - Subject: sub_038
2025-09-20 12:07:57 -   Accuracy: 62.500%
2025-09-20 12:07:57 -   Precision: 0.750
2025-09-20 12:07:57 -   Recall: 0.600
2025-09-20 12:07:57 -   F1 Score: 0.667
2025-09-20 12:07:57 -   AUC: 0.667
2025-09-20 12:07:57 -   Correct/Total: 5/8
2025-09-20 12:07:57 -   Confusion Matrix Stats:
2025-09-20 12:07:57 -     TP: 3, TN: 2
2025-09-20 12:07:57 -     FP: 1, FN: 2
2025-09-20 12:07:57 - Subject: sub_039
2025-09-20 12:07:57 -   Accuracy: 100.000%
2025-09-20 12:07:57 -   Precision: 1.000
2025-09-20 12:07:57 -   Recall: 1.000
2025-09-20 12:07:57 -   F1 Score: 1.000
2025-09-20 12:07:57 -   AUC: 1.000
2025-09-20 12:07:57 -   Correct/Total: 8/8
2025-09-20 12:07:57 -   Confusion Matrix Stats:
2025-09-20 12:07:57 -     TP: 3, TN: 5
2025-09-20 12:07:57 -     FP: 0, FN: 0
2025-09-20 12:07:57 - Subject: sub_040
2025-09-20 12:07:57 -   Accuracy: 80.000%
2025-09-20 12:07:57 -   Precision: 1.000
2025-09-20 12:07:57 -   Recall: 0.750
2025-09-20 12:07:57 -   F1 Score: 0.857
2025-09-20 12:07:57 -   AUC: 0.750
2025-09-20 12:07:57 -   Correct/Total: 4/5
2025-09-20 12:07:57 -   Confusion Matrix Stats:
2025-09-20 12:07:57 -     TP: 3, TN: 1
2025-09-20 12:07:57 -     FP: 0, FN: 1
2025-09-20 12:07:57 - 
AVO Pooled Model Statistics:
2025-09-20 12:07:57 - 95% Confidence Interval: [0.611, 0.779]
2025-09-20 12:07:57 - Best Subject: sub_017 (1.000)
2025-09-20 12:07:57 - Worst Subject: sub_004 (0.000)
2025-09-20 12:07:57 - Mean Accuracy: 0.737
2025-09-20 12:07:57 - Mean Precision: 0.724
2025-09-20 12:07:57 - Mean Recall: 0.815
2025-09-20 12:07:57 - Mean F1-Score: 0.767
2025-09-20 12:07:57 - Mean AUC: 0.762
2025-09-20 12:07:57 - Mean Confusion Matrix:
2025-09-20 12:07:57 -   TP: 2, TN: 2
2025-09-20 12:07:57 -   FP: 1, FN: 1
