2025-09-14 14:42:44 - 
Experiment Configuration:
2025-09-14 14:42:44 - --------------------------------------------------
2025-09-14 14:42:44 - dataset: ds005863
2025-09-14 14:42:44 - use_combined_datasets: False
2025-09-14 14:42:44 - electrode_list: all
2025-09-14 14:42:44 - classifier: EEGConformer
2025-09-14 14:42:44 - separate_subject_classification: False
2025-09-14 14:42:44 - use_subject_layer: False
2025-09-14 14:42:44 - seeds: [42]
2025-09-14 14:42:44 - --------------------------------------------------
2025-09-14 14:42:44 - 
==================================================
2025-09-14 14:42:44 - Processing Active Visual Oddball Dataset
2025-09-14 14:42:44 - ==================================================
2025-09-14 14:42:56 - 
==================================================
2025-09-14 14:42:56 - Individual Subject Results - AVO
2025-09-14 14:42:56 - ==================================================
2025-09-14 14:42:56 - Subject: sub_001
2025-09-14 14:42:56 -   Accuracy: 66.667%
2025-09-14 14:42:56 -   Precision: 0.600
2025-09-14 14:42:56 -   Recall: 0.750
2025-09-14 14:42:56 -   F1 Score: 0.667
2025-09-14 14:42:56 -   AUC: 0.700
2025-09-14 14:42:56 -   Correct/Total: 6/9
2025-09-14 14:42:56 -   Confusion Matrix Stats:
2025-09-14 14:42:56 -     TP: 3, TN: 3
2025-09-14 14:42:56 -     FP: 2, FN: 1
2025-09-14 14:42:56 - 
AVO Pooled Model Statistics:
2025-09-14 14:42:56 - 95% Confidence Interval: [-0.017, 0.050]
2025-09-14 14:42:56 - Best Subject: sub_001 (0.667)
2025-09-14 14:42:56 - Worst Subject: sub_002 (0.000)
2025-09-14 14:42:56 - Mean Accuracy: 0.667
2025-09-14 14:42:56 - Mean Precision: 0.600
2025-09-14 14:42:56 - Mean Recall: 0.750
2025-09-14 14:42:56 - Mean F1-Score: 0.667
2025-09-14 14:42:56 - Mean AUC: 0.700
2025-09-14 14:42:56 - Mean Confusion Matrix:
2025-09-14 14:42:56 -   TP: 3, TN: 3
2025-09-14 14:42:56 -   FP: 2, FN: 1
