2025-09-11 10:39:44 - 
Experiment Configuration:
2025-09-11 10:39:44 - --------------------------------------------------
2025-09-11 10:39:44 - dataset: ds005863
2025-09-11 10:39:44 - use_combined_datasets: False
2025-09-11 10:39:44 - electrode_list: all
2025-09-11 10:39:44 - classifier: ShallowFBCSPNet
2025-09-11 10:39:44 - separate_subject_classification: False
2025-09-11 10:39:44 - use_subject_layer: False
2025-09-11 10:39:44 - seeds: [42, 123, 456, 789, 321]
2025-09-11 10:39:44 - --------------------------------------------------
2025-09-11 10:39:44 - 
==================================================
2025-09-11 10:39:44 - Processing Active Visual Oddball Dataset
2025-09-11 10:39:44 - ==================================================
2025-09-11 10:39:59 - 
==================================================
2025-09-11 10:39:59 - Individual Subject Results - AVO
2025-09-11 10:39:59 - ==================================================
2025-09-11 10:39:59 - Subject: sub_001
2025-09-11 10:39:59 -   Accuracy: 0.000%
2025-09-11 10:39:59 -   Precision: 0.267
2025-09-11 10:39:59 -   Recall: 0.150
2025-09-11 10:39:59 -   F1 Score: 0.190
2025-09-11 10:39:59 -   AUC: 0.425
2025-09-11 10:39:59 -   Correct/Total: 3/8
2025-09-11 10:39:59 -   Confusion Matrix Stats:
2025-09-11 10:39:59 -     TP: 1, TN: 3
2025-09-11 10:39:59 -     FP: 1, FN: 3
2025-09-11 10:39:59 - Subject: sub_002
2025-09-11 10:39:59 -   Accuracy: 0.000%
2025-09-11 10:39:59 -   Precision: 0.633
2025-09-11 10:39:59 -   Recall: 0.360
2025-09-11 10:39:59 -   F1 Score: 0.457
2025-09-11 10:39:59 -   AUC: 0.000
2025-09-11 10:39:59 -   Correct/Total: 2/6
2025-09-11 10:39:59 -   Confusion Matrix Stats:
2025-09-11 10:39:59 -     TP: 2, TN: 0
2025-09-11 10:39:59 -     FP: 1, FN: 3
2025-09-11 10:39:59 - Subject: sub_003
2025-09-11 10:39:59 -   Accuracy: 0.000%
2025-09-11 10:39:59 -   Precision: 0.900
2025-09-11 10:39:59 -   Recall: 0.867
2025-09-11 10:39:59 -   F1 Score: 0.863
2025-09-11 10:39:59 -   AUC: 0.867
2025-09-11 10:39:59 -   Correct/Total: 3/4
2025-09-11 10:39:59 -   Confusion Matrix Stats:
2025-09-11 10:39:59 -     TP: 3, TN: 1
2025-09-11 10:39:59 -     FP: 0, FN: 0
2025-09-11 10:39:59 - Subject: sub_004
2025-09-11 10:39:59 -   Accuracy: 0.000%
2025-09-11 10:39:59 -   Precision: 0.000
2025-09-11 10:39:59 -   Recall: 0.000
2025-09-11 10:39:59 -   F1 Score: 0.000
2025-09-11 10:39:59 -   AUC: 0.500
2025-09-11 10:39:59 -   Correct/Total: 1/3
2025-09-11 10:39:59 -   Confusion Matrix Stats:
2025-09-11 10:39:59 -     TP: 0, TN: 1
2025-09-11 10:39:59 -     FP: 2, FN: 0
2025-09-11 10:39:59 - Subject: sub_005
2025-09-11 10:39:59 -   Accuracy: 0.000%
2025-09-11 10:39:59 -   Precision: 0.433
2025-09-11 10:39:59 -   Recall: 0.500
2025-09-11 10:39:59 -   F1 Score: 0.460
2025-09-11 10:39:59 -   AUC: 0.780
2025-09-11 10:39:59 -   Correct/Total: 5/7
2025-09-11 10:39:59 -   Confusion Matrix Stats:
2025-09-11 10:39:59 -     TP: 1, TN: 4
2025-09-11 10:39:59 -     FP: 1, FN: 1
2025-09-11 10:39:59 - Subject: sub_006
2025-09-11 10:39:59 -   Accuracy: 0.000%
2025-09-11 10:39:59 -   Precision: 0.733
2025-09-11 10:39:59 -   Recall: 0.800
2025-09-11 10:39:59 -   F1 Score: 0.727
2025-09-11 10:39:59 -   AUC: 0.833
2025-09-11 10:39:59 -   Correct/Total: 4/5
2025-09-11 10:39:59 -   Confusion Matrix Stats:
2025-09-11 10:39:59 -     TP: 2, TN: 2
2025-09-11 10:39:59 -     FP: 1, FN: 0
2025-09-11 10:39:59 - Subject: sub_007
2025-09-11 10:39:59 -   Accuracy: 0.000%
2025-09-11 10:39:59 -   Precision: 0.073
2025-09-11 10:39:59 -   Recall: 0.400
2025-09-11 10:39:59 -   F1 Score: 0.124
2025-09-11 10:39:59 -   AUC: 0.320
2025-09-11 10:39:59 -   Correct/Total: 2/6
2025-09-11 10:39:59 -   Confusion Matrix Stats:
2025-09-11 10:39:59 -     TP: 0, TN: 1
2025-09-11 10:39:59 -     FP: 4, FN: 1
2025-09-11 10:39:59 - Subject: sub_008
2025-09-11 10:39:59 -   Accuracy: 0.000%
2025-09-11 10:39:59 -   Precision: 0.310
2025-09-11 10:39:59 -   Recall: 0.600
2025-09-11 10:39:59 -   F1 Score: 0.395
2025-09-11 10:39:59 -   AUC: 0.500
2025-09-11 10:39:59 -   Correct/Total: 3/7
2025-09-11 10:39:59 -   Confusion Matrix Stats:
2025-09-11 10:39:59 -     TP: 1, TN: 2
2025-09-11 10:39:59 -     FP: 3, FN: 1
2025-09-11 10:39:59 - Subject: sub_009
2025-09-11 10:39:59 -   Accuracy: 0.000%
2025-09-11 10:39:59 -   Precision: 0.950
2025-09-11 10:39:59 -   Recall: 0.600
2025-09-11 10:39:59 -   F1 Score: 0.725
2025-09-11 10:39:59 -   AUC: 0.760
2025-09-11 10:39:59 -   Correct/Total: 4/6
2025-09-11 10:39:59 -   Confusion Matrix Stats:
2025-09-11 10:39:59 -     TP: 3, TN: 1
2025-09-11 10:39:59 -     FP: 0, FN: 2
2025-09-11 10:39:59 - Subject: sub_010
2025-09-11 10:39:59 -   Accuracy: 0.000%
2025-09-11 10:39:59 -   Precision: 0.860
2025-09-11 10:39:59 -   Recall: 0.433
2025-09-11 10:39:59 -   F1 Score: 0.543
2025-09-11 10:39:59 -   AUC: 0.783
2025-09-11 10:39:59 -   Correct/Total: 4/8
2025-09-11 10:39:59 -   Confusion Matrix Stats:
2025-09-11 10:39:59 -     TP: 3, TN: 1
2025-09-11 10:39:59 -     FP: 1, FN: 3
2025-09-11 10:39:59 - Subject: sub_011
2025-09-11 10:39:59 -   Accuracy: 0.000%
2025-09-11 10:39:59 -   Precision: 0.486
2025-09-11 10:39:59 -   Recall: 0.433
2025-09-11 10:39:59 -   F1 Score: 0.433
2025-09-11 10:39:59 -   AUC: 0.447
2025-09-11 10:39:59 -   Correct/Total: 5/11
2025-09-11 10:39:59 -   Confusion Matrix Stats:
2025-09-11 10:39:59 -     TP: 3, TN: 3
2025-09-11 10:39:59 -     FP: 2, FN: 3
2025-09-11 10:39:59 - Subject: sub_012
2025-09-11 10:39:59 -   Accuracy: 0.000%
2025-09-11 10:39:59 -   Precision: 0.090
2025-09-11 10:39:59 -   Recall: 0.133
2025-09-11 10:39:59 -   F1 Score: 0.107
2025-09-11 10:39:59 -   AUC: 0.333
2025-09-11 10:39:59 -   Correct/Total: 4/10
2025-09-11 10:39:59 -   Confusion Matrix Stats:
2025-09-11 10:39:59 -     TP: 0, TN: 3
2025-09-11 10:39:59 -     FP: 4, FN: 3
2025-09-11 10:39:59 - Subject: sub_013
2025-09-11 10:39:59 -   Accuracy: 0.000%
2025-09-11 10:39:59 -   Precision: 0.393
2025-09-11 10:39:59 -   Recall: 0.500
2025-09-11 10:39:59 -   F1 Score: 0.435
2025-09-11 10:39:59 -   AUC: 0.425
2025-09-11 10:39:59 -   Correct/Total: 3/8
2025-09-11 10:39:59 -   Confusion Matrix Stats:
2025-09-11 10:39:59 -     TP: 2, TN: 1
2025-09-11 10:39:59 -     FP: 3, FN: 2
2025-09-11 10:39:59 - Subject: sub_014
2025-09-11 10:39:59 -   Accuracy: 0.000%
2025-09-11 10:39:59 -   Precision: 0.667
2025-09-11 10:39:59 -   Recall: 0.333
2025-09-11 10:39:59 -   F1 Score: 0.427
2025-09-11 10:39:59 -   AUC: 0.600
2025-09-11 10:39:59 -   Correct/Total: 4/7
2025-09-11 10:39:59 -   Confusion Matrix Stats:
2025-09-11 10:39:59 -     TP: 1, TN: 3
2025-09-11 10:39:59 -     FP: 1, FN: 2
2025-09-11 10:39:59 - Subject: sub_015
2025-09-11 10:39:59 -   Accuracy: 0.000%
2025-09-11 10:39:59 -   Precision: 0.736
2025-09-11 10:39:59 -   Recall: 0.567
2025-09-11 10:39:59 -   F1 Score: 0.608
2025-09-11 10:39:59 -   AUC: 0.450
2025-09-11 10:39:59 -   Correct/Total: 4/8
2025-09-11 10:39:59 -   Confusion Matrix Stats:
2025-09-11 10:39:59 -     TP: 3, TN: 1
2025-09-11 10:39:59 -     FP: 1, FN: 3
2025-09-11 10:39:59 - Subject: sub_016
2025-09-11 10:39:59 -   Accuracy: 0.000%
2025-09-11 10:39:59 -   Precision: 1.000
2025-09-11 10:39:59 -   Recall: 0.533
2025-09-11 10:39:59 -   F1 Score: 0.693
2025-09-11 10:39:59 -   AUC: 0.500
2025-09-11 10:39:59 -   Correct/Total: 3/6
2025-09-11 10:39:59 -   Confusion Matrix Stats:
2025-09-11 10:39:59 -     TP: 3, TN: 0
2025-09-11 10:39:59 -     FP: 0, FN: 3
2025-09-11 10:39:59 - Subject: sub_017
2025-09-11 10:39:59 -   Accuracy: 0.000%
2025-09-11 10:39:59 -   Precision: 0.413
2025-09-11 10:39:59 -   Recall: 0.800
2025-09-11 10:39:59 -   F1 Score: 0.541
2025-09-11 10:39:59 -   AUC: 0.450
2025-09-11 10:39:59 -   Correct/Total: 3/6
2025-09-11 10:39:59 -   Confusion Matrix Stats:
2025-09-11 10:39:59 -     TP: 2, TN: 2
2025-09-11 10:39:59 -     FP: 2, FN: 0
2025-09-11 10:39:59 - Subject: sub_018
2025-09-11 10:39:59 -   Accuracy: 0.000%
2025-09-11 10:39:59 -   Precision: 0.800
2025-09-11 10:39:59 -   Recall: 0.500
2025-09-11 10:39:59 -   F1 Score: 0.560
2025-09-11 10:39:59 -   AUC: 0.662
2025-09-11 10:39:59 -   Correct/Total: 5/8
2025-09-11 10:39:59 -   Confusion Matrix Stats:
2025-09-11 10:39:59 -     TP: 2, TN: 3
2025-09-11 10:39:59 -     FP: 1, FN: 2
2025-09-11 10:39:59 - Subject: sub_019
2025-09-11 10:39:59 -   Accuracy: 0.000%
2025-09-11 10:39:59 -   Precision: 0.145
2025-09-11 10:39:59 -   Recall: 0.500
2025-09-11 10:39:59 -   F1 Score: 0.220
2025-09-11 10:39:59 -   AUC: 0.263
2025-09-11 10:39:59 -   Correct/Total: 4/10
2025-09-11 10:39:59 -   Confusion Matrix Stats:
2025-09-11 10:39:59 -     TP: 1, TN: 3
2025-09-11 10:39:59 -     FP: 5, FN: 1
2025-09-11 10:39:59 - Subject: sub_020
2025-09-11 10:39:59 -   Accuracy: 0.000%
2025-09-11 10:39:59 -   Precision: 0.000
2025-09-11 10:39:59 -   Recall: 0.000
2025-09-11 10:39:59 -   F1 Score: 0.000
2025-09-11 10:39:59 -   AUC: 0.067
2025-09-11 10:39:59 -   Correct/Total: 2/7
2025-09-11 10:39:59 -   Confusion Matrix Stats:
2025-09-11 10:39:59 -     TP: 0, TN: 2
2025-09-11 10:39:59 -     FP: 4, FN: 1
2025-09-11 10:39:59 - Subject: sub_021
2025-09-11 10:39:59 -   Accuracy: 0.000%
2025-09-11 10:39:59 -   Precision: 0.400
2025-09-11 10:39:59 -   Recall: 0.133
2025-09-11 10:39:59 -   F1 Score: 0.200
2025-09-11 10:39:59 -   AUC: 0.444
2025-09-11 10:39:59 -   Correct/Total: 3/6
2025-09-11 10:39:59 -   Confusion Matrix Stats:
2025-09-11 10:39:59 -     TP: 0, TN: 3
2025-09-11 10:39:59 -     FP: 0, FN: 3
2025-09-11 10:39:59 - Subject: sub_022
2025-09-11 10:39:59 -   Accuracy: 0.000%
2025-09-11 10:39:59 -   Precision: 0.553
2025-09-11 10:39:59 -   Recall: 0.733
2025-09-11 10:39:59 -   F1 Score: 0.626
2025-09-11 10:39:59 -   AUC: 0.783
2025-09-11 10:39:59 -   Correct/Total: 5/7
2025-09-11 10:39:59 -   Confusion Matrix Stats:
2025-09-11 10:39:59 -     TP: 2, TN: 3
2025-09-11 10:39:59 -     FP: 1, FN: 1
2025-09-11 10:39:59 - Subject: sub_023
2025-09-11 10:39:59 -   Accuracy: 0.000%
2025-09-11 10:39:59 -   Precision: 0.750
2025-09-11 10:39:59 -   Recall: 0.600
2025-09-11 10:39:59 -   F1 Score: 0.655
2025-09-11 10:39:59 -   AUC: 0.825
2025-09-11 10:39:59 -   Correct/Total: 4/6
2025-09-11 10:39:59 -   Confusion Matrix Stats:
2025-09-11 10:39:59 -     TP: 2, TN: 2
2025-09-11 10:39:59 -     FP: 0, FN: 2
2025-09-11 10:39:59 - Subject: sub_024
2025-09-11 10:39:59 -   Accuracy: 0.000%
2025-09-11 10:39:59 -   Precision: 0.444
2025-09-11 10:39:59 -   Recall: 0.400
2025-09-11 10:39:59 -   F1 Score: 0.413
2025-09-11 10:39:59 -   AUC: 0.243
2025-09-11 10:39:59 -   Correct/Total: 4/11
2025-09-11 10:39:59 -   Confusion Matrix Stats:
2025-09-11 10:39:59 -     TP: 3, TN: 1
2025-09-11 10:39:59 -     FP: 3, FN: 4
2025-09-11 10:39:59 - Subject: sub_025
2025-09-11 10:39:59 -   Accuracy: 0.000%
2025-09-11 10:39:59 -   Precision: 0.699
2025-09-11 10:39:59 -   Recall: 0.600
2025-09-11 10:39:59 -   F1 Score: 0.571
2025-09-11 10:39:59 -   AUC: 0.650
2025-09-11 10:39:59 -   Correct/Total: 5/9
2025-09-11 10:39:59 -   Confusion Matrix Stats:
2025-09-11 10:39:59 -     TP: 3, TN: 2
2025-09-11 10:39:59 -     FP: 2, FN: 2
2025-09-11 10:39:59 - Subject: sub_026
2025-09-11 10:39:59 -   Accuracy: 0.000%
2025-09-11 10:39:59 -   Precision: 0.653
2025-09-11 10:39:59 -   Recall: 0.867
2025-09-11 10:39:59 -   F1 Score: 0.740
2025-09-11 10:39:59 -   AUC: 0.867
2025-09-11 10:39:59 -   Correct/Total: 4/6
2025-09-11 10:39:59 -   Confusion Matrix Stats:
2025-09-11 10:39:59 -     TP: 3, TN: 2
2025-09-11 10:39:59 -     FP: 1, FN: 0
2025-09-11 10:39:59 - Subject: sub_027
2025-09-11 10:39:59 -   Accuracy: 0.000%
2025-09-11 10:39:59 -   Precision: 1.000
2025-09-11 10:39:59 -   Recall: 0.750
2025-09-11 10:39:59 -   F1 Score: 0.857
2025-09-11 10:39:59 -   AUC: 0.500
2025-09-11 10:39:59 -   Correct/Total: 3/4
2025-09-11 10:39:59 -   Confusion Matrix Stats:
2025-09-11 10:39:59 -     TP: 3, TN: 0
2025-09-11 10:39:59 -     FP: 0, FN: 1
2025-09-11 10:39:59 - Subject: sub_028
2025-09-11 10:39:59 -   Accuracy: 0.000%
2025-09-11 10:39:59 -   Precision: 0.200
2025-09-11 10:39:59 -   Recall: 0.200
2025-09-11 10:39:59 -   F1 Score: 0.200
2025-09-11 10:39:59 -   AUC: 0.200
2025-09-11 10:39:59 -   Correct/Total: 2/4
2025-09-11 10:39:59 -   Confusion Matrix Stats:
2025-09-11 10:39:59 -     TP: 0, TN: 1
2025-09-11 10:39:59 -     FP: 1, FN: 2
2025-09-11 10:39:59 - Subject: sub_029
2025-09-11 10:39:59 -   Accuracy: 0.000%
2025-09-11 10:39:59 -   Precision: 0.257
2025-09-11 10:39:59 -   Recall: 0.533
2025-09-11 10:39:59 -   F1 Score: 0.347
2025-09-11 10:39:59 -   AUC: 0.320
2025-09-11 10:39:59 -   Correct/Total: 2/8
2025-09-11 10:39:59 -   Confusion Matrix Stats:
2025-09-11 10:39:59 -     TP: 2, TN: 0
2025-09-11 10:39:59 -     FP: 5, FN: 1
2025-09-11 10:39:59 - Subject: sub_030
2025-09-11 10:39:59 -   Accuracy: 0.000%
2025-09-11 10:39:59 -   Precision: 0.183
2025-09-11 10:39:59 -   Recall: 0.600
2025-09-11 10:39:59 -   F1 Score: 0.280
2025-09-11 10:39:59 -   AUC: 0.500
2025-09-11 10:39:59 -   Correct/Total: 3/5
2025-09-11 10:39:59 -   Confusion Matrix Stats:
2025-09-11 10:39:59 -     TP: 1, TN: 2
2025-09-11 10:39:59 -     FP: 2, FN: 0
2025-09-11 10:39:59 - Subject: sub_031
2025-09-11 10:39:59 -   Accuracy: 0.000%
2025-09-11 10:39:59 -   Precision: 0.800
2025-09-11 10:39:59 -   Recall: 0.800
2025-09-11 10:39:59 -   F1 Score: 0.800
2025-09-11 10:39:59 -   AUC: 1.000
2025-09-11 10:39:59 -   Correct/Total: 2/2
2025-09-11 10:39:59 -   Confusion Matrix Stats:
2025-09-11 10:39:59 -     TP: 1, TN: 1
2025-09-11 10:39:59 -     FP: 0, FN: 0
2025-09-11 10:39:59 - Subject: sub_032
2025-09-11 10:39:59 -   Accuracy: 0.000%
2025-09-11 10:39:59 -   Precision: 0.200
2025-09-11 10:39:59 -   Recall: 0.400
2025-09-11 10:39:59 -   F1 Score: 0.267
2025-09-11 10:39:59 -   AUC: 0.167
2025-09-11 10:39:59 -   Correct/Total: 1/5
2025-09-11 10:39:59 -   Confusion Matrix Stats:
2025-09-11 10:39:59 -     TP: 1, TN: 0
2025-09-11 10:39:59 -     FP: 3, FN: 1
2025-09-11 10:39:59 - Subject: sub_033
2025-09-11 10:39:59 -   Accuracy: 0.000%
2025-09-11 10:39:59 -   Precision: 1.000
2025-09-11 10:39:59 -   Recall: 0.360
2025-09-11 10:39:59 -   F1 Score: 0.500
2025-09-11 10:39:59 -   AUC: 0.500
2025-09-11 10:39:59 -   Correct/Total: 2/5
2025-09-11 10:39:59 -   Confusion Matrix Stats:
2025-09-11 10:39:59 -     TP: 2, TN: 0
2025-09-11 10:39:59 -     FP: 0, FN: 3
2025-09-11 10:39:59 - Subject: sub_034
2025-09-11 10:39:59 -   Accuracy: 0.000%
2025-09-11 10:39:59 -   Precision: 0.300
2025-09-11 10:39:59 -   Recall: 0.200
2025-09-11 10:39:59 -   F1 Score: 0.214
2025-09-11 10:39:59 -   AUC: 0.356
2025-09-11 10:39:59 -   Correct/Total: 2/6
2025-09-11 10:39:59 -   Confusion Matrix Stats:
2025-09-11 10:39:59 -     TP: 1, TN: 1
2025-09-11 10:39:59 -     FP: 2, FN: 2
2025-09-11 10:39:59 - Subject: sub_035
2025-09-11 10:39:59 -   Accuracy: 0.000%
2025-09-11 10:39:59 -   Precision: 0.433
2025-09-11 10:39:59 -   Recall: 0.533
2025-09-11 10:39:59 -   F1 Score: 0.476
2025-09-11 10:39:59 -   AUC: 0.200
2025-09-11 10:39:59 -   Correct/Total: 2/5
2025-09-11 10:39:59 -   Confusion Matrix Stats:
2025-09-11 10:39:59 -     TP: 2, TN: 0
2025-09-11 10:39:59 -     FP: 2, FN: 1
2025-09-11 10:39:59 - Subject: sub_036
2025-09-11 10:39:59 -   Accuracy: 0.000%
2025-09-11 10:39:59 -   Precision: 0.533
2025-09-11 10:39:59 -   Recall: 0.267
2025-09-11 10:39:59 -   F1 Score: 0.333
2025-09-11 10:39:59 -   AUC: 0.700
2025-09-11 10:39:59 -   Correct/Total: 2/5
2025-09-11 10:39:59 -   Confusion Matrix Stats:
2025-09-11 10:39:59 -     TP: 1, TN: 2
2025-09-11 10:39:59 -     FP: 0, FN: 2
2025-09-11 10:39:59 - Subject: sub_037
2025-09-11 10:39:59 -   Accuracy: 0.000%
2025-09-11 10:39:59 -   Precision: 0.633
2025-09-11 10:39:59 -   Recall: 0.650
2025-09-11 10:39:59 -   F1 Score: 0.637
2025-09-11 10:39:59 -   AUC: 0.637
2025-09-11 10:39:59 -   Correct/Total: 5/8
2025-09-11 10:39:59 -   Confusion Matrix Stats:
2025-09-11 10:39:59 -     TP: 3, TN: 2
2025-09-11 10:39:59 -     FP: 2, FN: 1
2025-09-11 10:39:59 - Subject: sub_038
2025-09-11 10:39:59 -   Accuracy: 0.000%
2025-09-11 10:39:59 -   Precision: 0.920
2025-09-11 10:39:59 -   Recall: 0.850
2025-09-11 10:39:59 -   F1 Score: 0.860
2025-09-11 10:39:59 -   AUC: 0.950
2025-09-11 10:39:59 -   Correct/Total: 6/7
2025-09-11 10:39:59 -   Confusion Matrix Stats:
2025-09-11 10:39:59 -     TP: 3, TN: 3
2025-09-11 10:39:59 -     FP: 0, FN: 1
2025-09-11 10:39:59 - Subject: sub_039
2025-09-11 10:39:59 -   Accuracy: 0.000%
2025-09-11 10:39:59 -   Precision: 0.409
2025-09-11 10:39:59 -   Recall: 0.600
2025-09-11 10:39:59 -   F1 Score: 0.477
2025-09-11 10:39:59 -   AUC: 0.420
2025-09-11 10:39:59 -   Correct/Total: 5/11
2025-09-11 10:39:59 -   Confusion Matrix Stats:
2025-09-11 10:39:59 -     TP: 3, TN: 2
2025-09-11 10:39:59 -     FP: 4, FN: 2
2025-09-11 10:39:59 - Subject: sub_040
2025-09-11 10:39:59 -   Accuracy: 0.000%
2025-09-11 10:39:59 -   Precision: 0.167
2025-09-11 10:39:59 -   Recall: 0.400
2025-09-11 10:39:59 -   F1 Score: 0.233
2025-09-11 10:39:59 -   AUC: 0.800
2025-09-11 10:39:59 -   Correct/Total: 3/5
2025-09-11 10:39:59 -   Confusion Matrix Stats:
2025-09-11 10:39:59 -     TP: 0, TN: 3
2025-09-11 10:39:59 -     FP: 1, FN: 1
2025-09-11 10:39:59 - 
AVO Pooled Model Statistics:
2025-09-11 10:39:59 - Mean Accuracy: 0.512
2025-09-11 10:39:59 - 95% Confidence Interval: [0.454, 0.569]
2025-09-11 10:39:59 - Best Subject: sub_031 (0.900)
2025-09-11 10:39:59 - Worst Subject: sub_032 (0.200)
2025-09-11 10:39:59 - Mean Precision: 0.511
2025-09-11 10:39:59 - Mean Recall: 0.519
2025-09-11 10:39:59 - Mean F1-Score: 0.515
2025-09-11 10:39:59 - Mean AUC: 0.526
2025-09-11 10:39:59 - Mean Confusion Matrix:
2025-09-11 10:39:59 -   TP: 2, TN: 2
2025-09-11 10:39:59 -   FP: 2, FN: 2
