2025-09-14 13:42:14 - 
Experiment Configuration:
2025-09-14 13:42:14 - --------------------------------------------------
2025-09-14 13:42:14 - dataset: ds005863
2025-09-14 13:42:14 - use_combined_datasets: False
2025-09-14 13:42:14 - electrode_list: all
2025-09-14 13:42:14 - classifier: EEGConformer
2025-09-14 13:42:14 - separate_subject_classification: False
2025-09-14 13:42:14 - use_subject_layer: False
2025-09-14 13:42:14 - seeds: [42]
2025-09-14 13:42:14 - --------------------------------------------------
2025-09-14 13:42:14 - 
==================================================
2025-09-14 13:42:14 - Processing Active Visual Oddball Dataset
2025-09-14 13:42:14 - ==================================================
2025-09-14 13:42:26 - 
==================================================
2025-09-14 13:42:26 - Individual Subject Results - AVO
2025-09-14 13:42:26 - ==================================================
2025-09-14 13:42:26 - Subject: sub_001
2025-09-14 13:42:26 -   Accuracy: 42.857%
2025-09-14 13:42:26 -   Precision: 0.429
2025-09-14 13:42:26 -   Recall: 1.000
2025-09-14 13:42:26 -   F1 Score: 0.600
2025-09-14 13:42:26 -   AUC: 0.417
2025-09-14 13:42:26 -   Correct/Total: 3/7
2025-09-14 13:42:26 -   Confusion Matrix Stats:
2025-09-14 13:42:26 -     TP: 3, TN: 0
2025-09-14 13:42:26 -     FP: 4, FN: 0
2025-09-14 13:42:26 - 
AVO Pooled Model Statistics:
2025-09-14 13:42:26 - Mean Accuracy: 0.011
2025-09-14 13:42:26 - 95% Confidence Interval: [-0.011, 0.032]
2025-09-14 13:42:26 - Best Subject: sub_001 (0.429)
2025-09-14 13:42:26 - Worst Subject: sub_002 (0.000)
2025-09-14 13:42:26 - Mean Precision: 0.429
2025-09-14 13:42:26 - Mean Recall: 1.000
2025-09-14 13:42:26 - Mean F1-Score: 0.600
2025-09-14 13:42:26 - Mean AUC: 0.417
2025-09-14 13:42:26 - Mean Confusion Matrix:
2025-09-14 13:42:26 -   TP: 3, TN: 0
2025-09-14 13:42:26 -   FP: 4, FN: 0
