2025-09-21 12:49:58 - 
Experiment Configuration:
2025-09-21 12:49:58 - --------------------------------------------------
2025-09-21 12:49:58 - dataset: ds005863
2025-09-21 12:49:58 - use_combined_datasets: False
2025-09-21 12:49:58 - electrode_list: all
2025-09-21 12:49:58 - classifier: SepConv1D
2025-09-21 12:49:58 - separate_subject_classification: False
2025-09-21 12:49:58 - use_subject_layer: False
2025-09-21 12:49:58 - seeds: [42]
2025-09-21 12:49:58 - use_nested_cv: True
2025-09-21 12:49:58 - electrode_fusion_method: none
2025-09-21 12:49:58 - domain_adaptation_method: none
2025-09-21 12:49:58 - enable_comprehensive_evaluation: True
2025-09-21 12:49:58 - enable_domain_analysis: True
2025-09-21 12:49:58 - enable_small_sample_analysis: False
2025-09-21 12:49:58 - small_sample_sizes: [5, 10, 15, 20]
2025-09-21 12:49:58 - small_sample_subjects: [5, 10, 15]
2025-09-21 12:49:58 - --------------------------------------------------
2025-09-21 12:49:58 - 
==================================================
2025-09-21 12:49:58 - Processing Active Visual Oddball Dataset
2025-09-21 12:49:58 - ==================================================
2025-09-21 12:49:58 - Using Cross-Validation (simplified approach)
2025-09-21 12:49:58 - Configuration: 5-fold CV, 1 repeats
2025-09-21 12:49:58 - ============================================================
2025-09-21 12:49:58 - CROSS-VALIDATION CONFIGURATION
2025-09-21 12:49:58 - ============================================================
2025-09-21 12:49:58 - Datasets: ['AVO']
2025-09-21 12:49:58 - CV folds: 5
2025-09-21 12:49:58 - Repeats: 1
2025-09-21 12:49:58 - Confidence level: 0.95
2025-09-21 12:49:58 - ============================================================
2025-09-21 12:49:58 - STRATIFIED SAMPLING CONFIGURATION
2025-09-21 12:49:58 - ============================================================
2025-09-21 12:49:58 - Nested CV Mode: Trial counts per subject by dataset
2025-09-21 12:49:58 -   AVO dataset: 20 trials per subject
2025-09-21 12:49:58 - Sampling strategy: Multi-level stratified sampling
2025-09-21 12:49:58 -   - Subject-level: Stratified trial selection per subject
2025-09-21 12:49:58 -   - Dataset-level: Stratified sampling when dataset trial counts differ
2025-09-21 12:49:58 -   - Fold-level: StratifiedKFold for 5-fold CV
2025-09-21 12:49:58 -   - Train/Val split: Stratified train_test_split within each fold
2025-09-21 12:49:58 - ============================================================
2025-09-21 12:49:59 - Subject sub_001: Sampled 20/70 trials
2025-09-21 12:49:59 -   Original distribution: {0: 0.5, 1: 0.5}
2025-09-21 12:49:59 -   Sampled distribution: {0: 0.5, 1: 0.5}
2025-09-21 12:49:59 - Subject sub_002: Sampled 20/70 trials
2025-09-21 12:49:59 -   Original distribution: {0: 0.5, 1: 0.5}
2025-09-21 12:49:59 -   Sampled distribution: {0: 0.5, 1: 0.5}
2025-09-21 12:49:59 - Subject sub_003: Sampled 20/88 trials
2025-09-21 12:49:59 -   Original distribution: {0: 0.5, 1: 0.5}
2025-09-21 12:49:59 -   Sampled distribution: {0: 0.5, 1: 0.5}
2025-09-21 12:49:59 - Subject sub_004: Sampled 20/84 trials
2025-09-21 12:49:59 -   Original distribution: {0: 0.5, 1: 0.5}
2025-09-21 12:49:59 -   Sampled distribution: {0: 0.5, 1: 0.5}
2025-09-21 12:50:00 - Subject sub_005: Sampled 20/70 trials
2025-09-21 12:50:00 -   Original distribution: {0: 0.5, 1: 0.5}
2025-09-21 12:50:00 -   Sampled distribution: {0: 0.5, 1: 0.5}
2025-09-21 12:50:00 - Subject sub_006: Sampled 20/74 trials
2025-09-21 12:50:00 -   Original distribution: {0: 0.5, 1: 0.5}
2025-09-21 12:50:00 -   Sampled distribution: {0: 0.5, 1: 0.5}
2025-09-21 12:50:00 - Subject sub_007: Sampled 20/78 trials
2025-09-21 12:50:00 -   Original distribution: {0: 0.5, 1: 0.5}
2025-09-21 12:50:00 -   Sampled distribution: {0: 0.5, 1: 0.5}
2025-09-21 12:50:00 - Subject sub_008: Sampled 20/72 trials
2025-09-21 12:50:00 -   Original distribution: {0: 0.5, 1: 0.5}
2025-09-21 12:50:00 -   Sampled distribution: {0: 0.5, 1: 0.5}
2025-09-21 12:50:00 - Subject sub_009: Sampled 20/76 trials
2025-09-21 12:50:00 -   Original distribution: {0: 0.5, 1: 0.5}
2025-09-21 12:50:00 -   Sampled distribution: {0: 0.5, 1: 0.5}
2025-09-21 12:50:00 - Subject sub_010: Sampled 20/70 trials
2025-09-21 12:50:00 -   Original distribution: {0: 0.5, 1: 0.5}
2025-09-21 12:50:00 -   Sampled distribution: {0: 0.5, 1: 0.5}
2025-09-21 12:50:00 - Subject sub_011: Sampled 20/60 trials
2025-09-21 12:50:00 -   Original distribution: {0: 0.5, 1: 0.5}
2025-09-21 12:50:00 -   Sampled distribution: {0: 0.5, 1: 0.5}
2025-09-21 12:50:01 - Subject sub_012: Sampled 20/72 trials
2025-09-21 12:50:01 -   Original distribution: {0: 0.5, 1: 0.5}
2025-09-21 12:50:01 -   Sampled distribution: {0: 0.5, 1: 0.5}
2025-09-21 12:50:01 - Subject sub_013: Sampled 20/72 trials
2025-09-21 12:50:01 -   Original distribution: {0: 0.5, 1: 0.5}
2025-09-21 12:50:01 -   Sampled distribution: {0: 0.5, 1: 0.5}
2025-09-21 12:50:01 - Subject sub_014: Sampled 20/72 trials
2025-09-21 12:50:01 -   Original distribution: {0: 0.5, 1: 0.5}
2025-09-21 12:50:01 -   Sampled distribution: {0: 0.5, 1: 0.5}
2025-09-21 12:50:01 - Subject sub_015: Sampled 20/56 trials
2025-09-21 12:50:01 -   Original distribution: {0: 0.5, 1: 0.5}
2025-09-21 12:50:01 -   Sampled distribution: {0: 0.5, 1: 0.5}
2025-09-21 12:50:01 - Subject sub_016: Sampled 20/70 trials
2025-09-21 12:50:01 -   Original distribution: {0: 0.5, 1: 0.5}
2025-09-21 12:50:01 -   Sampled distribution: {0: 0.5, 1: 0.5}
2025-09-21 12:50:01 - Subject sub_017: Sampled 20/74 trials
2025-09-21 12:50:01 -   Original distribution: {0: 0.5, 1: 0.5}
2025-09-21 12:50:01 -   Sampled distribution: {0: 0.5, 1: 0.5}
2025-09-21 12:50:01 - Subject sub_018: Sampled 20/22 trials
2025-09-21 12:50:01 -   Original distribution: {0: 0.5, 1: 0.5}
2025-09-21 12:50:01 -   Sampled distribution: {0: 0.5, 1: 0.5}
2025-09-21 12:50:02 - Subject sub_019: Sampled 20/76 trials
2025-09-21 12:50:02 -   Original distribution: {0: 0.5, 1: 0.5}
2025-09-21 12:50:02 -   Sampled distribution: {0: 0.5, 1: 0.5}
2025-09-21 12:50:02 - Subject sub_020: Sampled 20/76 trials
2025-09-21 12:50:02 -   Original distribution: {0: 0.5, 1: 0.5}
2025-09-21 12:50:02 -   Sampled distribution: {0: 0.5, 1: 0.5}
2025-09-21 12:50:02 - Subject sub_021: Sampled 20/82 trials
2025-09-21 12:50:02 -   Original distribution: {0: 0.5, 1: 0.5}
2025-09-21 12:50:02 -   Sampled distribution: {0: 0.5, 1: 0.5}
2025-09-21 12:50:02 - Subject sub_022: Sampled 20/72 trials
2025-09-21 12:50:02 -   Original distribution: {0: 0.5, 1: 0.5}
2025-09-21 12:50:02 -   Sampled distribution: {0: 0.5, 1: 0.5}
2025-09-21 12:50:02 - Subject sub_023: Sampled 20/78 trials
2025-09-21 12:50:02 -   Original distribution: {0: 0.5, 1: 0.5}
2025-09-21 12:50:02 -   Sampled distribution: {0: 0.5, 1: 0.5}
2025-09-21 12:50:02 - Subject sub_024: Sampled 20/92 trials
2025-09-21 12:50:02 -   Original distribution: {0: 0.5, 1: 0.5}
2025-09-21 12:50:02 -   Sampled distribution: {0: 0.5, 1: 0.5}
2025-09-21 12:50:03 - Subject sub_025: Sampled 20/64 trials
2025-09-21 12:50:03 -   Original distribution: {0: 0.5, 1: 0.5}
2025-09-21 12:50:03 -   Sampled distribution: {0: 0.5, 1: 0.5}
2025-09-21 12:50:03 - Subject sub_026: Sampled 20/80 trials
2025-09-21 12:50:03 -   Original distribution: {0: 0.5, 1: 0.5}
2025-09-21 12:50:03 -   Sampled distribution: {0: 0.5, 1: 0.5}
2025-09-21 12:50:03 - Subject sub_027: Sampled 20/68 trials
2025-09-21 12:50:03 -   Original distribution: {0: 0.5, 1: 0.5}
2025-09-21 12:50:03 -   Sampled distribution: {0: 0.5, 1: 0.5}
2025-09-21 12:50:03 - Subject sub_028: Sampled 20/84 trials
2025-09-21 12:50:03 -   Original distribution: {0: 0.5, 1: 0.5}
2025-09-21 12:50:03 -   Sampled distribution: {0: 0.5, 1: 0.5}
2025-09-21 12:50:03 - Subject sub_029: Sampled 20/84 trials
2025-09-21 12:50:03 -   Original distribution: {0: 0.5, 1: 0.5}
2025-09-21 12:50:03 -   Sampled distribution: {0: 0.5, 1: 0.5}
2025-09-21 12:50:03 - Subject sub_030: Sampled 20/72 trials
2025-09-21 12:50:03 -   Original distribution: {0: 0.5, 1: 0.5}
2025-09-21 12:50:03 -   Sampled distribution: {0: 0.5, 1: 0.5}
2025-09-21 12:50:03 - Subject sub_031: Sampled 20/88 trials
2025-09-21 12:50:03 -   Original distribution: {0: 0.5, 1: 0.5}
2025-09-21 12:50:03 -   Sampled distribution: {0: 0.5, 1: 0.5}
2025-09-21 12:50:04 - Subject sub_032: Sampled 20/96 trials
2025-09-21 12:50:04 -   Original distribution: {0: 0.5, 1: 0.5}
2025-09-21 12:50:04 -   Sampled distribution: {0: 0.5, 1: 0.5}
2025-09-21 12:50:04 - Subject sub_033: Sampled 20/78 trials
2025-09-21 12:50:04 -   Original distribution: {0: 0.5, 1: 0.5}
2025-09-21 12:50:04 -   Sampled distribution: {0: 0.5, 1: 0.5}
2025-09-21 12:50:04 - Subject sub_034: Sampled 20/72 trials
2025-09-21 12:50:04 -   Original distribution: {0: 0.5, 1: 0.5}
2025-09-21 12:50:04 -   Sampled distribution: {0: 0.5, 1: 0.5}
2025-09-21 12:50:04 - Subject sub_035: Sampled 20/88 trials
2025-09-21 12:50:04 -   Original distribution: {0: 0.5, 1: 0.5}
2025-09-21 12:50:04 -   Sampled distribution: {0: 0.5, 1: 0.5}
2025-09-21 12:50:04 - Subject sub_036: Sampled 20/84 trials
2025-09-21 12:50:04 -   Original distribution: {0: 0.5, 1: 0.5}
2025-09-21 12:50:04 -   Sampled distribution: {0: 0.5, 1: 0.5}
2025-09-21 12:50:04 - Subject sub_037: Sampled 20/86 trials
2025-09-21 12:50:04 -   Original distribution: {0: 0.5, 1: 0.5}
2025-09-21 12:50:04 -   Sampled distribution: {0: 0.5, 1: 0.5}
2025-09-21 12:50:05 - Subject sub_038: Sampled 20/100 trials
2025-09-21 12:50:05 -   Original distribution: {0: 0.5, 1: 0.5}
2025-09-21 12:50:05 -   Sampled distribution: {0: 0.5, 1: 0.5}
2025-09-21 12:50:05 - Subject sub_039: Sampled 20/70 trials
2025-09-21 12:50:05 -   Original distribution: {0: 0.5, 1: 0.5}
2025-09-21 12:50:05 -   Sampled distribution: {0: 0.5, 1: 0.5}
2025-09-21 12:50:05 - Subject sub_040: Sampled 20/84 trials
2025-09-21 12:50:05 -   Original distribution: {0: 0.5, 1: 0.5}
2025-09-21 12:50:05 -   Sampled distribution: {0: 0.5, 1: 0.5}
2025-09-21 12:50:05 - Nested CV dataset summary:
2025-09-21 12:50:05 -   Total subjects: 40
2025-09-21 12:50:05 -   Total trials: 800
2025-09-21 12:50:05 -   Average trials per subject: 20.0
2025-09-21 12:50:05 -   AVO dataset: 0 subjects, 800 trials (inf trials/subject)
2025-09-21 12:50:05 -   Class distribution: {0: 400, 1: 400}
2025-09-21 12:50:05 -   Class proportions: [0.5 0.5]
2025-09-21 12:50:05 - Enhanced preprocessing increased channels from 5 to 25
2025-09-21 12:50:05 - Starting Cross-Validation for SepConv1D
2025-09-21 12:50:05 - Configuration: 5-fold CV, 1 repeats
2025-09-21 12:50:05 - Data split ratios: Train=0.7, Val=0.1, Test=0.2
2025-09-21 12:50:05 - Repeat 1/1
2025-09-21 12:50:05 -   Fold 1/5
2025-09-21 12:50:05 -     Fold split: Train=560, Val=80
2025-09-21 12:50:10 -     Test accuracy: 0.6250
2025-09-21 12:50:10 -   Fold 2/5
2025-09-21 12:50:10 -     Fold split: Train=560, Val=80
2025-09-21 12:50:19 -     Test accuracy: 0.5500
2025-09-21 12:50:19 -   Fold 3/5
2025-09-21 12:50:19 -     Fold split: Train=560, Val=80
2025-09-21 12:50:23 -     Test accuracy: 0.5938
2025-09-21 12:50:23 -   Fold 4/5
2025-09-21 12:50:23 -     Fold split: Train=560, Val=80
2025-09-21 12:50:27 -     Test accuracy: 0.6125
2025-09-21 12:50:27 -   Fold 5/5
2025-09-21 12:50:27 -     Fold split: Train=560, Val=80
2025-09-21 12:50:33 -     Test accuracy: 0.6000
2025-09-21 12:50:33 -   Repeat 1 mean accuracy: 0.5963 ± 0.0255
2025-09-21 12:50:33 - Cross-Validation completed for SepConv1D
2025-09-21 12:50:33 - Final accuracy: 0.5963 ± 0.0285
2025-09-21 12:50:33 - 95% CI: [0.5609, 0.6316]
2025-09-21 12:50:33 - 
============================================================
2025-09-21 12:50:33 - CROSS-VALIDATION RESULTS
2025-09-21 12:50:33 - ============================================================
2025-09-21 12:50:33 - Model: SepConv1D
2025-09-21 12:50:33 - Overall accuracy: 0.5963 ± 0.0285
2025-09-21 12:50:33 - 95% Confidence Interval: [0.5609, 0.6316]
2025-09-21 12:50:33 - Statistical significance: 5 evaluations
2025-09-21 12:50:33 - Precision: 0.6091 [0.5484, 0.6698]
2025-09-21 12:50:33 - Recall: 0.5625 [0.3855, 0.7395]
2025-09-21 12:50:33 - F1_Score: 0.5750 [0.4861, 0.6640]
2025-09-21 12:50:33 - Auc: 0.6537 [0.6235, 0.6840]
2025-09-21 12:50:33 - ============================================================
2025-09-21 12:50:33 - Individual subject results skipped - using Nested Cross-Validation results
