2025-09-14 13:10:03 - 
Experiment Configuration:
2025-09-14 13:10:03 - --------------------------------------------------
2025-09-14 13:10:03 - dataset: ds005863
2025-09-14 13:10:03 - use_combined_datasets: False
2025-09-14 13:10:03 - electrode_list: all
2025-09-14 13:10:03 - classifier: EEGConformer
2025-09-14 13:10:03 - separate_subject_classification: False
2025-09-14 13:10:03 - use_subject_layer: False
2025-09-14 13:10:03 - seeds: [42]
2025-09-14 13:10:03 - --------------------------------------------------
2025-09-14 13:10:03 - 
==================================================
2025-09-14 13:10:03 - Processing Active Visual Oddball Dataset
2025-09-14 13:10:03 - ==================================================
2025-09-14 13:16:58 - 
==================================================
2025-09-14 13:16:58 - Individual Subject Results - AVO
2025-09-14 13:16:58 - ==================================================
2025-09-14 13:16:58 - Subject: sub_001
2025-09-14 13:16:58 -   Accuracy: 83.333%
2025-09-14 13:16:58 -   Precision: 0.600
2025-09-14 13:16:58 -   Recall: 1.000
2025-09-14 13:16:58 -   F1 Score: 0.750
2025-09-14 13:16:58 -   AUC: 0.963
2025-09-14 13:16:58 -   Correct/Total: 10/12
2025-09-14 13:16:58 -   Confusion Matrix Stats:
2025-09-14 13:16:58 -     TP: 3, TN: 7
2025-09-14 13:16:58 -     FP: 2, FN: 0
2025-09-14 13:16:58 - Subject: sub_002
2025-09-14 13:16:58 -   Accuracy: 68.750%
2025-09-14 13:16:58 -   Precision: 0.636
2025-09-14 13:16:58 -   Recall: 0.875
2025-09-14 13:16:58 -   F1 Score: 0.737
2025-09-14 13:16:58 -   AUC: 0.828
2025-09-14 13:16:58 -   Correct/Total: 11/16
2025-09-14 13:16:58 -   Confusion Matrix Stats:
2025-09-14 13:16:58 -     TP: 7, TN: 4
2025-09-14 13:16:58 -     FP: 4, FN: 1
2025-09-14 13:16:58 - Subject: sub_003
2025-09-14 13:16:58 -   Accuracy: 87.500%
2025-09-14 13:16:58 -   Precision: 0.857
2025-09-14 13:16:58 -   Recall: 0.857
2025-09-14 13:16:58 -   F1 Score: 0.857
2025-09-14 13:16:58 -   AUC: 0.937
2025-09-14 13:16:58 -   Correct/Total: 14/16
2025-09-14 13:16:58 -   Confusion Matrix Stats:
2025-09-14 13:16:58 -     TP: 6, TN: 8
2025-09-14 13:16:58 -     FP: 1, FN: 1
2025-09-14 13:16:58 - Subject: sub_004
2025-09-14 13:16:58 -   Accuracy: 72.222%
2025-09-14 13:16:58 -   Precision: 0.727
2025-09-14 13:16:58 -   Recall: 0.800
2025-09-14 13:16:58 -   F1 Score: 0.762
2025-09-14 13:16:58 -   AUC: 0.738
2025-09-14 13:16:58 -   Correct/Total: 13/18
2025-09-14 13:16:58 -   Confusion Matrix Stats:
2025-09-14 13:16:58 -     TP: 8, TN: 5
2025-09-14 13:16:58 -     FP: 3, FN: 2
2025-09-14 13:16:58 - Subject: sub_005
2025-09-14 13:16:58 -   Accuracy: 100.000%
2025-09-14 13:16:58 -   Precision: 1.000
2025-09-14 13:16:58 -   Recall: 1.000
2025-09-14 13:16:58 -   F1 Score: 1.000
2025-09-14 13:16:58 -   AUC: 1.000
2025-09-14 13:16:58 -   Correct/Total: 14/14
2025-09-14 13:16:58 -   Confusion Matrix Stats:
2025-09-14 13:16:58 -     TP: 8, TN: 6
2025-09-14 13:16:58 -     FP: 0, FN: 0
2025-09-14 13:16:58 - Subject: sub_006
2025-09-14 13:16:58 -   Accuracy: 92.308%
2025-09-14 13:16:58 -   Precision: 0.875
2025-09-14 13:16:58 -   Recall: 1.000
2025-09-14 13:16:58 -   F1 Score: 0.933
2025-09-14 13:16:58 -   AUC: 0.952
2025-09-14 13:16:58 -   Correct/Total: 12/13
2025-09-14 13:16:58 -   Confusion Matrix Stats:
2025-09-14 13:16:58 -     TP: 7, TN: 5
2025-09-14 13:16:58 -     FP: 1, FN: 0
2025-09-14 13:16:58 - Subject: sub_007
2025-09-14 13:16:58 -   Accuracy: 82.353%
2025-09-14 13:16:58 -   Precision: 0.800
2025-09-14 13:16:58 -   Recall: 0.889
2025-09-14 13:16:58 -   F1 Score: 0.842
2025-09-14 13:16:58 -   AUC: 0.889
2025-09-14 13:16:58 -   Correct/Total: 14/17
2025-09-14 13:16:58 -   Confusion Matrix Stats:
2025-09-14 13:16:58 -     TP: 8, TN: 6
2025-09-14 13:16:58 -     FP: 2, FN: 1
2025-09-14 13:16:58 - Subject: sub_008
2025-09-14 13:16:58 -   Accuracy: 88.235%
2025-09-14 13:16:58 -   Precision: 0.818
2025-09-14 13:16:58 -   Recall: 1.000
2025-09-14 13:16:58 -   F1 Score: 0.900
2025-09-14 13:16:58 -   AUC: 1.000
2025-09-14 13:16:58 -   Correct/Total: 15/17
2025-09-14 13:16:58 -   Confusion Matrix Stats:
2025-09-14 13:16:58 -     TP: 9, TN: 6
2025-09-14 13:16:58 -     FP: 2, FN: 0
2025-09-14 13:16:58 - Subject: sub_009
2025-09-14 13:16:58 -   Accuracy: 86.667%
2025-09-14 13:16:58 -   Precision: 0.800
2025-09-14 13:16:58 -   Recall: 1.000
2025-09-14 13:16:58 -   F1 Score: 0.889
2025-09-14 13:16:58 -   AUC: 0.857
2025-09-14 13:16:58 -   Correct/Total: 13/15
2025-09-14 13:16:58 -   Confusion Matrix Stats:
2025-09-14 13:16:58 -     TP: 8, TN: 5
2025-09-14 13:16:58 -     FP: 2, FN: 0
2025-09-14 13:16:58 - Subject: sub_010
2025-09-14 13:16:58 -   Accuracy: 92.857%
2025-09-14 13:16:58 -   Precision: 0.900
2025-09-14 13:16:58 -   Recall: 1.000
2025-09-14 13:16:58 -   F1 Score: 0.947
2025-09-14 13:16:58 -   AUC: 1.000
2025-09-14 13:16:58 -   Correct/Total: 13/14
2025-09-14 13:16:58 -   Confusion Matrix Stats:
2025-09-14 13:16:58 -     TP: 9, TN: 4
2025-09-14 13:16:58 -     FP: 1, FN: 0
2025-09-14 13:16:58 - Subject: sub_011
2025-09-14 13:16:58 -   Accuracy: 50.000%
2025-09-14 13:16:58 -   Precision: 0.444
2025-09-14 13:16:58 -   Recall: 0.667
2025-09-14 13:16:58 -   F1 Score: 0.533
2025-09-14 13:16:58 -   AUC: 0.708
2025-09-14 13:16:58 -   Correct/Total: 7/14
2025-09-14 13:16:58 -   Confusion Matrix Stats:
2025-09-14 13:16:58 -     TP: 4, TN: 3
2025-09-14 13:16:58 -     FP: 5, FN: 2
2025-09-14 13:16:58 - Subject: sub_012
2025-09-14 13:16:58 -   Accuracy: 93.750%
2025-09-14 13:16:58 -   Precision: 0.875
2025-09-14 13:16:58 -   Recall: 1.000
2025-09-14 13:16:58 -   F1 Score: 0.933
2025-09-14 13:16:58 -   AUC: 1.000
2025-09-14 13:16:58 -   Correct/Total: 15/16
2025-09-14 13:16:58 -   Confusion Matrix Stats:
2025-09-14 13:16:58 -     TP: 7, TN: 8
2025-09-14 13:16:58 -     FP: 1, FN: 0
2025-09-14 13:16:58 - Subject: sub_013
2025-09-14 13:16:58 -   Accuracy: 73.333%
2025-09-14 13:16:58 -   Precision: 0.636
2025-09-14 13:16:58 -   Recall: 1.000
2025-09-14 13:16:58 -   F1 Score: 0.778
2025-09-14 13:16:58 -   AUC: 0.875
2025-09-14 13:16:58 -   Correct/Total: 11/15
2025-09-14 13:16:58 -   Confusion Matrix Stats:
2025-09-14 13:16:58 -     TP: 7, TN: 4
2025-09-14 13:16:58 -     FP: 4, FN: 0
2025-09-14 13:16:58 - Subject: sub_014
2025-09-14 13:16:58 -   Accuracy: 80.000%
2025-09-14 13:16:58 -   Precision: 0.769
2025-09-14 13:16:58 -   Recall: 1.000
2025-09-14 13:16:58 -   F1 Score: 0.870
2025-09-14 13:16:58 -   AUC: 0.620
2025-09-14 13:16:58 -   Correct/Total: 12/15
2025-09-14 13:16:58 -   Confusion Matrix Stats:
2025-09-14 13:16:58 -     TP: 10, TN: 2
2025-09-14 13:16:58 -     FP: 3, FN: 0
2025-09-14 13:16:58 - Subject: sub_015
2025-09-14 13:16:58 -   Accuracy: 77.778%
2025-09-14 13:16:58 -   Precision: 0.667
2025-09-14 13:16:58 -   Recall: 1.000
2025-09-14 13:16:58 -   F1 Score: 0.800
2025-09-14 13:16:58 -   AUC: 0.650
2025-09-14 13:16:58 -   Correct/Total: 7/9
2025-09-14 13:16:58 -   Confusion Matrix Stats:
2025-09-14 13:16:58 -     TP: 4, TN: 3
2025-09-14 13:16:58 -     FP: 2, FN: 0
2025-09-14 13:16:58 - Subject: sub_016
2025-09-14 13:16:58 -   Accuracy: 86.667%
2025-09-14 13:16:58 -   Precision: 0.833
2025-09-14 13:16:58 -   Recall: 1.000
2025-09-14 13:16:58 -   F1 Score: 0.909
2025-09-14 13:16:58 -   AUC: 0.840
2025-09-14 13:16:58 -   Correct/Total: 13/15
2025-09-14 13:16:58 -   Confusion Matrix Stats:
2025-09-14 13:16:58 -     TP: 10, TN: 3
2025-09-14 13:16:58 -     FP: 2, FN: 0
2025-09-14 13:16:58 - Subject: sub_017
2025-09-14 13:16:58 -   Accuracy: 77.778%
2025-09-14 13:16:58 -   Precision: 0.667
2025-09-14 13:16:58 -   Recall: 1.000
2025-09-14 13:16:58 -   F1 Score: 0.800
2025-09-14 13:16:58 -   AUC: 0.800
2025-09-14 13:16:58 -   Correct/Total: 7/9
2025-09-14 13:16:58 -   Confusion Matrix Stats:
2025-09-14 13:16:58 -     TP: 4, TN: 3
2025-09-14 13:16:58 -     FP: 2, FN: 0
2025-09-14 13:16:58 - Subject: sub_018
2025-09-14 13:16:58 -   Accuracy: 100.000%
2025-09-14 13:16:58 -   Precision: 1.000
2025-09-14 13:16:58 -   Recall: 1.000
2025-09-14 13:16:58 -   F1 Score: 1.000
2025-09-14 13:16:58 -   AUC: 1.000
2025-09-14 13:16:58 -   Correct/Total: 3/3
2025-09-14 13:16:58 -   Confusion Matrix Stats:
2025-09-14 13:16:58 -     TP: 1, TN: 2
2025-09-14 13:16:58 -     FP: 0, FN: 0
2025-09-14 13:16:58 - Subject: sub_019
2025-09-14 13:16:58 -   Accuracy: 88.235%
2025-09-14 13:16:58 -   Precision: 0.889
2025-09-14 13:16:58 -   Recall: 0.889
2025-09-14 13:16:58 -   F1 Score: 0.889
2025-09-14 13:16:58 -   AUC: 0.931
2025-09-14 13:16:58 -   Correct/Total: 15/17
2025-09-14 13:16:58 -   Confusion Matrix Stats:
2025-09-14 13:16:58 -     TP: 8, TN: 7
2025-09-14 13:16:58 -     FP: 1, FN: 1
2025-09-14 13:16:58 - Subject: sub_020
2025-09-14 13:16:58 -   Accuracy: 89.474%
2025-09-14 13:16:58 -   Precision: 0.800
2025-09-14 13:16:58 -   Recall: 1.000
2025-09-14 13:16:58 -   F1 Score: 0.889
2025-09-14 13:16:58 -   AUC: 0.943
2025-09-14 13:16:58 -   Correct/Total: 17/19
2025-09-14 13:16:58 -   Confusion Matrix Stats:
2025-09-14 13:16:58 -     TP: 8, TN: 9
2025-09-14 13:16:58 -     FP: 2, FN: 0
2025-09-14 13:16:58 - Subject: sub_021
2025-09-14 13:16:58 -   Accuracy: 86.667%
2025-09-14 13:16:58 -   Precision: 0.800
2025-09-14 13:16:58 -   Recall: 1.000
2025-09-14 13:16:58 -   F1 Score: 0.889
2025-09-14 13:16:58 -   AUC: 1.000
2025-09-14 13:16:58 -   Correct/Total: 13/15
2025-09-14 13:16:58 -   Confusion Matrix Stats:
2025-09-14 13:16:58 -     TP: 8, TN: 5
2025-09-14 13:16:58 -     FP: 2, FN: 0
2025-09-14 13:16:58 - Subject: sub_022
2025-09-14 13:16:58 -   Accuracy: 100.000%
2025-09-14 13:16:58 -   Precision: 1.000
2025-09-14 13:16:58 -   Recall: 1.000
2025-09-14 13:16:58 -   F1 Score: 1.000
2025-09-14 13:16:58 -   AUC: 1.000
2025-09-14 13:16:58 -   Correct/Total: 11/11
2025-09-14 13:16:58 -   Confusion Matrix Stats:
2025-09-14 13:16:58 -     TP: 6, TN: 5
2025-09-14 13:16:58 -     FP: 0, FN: 0
2025-09-14 13:16:58 - Subject: sub_023
2025-09-14 13:16:58 -   Accuracy: 87.500%
2025-09-14 13:16:58 -   Precision: 0.833
2025-09-14 13:16:58 -   Recall: 1.000
2025-09-14 13:16:58 -   F1 Score: 0.909
2025-09-14 13:16:58 -   AUC: 0.933
2025-09-14 13:16:58 -   Correct/Total: 7/8
2025-09-14 13:16:58 -   Confusion Matrix Stats:
2025-09-14 13:16:58 -     TP: 5, TN: 2
2025-09-14 13:16:58 -     FP: 1, FN: 0
2025-09-14 13:16:58 - Subject: sub_024
2025-09-14 13:16:58 -   Accuracy: 69.231%
2025-09-14 13:16:58 -   Precision: 0.667
2025-09-14 13:16:58 -   Recall: 0.857
2025-09-14 13:16:58 -   F1 Score: 0.750
2025-09-14 13:16:58 -   AUC: 0.810
2025-09-14 13:16:58 -   Correct/Total: 9/13
2025-09-14 13:16:58 -   Confusion Matrix Stats:
2025-09-14 13:16:58 -     TP: 6, TN: 3
2025-09-14 13:16:58 -     FP: 3, FN: 1
2025-09-14 13:16:58 - Subject: sub_025
2025-09-14 13:16:58 -   Accuracy: 50.000%
2025-09-14 13:16:58 -   Precision: 0.538
2025-09-14 13:16:58 -   Recall: 0.778
2025-09-14 13:16:58 -   F1 Score: 0.636
2025-09-14 13:16:58 -   AUC: 0.714
2025-09-14 13:16:58 -   Correct/Total: 8/16
2025-09-14 13:16:58 -   Confusion Matrix Stats:
2025-09-14 13:16:58 -     TP: 7, TN: 1
2025-09-14 13:16:58 -     FP: 6, FN: 2
2025-09-14 13:16:58 - Subject: sub_026
2025-09-14 13:16:58 -   Accuracy: 88.889%
2025-09-14 13:16:58 -   Precision: 0.778
2025-09-14 13:16:58 -   Recall: 1.000
2025-09-14 13:16:58 -   F1 Score: 0.875
2025-09-14 13:16:58 -   AUC: 1.000
2025-09-14 13:16:58 -   Correct/Total: 16/18
2025-09-14 13:16:58 -   Confusion Matrix Stats:
2025-09-14 13:16:58 -     TP: 7, TN: 9
2025-09-14 13:16:58 -     FP: 2, FN: 0
2025-09-14 13:16:58 - Subject: sub_027
2025-09-14 13:16:58 -   Accuracy: 72.222%
2025-09-14 13:16:58 -   Precision: 0.583
2025-09-14 13:16:58 -   Recall: 1.000
2025-09-14 13:16:58 -   F1 Score: 0.737
2025-09-14 13:16:58 -   AUC: 0.974
2025-09-14 13:16:58 -   Correct/Total: 13/18
2025-09-14 13:16:58 -   Confusion Matrix Stats:
2025-09-14 13:16:58 -     TP: 7, TN: 6
2025-09-14 13:16:58 -     FP: 5, FN: 0
2025-09-14 13:16:58 - Subject: sub_028
2025-09-14 13:16:58 -   Accuracy: 87.500%
2025-09-14 13:16:58 -   Precision: 0.750
2025-09-14 13:16:58 -   Recall: 1.000
2025-09-14 13:16:58 -   F1 Score: 0.857
2025-09-14 13:16:58 -   AUC: 1.000
2025-09-14 13:16:58 -   Correct/Total: 14/16
2025-09-14 13:16:58 -   Confusion Matrix Stats:
2025-09-14 13:16:58 -     TP: 6, TN: 8
2025-09-14 13:16:58 -     FP: 2, FN: 0
2025-09-14 13:16:58 - Subject: sub_029
2025-09-14 13:16:58 -   Accuracy: 73.684%
2025-09-14 13:16:58 -   Precision: 0.667
2025-09-14 13:16:58 -   Recall: 0.750
2025-09-14 13:16:58 -   F1 Score: 0.706
2025-09-14 13:16:58 -   AUC: 0.932
2025-09-14 13:16:58 -   Correct/Total: 14/19
2025-09-14 13:16:58 -   Confusion Matrix Stats:
2025-09-14 13:16:58 -     TP: 6, TN: 8
2025-09-14 13:16:58 -     FP: 3, FN: 2
2025-09-14 13:16:58 - Subject: sub_030
2025-09-14 13:16:58 -   Accuracy: 77.778%
2025-09-14 13:16:58 -   Precision: 0.900
2025-09-14 13:16:58 -   Recall: 0.750
2025-09-14 13:16:58 -   F1 Score: 0.818
2025-09-14 13:16:58 -   AUC: 0.875
2025-09-14 13:16:58 -   Correct/Total: 14/18
2025-09-14 13:16:58 -   Confusion Matrix Stats:
2025-09-14 13:16:58 -     TP: 9, TN: 5
2025-09-14 13:16:58 -     FP: 1, FN: 3
2025-09-14 13:16:58 - Subject: sub_031
2025-09-14 13:16:58 -   Accuracy: 96.154%
2025-09-14 13:16:58 -   Precision: 0.923
2025-09-14 13:16:58 -   Recall: 1.000
2025-09-14 13:16:58 -   F1 Score: 0.960
2025-09-14 13:16:58 -   AUC: 1.000
2025-09-14 13:16:58 -   Correct/Total: 25/26
2025-09-14 13:16:58 -   Confusion Matrix Stats:
2025-09-14 13:16:58 -     TP: 12, TN: 13
2025-09-14 13:16:58 -     FP: 1, FN: 0
2025-09-14 13:16:58 - Subject: sub_032
2025-09-14 13:16:58 -   Accuracy: 83.333%
2025-09-14 13:16:58 -   Precision: 0.900
2025-09-14 13:16:58 -   Recall: 0.818
2025-09-14 13:16:58 -   F1 Score: 0.857
2025-09-14 13:16:58 -   AUC: 0.935
2025-09-14 13:16:58 -   Correct/Total: 15/18
2025-09-14 13:16:58 -   Confusion Matrix Stats:
2025-09-14 13:16:58 -     TP: 9, TN: 6
2025-09-14 13:16:58 -     FP: 1, FN: 2
2025-09-14 13:16:58 - Subject: sub_033
2025-09-14 13:16:58 -   Accuracy: 94.444%
2025-09-14 13:16:58 -   Precision: 0.875
2025-09-14 13:16:58 -   Recall: 1.000
2025-09-14 13:16:58 -   F1 Score: 0.933
2025-09-14 13:16:58 -   AUC: 0.922
2025-09-14 13:16:58 -   Correct/Total: 17/18
2025-09-14 13:16:58 -   Confusion Matrix Stats:
2025-09-14 13:16:58 -     TP: 7, TN: 10
2025-09-14 13:16:58 -     FP: 1, FN: 0
2025-09-14 13:16:58 - Subject: sub_034
2025-09-14 13:16:58 -   Accuracy: 91.667%
2025-09-14 13:16:58 -   Precision: 0.833
2025-09-14 13:16:58 -   Recall: 1.000
2025-09-14 13:16:58 -   F1 Score: 0.909
2025-09-14 13:16:58 -   AUC: 0.886
2025-09-14 13:16:58 -   Correct/Total: 11/12
2025-09-14 13:16:58 -   Confusion Matrix Stats:
2025-09-14 13:16:58 -     TP: 5, TN: 6
2025-09-14 13:16:58 -     FP: 1, FN: 0
2025-09-14 13:16:58 - Subject: sub_035
2025-09-14 13:16:58 -   Accuracy: 75.000%
2025-09-14 13:16:58 -   Precision: 0.643
2025-09-14 13:16:58 -   Recall: 1.000
2025-09-14 13:16:58 -   F1 Score: 0.783
2025-09-14 13:16:58 -   AUC: 0.909
2025-09-14 13:16:58 -   Correct/Total: 15/20
2025-09-14 13:16:58 -   Confusion Matrix Stats:
2025-09-14 13:16:58 -     TP: 9, TN: 6
2025-09-14 13:16:58 -     FP: 5, FN: 0
2025-09-14 13:16:58 - Subject: sub_036
2025-09-14 13:16:58 -   Accuracy: 53.846%
2025-09-14 13:16:58 -   Precision: 0.667
2025-09-14 13:16:58 -   Recall: 0.500
2025-09-14 13:16:58 -   F1 Score: 0.571
2025-09-14 13:16:58 -   AUC: 0.500
2025-09-14 13:16:58 -   Correct/Total: 7/13
2025-09-14 13:16:58 -   Confusion Matrix Stats:
2025-09-14 13:16:58 -     TP: 4, TN: 3
2025-09-14 13:16:58 -     FP: 2, FN: 4
2025-09-14 13:16:58 - Subject: sub_037
2025-09-14 13:16:58 -   Accuracy: 90.476%
2025-09-14 13:16:58 -   Precision: 0.833
2025-09-14 13:16:58 -   Recall: 1.000
2025-09-14 13:16:58 -   F1 Score: 0.909
2025-09-14 13:16:58 -   AUC: 1.000
2025-09-14 13:16:58 -   Correct/Total: 19/21
2025-09-14 13:16:58 -   Confusion Matrix Stats:
2025-09-14 13:16:58 -     TP: 10, TN: 9
2025-09-14 13:16:58 -     FP: 2, FN: 0
2025-09-14 13:16:58 - Subject: sub_038
2025-09-14 13:16:58 -   Accuracy: 70.588%
2025-09-14 13:16:58 -   Precision: 0.667
2025-09-14 13:16:58 -   Recall: 0.889
2025-09-14 13:16:58 -   F1 Score: 0.762
2025-09-14 13:16:58 -   AUC: 0.806
2025-09-14 13:16:58 -   Correct/Total: 12/17
2025-09-14 13:16:58 -   Confusion Matrix Stats:
2025-09-14 13:16:58 -     TP: 8, TN: 4
2025-09-14 13:16:58 -     FP: 4, FN: 1
2025-09-14 13:16:58 - Subject: sub_039
2025-09-14 13:16:58 -   Accuracy: 75.000%
2025-09-14 13:16:58 -   Precision: 0.667
2025-09-14 13:16:58 -   Recall: 1.000
2025-09-14 13:16:58 -   F1 Score: 0.800
2025-09-14 13:16:58 -   AUC: 0.889
2025-09-14 13:16:58 -   Correct/Total: 9/12
2025-09-14 13:16:58 -   Confusion Matrix Stats:
2025-09-14 13:16:58 -     TP: 6, TN: 3
2025-09-14 13:16:58 -     FP: 3, FN: 0
2025-09-14 13:16:58 - Subject: sub_040
2025-09-14 13:16:58 -   Accuracy: 100.000%
2025-09-14 13:16:58 -   Precision: 1.000
2025-09-14 13:16:58 -   Recall: 1.000
2025-09-14 13:16:58 -   F1 Score: 1.000
2025-09-14 13:16:58 -   AUC: 1.000
2025-09-14 13:16:58 -   Correct/Total: 13/13
2025-09-14 13:16:58 -   Confusion Matrix Stats:
2025-09-14 13:16:58 -     TP: 7, TN: 6
2025-09-14 13:16:58 -     FP: 0, FN: 0
2025-09-14 13:16:58 - 
AVO Pooled Model Statistics:
2025-09-14 13:16:58 - Mean Accuracy: 0.824
2025-09-14 13:16:58 - 95% Confidence Interval: [0.783, 0.864]
2025-09-14 13:16:58 - Best Subject: sub_005 (1.000)
2025-09-14 13:16:58 - Worst Subject: sub_011 (0.500)
2025-09-14 13:16:58 - Mean Precision: 0.767
2025-09-14 13:16:58 - Mean Recall: 0.924
2025-09-14 13:16:58 - Mean F1-Score: 0.838
2025-09-14 13:16:58 - Mean AUC: 0.890
2025-09-14 13:16:58 - Mean Confusion Matrix:
2025-09-14 13:16:58 -   TP: 7, TN: 5
2025-09-14 13:16:58 -   FP: 2, FN: 1
