2025-09-19 22:12:58 - 
Experiment Configuration:
2025-09-19 22:12:58 - --------------------------------------------------
2025-09-19 22:12:58 - dataset: ds005863
2025-09-19 22:12:58 - use_combined_datasets: False
2025-09-19 22:12:58 - electrode_list: all
2025-09-19 22:12:58 - classifier: SepConv1D
2025-09-19 22:12:58 - separate_subject_classification: False
2025-09-19 22:12:58 - use_subject_layer: False
2025-09-19 22:12:58 - seeds: [42]
2025-09-19 22:12:58 - electrode_fusion_method: none
2025-09-19 22:12:58 - domain_adaptation_method: none
2025-09-19 22:12:58 - enable_comprehensive_evaluation: True
2025-09-19 22:12:58 - enable_domain_analysis: True
2025-09-19 22:12:58 - enable_small_sample_analysis: False
2025-09-19 22:12:58 - small_sample_sizes: [5, 10, 15, 20]
2025-09-19 22:12:58 - small_sample_subjects: [5, 10, 15]
2025-09-19 22:12:58 - --------------------------------------------------
2025-09-19 22:12:58 - 
==================================================
2025-09-19 22:12:58 - Processing Active Visual Oddball Dataset
2025-09-19 22:12:58 - ==================================================
2025-09-19 22:13:12 - 
==================================================
2025-09-19 22:13:12 - Individual Subject Results - AVO
2025-09-19 22:13:12 - ==================================================
2025-09-19 22:13:12 - Subject: sub_001
2025-09-19 22:13:12 -   Accuracy: 62.500%
2025-09-19 22:13:12 -   Precision: 0.400
2025-09-19 22:13:12 -   Recall: 1.000
2025-09-19 22:13:12 -   F1 Score: 0.571
2025-09-19 22:13:12 -   AUC: 1.000
2025-09-19 22:13:12 -   Correct/Total: 5/8
2025-09-19 22:13:12 -   Confusion Matrix Stats:
2025-09-19 22:13:12 -     TP: 2, TN: 3
2025-09-19 22:13:12 -     FP: 3, FN: 0
2025-09-19 22:13:12 - Subject: sub_002
2025-09-19 22:13:12 -   Accuracy: 50.000%
2025-09-19 22:13:12 -   Precision: 0.600
2025-09-19 22:13:12 -   Recall: 0.750
2025-09-19 22:13:12 -   F1 Score: 0.667
2025-09-19 22:13:12 -   AUC: 0.250
2025-09-19 22:13:12 -   Correct/Total: 3/6
2025-09-19 22:13:12 -   Confusion Matrix Stats:
2025-09-19 22:13:12 -     TP: 3, TN: 0
2025-09-19 22:13:12 -     FP: 2, FN: 1
2025-09-19 22:13:12 - Subject: sub_003
2025-09-19 22:13:12 -   Accuracy: 80.000%
2025-09-19 22:13:12 -   Precision: 0.667
2025-09-19 22:13:12 -   Recall: 1.000
2025-09-19 22:13:12 -   F1 Score: 0.800
2025-09-19 22:13:12 -   AUC: 1.000
2025-09-19 22:13:12 -   Correct/Total: 4/5
2025-09-19 22:13:12 -   Confusion Matrix Stats:
2025-09-19 22:13:12 -     TP: 2, TN: 2
2025-09-19 22:13:12 -     FP: 1, FN: 0
2025-09-19 22:13:12 - Subject: sub_004
2025-09-19 22:13:12 -   Accuracy: 50.000%
2025-09-19 22:13:12 -   Precision: 0.333
2025-09-19 22:13:12 -   Recall: 0.500
2025-09-19 22:13:12 -   F1 Score: 0.400
2025-09-19 22:13:12 -   AUC: 0.639
2025-09-19 22:13:12 -   Correct/Total: 9/18
2025-09-19 22:13:12 -   Confusion Matrix Stats:
2025-09-19 22:13:12 -     TP: 3, TN: 6
2025-09-19 22:13:12 -     FP: 6, FN: 3
2025-09-19 22:13:12 - Subject: sub_005
2025-09-19 22:13:12 -   Accuracy: 22.222%
2025-09-19 22:13:12 -   Precision: 0.222
2025-09-19 22:13:12 -   Recall: 1.000
2025-09-19 22:13:12 -   F1 Score: 0.364
2025-09-19 22:13:12 -   AUC: 0.786
2025-09-19 22:13:12 -   Correct/Total: 2/9
2025-09-19 22:13:12 -   Confusion Matrix Stats:
2025-09-19 22:13:12 -     TP: 2, TN: 0
2025-09-19 22:13:12 -     FP: 7, FN: 0
2025-09-19 22:13:12 - Subject: sub_006
2025-09-19 22:13:12 -   Accuracy: 42.857%
2025-09-19 22:13:12 -   Precision: 0.333
2025-09-19 22:13:12 -   Recall: 1.000
2025-09-19 22:13:12 -   F1 Score: 0.500
2025-09-19 22:13:12 -   AUC: 0.400
2025-09-19 22:13:12 -   Correct/Total: 3/7
2025-09-19 22:13:12 -   Confusion Matrix Stats:
2025-09-19 22:13:12 -     TP: 2, TN: 1
2025-09-19 22:13:12 -     FP: 4, FN: 0
2025-09-19 22:13:12 - Subject: sub_007
2025-09-19 22:13:12 -   Accuracy: 44.444%
2025-09-19 22:13:12 -   Precision: 0.375
2025-09-19 22:13:12 -   Recall: 1.000
2025-09-19 22:13:12 -   F1 Score: 0.545
2025-09-19 22:13:12 -   AUC: 0.833
2025-09-19 22:13:12 -   Correct/Total: 4/9
2025-09-19 22:13:12 -   Confusion Matrix Stats:
2025-09-19 22:13:12 -     TP: 3, TN: 1
2025-09-19 22:13:12 -     FP: 5, FN: 0
2025-09-19 22:13:12 - Subject: sub_008
2025-09-19 22:13:12 -   Accuracy: 66.667%
2025-09-19 22:13:12 -   Precision: 0.667
2025-09-19 22:13:12 -   Recall: 0.800
2025-09-19 22:13:12 -   F1 Score: 0.727
2025-09-19 22:13:12 -   AUC: 0.650
2025-09-19 22:13:12 -   Correct/Total: 6/9
2025-09-19 22:13:12 -   Confusion Matrix Stats:
2025-09-19 22:13:12 -     TP: 4, TN: 2
2025-09-19 22:13:12 -     FP: 2, FN: 1
2025-09-19 22:13:12 - Subject: sub_009
2025-09-19 22:13:12 -   Accuracy: 50.000%
2025-09-19 22:13:12 -   Precision: 0.600
2025-09-19 22:13:12 -   Recall: 0.545
2025-09-19 22:13:12 -   F1 Score: 0.571
2025-09-19 22:13:12 -   AUC: 0.636
2025-09-19 22:13:12 -   Correct/Total: 9/18
2025-09-19 22:13:12 -   Confusion Matrix Stats:
2025-09-19 22:13:12 -     TP: 6, TN: 3
2025-09-19 22:13:12 -     FP: 4, FN: 5
2025-09-19 22:13:12 - Subject: sub_010
2025-09-19 22:13:12 -   Accuracy: 66.667%
2025-09-19 22:13:12 -   Precision: 0.600
2025-09-19 22:13:12 -   Recall: 1.000
2025-09-19 22:13:12 -   F1 Score: 0.750
2025-09-19 22:13:12 -   AUC: 0.667
2025-09-19 22:13:12 -   Correct/Total: 4/6
2025-09-19 22:13:12 -   Confusion Matrix Stats:
2025-09-19 22:13:12 -     TP: 3, TN: 1
2025-09-19 22:13:12 -     FP: 2, FN: 0
2025-09-19 22:13:12 - Subject: sub_011
2025-09-19 22:13:12 -   Accuracy: 33.333%
2025-09-19 22:13:12 -   Precision: 0.000
2025-09-19 22:13:12 -   Recall: 0.000
2025-09-19 22:13:12 -   F1 Score: 0.000
2025-09-19 22:13:12 -   AUC: 0.500
2025-09-19 22:13:12 -   Correct/Total: 2/6
2025-09-19 22:13:12 -   Confusion Matrix Stats:
2025-09-19 22:13:12 -     TP: 0, TN: 2
2025-09-19 22:13:12 -     FP: 4, FN: 0
2025-09-19 22:13:12 - Subject: sub_012
2025-09-19 22:13:12 -   Accuracy: 66.667%
2025-09-19 22:13:12 -   Precision: 0.625
2025-09-19 22:13:12 -   Recall: 1.000
2025-09-19 22:13:12 -   F1 Score: 0.769
2025-09-19 22:13:12 -   AUC: 0.650
2025-09-19 22:13:12 -   Correct/Total: 6/9
2025-09-19 22:13:12 -   Confusion Matrix Stats:
2025-09-19 22:13:12 -     TP: 5, TN: 1
2025-09-19 22:13:12 -     FP: 3, FN: 0
2025-09-19 22:13:12 - Subject: sub_013
2025-09-19 22:13:12 -   Accuracy: 45.455%
2025-09-19 22:13:12 -   Precision: 0.455
2025-09-19 22:13:12 -   Recall: 1.000
2025-09-19 22:13:12 -   F1 Score: 0.625
2025-09-19 22:13:12 -   AUC: 0.733
2025-09-19 22:13:12 -   Correct/Total: 5/11
2025-09-19 22:13:12 -   Confusion Matrix Stats:
2025-09-19 22:13:12 -     TP: 5, TN: 0
2025-09-19 22:13:12 -     FP: 6, FN: 0
2025-09-19 22:13:12 - Subject: sub_014
2025-09-19 22:13:12 -   Accuracy: 36.364%
2025-09-19 22:13:12 -   Precision: 0.286
2025-09-19 22:13:12 -   Recall: 0.500
2025-09-19 22:13:12 -   F1 Score: 0.364
2025-09-19 22:13:12 -   AUC: 0.357
2025-09-19 22:13:12 -   Correct/Total: 4/11
2025-09-19 22:13:12 -   Confusion Matrix Stats:
2025-09-19 22:13:12 -     TP: 2, TN: 2
2025-09-19 22:13:12 -     FP: 5, FN: 2
2025-09-19 22:13:12 - Subject: sub_015
2025-09-19 22:13:12 -   Accuracy: 57.143%
2025-09-19 22:13:12 -   Precision: 0.500
2025-09-19 22:13:12 -   Recall: 0.333
2025-09-19 22:13:12 -   F1 Score: 0.400
2025-09-19 22:13:12 -   AUC: 0.750
2025-09-19 22:13:12 -   Correct/Total: 4/7
2025-09-19 22:13:12 -   Confusion Matrix Stats:
2025-09-19 22:13:12 -     TP: 1, TN: 3
2025-09-19 22:13:12 -     FP: 1, FN: 2
2025-09-19 22:13:12 - Subject: sub_016
2025-09-19 22:13:12 -   Accuracy: 60.000%
2025-09-19 22:13:12 -   Precision: 0.600
2025-09-19 22:13:12 -   Recall: 1.000
2025-09-19 22:13:12 -   F1 Score: 0.750
2025-09-19 22:13:12 -   AUC: 0.458
2025-09-19 22:13:12 -   Correct/Total: 6/10
2025-09-19 22:13:12 -   Confusion Matrix Stats:
2025-09-19 22:13:12 -     TP: 6, TN: 0
2025-09-19 22:13:12 -     FP: 4, FN: 0
2025-09-19 22:13:12 - Subject: sub_017
2025-09-19 22:13:12 -   Accuracy: 54.545%
2025-09-19 22:13:12 -   Precision: 0.375
2025-09-19 22:13:12 -   Recall: 1.000
2025-09-19 22:13:12 -   F1 Score: 0.545
2025-09-19 22:13:12 -   AUC: 1.000
2025-09-19 22:13:12 -   Correct/Total: 6/11
2025-09-19 22:13:12 -   Confusion Matrix Stats:
2025-09-19 22:13:12 -     TP: 3, TN: 3
2025-09-19 22:13:12 -     FP: 5, FN: 0
2025-09-19 22:13:12 - Subject: sub_018
2025-09-19 22:13:12 -   Accuracy: 50.000%
2025-09-19 22:13:12 -   Precision: 0.500
2025-09-19 22:13:12 -   Recall: 1.000
2025-09-19 22:13:12 -   F1 Score: 0.667
2025-09-19 22:13:12 -   AUC: 0.667
2025-09-19 22:13:12 -   Correct/Total: 3/6
2025-09-19 22:13:12 -   Confusion Matrix Stats:
2025-09-19 22:13:12 -     TP: 3, TN: 0
2025-09-19 22:13:12 -     FP: 3, FN: 0
2025-09-19 22:13:12 - Subject: sub_019
2025-09-19 22:13:12 -   Accuracy: 50.000%
2025-09-19 22:13:12 -   Precision: 0.667
2025-09-19 22:13:12 -   Recall: 0.571
2025-09-19 22:13:12 -   F1 Score: 0.615
2025-09-19 22:13:12 -   AUC: 0.571
2025-09-19 22:13:12 -   Correct/Total: 5/10
2025-09-19 22:13:12 -   Confusion Matrix Stats:
2025-09-19 22:13:12 -     TP: 4, TN: 1
2025-09-19 22:13:12 -     FP: 2, FN: 3
2025-09-19 22:13:12 - Subject: sub_020
2025-09-19 22:13:12 -   Accuracy: 45.455%
2025-09-19 22:13:12 -   Precision: 0.500
2025-09-19 22:13:12 -   Recall: 0.667
2025-09-19 22:13:12 -   F1 Score: 0.571
2025-09-19 22:13:12 -   AUC: 0.600
2025-09-19 22:13:12 -   Correct/Total: 5/11
2025-09-19 22:13:12 -   Confusion Matrix Stats:
2025-09-19 22:13:12 -     TP: 4, TN: 1
2025-09-19 22:13:12 -     FP: 4, FN: 2
2025-09-19 22:13:12 - Subject: sub_021
2025-09-19 22:13:12 -   Accuracy: 60.000%
2025-09-19 22:13:12 -   Precision: 0.500
2025-09-19 22:13:12 -   Recall: 1.000
2025-09-19 22:13:12 -   F1 Score: 0.667
2025-09-19 22:13:12 -   AUC: 0.917
2025-09-19 22:13:12 -   Correct/Total: 6/10
2025-09-19 22:13:12 -   Confusion Matrix Stats:
2025-09-19 22:13:12 -     TP: 4, TN: 2
2025-09-19 22:13:12 -     FP: 4, FN: 0
2025-09-19 22:13:12 - Subject: sub_022
2025-09-19 22:13:12 -   Accuracy: 75.000%
2025-09-19 22:13:12 -   Precision: 0.727
2025-09-19 22:13:12 -   Recall: 1.000
2025-09-19 22:13:12 -   F1 Score: 0.842
2025-09-19 22:13:12 -   AUC: 0.656
2025-09-19 22:13:12 -   Correct/Total: 9/12
2025-09-19 22:13:12 -   Confusion Matrix Stats:
2025-09-19 22:13:12 -     TP: 8, TN: 1
2025-09-19 22:13:12 -     FP: 3, FN: 0
2025-09-19 22:13:12 - Subject: sub_023
2025-09-19 22:13:12 -   Accuracy: 69.231%
2025-09-19 22:13:12 -   Precision: 0.727
2025-09-19 22:13:12 -   Recall: 0.889
2025-09-19 22:13:12 -   F1 Score: 0.800
2025-09-19 22:13:12 -   AUC: 0.778
2025-09-19 22:13:12 -   Correct/Total: 9/13
2025-09-19 22:13:12 -   Confusion Matrix Stats:
2025-09-19 22:13:12 -     TP: 8, TN: 1
2025-09-19 22:13:12 -     FP: 3, FN: 1
2025-09-19 22:13:12 - Subject: sub_024
2025-09-19 22:13:12 -   Accuracy: 50.000%
2025-09-19 22:13:12 -   Precision: 0.333
2025-09-19 22:13:12 -   Recall: 1.000
2025-09-19 22:13:12 -   F1 Score: 0.500
2025-09-19 22:13:12 -   AUC: 1.000
2025-09-19 22:13:12 -   Correct/Total: 2/4
2025-09-19 22:13:12 -   Confusion Matrix Stats:
2025-09-19 22:13:12 -     TP: 1, TN: 1
2025-09-19 22:13:12 -     FP: 2, FN: 0
2025-09-19 22:13:12 - Subject: sub_025
2025-09-19 22:13:12 -   Accuracy: 50.000%
2025-09-19 22:13:12 -   Precision: 0.500
2025-09-19 22:13:12 -   Recall: 1.000
2025-09-19 22:13:12 -   F1 Score: 0.667
2025-09-19 22:13:12 -   AUC: 0.755
2025-09-19 22:13:12 -   Correct/Total: 7/14
2025-09-19 22:13:12 -   Confusion Matrix Stats:
2025-09-19 22:13:12 -     TP: 7, TN: 0
2025-09-19 22:13:12 -     FP: 7, FN: 0
2025-09-19 22:13:12 - Subject: sub_026
2025-09-19 22:13:12 -   Accuracy: 80.000%
2025-09-19 22:13:12 -   Precision: 0.667
2025-09-19 22:13:12 -   Recall: 1.000
2025-09-19 22:13:12 -   F1 Score: 0.800
2025-09-19 22:13:12 -   AUC: 0.958
2025-09-19 22:13:12 -   Correct/Total: 8/10
2025-09-19 22:13:12 -   Confusion Matrix Stats:
2025-09-19 22:13:12 -     TP: 4, TN: 4
2025-09-19 22:13:12 -     FP: 2, FN: 0
2025-09-19 22:13:12 - Subject: sub_027
2025-09-19 22:13:12 -   Accuracy: 42.857%
2025-09-19 22:13:12 -   Precision: 0.429
2025-09-19 22:13:12 -   Recall: 1.000
2025-09-19 22:13:12 -   F1 Score: 0.600
2025-09-19 22:13:12 -   AUC: 0.167
2025-09-19 22:13:12 -   Correct/Total: 3/7
2025-09-19 22:13:12 -   Confusion Matrix Stats:
2025-09-19 22:13:12 -     TP: 3, TN: 0
2025-09-19 22:13:12 -     FP: 4, FN: 0
2025-09-19 22:13:12 - Subject: sub_028
2025-09-19 22:13:12 -   Accuracy: 75.000%
2025-09-19 22:13:12 -   Precision: 0.750
2025-09-19 22:13:12 -   Recall: 1.000
2025-09-19 22:13:12 -   F1 Score: 0.857
2025-09-19 22:13:12 -   AUC: 0.667
2025-09-19 22:13:12 -   Correct/Total: 3/4
2025-09-19 22:13:12 -   Confusion Matrix Stats:
2025-09-19 22:13:12 -     TP: 3, TN: 0
2025-09-19 22:13:12 -     FP: 1, FN: 0
2025-09-19 22:13:12 - Subject: sub_029
2025-09-19 22:13:12 -   Accuracy: 80.000%
2025-09-19 22:13:12 -   Precision: 0.750
2025-09-19 22:13:12 -   Recall: 0.600
2025-09-19 22:13:12 -   F1 Score: 0.667
2025-09-19 22:13:12 -   AUC: 0.780
2025-09-19 22:13:12 -   Correct/Total: 12/15
2025-09-19 22:13:12 -   Confusion Matrix Stats:
2025-09-19 22:13:12 -     TP: 3, TN: 9
2025-09-19 22:13:12 -     FP: 1, FN: 2
2025-09-19 22:13:12 - Subject: sub_030
2025-09-19 22:13:12 -   Accuracy: 50.000%
2025-09-19 22:13:12 -   Precision: 0.500
2025-09-19 22:13:12 -   Recall: 0.833
2025-09-19 22:13:12 -   F1 Score: 0.625
2025-09-19 22:13:12 -   AUC: 0.694
2025-09-19 22:13:12 -   Correct/Total: 6/12
2025-09-19 22:13:12 -   Confusion Matrix Stats:
2025-09-19 22:13:12 -     TP: 5, TN: 1
2025-09-19 22:13:12 -     FP: 5, FN: 1
2025-09-19 22:13:12 - Subject: sub_031
2025-09-19 22:13:12 -   Accuracy: 16.667%
2025-09-19 22:13:12 -   Precision: 0.188
2025-09-19 22:13:12 -   Recall: 0.600
2025-09-19 22:13:12 -   F1 Score: 0.286
2025-09-19 22:13:12 -   AUC: 0.169
2025-09-19 22:13:12 -   Correct/Total: 3/18
2025-09-19 22:13:12 -   Confusion Matrix Stats:
2025-09-19 22:13:12 -     TP: 3, TN: 0
2025-09-19 22:13:12 -     FP: 13, FN: 2
2025-09-19 22:13:12 - Subject: sub_032
2025-09-19 22:13:12 -   Accuracy: 50.000%
2025-09-19 22:13:12 -   Precision: 0.429
2025-09-19 22:13:12 -   Recall: 1.000
2025-09-19 22:13:12 -   F1 Score: 0.600
2025-09-19 22:13:12 -   AUC: 0.600
2025-09-19 22:13:12 -   Correct/Total: 4/8
2025-09-19 22:13:12 -   Confusion Matrix Stats:
2025-09-19 22:13:12 -     TP: 3, TN: 1
2025-09-19 22:13:12 -     FP: 4, FN: 0
2025-09-19 22:13:12 - Subject: sub_033
2025-09-19 22:13:12 -   Accuracy: 91.667%
2025-09-19 22:13:12 -   Precision: 0.833
2025-09-19 22:13:12 -   Recall: 1.000
2025-09-19 22:13:12 -   F1 Score: 0.909
2025-09-19 22:13:12 -   AUC: 0.943
2025-09-19 22:13:12 -   Correct/Total: 11/12
2025-09-19 22:13:12 -   Confusion Matrix Stats:
2025-09-19 22:13:12 -     TP: 5, TN: 6
2025-09-19 22:13:12 -     FP: 1, FN: 0
2025-09-19 22:13:12 - Subject: sub_034
2025-09-19 22:13:12 -   Accuracy: 66.667%
2025-09-19 22:13:12 -   Precision: 0.750
2025-09-19 22:13:12 -   Recall: 0.857
2025-09-19 22:13:12 -   F1 Score: 0.800
2025-09-19 22:13:12 -   AUC: 0.214
2025-09-19 22:13:12 -   Correct/Total: 6/9
2025-09-19 22:13:12 -   Confusion Matrix Stats:
2025-09-19 22:13:12 -     TP: 6, TN: 0
2025-09-19 22:13:12 -     FP: 2, FN: 1
2025-09-19 22:13:12 - Subject: sub_035
2025-09-19 22:13:12 -   Accuracy: 45.455%
2025-09-19 22:13:12 -   Precision: 0.333
2025-09-19 22:13:12 -   Recall: 1.000
2025-09-19 22:13:12 -   F1 Score: 0.500
2025-09-19 22:13:12 -   AUC: 0.583
2025-09-19 22:13:12 -   Correct/Total: 5/11
2025-09-19 22:13:12 -   Confusion Matrix Stats:
2025-09-19 22:13:12 -     TP: 3, TN: 2
2025-09-19 22:13:12 -     FP: 6, FN: 0
2025-09-19 22:13:12 - Subject: sub_036
2025-09-19 22:13:12 -   Accuracy: 33.333%
2025-09-19 22:13:12 -   Precision: 0.400
2025-09-19 22:13:12 -   Recall: 0.667
2025-09-19 22:13:12 -   F1 Score: 0.500
2025-09-19 22:13:12 -   AUC: 0.333
2025-09-19 22:13:12 -   Correct/Total: 4/12
2025-09-19 22:13:12 -   Confusion Matrix Stats:
2025-09-19 22:13:12 -     TP: 4, TN: 0
2025-09-19 22:13:12 -     FP: 6, FN: 2
2025-09-19 22:13:12 - Subject: sub_037
2025-09-19 22:13:12 -   Accuracy: 46.667%
2025-09-19 22:13:12 -   Precision: 0.400
2025-09-19 22:13:12 -   Recall: 0.667
2025-09-19 22:13:12 -   F1 Score: 0.500
2025-09-19 22:13:12 -   AUC: 0.519
2025-09-19 22:13:12 -   Correct/Total: 7/15
2025-09-19 22:13:12 -   Confusion Matrix Stats:
2025-09-19 22:13:12 -     TP: 4, TN: 3
2025-09-19 22:13:12 -     FP: 6, FN: 2
2025-09-19 22:13:12 - Subject: sub_038
2025-09-19 22:13:12 -   Accuracy: 41.667%
2025-09-19 22:13:12 -   Precision: 0.417
2025-09-19 22:13:12 -   Recall: 1.000
2025-09-19 22:13:12 -   F1 Score: 0.588
2025-09-19 22:13:12 -   AUC: 0.514
2025-09-19 22:13:12 -   Correct/Total: 5/12
2025-09-19 22:13:12 -   Confusion Matrix Stats:
2025-09-19 22:13:12 -     TP: 5, TN: 0
2025-09-19 22:13:12 -     FP: 7, FN: 0
2025-09-19 22:13:12 - Subject: sub_039
2025-09-19 22:13:12 -   Accuracy: 62.500%
2025-09-19 22:13:12 -   Precision: 0.750
2025-09-19 22:13:12 -   Recall: 0.600
2025-09-19 22:13:12 -   F1 Score: 0.667
2025-09-19 22:13:12 -   AUC: 0.667
2025-09-19 22:13:12 -   Correct/Total: 5/8
2025-09-19 22:13:12 -   Confusion Matrix Stats:
2025-09-19 22:13:12 -     TP: 3, TN: 2
2025-09-19 22:13:12 -     FP: 1, FN: 2
2025-09-19 22:13:12 - Subject: sub_040
2025-09-19 22:13:12 -   Accuracy: 71.429%
2025-09-19 22:13:12 -   Precision: 0.667
2025-09-19 22:13:12 -   Recall: 1.000
2025-09-19 22:13:12 -   F1 Score: 0.800
2025-09-19 22:13:12 -   AUC: 0.500
2025-09-19 22:13:12 -   Correct/Total: 5/7
2025-09-19 22:13:12 -   Confusion Matrix Stats:
2025-09-19 22:13:12 -     TP: 4, TN: 1
2025-09-19 22:13:12 -     FP: 2, FN: 0
2025-09-19 22:13:12 - 
AVO Pooled Model Statistics:
2025-09-19 22:13:12 - 95% Confidence Interval: [0.496, 0.600]
2025-09-19 22:13:12 - Best Subject: sub_033 (0.917)
2025-09-19 22:13:12 - Worst Subject: sub_031 (0.167)
2025-09-19 22:13:12 - Mean Accuracy: 0.537
2025-09-19 22:13:12 - Mean Precision: 0.493
2025-09-19 22:13:12 - Mean Recall: 0.823
2025-09-19 22:13:12 - Mean F1-Score: 0.617
2025-09-19 22:13:12 - Mean AUC: 0.639
2025-09-19 22:13:12 - Mean Confusion Matrix:
2025-09-19 22:13:12 -   TP: 4, TN: 2
2025-09-19 22:13:12 -   FP: 4, FN: 1
