2025-09-09 11:46:00 - 
Experiment Configuration:
2025-09-09 11:46:00 - --------------------------------------------------
2025-09-09 11:46:00 - dataset: ds005863
2025-09-09 11:46:00 - use_combined_datasets: False
2025-09-09 11:46:00 - electrode_list: all
2025-09-09 11:46:00 - classifier: ShallowFBCSPNet
2025-09-09 11:46:00 - separate_subject_classification: False
2025-09-09 11:46:00 - use_subject_layer: False
2025-09-09 11:46:00 - seeds: [42]
2025-09-09 11:46:00 - --------------------------------------------------
2025-09-09 11:46:00 - 
==================================================
2025-09-09 11:46:00 - Processing Active Visual Oddball Dataset
2025-09-09 11:46:00 - ==================================================
2025-09-09 11:48:37 - 
==================================================
2025-09-09 11:48:37 - Individual Subject Results - AVO
2025-09-09 11:48:37 - ==================================================
2025-09-09 11:48:37 - Subject: sub_001
2025-09-09 11:48:37 -   Accuracy: 0.000%
2025-09-09 11:48:37 -   Precision: 0.500
2025-09-09 11:48:37 -   Recall: 1.000
2025-09-09 11:48:37 -   F1 Score: 0.667
2025-09-09 11:48:37 -   AUC: 1.000
2025-09-09 11:48:37 -   Correct/Total: 9/14
2025-09-09 11:48:37 -   Confusion Matrix Stats:
2025-09-09 11:48:37 -     TP: 5, TN: 4
2025-09-09 11:48:37 -     FP: 5, FN: 0
2025-09-09 11:48:37 - Subject: sub_002
2025-09-09 11:48:37 -   Accuracy: 0.000%
2025-09-09 11:48:37 -   Precision: 0.462
2025-09-09 11:48:37 -   Recall: 1.000
2025-09-09 11:48:37 -   F1 Score: 0.632
2025-09-09 11:48:37 -   AUC: 0.681
2025-09-09 11:48:37 -   Correct/Total: 11/18
2025-09-09 11:48:37 -   Confusion Matrix Stats:
2025-09-09 11:48:37 -     TP: 6, TN: 5
2025-09-09 11:48:37 -     FP: 7, FN: 0
2025-09-09 11:48:37 - Subject: sub_003
2025-09-09 11:48:37 -   Accuracy: 0.000%
2025-09-09 11:48:37 -   Precision: 0.571
2025-09-09 11:48:37 -   Recall: 1.000
2025-09-09 11:48:37 -   F1 Score: 0.727
2025-09-09 11:48:37 -   AUC: 0.750
2025-09-09 11:48:37 -   Correct/Total: 6/9
2025-09-09 11:48:37 -   Confusion Matrix Stats:
2025-09-09 11:48:37 -     TP: 4, TN: 2
2025-09-09 11:48:37 -     FP: 3, FN: 0
2025-09-09 11:48:37 - Subject: sub_004
2025-09-09 11:48:37 -   Accuracy: 0.000%
2025-09-09 11:48:37 -   Precision: 0.750
2025-09-09 11:48:37 -   Recall: 0.900
2025-09-09 11:48:37 -   F1 Score: 0.818
2025-09-09 11:48:37 -   AUC: 0.833
2025-09-09 11:48:37 -   Correct/Total: 12/16
2025-09-09 11:48:37 -   Confusion Matrix Stats:
2025-09-09 11:48:37 -     TP: 9, TN: 3
2025-09-09 11:48:37 -     FP: 3, FN: 1
2025-09-09 11:48:37 - Subject: sub_005
2025-09-09 11:48:37 -   Accuracy: 0.000%
2025-09-09 11:48:37 -   Precision: 1.000
2025-09-09 11:48:37 -   Recall: 1.000
2025-09-09 11:48:37 -   F1 Score: 1.000
2025-09-09 11:48:37 -   AUC: 1.000
2025-09-09 11:48:37 -   Correct/Total: 10/10
2025-09-09 11:48:37 -   Confusion Matrix Stats:
2025-09-09 11:48:37 -     TP: 6, TN: 4
2025-09-09 11:48:37 -     FP: 0, FN: 0
2025-09-09 11:48:37 - Subject: sub_006
2025-09-09 11:48:37 -   Accuracy: 0.000%
2025-09-09 11:48:37 -   Precision: 0.571
2025-09-09 11:48:37 -   Recall: 0.400
2025-09-09 11:48:37 -   F1 Score: 0.471
2025-09-09 11:48:37 -   AUC: 0.700
2025-09-09 11:48:37 -   Correct/Total: 8/17
2025-09-09 11:48:37 -   Confusion Matrix Stats:
2025-09-09 11:48:37 -     TP: 4, TN: 4
2025-09-09 11:48:37 -     FP: 3, FN: 6
2025-09-09 11:48:37 - Subject: sub_007
2025-09-09 11:48:37 -   Accuracy: 0.000%
2025-09-09 11:48:37 -   Precision: 0.857
2025-09-09 11:48:37 -   Recall: 1.000
2025-09-09 11:48:37 -   F1 Score: 0.923
2025-09-09 11:48:37 -   AUC: 0.857
2025-09-09 11:48:37 -   Correct/Total: 12/13
2025-09-09 11:48:37 -   Confusion Matrix Stats:
2025-09-09 11:48:37 -     TP: 6, TN: 6
2025-09-09 11:48:37 -     FP: 1, FN: 0
2025-09-09 11:48:37 - Subject: sub_008
2025-09-09 11:48:37 -   Accuracy: 0.000%
2025-09-09 11:48:37 -   Precision: 0.556
2025-09-09 11:48:37 -   Recall: 1.000
2025-09-09 11:48:37 -   F1 Score: 0.714
2025-09-09 11:48:37 -   AUC: 0.978
2025-09-09 11:48:37 -   Correct/Total: 10/14
2025-09-09 11:48:37 -   Confusion Matrix Stats:
2025-09-09 11:48:37 -     TP: 5, TN: 5
2025-09-09 11:48:37 -     FP: 4, FN: 0
2025-09-09 11:48:37 - Subject: sub_009
2025-09-09 11:48:37 -   Accuracy: 0.000%
2025-09-09 11:48:37 -   Precision: 1.000
2025-09-09 11:48:37 -   Recall: 0.800
2025-09-09 11:48:37 -   F1 Score: 0.889
2025-09-09 11:48:37 -   AUC: 0.967
2025-09-09 11:48:37 -   Correct/Total: 10/11
2025-09-09 11:48:37 -   Confusion Matrix Stats:
2025-09-09 11:48:37 -     TP: 4, TN: 6
2025-09-09 11:48:37 -     FP: 0, FN: 1
2025-09-09 11:48:37 - Subject: sub_010
2025-09-09 11:48:37 -   Accuracy: 0.000%
2025-09-09 11:48:37 -   Precision: 0.833
2025-09-09 11:48:37 -   Recall: 0.833
2025-09-09 11:48:37 -   F1 Score: 0.833
2025-09-09 11:48:37 -   AUC: 0.702
2025-09-09 11:48:37 -   Correct/Total: 15/19
2025-09-09 11:48:37 -   Confusion Matrix Stats:
2025-09-09 11:48:37 -     TP: 10, TN: 5
2025-09-09 11:48:37 -     FP: 2, FN: 2
2025-09-09 11:48:37 - Subject: sub_011
2025-09-09 11:48:37 -   Accuracy: 0.000%
2025-09-09 11:48:37 -   Precision: 0.700
2025-09-09 11:48:37 -   Recall: 1.000
2025-09-09 11:48:37 -   F1 Score: 0.824
2025-09-09 11:48:37 -   AUC: 0.857
2025-09-09 11:48:37 -   Correct/Total: 11/14
2025-09-09 11:48:37 -   Confusion Matrix Stats:
2025-09-09 11:48:37 -     TP: 7, TN: 4
2025-09-09 11:48:37 -     FP: 3, FN: 0
2025-09-09 11:48:37 - Subject: sub_012
2025-09-09 11:48:37 -   Accuracy: 0.000%
2025-09-09 11:48:37 -   Precision: 1.000
2025-09-09 11:48:37 -   Recall: 0.667
2025-09-09 11:48:37 -   F1 Score: 0.800
2025-09-09 11:48:37 -   AUC: 1.000
2025-09-09 11:48:37 -   Correct/Total: 7/8
2025-09-09 11:48:37 -   Confusion Matrix Stats:
2025-09-09 11:48:37 -     TP: 2, TN: 5
2025-09-09 11:48:37 -     FP: 0, FN: 1
2025-09-09 11:48:37 - Subject: sub_013
2025-09-09 11:48:37 -   Accuracy: 0.000%
2025-09-09 11:48:37 -   Precision: 0.600
2025-09-09 11:48:37 -   Recall: 1.000
2025-09-09 11:48:37 -   F1 Score: 0.750
2025-09-09 11:48:37 -   AUC: 0.833
2025-09-09 11:48:37 -   Correct/Total: 9/13
2025-09-09 11:48:37 -   Confusion Matrix Stats:
2025-09-09 11:48:37 -     TP: 6, TN: 3
2025-09-09 11:48:37 -     FP: 4, FN: 0
2025-09-09 11:48:37 - Subject: sub_014
2025-09-09 11:48:37 -   Accuracy: 0.000%
2025-09-09 11:48:37 -   Precision: 0.545
2025-09-09 11:48:37 -   Recall: 1.000
2025-09-09 11:48:37 -   F1 Score: 0.706
2025-09-09 11:48:37 -   AUC: 0.783
2025-09-09 11:48:37 -   Correct/Total: 11/16
2025-09-09 11:48:37 -   Confusion Matrix Stats:
2025-09-09 11:48:37 -     TP: 6, TN: 5
2025-09-09 11:48:37 -     FP: 5, FN: 0
2025-09-09 11:48:37 - Subject: sub_015
2025-09-09 11:48:37 -   Accuracy: 0.000%
2025-09-09 11:48:37 -   Precision: 0.500
2025-09-09 11:48:37 -   Recall: 1.000
2025-09-09 11:48:37 -   F1 Score: 0.667
2025-09-09 11:48:37 -   AUC: 0.792
2025-09-09 11:48:37 -   Correct/Total: 6/10
2025-09-09 11:48:37 -   Confusion Matrix Stats:
2025-09-09 11:48:37 -     TP: 4, TN: 2
2025-09-09 11:48:37 -     FP: 4, FN: 0
2025-09-09 11:48:37 - Subject: sub_016
2025-09-09 11:48:37 -   Accuracy: 0.000%
2025-09-09 11:48:37 -   Precision: 0.714
2025-09-09 11:48:37 -   Recall: 1.000
2025-09-09 11:48:37 -   F1 Score: 0.833
2025-09-09 11:48:37 -   AUC: 1.000
2025-09-09 11:48:37 -   Correct/Total: 15/19
2025-09-09 11:48:37 -   Confusion Matrix Stats:
2025-09-09 11:48:37 -     TP: 10, TN: 5
2025-09-09 11:48:37 -     FP: 4, FN: 0
2025-09-09 11:48:37 - Subject: sub_017
2025-09-09 11:48:37 -   Accuracy: 0.000%
2025-09-09 11:48:37 -   Precision: 0.615
2025-09-09 11:48:37 -   Recall: 1.000
2025-09-09 11:48:37 -   F1 Score: 0.762
2025-09-09 11:48:37 -   AUC: 0.850
2025-09-09 11:48:37 -   Correct/Total: 13/18
2025-09-09 11:48:37 -   Confusion Matrix Stats:
2025-09-09 11:48:37 -     TP: 8, TN: 5
2025-09-09 11:48:37 -     FP: 5, FN: 0
2025-09-09 11:48:37 - Subject: sub_018
2025-09-09 11:48:37 -   Accuracy: 0.000%
2025-09-09 11:48:37 -   Precision: 0.625
2025-09-09 11:48:37 -   Recall: 0.714
2025-09-09 11:48:37 -   F1 Score: 0.667
2025-09-09 11:48:37 -   AUC: 0.714
2025-09-09 11:48:37 -   Correct/Total: 10/15
2025-09-09 11:48:37 -   Confusion Matrix Stats:
2025-09-09 11:48:37 -     TP: 5, TN: 5
2025-09-09 11:48:37 -     FP: 3, FN: 2
2025-09-09 11:48:37 - Subject: sub_019
2025-09-09 11:48:37 -   Accuracy: 0.000%
2025-09-09 11:48:37 -   Precision: 0.250
2025-09-09 11:48:37 -   Recall: 1.000
2025-09-09 11:48:37 -   F1 Score: 0.400
2025-09-09 11:48:37 -   AUC: 1.000
2025-09-09 11:48:37 -   Correct/Total: 3/6
2025-09-09 11:48:37 -   Confusion Matrix Stats:
2025-09-09 11:48:37 -     TP: 1, TN: 2
2025-09-09 11:48:37 -     FP: 3, FN: 0
2025-09-09 11:48:37 - Subject: sub_020
2025-09-09 11:48:37 -   Accuracy: 0.000%
2025-09-09 11:48:37 -   Precision: 0.750
2025-09-09 11:48:37 -   Recall: 0.857
2025-09-09 11:48:37 -   F1 Score: 0.800
2025-09-09 11:48:37 -   AUC: 0.762
2025-09-09 11:48:37 -   Correct/Total: 7/10
2025-09-09 11:48:37 -   Confusion Matrix Stats:
2025-09-09 11:48:37 -     TP: 6, TN: 1
2025-09-09 11:48:37 -     FP: 2, FN: 1
2025-09-09 11:48:37 - Subject: sub_021
2025-09-09 11:48:37 -   Accuracy: 0.000%
2025-09-09 11:48:37 -   Precision: 0.800
2025-09-09 11:48:37 -   Recall: 0.571
2025-09-09 11:48:37 -   F1 Score: 0.667
2025-09-09 11:48:37 -   AUC: 0.735
2025-09-09 11:48:37 -   Correct/Total: 10/14
2025-09-09 11:48:37 -   Confusion Matrix Stats:
2025-09-09 11:48:37 -     TP: 4, TN: 6
2025-09-09 11:48:37 -     FP: 1, FN: 3
2025-09-09 11:48:37 - Subject: sub_022
2025-09-09 11:48:37 -   Accuracy: 0.000%
2025-09-09 11:48:37 -   Precision: 0.625
2025-09-09 11:48:37 -   Recall: 1.000
2025-09-09 11:48:37 -   F1 Score: 0.769
2025-09-09 11:48:37 -   AUC: 1.000
2025-09-09 11:48:37 -   Correct/Total: 8/11
2025-09-09 11:48:37 -   Confusion Matrix Stats:
2025-09-09 11:48:37 -     TP: 5, TN: 3
2025-09-09 11:48:37 -     FP: 3, FN: 0
2025-09-09 11:48:37 - Subject: sub_023
2025-09-09 11:48:37 -   Accuracy: 0.000%
2025-09-09 11:48:37 -   Precision: 0.500
2025-09-09 11:48:37 -   Recall: 1.000
2025-09-09 11:48:37 -   F1 Score: 0.667
2025-09-09 11:48:37 -   AUC: 0.800
2025-09-09 11:48:37 -   Correct/Total: 9/14
2025-09-09 11:48:37 -   Confusion Matrix Stats:
2025-09-09 11:48:37 -     TP: 5, TN: 4
2025-09-09 11:48:37 -     FP: 5, FN: 0
2025-09-09 11:48:37 - Subject: sub_024
2025-09-09 11:48:37 -   Accuracy: 0.000%
2025-09-09 11:48:37 -   Precision: 0.500
2025-09-09 11:48:37 -   Recall: 1.000
2025-09-09 11:48:37 -   F1 Score: 0.667
2025-09-09 11:48:37 -   AUC: 0.810
2025-09-09 11:48:37 -   Correct/Total: 7/13
2025-09-09 11:48:37 -   Confusion Matrix Stats:
2025-09-09 11:48:37 -     TP: 6, TN: 1
2025-09-09 11:48:37 -     FP: 6, FN: 0
2025-09-09 11:48:37 - Subject: sub_025
2025-09-09 11:48:37 -   Accuracy: 0.000%
2025-09-09 11:48:37 -   Precision: 0.400
2025-09-09 11:48:37 -   Recall: 0.667
2025-09-09 11:48:37 -   F1 Score: 0.500
2025-09-09 11:48:37 -   AUC: 0.400
2025-09-09 11:48:37 -   Correct/Total: 4/8
2025-09-09 11:48:37 -   Confusion Matrix Stats:
2025-09-09 11:48:37 -     TP: 2, TN: 2
2025-09-09 11:48:37 -     FP: 3, FN: 1
2025-09-09 11:48:37 - Subject: sub_026
2025-09-09 11:48:37 -   Accuracy: 0.000%
2025-09-09 11:48:37 -   Precision: 1.000
2025-09-09 11:48:37 -   Recall: 0.583
2025-09-09 11:48:37 -   F1 Score: 0.737
2025-09-09 11:48:37 -   AUC: 0.667
2025-09-09 11:48:37 -   Correct/Total: 9/14
2025-09-09 11:48:37 -   Confusion Matrix Stats:
2025-09-09 11:48:37 -     TP: 7, TN: 2
2025-09-09 11:48:37 -     FP: 0, FN: 5
2025-09-09 11:48:37 - Subject: sub_027
2025-09-09 11:48:37 -   Accuracy: 0.000%
2025-09-09 11:48:37 -   Precision: 0.818
2025-09-09 11:48:37 -   Recall: 0.818
2025-09-09 11:48:37 -   F1 Score: 0.818
2025-09-09 11:48:37 -   AUC: 0.727
2025-09-09 11:48:37 -   Correct/Total: 10/14
2025-09-09 11:48:37 -   Confusion Matrix Stats:
2025-09-09 11:48:37 -     TP: 9, TN: 1
2025-09-09 11:48:37 -     FP: 2, FN: 2
2025-09-09 11:48:37 - Subject: sub_028
2025-09-09 11:48:37 -   Accuracy: 0.000%
2025-09-09 11:48:37 -   Precision: 0.500
2025-09-09 11:48:37 -   Recall: 0.857
2025-09-09 11:48:37 -   F1 Score: 0.632
2025-09-09 11:48:37 -   AUC: 0.661
2025-09-09 11:48:37 -   Correct/Total: 8/15
2025-09-09 11:48:37 -   Confusion Matrix Stats:
2025-09-09 11:48:37 -     TP: 6, TN: 2
2025-09-09 11:48:37 -     FP: 6, FN: 1
2025-09-09 11:48:37 - Subject: sub_029
2025-09-09 11:48:37 -   Accuracy: 0.000%
2025-09-09 11:48:37 -   Precision: 0.333
2025-09-09 11:48:37 -   Recall: 0.250
2025-09-09 11:48:37 -   F1 Score: 0.286
2025-09-09 11:48:37 -   AUC: 0.375
2025-09-09 11:48:37 -   Correct/Total: 5/10
2025-09-09 11:48:37 -   Confusion Matrix Stats:
2025-09-09 11:48:37 -     TP: 1, TN: 4
2025-09-09 11:48:37 -     FP: 2, FN: 3
2025-09-09 11:48:37 - Subject: sub_030
2025-09-09 11:48:37 -   Accuracy: 0.000%
2025-09-09 11:48:37 -   Precision: 0.625
2025-09-09 11:48:37 -   Recall: 0.714
2025-09-09 11:48:37 -   F1 Score: 0.667
2025-09-09 11:48:37 -   AUC: 0.600
2025-09-09 11:48:37 -   Correct/Total: 12/17
2025-09-09 11:48:37 -   Confusion Matrix Stats:
2025-09-09 11:48:37 -     TP: 5, TN: 7
2025-09-09 11:48:37 -     FP: 3, FN: 2
2025-09-09 11:48:37 - Subject: sub_031
2025-09-09 11:48:37 -   Accuracy: 0.000%
2025-09-09 11:48:37 -   Precision: 0.857
2025-09-09 11:48:37 -   Recall: 0.750
2025-09-09 11:48:37 -   F1 Score: 0.800
2025-09-09 11:48:37 -   AUC: 0.812
2025-09-09 11:48:37 -   Correct/Total: 7/10
2025-09-09 11:48:37 -   Confusion Matrix Stats:
2025-09-09 11:48:37 -     TP: 6, TN: 1
2025-09-09 11:48:37 -     FP: 1, FN: 2
2025-09-09 11:48:37 - Subject: sub_032
2025-09-09 11:48:37 -   Accuracy: 0.000%
2025-09-09 11:48:37 -   Precision: 0.917
2025-09-09 11:48:37 -   Recall: 1.000
2025-09-09 11:48:37 -   F1 Score: 0.957
2025-09-09 11:48:37 -   AUC: 0.855
2025-09-09 11:48:37 -   Correct/Total: 15/16
2025-09-09 11:48:37 -   Confusion Matrix Stats:
2025-09-09 11:48:37 -     TP: 11, TN: 4
2025-09-09 11:48:37 -     FP: 1, FN: 0
2025-09-09 11:48:37 - Subject: sub_033
2025-09-09 11:48:37 -   Accuracy: 0.000%
2025-09-09 11:48:37 -   Precision: 0.833
2025-09-09 11:48:37 -   Recall: 0.714
2025-09-09 11:48:37 -   F1 Score: 0.769
2025-09-09 11:48:37 -   AUC: 0.952
2025-09-09 11:48:37 -   Correct/Total: 10/13
2025-09-09 11:48:37 -   Confusion Matrix Stats:
2025-09-09 11:48:37 -     TP: 5, TN: 5
2025-09-09 11:48:37 -     FP: 1, FN: 2
2025-09-09 11:48:37 - Subject: sub_034
2025-09-09 11:48:37 -   Accuracy: 0.000%
2025-09-09 11:48:37 -   Precision: 0.500
2025-09-09 11:48:37 -   Recall: 1.000
2025-09-09 11:48:37 -   F1 Score: 0.667
2025-09-09 11:48:37 -   AUC: 0.889
2025-09-09 11:48:37 -   Correct/Total: 9/14
2025-09-09 11:48:37 -   Confusion Matrix Stats:
2025-09-09 11:48:37 -     TP: 5, TN: 4
2025-09-09 11:48:37 -     FP: 5, FN: 0
2025-09-09 11:48:37 - Subject: sub_035
2025-09-09 11:48:37 -   Accuracy: 0.000%
2025-09-09 11:48:37 -   Precision: 0.667
2025-09-09 11:48:37 -   Recall: 1.000
2025-09-09 11:48:37 -   F1 Score: 0.800
2025-09-09 11:48:37 -   AUC: 1.000
2025-09-09 11:48:37 -   Correct/Total: 11/14
2025-09-09 11:48:37 -   Confusion Matrix Stats:
2025-09-09 11:48:37 -     TP: 6, TN: 5
2025-09-09 11:48:37 -     FP: 3, FN: 0
2025-09-09 11:48:37 - Subject: sub_036
2025-09-09 11:48:37 -   Accuracy: 0.000%
2025-09-09 11:48:37 -   Precision: 1.000
2025-09-09 11:48:37 -   Recall: 0.800
2025-09-09 11:48:37 -   F1 Score: 0.889
2025-09-09 11:48:37 -   AUC: 0.925
2025-09-09 11:48:37 -   Correct/Total: 12/14
2025-09-09 11:48:37 -   Confusion Matrix Stats:
2025-09-09 11:48:37 -     TP: 8, TN: 4
2025-09-09 11:48:37 -     FP: 0, FN: 2
2025-09-09 11:48:37 - Subject: sub_037
2025-09-09 11:48:37 -   Accuracy: 0.000%
2025-09-09 11:48:37 -   Precision: 0.833
2025-09-09 11:48:37 -   Recall: 1.000
2025-09-09 11:48:37 -   F1 Score: 0.909
2025-09-09 11:48:37 -   AUC: 1.000
2025-09-09 11:48:37 -   Correct/Total: 12/13
2025-09-09 11:48:37 -   Confusion Matrix Stats:
2025-09-09 11:48:37 -     TP: 5, TN: 7
2025-09-09 11:48:37 -     FP: 1, FN: 0
2025-09-09 11:48:37 - Subject: sub_038
2025-09-09 11:48:37 -   Accuracy: 0.000%
2025-09-09 11:48:37 -   Precision: 0.571
2025-09-09 11:48:37 -   Recall: 1.000
2025-09-09 11:48:37 -   F1 Score: 0.727
2025-09-09 11:48:37 -   AUC: 0.833
2025-09-09 11:48:37 -   Correct/Total: 7/10
2025-09-09 11:48:37 -   Confusion Matrix Stats:
2025-09-09 11:48:37 -     TP: 4, TN: 3
2025-09-09 11:48:37 -     FP: 3, FN: 0
2025-09-09 11:48:37 - Subject: sub_039
2025-09-09 11:48:37 -   Accuracy: 0.000%
2025-09-09 11:48:37 -   Precision: 0.500
2025-09-09 11:48:37 -   Recall: 0.750
2025-09-09 11:48:37 -   F1 Score: 0.600
2025-09-09 11:48:37 -   AUC: 0.547
2025-09-09 11:48:37 -   Correct/Total: 8/16
2025-09-09 11:48:37 -   Confusion Matrix Stats:
2025-09-09 11:48:37 -     TP: 6, TN: 2
2025-09-09 11:48:37 -     FP: 6, FN: 2
2025-09-09 11:48:37 - Subject: sub_040
2025-09-09 11:48:37 -   Accuracy: 0.000%
2025-09-09 11:48:37 -   Precision: 1.000
2025-09-09 11:48:37 -   Recall: 1.000
2025-09-09 11:48:37 -   F1 Score: 1.000
2025-09-09 11:48:37 -   AUC: 1.000
2025-09-09 11:48:37 -   Correct/Total: 12/12
2025-09-09 11:48:37 -   Confusion Matrix Stats:
2025-09-09 11:48:37 -     TP: 7, TN: 5
2025-09-09 11:48:37 -     FP: 0, FN: 0
2025-09-09 11:48:37 - 
AVO Pooled Model Statistics:
2025-09-09 11:48:37 - Mean Accuracy: 0.713
2025-09-09 11:48:37 - 95% Confidence Interval: [0.668, 0.758]
2025-09-09 11:48:37 - Best Subject: sub_005 (1.000)
2025-09-09 11:48:37 - Worst Subject: sub_006 (0.471)
2025-09-09 11:48:37 - Mean Precision: 0.668
2025-09-09 11:48:37 - Mean Recall: 0.853
2025-09-09 11:48:37 - Mean F1-Score: 0.749
2025-09-09 11:48:37 - Mean AUC: 0.816
2025-09-09 11:48:37 - Mean Confusion Matrix:
2025-09-09 11:48:37 -   TP: 6, TN: 4
2025-09-09 11:48:37 -   FP: 3, FN: 1
