2025-09-14 18:59:52 - 
Experiment Configuration:
2025-09-14 18:59:52 - --------------------------------------------------
2025-09-14 18:59:52 - dataset: ds005863
2025-09-14 18:59:52 - use_combined_datasets: False
2025-09-14 18:59:52 - electrode_list: all
2025-09-14 18:59:52 - classifier: EEGConformer
2025-09-14 18:59:52 - separate_subject_classification: False
2025-09-14 18:59:52 - use_subject_layer: False
2025-09-14 18:59:52 - seeds: [42]
2025-09-14 18:59:52 - --------------------------------------------------
2025-09-14 18:59:52 - 
==================================================
2025-09-14 18:59:52 - Processing Active Visual Oddball Dataset
2025-09-14 18:59:52 - ==================================================
2025-09-14 19:00:24 - 
==================================================
2025-09-14 19:00:24 - Individual Subject Results - AVO
2025-09-14 19:00:24 - ==================================================
2025-09-14 19:00:24 - Subject: sub_001
2025-09-14 19:00:24 -   Accuracy: 100.000%
2025-09-14 19:00:24 -   Precision: 1.000
2025-09-14 19:00:24 -   Recall: 1.000
2025-09-14 19:00:24 -   F1 Score: 1.000
2025-09-14 19:00:24 -   AUC: 1.000
2025-09-14 19:00:24 -   Correct/Total: 9/9
2025-09-14 19:00:24 -   Confusion Matrix Stats:
2025-09-14 19:00:24 -     TP: 5, TN: 4
2025-09-14 19:00:24 -     FP: 0, FN: 0
2025-09-14 19:00:24 - Subject: sub_002
2025-09-14 19:00:24 -   Accuracy: 75.000%
2025-09-14 19:00:24 -   Precision: 0.750
2025-09-14 19:00:24 -   Recall: 0.750
2025-09-14 19:00:24 -   F1 Score: 0.750
2025-09-14 19:00:24 -   AUC: 0.688
2025-09-14 19:00:24 -   Correct/Total: 6/8
2025-09-14 19:00:24 -   Confusion Matrix Stats:
2025-09-14 19:00:24 -     TP: 3, TN: 3
2025-09-14 19:00:24 -     FP: 1, FN: 1
2025-09-14 19:00:24 - Subject: sub_003
2025-09-14 19:00:24 -   Accuracy: 86.667%
2025-09-14 19:00:24 -   Precision: 0.778
2025-09-14 19:00:24 -   Recall: 1.000
2025-09-14 19:00:24 -   F1 Score: 0.875
2025-09-14 19:00:24 -   AUC: 0.964
2025-09-14 19:00:24 -   Correct/Total: 13/15
2025-09-14 19:00:24 -   Confusion Matrix Stats:
2025-09-14 19:00:24 -     TP: 7, TN: 6
2025-09-14 19:00:24 -     FP: 2, FN: 0
2025-09-14 19:00:24 - Subject: sub_004
2025-09-14 19:00:24 -   Accuracy: 58.333%
2025-09-14 19:00:24 -   Precision: 0.286
2025-09-14 19:00:24 -   Recall: 1.000
2025-09-14 19:00:24 -   F1 Score: 0.444
2025-09-14 19:00:24 -   AUC: 0.750
2025-09-14 19:00:24 -   Correct/Total: 7/12
2025-09-14 19:00:24 -   Confusion Matrix Stats:
2025-09-14 19:00:24 -     TP: 2, TN: 5
2025-09-14 19:00:24 -     FP: 5, FN: 0
2025-09-14 19:00:24 - Subject: sub_005
2025-09-14 19:00:24 -   Accuracy: 77.778%
2025-09-14 19:00:24 -   Precision: 0.667
2025-09-14 19:00:24 -   Recall: 1.000
2025-09-14 19:00:24 -   F1 Score: 0.800
2025-09-14 19:00:24 -   AUC: 0.900
2025-09-14 19:00:24 -   Correct/Total: 7/9
2025-09-14 19:00:24 -   Confusion Matrix Stats:
2025-09-14 19:00:24 -     TP: 4, TN: 3
2025-09-14 19:00:24 -     FP: 2, FN: 0
2025-09-14 19:00:24 - Subject: sub_006
2025-09-14 19:00:24 -   Accuracy: 61.538%
2025-09-14 19:00:24 -   Precision: 0.500
2025-09-14 19:00:24 -   Recall: 0.600
2025-09-14 19:00:24 -   F1 Score: 0.545
2025-09-14 19:00:24 -   AUC: 0.675
2025-09-14 19:00:24 -   Correct/Total: 8/13
2025-09-14 19:00:24 -   Confusion Matrix Stats:
2025-09-14 19:00:24 -     TP: 3, TN: 5
2025-09-14 19:00:25 -     FP: 3, FN: 2
2025-09-14 19:00:25 - Subject: sub_007
2025-09-14 19:00:25 -   Accuracy: 75.000%
2025-09-14 19:00:25 -   Precision: 0.600
2025-09-14 19:00:25 -   Recall: 1.000
2025-09-14 19:00:25 -   F1 Score: 0.750
2025-09-14 19:00:25 -   AUC: 0.800
2025-09-14 19:00:25 -   Correct/Total: 6/8
2025-09-14 19:00:25 -   Confusion Matrix Stats:
2025-09-14 19:00:25 -     TP: 3, TN: 3
2025-09-14 19:00:25 -     FP: 2, FN: 0
2025-09-14 19:00:25 - Subject: sub_008
2025-09-14 19:00:25 -   Accuracy: 85.714%
2025-09-14 19:00:25 -   Precision: 0.667
2025-09-14 19:00:25 -   Recall: 1.000
2025-09-14 19:00:25 -   F1 Score: 0.800
2025-09-14 19:00:25 -   AUC: 0.950
2025-09-14 19:00:25 -   Correct/Total: 12/14
2025-09-14 19:00:25 -   Confusion Matrix Stats:
2025-09-14 19:00:25 -     TP: 4, TN: 8
2025-09-14 19:00:25 -     FP: 2, FN: 0
2025-09-14 19:00:25 - Subject: sub_009
2025-09-14 19:00:25 -   Accuracy: 75.000%
2025-09-14 19:00:25 -   Precision: 1.000
2025-09-14 19:00:25 -   Recall: 0.500
2025-09-14 19:00:25 -   F1 Score: 0.667
2025-09-14 19:00:25 -   AUC: 0.500
2025-09-14 19:00:25 -   Correct/Total: 3/4
2025-09-14 19:00:25 -   Confusion Matrix Stats:
2025-09-14 19:00:25 -     TP: 1, TN: 2
2025-09-14 19:00:25 -     FP: 0, FN: 1
2025-09-14 19:00:25 - Subject: sub_010
2025-09-14 19:00:25 -   Accuracy: 44.444%
2025-09-14 19:00:25 -   Precision: 0.500
2025-09-14 19:00:25 -   Recall: 0.600
2025-09-14 19:00:25 -   F1 Score: 0.545
2025-09-14 19:00:25 -   AUC: 0.300
2025-09-14 19:00:25 -   Correct/Total: 4/9
2025-09-14 19:00:25 -   Confusion Matrix Stats:
2025-09-14 19:00:25 -     TP: 3, TN: 1
2025-09-14 19:00:25 -     FP: 3, FN: 2
2025-09-14 19:00:25 - Subject: sub_011
2025-09-14 19:00:25 -   Accuracy: 75.000%
2025-09-14 19:00:25 -   Precision: 0.714
2025-09-14 19:00:25 -   Recall: 1.000
2025-09-14 19:00:25 -   F1 Score: 0.833
2025-09-14 19:00:25 -   AUC: 0.333
2025-09-14 19:00:25 -   Correct/Total: 6/8
2025-09-14 19:00:25 -   Confusion Matrix Stats:
2025-09-14 19:00:25 -     TP: 5, TN: 1
2025-09-14 19:00:25 -     FP: 2, FN: 0
2025-09-14 19:00:25 - Subject: sub_012
2025-09-14 19:00:25 -   Accuracy: 80.000%
2025-09-14 19:00:25 -   Precision: 0.000
2025-09-14 19:00:25 -   Recall: 0.000
2025-09-14 19:00:25 -   F1 Score: 0.000
2025-09-14 19:00:25 -   AUC: 0.500
2025-09-14 19:00:25 -   Correct/Total: 4/5
2025-09-14 19:00:25 -   Confusion Matrix Stats:
2025-09-14 19:00:25 -     TP: 0, TN: 4
2025-09-14 19:00:25 -     FP: 1, FN: 0
2025-09-14 19:00:25 - Subject: sub_013
2025-09-14 19:00:25 -   Accuracy: 60.000%
2025-09-14 19:00:25 -   Precision: 0.857
2025-09-14 19:00:25 -   Recall: 0.545
2025-09-14 19:00:25 -   F1 Score: 0.667
2025-09-14 19:00:25 -   AUC: 0.727
2025-09-14 19:00:25 -   Correct/Total: 9/15
2025-09-14 19:00:25 -   Confusion Matrix Stats:
2025-09-14 19:00:25 -     TP: 6, TN: 3
2025-09-14 19:00:25 -     FP: 1, FN: 5
2025-09-14 19:00:25 - Subject: sub_014
2025-09-14 19:00:25 -   Accuracy: 37.500%
2025-09-14 19:00:25 -   Precision: 0.600
2025-09-14 19:00:25 -   Recall: 0.500
2025-09-14 19:00:25 -   F1 Score: 0.545
2025-09-14 19:00:25 -   AUC: 0.333
2025-09-14 19:00:25 -   Correct/Total: 3/8
2025-09-14 19:00:25 -   Confusion Matrix Stats:
2025-09-14 19:00:25 -     TP: 3, TN: 0
2025-09-14 19:00:25 -     FP: 2, FN: 3
2025-09-14 19:00:25 - Subject: sub_015
2025-09-14 19:00:25 -   Accuracy: 66.667%
2025-09-14 19:00:25 -   Precision: 0.667
2025-09-14 19:00:25 -   Recall: 0.667
2025-09-14 19:00:25 -   F1 Score: 0.667
2025-09-14 19:00:25 -   AUC: 0.889
2025-09-14 19:00:25 -   Correct/Total: 4/6
2025-09-14 19:00:25 -   Confusion Matrix Stats:
2025-09-14 19:00:25 -     TP: 2, TN: 2
2025-09-14 19:00:25 -     FP: 1, FN: 1
2025-09-14 19:00:25 - Subject: sub_016
2025-09-14 19:00:25 -   Accuracy: 80.000%
2025-09-14 19:00:25 -   Precision: 1.000
2025-09-14 19:00:25 -   Recall: 0.750
2025-09-14 19:00:25 -   F1 Score: 0.857
2025-09-14 19:00:25 -   AUC: 1.000
2025-09-14 19:00:25 -   Correct/Total: 4/5
2025-09-14 19:00:25 -   Confusion Matrix Stats:
2025-09-14 19:00:25 -     TP: 3, TN: 1
2025-09-14 19:00:25 -     FP: 0, FN: 1
2025-09-14 19:00:25 - Subject: sub_017
2025-09-14 19:00:25 -   Accuracy: 85.714%
2025-09-14 19:00:25 -   Precision: 1.000
2025-09-14 19:00:25 -   Recall: 0.833
2025-09-14 19:00:25 -   F1 Score: 0.909
2025-09-14 19:00:25 -   AUC: 0.833
2025-09-14 19:00:25 -   Correct/Total: 6/7
2025-09-14 19:00:25 -   Confusion Matrix Stats:
2025-09-14 19:00:25 -     TP: 5, TN: 1
2025-09-14 19:00:25 -     FP: 0, FN: 1
2025-09-14 19:00:25 - Subject: sub_018
2025-09-14 19:00:25 -   Accuracy: 100.000%
2025-09-14 19:00:25 -   Precision: 1.000
2025-09-14 19:00:25 -   Recall: 1.000
2025-09-14 19:00:25 -   F1 Score: 1.000
2025-09-14 19:00:25 -   AUC: 0.500
2025-09-14 19:00:25 -   Correct/Total: 1/1
2025-09-14 19:00:25 -   Confusion Matrix Stats:
2025-09-14 19:00:25 -     TP: 1, TN: 0
2025-09-14 19:00:25 -     FP: 0, FN: 0
2025-09-14 19:00:25 - Subject: sub_019
2025-09-14 19:00:25 -   Accuracy: 84.615%
2025-09-14 19:00:25 -   Precision: 1.000
2025-09-14 19:00:25 -   Recall: 0.750
2025-09-14 19:00:25 -   F1 Score: 0.857
2025-09-14 19:00:25 -   AUC: 1.000
2025-09-14 19:00:25 -   Correct/Total: 11/13
2025-09-14 19:00:25 -   Confusion Matrix Stats:
2025-09-14 19:00:25 -     TP: 6, TN: 5
2025-09-14 19:00:25 -     FP: 0, FN: 2
2025-09-14 19:00:25 - Subject: sub_020
2025-09-14 19:00:25 -   Accuracy: 81.818%
2025-09-14 19:00:25 -   Precision: 0.667
2025-09-14 19:00:25 -   Recall: 1.000
2025-09-14 19:00:25 -   F1 Score: 0.800
2025-09-14 19:00:25 -   AUC: 0.893
2025-09-14 19:00:25 -   Correct/Total: 9/11
2025-09-14 19:00:25 -   Confusion Matrix Stats:
2025-09-14 19:00:25 -     TP: 4, TN: 5
2025-09-14 19:00:25 -     FP: 2, FN: 0
2025-09-14 19:00:25 - Subject: sub_021
2025-09-14 19:00:25 -   Accuracy: 54.545%
2025-09-14 19:00:25 -   Precision: 0.571
2025-09-14 19:00:25 -   Recall: 0.667
2025-09-14 19:00:25 -   F1 Score: 0.615
2025-09-14 19:00:25 -   AUC: 0.600
2025-09-14 19:00:25 -   Correct/Total: 6/11
2025-09-14 19:00:25 -   Confusion Matrix Stats:
2025-09-14 19:00:25 -     TP: 4, TN: 2
2025-09-14 19:00:25 -     FP: 3, FN: 2
2025-09-14 19:00:25 - Subject: sub_022
2025-09-14 19:00:25 -   Accuracy: 100.000%
2025-09-14 19:00:25 -   Precision: 1.000
2025-09-14 19:00:25 -   Recall: 1.000
2025-09-14 19:00:25 -   F1 Score: 1.000
2025-09-14 19:00:25 -   AUC: 1.000
2025-09-14 19:00:25 -   Correct/Total: 9/9
2025-09-14 19:00:25 -   Confusion Matrix Stats:
2025-09-14 19:00:25 -     TP: 6, TN: 3
2025-09-14 19:00:25 -     FP: 0, FN: 0
2025-09-14 19:00:25 - Subject: sub_023
2025-09-14 19:00:25 -   Accuracy: 61.538%
2025-09-14 19:00:25 -   Precision: 0.600
2025-09-14 19:00:25 -   Recall: 0.500
2025-09-14 19:00:25 -   F1 Score: 0.545
2025-09-14 19:00:25 -   AUC: 0.667
2025-09-14 19:00:25 -   Correct/Total: 8/13
2025-09-14 19:00:25 -   Confusion Matrix Stats:
2025-09-14 19:00:25 -     TP: 3, TN: 5
2025-09-14 19:00:25 -     FP: 2, FN: 3
2025-09-14 19:00:25 - Subject: sub_024
2025-09-14 19:00:25 -   Accuracy: 50.000%
2025-09-14 19:00:25 -   Precision: 0.417
2025-09-14 19:00:25 -   Recall: 0.833
2025-09-14 19:00:25 -   F1 Score: 0.556
2025-09-14 19:00:25 -   AUC: 0.800
2025-09-14 19:00:25 -   Correct/Total: 8/16
2025-09-14 19:00:25 -   Confusion Matrix Stats:
2025-09-14 19:00:25 -     TP: 5, TN: 3
2025-09-14 19:00:25 -     FP: 7, FN: 1
2025-09-14 19:00:25 - Subject: sub_025
2025-09-14 19:00:25 -   Accuracy: 87.500%
2025-09-14 19:00:25 -   Precision: 0.750
2025-09-14 19:00:25 -   Recall: 1.000
2025-09-14 19:00:25 -   F1 Score: 0.857
2025-09-14 19:00:25 -   AUC: 1.000
2025-09-14 19:00:25 -   Correct/Total: 7/8
2025-09-14 19:00:25 -   Confusion Matrix Stats:
2025-09-14 19:00:25 -     TP: 3, TN: 4
2025-09-14 19:00:25 -     FP: 1, FN: 0
2025-09-14 19:00:25 - Subject: sub_026
2025-09-14 19:00:25 -   Accuracy: 100.000%
2025-09-14 19:00:25 -   Precision: 1.000
2025-09-14 19:00:25 -   Recall: 1.000
2025-09-14 19:00:25 -   F1 Score: 1.000
2025-09-14 19:00:25 -   AUC: 1.000
2025-09-14 19:00:25 -   Correct/Total: 7/7
2025-09-14 19:00:25 -   Confusion Matrix Stats:
2025-09-14 19:00:25 -     TP: 3, TN: 4
2025-09-14 19:00:25 -     FP: 0, FN: 0
2025-09-14 19:00:25 - Subject: sub_027
2025-09-14 19:00:25 -   Accuracy: 77.778%
2025-09-14 19:00:25 -   Precision: 0.667
2025-09-14 19:00:25 -   Recall: 1.000
2025-09-14 19:00:25 -   F1 Score: 0.800
2025-09-14 19:00:25 -   AUC: 0.700
2025-09-14 19:00:25 -   Correct/Total: 7/9
2025-09-14 19:00:25 -   Confusion Matrix Stats:
2025-09-14 19:00:25 -     TP: 4, TN: 3
2025-09-14 19:00:25 -     FP: 2, FN: 0
2025-09-14 19:00:25 - Subject: sub_028
2025-09-14 19:00:25 -   Accuracy: 90.000%
2025-09-14 19:00:25 -   Precision: 0.833
2025-09-14 19:00:25 -   Recall: 1.000
2025-09-14 19:00:25 -   F1 Score: 0.909
2025-09-14 19:00:25 -   AUC: 0.960
2025-09-14 19:00:25 -   Correct/Total: 9/10
2025-09-14 19:00:25 -   Confusion Matrix Stats:
2025-09-14 19:00:25 -     TP: 5, TN: 4
2025-09-14 19:00:25 -     FP: 1, FN: 0
2025-09-14 19:00:25 - Subject: sub_029
2025-09-14 19:00:25 -   Accuracy: 100.000%
2025-09-14 19:00:25 -   Precision: 1.000
2025-09-14 19:00:25 -   Recall: 1.000
2025-09-14 19:00:25 -   F1 Score: 1.000
2025-09-14 19:00:25 -   AUC: 1.000
2025-09-14 19:00:25 -   Correct/Total: 9/9
2025-09-14 19:00:25 -   Confusion Matrix Stats:
2025-09-14 19:00:25 -     TP: 7, TN: 2
2025-09-14 19:00:25 -     FP: 0, FN: 0
2025-09-14 19:00:25 - Subject: sub_030
2025-09-14 19:00:25 -   Accuracy: 83.333%
2025-09-14 19:00:25 -   Precision: 1.000
2025-09-14 19:00:25 -   Recall: 0.500
2025-09-14 19:00:25 -   F1 Score: 0.667
2025-09-14 19:00:25 -   AUC: 0.750
2025-09-14 19:00:25 -   Correct/Total: 5/6
2025-09-14 19:00:25 -   Confusion Matrix Stats:
2025-09-14 19:00:25 -     TP: 1, TN: 4
2025-09-14 19:00:25 -     FP: 0, FN: 1
2025-09-14 19:00:25 - Subject: sub_031
2025-09-14 19:00:25 -   Accuracy: 90.000%
2025-09-14 19:00:25 -   Precision: 0.833
2025-09-14 19:00:25 -   Recall: 1.000
2025-09-14 19:00:25 -   F1 Score: 0.909
2025-09-14 19:00:25 -   AUC: 1.000
2025-09-14 19:00:25 -   Correct/Total: 9/10
2025-09-14 19:00:25 -   Confusion Matrix Stats:
2025-09-14 19:00:25 -     TP: 5, TN: 4
2025-09-14 19:00:25 -     FP: 1, FN: 0
2025-09-14 19:00:25 - Subject: sub_032
2025-09-14 19:00:25 -   Accuracy: 88.889%
2025-09-14 19:00:25 -   Precision: 0.909
2025-09-14 19:00:25 -   Recall: 0.909
2025-09-14 19:00:25 -   F1 Score: 0.909
2025-09-14 19:00:25 -   AUC: 0.948
2025-09-14 19:00:25 -   Correct/Total: 16/18
2025-09-14 19:00:25 -   Confusion Matrix Stats:
2025-09-14 19:00:25 -     TP: 10, TN: 6
2025-09-14 19:00:25 -     FP: 1, FN: 1
2025-09-14 19:00:25 - Subject: sub_033
2025-09-14 19:00:25 -   Accuracy: 100.000%
2025-09-14 19:00:25 -   Precision: 1.000
2025-09-14 19:00:25 -   Recall: 1.000
2025-09-14 19:00:25 -   F1 Score: 1.000
2025-09-14 19:00:25 -   AUC: 1.000
2025-09-14 19:00:25 -   Correct/Total: 7/7
2025-09-14 19:00:25 -   Confusion Matrix Stats:
2025-09-14 19:00:25 -     TP: 5, TN: 2
2025-09-14 19:00:25 -     FP: 0, FN: 0
2025-09-14 19:00:25 - Subject: sub_034
2025-09-14 19:00:25 -   Accuracy: 71.429%
2025-09-14 19:00:25 -   Precision: 0.750
2025-09-14 19:00:25 -   Recall: 0.750
2025-09-14 19:00:25 -   F1 Score: 0.750
2025-09-14 19:00:25 -   AUC: 0.917
2025-09-14 19:00:25 -   Correct/Total: 5/7
2025-09-14 19:00:25 -   Confusion Matrix Stats:
2025-09-14 19:00:25 -     TP: 3, TN: 2
2025-09-14 19:00:25 -     FP: 1, FN: 1
2025-09-14 19:00:25 - Subject: sub_035
2025-09-14 19:00:25 -   Accuracy: 75.000%
2025-09-14 19:00:25 -   Precision: 0.875
2025-09-14 19:00:25 -   Recall: 0.778
2025-09-14 19:00:25 -   F1 Score: 0.824
2025-09-14 19:00:25 -   AUC: 0.778
2025-09-14 19:00:25 -   Correct/Total: 9/12
2025-09-14 19:00:25 -   Confusion Matrix Stats:
2025-09-14 19:00:25 -     TP: 7, TN: 2
2025-09-14 19:00:25 -     FP: 1, FN: 2
2025-09-14 19:00:25 - Subject: sub_036
2025-09-14 19:00:25 -   Accuracy: 36.364%
2025-09-14 19:00:25 -   Precision: 0.333
2025-09-14 19:00:25 -   Recall: 0.400
2025-09-14 19:00:25 -   F1 Score: 0.364
2025-09-14 19:00:25 -   AUC: 0.533
2025-09-14 19:00:25 -   Correct/Total: 4/11
2025-09-14 19:00:25 -   Confusion Matrix Stats:
2025-09-14 19:00:25 -     TP: 2, TN: 2
2025-09-14 19:00:25 -     FP: 4, FN: 3
2025-09-14 19:00:25 - Subject: sub_037
2025-09-14 19:00:25 -   Accuracy: 80.000%
2025-09-14 19:00:25 -   Precision: 0.889
2025-09-14 19:00:25 -   Recall: 0.800
2025-09-14 19:00:25 -   F1 Score: 0.842
2025-09-14 19:00:25 -   AUC: 0.840
2025-09-14 19:00:25 -   Correct/Total: 12/15
2025-09-14 19:00:25 -   Confusion Matrix Stats:
2025-09-14 19:00:25 -     TP: 8, TN: 4
2025-09-14 19:00:25 -     FP: 1, FN: 2
2025-09-14 19:00:25 - Subject: sub_038
2025-09-14 19:00:25 -   Accuracy: 61.538%
2025-09-14 19:00:25 -   Precision: 0.600
2025-09-14 19:00:25 -   Recall: 0.500
2025-09-14 19:00:25 -   F1 Score: 0.545
2025-09-14 19:00:25 -   AUC: 0.714
2025-09-14 19:00:25 -   Correct/Total: 8/13
2025-09-14 19:00:25 -   Confusion Matrix Stats:
2025-09-14 19:00:25 -     TP: 3, TN: 5
2025-09-14 19:00:25 -     FP: 2, FN: 3
2025-09-14 19:00:25 - Subject: sub_039
2025-09-14 19:00:25 -   Accuracy: 77.778%
2025-09-14 19:00:25 -   Precision: 0.500
2025-09-14 19:00:25 -   Recall: 1.000
2025-09-14 19:00:25 -   F1 Score: 0.667
2025-09-14 19:00:25 -   AUC: 1.000
2025-09-14 19:00:25 -   Correct/Total: 7/9
2025-09-14 19:00:25 -   Confusion Matrix Stats:
2025-09-14 19:00:25 -     TP: 2, TN: 5
2025-09-14 19:00:25 -     FP: 2, FN: 0
2025-09-14 19:00:25 - Subject: sub_040
2025-09-14 19:00:25 -   Accuracy: 60.000%
2025-09-14 19:00:25 -   Precision: 0.538
2025-09-14 19:00:25 -   Recall: 0.778
2025-09-14 19:00:25 -   F1 Score: 0.636
2025-09-14 19:00:25 -   AUC: 0.697
2025-09-14 19:00:25 -   Correct/Total: 12/20
2025-09-14 19:00:25 -   Confusion Matrix Stats:
2025-09-14 19:00:25 -     TP: 7, TN: 5
2025-09-14 19:00:25 -     FP: 6, FN: 2
2025-09-14 19:00:25 - 
AVO Pooled Model Statistics:
2025-09-14 19:00:25 - 95% Confidence Interval: [0.704, 0.814]
2025-09-14 19:00:25 - Best Subject: sub_001 (1.000)
2025-09-14 19:00:25 - Worst Subject: sub_036 (0.364)
2025-09-14 19:00:25 - Mean Accuracy: 0.740
2025-09-14 19:00:25 - Mean Precision: 0.718
2025-09-14 19:00:25 - Mean Recall: 0.803
2025-09-14 19:00:25 - Mean F1-Score: 0.758
2025-09-14 19:00:25 - Mean AUC: 0.786
2025-09-14 19:00:25 - Mean Confusion Matrix:
2025-09-14 19:00:25 -   TP: 4, TN: 3
2025-09-14 19:00:25 -   FP: 2, FN: 1
