2025-09-14 14:12:00 - 
Experiment Configuration:
2025-09-14 14:12:00 - --------------------------------------------------
2025-09-14 14:12:00 - dataset: ds005863
2025-09-14 14:12:00 - use_combined_datasets: False
2025-09-14 14:12:00 - electrode_list: all
2025-09-14 14:12:00 - classifier: EEGConformer
2025-09-14 14:12:00 - separate_subject_classification: False
2025-09-14 14:12:00 - use_subject_layer: False
2025-09-14 14:12:00 - seeds: [42]
2025-09-14 14:12:00 - --------------------------------------------------
2025-09-14 14:12:00 - 
==================================================
2025-09-14 14:12:00 - Processing Active Visual Oddball Dataset
2025-09-14 14:12:00 - ==================================================
2025-09-14 14:12:11 - 
==================================================
2025-09-14 14:12:11 - Individual Subject Results - AVO
2025-09-14 14:12:11 - ==================================================
2025-09-14 14:12:11 - Subject: sub_001
2025-09-14 14:12:11 -   Accuracy: 66.667%
2025-09-14 14:12:11 -   Precision: 0.600
2025-09-14 14:12:11 -   Recall: 0.750
2025-09-14 14:12:11 -   F1 Score: 0.667
2025-09-14 14:12:11 -   AUC: 0.700
2025-09-14 14:12:11 -   Correct/Total: 6/9
2025-09-14 14:12:11 -   Confusion Matrix Stats:
2025-09-14 14:12:11 -     TP: 3, TN: 3
2025-09-14 14:12:11 -     FP: 2, FN: 1
2025-09-14 14:12:11 - 
AVO Pooled Model Statistics:
2025-09-14 14:12:11 - Mean Accuracy: 0.017
2025-09-14 14:12:11 - 95% Confidence Interval: [-0.017, 0.050]
2025-09-14 14:12:11 - Best Subject: sub_001 (0.667)
2025-09-14 14:12:11 - Worst Subject: sub_002 (0.000)
2025-09-14 14:12:11 - Mean Precision: 0.600
2025-09-14 14:12:11 - Mean Recall: 0.750
2025-09-14 14:12:11 - Mean F1-Score: 0.667
2025-09-14 14:12:11 - Mean AUC: 0.700
2025-09-14 14:12:11 - Mean Confusion Matrix:
2025-09-14 14:12:11 -   TP: 3, TN: 3
2025-09-14 14:12:11 -   FP: 2, FN: 1
