2025-09-11 10:35:08 - 
Experiment Configuration:
2025-09-11 10:35:08 - --------------------------------------------------
2025-09-11 10:35:08 - dataset: ds005863
2025-09-11 10:35:08 - use_combined_datasets: False
2025-09-11 10:35:08 - electrode_list: all
2025-09-11 10:35:08 - classifier: ShallowFBCSPNet
2025-09-11 10:35:08 - separate_subject_classification: False
2025-09-11 10:35:08 - use_subject_layer: False
2025-09-11 10:35:08 - seeds: [42, 123, 456, 789, 321]
2025-09-11 10:35:08 - --------------------------------------------------
2025-09-11 10:35:08 - 
==================================================
2025-09-11 10:35:08 - Processing Active Visual Oddball Dataset
2025-09-11 10:35:08 - ==================================================
2025-09-11 10:35:23 - 
==================================================
2025-09-11 10:35:23 - Individual Subject Results - AVO
2025-09-11 10:35:23 - ==================================================
2025-09-11 10:35:23 - Subject: sub_001
2025-09-11 10:35:23 -   Accuracy: 0.000%
2025-09-11 10:35:23 -   Precision: 0.000
2025-09-11 10:35:23 -   Recall: 0.000
2025-09-11 10:35:23 -   F1 Score: 0.000
2025-09-11 10:35:23 -   AUC: 0.800
2025-09-11 10:35:23 -   Correct/Total: 1/2
2025-09-11 10:35:23 -   Confusion Matrix Stats:
2025-09-11 10:35:23 -     TP: 0, TN: 1
2025-09-11 10:35:23 -     FP: 0, FN: 1
2025-09-11 10:35:23 - Subject: sub_002
2025-09-11 10:35:23 -   Accuracy: 0.000%
2025-09-11 10:35:23 -   Precision: 0.383
2025-09-11 10:35:23 -   Recall: 0.533
2025-09-11 10:35:23 -   F1 Score: 0.440
2025-09-11 10:35:23 -   AUC: 0.611
2025-09-11 10:35:23 -   Correct/Total: 5/9
2025-09-11 10:35:23 -   Confusion Matrix Stats:
2025-09-11 10:35:23 -     TP: 2, TN: 4
2025-09-11 10:35:23 -     FP: 2, FN: 1
2025-09-11 10:35:23 - Subject: sub_003
2025-09-11 10:35:23 -   Accuracy: 0.000%
2025-09-11 10:35:23 -   Precision: 0.200
2025-09-11 10:35:23 -   Recall: 0.200
2025-09-11 10:35:23 -   F1 Score: 0.200
2025-09-11 10:35:23 -   AUC: 0.650
2025-09-11 10:35:23 -   Correct/Total: 4/5
2025-09-11 10:35:23 -   Confusion Matrix Stats:
2025-09-11 10:35:23 -     TP: 0, TN: 4
2025-09-11 10:35:23 -     FP: 0, FN: 1
2025-09-11 10:35:23 - Subject: sub_004
2025-09-11 10:35:23 -   Accuracy: 0.000%
2025-09-11 10:35:23 -   Precision: 0.767
2025-09-11 10:35:23 -   Recall: 0.450
2025-09-11 10:35:23 -   F1 Score: 0.547
2025-09-11 10:35:23 -   AUC: 0.400
2025-09-11 10:35:23 -   Correct/Total: 2/5
2025-09-11 10:35:23 -   Confusion Matrix Stats:
2025-09-11 10:35:23 -     TP: 2, TN: 0
2025-09-11 10:35:23 -     FP: 1, FN: 2
2025-09-11 10:35:23 - Subject: sub_005
2025-09-11 10:35:23 -   Accuracy: 0.000%
2025-09-11 10:35:23 -   Precision: 0.090
2025-09-11 10:35:23 -   Recall: 0.400
2025-09-11 10:35:23 -   F1 Score: 0.147
2025-09-11 10:35:23 -   AUC: 0.400
2025-09-11 10:35:23 -   Correct/Total: 2/6
2025-09-11 10:35:23 -   Confusion Matrix Stats:
2025-09-11 10:35:23 -     TP: 0, TN: 2
2025-09-11 10:35:23 -     FP: 3, FN: 1
2025-09-11 10:35:23 - Subject: sub_006
2025-09-11 10:35:23 -   Accuracy: 0.000%
2025-09-11 10:35:23 -   Precision: 0.867
2025-09-11 10:35:23 -   Recall: 0.400
2025-09-11 10:35:23 -   F1 Score: 0.533
2025-09-11 10:35:23 -   AUC: 0.289
2025-09-11 10:35:23 -   Correct/Total: 4/10
2025-09-11 10:35:23 -   Confusion Matrix Stats:
2025-09-11 10:35:23 -     TP: 4, TN: 0
2025-09-11 10:35:23 -     FP: 1, FN: 5
2025-09-11 10:35:23 - Subject: sub_007
2025-09-11 10:35:23 -   Accuracy: 0.000%
2025-09-11 10:35:23 -   Precision: 0.505
2025-09-11 10:35:23 -   Recall: 0.600
2025-09-11 10:35:23 -   F1 Score: 0.533
2025-09-11 10:35:23 -   AUC: 0.600
2025-09-11 10:35:23 -   Correct/Total: 5/10
2025-09-11 10:35:23 -   Confusion Matrix Stats:
2025-09-11 10:35:23 -     TP: 3, TN: 2
2025-09-11 10:35:23 -     FP: 3, FN: 2
2025-09-11 10:35:23 - Subject: sub_008
2025-09-11 10:35:23 -   Accuracy: 0.000%
2025-09-11 10:35:23 -   Precision: 0.567
2025-09-11 10:35:23 -   Recall: 0.600
2025-09-11 10:35:23 -   F1 Score: 0.575
2025-09-11 10:35:23 -   AUC: 0.622
2025-09-11 10:35:23 -   Correct/Total: 3/6
2025-09-11 10:35:23 -   Confusion Matrix Stats:
2025-09-11 10:35:23 -     TP: 2, TN: 2
2025-09-11 10:35:23 -     FP: 1, FN: 1
2025-09-11 10:35:23 - Subject: sub_009
2025-09-11 10:35:23 -   Accuracy: 0.000%
2025-09-11 10:35:23 -   Precision: 0.620
2025-09-11 10:35:23 -   Recall: 0.700
2025-09-11 10:35:23 -   F1 Score: 0.627
2025-09-11 10:35:23 -   AUC: 0.700
2025-09-11 10:35:23 -   Correct/Total: 5/8
2025-09-11 10:35:23 -   Confusion Matrix Stats:
2025-09-11 10:35:23 -     TP: 3, TN: 2
2025-09-11 10:35:23 -     FP: 2, FN: 1
2025-09-11 10:35:23 - Subject: sub_010
2025-09-11 10:35:23 -   Accuracy: 0.000%
2025-09-11 10:35:23 -   Precision: 0.466
2025-09-11 10:35:23 -   Recall: 0.867
2025-09-11 10:35:23 -   F1 Score: 0.601
2025-09-11 10:35:23 -   AUC: 0.900
2025-09-11 10:35:23 -   Correct/Total: 6/9
2025-09-11 10:35:23 -   Confusion Matrix Stats:
2025-09-11 10:35:23 -     TP: 3, TN: 3
2025-09-11 10:35:23 -     FP: 3, FN: 0
2025-09-11 10:35:23 - Subject: sub_011
2025-09-11 10:35:23 -   Accuracy: 0.000%
2025-09-11 10:35:23 -   Precision: 0.467
2025-09-11 10:35:23 -   Recall: 1.000
2025-09-11 10:35:23 -   F1 Score: 0.593
2025-09-11 10:35:23 -   AUC: 0.767
2025-09-11 10:35:23 -   Correct/Total: 5/7
2025-09-11 10:35:23 -   Confusion Matrix Stats:
2025-09-11 10:35:23 -     TP: 1, TN: 4
2025-09-11 10:35:23 -     FP: 2, FN: 0
2025-09-11 10:35:23 - Subject: sub_012
2025-09-11 10:35:23 -   Accuracy: 0.000%
2025-09-11 10:35:23 -   Precision: 0.560
2025-09-11 10:35:23 -   Recall: 0.560
2025-09-11 10:35:23 -   F1 Score: 0.558
2025-09-11 10:35:23 -   AUC: 0.616
2025-09-11 10:35:23 -   Correct/Total: 6/10
2025-09-11 10:35:23 -   Confusion Matrix Stats:
2025-09-11 10:35:23 -     TP: 3, TN: 3
2025-09-11 10:35:23 -     FP: 2, FN: 2
2025-09-11 10:35:23 - Subject: sub_013
2025-09-11 10:35:23 -   Accuracy: 0.000%
2025-09-11 10:35:23 -   Precision: 0.383
2025-09-11 10:35:23 -   Recall: 0.600
2025-09-11 10:35:23 -   F1 Score: 0.467
2025-09-11 10:35:23 -   AUC: 0.575
2025-09-11 10:35:23 -   Correct/Total: 3/6
2025-09-11 10:35:23 -   Confusion Matrix Stats:
2025-09-11 10:35:23 -     TP: 1, TN: 2
2025-09-11 10:35:23 -     FP: 2, FN: 1
2025-09-11 10:35:23 - Subject: sub_014
2025-09-11 10:35:23 -   Accuracy: 0.000%
2025-09-11 10:35:23 -   Precision: 0.600
2025-09-11 10:35:23 -   Recall: 0.267
2025-09-11 10:35:23 -   F1 Score: 0.360
2025-09-11 10:35:23 -   AUC: 0.500
2025-09-11 10:35:23 -   Correct/Total: 1/3
2025-09-11 10:35:23 -   Confusion Matrix Stats:
2025-09-11 10:35:23 -     TP: 1, TN: 0
2025-09-11 10:35:23 -     FP: 0, FN: 2
2025-09-11 10:35:23 - Subject: sub_015
2025-09-11 10:35:23 -   Accuracy: 0.000%
2025-09-11 10:35:23 -   Precision: 0.240
2025-09-11 10:35:23 -   Recall: 0.400
2025-09-11 10:35:23 -   F1 Score: 0.293
2025-09-11 10:35:23 -   AUC: 0.543
2025-09-11 10:35:23 -   Correct/Total: 4/10
2025-09-11 10:35:23 -   Confusion Matrix Stats:
2025-09-11 10:35:23 -     TP: 1, TN: 3
2025-09-11 10:35:23 -     FP: 4, FN: 2
2025-09-11 10:35:23 - Subject: sub_016
2025-09-11 10:35:23 -   Accuracy: 0.000%
2025-09-11 10:35:23 -   Precision: 0.767
2025-09-11 10:35:23 -   Recall: 0.467
2025-09-11 10:35:23 -   F1 Score: 0.547
2025-09-11 10:35:23 -   AUC: 0.533
2025-09-11 10:35:23 -   Correct/Total: 2/4
2025-09-11 10:35:23 -   Confusion Matrix Stats:
2025-09-11 10:35:23 -     TP: 1, TN: 0
2025-09-11 10:35:23 -     FP: 1, FN: 2
2025-09-11 10:35:23 - Subject: sub_017
2025-09-11 10:35:23 -   Accuracy: 0.000%
2025-09-11 10:35:23 -   Precision: 0.420
2025-09-11 10:35:23 -   Recall: 0.333
2025-09-11 10:35:23 -   F1 Score: 0.367
2025-09-11 10:35:23 -   AUC: 0.300
2025-09-11 10:35:23 -   Correct/Total: 3/9
2025-09-11 10:35:23 -   Confusion Matrix Stats:
2025-09-11 10:35:23 -     TP: 2, TN: 1
2025-09-11 10:35:23 -     FP: 2, FN: 4
2025-09-11 10:35:23 - Subject: sub_018
2025-09-11 10:35:23 -   Accuracy: 0.000%
2025-09-11 10:35:23 -   Precision: 0.960
2025-09-11 10:35:23 -   Recall: 0.433
2025-09-11 10:35:23 -   F1 Score: 0.569
2025-09-11 10:35:23 -   AUC: 0.767
2025-09-11 10:35:23 -   Correct/Total: 5/9
2025-09-11 10:35:23 -   Confusion Matrix Stats:
2025-09-11 10:35:23 -     TP: 3, TN: 3
2025-09-11 10:35:23 -     FP: 0, FN: 3
2025-09-11 10:35:23 - Subject: sub_019
2025-09-11 10:35:23 -   Accuracy: 0.000%
2025-09-11 10:35:23 -   Precision: 0.223
2025-09-11 10:35:23 -   Recall: 0.500
2025-09-11 10:35:23 -   F1 Score: 0.304
2025-09-11 10:35:23 -   AUC: 0.400
2025-09-11 10:35:23 -   Correct/Total: 2/6
2025-09-11 10:35:23 -   Confusion Matrix Stats:
2025-09-11 10:35:23 -     TP: 1, TN: 1
2025-09-11 10:35:23 -     FP: 3, FN: 1
2025-09-11 10:35:23 - Subject: sub_020
2025-09-11 10:35:23 -   Accuracy: 0.000%
2025-09-11 10:35:23 -   Precision: 0.933
2025-09-11 10:35:23 -   Recall: 0.667
2025-09-11 10:35:23 -   F1 Score: 0.773
2025-09-11 10:35:23 -   AUC: 0.733
2025-09-11 10:35:23 -   Correct/Total: 3/4
2025-09-11 10:35:23 -   Confusion Matrix Stats:
2025-09-11 10:35:23 -     TP: 2, TN: 1
2025-09-11 10:35:23 -     FP: 0, FN: 1
2025-09-11 10:35:23 - Subject: sub_021
2025-09-11 10:35:23 -   Accuracy: 0.000%
2025-09-11 10:35:23 -   Precision: 0.630
2025-09-11 10:35:23 -   Recall: 0.700
2025-09-11 10:35:23 -   F1 Score: 0.661
2025-09-11 10:35:23 -   AUC: 0.750
2025-09-11 10:35:23 -   Correct/Total: 5/8
2025-09-11 10:35:23 -   Confusion Matrix Stats:
2025-09-11 10:35:23 -     TP: 3, TN: 2
2025-09-11 10:35:23 -     FP: 2, FN: 1
2025-09-11 10:35:23 - Subject: sub_022
2025-09-11 10:35:23 -   Accuracy: 0.000%
2025-09-11 10:35:23 -   Precision: 0.960
2025-09-11 10:35:23 -   Recall: 0.560
2025-09-11 10:35:23 -   F1 Score: 0.669
2025-09-11 10:35:23 -   AUC: 0.800
2025-09-11 10:35:23 -   Correct/Total: 6/8
2025-09-11 10:35:23 -   Confusion Matrix Stats:
2025-09-11 10:35:23 -     TP: 3, TN: 3
2025-09-11 10:35:23 -     FP: 0, FN: 2
2025-09-11 10:35:23 - Subject: sub_023
2025-09-11 10:35:23 -   Accuracy: 0.000%
2025-09-11 10:35:23 -   Precision: 0.000
2025-09-11 10:35:23 -   Recall: 0.000
2025-09-11 10:35:23 -   F1 Score: 0.000
2025-09-11 10:35:23 -   AUC: 0.100
2025-09-11 10:35:23 -   Correct/Total: 2/5
2025-09-11 10:35:23 -   Confusion Matrix Stats:
2025-09-11 10:35:23 -     TP: 0, TN: 2
2025-09-11 10:35:23 -     FP: 2, FN: 1
2025-09-11 10:35:23 - Subject: sub_024
2025-09-11 10:35:23 -   Accuracy: 0.000%
2025-09-11 10:35:23 -   Precision: 1.000
2025-09-11 10:35:23 -   Recall: 0.533
2025-09-11 10:35:23 -   F1 Score: 0.680
2025-09-11 10:35:23 -   AUC: 0.500
2025-09-11 10:35:23 -   Correct/Total: 2/3
2025-09-11 10:35:23 -   Confusion Matrix Stats:
2025-09-11 10:35:23 -     TP: 2, TN: 0
2025-09-11 10:35:23 -     FP: 0, FN: 1
2025-09-11 10:35:23 - Subject: sub_025
2025-09-11 10:35:23 -   Accuracy: 0.000%
2025-09-11 10:35:23 -   Precision: 0.693
2025-09-11 10:35:23 -   Recall: 0.500
2025-09-11 10:35:23 -   F1 Score: 0.552
2025-09-11 10:35:23 -   AUC: 0.522
2025-09-11 10:35:23 -   Correct/Total: 5/9
2025-09-11 10:35:23 -   Confusion Matrix Stats:
2025-09-11 10:35:23 -     TP: 3, TN: 2
2025-09-11 10:35:23 -     FP: 1, FN: 3
2025-09-11 10:35:23 - Subject: sub_026
2025-09-11 10:35:23 -   Accuracy: 0.000%
2025-09-11 10:35:23 -   Precision: 0.217
2025-09-11 10:35:23 -   Recall: 0.600
2025-09-11 10:35:23 -   F1 Score: 0.313
2025-09-11 10:35:23 -   AUC: 0.733
2025-09-11 10:35:23 -   Correct/Total: 5/7
2025-09-11 10:35:23 -   Confusion Matrix Stats:
2025-09-11 10:35:23 -     TP: 1, TN: 4
2025-09-11 10:35:23 -     FP: 2, FN: 0
2025-09-11 10:35:23 - Subject: sub_027
2025-09-11 10:35:23 -   Accuracy: 0.000%
2025-09-11 10:35:23 -   Precision: 0.737
2025-09-11 10:35:23 -   Recall: 0.800
2025-09-11 10:35:23 -   F1 Score: 0.748
2025-09-11 10:35:23 -   AUC: 0.778
2025-09-11 10:35:23 -   Correct/Total: 4/6
2025-09-11 10:35:23 -   Confusion Matrix Stats:
2025-09-11 10:35:23 -     TP: 2, TN: 2
2025-09-11 10:35:23 -     FP: 1, FN: 1
2025-09-11 10:35:23 - Subject: sub_028
2025-09-11 10:35:23 -   Accuracy: 0.000%
2025-09-11 10:35:23 -   Precision: 0.167
2025-09-11 10:35:23 -   Recall: 0.300
2025-09-11 10:35:23 -   F1 Score: 0.213
2025-09-11 10:35:23 -   AUC: 0.483
2025-09-11 10:35:23 -   Correct/Total: 5/8
2025-09-11 10:35:23 -   Confusion Matrix Stats:
2025-09-11 10:35:23 -     TP: 1, TN: 4
2025-09-11 10:35:23 -     FP: 2, FN: 1
2025-09-11 10:35:23 - Subject: sub_029
2025-09-11 10:35:23 -   Accuracy: 0.000%
2025-09-11 10:35:23 -   Precision: 0.433
2025-09-11 10:35:23 -   Recall: 0.133
2025-09-11 10:35:23 -   F1 Score: 0.196
2025-09-11 10:35:23 -   AUC: 0.300
2025-09-11 10:35:23 -   Correct/Total: 2/8
2025-09-11 10:35:23 -   Confusion Matrix Stats:
2025-09-11 10:35:23 -     TP: 1, TN: 1
2025-09-11 10:35:23 -     FP: 1, FN: 5
2025-09-11 10:35:23 - Subject: sub_030
2025-09-11 10:35:23 -   Accuracy: 0.000%
2025-09-11 10:35:23 -   Precision: 0.413
2025-09-11 10:35:23 -   Recall: 0.700
2025-09-11 10:35:23 -   F1 Score: 0.508
2025-09-11 10:35:23 -   AUC: 0.533
2025-09-11 10:35:23 -   Correct/Total: 2/5
2025-09-11 10:35:23 -   Confusion Matrix Stats:
2025-09-11 10:35:23 -     TP: 1, TN: 1
2025-09-11 10:35:23 -     FP: 2, FN: 1
2025-09-11 10:35:23 - Subject: sub_031
2025-09-11 10:35:23 -   Accuracy: 0.000%
2025-09-11 10:35:23 -   Precision: 0.699
2025-09-11 10:35:23 -   Recall: 0.475
2025-09-11 10:35:23 -   F1 Score: 0.555
2025-09-11 10:35:23 -   AUC: 0.619
2025-09-11 10:35:23 -   Correct/Total: 6/12
2025-09-11 10:35:23 -   Confusion Matrix Stats:
2025-09-11 10:35:23 -     TP: 4, TN: 2
2025-09-11 10:35:23 -     FP: 2, FN: 4
2025-09-11 10:35:23 - Subject: sub_032
2025-09-11 10:35:23 -   Accuracy: 0.000%
2025-09-11 10:35:23 -   Precision: 0.549
2025-09-11 10:35:23 -   Recall: 0.800
2025-09-11 10:35:23 -   F1 Score: 0.641
2025-09-11 10:35:23 -   AUC: 0.350
2025-09-11 10:35:23 -   Correct/Total: 4/7
2025-09-11 10:35:23 -   Confusion Matrix Stats:
2025-09-11 10:35:23 -     TP: 3, TN: 1
2025-09-11 10:35:23 -     FP: 2, FN: 1
2025-09-11 10:35:23 - Subject: sub_033
2025-09-11 10:35:23 -   Accuracy: 0.000%
2025-09-11 10:35:23 -   Precision: 0.067
2025-09-11 10:35:23 -   Recall: 0.200
2025-09-11 10:35:23 -   F1 Score: 0.100
2025-09-11 10:35:23 -   AUC: 0.000
2025-09-11 10:35:23 -   Correct/Total: 0/3
2025-09-11 10:35:23 -   Confusion Matrix Stats:
2025-09-11 10:35:23 -     TP: 0, TN: 0
2025-09-11 10:35:23 -     FP: 2, FN: 1
2025-09-11 10:35:23 - Subject: sub_034
2025-09-11 10:35:23 -   Accuracy: 0.000%
2025-09-11 10:35:23 -   Precision: 0.180
2025-09-11 10:35:23 -   Recall: 0.800
2025-09-11 10:35:23 -   F1 Score: 0.293
2025-09-11 10:35:23 -   AUC: 0.520
2025-09-11 10:35:23 -   Correct/Total: 2/6
2025-09-11 10:35:23 -   Confusion Matrix Stats:
2025-09-11 10:35:23 -     TP: 1, TN: 2
2025-09-11 10:35:23 -     FP: 3, FN: 0
2025-09-11 10:35:23 - Subject: sub_035
2025-09-11 10:35:23 -   Accuracy: 0.000%
2025-09-11 10:35:23 -   Precision: 0.420
2025-09-11 10:35:23 -   Recall: 0.733
2025-09-11 10:35:23 -   F1 Score: 0.533
2025-09-11 10:35:23 -   AUC: 0.350
2025-09-11 10:35:23 -   Correct/Total: 3/7
2025-09-11 10:35:23 -   Confusion Matrix Stats:
2025-09-11 10:35:23 -     TP: 2, TN: 1
2025-09-11 10:35:23 -     FP: 3, FN: 1
2025-09-11 10:35:23 - Subject: sub_036
2025-09-11 10:35:23 -   Accuracy: 0.000%
2025-09-11 10:35:23 -   Precision: 0.933
2025-09-11 10:35:23 -   Recall: 0.600
2025-09-11 10:35:23 -   F1 Score: 0.713
2025-09-11 10:35:23 -   AUC: 0.644
2025-09-11 10:35:23 -   Correct/Total: 5/6
2025-09-11 10:35:23 -   Confusion Matrix Stats:
2025-09-11 10:35:23 -     TP: 2, TN: 3
2025-09-11 10:35:23 -     FP: 0, FN: 1
2025-09-11 10:35:23 - Subject: sub_037
2025-09-11 10:35:23 -   Accuracy: 0.000%
2025-09-11 10:35:23 -   Precision: 0.700
2025-09-11 10:35:23 -   Recall: 0.267
2025-09-11 10:35:23 -   F1 Score: 0.380
2025-09-11 10:35:23 -   AUC: 0.533
2025-09-11 10:35:23 -   Correct/Total: 2/4
2025-09-11 10:35:23 -   Confusion Matrix Stats:
2025-09-11 10:35:23 -     TP: 1, TN: 1
2025-09-11 10:35:23 -     FP: 0, FN: 2
2025-09-11 10:35:23 - Subject: sub_038
2025-09-11 10:35:23 -   Accuracy: 0.000%
2025-09-11 10:35:23 -   Precision: 0.167
2025-09-11 10:35:23 -   Recall: 0.133
2025-09-11 10:35:23 -   F1 Score: 0.147
2025-09-11 10:35:23 -   AUC: 0.367
2025-09-11 10:35:23 -   Correct/Total: 2/5
2025-09-11 10:35:23 -   Confusion Matrix Stats:
2025-09-11 10:35:23 -     TP: 0, TN: 1
2025-09-11 10:35:23 -     FP: 1, FN: 3
2025-09-11 10:35:23 - Subject: sub_039
2025-09-11 10:35:23 -   Accuracy: 0.000%
2025-09-11 10:35:23 -   Precision: 0.453
2025-09-11 10:35:23 -   Recall: 0.400
2025-09-11 10:35:23 -   F1 Score: 0.414
2025-09-11 10:35:23 -   AUC: 0.517
2025-09-11 10:35:23 -   Correct/Total: 3/7
2025-09-11 10:35:23 -   Confusion Matrix Stats:
2025-09-11 10:35:23 -     TP: 2, TN: 1
2025-09-11 10:35:23 -     FP: 2, FN: 2
2025-09-11 10:35:23 - Subject: sub_040
2025-09-11 10:35:23 -   Accuracy: 0.000%
2025-09-11 10:35:23 -   Precision: 0.400
2025-09-11 10:35:23 -   Recall: 0.600
2025-09-11 10:35:23 -   F1 Score: 0.473
2025-09-11 10:35:23 -   AUC: 0.400
2025-09-11 10:35:23 -   Correct/Total: 2/4
2025-09-11 10:35:23 -   Confusion Matrix Stats:
2025-09-11 10:35:23 -     TP: 1, TN: 1
2025-09-11 10:35:23 -     FP: 1, FN: 1
2025-09-11 10:35:23 - 
AVO Pooled Model Statistics:
2025-09-11 10:35:23 - Mean Accuracy: 0.505
2025-09-11 10:35:23 - 95% Confidence Interval: [0.456, 0.554]
2025-09-11 10:35:23 - Best Subject: sub_003 (0.800)
2025-09-11 10:35:23 - Worst Subject: sub_033 (0.067)
2025-09-11 10:35:23 - Mean Precision: 0.527
2025-09-11 10:35:23 - Mean Recall: 0.511
2025-09-11 10:35:23 - Mean F1-Score: 0.519
2025-09-11 10:35:23 - Mean AUC: 0.538
2025-09-11 10:35:23 - Mean Confusion Matrix:
2025-09-11 10:35:23 -   TP: 2, TN: 2
2025-09-11 10:35:23 -   FP: 2, FN: 2
