2025-09-20 14:23:48 - 
Experiment Configuration:
2025-09-20 14:23:48 - --------------------------------------------------
2025-09-20 14:23:48 - dataset: ds005863
2025-09-20 14:23:48 - use_combined_datasets: False
2025-09-20 14:23:48 - electrode_list: all
2025-09-20 14:23:48 - classifier: SepConv1D
2025-09-20 14:23:48 - separate_subject_classification: False
2025-09-20 14:23:48 - use_subject_layer: False
2025-09-20 14:23:48 - seeds: [42, 123, 456, 789, 321]
2025-09-20 14:23:48 - use_nested_cv: True
2025-09-20 14:23:48 - electrode_fusion_method: none
2025-09-20 14:23:48 - domain_adaptation_method: none
2025-09-20 14:23:48 - enable_comprehensive_evaluation: True
2025-09-20 14:23:48 - enable_domain_analysis: True
2025-09-20 14:23:48 - enable_small_sample_analysis: False
2025-09-20 14:23:48 - small_sample_sizes: [5, 10, 15, 20]
2025-09-20 14:23:48 - small_sample_subjects: [5, 10, 15]
2025-09-20 14:23:48 - --------------------------------------------------
2025-09-20 14:23:48 - 
==================================================
2025-09-20 14:23:48 - Processing Active Visual Oddball Dataset
2025-09-20 14:23:48 - ==================================================
2025-09-20 14:23:48 - Using Cross-Validation (simplified approach)
2025-09-20 14:23:48 - Configuration: 5-fold CV, 5 repeats
2025-09-20 14:23:48 - ============================================================
2025-09-20 14:23:48 - CROSS-VALIDATION CONFIGURATION
2025-09-20 14:23:48 - ============================================================
2025-09-20 14:23:48 - Datasets: ['AVO']
2025-09-20 14:23:48 - CV folds: 5
2025-09-20 14:23:48 - Repeats: 5
2025-09-20 14:23:48 - Confidence level: 0.95
2025-09-20 14:23:48 - ============================================================
2025-09-20 14:23:54 - Nested CV dataset summary:
2025-09-20 14:23:54 -   Total subjects: 40
2025-09-20 14:23:54 -   Total trials: 3024
2025-09-20 14:23:54 -   Average trials per subject: 75.6
2025-09-20 14:23:54 - Enhanced preprocessing increased channels from 26 to 130
2025-09-20 14:23:54 - Starting Cross-Validation for SepConv1D
2025-09-20 14:23:54 - Configuration: 5-fold CV, 5 repeats
2025-09-20 14:23:54 - Data split ratios: Train=0.7, Val=0.1, Test=0.2
2025-09-20 14:23:54 - Repeat 1/5
2025-09-20 14:23:54 -   Fold 1/5
2025-09-20 14:23:54 -     Fold split: Train=2116, Val=303
2025-09-20 14:24:45 -     Test accuracy: 0.7289
2025-09-20 14:24:45 -   Fold 2/5
2025-09-20 14:24:45 -     Fold split: Train=2116, Val=303
2025-09-20 14:26:00 -     Test accuracy: 0.6942
2025-09-20 14:26:00 -   Fold 3/5
2025-09-20 14:26:01 -     Fold split: Train=2116, Val=303
2025-09-20 14:27:39 -     Test accuracy: 0.7223
2025-09-20 14:27:39 -   Fold 4/5
2025-09-20 14:27:39 -     Fold split: Train=2116, Val=303
2025-09-20 14:28:17 -     Test accuracy: 0.6860
2025-09-20 14:28:17 -   Fold 5/5
2025-09-20 14:28:17 -     Fold split: Train=2117, Val=303
2025-09-20 14:30:08 -     Test accuracy: 0.7682
2025-09-20 14:30:08 -   Repeat 1 mean accuracy: 0.7199 ± 0.0291
2025-09-20 14:30:08 - Repeat 2/5
2025-09-20 14:30:08 -   Fold 1/5
2025-09-20 14:30:08 -     Fold split: Train=2116, Val=303
2025-09-20 14:31:02 -     Test accuracy: 0.7405
2025-09-20 14:31:02 -   Fold 2/5
2025-09-20 14:31:02 -     Fold split: Train=2116, Val=303
2025-09-20 14:31:28 -     Test accuracy: 0.6810
2025-09-20 14:31:28 -   Fold 3/5
2025-09-20 14:31:28 -     Fold split: Train=2116, Val=303
2025-09-20 14:32:13 -     Test accuracy: 0.7537
2025-09-20 14:32:13 -   Fold 4/5
2025-09-20 14:32:13 -     Fold split: Train=2116, Val=303
2025-09-20 14:33:17 -     Test accuracy: 0.7339
2025-09-20 14:33:17 -   Fold 5/5
2025-09-20 14:33:17 -     Fold split: Train=2117, Val=303
2025-09-20 14:33:43 -     Test accuracy: 0.7185
2025-09-20 14:33:43 -   Repeat 2 mean accuracy: 0.7255 ± 0.0250
2025-09-20 14:33:43 - Repeat 3/5
2025-09-20 14:33:43 -   Fold 1/5
2025-09-20 14:33:43 -     Fold split: Train=2116, Val=303
2025-09-20 14:34:38 -     Test accuracy: 0.7157
2025-09-20 14:34:38 -   Fold 2/5
2025-09-20 14:34:39 -     Fold split: Train=2116, Val=303
2025-09-20 14:35:36 -     Test accuracy: 0.7273
2025-09-20 14:35:36 -   Fold 3/5
2025-09-20 14:35:36 -     Fold split: Train=2116, Val=303
2025-09-20 14:36:09 -     Test accuracy: 0.6810
2025-09-20 14:36:09 -   Fold 4/5
2025-09-20 14:36:09 -     Fold split: Train=2116, Val=303
2025-09-20 14:37:36 -     Test accuracy: 0.7587
2025-09-20 14:37:36 -   Fold 5/5
2025-09-20 14:37:36 -     Fold split: Train=2117, Val=303
2025-09-20 14:38:26 -     Test accuracy: 0.7003
2025-09-20 14:38:26 -   Repeat 3 mean accuracy: 0.7166 ± 0.0261
2025-09-20 14:38:26 - Repeat 4/5
2025-09-20 14:38:26 -   Fold 1/5
2025-09-20 14:38:26 -     Fold split: Train=2116, Val=303
2025-09-20 14:39:24 -     Test accuracy: 0.7669
2025-09-20 14:39:24 -   Fold 2/5
2025-09-20 14:39:24 -     Fold split: Train=2116, Val=303
2025-09-20 14:40:25 -     Test accuracy: 0.7471
2025-09-20 14:40:25 -   Fold 3/5
2025-09-20 14:40:25 -     Fold split: Train=2116, Val=303
2025-09-20 14:40:53 -     Test accuracy: 0.7025
2025-09-20 14:40:53 -   Fold 4/5
2025-09-20 14:40:53 -     Fold split: Train=2116, Val=303
2025-09-20 14:41:43 -     Test accuracy: 0.7041
2025-09-20 14:41:43 -   Fold 5/5
2025-09-20 14:41:43 -     Fold split: Train=2117, Val=303
2025-09-20 14:42:46 -     Test accuracy: 0.7334
2025-09-20 14:42:46 -   Repeat 4 mean accuracy: 0.7308 ± 0.0249
2025-09-20 14:42:46 - Repeat 5/5
2025-09-20 14:42:46 -   Fold 1/5
2025-09-20 14:42:46 -     Fold split: Train=2116, Val=303
2025-09-20 14:43:31 -     Test accuracy: 0.7455
2025-09-20 14:43:31 -   Fold 2/5
2025-09-20 14:43:31 -     Fold split: Train=2116, Val=303
2025-09-20 14:44:33 -     Test accuracy: 0.7504
2025-09-20 14:44:33 -   Fold 3/5
2025-09-20 14:44:33 -     Fold split: Train=2116, Val=303
2025-09-20 14:45:26 -     Test accuracy: 0.7388
2025-09-20 14:45:26 -   Fold 4/5
2025-09-20 14:45:27 -     Fold split: Train=2116, Val=303
2025-09-20 14:46:52 -     Test accuracy: 0.7240
2025-09-20 14:46:52 -   Fold 5/5
2025-09-20 14:46:52 -     Fold split: Train=2117, Val=303
2025-09-20 14:47:34 -     Test accuracy: 0.7036
2025-09-20 14:47:34 -   Repeat 5 mean accuracy: 0.7325 ± 0.0169
2025-09-20 14:47:34 - Cross-Validation completed for SepConv1D
2025-09-20 14:47:34 - Final accuracy: 0.7251 ± 0.0260
2025-09-20 14:47:34 - 95% CI: [0.7143, 0.7358]
2025-09-20 14:47:34 - 
============================================================
2025-09-20 14:47:34 - CROSS-VALIDATION RESULTS
2025-09-20 14:47:34 - ============================================================
2025-09-20 14:47:34 - Model: SepConv1D
2025-09-20 14:47:34 - Overall accuracy: 0.7251 ± 0.0260
2025-09-20 14:47:34 - 95% Confidence Interval: [0.7143, 0.7358]
2025-09-20 14:47:34 - Statistical significance: 25 evaluations
2025-09-20 14:47:34 - Precision: 0.7354 [0.7139, 0.7569]
2025-09-20 14:47:34 - Recall: 0.7213 [0.6807, 0.7620]
2025-09-20 14:47:34 - F1_Score: 0.7216 [0.7058, 0.7374]
2025-09-20 14:47:34 - Auc: 0.8056 [0.7964, 0.8148]
2025-09-20 14:47:34 - ============================================================
2025-09-20 14:47:34 - Individual subject results skipped - using Nested Cross-Validation results
