2025-09-12 10:08:28 - 
Experiment Configuration:
2025-09-12 10:08:28 - --------------------------------------------------
2025-09-12 10:08:28 - dataset: ds005863
2025-09-12 10:08:28 - use_combined_datasets: False
2025-09-12 10:08:28 - electrode_list: all
2025-09-12 10:08:28 - classifier: ShallowFBCSPNet
2025-09-12 10:08:28 - separate_subject_classification: False
2025-09-12 10:08:28 - use_subject_layer: False
2025-09-12 10:08:28 - seeds: [42, 123, 456, 789, 321]
2025-09-12 10:08:28 - --------------------------------------------------
2025-09-12 10:08:28 - 
==================================================
2025-09-12 10:08:28 - Processing Active Visual Oddball Dataset
2025-09-12 10:08:28 - ==================================================
2025-09-12 10:08:29 - 
Error in Active Visual Oddball - Subject sub-005:
2025-09-12 10:08:29 - No oddball events found in the data.
2025-09-12 10:08:30 - 
Error in Active Visual Oddball - Subject sub-008:
2025-09-12 10:08:30 - No oddball events found in the data.
2025-09-12 10:08:32 - 
Error in Active Visual Oddball - Subject sub-022:
2025-09-12 10:08:32 - No oddball events found in the data.
2025-09-12 10:08:32 - 
Error in Active Visual Oddball - Subject sub-023:
2025-09-12 10:08:32 - No oddball events found in the data.
2025-09-12 10:08:34 - 
Error in Active Visual Oddball - Subject sub-033:
2025-09-12 10:08:34 - No oddball events found in the data.
2025-09-12 10:08:35 - 
Error in Active Visual Oddball - Subject sub-034:
2025-09-12 10:08:35 - No oddball events found in the data.
2025-09-12 10:08:36 - 
Error in Active Visual Oddball - Subject sub-039:
2025-09-12 10:08:36 - No oddball events found in the data.
2025-09-12 10:08:52 - 
==================================================
2025-09-12 10:08:52 - Individual Subject Results - AVO
2025-09-12 10:08:52 - ==================================================
2025-09-12 10:08:52 - Subject: sub_001
2025-09-12 10:08:52 -   Accuracy: 0.000%
2025-09-12 10:08:52 -   Precision: 0.971
2025-09-12 10:08:52 -   Recall: 1.000
2025-09-12 10:08:52 -   F1 Score: 0.985
2025-09-12 10:08:52 -   AUC: 1.000
2025-09-12 10:08:52 -   Correct/Total: 9/9
2025-09-12 10:08:52 -   Confusion Matrix Stats:
2025-09-12 10:08:52 -     TP: 6, TN: 3
2025-09-12 10:08:52 -     FP: 0, FN: 0
2025-09-12 10:08:52 - Subject: sub_002
2025-09-12 10:08:52 -   Accuracy: 0.000%
2025-09-12 10:08:52 -   Precision: 0.678
2025-09-12 10:08:52 -   Recall: 0.700
2025-09-12 10:08:52 -   F1 Score: 0.685
2025-09-12 10:08:52 -   AUC: 0.747
2025-09-12 10:08:52 -   Correct/Total: 7/11
2025-09-12 10:08:52 -   Confusion Matrix Stats:
2025-09-12 10:08:52 -     TP: 4, TN: 3
2025-09-12 10:08:52 -     FP: 2, FN: 2
2025-09-12 10:08:52 - Subject: sub_003
2025-09-12 10:08:52 -   Accuracy: 0.000%
2025-09-12 10:08:52 -   Precision: 0.683
2025-09-12 10:08:52 -   Recall: 0.433
2025-09-12 10:08:52 -   F1 Score: 0.529
2025-09-12 10:08:52 -   AUC: 0.383
2025-09-12 10:08:52 -   Correct/Total: 3/8
2025-09-12 10:08:52 -   Confusion Matrix Stats:
2025-09-12 10:08:52 -     TP: 3, TN: 1
2025-09-12 10:08:52 -     FP: 1, FN: 3
2025-09-12 10:08:52 - Subject: sub_004
2025-09-12 10:08:52 -   Accuracy: 0.000%
2025-09-12 10:08:52 -   Precision: 0.580
2025-09-12 10:08:52 -   Recall: 1.000
2025-09-12 10:08:52 -   F1 Score: 0.728
2025-09-12 10:08:52 -   AUC: 1.000
2025-09-12 10:08:52 -   Correct/Total: 4/6
2025-09-12 10:08:52 -   Confusion Matrix Stats:
2025-09-12 10:08:52 -     TP: 2, TN: 2
2025-09-12 10:08:52 -     FP: 2, FN: 0
2025-09-12 10:08:52 - Subject: sub_006
2025-09-12 10:08:52 -   Accuracy: 0.000%
2025-09-12 10:08:52 -   Precision: 0.540
2025-09-12 10:08:52 -   Recall: 0.733
2025-09-12 10:08:52 -   F1 Score: 0.614
2025-09-12 10:08:52 -   AUC: 0.683
2025-09-12 10:08:52 -   Correct/Total: 4/7
2025-09-12 10:08:52 -   Confusion Matrix Stats:
2025-09-12 10:08:52 -     TP: 2, TN: 2
2025-09-12 10:08:52 -     FP: 2, FN: 1
2025-09-12 10:08:52 - Subject: sub_007
2025-09-12 10:08:52 -   Accuracy: 0.000%
2025-09-12 10:08:52 -   Precision: 0.867
2025-09-12 10:08:52 -   Recall: 1.000
2025-09-12 10:08:52 -   F1 Score: 0.920
2025-09-12 10:08:52 -   AUC: 0.900
2025-09-12 10:08:52 -   Correct/Total: 3/3
2025-09-12 10:08:52 -   Confusion Matrix Stats:
2025-09-12 10:08:52 -     TP: 2, TN: 1
2025-09-12 10:08:52 -     FP: 0, FN: 0
2025-09-12 10:08:52 - Subject: sub_009
2025-09-12 10:08:52 -   Accuracy: 0.000%
2025-09-12 10:08:52 -   Precision: 0.850
2025-09-12 10:08:52 -   Recall: 0.900
2025-09-12 10:08:52 -   F1 Score: 0.871
2025-09-12 10:08:52 -   AUC: 0.933
2025-09-12 10:08:52 -   Correct/Total: 7/9
2025-09-12 10:08:52 -   Confusion Matrix Stats:
2025-09-12 10:08:52 -     TP: 5, TN: 2
2025-09-12 10:08:52 -     FP: 1, FN: 1
2025-09-12 10:08:52 - Subject: sub_010
2025-09-12 10:08:52 -   Accuracy: 0.000%
2025-09-12 10:08:52 -   Precision: 0.861
2025-09-12 10:08:52 -   Recall: 0.860
2025-09-12 10:08:52 -   F1 Score: 0.860
2025-09-12 10:08:52 -   AUC: 0.907
2025-09-12 10:08:52 -   Correct/Total: 16/19
2025-09-12 10:08:52 -   Confusion Matrix Stats:
2025-09-12 10:08:52 -     TP: 9, TN: 8
2025-09-12 10:08:52 -     FP: 1, FN: 1
2025-09-12 10:08:52 - Subject: sub_011
2025-09-12 10:08:52 -   Accuracy: 0.000%
2025-09-12 10:08:52 -   Precision: 0.787
2025-09-12 10:08:52 -   Recall: 1.000
2025-09-12 10:08:52 -   F1 Score: 0.876
2025-09-12 10:08:52 -   AUC: 1.000
2025-09-12 10:08:52 -   Correct/Total: 5/6
2025-09-12 10:08:52 -   Confusion Matrix Stats:
2025-09-12 10:08:52 -     TP: 4, TN: 1
2025-09-12 10:08:52 -     FP: 1, FN: 0
2025-09-12 10:08:52 - Subject: sub_012
2025-09-12 10:08:52 -   Accuracy: 0.000%
2025-09-12 10:08:52 -   Precision: 1.000
2025-09-12 10:08:52 -   Recall: 1.000
2025-09-12 10:08:52 -   F1 Score: 1.000
2025-09-12 10:08:52 -   AUC: 0.500
2025-09-12 10:08:52 -   Correct/Total: 1/1
2025-09-12 10:08:52 -   Confusion Matrix Stats:
2025-09-12 10:08:52 -     TP: 1, TN: 0
2025-09-12 10:08:52 -     FP: 0, FN: 0
2025-09-12 10:08:52 - Subject: sub_013
2025-09-12 10:08:52 -   Accuracy: 0.000%
2025-09-12 10:08:52 -   Precision: 1.000
2025-09-12 10:08:52 -   Recall: 1.000
2025-09-12 10:08:52 -   F1 Score: 1.000
2025-09-12 10:08:52 -   AUC: 1.000
2025-09-12 10:08:52 -   Correct/Total: 3/3
2025-09-12 10:08:52 -   Confusion Matrix Stats:
2025-09-12 10:08:52 -     TP: 2, TN: 1
2025-09-12 10:08:52 -     FP: 0, FN: 0
2025-09-12 10:08:52 - Subject: sub_014
2025-09-12 10:08:52 -   Accuracy: 0.000%
2025-09-12 10:08:52 -   Precision: 1.000
2025-09-12 10:08:52 -   Recall: 1.000
2025-09-12 10:08:52 -   F1 Score: 1.000
2025-09-12 10:08:52 -   AUC: 1.000
2025-09-12 10:08:52 -   Correct/Total: 2/2
2025-09-12 10:08:52 -   Confusion Matrix Stats:
2025-09-12 10:08:52 -     TP: 1, TN: 1
2025-09-12 10:08:52 -     FP: 0, FN: 0
2025-09-12 10:08:52 - Subject: sub_015
2025-09-12 10:08:52 -   Accuracy: 0.000%
2025-09-12 10:08:52 -   Precision: 0.867
2025-09-12 10:08:52 -   Recall: 1.000
2025-09-12 10:08:52 -   F1 Score: 0.920
2025-09-12 10:08:52 -   AUC: 0.900
2025-09-12 10:08:52 -   Correct/Total: 3/3
2025-09-12 10:08:52 -   Confusion Matrix Stats:
2025-09-12 10:08:52 -     TP: 2, TN: 1
2025-09-12 10:08:52 -     FP: 0, FN: 0
2025-09-12 10:08:52 - Subject: sub_016
2025-09-12 10:08:52 -   Accuracy: 0.000%
2025-09-12 10:08:52 -   Precision: 0.850
2025-09-12 10:08:52 -   Recall: 1.000
2025-09-12 10:08:52 -   F1 Score: 0.914
2025-09-12 10:08:52 -   AUC: 0.867
2025-09-12 10:08:52 -   Correct/Total: 3/4
2025-09-12 10:08:52 -   Confusion Matrix Stats:
2025-09-12 10:08:52 -     TP: 3, TN: 0
2025-09-12 10:08:52 -     FP: 1, FN: 0
2025-09-12 10:08:52 - Subject: sub_017
2025-09-12 10:08:52 -   Accuracy: 0.000%
2025-09-12 10:08:52 -   Precision: 0.720
2025-09-12 10:08:52 -   Recall: 1.000
2025-09-12 10:08:52 -   F1 Score: 0.836
2025-09-12 10:08:52 -   AUC: 0.942
2025-09-12 10:08:52 -   Correct/Total: 8/10
2025-09-12 10:08:52 -   Confusion Matrix Stats:
2025-09-12 10:08:52 -     TP: 4, TN: 4
2025-09-12 10:08:52 -     FP: 2, FN: 0
2025-09-12 10:08:52 - Subject: sub_019
2025-09-12 10:08:52 -   Accuracy: 0.000%
2025-09-12 10:08:52 -   Precision: 0.872
2025-09-12 10:08:52 -   Recall: 0.750
2025-09-12 10:08:52 -   F1 Score: 0.800
2025-09-12 10:08:52 -   AUC: 0.821
2025-09-12 10:08:52 -   Correct/Total: 11/14
2025-09-12 10:08:52 -   Confusion Matrix Stats:
2025-09-12 10:08:52 -     TP: 6, TN: 5
2025-09-12 10:08:52 -     FP: 1, FN: 2
2025-09-12 10:08:52 - Subject: sub_020
2025-09-12 10:08:52 -   Accuracy: 0.000%
2025-09-12 10:08:52 -   Precision: 0.637
2025-09-12 10:08:52 -   Recall: 0.840
2025-09-12 10:08:52 -   F1 Score: 0.716
2025-09-12 10:08:52 -   AUC: 0.767
2025-09-12 10:08:52 -   Correct/Total: 8/11
2025-09-12 10:08:52 -   Confusion Matrix Stats:
2025-09-12 10:08:52 -     TP: 4, TN: 4
2025-09-12 10:08:52 -     FP: 2, FN: 1
2025-09-12 10:08:52 - Subject: sub_021
2025-09-12 10:08:52 -   Accuracy: 0.000%
2025-09-12 10:08:52 -   Precision: 0.949
2025-09-12 10:08:52 -   Recall: 0.900
2025-09-12 10:08:52 -   F1 Score: 0.920
2025-09-12 10:08:52 -   AUC: 0.969
2025-09-12 10:08:52 -   Correct/Total: 11/12
2025-09-12 10:08:52 -   Confusion Matrix Stats:
2025-09-12 10:08:52 -     TP: 7, TN: 4
2025-09-12 10:08:52 -     FP: 0, FN: 1
2025-09-12 10:08:52 - Subject: sub_024
2025-09-12 10:08:52 -   Accuracy: 0.000%
2025-09-12 10:08:52 -   Precision: 0.647
2025-09-12 10:08:52 -   Recall: 0.950
2025-09-12 10:08:52 -   F1 Score: 0.764
2025-09-12 10:08:52 -   AUC: 0.922
2025-09-12 10:08:52 -   Correct/Total: 11/13
2025-09-12 10:08:52 -   Confusion Matrix Stats:
2025-09-12 10:08:52 -     TP: 4, TN: 7
2025-09-12 10:08:52 -     FP: 2, FN: 0
2025-09-12 10:08:52 - Subject: sub_025
2025-09-12 10:08:52 -   Accuracy: 0.000%
2025-09-12 10:08:52 -   Precision: 0.283
2025-09-12 10:08:52 -   Recall: 0.267
2025-09-12 10:08:52 -   F1 Score: 0.270
2025-09-12 10:08:52 -   AUC: 0.581
2025-09-12 10:08:52 -   Correct/Total: 6/10
2025-09-12 10:08:52 -   Confusion Matrix Stats:
2025-09-12 10:08:52 -     TP: 1, TN: 5
2025-09-12 10:08:52 -     FP: 2, FN: 2
2025-09-12 10:08:52 - Subject: sub_027
2025-09-12 10:08:52 -   Accuracy: 0.000%
2025-09-12 10:08:52 -   Precision: 1.000
2025-09-12 10:08:52 -   Recall: 0.933
2025-09-12 10:08:52 -   F1 Score: 0.960
2025-09-12 10:08:52 -   AUC: 1.000
2025-09-12 10:08:52 -   Correct/Total: 4/4
2025-09-12 10:08:52 -   Confusion Matrix Stats:
2025-09-12 10:08:52 -     TP: 3, TN: 1
2025-09-12 10:08:52 -     FP: 0, FN: 0
2025-09-12 10:08:52 - Subject: sub_028
2025-09-12 10:08:52 -   Accuracy: 0.000%
2025-09-12 10:08:52 -   Precision: 1.000
2025-09-12 10:08:52 -   Recall: 1.000
2025-09-12 10:08:52 -   F1 Score: 1.000
2025-09-12 10:08:52 -   AUC: 0.500
2025-09-12 10:08:52 -   Correct/Total: 1/1
2025-09-12 10:08:52 -   Confusion Matrix Stats:
2025-09-12 10:08:52 -     TP: 1, TN: 0
2025-09-12 10:08:52 -     FP: 0, FN: 0
2025-09-12 10:08:52 - Subject: sub_029
2025-09-12 10:08:52 -   Accuracy: 0.000%
2025-09-12 10:08:52 -   Precision: 0.440
2025-09-12 10:08:52 -   Recall: 0.667
2025-09-12 10:08:52 -   F1 Score: 0.529
2025-09-12 10:08:52 -   AUC: 0.367
2025-09-12 10:08:52 -   Correct/Total: 3/7
2025-09-12 10:08:52 -   Confusion Matrix Stats:
2025-09-12 10:08:52 -     TP: 2, TN: 1
2025-09-12 10:08:52 -     FP: 3, FN: 1
2025-09-12 10:08:52 - Subject: sub_030
2025-09-12 10:08:52 -   Accuracy: 0.000%
2025-09-12 10:08:52 -   Precision: 0.690
2025-09-12 10:08:52 -   Recall: 0.600
2025-09-12 10:08:52 -   F1 Score: 0.632
2025-09-12 10:08:52 -   AUC: 0.730
2025-09-12 10:08:52 -   Correct/Total: 5/9
2025-09-12 10:08:52 -   Confusion Matrix Stats:
2025-09-12 10:08:52 -     TP: 3, TN: 2
2025-09-12 10:08:52 -     FP: 2, FN: 2
2025-09-12 10:08:52 - Subject: sub_031
2025-09-12 10:08:52 -   Accuracy: 0.000%
2025-09-12 10:08:52 -   Precision: 0.162
2025-09-12 10:08:52 -   Recall: 1.000
2025-09-12 10:08:52 -   F1 Score: 0.279
2025-09-12 10:08:52 -   AUC: 0.950
2025-09-12 10:08:52 -   Correct/Total: 4/9
2025-09-12 10:08:52 -   Confusion Matrix Stats:
2025-09-12 10:08:52 -     TP: 1, TN: 3
2025-09-12 10:08:52 -     FP: 5, FN: 0
2025-09-12 10:08:52 - Subject: sub_032
2025-09-12 10:08:52 -   Accuracy: 0.000%
2025-09-12 10:08:52 -   Precision: 0.910
2025-09-12 10:08:52 -   Recall: 0.900
2025-09-12 10:08:52 -   F1 Score: 0.899
2025-09-12 10:08:52 -   AUC: 0.950
2025-09-12 10:08:52 -   Correct/Total: 6/7
2025-09-12 10:08:52 -   Confusion Matrix Stats:
2025-09-12 10:08:52 -     TP: 4, TN: 3
2025-09-12 10:08:52 -     FP: 0, FN: 0
2025-09-12 10:08:52 - Subject: sub_035
2025-09-12 10:08:52 -   Accuracy: 0.000%
2025-09-12 10:08:52 -   Precision: 1.000
2025-09-12 10:08:52 -   Recall: 0.480
2025-09-12 10:08:52 -   F1 Score: 0.643
2025-09-12 10:08:52 -   AUC: 1.000
2025-09-12 10:08:52 -   Correct/Total: 3/6
2025-09-12 10:08:52 -   Confusion Matrix Stats:
2025-09-12 10:08:52 -     TP: 2, TN: 1
2025-09-12 10:08:52 -     FP: 0, FN: 3
2025-09-12 10:08:52 - Subject: sub_036
2025-09-12 10:08:52 -   Accuracy: 0.000%
2025-09-12 10:08:52 -   Precision: 0.600
2025-09-12 10:08:52 -   Recall: 1.000
2025-09-12 10:08:52 -   F1 Score: 0.733
2025-09-12 10:08:52 -   AUC: 0.800
2025-09-12 10:08:52 -   Correct/Total: 1/2
2025-09-12 10:08:52 -   Confusion Matrix Stats:
2025-09-12 10:08:52 -     TP: 1, TN: 0
2025-09-12 10:08:52 -     FP: 1, FN: 0
2025-09-12 10:08:52 - Subject: sub_037
2025-09-12 10:08:52 -   Accuracy: 0.000%
2025-09-12 10:08:52 -   Precision: 0.400
2025-09-12 10:08:52 -   Recall: 0.400
2025-09-12 10:08:52 -   F1 Score: 0.400
2025-09-12 10:08:52 -   AUC: 0.500
2025-09-12 10:08:52 -   Correct/Total: 2/3
2025-09-12 10:08:52 -   Confusion Matrix Stats:
2025-09-12 10:08:52 -     TP: 1, TN: 1
2025-09-12 10:08:52 -     FP: 1, FN: 0
2025-09-12 10:08:52 - Subject: sub_038
2025-09-12 10:08:52 -   Accuracy: 0.000%
2025-09-12 10:08:52 -   Precision: 0.247
2025-09-12 10:08:52 -   Recall: 1.000
2025-09-12 10:08:52 -   F1 Score: 0.381
2025-09-12 10:08:52 -   AUC: 0.867
2025-09-12 10:08:52 -   Correct/Total: 3/7
2025-09-12 10:08:52 -   Confusion Matrix Stats:
2025-09-12 10:08:52 -     TP: 1, TN: 2
2025-09-12 10:08:52 -     FP: 4, FN: 0
2025-09-12 10:08:52 - Subject: sub_040
2025-09-12 10:08:52 -   Accuracy: 0.000%
2025-09-12 10:08:52 -   Precision: 0.813
2025-09-12 10:08:52 -   Recall: 0.667
2025-09-12 10:08:52 -   F1 Score: 0.713
2025-09-12 10:08:52 -   AUC: 0.800
2025-09-12 10:08:52 -   Correct/Total: 5/7
2025-09-12 10:08:52 -   Confusion Matrix Stats:
2025-09-12 10:08:52 -     TP: 2, TN: 3
2025-09-12 10:08:52 -     FP: 1, FN: 1
2025-09-12 10:08:52 - 
AVO Pooled Model Statistics:
2025-09-12 10:08:52 - Mean Accuracy: 0.713
2025-09-12 10:08:52 - 95% Confidence Interval: [0.624, 0.803]
2025-09-12 10:08:52 - Best Subject: sub_012 (1.000)
2025-09-12 10:08:52 - Worst Subject: sub_018 (0.000)
2025-09-12 10:08:52 - Mean Precision: 0.715
2025-09-12 10:08:52 - Mean Recall: 0.816
2025-09-12 10:08:52 - Mean F1-Score: 0.762
2025-09-12 10:08:52 - Mean AUC: 0.816
2025-09-12 10:08:52 - Mean Confusion Matrix:
2025-09-12 10:08:52 -   TP: 3, TN: 2
2025-09-12 10:08:52 -   FP: 1, FN: 1
