2025-09-12 10:24:24 - 
Experiment Configuration:
2025-09-12 10:24:24 - --------------------------------------------------
2025-09-12 10:24:24 - dataset: ds005863
2025-09-12 10:24:24 - use_combined_datasets: False
2025-09-12 10:24:24 - electrode_list: all
2025-09-12 10:24:24 - classifier: ShallowFBCSPNet
2025-09-12 10:24:24 - separate_subject_classification: False
2025-09-12 10:24:24 - use_subject_layer: False
2025-09-12 10:24:24 - seeds: [42, 123, 456, 789, 321]
2025-09-12 10:24:24 - --------------------------------------------------
2025-09-12 10:24:24 - 
==================================================
2025-09-12 10:24:24 - Processing Active Visual Oddball Dataset
2025-09-12 10:24:24 - ==================================================
2025-09-12 10:25:12 - 
==================================================
2025-09-12 10:25:12 - Individual Subject Results - AVO
2025-09-12 10:25:12 - ==================================================
2025-09-12 10:25:12 - Subject: sub_001
2025-09-12 10:25:12 -   Accuracy: 0.000%
2025-09-12 10:25:12 -   Precision: 0.457
2025-09-12 10:25:12 -   Recall: 1.000
2025-09-12 10:25:12 -   F1 Score: 0.627
2025-09-12 10:25:12 -   AUC: 0.978
2025-09-12 10:25:12 -   Correct/Total: 5/9
2025-09-12 10:25:12 -   Confusion Matrix Stats:
2025-09-12 10:25:12 -     TP: 3, TN: 2
2025-09-12 10:25:12 -     FP: 4, FN: 0
2025-09-12 10:25:12 - Subject: sub_002
2025-09-12 10:25:12 -   Accuracy: 0.000%
2025-09-12 10:25:12 -   Precision: 0.742
2025-09-12 10:25:12 -   Recall: 0.633
2025-09-12 10:25:12 -   F1 Score: 0.670
2025-09-12 10:25:12 -   AUC: 0.713
2025-09-12 10:25:12 -   Correct/Total: 7/11
2025-09-12 10:25:12 -   Confusion Matrix Stats:
2025-09-12 10:25:12 -     TP: 4, TN: 4
2025-09-12 10:25:12 -     FP: 1, FN: 2
2025-09-12 10:25:12 - Subject: sub_003
2025-09-12 10:25:12 -   Accuracy: 0.000%
2025-09-12 10:25:12 -   Precision: 0.767
2025-09-12 10:25:12 -   Recall: 1.000
2025-09-12 10:25:12 -   F1 Score: 0.853
2025-09-12 10:25:12 -   AUC: 1.000
2025-09-12 10:25:12 -   Correct/Total: 3/4
2025-09-12 10:25:12 -   Confusion Matrix Stats:
2025-09-12 10:25:12 -     TP: 2, TN: 1
2025-09-12 10:25:12 -     FP: 1, FN: 0
2025-09-12 10:25:12 - Subject: sub_004
2025-09-12 10:25:12 -   Accuracy: 0.000%
2025-09-12 10:25:12 -   Precision: 0.500
2025-09-12 10:25:12 -   Recall: 1.000
2025-09-12 10:25:12 -   F1 Score: 0.667
2025-09-12 10:25:12 -   AUC: 1.000
2025-09-12 10:25:12 -   Correct/Total: 1/2
2025-09-12 10:25:12 -   Confusion Matrix Stats:
2025-09-12 10:25:12 -     TP: 1, TN: 0
2025-09-12 10:25:12 -     FP: 1, FN: 0
2025-09-12 10:25:12 - Subject: sub_005
2025-09-12 10:25:12 -   Accuracy: 0.000%
2025-09-12 10:25:12 -   Precision: 0.722
2025-09-12 10:25:12 -   Recall: 0.956
2025-09-12 10:25:12 -   F1 Score: 0.820
2025-09-12 10:25:12 -   AUC: 0.980
2025-09-12 10:25:12 -   Correct/Total: 16/20
2025-09-12 10:25:12 -   Confusion Matrix Stats:
2025-09-12 10:25:12 -     TP: 9, TN: 8
2025-09-12 10:25:12 -     FP: 3, FN: 0
2025-09-12 10:25:12 - Subject: sub_006
2025-09-12 10:25:12 -   Accuracy: 0.000%
2025-09-12 10:25:12 -   Precision: 0.747
2025-09-12 10:25:12 -   Recall: 1.000
2025-09-12 10:25:12 -   F1 Score: 0.853
2025-09-12 10:25:12 -   AUC: 0.900
2025-09-12 10:25:12 -   Correct/Total: 9/10
2025-09-12 10:25:12 -   Confusion Matrix Stats:
2025-09-12 10:25:12 -     TP: 4, TN: 5
2025-09-12 10:25:12 -     FP: 1, FN: 0
2025-09-12 10:25:12 - Subject: sub_007
2025-09-12 10:25:12 -   Accuracy: 0.000%
2025-09-12 10:25:12 -   Precision: 0.400
2025-09-12 10:25:12 -   Recall: 0.400
2025-09-12 10:25:12 -   F1 Score: 0.400
2025-09-12 10:25:12 -   AUC: 0.500
2025-09-12 10:25:12 -   Correct/Total: 0/1
2025-09-12 10:25:12 -   Confusion Matrix Stats:
2025-09-12 10:25:12 -     TP: 0, TN: 0
2025-09-12 10:25:12 -     FP: 1, FN: 0
2025-09-12 10:25:12 - Subject: sub_008
2025-09-12 10:25:12 -   Accuracy: 0.000%
2025-09-12 10:25:12 -   Precision: 0.640
2025-09-12 10:25:12 -   Recall: 0.700
2025-09-12 10:25:12 -   F1 Score: 0.667
2025-09-12 10:25:12 -   AUC: 0.710
2025-09-12 10:25:12 -   Correct/Total: 6/9
2025-09-12 10:25:12 -   Confusion Matrix Stats:
2025-09-12 10:25:12 -     TP: 3, TN: 3
2025-09-12 10:25:12 -     FP: 2, FN: 1
2025-09-12 10:25:12 - Subject: sub_009
2025-09-12 10:25:12 -   Accuracy: 0.000%
2025-09-12 10:25:12 -   Precision: 0.933
2025-09-12 10:25:12 -   Recall: 0.400
2025-09-12 10:25:12 -   F1 Score: 0.557
2025-09-12 10:25:12 -   AUC: 0.640
2025-09-12 10:25:12 -   Correct/Total: 4/7
2025-09-12 10:25:12 -   Confusion Matrix Stats:
2025-09-12 10:25:12 -     TP: 2, TN: 2
2025-09-12 10:25:12 -     FP: 0, FN: 3
2025-09-12 10:25:12 - Subject: sub_010
2025-09-12 10:25:12 -   Accuracy: 0.000%
2025-09-12 10:25:12 -   Precision: 0.421
2025-09-12 10:25:12 -   Recall: 0.560
2025-09-12 10:25:12 -   F1 Score: 0.480
2025-09-12 10:25:12 -   AUC: 0.640
2025-09-12 10:25:12 -   Correct/Total: 8/14
2025-09-12 10:25:12 -   Confusion Matrix Stats:
2025-09-12 10:25:12 -     TP: 3, TN: 5
2025-09-12 10:25:12 -     FP: 4, FN: 2
2025-09-12 10:25:12 - Subject: sub_011
2025-09-12 10:25:12 -   Accuracy: 0.000%
2025-09-12 10:25:12 -   Precision: 0.690
2025-09-12 10:25:12 -   Recall: 1.000
2025-09-12 10:25:12 -   F1 Score: 0.805
2025-09-12 10:25:12 -   AUC: 0.933
2025-09-12 10:25:12 -   Correct/Total: 4/6
2025-09-12 10:25:12 -   Confusion Matrix Stats:
2025-09-12 10:25:12 -     TP: 3, TN: 1
2025-09-12 10:25:12 -     FP: 2, FN: 0
2025-09-12 10:25:12 - Subject: sub_012
2025-09-12 10:25:12 -   Accuracy: 0.000%
2025-09-12 10:25:12 -   Precision: 0.400
2025-09-12 10:25:12 -   Recall: 1.000
2025-09-12 10:25:12 -   F1 Score: 0.567
2025-09-12 10:25:12 -   AUC: 0.667
2025-09-12 10:25:12 -   Correct/Total: 2/4
2025-09-12 10:25:12 -   Confusion Matrix Stats:
2025-09-12 10:25:12 -     TP: 1, TN: 1
2025-09-12 10:25:12 -     FP: 2, FN: 0
2025-09-12 10:25:12 - Subject: sub_013
2025-09-12 10:25:12 -   Accuracy: 0.000%
2025-09-12 10:25:12 -   Precision: 0.850
2025-09-12 10:25:12 -   Recall: 0.750
2025-09-12 10:25:12 -   F1 Score: 0.793
2025-09-12 10:25:12 -   AUC: 0.775
2025-09-12 10:25:12 -   Correct/Total: 4/6
2025-09-12 10:25:12 -   Confusion Matrix Stats:
2025-09-12 10:25:12 -     TP: 3, TN: 1
2025-09-12 10:25:12 -     FP: 1, FN: 1
2025-09-12 10:25:12 - Subject: sub_014
2025-09-12 10:25:12 -   Accuracy: 0.000%
2025-09-12 10:25:12 -   Precision: 0.700
2025-09-12 10:25:12 -   Recall: 0.333
2025-09-12 10:25:12 -   F1 Score: 0.440
2025-09-12 10:25:12 -   AUC: 0.689
2025-09-12 10:25:12 -   Correct/Total: 3/6
2025-09-12 10:25:12 -   Confusion Matrix Stats:
2025-09-12 10:25:12 -     TP: 1, TN: 2
2025-09-12 10:25:12 -     FP: 1, FN: 2
2025-09-12 10:25:12 - Subject: sub_015
2025-09-12 10:25:12 -   Accuracy: 0.000%
2025-09-12 10:25:12 -   Precision: 0.833
2025-09-12 10:25:12 -   Recall: 1.000
2025-09-12 10:25:12 -   F1 Score: 0.909
2025-09-12 10:25:12 -   AUC: 0.827
2025-09-12 10:25:12 -   Correct/Total: 7/8
2025-09-12 10:25:12 -   Confusion Matrix Stats:
2025-09-12 10:25:12 -     TP: 5, TN: 2
2025-09-12 10:25:12 -     FP: 1, FN: 0
2025-09-12 10:25:12 - Subject: sub_016
2025-09-12 10:25:12 -   Accuracy: 0.000%
2025-09-12 10:25:12 -   Precision: 0.701
2025-09-12 10:25:12 -   Recall: 1.000
2025-09-12 10:25:12 -   F1 Score: 0.821
2025-09-12 10:25:12 -   AUC: 0.900
2025-09-12 10:25:12 -   Correct/Total: 5/7
2025-09-12 10:25:12 -   Confusion Matrix Stats:
2025-09-12 10:25:12 -     TP: 4, TN: 1
2025-09-12 10:25:12 -     FP: 2, FN: 0
2025-09-12 10:25:12 - Subject: sub_017
2025-09-12 10:25:12 -   Accuracy: 0.000%
2025-09-12 10:25:12 -   Precision: 0.464
2025-09-12 10:25:12 -   Recall: 0.900
2025-09-12 10:25:12 -   F1 Score: 0.611
2025-09-12 10:25:12 -   AUC: 0.662
2025-09-12 10:25:12 -   Correct/Total: 7/12
2025-09-12 10:25:12 -   Confusion Matrix Stats:
2025-09-12 10:25:12 -     TP: 4, TN: 4
2025-09-12 10:25:12 -     FP: 4, FN: 0
2025-09-12 10:25:12 - Subject: sub_018
2025-09-12 10:25:12 -   Accuracy: 0.000%
2025-09-12 10:25:12 -   Precision: 1.000
2025-09-12 10:25:12 -   Recall: 0.600
2025-09-12 10:25:12 -   F1 Score: 0.733
2025-09-12 10:25:12 -   AUC: 1.000
2025-09-12 10:25:12 -   Correct/Total: 2/3
2025-09-12 10:25:12 -   Confusion Matrix Stats:
2025-09-12 10:25:12 -     TP: 1, TN: 1
2025-09-12 10:25:12 -     FP: 0, FN: 1
2025-09-12 10:25:12 - Subject: sub_019
2025-09-12 10:25:12 -   Accuracy: 0.000%
2025-09-12 10:25:12 -   Precision: 0.830
2025-09-12 10:25:12 -   Recall: 0.583
2025-09-12 10:25:12 -   F1 Score: 0.669
2025-09-12 10:25:12 -   AUC: 0.714
2025-09-12 10:25:12 -   Correct/Total: 11/18
2025-09-12 10:25:12 -   Confusion Matrix Stats:
2025-09-12 10:25:12 -     TP: 7, TN: 4
2025-09-12 10:25:12 -     FP: 2, FN: 5
2025-09-12 10:25:12 - Subject: sub_020
2025-09-12 10:25:12 -   Accuracy: 0.000%
2025-09-12 10:25:12 -   Precision: 0.600
2025-09-12 10:25:12 -   Recall: 1.000
2025-09-12 10:25:12 -   F1 Score: 0.747
2025-09-12 10:25:12 -   AUC: 1.000
2025-09-12 10:25:12 -   Correct/Total: 6/7
2025-09-12 10:25:12 -   Confusion Matrix Stats:
2025-09-12 10:25:12 -     TP: 2, TN: 4
2025-09-12 10:25:12 -     FP: 1, FN: 0
2025-09-12 10:25:12 - Subject: sub_021
2025-09-12 10:25:12 -   Accuracy: 0.000%
2025-09-12 10:25:12 -   Precision: 0.950
2025-09-12 10:25:12 -   Recall: 0.875
2025-09-12 10:25:12 -   F1 Score: 0.910
2025-09-12 10:25:12 -   AUC: 0.936
2025-09-12 10:25:12 -   Correct/Total: 14/15
2025-09-12 10:25:12 -   Confusion Matrix Stats:
2025-09-12 10:25:12 -     TP: 7, TN: 7
2025-09-12 10:25:12 -     FP: 0, FN: 1
2025-09-12 10:25:12 - Subject: sub_022
2025-09-12 10:25:12 -   Accuracy: 0.000%
2025-09-12 10:25:12 -   Precision: 0.889
2025-09-12 10:25:12 -   Recall: 1.000
2025-09-12 10:25:12 -   F1 Score: 0.941
2025-09-12 10:25:12 -   AUC: 0.881
2025-09-12 10:25:12 -   Correct/Total: 11/12
2025-09-12 10:25:12 -   Confusion Matrix Stats:
2025-09-12 10:25:12 -     TP: 8, TN: 3
2025-09-12 10:25:12 -     FP: 1, FN: 0
2025-09-12 10:25:12 - Subject: sub_023
2025-09-12 10:25:12 -   Accuracy: 0.000%
2025-09-12 10:25:12 -   Precision: 0.683
2025-09-12 10:25:12 -   Recall: 1.000
2025-09-12 10:25:12 -   F1 Score: 0.811
2025-09-12 10:25:12 -   AUC: 0.995
2025-09-12 10:25:12 -   Correct/Total: 10/13
2025-09-12 10:25:12 -   Confusion Matrix Stats:
2025-09-12 10:25:12 -     TP: 6, TN: 4
2025-09-12 10:25:12 -     FP: 3, FN: 0
2025-09-12 10:25:12 - Subject: sub_024
2025-09-12 10:25:12 -   Accuracy: 0.000%
2025-09-12 10:25:12 -   Precision: 0.513
2025-09-12 10:25:12 -   Recall: 0.500
2025-09-12 10:25:12 -   F1 Score: 0.503
2025-09-12 10:25:12 -   AUC: 0.510
2025-09-12 10:25:12 -   Correct/Total: 5/9
2025-09-12 10:25:12 -   Confusion Matrix Stats:
2025-09-12 10:25:12 -     TP: 2, TN: 3
2025-09-12 10:25:12 -     FP: 2, FN: 2
2025-09-12 10:25:12 - Subject: sub_025
2025-09-12 10:25:12 -   Accuracy: 0.000%
2025-09-12 10:25:12 -   Precision: 0.720
2025-09-12 10:25:12 -   Recall: 1.000
2025-09-12 10:25:12 -   F1 Score: 0.836
2025-09-12 10:25:12 -   AUC: 0.900
2025-09-12 10:25:12 -   Correct/Total: 4/5
2025-09-12 10:25:12 -   Confusion Matrix Stats:
2025-09-12 10:25:12 -     TP: 3, TN: 1
2025-09-12 10:25:12 -     FP: 1, FN: 0
2025-09-12 10:25:12 - Subject: sub_026
2025-09-12 10:25:12 -   Accuracy: 0.000%
2025-09-12 10:25:12 -   Precision: 1.000
2025-09-12 10:25:12 -   Recall: 1.000
2025-09-12 10:25:12 -   F1 Score: 1.000
2025-09-12 10:25:12 -   AUC: 1.000
2025-09-12 10:25:12 -   Correct/Total: 2/2
2025-09-12 10:25:12 -   Confusion Matrix Stats:
2025-09-12 10:25:12 -     TP: 1, TN: 1
2025-09-12 10:25:12 -     FP: 0, FN: 0
2025-09-12 10:25:12 - Subject: sub_027
2025-09-12 10:25:12 -   Accuracy: 0.000%
2025-09-12 10:25:12 -   Precision: 0.800
2025-09-12 10:25:12 -   Recall: 0.600
2025-09-12 10:25:12 -   F1 Score: 0.683
2025-09-12 10:25:12 -   AUC: 0.813
2025-09-12 10:25:12 -   Correct/Total: 5/8
2025-09-12 10:25:12 -   Confusion Matrix Stats:
2025-09-12 10:25:12 -     TP: 3, TN: 2
2025-09-12 10:25:12 -     FP: 1, FN: 2
2025-09-12 10:25:12 - Subject: sub_029
2025-09-12 10:25:12 -   Accuracy: 0.000%
2025-09-12 10:25:12 -   Precision: 0.767
2025-09-12 10:25:12 -   Recall: 0.520
2025-09-12 10:25:12 -   F1 Score: 0.572
2025-09-12 10:25:12 -   AUC: 0.280
2025-09-12 10:25:12 -   Correct/Total: 3/6
2025-09-12 10:25:12 -   Confusion Matrix Stats:
2025-09-12 10:25:12 -     TP: 3, TN: 0
2025-09-12 10:25:12 -     FP: 1, FN: 2
2025-09-12 10:25:12 - Subject: sub_030
2025-09-12 10:25:12 -   Accuracy: 0.000%
2025-09-12 10:25:12 -   Precision: 0.720
2025-09-12 10:25:12 -   Recall: 1.000
2025-09-12 10:25:12 -   F1 Score: 0.836
2025-09-12 10:25:12 -   AUC: 0.978
2025-09-12 10:25:12 -   Correct/Total: 5/6
2025-09-12 10:25:12 -   Confusion Matrix Stats:
2025-09-12 10:25:12 -     TP: 3, TN: 2
2025-09-12 10:25:12 -     FP: 1, FN: 0
2025-09-12 10:25:12 - Subject: sub_031
2025-09-12 10:25:12 -   Accuracy: 0.000%
2025-09-12 10:25:12 -   Precision: 0.486
2025-09-12 10:25:12 -   Recall: 1.000
2025-09-12 10:25:12 -   F1 Score: 0.653
2025-09-12 10:25:12 -   AUC: 0.767
2025-09-12 10:25:12 -   Correct/Total: 6/9
2025-09-12 10:25:12 -   Confusion Matrix Stats:
2025-09-12 10:25:12 -     TP: 3, TN: 3
2025-09-12 10:25:12 -     FP: 3, FN: 0
2025-09-12 10:25:12 - Subject: sub_032
2025-09-12 10:25:12 -   Accuracy: 0.000%
2025-09-12 10:25:12 -   Precision: 0.496
2025-09-12 10:25:12 -   Recall: 0.760
2025-09-12 10:25:12 -   F1 Score: 0.596
2025-09-12 10:25:12 -   AUC: 0.704
2025-09-12 10:25:12 -   Correct/Total: 5/10
2025-09-12 10:25:12 -   Confusion Matrix Stats:
2025-09-12 10:25:12 -     TP: 4, TN: 1
2025-09-12 10:25:12 -     FP: 4, FN: 1
2025-09-12 10:25:12 - Subject: sub_033
2025-09-12 10:25:12 -   Accuracy: 0.000%
2025-09-12 10:25:12 -   Precision: 0.943
2025-09-12 10:25:12 -   Recall: 1.000
2025-09-12 10:25:12 -   F1 Score: 0.969
2025-09-12 10:25:12 -   AUC: 0.990
2025-09-12 10:25:12 -   Correct/Total: 13/13
2025-09-12 10:25:12 -   Confusion Matrix Stats:
2025-09-12 10:25:12 -     TP: 6, TN: 7
2025-09-12 10:25:12 -     FP: 0, FN: 0
2025-09-12 10:25:12 - Subject: sub_034
2025-09-12 10:25:12 -   Accuracy: 0.000%
2025-09-12 10:25:12 -   Precision: 0.642
2025-09-12 10:25:12 -   Recall: 1.000
2025-09-12 10:25:12 -   F1 Score: 0.781
2025-09-12 10:25:12 -   AUC: 0.748
2025-09-12 10:25:12 -   Correct/Total: 10/13
2025-09-12 10:25:12 -   Confusion Matrix Stats:
2025-09-12 10:25:12 -     TP: 6, TN: 4
2025-09-12 10:25:12 -     FP: 3, FN: 0
2025-09-12 10:25:12 - Subject: sub_035
2025-09-12 10:25:12 -   Accuracy: 0.000%
2025-09-12 10:25:12 -   Precision: 0.590
2025-09-12 10:25:12 -   Recall: 0.933
2025-09-12 10:25:12 -   F1 Score: 0.719
2025-09-12 10:25:12 -   AUC: 0.800
2025-09-12 10:25:12 -   Correct/Total: 4/6
2025-09-12 10:25:12 -   Confusion Matrix Stats:
2025-09-12 10:25:12 -     TP: 3, TN: 1
2025-09-12 10:25:12 -     FP: 2, FN: 0
2025-09-12 10:25:12 - Subject: sub_036
2025-09-12 10:25:12 -   Accuracy: 0.000%
2025-09-12 10:25:12 -   Precision: 0.500
2025-09-12 10:25:12 -   Recall: 1.000
2025-09-12 10:25:12 -   F1 Score: 0.667
2025-09-12 10:25:12 -   AUC: 0.800
2025-09-12 10:25:12 -   Correct/Total: 1/2
2025-09-12 10:25:12 -   Confusion Matrix Stats:
2025-09-12 10:25:12 -     TP: 1, TN: 0
2025-09-12 10:25:12 -     FP: 1, FN: 0
2025-09-12 10:25:12 - Subject: sub_037
2025-09-12 10:25:12 -   Accuracy: 0.000%
2025-09-12 10:25:12 -   Precision: 0.750
2025-09-12 10:25:12 -   Recall: 1.000
2025-09-12 10:25:12 -   F1 Score: 0.857
2025-09-12 10:25:12 -   AUC: 1.000
2025-09-12 10:25:12 -   Correct/Total: 5/6
2025-09-12 10:25:12 -   Confusion Matrix Stats:
2025-09-12 10:25:12 -     TP: 3, TN: 2
2025-09-12 10:25:12 -     FP: 1, FN: 0
2025-09-12 10:25:12 - Subject: sub_038
2025-09-12 10:25:12 -   Accuracy: 0.000%
2025-09-12 10:25:12 -   Precision: 1.000
2025-09-12 10:25:12 -   Recall: 1.000
2025-09-12 10:25:12 -   F1 Score: 1.000
2025-09-12 10:25:12 -   AUC: 1.000
2025-09-12 10:25:12 -   Correct/Total: 5/5
2025-09-12 10:25:12 -   Confusion Matrix Stats:
2025-09-12 10:25:12 -     TP: 3, TN: 2
2025-09-12 10:25:12 -     FP: 0, FN: 0
2025-09-12 10:25:12 - Subject: sub_039
2025-09-12 10:25:12 -   Accuracy: 0.000%
2025-09-12 10:25:12 -   Precision: 0.879
2025-09-12 10:25:12 -   Recall: 0.956
2025-09-12 10:25:12 -   F1 Score: 0.915
2025-09-12 10:25:12 -   AUC: 0.978
2025-09-12 10:25:12 -   Correct/Total: 16/18
2025-09-12 10:25:12 -   Confusion Matrix Stats:
2025-09-12 10:25:12 -     TP: 9, TN: 8
2025-09-12 10:25:12 -     FP: 1, FN: 0
2025-09-12 10:25:12 - Subject: sub_040
2025-09-12 10:25:12 -   Accuracy: 0.000%
2025-09-12 10:25:12 -   Precision: 0.067
2025-09-12 10:25:12 -   Recall: 0.100
2025-09-12 10:25:12 -   F1 Score: 0.080
2025-09-12 10:25:12 -   AUC: 0.100
2025-09-12 10:25:12 -   Correct/Total: 1/4
2025-09-12 10:25:12 -   Confusion Matrix Stats:
2025-09-12 10:25:12 -     TP: 0, TN: 0
2025-09-12 10:25:12 -     FP: 2, FN: 2
2025-09-12 10:25:12 - 
AVO Pooled Model Statistics:
2025-09-12 10:25:12 - Mean Accuracy: 0.680
2025-09-12 10:25:12 - 95% Confidence Interval: [0.613, 0.746]
2025-09-12 10:25:12 - Best Subject: sub_026 (1.000)
2025-09-12 10:25:12 - Worst Subject: sub_028 (0.000)
2025-09-12 10:25:12 - Mean Precision: 0.690
2025-09-12 10:25:12 - Mean Recall: 0.834
2025-09-12 10:25:12 - Mean F1-Score: 0.756
2025-09-12 10:25:12 - Mean AUC: 0.805
2025-09-12 10:25:12 - Mean Confusion Matrix:
2025-09-12 10:25:12 -   TP: 3, TN: 3
2025-09-12 10:25:12 -   FP: 2, FN: 1
