2025-09-09 16:14:33 - 
Experiment Configuration:
2025-09-09 16:14:33 - --------------------------------------------------
2025-09-09 16:14:33 - experiment_type: Improved_EEG_Classification
2025-09-09 16:14:33 - ica_enabled: True
2025-09-09 16:14:33 - frequency_band: (8, 30)
2025-09-09 16:14:33 - classifier: ShallowFBCSPNet
2025-09-09 16:14:33 - improvements: ['ICA_artifact_removal', 'ERP_optimized_frequency_band', 'balanced_sampling']
2025-09-09 16:14:33 - expected_accuracy_improvement: 71.3% → 78-85%
2025-09-09 16:14:33 - seeds: [42]
2025-09-09 16:14:33 - --------------------------------------------------
2025-09-09 16:14:35 - 
==================================================
2025-09-09 16:14:35 - 数据预处理阶段
2025-09-09 16:14:35 - ==================================================
2025-09-09 16:41:11 - 预处理完成 - 样本: 6404, 通道: 26, 被试: 194
2025-09-09 16:41:11 - 类别分布: Oddball=3202, Standard=3202
2025-09-09 16:41:11 - 
==================================================
2025-09-09 16:41:11 - 模型训练阶段
2025-09-09 16:41:11 - ==================================================
2025-09-09 16:41:11 - 开始种子 42 实验
2025-09-09 16:43:37 - 种子 42 结果: 准确率=84.2%
2025-09-09 16:43:37 - 
==================================================
2025-09-09 16:43:37 - 最终结果统计
2025-09-09 16:43:37 - ==================================================
2025-09-09 16:43:37 - 实验完成 - 平均准确率: 84.2%, 改进: +12.9%
