2025-09-22 00:00:52 - 
Experiment Configuration:
2025-09-22 00:00:52 - --------------------------------------------------
2025-09-22 00:00:52 - dataset: ds005863
2025-09-22 00:00:52 - use_combined_datasets: False
2025-09-22 00:00:52 - electrode_list: all
2025-09-22 00:00:52 - classifier: EEGConformer
2025-09-22 00:00:52 - separate_subject_classification: False
2025-09-22 00:00:52 - use_subject_layer: False
2025-09-22 00:00:52 - seeds: [42, 123, 456, 789, 321]
2025-09-22 00:00:52 - use_nested_cv: True
2025-09-22 00:00:52 - electrode_fusion_method: none
2025-09-22 00:00:52 - domain_adaptation_method: none
2025-09-22 00:00:52 - enable_comprehensive_evaluation: True
2025-09-22 00:00:52 - enable_domain_analysis: True
2025-09-22 00:00:52 - enable_small_sample_analysis: False
2025-09-22 00:00:52 - small_sample_sizes: [5, 10, 15, 20]
2025-09-22 00:00:52 - small_sample_subjects: [5, 10, 15]
2025-09-22 00:00:52 - --------------------------------------------------
2025-09-22 00:00:52 - 
==================================================
2025-09-22 00:00:52 - Processing Active Visual Oddball Dataset
2025-09-22 00:00:52 - ==================================================
2025-09-22 00:00:52 - Using Cross-Validation (simplified approach)
2025-09-22 00:00:52 - Configuration: 5-fold CV, 5 repeats
2025-09-22 00:00:52 - ============================================================
2025-09-22 00:00:52 - CROSS-VALIDATION CONFIGURATION
2025-09-22 00:00:52 - ============================================================
2025-09-22 00:00:52 - Datasets: ['AVO']
2025-09-22 00:00:52 - CV folds: 5
2025-09-22 00:00:52 - Repeats: 5
2025-09-22 00:00:52 - Confidence level: 0.95
2025-09-22 00:00:52 - ============================================================
2025-09-22 00:00:52 - STRATIFIED SAMPLING CONFIGURATION
2025-09-22 00:00:52 - ============================================================
2025-09-22 00:00:52 - Nested CV Mode: Trial counts per subject by dataset
2025-09-22 00:00:52 -   AVO dataset: 20 trials per subject
2025-09-22 00:00:52 - Sampling strategy: Multi-level stratified sampling
2025-09-22 00:00:52 -   - Subject-level: Stratified trial selection per subject
2025-09-22 00:00:52 -   - Dataset-level: Stratified sampling when dataset trial counts differ
2025-09-22 00:00:52 -   - Fold-level: StratifiedKFold for 5-fold CV
2025-09-22 00:00:52 -   - Train/Val split: Stratified train_test_split within each fold
2025-09-22 00:00:52 - ============================================================
2025-09-22 00:00:52 - Subject sub_001: Sampled 20/70 trials
2025-09-22 00:00:52 -   Original distribution: {0: 0.5, 1: 0.5}
2025-09-22 00:00:52 -   Sampled distribution: {0: 0.5, 1: 0.5}
2025-09-22 00:00:52 - Subject sub_002: Sampled 20/70 trials
2025-09-22 00:00:52 -   Original distribution: {0: 0.5, 1: 0.5}
2025-09-22 00:00:52 -   Sampled distribution: {0: 0.5, 1: 0.5}
2025-09-22 00:00:52 - Subject sub_003: Sampled 20/88 trials
2025-09-22 00:00:52 -   Original distribution: {0: 0.5, 1: 0.5}
2025-09-22 00:00:52 -   Sampled distribution: {0: 0.5, 1: 0.5}
2025-09-22 00:00:52 - Subject sub_004: Sampled 20/84 trials
2025-09-22 00:00:52 -   Original distribution: {0: 0.5, 1: 0.5}
2025-09-22 00:00:52 -   Sampled distribution: {0: 0.5, 1: 0.5}
2025-09-22 00:00:53 - Subject sub_005: Sampled 20/70 trials
2025-09-22 00:00:53 -   Original distribution: {0: 0.5, 1: 0.5}
2025-09-22 00:00:53 -   Sampled distribution: {0: 0.5, 1: 0.5}
2025-09-22 00:00:53 - Subject sub_006: Sampled 20/74 trials
2025-09-22 00:00:53 -   Original distribution: {0: 0.5, 1: 0.5}
2025-09-22 00:00:53 -   Sampled distribution: {0: 0.5, 1: 0.5}
2025-09-22 00:00:53 - Subject sub_007: Sampled 20/78 trials
2025-09-22 00:00:53 -   Original distribution: {0: 0.5, 1: 0.5}
2025-09-22 00:00:53 -   Sampled distribution: {0: 0.5, 1: 0.5}
2025-09-22 00:00:53 - Subject sub_008: Sampled 20/72 trials
2025-09-22 00:00:53 -   Original distribution: {0: 0.5, 1: 0.5}
2025-09-22 00:00:53 -   Sampled distribution: {0: 0.5, 1: 0.5}
2025-09-22 00:00:53 - Subject sub_009: Sampled 20/76 trials
2025-09-22 00:00:53 -   Original distribution: {0: 0.5, 1: 0.5}
2025-09-22 00:00:53 -   Sampled distribution: {0: 0.5, 1: 0.5}
2025-09-22 00:00:53 - Subject sub_010: Sampled 20/70 trials
2025-09-22 00:00:53 -   Original distribution: {0: 0.5, 1: 0.5}
2025-09-22 00:00:53 -   Sampled distribution: {0: 0.5, 1: 0.5}
2025-09-22 00:00:54 - Subject sub_011: Sampled 20/60 trials
2025-09-22 00:00:54 -   Original distribution: {0: 0.5, 1: 0.5}
2025-09-22 00:00:54 -   Sampled distribution: {0: 0.5, 1: 0.5}
2025-09-22 00:00:54 - Subject sub_012: Sampled 20/72 trials
2025-09-22 00:00:54 -   Original distribution: {0: 0.5, 1: 0.5}
2025-09-22 00:00:54 -   Sampled distribution: {0: 0.5, 1: 0.5}
2025-09-22 00:00:54 - Subject sub_013: Sampled 20/72 trials
2025-09-22 00:00:54 -   Original distribution: {0: 0.5, 1: 0.5}
2025-09-22 00:00:54 -   Sampled distribution: {0: 0.5, 1: 0.5}
2025-09-22 00:00:54 - Subject sub_014: Sampled 20/72 trials
2025-09-22 00:00:54 -   Original distribution: {0: 0.5, 1: 0.5}
2025-09-22 00:00:54 -   Sampled distribution: {0: 0.5, 1: 0.5}
2025-09-22 00:00:54 - Subject sub_015: Sampled 20/56 trials
2025-09-22 00:00:54 -   Original distribution: {0: 0.5, 1: 0.5}
2025-09-22 00:00:54 -   Sampled distribution: {0: 0.5, 1: 0.5}
2025-09-22 00:00:54 - Subject sub_016: Sampled 20/70 trials
2025-09-22 00:00:54 -   Original distribution: {0: 0.5, 1: 0.5}
2025-09-22 00:00:54 -   Sampled distribution: {0: 0.5, 1: 0.5}
2025-09-22 00:00:54 - Subject sub_017: Sampled 20/74 trials
2025-09-22 00:00:54 -   Original distribution: {0: 0.5, 1: 0.5}
2025-09-22 00:00:54 -   Sampled distribution: {0: 0.5, 1: 0.5}
2025-09-22 00:00:55 - Subject sub_018: Sampled 20/22 trials
2025-09-22 00:00:55 -   Original distribution: {0: 0.5, 1: 0.5}
2025-09-22 00:00:55 -   Sampled distribution: {0: 0.5, 1: 0.5}
2025-09-22 00:00:55 - Subject sub_019: Sampled 20/76 trials
2025-09-22 00:00:55 -   Original distribution: {0: 0.5, 1: 0.5}
2025-09-22 00:00:55 -   Sampled distribution: {0: 0.5, 1: 0.5}
2025-09-22 00:00:55 - Subject sub_020: Sampled 20/76 trials
2025-09-22 00:00:55 -   Original distribution: {0: 0.5, 1: 0.5}
2025-09-22 00:00:55 -   Sampled distribution: {0: 0.5, 1: 0.5}
2025-09-22 00:00:55 - Subject sub_021: Sampled 20/82 trials
2025-09-22 00:00:55 -   Original distribution: {0: 0.5, 1: 0.5}
2025-09-22 00:00:55 -   Sampled distribution: {0: 0.5, 1: 0.5}
2025-09-22 00:00:55 - Subject sub_022: Sampled 20/72 trials
2025-09-22 00:00:55 -   Original distribution: {0: 0.5, 1: 0.5}
2025-09-22 00:00:55 -   Sampled distribution: {0: 0.5, 1: 0.5}
2025-09-22 00:00:55 - Subject sub_023: Sampled 20/78 trials
2025-09-22 00:00:55 -   Original distribution: {0: 0.5, 1: 0.5}
2025-09-22 00:00:55 -   Sampled distribution: {0: 0.5, 1: 0.5}
2025-09-22 00:00:55 - Subject sub_024: Sampled 20/92 trials
2025-09-22 00:00:55 -   Original distribution: {0: 0.5, 1: 0.5}
2025-09-22 00:00:55 -   Sampled distribution: {0: 0.5, 1: 0.5}
2025-09-22 00:00:56 - Subject sub_025: Sampled 20/64 trials
2025-09-22 00:00:56 -   Original distribution: {0: 0.5, 1: 0.5}
2025-09-22 00:00:56 -   Sampled distribution: {0: 0.5, 1: 0.5}
2025-09-22 00:00:56 - Subject sub_026: Sampled 20/80 trials
2025-09-22 00:00:56 -   Original distribution: {0: 0.5, 1: 0.5}
2025-09-22 00:00:56 -   Sampled distribution: {0: 0.5, 1: 0.5}
2025-09-22 00:00:56 - Subject sub_027: Sampled 20/68 trials
2025-09-22 00:00:56 -   Original distribution: {0: 0.5, 1: 0.5}
2025-09-22 00:00:56 -   Sampled distribution: {0: 0.5, 1: 0.5}
2025-09-22 00:00:56 - Subject sub_028: Sampled 20/84 trials
2025-09-22 00:00:56 -   Original distribution: {0: 0.5, 1: 0.5}
2025-09-22 00:00:56 -   Sampled distribution: {0: 0.5, 1: 0.5}
2025-09-22 00:00:56 - Subject sub_029: Sampled 20/84 trials
2025-09-22 00:00:56 -   Original distribution: {0: 0.5, 1: 0.5}
2025-09-22 00:00:56 -   Sampled distribution: {0: 0.5, 1: 0.5}
2025-09-22 00:00:56 - Subject sub_030: Sampled 20/72 trials
2025-09-22 00:00:56 -   Original distribution: {0: 0.5, 1: 0.5}
2025-09-22 00:00:56 -   Sampled distribution: {0: 0.5, 1: 0.5}
2025-09-22 00:00:57 - Subject sub_031: Sampled 20/88 trials
2025-09-22 00:00:57 -   Original distribution: {0: 0.5, 1: 0.5}
2025-09-22 00:00:57 -   Sampled distribution: {0: 0.5, 1: 0.5}
2025-09-22 00:00:57 - Subject sub_032: Sampled 20/96 trials
2025-09-22 00:00:57 -   Original distribution: {0: 0.5, 1: 0.5}
2025-09-22 00:00:57 -   Sampled distribution: {0: 0.5, 1: 0.5}
2025-09-22 00:00:57 - Subject sub_033: Sampled 20/78 trials
2025-09-22 00:00:57 -   Original distribution: {0: 0.5, 1: 0.5}
2025-09-22 00:00:57 -   Sampled distribution: {0: 0.5, 1: 0.5}
2025-09-22 00:00:57 - Subject sub_034: Sampled 20/72 trials
2025-09-22 00:00:57 -   Original distribution: {0: 0.5, 1: 0.5}
2025-09-22 00:00:57 -   Sampled distribution: {0: 0.5, 1: 0.5}
2025-09-22 00:00:57 - Subject sub_035: Sampled 20/88 trials
2025-09-22 00:00:57 -   Original distribution: {0: 0.5, 1: 0.5}
2025-09-22 00:00:57 -   Sampled distribution: {0: 0.5, 1: 0.5}
2025-09-22 00:00:57 - Subject sub_036: Sampled 20/84 trials
2025-09-22 00:00:57 -   Original distribution: {0: 0.5, 1: 0.5}
2025-09-22 00:00:57 -   Sampled distribution: {0: 0.5, 1: 0.5}
2025-09-22 00:00:57 - Subject sub_037: Sampled 20/86 trials
2025-09-22 00:00:57 -   Original distribution: {0: 0.5, 1: 0.5}
2025-09-22 00:00:57 -   Sampled distribution: {0: 0.5, 1: 0.5}
2025-09-22 00:00:58 - Subject sub_038: Sampled 20/100 trials
2025-09-22 00:00:58 -   Original distribution: {0: 0.5, 1: 0.5}
2025-09-22 00:00:58 -   Sampled distribution: {0: 0.5, 1: 0.5}
2025-09-22 00:00:58 - Subject sub_039: Sampled 20/70 trials
2025-09-22 00:00:58 -   Original distribution: {0: 0.5, 1: 0.5}
2025-09-22 00:00:58 -   Sampled distribution: {0: 0.5, 1: 0.5}
2025-09-22 00:00:58 - Subject sub_040: Sampled 20/84 trials
2025-09-22 00:00:58 -   Original distribution: {0: 0.5, 1: 0.5}
2025-09-22 00:00:58 -   Sampled distribution: {0: 0.5, 1: 0.5}
2025-09-22 00:00:58 - Nested CV dataset summary:
2025-09-22 00:00:58 -   Total subjects: 40
2025-09-22 00:00:58 -   Total trials: 800
2025-09-22 00:00:58 -   Average trials per subject: 20.0
2025-09-22 00:00:58 -   AVO dataset: 0 subjects, 800 trials (inf trials/subject)
2025-09-22 00:00:58 -   Class distribution: {0: 400, 1: 400}
2025-09-22 00:00:58 -   Class proportions: [0.5 0.5]
2025-09-22 00:00:58 - Enhanced preprocessing increased channels from 5 to 25
2025-09-22 00:00:58 - Starting Cross-Validation for EEGConformer
2025-09-22 00:00:58 - Configuration: 5-fold CV, 5 repeats
2025-09-22 00:00:58 - Data split ratios: Train=0.7, Val=0.1, Test=0.2
2025-09-22 00:00:58 - Repeat 1/5
2025-09-22 00:00:58 -   Fold 1/5
2025-09-22 00:00:58 -     Fold split: Train=560, Val=80
2025-09-22 00:01:06 -     Test accuracy: 0.5000
2025-09-22 00:01:06 -   Fold 2/5
2025-09-22 00:01:06 -     Fold split: Train=560, Val=80
2025-09-22 00:01:15 -     Test accuracy: 0.5000
2025-09-22 00:01:15 -   Fold 3/5
2025-09-22 00:01:15 -     Fold split: Train=560, Val=80
2025-09-22 00:01:23 -     Test accuracy: 0.5250
2025-09-22 00:01:23 -   Fold 4/5
2025-09-22 00:01:23 -     Fold split: Train=560, Val=80
2025-09-22 00:01:31 -     Test accuracy: 0.5000
2025-09-22 00:01:31 -   Fold 5/5
2025-09-22 00:01:31 -     Fold split: Train=560, Val=80
2025-09-22 00:01:39 -     Test accuracy: 0.5000
2025-09-22 00:01:39 -   Repeat 1 mean accuracy: 0.5050 ± 0.0100
2025-09-22 00:01:39 - Repeat 2/5
2025-09-22 00:01:39 -   Fold 1/5
2025-09-22 00:01:39 -     Fold split: Train=560, Val=80
2025-09-22 00:01:52 -     Test accuracy: 0.5000
2025-09-22 00:01:52 -   Fold 2/5
2025-09-22 00:01:52 -     Fold split: Train=560, Val=80
2025-09-22 00:02:00 -     Test accuracy: 0.5000
2025-09-22 00:02:00 -   Fold 3/5
2025-09-22 00:02:00 -     Fold split: Train=560, Val=80
2025-09-22 00:02:22 -     Test accuracy: 0.6500
2025-09-22 00:02:22 -   Fold 4/5
2025-09-22 00:02:22 -     Fold split: Train=560, Val=80
2025-09-22 00:03:02 -     Test accuracy: 0.6000
2025-09-22 00:03:02 -   Fold 5/5
2025-09-22 00:03:02 -     Fold split: Train=560, Val=80
2025-09-22 00:03:17 -     Test accuracy: 0.5750
2025-09-22 00:03:17 -   Repeat 2 mean accuracy: 0.5650 ± 0.0583
2025-09-22 00:03:17 - Repeat 3/5
2025-09-22 00:03:17 -   Fold 1/5
2025-09-22 00:03:17 -     Fold split: Train=560, Val=80
2025-09-22 00:03:25 -     Test accuracy: 0.5000
2025-09-22 00:03:25 -   Fold 2/5
2025-09-22 00:03:25 -     Fold split: Train=560, Val=80
2025-09-22 00:03:33 -     Test accuracy: 0.5000
2025-09-22 00:03:33 -   Fold 3/5
2025-09-22 00:03:33 -     Fold split: Train=560, Val=80
2025-09-22 00:03:52 -     Test accuracy: 0.6500
2025-09-22 00:03:52 -   Fold 4/5
2025-09-22 00:03:52 -     Fold split: Train=560, Val=80
2025-09-22 00:04:13 -     Test accuracy: 0.7063
2025-09-22 00:04:13 -   Fold 5/5
2025-09-22 00:04:13 -     Fold split: Train=560, Val=80
2025-09-22 00:04:20 -     Test accuracy: 0.5000
2025-09-22 00:04:20 -   Repeat 3 mean accuracy: 0.5713 ± 0.0891
2025-09-22 00:04:20 - Repeat 4/5
2025-09-22 00:04:20 -   Fold 1/5
2025-09-22 00:04:20 -     Fold split: Train=560, Val=80
2025-09-22 00:04:34 -     Test accuracy: 0.6000
2025-09-22 00:04:34 -   Fold 2/5
2025-09-22 00:04:34 -     Fold split: Train=560, Val=80
2025-09-22 00:04:49 -     Test accuracy: 0.6062
2025-09-22 00:04:49 -   Fold 3/5
2025-09-22 00:04:49 -     Fold split: Train=560, Val=80
2025-09-22 00:05:06 -     Test accuracy: 0.6375
2025-09-22 00:05:06 -   Fold 4/5
2025-09-22 00:05:06 -     Fold split: Train=560, Val=80
2025-09-22 00:05:14 -     Test accuracy: 0.5000
2025-09-22 00:05:14 -   Fold 5/5
2025-09-22 00:05:14 -     Fold split: Train=560, Val=80
2025-09-22 00:05:43 -     Test accuracy: 0.6687
2025-09-22 00:05:43 -   Repeat 4 mean accuracy: 0.6025 ± 0.0568
2025-09-22 00:05:43 - Repeat 5/5
2025-09-22 00:05:43 -   Fold 1/5
2025-09-22 00:05:43 -     Fold split: Train=560, Val=80
2025-09-22 00:05:51 -     Test accuracy: 0.5000
2025-09-22 00:05:51 -   Fold 2/5
2025-09-22 00:05:51 -     Fold split: Train=560, Val=80
2025-09-22 00:06:15 -     Test accuracy: 0.5750
2025-09-22 00:06:15 -   Fold 3/5
2025-09-22 00:06:15 -     Fold split: Train=560, Val=80
2025-09-22 00:06:31 -     Test accuracy: 0.6062
2025-09-22 00:06:31 -   Fold 4/5
2025-09-22 00:06:31 -     Fold split: Train=560, Val=80
2025-09-22 00:06:38 -     Test accuracy: 0.5000
2025-09-22 00:06:38 -   Fold 5/5
2025-09-22 00:06:38 -     Fold split: Train=560, Val=80
2025-09-22 00:07:02 -     Test accuracy: 0.5875
2025-09-22 00:07:02 -   Repeat 5 mean accuracy: 0.5537 ± 0.0450
2025-09-22 00:07:02 - Cross-Validation completed for EEGConformer
2025-09-22 00:07:02 - Final accuracy: 0.5595 ± 0.0672
2025-09-22 00:07:02 - 95% CI: [0.5317, 0.5873]
2025-09-22 00:07:02 - 
============================================================
2025-09-22 00:07:02 - CROSS-VALIDATION RESULTS
2025-09-22 00:07:02 - ============================================================
2025-09-22 00:07:02 - Model: EEGConformer
2025-09-22 00:07:02 - Overall accuracy: 0.5595 ± 0.0672
2025-09-22 00:07:02 - 95% Confidence Interval: [0.5317, 0.5873]
2025-09-22 00:07:02 - Statistical significance: 25 evaluations
2025-09-22 00:07:02 - Precision: 0.4222 [0.3086, 0.5358]
2025-09-22 00:07:02 - Recall: 0.5255 [0.3650, 0.6860]
2025-09-22 00:07:02 - F1_Score: 0.4478 [0.3258, 0.5697]
2025-09-22 00:07:02 - Auc: 0.6089 [0.5830, 0.6349]
2025-09-22 00:07:02 - ============================================================
2025-09-22 00:07:02 - Individual subject results skipped - using Nested Cross-Validation results
