2025-09-08 19:15:42 - 
Experiment Configuration:
2025-09-08 19:15:42 - --------------------------------------------------
2025-09-08 19:15:42 - dataset: ds005863
2025-09-08 19:15:42 - use_combined_datasets: False
2025-09-08 19:15:42 - electrode_list: all
2025-09-08 19:15:42 - classifier: lda
2025-09-08 19:15:42 - separate_subject_classification: True
2025-09-08 19:15:42 - use_subject_layer: False
2025-09-08 19:15:42 - seeds: [42, 123, 456, 789, 321]
2025-09-08 19:15:42 - --------------------------------------------------
2025-09-08 19:15:42 - 
==================================================
2025-09-08 19:15:42 - Processing Active Visual Oddball Dataset
2025-09-08 19:15:42 - ==================================================
2025-09-08 19:20:37 - 
==================================================
2025-09-08 19:20:37 - Individual Subject Results - AVO
2025-09-08 19:20:37 - ==================================================
2025-09-08 19:20:37 - Subject: sub-001
2025-09-08 19:20:37 -   Accuracy: 0.000%
2025-09-08 19:20:37 -   Precision: 0.714
2025-09-08 19:20:37 -   Recall: 0.625
2025-09-08 19:20:37 -   F1 Score: 0.667
2025-09-08 19:20:37 -   AUC: 0.714
2025-09-08 19:20:37 -   Correct/Total: 10/15
2025-09-08 19:20:37 -   Confusion Matrix Stats:
2025-09-08 19:20:37 -     TP: 5, TN: 5
2025-09-08 19:20:37 -     FP: 2, FN: 3
2025-09-08 19:20:37 - Subject: sub-002
2025-09-08 19:20:37 -   Accuracy: 0.000%
2025-09-08 19:20:37 -   Precision: 0.000
2025-09-08 19:20:37 -   Recall: 0.000
2025-09-08 19:20:37 -   F1 Score: 0.000
2025-09-08 19:20:37 -   AUC: 0.268
2025-09-08 19:20:37 -   Correct/Total: 5/15
2025-09-08 19:20:37 -   Confusion Matrix Stats:
2025-09-08 19:20:37 -     TP: 0, TN: 5
2025-09-08 19:20:37 -     FP: 2, FN: 8
2025-09-08 19:20:37 - Subject: sub-003
2025-09-08 19:20:37 -   Accuracy: 0.000%
2025-09-08 19:20:37 -   Precision: 1.000
2025-09-08 19:20:37 -   Recall: 0.857
2025-09-08 19:20:37 -   F1 Score: 0.923
2025-09-08 19:20:37 -   AUC: 1.000
2025-09-08 19:20:37 -   Correct/Total: 12/13
2025-09-08 19:20:37 -   Confusion Matrix Stats:
2025-09-08 19:20:37 -     TP: 6, TN: 6
2025-09-08 19:20:37 -     FP: 0, FN: 1
2025-09-08 19:20:37 - Subject: sub-004
2025-09-08 19:20:37 -   Accuracy: 0.000%
2025-09-08 19:20:37 -   Precision: 0.500
2025-09-08 19:20:37 -   Recall: 0.286
2025-09-08 19:20:37 -   F1 Score: 0.364
2025-09-08 19:20:37 -   AUC: 0.595
2025-09-08 19:20:37 -   Correct/Total: 6/13
2025-09-08 19:20:37 -   Confusion Matrix Stats:
2025-09-08 19:20:37 -     TP: 2, TN: 4
2025-09-08 19:20:37 -     FP: 2, FN: 5
2025-09-08 19:20:37 - Subject: sub-005
2025-09-08 19:20:37 -   Accuracy: 0.000%
2025-09-08 19:20:37 -   Precision: 0.500
2025-09-08 19:20:37 -   Recall: 0.286
2025-09-08 19:20:37 -   F1 Score: 0.364
2025-09-08 19:20:37 -   AUC: 0.476
2025-09-08 19:20:37 -   Correct/Total: 6/13
2025-09-08 19:20:37 -   Confusion Matrix Stats:
2025-09-08 19:20:37 -     TP: 2, TN: 4
2025-09-08 19:20:37 -     FP: 2, FN: 5
2025-09-08 19:20:37 - Subject: sub-006
2025-09-08 19:20:37 -   Accuracy: 0.000%
2025-09-08 19:20:37 -   Precision: 0.700
2025-09-08 19:20:37 -   Recall: 0.875
2025-09-08 19:20:37 -   F1 Score: 0.778
2025-09-08 19:20:37 -   AUC: 0.732
2025-09-08 19:20:37 -   Correct/Total: 11/15
2025-09-08 19:20:37 -   Confusion Matrix Stats:
2025-09-08 19:20:37 -     TP: 7, TN: 4
2025-09-08 19:20:37 -     FP: 3, FN: 1
2025-09-08 19:20:37 - Subject: sub-007
2025-09-08 19:20:37 -   Accuracy: 0.000%
2025-09-08 19:20:37 -   Precision: 0.500
2025-09-08 19:20:37 -   Recall: 0.286
2025-09-08 19:20:37 -   F1 Score: 0.364
2025-09-08 19:20:37 -   AUC: 0.524
2025-09-08 19:20:37 -   Correct/Total: 6/13
2025-09-08 19:20:37 -   Confusion Matrix Stats:
2025-09-08 19:20:37 -     TP: 2, TN: 4
2025-09-08 19:20:37 -     FP: 2, FN: 5
2025-09-08 19:20:37 - Subject: sub-008
2025-09-08 19:20:37 -   Accuracy: 0.000%
2025-09-08 19:20:37 -   Precision: 0.750
2025-09-08 19:20:37 -   Recall: 0.429
2025-09-08 19:20:37 -   F1 Score: 0.545
2025-09-08 19:20:37 -   AUC: 0.690
2025-09-08 19:20:37 -   Correct/Total: 8/13
2025-09-08 19:20:37 -   Confusion Matrix Stats:
2025-09-08 19:20:37 -     TP: 3, TN: 5
2025-09-08 19:20:37 -     FP: 1, FN: 4
2025-09-08 19:20:37 - Subject: sub-009
2025-09-08 19:20:37 -   Accuracy: 0.000%
2025-09-08 19:20:37 -   Precision: 0.800
2025-09-08 19:20:37 -   Recall: 0.571
2025-09-08 19:20:37 -   F1 Score: 0.667
2025-09-08 19:20:37 -   AUC: 0.595
2025-09-08 19:20:37 -   Correct/Total: 9/13
2025-09-08 19:20:37 -   Confusion Matrix Stats:
2025-09-08 19:20:37 -     TP: 4, TN: 5
2025-09-08 19:20:37 -     FP: 1, FN: 3
2025-09-08 19:20:37 - Subject: sub-010
2025-09-08 19:20:37 -   Accuracy: 0.000%
2025-09-08 19:20:37 -   Precision: 0.600
2025-09-08 19:20:37 -   Recall: 0.375
2025-09-08 19:20:37 -   F1 Score: 0.462
2025-09-08 19:20:37 -   AUC: 0.554
2025-09-08 19:20:37 -   Correct/Total: 8/15
2025-09-08 19:20:37 -   Confusion Matrix Stats:
2025-09-08 19:20:37 -     TP: 3, TN: 5
2025-09-08 19:20:37 -     FP: 2, FN: 5
2025-09-08 19:20:37 - Subject: sub-011
2025-09-08 19:20:37 -   Accuracy: 0.000%
2025-09-08 19:20:37 -   Precision: 0.667
2025-09-08 19:20:37 -   Recall: 0.571
2025-09-08 19:20:37 -   F1 Score: 0.615
2025-09-08 19:20:37 -   AUC: 0.810
2025-09-08 19:20:37 -   Correct/Total: 8/13
2025-09-08 19:20:37 -   Confusion Matrix Stats:
2025-09-08 19:20:37 -     TP: 4, TN: 4
2025-09-08 19:20:37 -     FP: 2, FN: 3
2025-09-08 19:20:37 - Subject: sub-012
2025-09-08 19:20:37 -   Accuracy: 0.000%
2025-09-08 19:20:37 -   Precision: 0.400
2025-09-08 19:20:37 -   Recall: 0.250
2025-09-08 19:20:37 -   F1 Score: 0.308
2025-09-08 19:20:37 -   AUC: 0.482
2025-09-08 19:20:37 -   Correct/Total: 6/15
2025-09-08 19:20:37 -   Confusion Matrix Stats:
2025-09-08 19:20:37 -     TP: 2, TN: 4
2025-09-08 19:20:37 -     FP: 3, FN: 6
2025-09-08 19:20:37 - Subject: sub-013
2025-09-08 19:20:37 -   Accuracy: 0.000%
2025-09-08 19:20:37 -   Precision: 0.667
2025-09-08 19:20:37 -   Recall: 0.857
2025-09-08 19:20:37 -   F1 Score: 0.750
2025-09-08 19:20:37 -   AUC: 0.595
2025-09-08 19:20:37 -   Correct/Total: 9/13
2025-09-08 19:20:37 -   Confusion Matrix Stats:
2025-09-08 19:20:37 -     TP: 6, TN: 3
2025-09-08 19:20:37 -     FP: 3, FN: 1
2025-09-08 19:20:37 - Subject: sub-014
2025-09-08 19:20:37 -   Accuracy: 0.000%
2025-09-08 19:20:37 -   Precision: 0.500
2025-09-08 19:20:37 -   Recall: 0.143
2025-09-08 19:20:37 -   F1 Score: 0.222
2025-09-08 19:20:37 -   AUC: 0.381
2025-09-08 19:20:37 -   Correct/Total: 6/13
2025-09-08 19:20:37 -   Confusion Matrix Stats:
2025-09-08 19:20:37 -     TP: 1, TN: 5
2025-09-08 19:20:37 -     FP: 1, FN: 6
2025-09-08 19:20:37 - Subject: sub-015
2025-09-08 19:20:37 -   Accuracy: 0.000%
2025-09-08 19:20:37 -   Precision: 0.400
2025-09-08 19:20:37 -   Recall: 0.286
2025-09-08 19:20:37 -   F1 Score: 0.333
2025-09-08 19:20:37 -   AUC: 0.381
2025-09-08 19:20:37 -   Correct/Total: 5/13
2025-09-08 19:20:37 -   Confusion Matrix Stats:
2025-09-08 19:20:37 -     TP: 2, TN: 3
2025-09-08 19:20:37 -     FP: 3, FN: 5
2025-09-08 19:20:37 - Subject: sub-016
2025-09-08 19:20:37 -   Accuracy: 0.000%
2025-09-08 19:20:37 -   Precision: 0.667
2025-09-08 19:20:37 -   Recall: 0.571
2025-09-08 19:20:37 -   F1 Score: 0.615
2025-09-08 19:20:37 -   AUC: 0.690
2025-09-08 19:20:37 -   Correct/Total: 8/13
2025-09-08 19:20:37 -   Confusion Matrix Stats:
2025-09-08 19:20:37 -     TP: 4, TN: 4
2025-09-08 19:20:37 -     FP: 2, FN: 3
2025-09-08 19:20:37 - Subject: sub-017
2025-09-08 19:20:37 -   Accuracy: 0.000%
2025-09-08 19:20:37 -   Precision: 0.714
2025-09-08 19:20:37 -   Recall: 0.714
2025-09-08 19:20:37 -   F1 Score: 0.714
2025-09-08 19:20:37 -   AUC: 0.690
2025-09-08 19:20:37 -   Correct/Total: 9/13
2025-09-08 19:20:37 -   Confusion Matrix Stats:
2025-09-08 19:20:37 -     TP: 5, TN: 4
2025-09-08 19:20:37 -     FP: 2, FN: 2
2025-09-08 19:20:37 - Subject: sub-018
2025-09-08 19:20:37 -   Accuracy: 0.000%
2025-09-08 19:20:37 -   Precision: 0.571
2025-09-08 19:20:37 -   Recall: 0.500
2025-09-08 19:20:37 -   F1 Score: 0.533
2025-09-08 19:20:37 -   AUC: 0.500
2025-09-08 19:20:37 -   Correct/Total: 8/15
2025-09-08 19:20:37 -   Confusion Matrix Stats:
2025-09-08 19:20:37 -     TP: 4, TN: 4
2025-09-08 19:20:37 -     FP: 3, FN: 4
2025-09-08 19:20:37 - Subject: sub-019
2025-09-08 19:20:37 -   Accuracy: 0.000%
2025-09-08 19:20:37 -   Precision: 0.500
2025-09-08 19:20:37 -   Recall: 0.143
2025-09-08 19:20:37 -   F1 Score: 0.222
2025-09-08 19:20:37 -   AUC: 0.595
2025-09-08 19:20:37 -   Correct/Total: 6/13
2025-09-08 19:20:37 -   Confusion Matrix Stats:
2025-09-08 19:20:37 -     TP: 1, TN: 5
2025-09-08 19:20:37 -     FP: 1, FN: 6
2025-09-08 19:20:37 - Subject: sub-020
2025-09-08 19:20:37 -   Accuracy: 0.000%
2025-09-08 19:20:37 -   Precision: 0.400
2025-09-08 19:20:37 -   Recall: 0.286
2025-09-08 19:20:37 -   F1 Score: 0.333
2025-09-08 19:20:37 -   AUC: 0.571
2025-09-08 19:20:37 -   Correct/Total: 5/13
2025-09-08 19:20:37 -   Confusion Matrix Stats:
2025-09-08 19:20:37 -     TP: 2, TN: 3
2025-09-08 19:20:37 -     FP: 3, FN: 5
2025-09-08 19:20:37 - Subject: sub-021
2025-09-08 19:20:37 -   Accuracy: 0.000%
2025-09-08 19:20:37 -   Precision: 1.000
2025-09-08 19:20:37 -   Recall: 0.571
2025-09-08 19:20:37 -   F1 Score: 0.727
2025-09-08 19:20:37 -   AUC: 0.786
2025-09-08 19:20:37 -   Correct/Total: 10/13
2025-09-08 19:20:37 -   Confusion Matrix Stats:
2025-09-08 19:20:37 -     TP: 4, TN: 6
2025-09-08 19:20:37 -     FP: 0, FN: 3
2025-09-08 19:20:37 - Subject: sub-022
2025-09-08 19:20:37 -   Accuracy: 0.000%
2025-09-08 19:20:37 -   Precision: 0.667
2025-09-08 19:20:37 -   Recall: 0.571
2025-09-08 19:20:37 -   F1 Score: 0.615
2025-09-08 19:20:37 -   AUC: 0.786
2025-09-08 19:20:37 -   Correct/Total: 8/13
2025-09-08 19:20:37 -   Confusion Matrix Stats:
2025-09-08 19:20:37 -     TP: 4, TN: 4
2025-09-08 19:20:37 -     FP: 2, FN: 3
2025-09-08 19:20:37 - Subject: sub-023
2025-09-08 19:20:37 -   Accuracy: 0.000%
2025-09-08 19:20:37 -   Precision: 0.250
2025-09-08 19:20:37 -   Recall: 0.143
2025-09-08 19:20:37 -   F1 Score: 0.182
2025-09-08 19:20:37 -   AUC: 0.429
2025-09-08 19:20:37 -   Correct/Total: 4/13
2025-09-08 19:20:37 -   Confusion Matrix Stats:
2025-09-08 19:20:37 -     TP: 1, TN: 3
2025-09-08 19:20:37 -     FP: 3, FN: 6
2025-09-08 19:20:37 - Subject: sub-024
2025-09-08 19:20:37 -   Accuracy: 0.000%
2025-09-08 19:20:37 -   Precision: 0.714
2025-09-08 19:20:37 -   Recall: 0.714
2025-09-08 19:20:37 -   F1 Score: 0.714
2025-09-08 19:20:37 -   AUC: 0.786
2025-09-08 19:20:37 -   Correct/Total: 9/13
2025-09-08 19:20:37 -   Confusion Matrix Stats:
2025-09-08 19:20:37 -     TP: 5, TN: 4
2025-09-08 19:20:37 -     FP: 2, FN: 2
2025-09-08 19:20:37 - Subject: sub-025
2025-09-08 19:20:37 -   Accuracy: 0.000%
2025-09-08 19:20:37 -   Precision: 0.556
2025-09-08 19:20:37 -   Recall: 0.625
2025-09-08 19:20:37 -   F1 Score: 0.588
2025-09-08 19:20:37 -   AUC: 0.500
2025-09-08 19:20:37 -   Correct/Total: 8/15
2025-09-08 19:20:37 -   Confusion Matrix Stats:
2025-09-08 19:20:37 -     TP: 5, TN: 3
2025-09-08 19:20:37 -     FP: 4, FN: 3
2025-09-08 19:20:37 - Subject: sub-026
2025-09-08 19:20:37 -   Accuracy: 0.000%
2025-09-08 19:20:37 -   Precision: 0.714
2025-09-08 19:20:37 -   Recall: 0.625
2025-09-08 19:20:37 -   F1 Score: 0.667
2025-09-08 19:20:37 -   AUC: 0.732
2025-09-08 19:20:37 -   Correct/Total: 10/15
2025-09-08 19:20:37 -   Confusion Matrix Stats:
2025-09-08 19:20:37 -     TP: 5, TN: 5
2025-09-08 19:20:37 -     FP: 2, FN: 3
2025-09-08 19:20:37 - Subject: sub-027
2025-09-08 19:20:37 -   Accuracy: 0.000%
2025-09-08 19:20:37 -   Precision: 0.667
2025-09-08 19:20:37 -   Recall: 0.571
2025-09-08 19:20:37 -   F1 Score: 0.615
2025-09-08 19:20:37 -   AUC: 0.429
2025-09-08 19:20:37 -   Correct/Total: 8/13
2025-09-08 19:20:37 -   Confusion Matrix Stats:
2025-09-08 19:20:37 -     TP: 4, TN: 4
2025-09-08 19:20:37 -     FP: 2, FN: 3
2025-09-08 19:20:37 - Subject: sub-028
2025-09-08 19:20:37 -   Accuracy: 0.000%
2025-09-08 19:20:37 -   Precision: 0.600
2025-09-08 19:20:37 -   Recall: 0.375
2025-09-08 19:20:37 -   F1 Score: 0.462
2025-09-08 19:20:37 -   AUC: 0.464
2025-09-08 19:20:37 -   Correct/Total: 8/15
2025-09-08 19:20:37 -   Confusion Matrix Stats:
2025-09-08 19:20:37 -     TP: 3, TN: 5
2025-09-08 19:20:37 -     FP: 2, FN: 5
2025-09-08 19:20:37 - Subject: sub-029
2025-09-08 19:20:37 -   Accuracy: 0.000%
2025-09-08 19:20:37 -   Precision: 0.625
2025-09-08 19:20:37 -   Recall: 0.714
2025-09-08 19:20:37 -   F1 Score: 0.667
2025-09-08 19:20:37 -   AUC: 0.690
2025-09-08 19:20:37 -   Correct/Total: 8/13
2025-09-08 19:20:37 -   Confusion Matrix Stats:
2025-09-08 19:20:37 -     TP: 5, TN: 3
2025-09-08 19:20:37 -     FP: 3, FN: 2
2025-09-08 19:20:37 - Subject: sub-030
2025-09-08 19:20:37 -   Accuracy: 0.000%
2025-09-08 19:20:37 -   Precision: 0.571
2025-09-08 19:20:37 -   Recall: 0.500
2025-09-08 19:20:37 -   F1 Score: 0.533
2025-09-08 19:20:37 -   AUC: 0.518
2025-09-08 19:20:37 -   Correct/Total: 8/15
2025-09-08 19:20:37 -   Confusion Matrix Stats:
2025-09-08 19:20:37 -     TP: 4, TN: 4
2025-09-08 19:20:37 -     FP: 3, FN: 4
2025-09-08 19:20:37 - Subject: sub-031
2025-09-08 19:20:37 -   Accuracy: 0.000%
2025-09-08 19:20:37 -   Precision: 0.500
2025-09-08 19:20:37 -   Recall: 0.375
2025-09-08 19:20:37 -   F1 Score: 0.429
2025-09-08 19:20:37 -   AUC: 0.375
2025-09-08 19:20:37 -   Correct/Total: 7/15
2025-09-08 19:20:37 -   Confusion Matrix Stats:
2025-09-08 19:20:37 -     TP: 3, TN: 4
2025-09-08 19:20:37 -     FP: 3, FN: 5
2025-09-08 19:20:37 - Subject: sub-032
2025-09-08 19:20:37 -   Accuracy: 0.000%
2025-09-08 19:20:37 -   Precision: 0.500
2025-09-08 19:20:37 -   Recall: 0.375
2025-09-08 19:20:37 -   F1 Score: 0.429
2025-09-08 19:20:37 -   AUC: 0.643
2025-09-08 19:20:37 -   Correct/Total: 7/15
2025-09-08 19:20:37 -   Confusion Matrix Stats:
2025-09-08 19:20:37 -     TP: 3, TN: 4
2025-09-08 19:20:37 -     FP: 3, FN: 5
2025-09-08 19:20:37 - Subject: sub-033
2025-09-08 19:20:37 -   Accuracy: 0.000%
2025-09-08 19:20:37 -   Precision: 0.333
2025-09-08 19:20:37 -   Recall: 0.143
2025-09-08 19:20:37 -   F1 Score: 0.200
2025-09-08 19:20:37 -   AUC: 0.452
2025-09-08 19:20:37 -   Correct/Total: 5/13
2025-09-08 19:20:37 -   Confusion Matrix Stats:
2025-09-08 19:20:37 -     TP: 1, TN: 4
2025-09-08 19:20:37 -     FP: 2, FN: 6
2025-09-08 19:20:37 - Subject: sub-034
2025-09-08 19:20:37 -   Accuracy: 0.000%
2025-09-08 19:20:37 -   Precision: 0.600
2025-09-08 19:20:37 -   Recall: 0.429
2025-09-08 19:20:37 -   F1 Score: 0.500
2025-09-08 19:20:37 -   AUC: 0.595
2025-09-08 19:20:37 -   Correct/Total: 7/13
2025-09-08 19:20:37 -   Confusion Matrix Stats:
2025-09-08 19:20:37 -     TP: 3, TN: 4
2025-09-08 19:20:37 -     FP: 2, FN: 4
2025-09-08 19:20:37 - Subject: sub-035
2025-09-08 19:20:37 -   Accuracy: 0.000%
2025-09-08 19:20:37 -   Precision: 0.556
2025-09-08 19:20:37 -   Recall: 0.714
2025-09-08 19:20:37 -   F1 Score: 0.625
2025-09-08 19:20:37 -   AUC: 0.595
2025-09-08 19:20:37 -   Correct/Total: 7/13
2025-09-08 19:20:37 -   Confusion Matrix Stats:
2025-09-08 19:20:37 -     TP: 5, TN: 2
2025-09-08 19:20:37 -     FP: 4, FN: 2
2025-09-08 19:20:37 - Subject: sub-036
2025-09-08 19:20:37 -   Accuracy: 0.000%
2025-09-08 19:20:37 -   Precision: 0.800
2025-09-08 19:20:37 -   Recall: 0.571
2025-09-08 19:20:37 -   F1 Score: 0.667
2025-09-08 19:20:37 -   AUC: 0.690
2025-09-08 19:20:37 -   Correct/Total: 9/13
2025-09-08 19:20:37 -   Confusion Matrix Stats:
2025-09-08 19:20:37 -     TP: 4, TN: 5
2025-09-08 19:20:37 -     FP: 1, FN: 3
2025-09-08 19:20:37 - Subject: sub-037
2025-09-08 19:20:37 -   Accuracy: 0.000%
2025-09-08 19:20:37 -   Precision: 0.500
2025-09-08 19:20:37 -   Recall: 0.429
2025-09-08 19:20:37 -   F1 Score: 0.462
2025-09-08 19:20:37 -   AUC: 0.405
2025-09-08 19:20:37 -   Correct/Total: 6/13
2025-09-08 19:20:37 -   Confusion Matrix Stats:
2025-09-08 19:20:37 -     TP: 3, TN: 3
2025-09-08 19:20:37 -     FP: 3, FN: 4
2025-09-08 19:20:37 - Subject: sub-038
2025-09-08 19:20:37 -   Accuracy: 0.000%
2025-09-08 19:20:37 -   Precision: 0.429
2025-09-08 19:20:37 -   Recall: 0.429
2025-09-08 19:20:37 -   F1 Score: 0.429
2025-09-08 19:20:37 -   AUC: 0.551
2025-09-08 19:20:37 -   Correct/Total: 6/14
2025-09-08 19:20:37 -   Confusion Matrix Stats:
2025-09-08 19:20:37 -     TP: 3, TN: 3
2025-09-08 19:20:37 -     FP: 4, FN: 4
2025-09-08 19:20:37 - Subject: sub-039
2025-09-08 19:20:37 -   Accuracy: 0.000%
2025-09-08 19:20:37 -   Precision: 0.857
2025-09-08 19:20:37 -   Recall: 0.857
2025-09-08 19:20:37 -   F1 Score: 0.857
2025-09-08 19:20:37 -   AUC: 0.810
2025-09-08 19:20:37 -   Correct/Total: 11/13
2025-09-08 19:20:37 -   Confusion Matrix Stats:
2025-09-08 19:20:37 -     TP: 6, TN: 5
2025-09-08 19:20:37 -     FP: 1, FN: 1
2025-09-08 19:20:37 - Subject: sub-040
2025-09-08 19:20:37 -   Accuracy: 0.000%
2025-09-08 19:20:37 -   Precision: 0.429
2025-09-08 19:20:37 -   Recall: 0.429
2025-09-08 19:20:37 -   F1 Score: 0.429
2025-09-08 19:20:37 -   AUC: 0.476
2025-09-08 19:20:37 -   Correct/Total: 5/13
2025-09-08 19:20:37 -   Confusion Matrix Stats:
2025-09-08 19:20:37 -     TP: 3, TN: 2
2025-09-08 19:20:37 -     FP: 4, FN: 4
2025-09-08 19:20:37 - Subject: sub-041
2025-09-08 19:20:37 -   Accuracy: 0.000%
2025-09-08 19:20:37 -   Precision: 0.750
2025-09-08 19:20:37 -   Recall: 0.429
2025-09-08 19:20:37 -   F1 Score: 0.545
2025-09-08 19:20:37 -   AUC: 0.643
2025-09-08 19:20:37 -   Correct/Total: 8/13
2025-09-08 19:20:37 -   Confusion Matrix Stats:
2025-09-08 19:20:37 -     TP: 3, TN: 5
2025-09-08 19:20:37 -     FP: 1, FN: 4
2025-09-08 19:20:37 - Subject: sub-042
2025-09-08 19:20:37 -   Accuracy: 0.000%
2025-09-08 19:20:37 -   Precision: 0.600
2025-09-08 19:20:37 -   Recall: 0.429
2025-09-08 19:20:37 -   F1 Score: 0.500
2025-09-08 19:20:37 -   AUC: 0.571
2025-09-08 19:20:37 -   Correct/Total: 7/13
2025-09-08 19:20:37 -   Confusion Matrix Stats:
2025-09-08 19:20:37 -     TP: 3, TN: 4
2025-09-08 19:20:37 -     FP: 2, FN: 4
2025-09-08 19:20:37 - Subject: sub-043
2025-09-08 19:20:37 -   Accuracy: 0.000%
2025-09-08 19:20:37 -   Precision: 0.400
2025-09-08 19:20:37 -   Recall: 0.286
2025-09-08 19:20:37 -   F1 Score: 0.333
2025-09-08 19:20:37 -   AUC: 0.429
2025-09-08 19:20:37 -   Correct/Total: 5/13
2025-09-08 19:20:37 -   Confusion Matrix Stats:
2025-09-08 19:20:37 -     TP: 2, TN: 3
2025-09-08 19:20:37 -     FP: 3, FN: 5
2025-09-08 19:20:37 - Subject: sub-044
2025-09-08 19:20:37 -   Accuracy: 0.000%
2025-09-08 19:20:37 -   Precision: 0.667
2025-09-08 19:20:37 -   Recall: 0.500
2025-09-08 19:20:37 -   F1 Score: 0.571
2025-09-08 19:20:37 -   AUC: 0.607
2025-09-08 19:20:37 -   Correct/Total: 9/15
2025-09-08 19:20:37 -   Confusion Matrix Stats:
2025-09-08 19:20:37 -     TP: 4, TN: 5
2025-09-08 19:20:37 -     FP: 2, FN: 4
2025-09-08 19:20:37 - Subject: sub-045
2025-09-08 19:20:37 -   Accuracy: 0.000%
2025-09-08 19:20:37 -   Precision: 0.714
2025-09-08 19:20:37 -   Recall: 0.625
2025-09-08 19:20:37 -   F1 Score: 0.667
2025-09-08 19:20:37 -   AUC: 0.768
2025-09-08 19:20:37 -   Correct/Total: 10/15
2025-09-08 19:20:37 -   Confusion Matrix Stats:
2025-09-08 19:20:37 -     TP: 5, TN: 5
2025-09-08 19:20:37 -     FP: 2, FN: 3
2025-09-08 19:20:37 - Subject: sub-046
2025-09-08 19:20:37 -   Accuracy: 0.000%
2025-09-08 19:20:37 -   Precision: 0.667
2025-09-08 19:20:37 -   Recall: 0.571
2025-09-08 19:20:37 -   F1 Score: 0.615
2025-09-08 19:20:37 -   AUC: 0.619
2025-09-08 19:20:37 -   Correct/Total: 8/13
2025-09-08 19:20:37 -   Confusion Matrix Stats:
2025-09-08 19:20:37 -     TP: 4, TN: 4
2025-09-08 19:20:37 -     FP: 2, FN: 3
2025-09-08 19:20:37 - Subject: sub-047
2025-09-08 19:20:37 -   Accuracy: 0.000%
2025-09-08 19:20:37 -   Precision: 1.000
2025-09-08 19:20:37 -   Recall: 0.286
2025-09-08 19:20:37 -   F1 Score: 0.444
2025-09-08 19:20:37 -   AUC: 0.690
2025-09-08 19:20:37 -   Correct/Total: 8/13
2025-09-08 19:20:37 -   Confusion Matrix Stats:
2025-09-08 19:20:37 -     TP: 2, TN: 6
2025-09-08 19:20:37 -     FP: 0, FN: 5
2025-09-08 19:20:37 - Subject: sub-048
2025-09-08 19:20:37 -   Accuracy: 0.000%
2025-09-08 19:20:37 -   Precision: 0.667
2025-09-08 19:20:37 -   Recall: 0.500
2025-09-08 19:20:37 -   F1 Score: 0.571
2025-09-08 19:20:37 -   AUC: 0.571
2025-09-08 19:20:37 -   Correct/Total: 9/15
2025-09-08 19:20:37 -   Confusion Matrix Stats:
2025-09-08 19:20:37 -     TP: 4, TN: 5
2025-09-08 19:20:37 -     FP: 2, FN: 4
2025-09-08 19:20:37 - Subject: sub-049
2025-09-08 19:20:37 -   Accuracy: 0.000%
2025-09-08 19:20:37 -   Precision: 0.500
2025-09-08 19:20:37 -   Recall: 0.375
2025-09-08 19:20:37 -   F1 Score: 0.429
2025-09-08 19:20:37 -   AUC: 0.554
2025-09-08 19:20:37 -   Correct/Total: 7/15
2025-09-08 19:20:37 -   Confusion Matrix Stats:
2025-09-08 19:20:37 -     TP: 3, TN: 4
2025-09-08 19:20:37 -     FP: 3, FN: 5
2025-09-08 19:20:37 - Subject: sub-050
2025-09-08 19:20:37 -   Accuracy: 0.000%
2025-09-08 19:20:37 -   Precision: 0.833
2025-09-08 19:20:37 -   Recall: 0.714
2025-09-08 19:20:37 -   F1 Score: 0.769
2025-09-08 19:20:37 -   AUC: 0.786
2025-09-08 19:20:37 -   Correct/Total: 10/13
2025-09-08 19:20:37 -   Confusion Matrix Stats:
2025-09-08 19:20:37 -     TP: 5, TN: 5
2025-09-08 19:20:37 -     FP: 1, FN: 2
2025-09-08 19:20:37 - Subject: sub-051
2025-09-08 19:20:37 -   Accuracy: 0.000%
2025-09-08 19:20:37 -   Precision: 0.167
2025-09-08 19:20:37 -   Recall: 0.125
2025-09-08 19:20:37 -   F1 Score: 0.143
2025-09-08 19:20:37 -   AUC: 0.143
2025-09-08 19:20:37 -   Correct/Total: 3/15
2025-09-08 19:20:37 -   Confusion Matrix Stats:
2025-09-08 19:20:37 -     TP: 1, TN: 2
2025-09-08 19:20:37 -     FP: 5, FN: 7
2025-09-08 19:20:37 - Subject: sub-052
2025-09-08 19:20:37 -   Accuracy: 0.000%
2025-09-08 19:20:37 -   Precision: 0.500
2025-09-08 19:20:37 -   Recall: 0.429
2025-09-08 19:20:37 -   F1 Score: 0.462
2025-09-08 19:20:37 -   AUC: 0.452
2025-09-08 19:20:37 -   Correct/Total: 6/13
2025-09-08 19:20:37 -   Confusion Matrix Stats:
2025-09-08 19:20:37 -     TP: 3, TN: 3
2025-09-08 19:20:37 -     FP: 3, FN: 4
2025-09-08 19:20:37 - Subject: sub-053
2025-09-08 19:20:37 -   Accuracy: 0.000%
2025-09-08 19:20:37 -   Precision: 1.000
2025-09-08 19:20:37 -   Recall: 0.429
2025-09-08 19:20:37 -   F1 Score: 0.600
2025-09-08 19:20:37 -   AUC: 0.762
2025-09-08 19:20:37 -   Correct/Total: 9/13
2025-09-08 19:20:37 -   Confusion Matrix Stats:
2025-09-08 19:20:37 -     TP: 3, TN: 6
2025-09-08 19:20:37 -     FP: 0, FN: 4
2025-09-08 19:20:37 - Subject: sub-054
2025-09-08 19:20:37 -   Accuracy: 0.000%
2025-09-08 19:20:37 -   Precision: 0.500
2025-09-08 19:20:37 -   Recall: 0.333
2025-09-08 19:20:37 -   F1 Score: 0.400
2025-09-08 19:20:37 -   AUC: 0.619
2025-09-08 19:20:37 -   Correct/Total: 7/13
2025-09-08 19:20:37 -   Confusion Matrix Stats:
2025-09-08 19:20:37 -     TP: 2, TN: 5
2025-09-08 19:20:37 -     FP: 2, FN: 4
2025-09-08 19:20:37 - Subject: sub-055
2025-09-08 19:20:37 -   Accuracy: 0.000%
2025-09-08 19:20:37 -   Precision: 0.333
2025-09-08 19:20:37 -   Recall: 0.500
2025-09-08 19:20:37 -   F1 Score: 0.400
2025-09-08 19:20:37 -   AUC: 0.000
2025-09-08 19:20:37 -   Correct/Total: 1/4
2025-09-08 19:20:37 -   Confusion Matrix Stats:
2025-09-08 19:20:37 -     TP: 1, TN: 0
2025-09-08 19:20:37 -     FP: 2, FN: 1
2025-09-08 19:20:37 - Subject: sub-056
2025-09-08 19:20:37 -   Accuracy: 0.000%
2025-09-08 19:20:37 -   Precision: 0.500
2025-09-08 19:20:37 -   Recall: 0.375
2025-09-08 19:20:37 -   F1 Score: 0.429
2025-09-08 19:20:37 -   AUC: 0.536
2025-09-08 19:20:37 -   Correct/Total: 7/15
2025-09-08 19:20:37 -   Confusion Matrix Stats:
2025-09-08 19:20:37 -     TP: 3, TN: 4
2025-09-08 19:20:37 -     FP: 3, FN: 5
2025-09-08 19:20:37 - Subject: sub-057
2025-09-08 19:20:37 -   Accuracy: 0.000%
2025-09-08 19:20:37 -   Precision: 0.571
2025-09-08 19:20:37 -   Recall: 0.571
2025-09-08 19:20:37 -   F1 Score: 0.571
2025-09-08 19:20:37 -   AUC: 0.571
2025-09-08 19:20:37 -   Correct/Total: 7/13
2025-09-08 19:20:37 -   Confusion Matrix Stats:
2025-09-08 19:20:37 -     TP: 4, TN: 3
2025-09-08 19:20:37 -     FP: 3, FN: 3
2025-09-08 19:20:37 - Subject: sub-058
2025-09-08 19:20:37 -   Accuracy: 0.000%
2025-09-08 19:20:37 -   Precision: 0.333
2025-09-08 19:20:37 -   Recall: 0.250
2025-09-08 19:20:37 -   F1 Score: 0.286
2025-09-08 19:20:37 -   AUC: 0.375
2025-09-08 19:20:37 -   Correct/Total: 5/15
2025-09-08 19:20:37 -   Confusion Matrix Stats:
2025-09-08 19:20:37 -     TP: 2, TN: 3
2025-09-08 19:20:37 -     FP: 4, FN: 6
2025-09-08 19:20:37 - Subject: sub-059
2025-09-08 19:20:37 -   Accuracy: 0.000%
2025-09-08 19:20:37 -   Precision: 0.833
2025-09-08 19:20:37 -   Recall: 0.714
2025-09-08 19:20:37 -   F1 Score: 0.769
2025-09-08 19:20:37 -   AUC: 0.810
2025-09-08 19:20:37 -   Correct/Total: 10/13
2025-09-08 19:20:37 -   Confusion Matrix Stats:
2025-09-08 19:20:37 -     TP: 5, TN: 5
2025-09-08 19:20:37 -     FP: 1, FN: 2
2025-09-08 19:20:37 - Subject: sub-060
2025-09-08 19:20:37 -   Accuracy: 0.000%
2025-09-08 19:20:37 -   Precision: 0.667
2025-09-08 19:20:37 -   Recall: 0.500
2025-09-08 19:20:37 -   F1 Score: 0.571
2025-09-08 19:20:37 -   AUC: 0.732
2025-09-08 19:20:37 -   Correct/Total: 9/15
2025-09-08 19:20:37 -   Confusion Matrix Stats:
2025-09-08 19:20:37 -     TP: 4, TN: 5
2025-09-08 19:20:37 -     FP: 2, FN: 4
2025-09-08 19:20:37 - Subject: sub-061
2025-09-08 19:20:37 -   Accuracy: 0.000%
2025-09-08 19:20:37 -   Precision: 0.333
2025-09-08 19:20:37 -   Recall: 0.286
2025-09-08 19:20:37 -   F1 Score: 0.308
2025-09-08 19:20:37 -   AUC: 0.143
2025-09-08 19:20:37 -   Correct/Total: 4/13
2025-09-08 19:20:37 -   Confusion Matrix Stats:
2025-09-08 19:20:37 -     TP: 2, TN: 2
2025-09-08 19:20:37 -     FP: 4, FN: 5
2025-09-08 19:20:37 - Subject: sub-062
2025-09-08 19:20:37 -   Accuracy: 0.000%
2025-09-08 19:20:37 -   Precision: 0.571
2025-09-08 19:20:37 -   Recall: 0.571
2025-09-08 19:20:37 -   F1 Score: 0.571
2025-09-08 19:20:37 -   AUC: 0.643
2025-09-08 19:20:37 -   Correct/Total: 7/13
2025-09-08 19:20:37 -   Confusion Matrix Stats:
2025-09-08 19:20:37 -     TP: 4, TN: 3
2025-09-08 19:20:37 -     FP: 3, FN: 3
2025-09-08 19:20:37 - Subject: sub-063
2025-09-08 19:20:37 -   Accuracy: 0.000%
2025-09-08 19:20:37 -   Precision: 0.750
2025-09-08 19:20:37 -   Recall: 0.857
2025-09-08 19:20:37 -   F1 Score: 0.800
2025-09-08 19:20:37 -   AUC: 0.857
2025-09-08 19:20:37 -   Correct/Total: 10/13
2025-09-08 19:20:37 -   Confusion Matrix Stats:
2025-09-08 19:20:37 -     TP: 6, TN: 4
2025-09-08 19:20:37 -     FP: 2, FN: 1
2025-09-08 19:20:37 - Subject: sub-064
2025-09-08 19:20:37 -   Accuracy: 0.000%
2025-09-08 19:20:37 -   Precision: 1.000
2025-09-08 19:20:37 -   Recall: 0.429
2025-09-08 19:20:37 -   F1 Score: 0.600
2025-09-08 19:20:37 -   AUC: 0.738
2025-09-08 19:20:37 -   Correct/Total: 9/13
2025-09-08 19:20:37 -   Confusion Matrix Stats:
2025-09-08 19:20:37 -     TP: 3, TN: 6
2025-09-08 19:20:37 -     FP: 0, FN: 4
2025-09-08 19:20:37 - Subject: sub-065
2025-09-08 19:20:37 -   Accuracy: 0.000%
2025-09-08 19:20:37 -   Precision: 0.857
2025-09-08 19:20:37 -   Recall: 0.857
2025-09-08 19:20:37 -   F1 Score: 0.857
2025-09-08 19:20:37 -   AUC: 0.810
2025-09-08 19:20:37 -   Correct/Total: 11/13
2025-09-08 19:20:37 -   Confusion Matrix Stats:
2025-09-08 19:20:37 -     TP: 6, TN: 5
2025-09-08 19:20:37 -     FP: 1, FN: 1
2025-09-08 19:20:37 - Subject: sub-066
2025-09-08 19:20:37 -   Accuracy: 0.000%
2025-09-08 19:20:37 -   Precision: 0.778
2025-09-08 19:20:37 -   Recall: 0.875
2025-09-08 19:20:37 -   F1 Score: 0.824
2025-09-08 19:20:37 -   AUC: 0.750
2025-09-08 19:20:37 -   Correct/Total: 12/15
2025-09-08 19:20:37 -   Confusion Matrix Stats:
2025-09-08 19:20:37 -     TP: 7, TN: 5
2025-09-08 19:20:37 -     FP: 2, FN: 1
2025-09-08 19:20:37 - Subject: sub-067
2025-09-08 19:20:37 -   Accuracy: 0.000%
2025-09-08 19:20:37 -   Precision: 0.333
2025-09-08 19:20:37 -   Recall: 0.143
2025-09-08 19:20:37 -   F1 Score: 0.200
2025-09-08 19:20:37 -   AUC: 0.690
2025-09-08 19:20:37 -   Correct/Total: 5/13
2025-09-08 19:20:37 -   Confusion Matrix Stats:
2025-09-08 19:20:37 -     TP: 1, TN: 4
2025-09-08 19:20:37 -     FP: 2, FN: 6
2025-09-08 19:20:37 - Subject: sub-068
2025-09-08 19:20:37 -   Accuracy: 0.000%
2025-09-08 19:20:37 -   Precision: 0.714
2025-09-08 19:20:37 -   Recall: 0.625
2025-09-08 19:20:37 -   F1 Score: 0.667
2025-09-08 19:20:37 -   AUC: 0.589
2025-09-08 19:20:37 -   Correct/Total: 10/15
2025-09-08 19:20:37 -   Confusion Matrix Stats:
2025-09-08 19:20:37 -     TP: 5, TN: 5
2025-09-08 19:20:37 -     FP: 2, FN: 3
2025-09-08 19:20:37 - Subject: sub-069
2025-09-08 19:20:37 -   Accuracy: 0.000%
2025-09-08 19:20:37 -   Precision: 0.667
2025-09-08 19:20:37 -   Recall: 0.286
2025-09-08 19:20:37 -   F1 Score: 0.400
2025-09-08 19:20:37 -   AUC: 0.714
2025-09-08 19:20:37 -   Correct/Total: 7/13
2025-09-08 19:20:37 -   Confusion Matrix Stats:
2025-09-08 19:20:37 -     TP: 2, TN: 5
2025-09-08 19:20:37 -     FP: 1, FN: 5
2025-09-08 19:20:37 - Subject: sub-070
2025-09-08 19:20:37 -   Accuracy: 0.000%
2025-09-08 19:20:37 -   Precision: 0.375
2025-09-08 19:20:37 -   Recall: 0.375
2025-09-08 19:20:37 -   F1 Score: 0.375
2025-09-08 19:20:37 -   AUC: 0.268
2025-09-08 19:20:37 -   Correct/Total: 5/15
2025-09-08 19:20:37 -   Confusion Matrix Stats:
2025-09-08 19:20:37 -     TP: 3, TN: 2
2025-09-08 19:20:37 -     FP: 5, FN: 5
2025-09-08 19:20:37 - Subject: sub-071
2025-09-08 19:20:37 -   Accuracy: 0.000%
2025-09-08 19:20:37 -   Precision: 0.667
2025-09-08 19:20:37 -   Recall: 0.571
2025-09-08 19:20:37 -   F1 Score: 0.615
2025-09-08 19:20:37 -   AUC: 0.690
2025-09-08 19:20:37 -   Correct/Total: 8/13
2025-09-08 19:20:37 -   Confusion Matrix Stats:
2025-09-08 19:20:37 -     TP: 4, TN: 4
2025-09-08 19:20:37 -     FP: 2, FN: 3
2025-09-08 19:20:37 - Subject: sub-073
2025-09-08 19:20:37 -   Accuracy: 0.000%
2025-09-08 19:20:37 -   Precision: 0.625
2025-09-08 19:20:37 -   Recall: 0.625
2025-09-08 19:20:37 -   F1 Score: 0.625
2025-09-08 19:20:37 -   AUC: 0.607
2025-09-08 19:20:37 -   Correct/Total: 9/15
2025-09-08 19:20:37 -   Confusion Matrix Stats:
2025-09-08 19:20:37 -     TP: 5, TN: 4
2025-09-08 19:20:37 -     FP: 3, FN: 3
2025-09-08 19:20:37 - Subject: sub-074
2025-09-08 19:20:37 -   Accuracy: 0.000%
2025-09-08 19:20:37 -   Precision: 0.667
2025-09-08 19:20:37 -   Recall: 0.500
2025-09-08 19:20:37 -   F1 Score: 0.571
2025-09-08 19:20:37 -   AUC: 0.429
2025-09-08 19:20:37 -   Correct/Total: 9/15
2025-09-08 19:20:37 -   Confusion Matrix Stats:
2025-09-08 19:20:37 -     TP: 4, TN: 5
2025-09-08 19:20:37 -     FP: 2, FN: 4
2025-09-08 19:20:37 - Subject: sub-075
2025-09-08 19:20:37 -   Accuracy: 0.000%
2025-09-08 19:20:37 -   Precision: 0.667
2025-09-08 19:20:37 -   Recall: 0.571
2025-09-08 19:20:37 -   F1 Score: 0.615
2025-09-08 19:20:37 -   AUC: 0.762
2025-09-08 19:20:37 -   Correct/Total: 8/13
2025-09-08 19:20:37 -   Confusion Matrix Stats:
2025-09-08 19:20:37 -     TP: 4, TN: 4
2025-09-08 19:20:37 -     FP: 2, FN: 3
2025-09-08 19:20:37 - Subject: sub-076
2025-09-08 19:20:37 -   Accuracy: 0.000%
2025-09-08 19:20:37 -   Precision: 0.571
2025-09-08 19:20:37 -   Recall: 0.571
2025-09-08 19:20:37 -   F1 Score: 0.571
2025-09-08 19:20:37 -   AUC: 0.490
2025-09-08 19:20:37 -   Correct/Total: 8/14
2025-09-08 19:20:37 -   Confusion Matrix Stats:
2025-09-08 19:20:37 -     TP: 4, TN: 4
2025-09-08 19:20:37 -     FP: 3, FN: 3
2025-09-08 19:20:37 - Subject: sub-077
2025-09-08 19:20:37 -   Accuracy: 0.000%
2025-09-08 19:20:37 -   Precision: 0.750
2025-09-08 19:20:37 -   Recall: 0.429
2025-09-08 19:20:37 -   F1 Score: 0.545
2025-09-08 19:20:37 -   AUC: 0.786
2025-09-08 19:20:37 -   Correct/Total: 8/13
2025-09-08 19:20:37 -   Confusion Matrix Stats:
2025-09-08 19:20:37 -     TP: 3, TN: 5
2025-09-08 19:20:37 -     FP: 1, FN: 4
2025-09-08 19:20:37 - Subject: sub-078
2025-09-08 19:20:37 -   Accuracy: 0.000%
2025-09-08 19:20:37 -   Precision: 0.500
2025-09-08 19:20:37 -   Recall: 0.286
2025-09-08 19:20:37 -   F1 Score: 0.364
2025-09-08 19:20:37 -   AUC: 0.548
2025-09-08 19:20:37 -   Correct/Total: 6/13
2025-09-08 19:20:37 -   Confusion Matrix Stats:
2025-09-08 19:20:37 -     TP: 2, TN: 4
2025-09-08 19:20:37 -     FP: 2, FN: 5
2025-09-08 19:20:37 - Subject: sub-079
2025-09-08 19:20:37 -   Accuracy: 0.000%
2025-09-08 19:20:37 -   Precision: 0.667
2025-09-08 19:20:37 -   Recall: 0.571
2025-09-08 19:20:37 -   F1 Score: 0.615
2025-09-08 19:20:37 -   AUC: 0.571
2025-09-08 19:20:37 -   Correct/Total: 8/13
2025-09-08 19:20:37 -   Confusion Matrix Stats:
2025-09-08 19:20:37 -     TP: 4, TN: 4
2025-09-08 19:20:37 -     FP: 2, FN: 3
2025-09-08 19:20:37 - Subject: sub-080
2025-09-08 19:20:37 -   Accuracy: 0.000%
2025-09-08 19:20:37 -   Precision: 0.667
2025-09-08 19:20:37 -   Recall: 0.286
2025-09-08 19:20:37 -   F1 Score: 0.400
2025-09-08 19:20:37 -   AUC: 0.571
2025-09-08 19:20:37 -   Correct/Total: 7/13
2025-09-08 19:20:37 -   Confusion Matrix Stats:
2025-09-08 19:20:37 -     TP: 2, TN: 5
2025-09-08 19:20:37 -     FP: 1, FN: 5
2025-09-08 19:20:37 - Subject: sub-081
2025-09-08 19:20:37 -   Accuracy: 0.000%
2025-09-08 19:20:37 -   Precision: 0.500
2025-09-08 19:20:37 -   Recall: 0.429
2025-09-08 19:20:37 -   F1 Score: 0.462
2025-09-08 19:20:37 -   AUC: 0.619
2025-09-08 19:20:37 -   Correct/Total: 6/13
2025-09-08 19:20:37 -   Confusion Matrix Stats:
2025-09-08 19:20:37 -     TP: 3, TN: 3
2025-09-08 19:20:37 -     FP: 3, FN: 4
2025-09-08 19:20:37 - Subject: sub-082
2025-09-08 19:20:37 -   Accuracy: 0.000%
2025-09-08 19:20:37 -   Precision: 0.667
2025-09-08 19:20:37 -   Recall: 0.750
2025-09-08 19:20:37 -   F1 Score: 0.706
2025-09-08 19:20:37 -   AUC: 0.643
2025-09-08 19:20:37 -   Correct/Total: 10/15
2025-09-08 19:20:37 -   Confusion Matrix Stats:
2025-09-08 19:20:37 -     TP: 6, TN: 4
2025-09-08 19:20:37 -     FP: 3, FN: 2
2025-09-08 19:20:37 - Subject: sub-083
2025-09-08 19:20:37 -   Accuracy: 0.000%
2025-09-08 19:20:37 -   Precision: 0.667
2025-09-08 19:20:37 -   Recall: 0.857
2025-09-08 19:20:37 -   F1 Score: 0.750
2025-09-08 19:20:37 -   AUC: 0.762
2025-09-08 19:20:37 -   Correct/Total: 9/13
2025-09-08 19:20:37 -   Confusion Matrix Stats:
2025-09-08 19:20:37 -     TP: 6, TN: 3
2025-09-08 19:20:37 -     FP: 3, FN: 1
2025-09-08 19:20:37 - Subject: sub-111
2025-09-08 19:20:37 -   Accuracy: 0.000%
2025-09-08 19:20:37 -   Precision: 0.667
2025-09-08 19:20:37 -   Recall: 0.571
2025-09-08 19:20:37 -   F1 Score: 0.615
2025-09-08 19:20:37 -   AUC: 0.653
2025-09-08 19:20:37 -   Correct/Total: 9/14
2025-09-08 19:20:37 -   Confusion Matrix Stats:
2025-09-08 19:20:37 -     TP: 4, TN: 5
2025-09-08 19:20:37 -     FP: 2, FN: 3
2025-09-08 19:20:37 - Subject: sub-112
2025-09-08 19:20:37 -   Accuracy: 0.000%
2025-09-08 19:20:37 -   Precision: 0.400
2025-09-08 19:20:37 -   Recall: 0.286
2025-09-08 19:20:37 -   F1 Score: 0.333
2025-09-08 19:20:37 -   AUC: 0.357
2025-09-08 19:20:37 -   Correct/Total: 5/13
2025-09-08 19:20:37 -   Confusion Matrix Stats:
2025-09-08 19:20:37 -     TP: 2, TN: 3
2025-09-08 19:20:37 -     FP: 3, FN: 5
2025-09-08 19:20:37 - Subject: sub-113
2025-09-08 19:20:37 -   Accuracy: 0.000%
2025-09-08 19:20:37 -   Precision: 0.444
2025-09-08 19:20:37 -   Recall: 0.667
2025-09-08 19:20:37 -   F1 Score: 0.533
2025-09-08 19:20:37 -   AUC: 0.476
2025-09-08 19:20:37 -   Correct/Total: 6/13
2025-09-08 19:20:37 -   Confusion Matrix Stats:
2025-09-08 19:20:37 -     TP: 4, TN: 2
2025-09-08 19:20:37 -     FP: 5, FN: 2
2025-09-08 19:20:37 - Subject: sub-114
2025-09-08 19:20:37 -   Accuracy: 0.000%
2025-09-08 19:20:37 -   Precision: 0.250
2025-09-08 19:20:37 -   Recall: 0.333
2025-09-08 19:20:37 -   F1 Score: 0.286
2025-09-08 19:20:37 -   AUC: 0.310
2025-09-08 19:20:37 -   Correct/Total: 3/13
2025-09-08 19:20:37 -   Confusion Matrix Stats:
2025-09-08 19:20:37 -     TP: 2, TN: 1
2025-09-08 19:20:37 -     FP: 6, FN: 4
2025-09-08 19:20:37 - Subject: sub-115
2025-09-08 19:20:37 -   Accuracy: 0.000%
2025-09-08 19:20:37 -   Precision: 0.333
2025-09-08 19:20:37 -   Recall: 0.333
2025-09-08 19:20:37 -   F1 Score: 0.333
2025-09-08 19:20:37 -   AUC: 0.571
2025-09-08 19:20:37 -   Correct/Total: 5/13
2025-09-08 19:20:37 -   Confusion Matrix Stats:
2025-09-08 19:20:37 -     TP: 2, TN: 3
2025-09-08 19:20:37 -     FP: 4, FN: 4
2025-09-08 19:20:37 - Subject: sub-116
2025-09-08 19:20:37 -   Accuracy: 0.000%
2025-09-08 19:20:37 -   Precision: 1.000
2025-09-08 19:20:37 -   Recall: 0.667
2025-09-08 19:20:37 -   F1 Score: 0.800
2025-09-08 19:20:37 -   AUC: 0.810
2025-09-08 19:20:37 -   Correct/Total: 11/13
2025-09-08 19:20:37 -   Confusion Matrix Stats:
2025-09-08 19:20:37 -     TP: 4, TN: 7
2025-09-08 19:20:37 -     FP: 0, FN: 2
2025-09-08 19:20:37 - Subject: sub-117
2025-09-08 19:20:37 -   Accuracy: 0.000%
2025-09-08 19:20:37 -   Precision: 0.500
2025-09-08 19:20:37 -   Recall: 0.500
2025-09-08 19:20:37 -   F1 Score: 0.500
2025-09-08 19:20:37 -   AUC: 0.714
2025-09-08 19:20:37 -   Correct/Total: 7/13
2025-09-08 19:20:37 -   Confusion Matrix Stats:
2025-09-08 19:20:37 -     TP: 3, TN: 4
2025-09-08 19:20:37 -     FP: 3, FN: 3
2025-09-08 19:20:37 - Subject: sub-118
2025-09-08 19:20:37 -   Accuracy: 0.000%
2025-09-08 19:20:37 -   Precision: 0.600
2025-09-08 19:20:37 -   Recall: 1.000
2025-09-08 19:20:37 -   F1 Score: 0.750
2025-09-08 19:20:37 -   AUC: 0.595
2025-09-08 19:20:37 -   Correct/Total: 9/13
2025-09-08 19:20:37 -   Confusion Matrix Stats:
2025-09-08 19:20:37 -     TP: 6, TN: 3
2025-09-08 19:20:37 -     FP: 4, FN: 0
2025-09-08 19:20:37 - Subject: sub-119
2025-09-08 19:20:37 -   Accuracy: 0.000%
2025-09-08 19:20:37 -   Precision: 0.500
2025-09-08 19:20:37 -   Recall: 0.429
2025-09-08 19:20:37 -   F1 Score: 0.462
2025-09-08 19:20:37 -   AUC: 0.476
2025-09-08 19:20:37 -   Correct/Total: 6/13
2025-09-08 19:20:37 -   Confusion Matrix Stats:
2025-09-08 19:20:37 -     TP: 3, TN: 3
2025-09-08 19:20:37 -     FP: 3, FN: 4
2025-09-08 19:20:37 - Subject: sub-120
2025-09-08 19:20:37 -   Accuracy: 0.000%
2025-09-08 19:20:37 -   Precision: 0.556
2025-09-08 19:20:37 -   Recall: 0.833
2025-09-08 19:20:37 -   F1 Score: 0.667
2025-09-08 19:20:37 -   AUC: 0.643
2025-09-08 19:20:37 -   Correct/Total: 8/13
2025-09-08 19:20:37 -   Confusion Matrix Stats:
2025-09-08 19:20:37 -     TP: 5, TN: 3
2025-09-08 19:20:37 -     FP: 4, FN: 1
2025-09-08 19:20:37 - Subject: sub-121
2025-09-08 19:20:37 -   Accuracy: 0.000%
2025-09-08 19:20:37 -   Precision: 0.667
2025-09-08 19:20:37 -   Recall: 0.667
2025-09-08 19:20:37 -   F1 Score: 0.667
2025-09-08 19:20:37 -   AUC: 0.690
2025-09-08 19:20:37 -   Correct/Total: 9/13
2025-09-08 19:20:37 -   Confusion Matrix Stats:
2025-09-08 19:20:37 -     TP: 4, TN: 5
2025-09-08 19:20:37 -     FP: 2, FN: 2
2025-09-08 19:20:37 - Subject: sub-122
2025-09-08 19:20:37 -   Accuracy: 0.000%
2025-09-08 19:20:37 -   Precision: 0.333
2025-09-08 19:20:37 -   Recall: 0.333
2025-09-08 19:20:37 -   F1 Score: 0.333
2025-09-08 19:20:37 -   AUC: 0.357
2025-09-08 19:20:37 -   Correct/Total: 5/13
2025-09-08 19:20:37 -   Confusion Matrix Stats:
2025-09-08 19:20:37 -     TP: 2, TN: 3
2025-09-08 19:20:37 -     FP: 4, FN: 4
2025-09-08 19:20:37 - Subject: sub-123
2025-09-08 19:20:37 -   Accuracy: 0.000%
2025-09-08 19:20:37 -   Precision: 0.600
2025-09-08 19:20:37 -   Recall: 0.429
2025-09-08 19:20:37 -   F1 Score: 0.500
2025-09-08 19:20:37 -   AUC: 0.548
2025-09-08 19:20:37 -   Correct/Total: 7/13
2025-09-08 19:20:37 -   Confusion Matrix Stats:
2025-09-08 19:20:37 -     TP: 3, TN: 4
2025-09-08 19:20:37 -     FP: 2, FN: 4
2025-09-08 19:20:37 - Subject: sub-124
2025-09-08 19:20:37 -   Accuracy: 0.000%
2025-09-08 19:20:37 -   Precision: 0.714
2025-09-08 19:20:37 -   Recall: 0.714
2025-09-08 19:20:37 -   F1 Score: 0.714
2025-09-08 19:20:37 -   AUC: 0.786
2025-09-08 19:20:37 -   Correct/Total: 9/13
2025-09-08 19:20:37 -   Confusion Matrix Stats:
2025-09-08 19:20:37 -     TP: 5, TN: 4
2025-09-08 19:20:37 -     FP: 2, FN: 2
2025-09-08 19:20:37 - Subject: sub-125
2025-09-08 19:20:37 -   Accuracy: 0.000%
2025-09-08 19:20:37 -   Precision: 0.500
2025-09-08 19:20:37 -   Recall: 0.571
2025-09-08 19:20:37 -   F1 Score: 0.533
2025-09-08 19:20:37 -   AUC: 0.714
2025-09-08 19:20:37 -   Correct/Total: 7/14
2025-09-08 19:20:37 -   Confusion Matrix Stats:
2025-09-08 19:20:37 -     TP: 4, TN: 3
2025-09-08 19:20:37 -     FP: 4, FN: 3
2025-09-08 19:20:37 - Subject: sub-127
2025-09-08 19:20:37 -   Accuracy: 0.000%
2025-09-08 19:20:37 -   Precision: 0.750
2025-09-08 19:20:37 -   Recall: 0.750
2025-09-08 19:20:37 -   F1 Score: 0.750
2025-09-08 19:20:37 -   AUC: 0.833
2025-09-08 19:20:37 -   Correct/Total: 5/7
2025-09-08 19:20:37 -   Confusion Matrix Stats:
2025-09-08 19:20:37 -     TP: 3, TN: 2
2025-09-08 19:20:37 -     FP: 1, FN: 1
2025-09-08 19:20:37 - 
AVO Individual Models Statistics:
2025-09-08 19:20:37 - Mean Accuracy: 0.558
2025-09-08 19:20:37 - 95% Confidence Interval: [0.528, 0.587]
2025-09-08 19:20:37 - Best Subject: sub-003 (0.923)
2025-09-08 19:20:37 - Worst Subject: sub-051 (0.200)
2025-09-08 19:20:37 - Mean Precision: 0.598
2025-09-08 19:20:37 - Mean Recall: 0.496
2025-09-08 19:20:37 - Mean F1-Score: 0.542
2025-09-08 19:20:37 - Mean AUC: 0.592
2025-09-08 19:20:37 - Mean Confusion Matrix:
2025-09-08 19:20:37 -   TP: 4, TN: 4
2025-09-08 19:20:37 -   FP: 2, FN: 4
