2025-09-12 10:48:38 - 
Experiment Configuration:
2025-09-12 10:48:38 - --------------------------------------------------
2025-09-12 10:48:38 - dataset: ds005863
2025-09-12 10:48:38 - use_combined_datasets: False
2025-09-12 10:48:38 - electrode_list: all
2025-09-12 10:48:38 - classifier: ShallowFBCSPNet
2025-09-12 10:48:38 - separate_subject_classification: False
2025-09-12 10:48:38 - use_subject_layer: False
2025-09-12 10:48:38 - seeds: [42, 123, 456, 789, 321]
2025-09-12 10:48:38 - --------------------------------------------------
2025-09-12 10:48:38 - 
==================================================
2025-09-12 10:48:38 - Processing Active Visual Oddball Dataset
2025-09-12 10:48:38 - ==================================================
2025-09-12 10:49:58 - 
==================================================
2025-09-12 10:49:58 - Individual Subject Results - AVO
2025-09-12 10:49:58 - ==================================================
2025-09-12 10:49:58 - Subject: sub_001
2025-09-12 10:49:58 -   Accuracy: 0.000%
2025-09-12 10:49:58 -   Precision: 0.938
2025-09-12 10:49:58 -   Recall: 1.000
2025-09-12 10:49:58 -   F1 Score: 0.966
2025-09-12 10:49:58 -   AUC: 0.996
2025-09-12 10:49:58 -   Correct/Total: 13/14
2025-09-12 10:49:58 -   Confusion Matrix Stats:
2025-09-12 10:49:58 -     TP: 8, TN: 5
2025-09-12 10:49:58 -     FP: 1, FN: 0
2025-09-12 10:49:58 - Subject: sub_002
2025-09-12 10:49:58 -   Accuracy: 0.000%
2025-09-12 10:49:58 -   Precision: 0.680
2025-09-12 10:49:58 -   Recall: 0.850
2025-09-12 10:49:58 -   F1 Score: 0.745
2025-09-12 10:49:58 -   AUC: 0.833
2025-09-12 10:49:58 -   Correct/Total: 8/10
2025-09-12 10:49:58 -   Confusion Matrix Stats:
2025-09-12 10:49:58 -     TP: 3, TN: 4
2025-09-12 10:49:58 -     FP: 2, FN: 1
2025-09-12 10:49:58 - Subject: sub_003
2025-09-12 10:49:58 -   Accuracy: 0.000%
2025-09-12 10:49:58 -   Precision: 0.817
2025-09-12 10:49:58 -   Recall: 0.875
2025-09-12 10:49:58 -   F1 Score: 0.844
2025-09-12 10:49:58 -   AUC: 0.842
2025-09-12 10:49:58 -   Correct/Total: 8/11
2025-09-12 10:49:58 -   Confusion Matrix Stats:
2025-09-12 10:49:58 -     TP: 7, TN: 1
2025-09-12 10:49:58 -     FP: 2, FN: 1
2025-09-12 10:49:58 - Subject: sub_004
2025-09-12 10:49:58 -   Accuracy: 0.000%
2025-09-12 10:49:58 -   Precision: 0.918
2025-09-12 10:49:58 -   Recall: 0.978
2025-09-12 10:49:58 -   F1 Score: 0.946
2025-09-12 10:49:58 -   AUC: 0.983
2025-09-12 10:49:58 -   Correct/Total: 17/18
2025-09-12 10:49:58 -   Confusion Matrix Stats:
2025-09-12 10:49:58 -     TP: 9, TN: 8
2025-09-12 10:49:58 -     FP: 1, FN: 0
2025-09-12 10:49:58 - Subject: sub_005
2025-09-12 10:49:58 -   Accuracy: 0.000%
2025-09-12 10:49:58 -   Precision: 0.613
2025-09-12 10:49:58 -   Recall: 1.000
2025-09-12 10:49:58 -   F1 Score: 0.741
2025-09-12 10:49:58 -   AUC: 1.000
2025-09-12 10:49:58 -   Correct/Total: 8/10
2025-09-12 10:49:58 -   Confusion Matrix Stats:
2025-09-12 10:49:58 -     TP: 2, TN: 6
2025-09-12 10:49:58 -     FP: 2, FN: 0
2025-09-12 10:49:58 - Subject: sub_006
2025-09-12 10:49:58 -   Accuracy: 0.000%
2025-09-12 10:49:58 -   Precision: 0.752
2025-09-12 10:49:58 -   Recall: 0.880
2025-09-12 10:49:58 -   F1 Score: 0.797
2025-09-12 10:49:58 -   AUC: 0.873
2025-09-12 10:49:58 -   Correct/Total: 9/11
2025-09-12 10:49:58 -   Confusion Matrix Stats:
2025-09-12 10:49:58 -     TP: 4, TN: 5
2025-09-12 10:49:58 -     FP: 1, FN: 1
2025-09-12 10:49:58 - Subject: sub_007
2025-09-12 10:49:58 -   Accuracy: 0.000%
2025-09-12 10:49:58 -   Precision: 0.773
2025-09-12 10:49:58 -   Recall: 1.000
2025-09-12 10:49:58 -   F1 Score: 0.871
2025-09-12 10:49:58 -   AUC: 0.871
2025-09-12 10:49:58 -   Correct/Total: 10/11
2025-09-12 10:49:58 -   Confusion Matrix Stats:
2025-09-12 10:49:58 -     TP: 4, TN: 6
2025-09-12 10:49:58 -     FP: 1, FN: 0
2025-09-12 10:49:58 - Subject: sub_008
2025-09-12 10:49:58 -   Accuracy: 0.000%
2025-09-12 10:49:58 -   Precision: 1.000
2025-09-12 10:49:58 -   Recall: 1.000
2025-09-12 10:49:58 -   F1 Score: 1.000
2025-09-12 10:49:58 -   AUC: 1.000
2025-09-12 10:49:58 -   Correct/Total: 11/11
2025-09-12 10:49:58 -   Confusion Matrix Stats:
2025-09-12 10:49:58 -     TP: 8, TN: 3
2025-09-12 10:49:58 -     FP: 0, FN: 0
2025-09-12 10:49:58 - Subject: sub_009
2025-09-12 10:49:58 -   Accuracy: 0.000%
2025-09-12 10:49:58 -   Precision: 0.920
2025-09-12 10:49:58 -   Recall: 0.733
2025-09-12 10:49:58 -   F1 Score: 0.799
2025-09-12 10:49:58 -   AUC: 0.864
2025-09-12 10:49:58 -   Correct/Total: 14/18
2025-09-12 10:49:58 -   Confusion Matrix Stats:
2025-09-12 10:49:58 -     TP: 9, TN: 5
2025-09-12 10:49:58 -     FP: 1, FN: 3
2025-09-12 10:49:58 - Subject: sub_010
2025-09-12 10:49:58 -   Accuracy: 0.000%
2025-09-12 10:49:58 -   Precision: 0.777
2025-09-12 10:49:58 -   Recall: 0.760
2025-09-12 10:49:58 -   F1 Score: 0.762
2025-09-12 10:49:58 -   AUC: 0.840
2025-09-12 10:49:58 -   Correct/Total: 8/10
2025-09-12 10:49:58 -   Confusion Matrix Stats:
2025-09-12 10:49:58 -     TP: 4, TN: 4
2025-09-12 10:49:58 -     FP: 1, FN: 1
2025-09-12 10:49:58 - Subject: sub_011
2025-09-12 10:49:58 -   Accuracy: 0.000%
2025-09-12 10:49:58 -   Precision: 0.841
2025-09-12 10:49:58 -   Recall: 0.800
2025-09-12 10:49:58 -   F1 Score: 0.815
2025-09-12 10:49:58 -   AUC: 0.796
2025-09-12 10:49:58 -   Correct/Total: 12/15
2025-09-12 10:49:58 -   Confusion Matrix Stats:
2025-09-12 10:49:58 -     TP: 7, TN: 5
2025-09-12 10:49:58 -     FP: 1, FN: 2
2025-09-12 10:49:58 - Subject: sub_012
2025-09-12 10:49:58 -   Accuracy: 0.000%
2025-09-12 10:49:58 -   Precision: 0.744
2025-09-12 10:49:58 -   Recall: 0.880
2025-09-12 10:49:58 -   F1 Score: 0.802
2025-09-12 10:49:58 -   AUC: 0.900
2025-09-12 10:49:58 -   Correct/Total: 9/11
2025-09-12 10:49:58 -   Confusion Matrix Stats:
2025-09-12 10:49:58 -     TP: 4, TN: 4
2025-09-12 10:49:58 -     FP: 2, FN: 1
2025-09-12 10:49:58 - Subject: sub_013
2025-09-12 10:49:58 -   Accuracy: 0.000%
2025-09-12 10:49:58 -   Precision: 0.817
2025-09-12 10:49:58 -   Recall: 1.000
2025-09-12 10:49:58 -   F1 Score: 0.898
2025-09-12 10:49:58 -   AUC: 0.918
2025-09-12 10:49:58 -   Correct/Total: 12/14
2025-09-12 10:49:58 -   Confusion Matrix Stats:
2025-09-12 10:49:58 -     TP: 7, TN: 5
2025-09-12 10:49:58 -     FP: 2, FN: 0
2025-09-12 10:49:58 - Subject: sub_014
2025-09-12 10:49:58 -   Accuracy: 0.000%
2025-09-12 10:49:58 -   Precision: 0.902
2025-09-12 10:49:58 -   Recall: 0.855
2025-09-12 10:49:58 -   F1 Score: 0.875
2025-09-12 10:49:58 -   AUC: 0.906
2025-09-12 10:49:58 -   Correct/Total: 14/17
2025-09-12 10:49:58 -   Confusion Matrix Stats:
2025-09-12 10:49:58 -     TP: 9, TN: 5
2025-09-12 10:49:58 -     FP: 1, FN: 2
2025-09-12 10:49:58 - Subject: sub_015
2025-09-12 10:49:58 -   Accuracy: 0.000%
2025-09-12 10:49:58 -   Precision: 0.734
2025-09-12 10:49:58 -   Recall: 0.800
2025-09-12 10:49:58 -   F1 Score: 0.764
2025-09-12 10:49:58 -   AUC: 0.693
2025-09-12 10:49:58 -   Correct/Total: 8/11
2025-09-12 10:49:58 -   Confusion Matrix Stats:
2025-09-12 10:49:58 -     TP: 6, TN: 2
2025-09-12 10:49:58 -     FP: 2, FN: 1
2025-09-12 10:49:58 - Subject: sub_016
2025-09-12 10:49:58 -   Accuracy: 0.000%
2025-09-12 10:49:58 -   Precision: 0.503
2025-09-12 10:49:58 -   Recall: 0.950
2025-09-12 10:49:58 -   F1 Score: 0.655
2025-09-12 10:49:58 -   AUC: 0.819
2025-09-12 10:49:58 -   Correct/Total: 8/12
2025-09-12 10:49:58 -   Confusion Matrix Stats:
2025-09-12 10:49:58 -     TP: 4, TN: 4
2025-09-12 10:49:58 -     FP: 4, FN: 0
2025-09-12 10:49:58 - Subject: sub_017
2025-09-12 10:49:58 -   Accuracy: 0.000%
2025-09-12 10:49:58 -   Precision: 0.956
2025-09-12 10:49:58 -   Recall: 1.000
2025-09-12 10:49:58 -   F1 Score: 0.976
2025-09-12 10:49:58 -   AUC: 1.000
2025-09-12 10:49:58 -   Correct/Total: 12/12
2025-09-12 10:49:58 -   Confusion Matrix Stats:
2025-09-12 10:49:58 -     TP: 8, TN: 4
2025-09-12 10:49:58 -     FP: 0, FN: 0
2025-09-12 10:49:58 - Subject: sub_018
2025-09-12 10:49:58 -   Accuracy: 0.000%
2025-09-12 10:49:58 -   Precision: 1.000
2025-09-12 10:49:58 -   Recall: 1.000
2025-09-12 10:49:58 -   F1 Score: 1.000
2025-09-12 10:49:58 -   AUC: 1.000
2025-09-12 10:49:58 -   Correct/Total: 2/2
2025-09-12 10:49:58 -   Confusion Matrix Stats:
2025-09-12 10:49:58 -     TP: 1, TN: 1
2025-09-12 10:49:58 -     FP: 0, FN: 0
2025-09-12 10:49:58 - Subject: sub_019
2025-09-12 10:49:58 -   Accuracy: 0.000%
2025-09-12 10:49:58 -   Precision: 0.820
2025-09-12 10:49:58 -   Recall: 1.000
2025-09-12 10:49:58 -   F1 Score: 0.889
2025-09-12 10:49:58 -   AUC: 0.997
2025-09-12 10:49:58 -   Correct/Total: 18/19
2025-09-12 10:49:58 -   Confusion Matrix Stats:
2025-09-12 10:49:58 -     TP: 4, TN: 14
2025-09-12 10:49:58 -     FP: 1, FN: 0
2025-09-12 10:49:58 - Subject: sub_020
2025-09-12 10:49:58 -   Accuracy: 0.000%
2025-09-12 10:49:58 -   Precision: 0.761
2025-09-12 10:49:58 -   Recall: 0.886
2025-09-12 10:49:58 -   F1 Score: 0.811
2025-09-12 10:49:58 -   AUC: 0.926
2025-09-12 10:49:58 -   Correct/Total: 14/17
2025-09-12 10:49:58 -   Confusion Matrix Stats:
2025-09-12 10:49:58 -     TP: 6, TN: 8
2025-09-12 10:49:58 -     FP: 2, FN: 1
2025-09-12 10:49:58 - Subject: sub_021
2025-09-12 10:49:58 -   Accuracy: 0.000%
2025-09-12 10:49:58 -   Precision: 1.000
2025-09-12 10:49:58 -   Recall: 0.750
2025-09-12 10:49:58 -   F1 Score: 0.847
2025-09-12 10:49:58 -   AUC: 0.960
2025-09-12 10:49:58 -   Correct/Total: 16/18
2025-09-12 10:49:58 -   Confusion Matrix Stats:
2025-09-12 10:49:58 -     TP: 6, TN: 10
2025-09-12 10:49:58 -     FP: 0, FN: 2
2025-09-12 10:49:58 - Subject: sub_022
2025-09-12 10:49:58 -   Accuracy: 0.000%
2025-09-12 10:49:58 -   Precision: 0.938
2025-09-12 10:49:58 -   Recall: 0.967
2025-09-12 10:49:58 -   F1 Score: 0.951
2025-09-12 10:49:58 -   AUC: 0.996
2025-09-12 10:49:58 -   Correct/Total: 13/14
2025-09-12 10:49:58 -   Confusion Matrix Stats:
2025-09-12 10:49:58 -     TP: 6, TN: 8
2025-09-12 10:49:58 -     FP: 0, FN: 0
2025-09-12 10:49:58 - Subject: sub_023
2025-09-12 10:49:58 -   Accuracy: 0.000%
2025-09-12 10:49:58 -   Precision: 0.971
2025-09-12 10:49:58 -   Recall: 0.886
2025-09-12 10:49:58 -   F1 Score: 0.925
2025-09-12 10:49:58 -   AUC: 0.996
2025-09-12 10:49:58 -   Correct/Total: 13/14
2025-09-12 10:49:58 -   Confusion Matrix Stats:
2025-09-12 10:49:58 -     TP: 6, TN: 7
2025-09-12 10:49:58 -     FP: 0, FN: 1
2025-09-12 10:49:58 - Subject: sub_024
2025-09-12 10:49:58 -   Accuracy: 0.000%
2025-09-12 10:49:58 -   Precision: 0.620
2025-09-12 10:49:58 -   Recall: 0.978
2025-09-12 10:49:58 -   F1 Score: 0.758
2025-09-12 10:49:58 -   AUC: 0.900
2025-09-12 10:49:58 -   Correct/Total: 15/21
2025-09-12 10:49:58 -   Confusion Matrix Stats:
2025-09-12 10:49:58 -     TP: 9, TN: 7
2025-09-12 10:49:58 -     FP: 5, FN: 0
2025-09-12 10:49:58 - Subject: sub_025
2025-09-12 10:49:58 -   Accuracy: 0.000%
2025-09-12 10:49:58 -   Precision: 0.687
2025-09-12 10:49:58 -   Recall: 0.800
2025-09-12 10:49:58 -   F1 Score: 0.738
2025-09-12 10:49:58 -   AUC: 0.805
2025-09-12 10:49:58 -   Correct/Total: 14/18
2025-09-12 10:49:58 -   Confusion Matrix Stats:
2025-09-12 10:49:58 -     TP: 6, TN: 8
2025-09-12 10:49:58 -     FP: 3, FN: 1
2025-09-12 10:49:58 - Subject: sub_026
2025-09-12 10:49:58 -   Accuracy: 0.000%
2025-09-12 10:49:58 -   Precision: 0.975
2025-09-12 10:49:58 -   Recall: 0.733
2025-09-12 10:49:58 -   F1 Score: 0.833
2025-09-12 10:49:58 -   AUC: 0.893
2025-09-12 10:49:58 -   Correct/Total: 12/15
2025-09-12 10:49:58 -   Confusion Matrix Stats:
2025-09-12 10:49:58 -     TP: 7, TN: 6
2025-09-12 10:49:58 -     FP: 0, FN: 2
2025-09-12 10:49:58 - Subject: sub_027
2025-09-12 10:49:58 -   Accuracy: 0.000%
2025-09-12 10:49:58 -   Precision: 0.794
2025-09-12 10:49:58 -   Recall: 0.727
2025-09-12 10:49:58 -   F1 Score: 0.755
2025-09-12 10:49:58 -   AUC: 0.768
2025-09-12 10:49:58 -   Correct/Total: 14/19
2025-09-12 10:49:58 -   Confusion Matrix Stats:
2025-09-12 10:49:58 -     TP: 8, TN: 6
2025-09-12 10:49:58 -     FP: 2, FN: 3
2025-09-12 10:49:58 - Subject: sub_028
2025-09-12 10:49:58 -   Accuracy: 0.000%
2025-09-12 10:49:58 -   Precision: 0.744
2025-09-12 10:49:58 -   Recall: 0.820
2025-09-12 10:49:58 -   F1 Score: 0.777
2025-09-12 10:49:58 -   AUC: 0.900
2025-09-12 10:49:58 -   Correct/Total: 15/20
2025-09-12 10:49:58 -   Confusion Matrix Stats:
2025-09-12 10:49:58 -     TP: 8, TN: 7
2025-09-12 10:49:58 -     FP: 3, FN: 2
2025-09-12 10:49:58 - Subject: sub_029
2025-09-12 10:49:58 -   Accuracy: 0.000%
2025-09-12 10:49:58 -   Precision: 0.951
2025-09-12 10:49:58 -   Recall: 0.933
2025-09-12 10:49:58 -   F1 Score: 0.939
2025-09-12 10:49:58 -   AUC: 0.990
2025-09-12 10:49:58 -   Correct/Total: 19/20
2025-09-12 10:49:58 -   Confusion Matrix Stats:
2025-09-12 10:49:58 -     TP: 8, TN: 11
2025-09-12 10:49:58 -     FP: 0, FN: 1
2025-09-12 10:49:58 - Subject: sub_030
2025-09-12 10:49:58 -   Accuracy: 0.000%
2025-09-12 10:49:58 -   Precision: 0.518
2025-09-12 10:49:58 -   Recall: 0.900
2025-09-12 10:49:58 -   F1 Score: 0.655
2025-09-12 10:49:58 -   AUC: 0.775
2025-09-12 10:49:58 -   Correct/Total: 8/14
2025-09-12 10:49:58 -   Confusion Matrix Stats:
2025-09-12 10:49:58 -     TP: 5, TN: 3
2025-09-12 10:49:58 -     FP: 5, FN: 1
2025-09-12 10:49:58 - Subject: sub_031
2025-09-12 10:49:58 -   Accuracy: 0.000%
2025-09-12 10:49:58 -   Precision: 0.770
2025-09-12 10:49:58 -   Recall: 0.971
2025-09-12 10:49:58 -   F1 Score: 0.854
2025-09-12 10:49:58 -   AUC: 0.964
2025-09-12 10:49:58 -   Correct/Total: 16/18
2025-09-12 10:49:58 -   Confusion Matrix Stats:
2025-09-12 10:49:58 -     TP: 7, TN: 9
2025-09-12 10:49:58 -     FP: 2, FN: 0
2025-09-12 10:49:58 - Subject: sub_032
2025-09-12 10:49:58 -   Accuracy: 0.000%
2025-09-12 10:49:58 -   Precision: 0.641
2025-09-12 10:49:58 -   Recall: 1.000
2025-09-12 10:49:58 -   F1 Score: 0.777
2025-09-12 10:49:58 -   AUC: 1.000
2025-09-12 10:49:58 -   Correct/Total: 13/15
2025-09-12 10:49:58 -   Confusion Matrix Stats:
2025-09-12 10:49:58 -     TP: 4, TN: 9
2025-09-12 10:49:58 -     FP: 2, FN: 0
2025-09-12 10:49:58 - Subject: sub_033
2025-09-12 10:49:58 -   Accuracy: 0.000%
2025-09-12 10:49:58 -   Precision: 0.797
2025-09-12 10:49:58 -   Recall: 1.000
2025-09-12 10:49:58 -   F1 Score: 0.887
2025-09-12 10:49:58 -   AUC: 0.975
2025-09-12 10:49:58 -   Correct/Total: 13/15
2025-09-12 10:49:58 -   Confusion Matrix Stats:
2025-09-12 10:49:58 -     TP: 7, TN: 6
2025-09-12 10:49:58 -     FP: 2, FN: 0
2025-09-12 10:49:58 - Subject: sub_034
2025-09-12 10:49:58 -   Accuracy: 0.000%
2025-09-12 10:49:58 -   Precision: 0.975
2025-09-12 10:49:58 -   Recall: 0.778
2025-09-12 10:49:58 -   F1 Score: 0.840
2025-09-12 10:49:58 -   AUC: 0.933
2025-09-12 10:49:58 -   Correct/Total: 12/14
2025-09-12 10:49:58 -   Confusion Matrix Stats:
2025-09-12 10:49:58 -     TP: 7, TN: 5
2025-09-12 10:49:58 -     FP: 0, FN: 2
2025-09-12 10:49:58 - Subject: sub_035
2025-09-12 10:49:58 -   Accuracy: 0.000%
2025-09-12 10:49:58 -   Precision: 1.000
2025-09-12 10:49:58 -   Recall: 0.529
2025-09-12 10:49:58 -   F1 Score: 0.683
2025-09-12 10:49:58 -   AUC: 0.893
2025-09-12 10:49:58 -   Correct/Total: 11/18
2025-09-12 10:49:58 -   Confusion Matrix Stats:
2025-09-12 10:49:58 -     TP: 7, TN: 4
2025-09-12 10:49:58 -     FP: 0, FN: 7
2025-09-12 10:49:58 - Subject: sub_036
2025-09-12 10:49:58 -   Accuracy: 0.000%
2025-09-12 10:49:58 -   Precision: 0.924
2025-09-12 10:49:58 -   Recall: 0.844
2025-09-12 10:49:58 -   F1 Score: 0.862
2025-09-12 10:49:58 -   AUC: 0.983
2025-09-12 10:49:58 -   Correct/Total: 11/13
2025-09-12 10:49:58 -   Confusion Matrix Stats:
2025-09-12 10:49:58 -     TP: 8, TN: 3
2025-09-12 10:49:58 -     FP: 1, FN: 1
2025-09-12 10:49:58 - Subject: sub_037
2025-09-12 10:49:58 -   Accuracy: 0.000%
2025-09-12 10:49:58 -   Precision: 0.840
2025-09-12 10:49:58 -   Recall: 0.909
2025-09-12 10:49:58 -   F1 Score: 0.871
2025-09-12 10:49:58 -   AUC: 0.868
2025-09-12 10:49:58 -   Correct/Total: 20/23
2025-09-12 10:49:58 -   Confusion Matrix Stats:
2025-09-12 10:49:58 -     TP: 10, TN: 10
2025-09-12 10:49:58 -     FP: 2, FN: 1
2025-09-12 10:49:58 - Subject: sub_038
2025-09-12 10:49:58 -   Accuracy: 0.000%
2025-09-12 10:49:58 -   Precision: 0.642
2025-09-12 10:49:58 -   Recall: 0.711
2025-09-12 10:49:58 -   F1 Score: 0.674
2025-09-12 10:49:58 -   AUC: 0.644
2025-09-12 10:49:58 -   Correct/Total: 20/32
2025-09-12 10:49:58 -   Confusion Matrix Stats:
2025-09-12 10:49:58 -     TP: 13, TN: 7
2025-09-12 10:49:58 -     FP: 7, FN: 5
2025-09-12 10:49:58 - Subject: sub_039
2025-09-12 10:49:58 -   Accuracy: 0.000%
2025-09-12 10:49:58 -   Precision: 0.893
2025-09-12 10:49:58 -   Recall: 1.000
2025-09-12 10:49:58 -   F1 Score: 0.938
2025-09-12 10:49:58 -   AUC: 1.000
2025-09-12 10:49:58 -   Correct/Total: 8/9
2025-09-12 10:49:58 -   Confusion Matrix Stats:
2025-09-12 10:49:58 -     TP: 4, TN: 4
2025-09-12 10:49:58 -     FP: 1, FN: 0
2025-09-12 10:49:58 - Subject: sub_040
2025-09-12 10:49:58 -   Accuracy: 0.000%
2025-09-12 10:49:58 -   Precision: 0.686
2025-09-12 10:49:58 -   Recall: 0.740
2025-09-12 10:49:58 -   F1 Score: 0.709
2025-09-12 10:49:58 -   AUC: 0.845
2025-09-12 10:49:58 -   Correct/Total: 16/22
2025-09-12 10:49:58 -   Confusion Matrix Stats:
2025-09-12 10:49:58 -     TP: 7, TN: 9
2025-09-12 10:49:58 -     FP: 3, FN: 3
2025-09-12 10:49:58 - 
AVO Pooled Model Statistics:
2025-09-12 10:49:58 - Mean Accuracy: 0.829
2025-09-12 10:49:58 - 95% Confidence Interval: [0.795, 0.862]
2025-09-12 10:49:58 - Best Subject: sub_008 (1.000)
2025-09-12 10:49:58 - Worst Subject: sub_030 (0.600)
2025-09-12 10:49:58 - Mean Precision: 0.798
2025-09-12 10:49:58 - Mean Recall: 0.848
2025-09-12 10:49:58 - Mean F1-Score: 0.822
2025-09-12 10:49:58 - Mean AUC: 0.904
2025-09-12 10:49:58 - Mean Confusion Matrix:
2025-09-12 10:49:58 -   TP: 6, TN: 6
2025-09-12 10:49:58 -   FP: 2, FN: 1
