2025-09-09 10:55:31 - 
Experiment Configuration:
2025-09-09 10:55:31 - --------------------------------------------------
2025-09-09 10:55:31 - dataset: ds005863
2025-09-09 10:55:31 - use_combined_datasets: False
2025-09-09 10:55:31 - electrode_list: all
2025-09-09 10:55:31 - classifier: ShallowFBCSPNet
2025-09-09 10:55:31 - separate_subject_classification: False
2025-09-09 10:55:31 - use_subject_layer: False
2025-09-09 10:55:31 - seeds: [42]
2025-09-09 10:55:31 - --------------------------------------------------
2025-09-09 10:55:31 - 
==================================================
2025-09-09 10:55:31 - Processing Active Visual Oddball Dataset
2025-09-09 10:55:31 - ==================================================
2025-09-09 10:57:57 - 
==================================================
2025-09-09 10:57:57 - Individual Subject Results - AVO
2025-09-09 10:57:57 - ==================================================
2025-09-09 10:57:57 - Subject: sub_001
2025-09-09 10:57:57 -   Accuracy: 0.000%
2025-09-09 10:57:57 -   Precision: 0.917
2025-09-09 10:57:57 -   Recall: 0.917
2025-09-09 10:57:57 -   F1 Score: 0.917
2025-09-09 10:57:57 -   AUC: 0.972
2025-09-09 10:57:57 -   Correct/Total: 13/15
2025-09-09 10:57:57 -   Confusion Matrix Stats:
2025-09-09 10:57:57 -     TP: 11, TN: 2
2025-09-09 10:57:57 -     FP: 1, FN: 1
2025-09-09 10:57:57 - Subject: sub_002
2025-09-09 10:57:57 -   Accuracy: 0.000%
2025-09-09 10:57:57 -   Precision: 0.600
2025-09-09 10:57:57 -   Recall: 1.000
2025-09-09 10:57:57 -   F1 Score: 0.750
2025-09-09 10:57:57 -   AUC: 0.889
2025-09-09 10:57:57 -   Correct/Total: 10/12
2025-09-09 10:57:57 -   Confusion Matrix Stats:
2025-09-09 10:57:57 -     TP: 3, TN: 7
2025-09-09 10:57:57 -     FP: 2, FN: 0
2025-09-09 10:57:57 - Subject: sub_003
2025-09-09 10:57:57 -   Accuracy: 0.000%
2025-09-09 10:57:57 -   Precision: 0.556
2025-09-09 10:57:57 -   Recall: 0.833
2025-09-09 10:57:57 -   F1 Score: 0.667
2025-09-09 10:57:57 -   AUC: 0.617
2025-09-09 10:57:57 -   Correct/Total: 11/16
2025-09-09 10:57:57 -   Confusion Matrix Stats:
2025-09-09 10:57:57 -     TP: 5, TN: 6
2025-09-09 10:57:57 -     FP: 4, FN: 1
2025-09-09 10:57:57 - Subject: sub_004
2025-09-09 10:57:57 -   Accuracy: 0.000%
2025-09-09 10:57:57 -   Precision: 0.455
2025-09-09 10:57:57 -   Recall: 0.833
2025-09-09 10:57:57 -   F1 Score: 0.588
2025-09-09 10:57:57 -   AUC: 0.548
2025-09-09 10:57:57 -   Correct/Total: 6/13
2025-09-09 10:57:57 -   Confusion Matrix Stats:
2025-09-09 10:57:57 -     TP: 5, TN: 1
2025-09-09 10:57:57 -     FP: 6, FN: 1
2025-09-09 10:57:57 - Subject: sub_005
2025-09-09 10:57:57 -   Accuracy: 0.000%
2025-09-09 10:57:57 -   Precision: 0.556
2025-09-09 10:57:57 -   Recall: 0.833
2025-09-09 10:57:57 -   F1 Score: 0.667
2025-09-09 10:57:57 -   AUC: 0.556
2025-09-09 10:57:57 -   Correct/Total: 7/12
2025-09-09 10:57:57 -   Confusion Matrix Stats:
2025-09-09 10:57:57 -     TP: 5, TN: 2
2025-09-09 10:57:57 -     FP: 4, FN: 1
2025-09-09 10:57:57 - Subject: sub_006
2025-09-09 10:57:57 -   Accuracy: 0.000%
2025-09-09 10:57:57 -   Precision: 0.500
2025-09-09 10:57:57 -   Recall: 1.000
2025-09-09 10:57:57 -   F1 Score: 0.667
2025-09-09 10:57:57 -   AUC: 0.750
2025-09-09 10:57:57 -   Correct/Total: 6/8
2025-09-09 10:57:57 -   Confusion Matrix Stats:
2025-09-09 10:57:57 -     TP: 2, TN: 4
2025-09-09 10:57:57 -     FP: 2, FN: 0
2025-09-09 10:57:57 - Subject: sub_007
2025-09-09 10:57:57 -   Accuracy: 0.000%
2025-09-09 10:57:57 -   Precision: 0.857
2025-09-09 10:57:57 -   Recall: 1.000
2025-09-09 10:57:57 -   F1 Score: 0.923
2025-09-09 10:57:57 -   AUC: 0.967
2025-09-09 10:57:57 -   Correct/Total: 10/11
2025-09-09 10:57:57 -   Confusion Matrix Stats:
2025-09-09 10:57:57 -     TP: 6, TN: 4
2025-09-09 10:57:57 -     FP: 1, FN: 0
2025-09-09 10:57:57 - Subject: sub_008
2025-09-09 10:57:57 -   Accuracy: 0.000%
2025-09-09 10:57:57 -   Precision: 0.750
2025-09-09 10:57:57 -   Recall: 1.000
2025-09-09 10:57:57 -   F1 Score: 0.857
2025-09-09 10:57:57 -   AUC: 0.944
2025-09-09 10:57:57 -   Correct/Total: 8/9
2025-09-09 10:57:57 -   Confusion Matrix Stats:
2025-09-09 10:57:57 -     TP: 3, TN: 5
2025-09-09 10:57:57 -     FP: 1, FN: 0
2025-09-09 10:57:57 - Subject: sub_009
2025-09-09 10:57:57 -   Accuracy: 0.000%
2025-09-09 10:57:57 -   Precision: 1.000
2025-09-09 10:57:57 -   Recall: 1.000
2025-09-09 10:57:57 -   F1 Score: 1.000
2025-09-09 10:57:57 -   AUC: 1.000
2025-09-09 10:57:57 -   Correct/Total: 9/9
2025-09-09 10:57:57 -   Confusion Matrix Stats:
2025-09-09 10:57:57 -     TP: 7, TN: 2
2025-09-09 10:57:57 -     FP: 0, FN: 0
2025-09-09 10:57:57 - Subject: sub_010
2025-09-09 10:57:57 -   Accuracy: 0.000%
2025-09-09 10:57:57 -   Precision: 0.917
2025-09-09 10:57:57 -   Recall: 0.917
2025-09-09 10:57:57 -   F1 Score: 0.917
2025-09-09 10:57:57 -   AUC: 0.983
2025-09-09 10:57:57 -   Correct/Total: 15/17
2025-09-09 10:57:57 -   Confusion Matrix Stats:
2025-09-09 10:57:57 -     TP: 11, TN: 4
2025-09-09 10:57:57 -     FP: 1, FN: 1
2025-09-09 10:57:57 - Subject: sub_011
2025-09-09 10:57:57 -   Accuracy: 0.000%
2025-09-09 10:57:57 -   Precision: 0.667
2025-09-09 10:57:57 -   Recall: 1.000
2025-09-09 10:57:57 -   F1 Score: 0.800
2025-09-09 10:57:57 -   AUC: 0.958
2025-09-09 10:57:57 -   Correct/Total: 8/10
2025-09-09 10:57:57 -   Confusion Matrix Stats:
2025-09-09 10:57:57 -     TP: 4, TN: 4
2025-09-09 10:57:57 -     FP: 2, FN: 0
2025-09-09 10:57:57 - Subject: sub_012
2025-09-09 10:57:57 -   Accuracy: 0.000%
2025-09-09 10:57:57 -   Precision: 0.778
2025-09-09 10:57:57 -   Recall: 1.000
2025-09-09 10:57:57 -   F1 Score: 0.875
2025-09-09 10:57:57 -   AUC: 0.929
2025-09-09 10:57:57 -   Correct/Total: 13/15
2025-09-09 10:57:57 -   Confusion Matrix Stats:
2025-09-09 10:57:57 -     TP: 7, TN: 6
2025-09-09 10:57:57 -     FP: 2, FN: 0
2025-09-09 10:57:57 - Subject: sub_013
2025-09-09 10:57:57 -   Accuracy: 0.000%
2025-09-09 10:57:57 -   Precision: 0.833
2025-09-09 10:57:57 -   Recall: 0.833
2025-09-09 10:57:57 -   F1 Score: 0.833
2025-09-09 10:57:57 -   AUC: 0.958
2025-09-09 10:57:57 -   Correct/Total: 8/10
2025-09-09 10:57:57 -   Confusion Matrix Stats:
2025-09-09 10:57:57 -     TP: 5, TN: 3
2025-09-09 10:57:57 -     FP: 1, FN: 1
2025-09-09 10:57:57 - Subject: sub_014
2025-09-09 10:57:57 -   Accuracy: 0.000%
2025-09-09 10:57:57 -   Precision: 0.833
2025-09-09 10:57:57 -   Recall: 0.714
2025-09-09 10:57:57 -   F1 Score: 0.769
2025-09-09 10:57:57 -   AUC: 0.800
2025-09-09 10:57:57 -   Correct/Total: 14/17
2025-09-09 10:57:57 -   Confusion Matrix Stats:
2025-09-09 10:57:57 -     TP: 5, TN: 9
2025-09-09 10:57:57 -     FP: 1, FN: 2
2025-09-09 10:57:57 - Subject: sub_015
2025-09-09 10:57:57 -   Accuracy: 0.000%
2025-09-09 10:57:57 -   Precision: 1.000
2025-09-09 10:57:57 -   Recall: 1.000
2025-09-09 10:57:57 -   F1 Score: 1.000
2025-09-09 10:57:57 -   AUC: 1.000
2025-09-09 10:57:57 -   Correct/Total: 11/11
2025-09-09 10:57:57 -   Confusion Matrix Stats:
2025-09-09 10:57:57 -     TP: 7, TN: 4
2025-09-09 10:57:57 -     FP: 0, FN: 0
2025-09-09 10:57:57 - Subject: sub_016
2025-09-09 10:57:57 -   Accuracy: 0.000%
2025-09-09 10:57:57 -   Precision: 0.571
2025-09-09 10:57:57 -   Recall: 0.667
2025-09-09 10:57:57 -   F1 Score: 0.615
2025-09-09 10:57:57 -   AUC: 0.792
2025-09-09 10:57:57 -   Correct/Total: 9/14
2025-09-09 10:57:57 -   Confusion Matrix Stats:
2025-09-09 10:57:57 -     TP: 4, TN: 5
2025-09-09 10:57:57 -     FP: 3, FN: 2
2025-09-09 10:57:57 - Subject: sub_017
2025-09-09 10:57:57 -   Accuracy: 0.000%
2025-09-09 10:57:57 -   Precision: 0.667
2025-09-09 10:57:57 -   Recall: 1.000
2025-09-09 10:57:57 -   F1 Score: 0.800
2025-09-09 10:57:57 -   AUC: 1.000
2025-09-09 10:57:57 -   Correct/Total: 8/10
2025-09-09 10:57:57 -   Confusion Matrix Stats:
2025-09-09 10:57:57 -     TP: 4, TN: 4
2025-09-09 10:57:57 -     FP: 2, FN: 0
2025-09-09 10:57:57 - Subject: sub_018
2025-09-09 10:57:57 -   Accuracy: 0.000%
2025-09-09 10:57:57 -   Precision: 0.818
2025-09-09 10:57:57 -   Recall: 1.000
2025-09-09 10:57:57 -   F1 Score: 0.900
2025-09-09 10:57:57 -   AUC: 0.978
2025-09-09 10:57:57 -   Correct/Total: 12/14
2025-09-09 10:57:57 -   Confusion Matrix Stats:
2025-09-09 10:57:57 -     TP: 9, TN: 3
2025-09-09 10:57:57 -     FP: 2, FN: 0
2025-09-09 10:57:57 - Subject: sub_019
2025-09-09 10:57:57 -   Accuracy: 0.000%
2025-09-09 10:57:57 -   Precision: 0.833
2025-09-09 10:57:57 -   Recall: 1.000
2025-09-09 10:57:57 -   F1 Score: 0.909
2025-09-09 10:57:57 -   AUC: 0.700
2025-09-09 10:57:57 -   Correct/Total: 6/7
2025-09-09 10:57:57 -   Confusion Matrix Stats:
2025-09-09 10:57:57 -     TP: 5, TN: 1
2025-09-09 10:57:57 -     FP: 1, FN: 0
2025-09-09 10:57:57 - Subject: sub_020
2025-09-09 10:57:57 -   Accuracy: 0.000%
2025-09-09 10:57:57 -   Precision: 0.875
2025-09-09 10:57:57 -   Recall: 1.000
2025-09-09 10:57:57 -   F1 Score: 0.933
2025-09-09 10:57:57 -   AUC: 0.952
2025-09-09 10:57:57 -   Correct/Total: 9/10
2025-09-09 10:57:57 -   Confusion Matrix Stats:
2025-09-09 10:57:57 -     TP: 7, TN: 2
2025-09-09 10:57:57 -     FP: 1, FN: 0
2025-09-09 10:57:57 - Subject: sub_021
2025-09-09 10:57:57 -   Accuracy: 0.000%
2025-09-09 10:57:57 -   Precision: 0.571
2025-09-09 10:57:57 -   Recall: 1.000
2025-09-09 10:57:57 -   F1 Score: 0.727
2025-09-09 10:57:57 -   AUC: 0.750
2025-09-09 10:57:57 -   Correct/Total: 8/14
2025-09-09 10:57:57 -   Confusion Matrix Stats:
2025-09-09 10:57:57 -     TP: 8, TN: 0
2025-09-09 10:57:57 -     FP: 6, FN: 0
2025-09-09 10:57:57 - Subject: sub_022
2025-09-09 10:57:57 -   Accuracy: 0.000%
2025-09-09 10:57:57 -   Precision: 0.500
2025-09-09 10:57:57 -   Recall: 0.667
2025-09-09 10:57:57 -   F1 Score: 0.571
2025-09-09 10:57:57 -   AUC: 0.667
2025-09-09 10:57:57 -   Correct/Total: 7/13
2025-09-09 10:57:57 -   Confusion Matrix Stats:
2025-09-09 10:57:57 -     TP: 4, TN: 3
2025-09-09 10:57:57 -     FP: 4, FN: 2
2025-09-09 10:57:57 - Subject: sub_023
2025-09-09 10:57:57 -   Accuracy: 0.000%
2025-09-09 10:57:57 -   Precision: 0.667
2025-09-09 10:57:57 -   Recall: 1.000
2025-09-09 10:57:57 -   F1 Score: 0.800
2025-09-09 10:57:57 -   AUC: 0.778
2025-09-09 10:57:57 -   Correct/Total: 15/18
2025-09-09 10:57:57 -   Confusion Matrix Stats:
2025-09-09 10:57:57 -     TP: 6, TN: 9
2025-09-09 10:57:57 -     FP: 3, FN: 0
2025-09-09 10:57:57 - Subject: sub_024
2025-09-09 10:57:57 -   Accuracy: 0.000%
2025-09-09 10:57:57 -   Precision: 0.333
2025-09-09 10:57:57 -   Recall: 1.000
2025-09-09 10:57:57 -   F1 Score: 0.500
2025-09-09 10:57:57 -   AUC: 1.000
2025-09-09 10:57:57 -   Correct/Total: 6/10
2025-09-09 10:57:57 -   Confusion Matrix Stats:
2025-09-09 10:57:57 -     TP: 2, TN: 4
2025-09-09 10:57:57 -     FP: 4, FN: 0
2025-09-09 10:57:57 - Subject: sub_025
2025-09-09 10:57:57 -   Accuracy: 0.000%
2025-09-09 10:57:57 -   Precision: 0.667
2025-09-09 10:57:57 -   Recall: 1.000
2025-09-09 10:57:57 -   F1 Score: 0.800
2025-09-09 10:57:57 -   AUC: 0.806
2025-09-09 10:57:57 -   Correct/Total: 13/17
2025-09-09 10:57:57 -   Confusion Matrix Stats:
2025-09-09 10:57:57 -     TP: 8, TN: 5
2025-09-09 10:57:57 -     FP: 4, FN: 0
2025-09-09 10:57:57 - Subject: sub_026
2025-09-09 10:57:57 -   Accuracy: 0.000%
2025-09-09 10:57:57 -   Precision: 0.636
2025-09-09 10:57:57 -   Recall: 0.778
2025-09-09 10:57:57 -   F1 Score: 0.700
2025-09-09 10:57:57 -   AUC: 0.639
2025-09-09 10:57:57 -   Correct/Total: 11/17
2025-09-09 10:57:57 -   Confusion Matrix Stats:
2025-09-09 10:57:57 -     TP: 7, TN: 4
2025-09-09 10:57:58 -     FP: 4, FN: 2
2025-09-09 10:57:58 - Subject: sub_027
2025-09-09 10:57:58 -   Accuracy: 0.000%
2025-09-09 10:57:58 -   Precision: 0.600
2025-09-09 10:57:58 -   Recall: 0.667
2025-09-09 10:57:58 -   F1 Score: 0.632
2025-09-09 10:57:58 -   AUC: 0.822
2025-09-09 10:57:58 -   Correct/Total: 12/19
2025-09-09 10:57:58 -   Confusion Matrix Stats:
2025-09-09 10:57:58 -     TP: 6, TN: 6
2025-09-09 10:57:58 -     FP: 4, FN: 3
2025-09-09 10:57:58 - Subject: sub_028
2025-09-09 10:57:58 -   Accuracy: 0.000%
2025-09-09 10:57:58 -   Precision: 0.750
2025-09-09 10:57:58 -   Recall: 0.600
2025-09-09 10:57:58 -   F1 Score: 0.667
2025-09-09 10:57:58 -   AUC: 0.638
2025-09-09 10:57:58 -   Correct/Total: 12/18
2025-09-09 10:57:58 -   Confusion Matrix Stats:
2025-09-09 10:57:58 -     TP: 6, TN: 6
2025-09-09 10:57:58 -     FP: 2, FN: 4
2025-09-09 10:57:58 - Subject: sub_029
2025-09-09 10:57:58 -   Accuracy: 0.000%
2025-09-09 10:57:58 -   Precision: 0.818
2025-09-09 10:57:58 -   Recall: 0.818
2025-09-09 10:57:58 -   F1 Score: 0.818
2025-09-09 10:57:58 -   AUC: 0.844
2025-09-09 10:57:58 -   Correct/Total: 14/18
2025-09-09 10:57:58 -   Confusion Matrix Stats:
2025-09-09 10:57:58 -     TP: 9, TN: 5
2025-09-09 10:57:58 -     FP: 2, FN: 2
2025-09-09 10:57:58 - Subject: sub_030
2025-09-09 10:57:58 -   Accuracy: 0.000%
2025-09-09 10:57:58 -   Precision: 0.556
2025-09-09 10:57:58 -   Recall: 0.455
2025-09-09 10:57:58 -   F1 Score: 0.500
2025-09-09 10:57:58 -   AUC: 0.523
2025-09-09 10:57:58 -   Correct/Total: 9/19
2025-09-09 10:57:58 -   Confusion Matrix Stats:
2025-09-09 10:57:58 -     TP: 5, TN: 4
2025-09-09 10:57:58 -     FP: 4, FN: 6
2025-09-09 10:57:58 - Subject: sub_031
2025-09-09 10:57:58 -   Accuracy: 0.000%
2025-09-09 10:57:58 -   Precision: 0.700
2025-09-09 10:57:58 -   Recall: 0.875
2025-09-09 10:57:58 -   F1 Score: 0.778
2025-09-09 10:57:58 -   AUC: 0.859
2025-09-09 10:57:58 -   Correct/Total: 12/16
2025-09-09 10:57:58 -   Confusion Matrix Stats:
2025-09-09 10:57:58 -     TP: 7, TN: 5
2025-09-09 10:57:58 -     FP: 3, FN: 1
2025-09-09 10:57:58 - Subject: sub_032
2025-09-09 10:57:58 -   Accuracy: 0.000%
2025-09-09 10:57:58 -   Precision: 0.600
2025-09-09 10:57:58 -   Recall: 1.000
2025-09-09 10:57:58 -   F1 Score: 0.750
2025-09-09 10:57:58 -   AUC: 0.714
2025-09-09 10:57:58 -   Correct/Total: 9/13
2025-09-09 10:57:58 -   Confusion Matrix Stats:
2025-09-09 10:57:58 -     TP: 6, TN: 3
2025-09-09 10:57:58 -     FP: 4, FN: 0
2025-09-09 10:57:58 - Subject: sub_033
2025-09-09 10:57:58 -   Accuracy: 0.000%
2025-09-09 10:57:58 -   Precision: 0.417
2025-09-09 10:57:58 -   Recall: 0.833
2025-09-09 10:57:58 -   F1 Score: 0.556
2025-09-09 10:57:58 -   AUC: 0.700
2025-09-09 10:57:58 -   Correct/Total: 8/16
2025-09-09 10:57:58 -   Confusion Matrix Stats:
2025-09-09 10:57:58 -     TP: 5, TN: 3
2025-09-09 10:57:58 -     FP: 7, FN: 1
2025-09-09 10:57:58 - Subject: sub_034
2025-09-09 10:57:58 -   Accuracy: 0.000%
2025-09-09 10:57:58 -   Precision: 0.333
2025-09-09 10:57:58 -   Recall: 1.000
2025-09-09 10:57:58 -   F1 Score: 0.500
2025-09-09 10:57:58 -   AUC: 1.000
2025-09-09 10:57:58 -   Correct/Total: 7/13
2025-09-09 10:57:58 -   Confusion Matrix Stats:
2025-09-09 10:57:58 -     TP: 3, TN: 4
2025-09-09 10:57:58 -     FP: 6, FN: 0
2025-09-09 10:57:58 - Subject: sub_035
2025-09-09 10:57:58 -   Accuracy: 0.000%
2025-09-09 10:57:58 -   Precision: 0.500
2025-09-09 10:57:58 -   Recall: 0.500
2025-09-09 10:57:58 -   F1 Score: 0.500
2025-09-09 10:57:58 -   AUC: 0.917
2025-09-09 10:57:58 -   Correct/Total: 6/8
2025-09-09 10:57:58 -   Confusion Matrix Stats:
2025-09-09 10:57:58 -     TP: 1, TN: 5
2025-09-09 10:57:58 -     FP: 1, FN: 1
2025-09-09 10:57:58 - Subject: sub_036
2025-09-09 10:57:58 -   Accuracy: 0.000%
2025-09-09 10:57:58 -   Precision: 0.714
2025-09-09 10:57:58 -   Recall: 1.000
2025-09-09 10:57:58 -   F1 Score: 0.833
2025-09-09 10:57:58 -   AUC: 0.840
2025-09-09 10:57:58 -   Correct/Total: 8/10
2025-09-09 10:57:58 -   Confusion Matrix Stats:
2025-09-09 10:57:58 -     TP: 5, TN: 3
2025-09-09 10:57:58 -     FP: 2, FN: 0
2025-09-09 10:57:58 - Subject: sub_037
2025-09-09 10:57:58 -   Accuracy: 0.000%
2025-09-09 10:57:58 -   Precision: 0.750
2025-09-09 10:57:58 -   Recall: 1.000
2025-09-09 10:57:58 -   F1 Score: 0.857
2025-09-09 10:57:58 -   AUC: 0.833
2025-09-09 10:57:58 -   Correct/Total: 10/12
2025-09-09 10:57:58 -   Confusion Matrix Stats:
2025-09-09 10:57:58 -     TP: 6, TN: 4
2025-09-09 10:57:58 -     FP: 2, FN: 0
2025-09-09 10:57:58 - Subject: sub_038
2025-09-09 10:57:58 -   Accuracy: 0.000%
2025-09-09 10:57:58 -   Precision: 0.800
2025-09-09 10:57:58 -   Recall: 0.667
2025-09-09 10:57:58 -   F1 Score: 0.727
2025-09-09 10:57:58 -   AUC: 0.667
2025-09-09 10:57:58 -   Correct/Total: 8/11
2025-09-09 10:57:58 -   Confusion Matrix Stats:
2025-09-09 10:57:58 -     TP: 4, TN: 4
2025-09-09 10:57:58 -     FP: 1, FN: 2
2025-09-09 10:57:58 - Subject: sub_039
2025-09-09 10:57:58 -   Accuracy: 0.000%
2025-09-09 10:57:58 -   Precision: 0.571
2025-09-09 10:57:58 -   Recall: 0.667
2025-09-09 10:57:58 -   F1 Score: 0.615
2025-09-09 10:57:58 -   AUC: 0.567
2025-09-09 10:57:58 -   Correct/Total: 6/11
2025-09-09 10:57:58 -   Confusion Matrix Stats:
2025-09-09 10:57:58 -     TP: 4, TN: 2
2025-09-09 10:57:58 -     FP: 3, FN: 2
2025-09-09 10:57:58 - Subject: sub_040
2025-09-09 10:57:58 -   Accuracy: 0.000%
2025-09-09 10:57:58 -   Precision: 0.833
2025-09-09 10:57:58 -   Recall: 0.385
2025-09-09 10:57:58 -   F1 Score: 0.526
2025-09-09 10:57:58 -   AUC: 0.410
2025-09-09 10:57:58 -   Correct/Total: 10/19
2025-09-09 10:57:58 -   Confusion Matrix Stats:
2025-09-09 10:57:58 -     TP: 5, TN: 5
2025-09-09 10:57:58 -     FP: 1, FN: 8
2025-09-09 10:57:58 - 
AVO Pooled Model Statistics:
2025-09-09 10:57:58 - Mean Accuracy: 0.734
2025-09-09 10:57:58 - 95% Confidence Interval: [0.688, 0.781]
2025-09-09 10:57:58 - Best Subject: sub_009 (1.000)
2025-09-09 10:57:58 - Worst Subject: sub_004 (0.462)
2025-09-09 10:57:58 - Mean Precision: 0.681
2025-09-09 10:57:58 - Mean Recall: 0.835
2025-09-09 10:57:58 - Mean F1-Score: 0.750
2025-09-09 10:57:58 - Mean AUC: 0.807
2025-09-09 10:57:58 - Mean Confusion Matrix:
2025-09-09 10:57:58 -   TP: 6, TN: 4
2025-09-09 10:57:58 -   FP: 3, FN: 1
