2025-09-14 13:46:35 - 
Experiment Configuration:
2025-09-14 13:46:35 - --------------------------------------------------
2025-09-14 13:46:35 - dataset: ds005863
2025-09-14 13:46:35 - use_combined_datasets: False
2025-09-14 13:46:35 - electrode_list: all
2025-09-14 13:46:35 - classifier: EEGConformer
2025-09-14 13:46:35 - separate_subject_classification: False
2025-09-14 13:46:35 - use_subject_layer: False
2025-09-14 13:46:35 - seeds: [42]
2025-09-14 13:46:35 - --------------------------------------------------
2025-09-14 13:46:35 - 
==================================================
2025-09-14 13:46:35 - Processing Active Visual Oddball Dataset
2025-09-14 13:46:35 - ==================================================
2025-09-14 13:46:58 - 
==================================================
2025-09-14 13:46:58 - Individual Subject Results - AVO
2025-09-14 13:46:58 - ==================================================
2025-09-14 13:46:58 - Subject: sub_001
2025-09-14 13:46:58 -   Accuracy: 58.824%
2025-09-14 13:46:58 -   Precision: 0.571
2025-09-14 13:46:58 -   Recall: 0.889
2025-09-14 13:46:58 -   F1 Score: 0.696
2025-09-14 13:46:58 -   AUC: 0.458
2025-09-14 13:46:58 -   Correct/Total: 10/17
2025-09-14 13:46:58 -   Confusion Matrix Stats:
2025-09-14 13:46:58 -     TP: 8, TN: 2
2025-09-14 13:46:58 -     FP: 6, FN: 1
2025-09-14 13:46:58 - Subject: sub_002
2025-09-14 13:46:58 -   Accuracy: 80.000%
2025-09-14 13:46:58 -   Precision: 0.750
2025-09-14 13:46:58 -   Recall: 1.000
2025-09-14 13:46:58 -   F1 Score: 0.857
2025-09-14 13:46:58 -   AUC: 0.625
2025-09-14 13:46:58 -   Correct/Total: 8/10
2025-09-14 13:46:58 -   Confusion Matrix Stats:
2025-09-14 13:46:58 -     TP: 6, TN: 2
2025-09-14 13:46:58 -     FP: 2, FN: 0
2025-09-14 13:46:58 - 
AVO Pooled Model Statistics:
2025-09-14 13:46:58 - Mean Accuracy: 0.035
2025-09-14 13:46:58 - 95% Confidence Interval: [-0.015, 0.084]
2025-09-14 13:46:58 - Best Subject: sub_002 (0.800)
2025-09-14 13:46:58 - Worst Subject: sub_003 (0.000)
2025-09-14 13:46:58 - Mean Precision: 0.636
2025-09-14 13:46:58 - Mean Recall: 0.933
2025-09-14 13:46:58 - Mean F1-Score: 0.757
2025-09-14 13:46:58 - Mean AUC: 0.542
2025-09-14 13:46:58 - Mean Confusion Matrix:
2025-09-14 13:46:58 -   TP: 7, TN: 2
2025-09-14 13:46:58 -   FP: 4, FN: 0
