2025-09-21 12:10:32 - 
Experiment Configuration:
2025-09-21 12:10:32 - --------------------------------------------------
2025-09-21 12:10:32 - dataset: ds005863
2025-09-21 12:10:32 - use_combined_datasets: False
2025-09-21 12:10:32 - electrode_list: all
2025-09-21 12:10:32 - classifier: SepConv1D
2025-09-21 12:10:32 - separate_subject_classification: False
2025-09-21 12:10:32 - use_subject_layer: False
2025-09-21 12:10:32 - seeds: [42]
2025-09-21 12:10:32 - use_nested_cv: False
2025-09-21 12:10:32 - electrode_fusion_method: none
2025-09-21 12:10:32 - domain_adaptation_method: none
2025-09-21 12:10:32 - enable_comprehensive_evaluation: True
2025-09-21 12:10:32 - enable_domain_analysis: True
2025-09-21 12:10:32 - enable_small_sample_analysis: False
2025-09-21 12:10:32 - small_sample_sizes: [5, 10, 15, 20]
2025-09-21 12:10:32 - small_sample_subjects: [5, 10, 15]
2025-09-21 12:10:32 - --------------------------------------------------
2025-09-21 12:10:32 - 
==================================================
2025-09-21 12:10:32 - Processing Active Visual Oddball Dataset
2025-09-21 12:10:32 - ==================================================
2025-09-21 12:10:32 - Using traditional train/validation/test split
2025-09-21 12:10:55 - 
==================================================
2025-09-21 12:10:55 - Individual Subject Results - AVO
2025-09-21 12:10:55 - ==================================================
2025-09-21 12:10:55 - Subject: sub_001
2025-09-21 12:10:55 -   Accuracy: 77.778%
2025-09-21 12:10:55 -   Precision: 0.714
2025-09-21 12:10:55 -   Recall: 1.000
2025-09-21 12:10:55 -   F1 Score: 0.833
2025-09-21 12:10:55 -   AUC: 0.950
2025-09-21 12:10:55 -   Correct/Total: 7/9
2025-09-21 12:10:55 -   Confusion Matrix Stats:
2025-09-21 12:10:55 -     TP: 5, TN: 2
2025-09-21 12:10:55 -     FP: 2, FN: 0
2025-09-21 12:10:55 - Subject: sub_002
2025-09-21 12:10:55 -   Accuracy: 50.000%
2025-09-21 12:10:55 -   Precision: 0.000
2025-09-21 12:10:55 -   Recall: 0.000
2025-09-21 12:10:55 -   F1 Score: 0.000
2025-09-21 12:10:55 -   AUC: 0.562
2025-09-21 12:10:55 -   Correct/Total: 4/8
2025-09-21 12:10:55 -   Confusion Matrix Stats:
2025-09-21 12:10:55 -     TP: 0, TN: 4
2025-09-21 12:10:55 -     FP: 0, FN: 4
2025-09-21 12:10:55 - Subject: sub_003
2025-09-21 12:10:55 -   Accuracy: 66.667%
2025-09-21 12:10:55 -   Precision: 0.600
2025-09-21 12:10:55 -   Recall: 0.857
2025-09-21 12:10:55 -   F1 Score: 0.706
2025-09-21 12:10:55 -   AUC: 0.714
2025-09-21 12:10:55 -   Correct/Total: 10/15
2025-09-21 12:10:55 -   Confusion Matrix Stats:
2025-09-21 12:10:55 -     TP: 6, TN: 4
2025-09-21 12:10:55 -     FP: 4, FN: 1
2025-09-21 12:10:55 - Subject: sub_004
2025-09-21 12:10:55 -   Accuracy: 58.333%
2025-09-21 12:10:55 -   Precision: 0.200
2025-09-21 12:10:55 -   Recall: 0.500
2025-09-21 12:10:55 -   F1 Score: 0.286
2025-09-21 12:10:55 -   AUC: 0.500
2025-09-21 12:10:55 -   Correct/Total: 7/12
2025-09-21 12:10:55 -   Confusion Matrix Stats:
2025-09-21 12:10:55 -     TP: 1, TN: 6
2025-09-21 12:10:55 -     FP: 4, FN: 1
2025-09-21 12:10:55 - Subject: sub_005
2025-09-21 12:10:55 -   Accuracy: 77.778%
2025-09-21 12:10:55 -   Precision: 0.750
2025-09-21 12:10:55 -   Recall: 0.750
2025-09-21 12:10:55 -   F1 Score: 0.750
2025-09-21 12:10:55 -   AUC: 0.900
2025-09-21 12:10:55 -   Correct/Total: 7/9
2025-09-21 12:10:55 -   Confusion Matrix Stats:
2025-09-21 12:10:55 -     TP: 3, TN: 4
2025-09-21 12:10:55 -     FP: 1, FN: 1
2025-09-21 12:10:55 - Subject: sub_006
2025-09-21 12:10:55 -   Accuracy: 38.462%
2025-09-21 12:10:55 -   Precision: 0.333
2025-09-21 12:10:55 -   Recall: 0.600
2025-09-21 12:10:55 -   F1 Score: 0.429
2025-09-21 12:10:55 -   AUC: 0.450
2025-09-21 12:10:55 -   Correct/Total: 5/13
2025-09-21 12:10:55 -   Confusion Matrix Stats:
2025-09-21 12:10:55 -     TP: 3, TN: 2
2025-09-21 12:10:55 -     FP: 6, FN: 2
2025-09-21 12:10:55 - Subject: sub_007
2025-09-21 12:10:55 -   Accuracy: 75.000%
2025-09-21 12:10:55 -   Precision: 0.600
2025-09-21 12:10:55 -   Recall: 1.000
2025-09-21 12:10:55 -   F1 Score: 0.750
2025-09-21 12:10:55 -   AUC: 0.733
2025-09-21 12:10:55 -   Correct/Total: 6/8
2025-09-21 12:10:55 -   Confusion Matrix Stats:
2025-09-21 12:10:55 -     TP: 3, TN: 3
2025-09-21 12:10:55 -     FP: 2, FN: 0
2025-09-21 12:10:55 - Subject: sub_008
2025-09-21 12:10:55 -   Accuracy: 64.286%
2025-09-21 12:10:55 -   Precision: 0.400
2025-09-21 12:10:55 -   Recall: 0.500
2025-09-21 12:10:55 -   F1 Score: 0.444
2025-09-21 12:10:55 -   AUC: 0.700
2025-09-21 12:10:55 -   Correct/Total: 9/14
2025-09-21 12:10:55 -   Confusion Matrix Stats:
2025-09-21 12:10:55 -     TP: 2, TN: 7
2025-09-21 12:10:55 -     FP: 3, FN: 2
2025-09-21 12:10:55 - Subject: sub_009
2025-09-21 12:10:55 -   Accuracy: 100.000%
2025-09-21 12:10:55 -   Precision: 1.000
2025-09-21 12:10:55 -   Recall: 1.000
2025-09-21 12:10:55 -   F1 Score: 1.000
2025-09-21 12:10:55 -   AUC: 1.000
2025-09-21 12:10:55 -   Correct/Total: 4/4
2025-09-21 12:10:55 -   Confusion Matrix Stats:
2025-09-21 12:10:55 -     TP: 2, TN: 2
2025-09-21 12:10:55 -     FP: 0, FN: 0
2025-09-21 12:10:55 - Subject: sub_010
2025-09-21 12:10:55 -   Accuracy: 66.667%
2025-09-21 12:10:55 -   Precision: 0.750
2025-09-21 12:10:55 -   Recall: 0.600
2025-09-21 12:10:55 -   F1 Score: 0.667
2025-09-21 12:10:55 -   AUC: 0.500
2025-09-21 12:10:55 -   Correct/Total: 6/9
2025-09-21 12:10:55 -   Confusion Matrix Stats:
2025-09-21 12:10:55 -     TP: 3, TN: 3
2025-09-21 12:10:55 -     FP: 1, FN: 2
2025-09-21 12:10:55 - Subject: sub_011
2025-09-21 12:10:55 -   Accuracy: 75.000%
2025-09-21 12:10:55 -   Precision: 0.714
2025-09-21 12:10:55 -   Recall: 1.000
2025-09-21 12:10:55 -   F1 Score: 0.833
2025-09-21 12:10:55 -   AUC: 1.000
2025-09-21 12:10:55 -   Correct/Total: 6/8
2025-09-21 12:10:55 -   Confusion Matrix Stats:
2025-09-21 12:10:55 -     TP: 5, TN: 1
2025-09-21 12:10:55 -     FP: 2, FN: 0
2025-09-21 12:10:55 - Subject: sub_012
2025-09-21 12:10:55 -   Accuracy: 60.000%
2025-09-21 12:10:55 -   Precision: 0.000
2025-09-21 12:10:55 -   Recall: 0.000
2025-09-21 12:10:55 -   F1 Score: 0.000
2025-09-21 12:10:55 -   AUC: 0.500
2025-09-21 12:10:55 -   Correct/Total: 3/5
2025-09-21 12:10:55 -   Confusion Matrix Stats:
2025-09-21 12:10:55 -     TP: 0, TN: 3
2025-09-21 12:10:55 -     FP: 2, FN: 0
2025-09-21 12:10:55 - Subject: sub_013
2025-09-21 12:10:55 -   Accuracy: 53.333%
2025-09-21 12:10:55 -   Precision: 1.000
2025-09-21 12:10:55 -   Recall: 0.364
2025-09-21 12:10:55 -   F1 Score: 0.533
2025-09-21 12:10:55 -   AUC: 0.750
2025-09-21 12:10:55 -   Correct/Total: 8/15
2025-09-21 12:10:55 -   Confusion Matrix Stats:
2025-09-21 12:10:55 -     TP: 4, TN: 4
2025-09-21 12:10:55 -     FP: 0, FN: 7
2025-09-21 12:10:55 - Subject: sub_014
2025-09-21 12:10:55 -   Accuracy: 50.000%
2025-09-21 12:10:55 -   Precision: 0.750
2025-09-21 12:10:55 -   Recall: 0.500
2025-09-21 12:10:55 -   F1 Score: 0.600
2025-09-21 12:10:55 -   AUC: 0.583
2025-09-21 12:10:55 -   Correct/Total: 4/8
2025-09-21 12:10:55 -   Confusion Matrix Stats:
2025-09-21 12:10:55 -     TP: 3, TN: 1
2025-09-21 12:10:55 -     FP: 1, FN: 3
2025-09-21 12:10:55 - Subject: sub_015
2025-09-21 12:10:55 -   Accuracy: 66.667%
2025-09-21 12:10:55 -   Precision: 0.667
2025-09-21 12:10:55 -   Recall: 0.667
2025-09-21 12:10:55 -   F1 Score: 0.667
2025-09-21 12:10:55 -   AUC: 0.667
2025-09-21 12:10:55 -   Correct/Total: 4/6
2025-09-21 12:10:55 -   Confusion Matrix Stats:
2025-09-21 12:10:55 -     TP: 2, TN: 2
2025-09-21 12:10:55 -     FP: 1, FN: 1
2025-09-21 12:10:55 - Subject: sub_016
2025-09-21 12:10:55 -   Accuracy: 60.000%
2025-09-21 12:10:55 -   Precision: 1.000
2025-09-21 12:10:55 -   Recall: 0.500
2025-09-21 12:10:55 -   F1 Score: 0.667
2025-09-21 12:10:55 -   AUC: 0.500
2025-09-21 12:10:55 -   Correct/Total: 3/5
2025-09-21 12:10:55 -   Confusion Matrix Stats:
2025-09-21 12:10:55 -     TP: 2, TN: 1
2025-09-21 12:10:55 -     FP: 0, FN: 2
2025-09-21 12:10:55 - Subject: sub_017
2025-09-21 12:10:55 -   Accuracy: 71.429%
2025-09-21 12:10:55 -   Precision: 1.000
2025-09-21 12:10:55 -   Recall: 0.667
2025-09-21 12:10:55 -   F1 Score: 0.800
2025-09-21 12:10:55 -   AUC: 0.833
2025-09-21 12:10:55 -   Correct/Total: 5/7
2025-09-21 12:10:55 -   Confusion Matrix Stats:
2025-09-21 12:10:55 -     TP: 4, TN: 1
2025-09-21 12:10:55 -     FP: 0, FN: 2
2025-09-21 12:10:55 - Subject: sub_018
2025-09-21 12:10:55 -   Accuracy: 0.000%
2025-09-21 12:10:55 -   Precision: 0.000
2025-09-21 12:10:55 -   Recall: 0.000
2025-09-21 12:10:55 -   F1 Score: 0.000
2025-09-21 12:10:55 -   AUC: 0.500
2025-09-21 12:10:55 -   Correct/Total: 0/1
2025-09-21 12:10:55 -   Confusion Matrix Stats:
2025-09-21 12:10:55 -     TP: 0, TN: 0
2025-09-21 12:10:55 -     FP: 1, FN: 0
2025-09-21 12:10:55 - Subject: sub_019
2025-09-21 12:10:55 -   Accuracy: 84.615%
2025-09-21 12:10:55 -   Precision: 0.875
2025-09-21 12:10:55 -   Recall: 0.875
2025-09-21 12:10:55 -   F1 Score: 0.875
2025-09-21 12:10:55 -   AUC: 0.850
2025-09-21 12:10:55 -   Correct/Total: 11/13
2025-09-21 12:10:55 -   Confusion Matrix Stats:
2025-09-21 12:10:55 -     TP: 7, TN: 4
2025-09-21 12:10:55 -     FP: 1, FN: 1
2025-09-21 12:10:55 - Subject: sub_020
2025-09-21 12:10:55 -   Accuracy: 45.455%
2025-09-21 12:10:55 -   Precision: 0.250
2025-09-21 12:10:55 -   Recall: 0.250
2025-09-21 12:10:55 -   F1 Score: 0.250
2025-09-21 12:10:55 -   AUC: 0.464
2025-09-21 12:10:55 -   Correct/Total: 5/11
2025-09-21 12:10:55 -   Confusion Matrix Stats:
2025-09-21 12:10:55 -     TP: 1, TN: 4
2025-09-21 12:10:55 -     FP: 3, FN: 3
2025-09-21 12:10:55 - Subject: sub_021
2025-09-21 12:10:55 -   Accuracy: 90.909%
2025-09-21 12:10:55 -   Precision: 0.857
2025-09-21 12:10:55 -   Recall: 1.000
2025-09-21 12:10:55 -   F1 Score: 0.923
2025-09-21 12:10:55 -   AUC: 0.967
2025-09-21 12:10:55 -   Correct/Total: 10/11
2025-09-21 12:10:55 -   Confusion Matrix Stats:
2025-09-21 12:10:55 -     TP: 6, TN: 4
2025-09-21 12:10:55 -     FP: 1, FN: 0
2025-09-21 12:10:55 - Subject: sub_022
2025-09-21 12:10:55 -   Accuracy: 66.667%
2025-09-21 12:10:55 -   Precision: 0.714
2025-09-21 12:10:55 -   Recall: 0.833
2025-09-21 12:10:55 -   F1 Score: 0.769
2025-09-21 12:10:55 -   AUC: 0.889
2025-09-21 12:10:55 -   Correct/Total: 6/9
2025-09-21 12:10:55 -   Confusion Matrix Stats:
2025-09-21 12:10:55 -     TP: 5, TN: 1
2025-09-21 12:10:55 -     FP: 2, FN: 1
2025-09-21 12:10:55 - Subject: sub_023
2025-09-21 12:10:55 -   Accuracy: 69.231%
2025-09-21 12:10:55 -   Precision: 0.667
2025-09-21 12:10:55 -   Recall: 0.667
2025-09-21 12:10:55 -   F1 Score: 0.667
2025-09-21 12:10:55 -   AUC: 0.786
2025-09-21 12:10:55 -   Correct/Total: 9/13
2025-09-21 12:10:55 -   Confusion Matrix Stats:
2025-09-21 12:10:55 -     TP: 4, TN: 5
2025-09-21 12:10:55 -     FP: 2, FN: 2
2025-09-21 12:10:55 - Subject: sub_024
2025-09-21 12:10:55 -   Accuracy: 68.750%
2025-09-21 12:10:55 -   Precision: 0.545
2025-09-21 12:10:55 -   Recall: 1.000
2025-09-21 12:10:55 -   F1 Score: 0.706
2025-09-21 12:10:55 -   AUC: 0.933
2025-09-21 12:10:55 -   Correct/Total: 11/16
2025-09-21 12:10:55 -   Confusion Matrix Stats:
2025-09-21 12:10:55 -     TP: 6, TN: 5
2025-09-21 12:10:55 -     FP: 5, FN: 0
2025-09-21 12:10:55 - Subject: sub_025
2025-09-21 12:10:55 -   Accuracy: 87.500%
2025-09-21 12:10:55 -   Precision: 0.750
2025-09-21 12:10:55 -   Recall: 1.000
2025-09-21 12:10:55 -   F1 Score: 0.857
2025-09-21 12:10:55 -   AUC: 1.000
2025-09-21 12:10:55 -   Correct/Total: 7/8
2025-09-21 12:10:55 -   Confusion Matrix Stats:
2025-09-21 12:10:55 -     TP: 3, TN: 4
2025-09-21 12:10:55 -     FP: 1, FN: 0
2025-09-21 12:10:55 - Subject: sub_026
2025-09-21 12:10:55 -   Accuracy: 28.571%
2025-09-21 12:10:55 -   Precision: 0.250
2025-09-21 12:10:55 -   Recall: 0.333
2025-09-21 12:10:55 -   F1 Score: 0.286
2025-09-21 12:10:55 -   AUC: 0.417
2025-09-21 12:10:55 -   Correct/Total: 2/7
2025-09-21 12:10:55 -   Confusion Matrix Stats:
2025-09-21 12:10:55 -     TP: 1, TN: 1
2025-09-21 12:10:55 -     FP: 3, FN: 2
2025-09-21 12:10:55 - Subject: sub_027
2025-09-21 12:10:55 -   Accuracy: 77.778%
2025-09-21 12:10:55 -   Precision: 0.667
2025-09-21 12:10:55 -   Recall: 1.000
2025-09-21 12:10:55 -   F1 Score: 0.800
2025-09-21 12:10:55 -   AUC: 1.000
2025-09-21 12:10:55 -   Correct/Total: 7/9
2025-09-21 12:10:55 -   Confusion Matrix Stats:
2025-09-21 12:10:55 -     TP: 4, TN: 3
2025-09-21 12:10:55 -     FP: 2, FN: 0
2025-09-21 12:10:55 - Subject: sub_028
2025-09-21 12:10:55 -   Accuracy: 80.000%
2025-09-21 12:10:55 -   Precision: 0.714
2025-09-21 12:10:55 -   Recall: 1.000
2025-09-21 12:10:55 -   F1 Score: 0.833
2025-09-21 12:10:55 -   AUC: 0.920
2025-09-21 12:10:55 -   Correct/Total: 8/10
2025-09-21 12:10:55 -   Confusion Matrix Stats:
2025-09-21 12:10:55 -     TP: 5, TN: 3
2025-09-21 12:10:55 -     FP: 2, FN: 0
2025-09-21 12:10:55 - Subject: sub_029
2025-09-21 12:10:55 -   Accuracy: 33.333%
2025-09-21 12:10:55 -   Precision: 1.000
2025-09-21 12:10:55 -   Recall: 0.143
2025-09-21 12:10:55 -   F1 Score: 0.250
2025-09-21 12:10:55 -   AUC: 0.929
2025-09-21 12:10:55 -   Correct/Total: 3/9
2025-09-21 12:10:55 -   Confusion Matrix Stats:
2025-09-21 12:10:55 -     TP: 1, TN: 2
2025-09-21 12:10:55 -     FP: 0, FN: 6
2025-09-21 12:10:55 - Subject: sub_030
2025-09-21 12:10:55 -   Accuracy: 83.333%
2025-09-21 12:10:55 -   Precision: 1.000
2025-09-21 12:10:55 -   Recall: 0.500
2025-09-21 12:10:55 -   F1 Score: 0.667
2025-09-21 12:10:55 -   AUC: 0.750
2025-09-21 12:10:55 -   Correct/Total: 5/6
2025-09-21 12:10:55 -   Confusion Matrix Stats:
2025-09-21 12:10:55 -     TP: 1, TN: 4
2025-09-21 12:10:55 -     FP: 0, FN: 1
2025-09-21 12:10:55 - Subject: sub_031
2025-09-21 12:10:55 -   Accuracy: 70.000%
2025-09-21 12:10:55 -   Precision: 0.750
2025-09-21 12:10:55 -   Recall: 0.600
2025-09-21 12:10:55 -   F1 Score: 0.667
2025-09-21 12:10:55 -   AUC: 0.800
2025-09-21 12:10:55 -   Correct/Total: 7/10
2025-09-21 12:10:55 -   Confusion Matrix Stats:
2025-09-21 12:10:55 -     TP: 3, TN: 4
2025-09-21 12:10:55 -     FP: 1, FN: 2
2025-09-21 12:10:55 - Subject: sub_032
2025-09-21 12:10:55 -   Accuracy: 83.333%
2025-09-21 12:10:55 -   Precision: 1.000
2025-09-21 12:10:55 -   Recall: 0.727
2025-09-21 12:10:55 -   F1 Score: 0.842
2025-09-21 12:10:55 -   AUC: 0.935
2025-09-21 12:10:55 -   Correct/Total: 15/18
2025-09-21 12:10:55 -   Confusion Matrix Stats:
2025-09-21 12:10:55 -     TP: 8, TN: 7
2025-09-21 12:10:55 -     FP: 0, FN: 3
2025-09-21 12:10:55 - Subject: sub_033
2025-09-21 12:10:55 -   Accuracy: 57.143%
2025-09-21 12:10:55 -   Precision: 1.000
2025-09-21 12:10:55 -   Recall: 0.400
2025-09-21 12:10:55 -   F1 Score: 0.571
2025-09-21 12:10:55 -   AUC: 0.800
2025-09-21 12:10:55 -   Correct/Total: 4/7
2025-09-21 12:10:55 -   Confusion Matrix Stats:
2025-09-21 12:10:55 -     TP: 2, TN: 2
2025-09-21 12:10:55 -     FP: 0, FN: 3
2025-09-21 12:10:55 - Subject: sub_034
2025-09-21 12:10:55 -   Accuracy: 57.143%
2025-09-21 12:10:55 -   Precision: 0.667
2025-09-21 12:10:55 -   Recall: 0.500
2025-09-21 12:10:55 -   F1 Score: 0.571
2025-09-21 12:10:55 -   AUC: 0.333
2025-09-21 12:10:55 -   Correct/Total: 4/7
2025-09-21 12:10:55 -   Confusion Matrix Stats:
2025-09-21 12:10:55 -     TP: 2, TN: 2
2025-09-21 12:10:55 -     FP: 1, FN: 2
2025-09-21 12:10:55 - Subject: sub_035
2025-09-21 12:10:55 -   Accuracy: 75.000%
2025-09-21 12:10:55 -   Precision: 0.875
2025-09-21 12:10:55 -   Recall: 0.778
2025-09-21 12:10:55 -   F1 Score: 0.824
2025-09-21 12:10:55 -   AUC: 0.704
2025-09-21 12:10:55 -   Correct/Total: 9/12
2025-09-21 12:10:55 -   Confusion Matrix Stats:
2025-09-21 12:10:55 -     TP: 7, TN: 2
2025-09-21 12:10:55 -     FP: 1, FN: 2
2025-09-21 12:10:55 - Subject: sub_036
2025-09-21 12:10:55 -   Accuracy: 18.182%
2025-09-21 12:10:55 -   Precision: 0.167
2025-09-21 12:10:55 -   Recall: 0.200
2025-09-21 12:10:55 -   F1 Score: 0.182
2025-09-21 12:10:55 -   AUC: 0.167
2025-09-21 12:10:55 -   Correct/Total: 2/11
2025-09-21 12:10:55 -   Confusion Matrix Stats:
2025-09-21 12:10:55 -     TP: 1, TN: 1
2025-09-21 12:10:55 -     FP: 5, FN: 4
2025-09-21 12:10:55 - Subject: sub_037
2025-09-21 12:10:55 -   Accuracy: 46.667%
2025-09-21 12:10:55 -   Precision: 0.667
2025-09-21 12:10:55 -   Recall: 0.400
2025-09-21 12:10:55 -   F1 Score: 0.500
2025-09-21 12:10:55 -   AUC: 0.380
2025-09-21 12:10:55 -   Correct/Total: 7/15
2025-09-21 12:10:55 -   Confusion Matrix Stats:
2025-09-21 12:10:55 -     TP: 4, TN: 3
2025-09-21 12:10:55 -     FP: 2, FN: 6
2025-09-21 12:10:55 - Subject: sub_038
2025-09-21 12:10:55 -   Accuracy: 61.538%
2025-09-21 12:10:55 -   Precision: 0.556
2025-09-21 12:10:55 -   Recall: 0.833
2025-09-21 12:10:55 -   F1 Score: 0.667
2025-09-21 12:10:55 -   AUC: 0.667
2025-09-21 12:10:55 -   Correct/Total: 8/13
2025-09-21 12:10:55 -   Confusion Matrix Stats:
2025-09-21 12:10:55 -     TP: 5, TN: 3
2025-09-21 12:10:55 -     FP: 4, FN: 1
2025-09-21 12:10:55 - Subject: sub_039
2025-09-21 12:10:55 -   Accuracy: 77.778%
2025-09-21 12:10:55 -   Precision: 0.500
2025-09-21 12:10:55 -   Recall: 0.500
2025-09-21 12:10:55 -   F1 Score: 0.500
2025-09-21 12:10:55 -   AUC: 0.857
2025-09-21 12:10:55 -   Correct/Total: 7/9
2025-09-21 12:10:55 -   Confusion Matrix Stats:
2025-09-21 12:10:55 -     TP: 1, TN: 6
2025-09-21 12:10:55 -     FP: 1, FN: 1
2025-09-21 12:10:55 - Subject: sub_040
2025-09-21 12:10:55 -   Accuracy: 50.000%
2025-09-21 12:10:55 -   Precision: 0.471
2025-09-21 12:10:55 -   Recall: 0.889
2025-09-21 12:10:55 -   F1 Score: 0.615
2025-09-21 12:10:55 -   AUC: 0.798
2025-09-21 12:10:55 -   Correct/Total: 10/20
2025-09-21 12:10:55 -   Confusion Matrix Stats:
2025-09-21 12:10:55 -     TP: 8, TN: 2
2025-09-21 12:10:55 -     FP: 9, FN: 1
2025-09-21 12:10:55 - 
AVO Pooled Model Statistics:
2025-09-21 12:10:55 - 95% Confidence Interval: [0.567, 0.695]
2025-09-21 12:10:55 - Best Subject: sub_009 (1.000)
2025-09-21 12:10:55 - Worst Subject: sub_018 (0.000)
2025-09-21 12:10:55 - Mean Accuracy: 0.637
2025-09-21 12:10:55 - Mean Precision: 0.636
2025-09-21 12:10:55 - Mean Recall: 0.658
2025-09-21 12:10:55 - Mean F1-Score: 0.647
2025-09-21 12:10:55 - Mean AUC: 0.717
2025-09-21 12:10:55 - Mean Confusion Matrix:
2025-09-21 12:10:55 -   TP: 3, TN: 3
2025-09-21 12:10:55 -   FP: 2, FN: 2
