2025-09-14 12:57:14 - 
Experiment Configuration:
2025-09-14 12:57:14 - --------------------------------------------------
2025-09-14 12:57:14 - dataset: ds005863
2025-09-14 12:57:14 - use_combined_datasets: False
2025-09-14 12:57:14 - electrode_list: all
2025-09-14 12:57:14 - classifier: EEGConformer
2025-09-14 12:57:14 - separate_subject_classification: False
2025-09-14 12:57:14 - use_subject_layer: False
2025-09-14 12:57:14 - seeds: [42]
2025-09-14 12:57:14 - --------------------------------------------------
2025-09-14 12:57:14 - 
==================================================
2025-09-14 12:57:14 - Processing Active Visual Oddball Dataset
2025-09-14 12:57:14 - ==================================================
2025-09-14 13:05:01 - 
==================================================
2025-09-14 13:05:01 - Individual Subject Results - AVO
2025-09-14 13:05:01 - ==================================================
2025-09-14 13:05:01 - Subject: sub_001
2025-09-14 13:05:01 -   Accuracy: 64.286%
2025-09-14 13:05:01 -   Precision: 0.714
2025-09-14 13:05:01 -   Recall: 0.625
2025-09-14 13:05:01 -   F1 Score: 0.667
2025-09-14 13:05:01 -   AUC: 0.729
2025-09-14 13:05:01 -   Correct/Total: 9/14
2025-09-14 13:05:01 -   Confusion Matrix Stats:
2025-09-14 13:05:01 -     TP: 5, TN: 4
2025-09-14 13:05:01 -     FP: 2, FN: 3
2025-09-14 13:05:01 - Subject: sub_002
2025-09-14 13:05:01 -   Accuracy: 70.000%
2025-09-14 13:05:01 -   Precision: 0.667
2025-09-14 13:05:01 -   Recall: 0.500
2025-09-14 13:05:01 -   F1 Score: 0.571
2025-09-14 13:05:01 -   AUC: 0.792
2025-09-14 13:05:01 -   Correct/Total: 7/10
2025-09-14 13:05:01 -   Confusion Matrix Stats:
2025-09-14 13:05:01 -     TP: 2, TN: 5
2025-09-14 13:05:01 -     FP: 1, FN: 2
2025-09-14 13:05:01 - Subject: sub_003
2025-09-14 13:05:01 -   Accuracy: 90.909%
2025-09-14 13:05:01 -   Precision: 1.000
2025-09-14 13:05:01 -   Recall: 0.875
2025-09-14 13:05:01 -   F1 Score: 0.933
2025-09-14 13:05:01 -   AUC: 1.000
2025-09-14 13:05:01 -   Correct/Total: 10/11
2025-09-14 13:05:01 -   Confusion Matrix Stats:
2025-09-14 13:05:01 -     TP: 7, TN: 3
2025-09-14 13:05:01 -     FP: 0, FN: 1
2025-09-14 13:05:01 - Subject: sub_004
2025-09-14 13:05:01 -   Accuracy: 77.778%
2025-09-14 13:05:01 -   Precision: 0.857
2025-09-14 13:05:01 -   Recall: 0.667
2025-09-14 13:05:01 -   F1 Score: 0.750
2025-09-14 13:05:01 -   AUC: 0.889
2025-09-14 13:05:01 -   Correct/Total: 14/18
2025-09-14 13:05:01 -   Confusion Matrix Stats:
2025-09-14 13:05:01 -     TP: 6, TN: 8
2025-09-14 13:05:01 -     FP: 1, FN: 3
2025-09-14 13:05:01 - Subject: sub_005
2025-09-14 13:05:01 -   Accuracy: 90.000%
2025-09-14 13:05:01 -   Precision: 0.667
2025-09-14 13:05:01 -   Recall: 1.000
2025-09-14 13:05:01 -   F1 Score: 0.800
2025-09-14 13:05:01 -   AUC: 1.000
2025-09-14 13:05:01 -   Correct/Total: 9/10
2025-09-14 13:05:01 -   Confusion Matrix Stats:
2025-09-14 13:05:01 -     TP: 2, TN: 7
2025-09-14 13:05:01 -     FP: 1, FN: 0
2025-09-14 13:05:01 - Subject: sub_006
2025-09-14 13:05:01 -   Accuracy: 54.545%
2025-09-14 13:05:01 -   Precision: 0.500
2025-09-14 13:05:01 -   Recall: 0.600
2025-09-14 13:05:01 -   F1 Score: 0.545
2025-09-14 13:05:01 -   AUC: 0.700
2025-09-14 13:05:01 -   Correct/Total: 6/11
2025-09-14 13:05:01 -   Confusion Matrix Stats:
2025-09-14 13:05:01 -     TP: 3, TN: 3
2025-09-14 13:05:01 -     FP: 3, FN: 2
2025-09-14 13:05:01 - Subject: sub_007
2025-09-14 13:05:01 -   Accuracy: 63.636%
2025-09-14 13:05:01 -   Precision: 0.500
2025-09-14 13:05:01 -   Recall: 0.500
2025-09-14 13:05:01 -   F1 Score: 0.500
2025-09-14 13:05:01 -   AUC: 0.786
2025-09-14 13:05:01 -   Correct/Total: 7/11
2025-09-14 13:05:01 -   Confusion Matrix Stats:
2025-09-14 13:05:01 -     TP: 2, TN: 5
2025-09-14 13:05:01 -     FP: 2, FN: 2
2025-09-14 13:05:01 - Subject: sub_008
2025-09-14 13:05:01 -   Accuracy: 81.818%
2025-09-14 13:05:01 -   Precision: 1.000
2025-09-14 13:05:01 -   Recall: 0.750
2025-09-14 13:05:01 -   F1 Score: 0.857
2025-09-14 13:05:01 -   AUC: 0.958
2025-09-14 13:05:01 -   Correct/Total: 9/11
2025-09-14 13:05:01 -   Confusion Matrix Stats:
2025-09-14 13:05:01 -     TP: 6, TN: 3
2025-09-14 13:05:01 -     FP: 0, FN: 2
2025-09-14 13:05:01 - Subject: sub_009
2025-09-14 13:05:01 -   Accuracy: 94.444%
2025-09-14 13:05:01 -   Precision: 0.923
2025-09-14 13:05:01 -   Recall: 1.000
2025-09-14 13:05:01 -   F1 Score: 0.960
2025-09-14 13:05:01 -   AUC: 0.847
2025-09-14 13:05:01 -   Correct/Total: 17/18
2025-09-14 13:05:01 -   Confusion Matrix Stats:
2025-09-14 13:05:01 -     TP: 12, TN: 5
2025-09-14 13:05:01 -     FP: 1, FN: 0
2025-09-14 13:05:01 - Subject: sub_010
2025-09-14 13:05:01 -   Accuracy: 70.000%
2025-09-14 13:05:01 -   Precision: 0.750
2025-09-14 13:05:01 -   Recall: 0.600
2025-09-14 13:05:01 -   F1 Score: 0.667
2025-09-14 13:05:01 -   AUC: 0.760
2025-09-14 13:05:01 -   Correct/Total: 7/10
2025-09-14 13:05:01 -   Confusion Matrix Stats:
2025-09-14 13:05:01 -     TP: 3, TN: 4
2025-09-14 13:05:01 -     FP: 1, FN: 2
2025-09-14 13:05:01 - Subject: sub_011
2025-09-14 13:05:01 -   Accuracy: 80.000%
2025-09-14 13:05:01 -   Precision: 1.000
2025-09-14 13:05:01 -   Recall: 0.667
2025-09-14 13:05:01 -   F1 Score: 0.800
2025-09-14 13:05:01 -   AUC: 0.907
2025-09-14 13:05:01 -   Correct/Total: 12/15
2025-09-14 13:05:01 -   Confusion Matrix Stats:
2025-09-14 13:05:01 -     TP: 6, TN: 6
2025-09-14 13:05:01 -     FP: 0, FN: 3
2025-09-14 13:05:01 - Subject: sub_012
2025-09-14 13:05:01 -   Accuracy: 90.909%
2025-09-14 13:05:01 -   Precision: 0.833
2025-09-14 13:05:01 -   Recall: 1.000
2025-09-14 13:05:01 -   F1 Score: 0.909
2025-09-14 13:05:01 -   AUC: 1.000
2025-09-14 13:05:01 -   Correct/Total: 10/11
2025-09-14 13:05:01 -   Confusion Matrix Stats:
2025-09-14 13:05:01 -     TP: 5, TN: 5
2025-09-14 13:05:01 -     FP: 1, FN: 0
2025-09-14 13:05:01 - Subject: sub_013
2025-09-14 13:05:01 -   Accuracy: 71.429%
2025-09-14 13:05:01 -   Precision: 0.800
2025-09-14 13:05:01 -   Recall: 0.571
2025-09-14 13:05:01 -   F1 Score: 0.667
2025-09-14 13:05:01 -   AUC: 0.694
2025-09-14 13:05:01 -   Correct/Total: 10/14
2025-09-14 13:05:01 -   Confusion Matrix Stats:
2025-09-14 13:05:01 -     TP: 4, TN: 6
2025-09-14 13:05:01 -     FP: 1, FN: 3
2025-09-14 13:05:01 - Subject: sub_014
2025-09-14 13:05:01 -   Accuracy: 52.941%
2025-09-14 13:05:01 -   Precision: 0.615
2025-09-14 13:05:01 -   Recall: 0.727
2025-09-14 13:05:01 -   F1 Score: 0.667
2025-09-14 13:05:01 -   AUC: 0.606
2025-09-14 13:05:01 -   Correct/Total: 9/17
2025-09-14 13:05:01 -   Confusion Matrix Stats:
2025-09-14 13:05:01 -     TP: 8, TN: 1
2025-09-14 13:05:01 -     FP: 5, FN: 3
2025-09-14 13:05:01 - Subject: sub_015
2025-09-14 13:05:01 -   Accuracy: 36.364%
2025-09-14 13:05:01 -   Precision: 0.500
2025-09-14 13:05:01 -   Recall: 0.286
2025-09-14 13:05:01 -   F1 Score: 0.364
2025-09-14 13:05:01 -   AUC: 0.464
2025-09-14 13:05:01 -   Correct/Total: 4/11
2025-09-14 13:05:01 -   Confusion Matrix Stats:
2025-09-14 13:05:01 -     TP: 2, TN: 2
2025-09-14 13:05:01 -     FP: 2, FN: 5
2025-09-14 13:05:01 - Subject: sub_016
2025-09-14 13:05:01 -   Accuracy: 91.667%
2025-09-14 13:05:01 -   Precision: 1.000
2025-09-14 13:05:01 -   Recall: 0.750
2025-09-14 13:05:01 -   F1 Score: 0.857
2025-09-14 13:05:01 -   AUC: 0.969
2025-09-14 13:05:01 -   Correct/Total: 11/12
2025-09-14 13:05:01 -   Confusion Matrix Stats:
2025-09-14 13:05:01 -     TP: 3, TN: 8
2025-09-14 13:05:01 -     FP: 0, FN: 1
2025-09-14 13:05:01 - Subject: sub_017
2025-09-14 13:05:01 -   Accuracy: 91.667%
2025-09-14 13:05:01 -   Precision: 1.000
2025-09-14 13:05:01 -   Recall: 0.875
2025-09-14 13:05:01 -   F1 Score: 0.933
2025-09-14 13:05:01 -   AUC: 1.000
2025-09-14 13:05:01 -   Correct/Total: 11/12
2025-09-14 13:05:01 -   Confusion Matrix Stats:
2025-09-14 13:05:01 -     TP: 7, TN: 4
2025-09-14 13:05:01 -     FP: 0, FN: 1
2025-09-14 13:05:01 - Subject: sub_018
2025-09-14 13:05:01 -   Accuracy: 100.000%
2025-09-14 13:05:01 -   Precision: 1.000
2025-09-14 13:05:01 -   Recall: 1.000
2025-09-14 13:05:01 -   F1 Score: 1.000
2025-09-14 13:05:01 -   AUC: 1.000
2025-09-14 13:05:01 -   Correct/Total: 2/2
2025-09-14 13:05:01 -   Confusion Matrix Stats:
2025-09-14 13:05:01 -     TP: 1, TN: 1
2025-09-14 13:05:01 -     FP: 0, FN: 0
2025-09-14 13:05:01 - Subject: sub_019
2025-09-14 13:05:01 -   Accuracy: 94.737%
2025-09-14 13:05:01 -   Precision: 0.800
2025-09-14 13:05:01 -   Recall: 1.000
2025-09-14 13:05:01 -   F1 Score: 0.889
2025-09-14 13:05:01 -   AUC: 1.000
2025-09-14 13:05:01 -   Correct/Total: 18/19
2025-09-14 13:05:01 -   Confusion Matrix Stats:
2025-09-14 13:05:01 -     TP: 4, TN: 14
2025-09-14 13:05:01 -     FP: 1, FN: 0
2025-09-14 13:05:01 - Subject: sub_020
2025-09-14 13:05:01 -   Accuracy: 100.000%
2025-09-14 13:05:01 -   Precision: 1.000
2025-09-14 13:05:01 -   Recall: 1.000
2025-09-14 13:05:01 -   F1 Score: 1.000
2025-09-14 13:05:01 -   AUC: 1.000
2025-09-14 13:05:01 -   Correct/Total: 17/17
2025-09-14 13:05:01 -   Confusion Matrix Stats:
2025-09-14 13:05:01 -     TP: 7, TN: 10
2025-09-14 13:05:01 -     FP: 0, FN: 0
2025-09-14 13:05:01 - Subject: sub_021
2025-09-14 13:05:01 -   Accuracy: 77.778%
2025-09-14 13:05:01 -   Precision: 0.833
2025-09-14 13:05:01 -   Recall: 0.625
2025-09-14 13:05:01 -   F1 Score: 0.714
2025-09-14 13:05:01 -   AUC: 0.863
2025-09-14 13:05:01 -   Correct/Total: 14/18
2025-09-14 13:05:01 -   Confusion Matrix Stats:
2025-09-14 13:05:01 -     TP: 5, TN: 9
2025-09-14 13:05:01 -     FP: 1, FN: 3
2025-09-14 13:05:01 - Subject: sub_022
2025-09-14 13:05:01 -   Accuracy: 78.571%
2025-09-14 13:05:01 -   Precision: 0.714
2025-09-14 13:05:01 -   Recall: 0.833
2025-09-14 13:05:01 -   F1 Score: 0.769
2025-09-14 13:05:01 -   AUC: 0.917
2025-09-14 13:05:01 -   Correct/Total: 11/14
2025-09-14 13:05:01 -   Confusion Matrix Stats:
2025-09-14 13:05:01 -     TP: 5, TN: 6
2025-09-14 13:05:01 -     FP: 2, FN: 1
2025-09-14 13:05:01 - Subject: sub_023
2025-09-14 13:05:01 -   Accuracy: 85.714%
2025-09-14 13:05:01 -   Precision: 0.778
2025-09-14 13:05:01 -   Recall: 1.000
2025-09-14 13:05:01 -   F1 Score: 0.875
2025-09-14 13:05:01 -   AUC: 0.918
2025-09-14 13:05:01 -   Correct/Total: 12/14
2025-09-14 13:05:01 -   Confusion Matrix Stats:
2025-09-14 13:05:01 -     TP: 7, TN: 5
2025-09-14 13:05:01 -     FP: 2, FN: 0
2025-09-14 13:05:01 - Subject: sub_024
2025-09-14 13:05:01 -   Accuracy: 80.952%
2025-09-14 13:05:01 -   Precision: 0.727
2025-09-14 13:05:01 -   Recall: 0.889
2025-09-14 13:05:01 -   F1 Score: 0.800
2025-09-14 13:05:01 -   AUC: 0.963
2025-09-14 13:05:01 -   Correct/Total: 17/21
2025-09-14 13:05:01 -   Confusion Matrix Stats:
2025-09-14 13:05:01 -     TP: 8, TN: 9
2025-09-14 13:05:01 -     FP: 3, FN: 1
2025-09-14 13:05:01 - Subject: sub_025
2025-09-14 13:05:01 -   Accuracy: 66.667%
2025-09-14 13:05:01 -   Precision: 0.600
2025-09-14 13:05:01 -   Recall: 0.429
2025-09-14 13:05:01 -   F1 Score: 0.500
2025-09-14 13:05:01 -   AUC: 0.740
2025-09-14 13:05:01 -   Correct/Total: 12/18
2025-09-14 13:05:01 -   Confusion Matrix Stats:
2025-09-14 13:05:01 -     TP: 3, TN: 9
2025-09-14 13:05:01 -     FP: 2, FN: 4
2025-09-14 13:05:01 - Subject: sub_026
2025-09-14 13:05:01 -   Accuracy: 80.000%
2025-09-14 13:05:01 -   Precision: 1.000
2025-09-14 13:05:01 -   Recall: 0.667
2025-09-14 13:05:01 -   F1 Score: 0.800
2025-09-14 13:05:01 -   AUC: 1.000
2025-09-14 13:05:01 -   Correct/Total: 12/15
2025-09-14 13:05:01 -   Confusion Matrix Stats:
2025-09-14 13:05:01 -     TP: 6, TN: 6
2025-09-14 13:05:01 -     FP: 0, FN: 3
2025-09-14 13:05:01 - Subject: sub_027
2025-09-14 13:05:01 -   Accuracy: 73.684%
2025-09-14 13:05:01 -   Precision: 0.875
2025-09-14 13:05:01 -   Recall: 0.636
2025-09-14 13:05:01 -   F1 Score: 0.737
2025-09-14 13:05:01 -   AUC: 0.920
2025-09-14 13:05:01 -   Correct/Total: 14/19
2025-09-14 13:05:01 -   Confusion Matrix Stats:
2025-09-14 13:05:01 -     TP: 7, TN: 7
2025-09-14 13:05:01 -     FP: 1, FN: 4
2025-09-14 13:05:01 - Subject: sub_028
2025-09-14 13:05:01 -   Accuracy: 95.000%
2025-09-14 13:05:01 -   Precision: 1.000
2025-09-14 13:05:01 -   Recall: 0.900
2025-09-14 13:05:01 -   F1 Score: 0.947
2025-09-14 13:05:01 -   AUC: 0.990
2025-09-14 13:05:01 -   Correct/Total: 19/20
2025-09-14 13:05:01 -   Confusion Matrix Stats:
2025-09-14 13:05:01 -     TP: 9, TN: 10
2025-09-14 13:05:01 -     FP: 0, FN: 1
2025-09-14 13:05:01 - Subject: sub_029
2025-09-14 13:05:01 -   Accuracy: 75.000%
2025-09-14 13:05:01 -   Precision: 1.000
2025-09-14 13:05:01 -   Recall: 0.444
2025-09-14 13:05:01 -   F1 Score: 0.615
2025-09-14 13:05:01 -   AUC: 0.919
2025-09-14 13:05:01 -   Correct/Total: 15/20
2025-09-14 13:05:01 -   Confusion Matrix Stats:
2025-09-14 13:05:01 -     TP: 4, TN: 11
2025-09-14 13:05:01 -     FP: 0, FN: 5
2025-09-14 13:05:01 - Subject: sub_030
2025-09-14 13:05:01 -   Accuracy: 71.429%
2025-09-14 13:05:01 -   Precision: 0.625
2025-09-14 13:05:01 -   Recall: 0.833
2025-09-14 13:05:01 -   F1 Score: 0.714
2025-09-14 13:05:01 -   AUC: 0.833
2025-09-14 13:05:01 -   Correct/Total: 10/14
2025-09-14 13:05:01 -   Confusion Matrix Stats:
2025-09-14 13:05:01 -     TP: 5, TN: 5
2025-09-14 13:05:01 -     FP: 3, FN: 1
2025-09-14 13:05:01 - Subject: sub_031
2025-09-14 13:05:01 -   Accuracy: 94.444%
2025-09-14 13:05:01 -   Precision: 1.000
2025-09-14 13:05:01 -   Recall: 0.857
2025-09-14 13:05:01 -   F1 Score: 0.923
2025-09-14 13:05:01 -   AUC: 0.896
2025-09-14 13:05:01 -   Correct/Total: 17/18
2025-09-14 13:05:01 -   Confusion Matrix Stats:
2025-09-14 13:05:01 -     TP: 6, TN: 11
2025-09-14 13:05:01 -     FP: 0, FN: 1
2025-09-14 13:05:01 - Subject: sub_032
2025-09-14 13:05:01 -   Accuracy: 100.000%
2025-09-14 13:05:01 -   Precision: 1.000
2025-09-14 13:05:01 -   Recall: 1.000
2025-09-14 13:05:01 -   F1 Score: 1.000
2025-09-14 13:05:01 -   AUC: 1.000
2025-09-14 13:05:01 -   Correct/Total: 15/15
2025-09-14 13:05:01 -   Confusion Matrix Stats:
2025-09-14 13:05:01 -     TP: 4, TN: 11
2025-09-14 13:05:01 -     FP: 0, FN: 0
2025-09-14 13:05:01 - Subject: sub_033
2025-09-14 13:05:01 -   Accuracy: 80.000%
2025-09-14 13:05:01 -   Precision: 0.750
2025-09-14 13:05:01 -   Recall: 0.857
2025-09-14 13:05:01 -   F1 Score: 0.800
2025-09-14 13:05:01 -   AUC: 0.911
2025-09-14 13:05:01 -   Correct/Total: 12/15
2025-09-14 13:05:01 -   Confusion Matrix Stats:
2025-09-14 13:05:01 -     TP: 6, TN: 6
2025-09-14 13:05:01 -     FP: 2, FN: 1
2025-09-14 13:05:01 - Subject: sub_034
2025-09-14 13:05:01 -   Accuracy: 78.571%
2025-09-14 13:05:01 -   Precision: 1.000
2025-09-14 13:05:01 -   Recall: 0.667
2025-09-14 13:05:01 -   F1 Score: 0.800
2025-09-14 13:05:01 -   AUC: 0.978
2025-09-14 13:05:01 -   Correct/Total: 11/14
2025-09-14 13:05:01 -   Confusion Matrix Stats:
2025-09-14 13:05:01 -     TP: 6, TN: 5
2025-09-14 13:05:01 -     FP: 0, FN: 3
2025-09-14 13:05:01 - Subject: sub_035
2025-09-14 13:05:01 -   Accuracy: 50.000%
2025-09-14 13:05:01 -   Precision: 0.857
2025-09-14 13:05:01 -   Recall: 0.429
2025-09-14 13:05:01 -   F1 Score: 0.571
2025-09-14 13:05:01 -   AUC: 0.679
2025-09-14 13:05:01 -   Correct/Total: 9/18
2025-09-14 13:05:01 -   Confusion Matrix Stats:
2025-09-14 13:05:01 -     TP: 6, TN: 3
2025-09-14 13:05:01 -     FP: 1, FN: 8
2025-09-14 13:05:01 - Subject: sub_036
2025-09-14 13:05:01 -   Accuracy: 69.231%
2025-09-14 13:05:01 -   Precision: 0.778
2025-09-14 13:05:01 -   Recall: 0.778
2025-09-14 13:05:01 -   F1 Score: 0.778
2025-09-14 13:05:01 -   AUC: 0.667
2025-09-14 13:05:01 -   Correct/Total: 9/13
2025-09-14 13:05:01 -   Confusion Matrix Stats:
2025-09-14 13:05:01 -     TP: 7, TN: 2
2025-09-14 13:05:01 -     FP: 2, FN: 2
2025-09-14 13:05:01 - Subject: sub_037
2025-09-14 13:05:01 -   Accuracy: 69.565%
2025-09-14 13:05:01 -   Precision: 0.750
2025-09-14 13:05:01 -   Recall: 0.545
2025-09-14 13:05:01 -   F1 Score: 0.632
2025-09-14 13:05:01 -   AUC: 0.826
2025-09-14 13:05:01 -   Correct/Total: 16/23
2025-09-14 13:05:01 -   Confusion Matrix Stats:
2025-09-14 13:05:01 -     TP: 6, TN: 10
2025-09-14 13:05:01 -     FP: 2, FN: 5
2025-09-14 13:05:01 - Subject: sub_038
2025-09-14 13:05:01 -   Accuracy: 65.625%
2025-09-14 13:05:01 -   Precision: 0.769
2025-09-14 13:05:01 -   Recall: 0.556
2025-09-14 13:05:01 -   F1 Score: 0.645
2025-09-14 13:05:01 -   AUC: 0.762
2025-09-14 13:05:01 -   Correct/Total: 21/32
2025-09-14 13:05:01 -   Confusion Matrix Stats:
2025-09-14 13:05:01 -     TP: 10, TN: 11
2025-09-14 13:05:01 -     FP: 3, FN: 8
2025-09-14 13:05:01 - Subject: sub_039
2025-09-14 13:05:01 -   Accuracy: 77.778%
2025-09-14 13:05:01 -   Precision: 0.750
2025-09-14 13:05:01 -   Recall: 0.750
2025-09-14 13:05:01 -   F1 Score: 0.750
2025-09-14 13:05:01 -   AUC: 0.800
2025-09-14 13:05:01 -   Correct/Total: 7/9
2025-09-14 13:05:01 -   Confusion Matrix Stats:
2025-09-14 13:05:01 -     TP: 3, TN: 4
2025-09-14 13:05:01 -     FP: 1, FN: 1
2025-09-14 13:05:01 - Subject: sub_040
2025-09-14 13:05:01 -   Accuracy: 86.364%
2025-09-14 13:05:01 -   Precision: 0.818
2025-09-14 13:05:01 -   Recall: 0.900
2025-09-14 13:05:01 -   F1 Score: 0.857
2025-09-14 13:05:01 -   AUC: 0.942
2025-09-14 13:05:01 -   Correct/Total: 19/22
2025-09-14 13:05:01 -   Confusion Matrix Stats:
2025-09-14 13:05:01 -     TP: 9, TN: 10
2025-09-14 13:05:01 -     FP: 2, FN: 1
2025-09-14 13:05:01 - 
AVO Pooled Model Statistics:
2025-09-14 13:05:01 - Mean Accuracy: 0.781
2025-09-14 13:05:01 - 95% Confidence Interval: [0.734, 0.828]
2025-09-14 13:05:01 - Best Subject: sub_018 (1.000)
2025-09-14 13:05:01 - Worst Subject: sub_015 (0.364)
2025-09-14 13:05:01 - Mean Precision: 0.816
2025-09-14 13:05:01 - Mean Recall: 0.716
2025-09-14 13:05:01 - Mean F1-Score: 0.763
2025-09-14 13:05:01 - Mean AUC: 0.866
2025-09-14 13:05:01 - Mean Confusion Matrix:
2025-09-14 13:05:01 -   TP: 5, TN: 6
2025-09-14 13:05:01 -   FP: 1, FN: 2
