2025-09-21 18:21:03 - 
Experiment Configuration:
2025-09-21 18:21:03 - --------------------------------------------------
2025-09-21 18:21:03 - dataset: use_combined_datasets
2025-09-21 18:21:03 - use_combined_datasets: True
2025-09-21 18:21:03 - electrode_list: common
2025-09-21 18:21:03 - classifier: EEGConformer
2025-09-21 18:21:03 - separate_subject_classification: False
2025-09-21 18:21:03 - use_subject_layer: False
2025-09-21 18:21:03 - seeds: [42]
2025-09-21 18:21:03 - use_nested_cv: True
2025-09-21 18:21:03 - electrode_fusion_method: none
2025-09-21 18:21:03 - domain_adaptation_method: none
2025-09-21 18:21:03 - enable_comprehensive_evaluation: True
2025-09-21 18:21:03 - enable_domain_analysis: True
2025-09-21 18:21:03 - enable_small_sample_analysis: False
2025-09-21 18:21:03 - small_sample_sizes: [5, 10, 15, 20]
2025-09-21 18:21:03 - small_sample_subjects: [5, 10, 15]
2025-09-21 18:21:03 - --------------------------------------------------
2025-09-21 18:21:03 - 
==================================================
2025-09-21 18:21:03 - Processing Combined P3 and AVO Datasets
2025-09-21 18:21:03 - ==================================================
2025-09-21 18:21:03 - 使用传统方法（无融合）
2025-09-21 18:21:03 - Using Cross-Validation (simplified approach)
2025-09-21 18:21:03 - Configuration: 5-fold CV, 1 repeats
2025-09-21 18:21:03 - ============================================================
2025-09-21 18:21:03 - CROSS-VALIDATION CONFIGURATION
2025-09-21 18:21:03 - ============================================================
2025-09-21 18:21:03 - Datasets: ['P3', 'AVO']
2025-09-21 18:21:03 - CV folds: 5
2025-09-21 18:21:03 - Repeats: 1
2025-09-21 18:21:03 - Confidence level: 0.95
2025-09-21 18:21:03 - ============================================================
2025-09-21 18:21:03 - STRATIFIED SAMPLING CONFIGURATION
2025-09-21 18:21:03 - ============================================================
2025-09-21 18:21:03 - Nested CV Mode: Trial counts per subject by dataset
2025-09-21 18:21:03 -   P3 dataset: 200 trials per subject
2025-09-21 18:21:03 -   AVO dataset: 20 trials per subject
2025-09-21 18:21:03 - Sampling strategy: Multi-level stratified sampling
2025-09-21 18:21:03 -   - Subject-level: Stratified trial selection per subject
2025-09-21 18:21:03 -   - Dataset-level: Stratified sampling when dataset trial counts differ
2025-09-21 18:21:03 -   - Fold-level: StratifiedKFold for 5-fold CV
2025-09-21 18:21:03 -   - Train/Val split: Stratified train_test_split within each fold
2025-09-21 18:21:03 - ============================================================
2025-09-21 18:21:11 - Subject AVO_001: Sampled 20/70 trials
2025-09-21 18:21:11 -   Original distribution: {0: 0.5, 1: 0.5}
2025-09-21 18:21:11 -   Sampled distribution: {0: 0.5, 1: 0.5}
2025-09-21 18:21:11 - Subject AVO_002: Sampled 20/70 trials
2025-09-21 18:21:11 -   Original distribution: {0: 0.5, 1: 0.5}
2025-09-21 18:21:11 -   Sampled distribution: {0: 0.5, 1: 0.5}
2025-09-21 18:21:12 - Subject AVO_003: Sampled 20/88 trials
2025-09-21 18:21:12 -   Original distribution: {0: 0.5, 1: 0.5}
2025-09-21 18:21:12 -   Sampled distribution: {0: 0.5, 1: 0.5}
2025-09-21 18:21:12 - Subject AVO_004: Sampled 20/84 trials
2025-09-21 18:21:12 -   Original distribution: {0: 0.5, 1: 0.5}
2025-09-21 18:21:12 -   Sampled distribution: {0: 0.5, 1: 0.5}
2025-09-21 18:21:12 - Subject AVO_005: Sampled 20/70 trials
2025-09-21 18:21:12 -   Original distribution: {0: 0.5, 1: 0.5}
2025-09-21 18:21:12 -   Sampled distribution: {0: 0.5, 1: 0.5}
2025-09-21 18:21:12 - Subject AVO_006: Sampled 20/74 trials
2025-09-21 18:21:12 -   Original distribution: {0: 0.5, 1: 0.5}
2025-09-21 18:21:12 -   Sampled distribution: {0: 0.5, 1: 0.5}
2025-09-21 18:21:12 - Subject AVO_007: Sampled 20/78 trials
2025-09-21 18:21:12 -   Original distribution: {0: 0.5, 1: 0.5}
2025-09-21 18:21:12 -   Sampled distribution: {0: 0.5, 1: 0.5}
2025-09-21 18:21:12 - Subject AVO_008: Sampled 20/72 trials
2025-09-21 18:21:12 -   Original distribution: {0: 0.5, 1: 0.5}
2025-09-21 18:21:12 -   Sampled distribution: {0: 0.5, 1: 0.5}
2025-09-21 18:21:13 - Subject AVO_009: Sampled 20/76 trials
2025-09-21 18:21:13 -   Original distribution: {0: 0.5, 1: 0.5}
2025-09-21 18:21:13 -   Sampled distribution: {0: 0.5, 1: 0.5}
2025-09-21 18:21:13 - Subject AVO_010: Sampled 20/70 trials
2025-09-21 18:21:13 -   Original distribution: {0: 0.5, 1: 0.5}
2025-09-21 18:21:13 -   Sampled distribution: {0: 0.5, 1: 0.5}
2025-09-21 18:21:13 - Subject AVO_011: Sampled 20/60 trials
2025-09-21 18:21:13 -   Original distribution: {0: 0.5, 1: 0.5}
2025-09-21 18:21:13 -   Sampled distribution: {0: 0.5, 1: 0.5}
2025-09-21 18:21:13 - Subject AVO_012: Sampled 20/72 trials
2025-09-21 18:21:13 -   Original distribution: {0: 0.5, 1: 0.5}
2025-09-21 18:21:13 -   Sampled distribution: {0: 0.5, 1: 0.5}
2025-09-21 18:21:13 - Subject AVO_013: Sampled 20/72 trials
2025-09-21 18:21:13 -   Original distribution: {0: 0.5, 1: 0.5}
2025-09-21 18:21:13 -   Sampled distribution: {0: 0.5, 1: 0.5}
2025-09-21 18:21:14 - Subject AVO_014: Sampled 20/72 trials
2025-09-21 18:21:14 -   Original distribution: {0: 0.5, 1: 0.5}
2025-09-21 18:21:14 -   Sampled distribution: {0: 0.5, 1: 0.5}
2025-09-21 18:21:14 - Subject AVO_015: Sampled 20/56 trials
2025-09-21 18:21:14 -   Original distribution: {0: 0.5, 1: 0.5}
2025-09-21 18:21:14 -   Sampled distribution: {0: 0.5, 1: 0.5}
2025-09-21 18:21:14 - Subject AVO_016: Sampled 20/70 trials
2025-09-21 18:21:14 -   Original distribution: {0: 0.5, 1: 0.5}
2025-09-21 18:21:14 -   Sampled distribution: {0: 0.5, 1: 0.5}
2025-09-21 18:21:14 - Subject AVO_017: Sampled 20/74 trials
2025-09-21 18:21:14 -   Original distribution: {0: 0.5, 1: 0.5}
2025-09-21 18:21:14 -   Sampled distribution: {0: 0.5, 1: 0.5}
2025-09-21 18:21:14 - Subject AVO_018: Sampled 20/22 trials
2025-09-21 18:21:14 -   Original distribution: {0: 0.5, 1: 0.5}
2025-09-21 18:21:14 -   Sampled distribution: {0: 0.5, 1: 0.5}
2025-09-21 18:21:15 - Subject AVO_019: Sampled 20/76 trials
2025-09-21 18:21:15 -   Original distribution: {0: 0.5, 1: 0.5}
2025-09-21 18:21:15 -   Sampled distribution: {0: 0.5, 1: 0.5}
2025-09-21 18:21:15 - Subject AVO_020: Sampled 20/76 trials
2025-09-21 18:21:15 -   Original distribution: {0: 0.5, 1: 0.5}
2025-09-21 18:21:15 -   Sampled distribution: {0: 0.5, 1: 0.5}
2025-09-21 18:21:15 - Subject AVO_021: Sampled 20/82 trials
2025-09-21 18:21:15 -   Original distribution: {0: 0.5, 1: 0.5}
2025-09-21 18:21:15 -   Sampled distribution: {0: 0.5, 1: 0.5}
2025-09-21 18:21:15 - Subject AVO_022: Sampled 20/72 trials
2025-09-21 18:21:15 -   Original distribution: {0: 0.5, 1: 0.5}
2025-09-21 18:21:15 -   Sampled distribution: {0: 0.5, 1: 0.5}
2025-09-21 18:21:15 - Subject AVO_023: Sampled 20/78 trials
2025-09-21 18:21:15 -   Original distribution: {0: 0.5, 1: 0.5}
2025-09-21 18:21:15 -   Sampled distribution: {0: 0.5, 1: 0.5}
2025-09-21 18:21:16 - Subject AVO_024: Sampled 20/92 trials
2025-09-21 18:21:16 -   Original distribution: {0: 0.5, 1: 0.5}
2025-09-21 18:21:16 -   Sampled distribution: {0: 0.5, 1: 0.5}
2025-09-21 18:21:16 - Subject AVO_025: Sampled 20/64 trials
2025-09-21 18:21:16 -   Original distribution: {0: 0.5, 1: 0.5}
2025-09-21 18:21:16 -   Sampled distribution: {0: 0.5, 1: 0.5}
2025-09-21 18:21:16 - Subject AVO_026: Sampled 20/80 trials
2025-09-21 18:21:16 -   Original distribution: {0: 0.5, 1: 0.5}
2025-09-21 18:21:16 -   Sampled distribution: {0: 0.5, 1: 0.5}
2025-09-21 18:21:16 - Subject AVO_027: Sampled 20/68 trials
2025-09-21 18:21:16 -   Original distribution: {0: 0.5, 1: 0.5}
2025-09-21 18:21:16 -   Sampled distribution: {0: 0.5, 1: 0.5}
2025-09-21 18:21:16 - Subject AVO_028: Sampled 20/84 trials
2025-09-21 18:21:16 -   Original distribution: {0: 0.5, 1: 0.5}
2025-09-21 18:21:16 -   Sampled distribution: {0: 0.5, 1: 0.5}
2025-09-21 18:21:17 - Subject AVO_029: Sampled 20/84 trials
2025-09-21 18:21:17 -   Original distribution: {0: 0.5, 1: 0.5}
2025-09-21 18:21:17 -   Sampled distribution: {0: 0.5, 1: 0.5}
2025-09-21 18:21:17 - Subject AVO_030: Sampled 20/72 trials
2025-09-21 18:21:17 -   Original distribution: {0: 0.5, 1: 0.5}
2025-09-21 18:21:17 -   Sampled distribution: {0: 0.5, 1: 0.5}
2025-09-21 18:21:17 - Subject AVO_031: Sampled 20/88 trials
2025-09-21 18:21:17 -   Original distribution: {0: 0.5, 1: 0.5}
2025-09-21 18:21:17 -   Sampled distribution: {0: 0.5, 1: 0.5}
2025-09-21 18:21:17 - Subject AVO_032: Sampled 20/96 trials
2025-09-21 18:21:17 -   Original distribution: {0: 0.5, 1: 0.5}
2025-09-21 18:21:17 -   Sampled distribution: {0: 0.5, 1: 0.5}
2025-09-21 18:21:17 - Subject AVO_033: Sampled 20/78 trials
2025-09-21 18:21:17 -   Original distribution: {0: 0.5, 1: 0.5}
2025-09-21 18:21:17 -   Sampled distribution: {0: 0.5, 1: 0.5}
2025-09-21 18:21:17 - Subject AVO_034: Sampled 20/72 trials
2025-09-21 18:21:17 -   Original distribution: {0: 0.5, 1: 0.5}
2025-09-21 18:21:17 -   Sampled distribution: {0: 0.5, 1: 0.5}
2025-09-21 18:21:18 - Subject AVO_035: Sampled 20/88 trials
2025-09-21 18:21:18 -   Original distribution: {0: 0.5, 1: 0.5}
2025-09-21 18:21:18 -   Sampled distribution: {0: 0.5, 1: 0.5}
2025-09-21 18:21:18 - Subject AVO_036: Sampled 20/84 trials
2025-09-21 18:21:18 -   Original distribution: {0: 0.5, 1: 0.5}
2025-09-21 18:21:18 -   Sampled distribution: {0: 0.5, 1: 0.5}
2025-09-21 18:21:18 - Subject AVO_037: Sampled 20/86 trials
2025-09-21 18:21:18 -   Original distribution: {0: 0.5, 1: 0.5}
2025-09-21 18:21:18 -   Sampled distribution: {0: 0.5, 1: 0.5}
2025-09-21 18:21:18 - Subject AVO_038: Sampled 20/100 trials
2025-09-21 18:21:18 -   Original distribution: {0: 0.5, 1: 0.5}
2025-09-21 18:21:18 -   Sampled distribution: {0: 0.5, 1: 0.5}
2025-09-21 18:21:18 - Subject AVO_039: Sampled 20/70 trials
2025-09-21 18:21:18 -   Original distribution: {0: 0.5, 1: 0.5}
2025-09-21 18:21:18 -   Sampled distribution: {0: 0.5, 1: 0.5}
2025-09-21 18:21:19 - Subject AVO_040: Sampled 20/84 trials
2025-09-21 18:21:19 -   Original distribution: {0: 0.5, 1: 0.5}
2025-09-21 18:21:19 -   Sampled distribution: {0: 0.5, 1: 0.5}
2025-09-21 18:21:19 - Nested CV dataset summary:
2025-09-21 18:21:19 -   Total subjects: 80
2025-09-21 18:21:19 -   Total trials: 3988
2025-09-21 18:21:19 -   Average trials per subject: 49.9
2025-09-21 18:21:19 -   P3 dataset: 40 subjects, 3188 trials (79.7 trials/subject)
2025-09-21 18:21:19 -   AVO dataset: 40 subjects, 800 trials (20.0 trials/subject)
2025-09-21 18:21:19 -   Class distribution: {0: 1994, 1: 1994}
2025-09-21 18:21:19 -   Class proportions: [0.5 0.5]
2025-09-21 18:21:19 -   NOTE: Datasets have different trial counts - StratifiedKFold will handle balanced sampling
2025-09-21 18:21:19 - Enhanced preprocessing increased channels from 5 to 25
2025-09-21 18:21:19 - Starting Cross-Validation for EEGConformer
2025-09-21 18:21:19 - Configuration: 5-fold CV, 1 repeats
2025-09-21 18:21:19 - Data split ratios: Train=0.7, Val=0.1, Test=0.2
2025-09-21 18:21:19 - Repeat 1/1
2025-09-21 18:21:19 -   Fold 1/5
2025-09-21 18:21:19 -     Fold split: Train=2791, Val=399
2025-09-21 18:32:04 -     Test accuracy: 0.6591
2025-09-21 18:32:04 -   Fold 2/5
2025-09-21 18:32:04 -     Fold split: Train=2791, Val=399
2025-09-21 18:36:41 -     Test accuracy: 0.6441
2025-09-21 18:36:41 -   Fold 3/5
2025-09-21 18:36:41 -     Fold split: Train=2791, Val=399
2025-09-21 18:41:27 -     Test accuracy: 0.6291
2025-09-21 18:41:27 -   Fold 4/5
2025-09-21 18:41:27 -     Fold split: Train=2792, Val=399
2025-09-21 18:47:32 -     Test accuracy: 0.5910
2025-09-21 18:47:32 -   Fold 5/5
2025-09-21 18:47:32 -     Fold split: Train=2792, Val=399
2025-09-21 18:54:16 -     Test accuracy: 0.6587
2025-09-21 18:54:16 -   Repeat 1 mean accuracy: 0.6364 ± 0.0253
2025-09-21 18:54:16 - Cross-Validation completed for EEGConformer
2025-09-21 18:54:16 - Final accuracy: 0.6364 ± 0.0283
2025-09-21 18:54:16 - 95% CI: [0.6013, 0.6715]
2025-09-21 18:54:16 - 
============================================================
2025-09-21 18:54:16 - CROSS-VALIDATION RESULTS
2025-09-21 18:54:16 - ============================================================
2025-09-21 18:54:16 - Model: EEGConformer
2025-09-21 18:54:16 - Overall accuracy: 0.6364 ± 0.0283
2025-09-21 18:54:16 - 95% Confidence Interval: [0.6013, 0.6715]
2025-09-21 18:54:16 - Statistical significance: 5 evaluations
2025-09-21 18:54:16 - Precision: 0.6371 [0.5716, 0.7025]
2025-09-21 18:54:16 - Recall: 0.6725 [0.5477, 0.7972]
2025-09-21 18:54:16 - F1_Score: 0.6473 [0.6216, 0.6731]
2025-09-21 18:54:16 - Auc: 0.7015 [0.6788, 0.7241]
2025-09-21 18:54:16 - ============================================================
2025-09-21 18:54:16 - Individual subject results skipped - using Nested Cross-Validation results
2025-09-21 18:54:16 - Dataset-specific results from Nested Cross-Validation:
2025-09-21 18:54:16 - P3 Dataset - Nested CV Results:
2025-09-21 18:54:16 -   Mean Accuracy: 0.6376 ± 0.0357
2025-09-21 18:54:16 -   95% CI: [0.5932, 0.6819]
2025-09-21 18:54:16 -   AUC: 0.7062 ± 0.0259
2025-09-21 18:54:16 - AVO Dataset - Nested CV Results:
2025-09-21 18:54:16 -   Mean Accuracy: 0.6315 ± 0.0155
2025-09-21 18:54:16 -   95% CI: [0.6123, 0.6507]
2025-09-21 18:54:16 -   AUC: 0.6798 ± 0.0309
