2025-09-20 00:20:14 - 
Experiment Configuration:
2025-09-20 00:20:14 - --------------------------------------------------
2025-09-20 00:20:14 - dataset: use_combined_datasets
2025-09-20 00:20:14 - use_combined_datasets: True
2025-09-20 00:20:14 - electrode_list: all
2025-09-20 00:20:14 - classifier: SepConv1D
2025-09-20 00:20:14 - separate_subject_classification: False
2025-09-20 00:20:14 - use_subject_layer: False
2025-09-20 00:20:14 - seeds: [42]
2025-09-20 00:20:14 - electrode_fusion_method: graph_enhanced
2025-09-20 00:20:14 - domain_adaptation_method: none
2025-09-20 00:20:14 - enable_comprehensive_evaluation: True
2025-09-20 00:20:14 - enable_domain_analysis: True
2025-09-20 00:20:14 - enable_small_sample_analysis: False
2025-09-20 00:20:14 - small_sample_sizes: [5, 10, 15, 20]
2025-09-20 00:20:14 - small_sample_subjects: [5, 10, 15]
2025-09-20 00:20:14 - --------------------------------------------------
2025-09-20 00:20:14 - 
==================================================
2025-09-20 00:20:14 - Processing Combined P3 and AVO Datasets
2025-09-20 00:20:14 - ==================================================
2025-09-20 00:20:14 - 启用融合方法: graph_enhanced, 域适应: none
2025-09-20 00:20:14 - 融合模式：使用各数据集的原生电极配置
2025-09-20 00:20:14 - Processing datasets: ['P3', 'AVO']
2025-09-20 00:20:14 - Processing dataset: P3
2025-09-20 00:20:21 - Dataset P3 processed: 1840 training samples
2025-09-20 00:20:21 - Processing dataset: AVO
2025-09-20 00:20:27 - Dataset AVO processed: 720 training samples
2025-09-20 00:20:27 - Created data loaders for P3
2025-09-20 00:20:27 - Created data loaders for AVO
2025-09-20 00:20:27 - Training fusion model: graph_enhanced with domain adaptation: none
2025-09-20 00:20:48 - Fusion experiment completed successfully
2025-09-20 00:20:48 - Final accuracy: 0.63203125
