2025-09-19 20:10:31 - 
Experiment Configuration:
2025-09-19 20:10:31 - --------------------------------------------------
2025-09-19 20:10:31 - dataset: use_combined_datasets
2025-09-19 20:10:31 - use_combined_datasets: True
2025-09-19 20:10:31 - electrode_list: all
2025-09-19 20:10:31 - classifier: EEGConformer
2025-09-19 20:10:31 - separate_subject_classification: False
2025-09-19 20:10:31 - use_subject_layer: False
2025-09-19 20:10:31 - seeds: [42]
2025-09-19 20:10:31 - electrode_fusion_method: spatial_attention
2025-09-19 20:10:31 - domain_adaptation_method: adversarial
2025-09-19 20:10:31 - enable_comprehensive_evaluation: True
2025-09-19 20:10:31 - enable_domain_analysis: True
2025-09-19 20:10:31 - enable_small_sample_analysis: False
2025-09-19 20:10:31 - small_sample_sizes: [5, 10, 15, 20]
2025-09-19 20:10:31 - small_sample_subjects: [5, 10, 15]
2025-09-19 20:10:31 - --------------------------------------------------
2025-09-19 20:10:31 - 
==================================================
2025-09-19 20:10:31 - Processing Combined P3 and AVO Datasets
2025-09-19 20:10:31 - ==================================================
2025-09-19 20:10:31 - 启用融合方法: spatial_attention, 域适应: adversarial
2025-09-19 20:10:31 - 融合模式：使用各数据集的原生电极配置
2025-09-19 20:10:31 - Processing datasets: ['P3', 'AVO']
2025-09-19 20:10:31 - Processing dataset: P3
2025-09-19 20:10:38 - Dataset P3 processed: 1120 training samples
2025-09-19 20:10:38 - Processing dataset: AVO
2025-09-19 20:10:44 - Dataset AVO processed: 1080 training samples
2025-09-19 20:10:44 - Created data loaders for P3
2025-09-19 20:10:44 - Created data loaders for AVO
2025-09-19 20:10:44 - Training fusion model: spatial_attention with domain adaptation: adversarial
2025-09-19 20:10:54 - Fusion experiment completed successfully
2025-09-19 20:10:54 - Final accuracy: 0.5895833333333333
