2025-09-21 12:27:22 - 
Experiment Configuration:
2025-09-21 12:27:22 - --------------------------------------------------
2025-09-21 12:27:22 - dataset: use_combined_datasets
2025-09-21 12:27:22 - use_combined_datasets: True
2025-09-21 12:27:22 - electrode_list: common
2025-09-21 12:27:22 - classifier: lda
2025-09-21 12:27:22 - separate_subject_classification: False
2025-09-21 12:27:22 - use_subject_layer: False
2025-09-21 12:27:22 - seeds: [42]
2025-09-21 12:27:22 - use_nested_cv: True
2025-09-21 12:27:22 - electrode_fusion_method: none
2025-09-21 12:27:22 - domain_adaptation_method: none
2025-09-21 12:27:22 - enable_comprehensive_evaluation: True
2025-09-21 12:27:22 - enable_domain_analysis: True
2025-09-21 12:27:22 - enable_small_sample_analysis: False
2025-09-21 12:27:22 - small_sample_sizes: [5, 10, 15, 20]
2025-09-21 12:27:22 - small_sample_subjects: [5, 10, 15]
2025-09-21 12:27:22 - --------------------------------------------------
2025-09-21 12:27:22 - 
==================================================
2025-09-21 12:27:22 - Processing Combined P3 and AVO Datasets
2025-09-21 12:27:22 - ==================================================
2025-09-21 12:27:22 - 使用传统方法（无融合）
2025-09-21 12:27:22 - Using Cross-Validation (simplified approach)
2025-09-21 12:27:22 - Configuration: 3-fold CV, 1 repeats
2025-09-21 12:27:22 - ============================================================
2025-09-21 12:27:22 - CROSS-VALIDATION CONFIGURATION
2025-09-21 12:27:22 - ============================================================
2025-09-21 12:27:22 - Datasets: ['P3', 'AVO']
2025-09-21 12:27:22 - CV folds: 3
2025-09-21 12:27:22 - Repeats: 1
2025-09-21 12:27:22 - Confidence level: 0.95
2025-09-21 12:27:22 - ============================================================
2025-09-21 12:27:24 - Nested CV dataset summary:
2025-09-21 12:27:24 -   Total subjects: 4
2025-09-21 12:27:24 -   Total trials: 300
2025-09-21 12:27:24 -   Average trials per subject: 75.0
2025-09-21 12:27:24 - Enhanced preprocessing increased channels from 5 to 25
2025-09-21 12:27:24 - Starting Cross-Validation for lda
2025-09-21 12:27:24 - Configuration: 3-fold CV, 1 repeats
2025-09-21 12:27:24 - Data split ratios: Train=0.7, Val=0.1, Test=0.2
2025-09-21 12:27:24 - Repeat 1/1
2025-09-21 12:27:24 -   Fold 1/3
2025-09-21 12:27:25 -     Test accuracy: 0.5900
2025-09-21 12:27:25 -   Fold 2/3
2025-09-21 12:27:25 -     Test accuracy: 0.5900
2025-09-21 12:27:25 -   Fold 3/3
2025-09-21 12:27:25 -     Test accuracy: 0.5100
2025-09-21 12:27:25 -   Repeat 1 mean accuracy: 0.5633 ± 0.0377
2025-09-21 12:27:25 - Cross-Validation completed for lda
2025-09-21 12:27:25 - Final accuracy: 0.5633 ± 0.0462
2025-09-21 12:27:25 - 95% CI: [0.4486, 0.6781]
2025-09-21 12:27:25 - 
============================================================
2025-09-21 12:27:25 - CROSS-VALIDATION RESULTS
2025-09-21 12:27:25 - ============================================================
2025-09-21 12:27:25 - Model: lda
2025-09-21 12:27:25 - Overall accuracy: 0.5633 ± 0.0462
2025-09-21 12:27:25 - 95% Confidence Interval: [0.4486, 0.6781]
2025-09-21 12:27:25 - Statistical significance: 3 evaluations
2025-09-21 12:27:25 - Precision: 0.5621 [0.4461, 0.6782]
2025-09-21 12:27:25 - Recall: 0.5933 [0.4899, 0.6968]
2025-09-21 12:27:25 - F1_Score: 0.5763 [0.4925, 0.6601]
2025-09-21 12:27:25 - Auc: 0.6044 [0.4457, 0.7631]
2025-09-21 12:27:25 - ============================================================
2025-09-21 12:27:25 - Individual subject results skipped - using Nested Cross-Validation results
2025-09-21 12:27:25 - Dataset-specific analysis not available - check if combined datasets are being used
