2025-09-21 12:31:08 - 
Experiment Configuration:
2025-09-21 12:31:08 - --------------------------------------------------
2025-09-21 12:31:08 - dataset: use_combined_datasets
2025-09-21 12:31:08 - use_combined_datasets: True
2025-09-21 12:31:08 - electrode_list: common
2025-09-21 12:31:08 - classifier: SepConv1D
2025-09-21 12:31:08 - separate_subject_classification: False
2025-09-21 12:31:08 - use_subject_layer: False
2025-09-21 12:31:08 - seeds: [42]
2025-09-21 12:31:08 - use_nested_cv: True
2025-09-21 12:31:08 - electrode_fusion_method: none
2025-09-21 12:31:08 - domain_adaptation_method: none
2025-09-21 12:31:08 - enable_comprehensive_evaluation: True
2025-09-21 12:31:08 - enable_domain_analysis: True
2025-09-21 12:31:08 - enable_small_sample_analysis: False
2025-09-21 12:31:08 - small_sample_sizes: [5, 10, 15, 20]
2025-09-21 12:31:08 - small_sample_subjects: [5, 10, 15]
2025-09-21 12:31:08 - --------------------------------------------------
2025-09-21 12:31:08 - 
==================================================
2025-09-21 12:31:08 - Processing Combined P3 and AVO Datasets
2025-09-21 12:31:08 - ==================================================
2025-09-21 12:31:08 - 使用传统方法（无融合）
2025-09-21 12:31:08 - Using Cross-Validation (simplified approach)
2025-09-21 12:31:08 - Configuration: 5-fold CV, 1 repeats
2025-09-21 12:31:08 - ============================================================
2025-09-21 12:31:08 - CROSS-VALIDATION CONFIGURATION
2025-09-21 12:31:08 - ============================================================
2025-09-21 12:31:08 - Datasets: ['P3', 'AVO']
2025-09-21 12:31:08 - CV folds: 5
2025-09-21 12:31:08 - Repeats: 1
2025-09-21 12:31:08 - Confidence level: 0.95
2025-09-21 12:31:08 - ============================================================
2025-09-21 12:31:20 - Nested CV dataset summary:
2025-09-21 12:31:20 -   Total subjects: 80
2025-09-21 12:31:20 -   Total trials: 6212
2025-09-21 12:31:20 -   Average trials per subject: 77.7
2025-09-21 12:31:20 - Enhanced preprocessing increased channels from 5 to 25
2025-09-21 12:31:20 - Starting Cross-Validation for SepConv1D
2025-09-21 12:31:20 - Configuration: 5-fold CV, 1 repeats
2025-09-21 12:31:20 - Data split ratios: Train=0.7, Val=0.1, Test=0.2
2025-09-21 12:31:20 - Repeat 1/1
2025-09-21 12:31:20 -   Fold 1/5
2025-09-21 12:31:20 -     Fold split: Train=4347, Val=622
2025-09-21 12:32:35 -     Test accuracy: 0.6412
2025-09-21 12:32:35 -   Fold 2/5
2025-09-21 12:32:35 -     Fold split: Train=4347, Val=622
2025-09-21 12:33:26 -     Test accuracy: 0.6500
2025-09-21 12:33:26 -   Fold 3/5
2025-09-21 12:33:26 -     Fold split: Train=4348, Val=622
2025-09-21 12:34:44 -     Test accuracy: 0.6522
2025-09-21 12:34:44 -   Fold 4/5
2025-09-21 12:34:44 -     Fold split: Train=4348, Val=622
2025-09-21 12:36:12 -     Test accuracy: 0.6353
2025-09-21 12:36:12 -   Fold 5/5
2025-09-21 12:36:12 -     Fold split: Train=4348, Val=622
2025-09-21 12:37:42 -     Test accuracy: 0.6296
2025-09-21 12:37:42 -   Repeat 1 mean accuracy: 0.6417 ± 0.0086
2025-09-21 12:37:42 - Cross-Validation completed for SepConv1D
2025-09-21 12:37:42 - Final accuracy: 0.6417 ± 0.0096
2025-09-21 12:37:42 - 95% CI: [0.6298, 0.6535]
2025-09-21 12:37:42 - 
============================================================
2025-09-21 12:37:42 - CROSS-VALIDATION RESULTS
2025-09-21 12:37:42 - ============================================================
2025-09-21 12:37:42 - Model: SepConv1D
2025-09-21 12:37:42 - Overall accuracy: 0.6417 ± 0.0096
2025-09-21 12:37:42 - 95% Confidence Interval: [0.6298, 0.6535]
2025-09-21 12:37:42 - Statistical significance: 5 evaluations
2025-09-21 12:37:42 - Precision: 0.6462 [0.6212, 0.6712]
2025-09-21 12:37:42 - Recall: 0.6307 [0.5819, 0.6796]
2025-09-21 12:37:42 - F1_Score: 0.6373 [0.6202, 0.6544]
2025-09-21 12:37:42 - Auc: 0.7080 [0.6880, 0.7280]
2025-09-21 12:37:42 - ============================================================
2025-09-21 12:37:42 - Individual subject results skipped - using Nested Cross-Validation results
2025-09-21 12:37:42 - Dataset-specific results from Nested Cross-Validation:
2025-09-21 12:37:42 - P3 Dataset - Nested CV Results:
2025-09-21 12:37:42 -   Mean Accuracy: 0.6407 ± 0.0219
2025-09-21 12:37:42 -   95% CI: [0.6135, 0.6679]
2025-09-21 12:37:42 -   AUC: 0.6996 ± 0.0266
2025-09-21 12:37:42 - AVO Dataset - Nested CV Results:
2025-09-21 12:37:42 -   Mean Accuracy: 0.6430 ± 0.0195
2025-09-21 12:37:42 -   95% CI: [0.6187, 0.6672]
2025-09-21 12:37:42 -   AUC: 0.7170 ± 0.0299
