2025-09-19 21:33:37 - 
Experiment Configuration:
2025-09-19 21:33:37 - --------------------------------------------------
2025-09-19 21:33:37 - dataset: use_combined_datasets
2025-09-19 21:33:37 - use_combined_datasets: True
2025-09-19 21:33:37 - electrode_list: common
2025-09-19 21:33:37 - classifier: EEGConformer
2025-09-19 21:33:37 - separate_subject_classification: False
2025-09-19 21:33:37 - use_subject_layer: False
2025-09-19 21:33:37 - seeds: [42]
2025-09-19 21:33:37 - electrode_fusion_method: none
2025-09-19 21:33:37 - domain_adaptation_method: none
2025-09-19 21:33:37 - enable_comprehensive_evaluation: True
2025-09-19 21:33:37 - enable_domain_analysis: True
2025-09-19 21:33:37 - enable_small_sample_analysis: False
2025-09-19 21:33:37 - small_sample_sizes: [5, 10, 15, 20]
2025-09-19 21:33:37 - small_sample_subjects: [5, 10, 15]
2025-09-19 21:33:37 - --------------------------------------------------
2025-09-19 21:33:37 - 
==================================================
2025-09-19 21:33:37 - Processing Combined P3 and AVO Datasets
2025-09-19 21:33:37 - ==================================================
2025-09-19 21:33:37 - 使用传统方法（无融合）
2025-09-19 21:34:26 - 
==================================================
2025-09-19 21:34:26 - Individual Subject Results - Combined Model
2025-09-19 21:34:26 - ==================================================
2025-09-19 21:34:26 - Subject: AVO_001
2025-09-19 21:34:26 -   Accuracy: 91.667%
2025-09-19 21:34:26 -   Precision: 1.000
2025-09-19 21:34:26 -   Recall: 0.833
2025-09-19 21:34:26 -   F1 Score: 0.909
2025-09-19 21:34:26 -   AUC: 0.889
2025-09-19 21:34:26 -   Correct/Total: 11/12
2025-09-19 21:34:26 -   Confusion Matrix Stats:
2025-09-19 21:34:26 -     TP: 5, TN: 6
2025-09-19 21:34:26 -     FP: 0, FN: 1
2025-09-19 21:34:26 - Subject: AVO_002
2025-09-19 21:34:26 -   Accuracy: 50.000%
2025-09-19 21:34:26 -   Precision: 0.750
2025-09-19 21:34:26 -   Recall: 0.375
2025-09-19 21:34:26 -   F1 Score: 0.500
2025-09-19 21:34:26 -   AUC: 0.625
2025-09-19 21:34:26 -   Correct/Total: 6/12
2025-09-19 21:34:26 -   Confusion Matrix Stats:
2025-09-19 21:34:26 -     TP: 3, TN: 3
2025-09-19 21:34:26 -     FP: 1, FN: 5
2025-09-19 21:34:26 - Subject: AVO_003
2025-09-19 21:34:26 -   Accuracy: 92.857%
2025-09-19 21:34:26 -   Precision: 1.000
2025-09-19 21:34:26 -   Recall: 0.909
2025-09-19 21:34:26 -   F1 Score: 0.952
2025-09-19 21:34:26 -   AUC: 0.939
2025-09-19 21:34:26 -   Correct/Total: 13/14
2025-09-19 21:34:26 -   Confusion Matrix Stats:
2025-09-19 21:34:26 -     TP: 10, TN: 3
2025-09-19 21:34:26 -     FP: 0, FN: 1
2025-09-19 21:34:26 - Subject: AVO_004
2025-09-19 21:34:26 -   Accuracy: 50.000%
2025-09-19 21:34:26 -   Precision: 0.167
2025-09-19 21:34:26 -   Recall: 1.000
2025-09-19 21:34:26 -   F1 Score: 0.286
2025-09-19 21:34:26 -   AUC: 0.556
2025-09-19 21:34:26 -   Correct/Total: 5/10
2025-09-19 21:34:26 -   Confusion Matrix Stats:
2025-09-19 21:34:26 -     TP: 1, TN: 4
2025-09-19 21:34:26 -     FP: 5, FN: 0
2025-09-19 21:34:26 - Subject: AVO_005
2025-09-19 21:34:26 -   Accuracy: 72.727%
2025-09-19 21:34:26 -   Precision: 0.750
2025-09-19 21:34:26 -   Recall: 0.600
2025-09-19 21:34:26 -   F1 Score: 0.667
2025-09-19 21:34:26 -   AUC: 0.767
2025-09-19 21:34:26 -   Correct/Total: 8/11
2025-09-19 21:34:26 -   Confusion Matrix Stats:
2025-09-19 21:34:26 -     TP: 3, TN: 5
2025-09-19 21:34:26 -     FP: 1, FN: 2
2025-09-19 21:34:26 - Subject: AVO_006
2025-09-19 21:34:26 -   Accuracy: 71.429%
2025-09-19 21:34:26 -   Precision: 0.600
2025-09-19 21:34:26 -   Recall: 1.000
2025-09-19 21:34:26 -   F1 Score: 0.750
2025-09-19 21:34:26 -   AUC: 0.833
2025-09-19 21:34:26 -   Correct/Total: 5/7
2025-09-19 21:34:26 -   Confusion Matrix Stats:
2025-09-19 21:34:26 -     TP: 3, TN: 2
2025-09-19 21:34:26 -     FP: 2, FN: 0
2025-09-19 21:34:26 - Subject: AVO_007
2025-09-19 21:34:26 -   Accuracy: 50.000%
2025-09-19 21:34:26 -   Precision: 0.250
2025-09-19 21:34:26 -   Recall: 1.000
2025-09-19 21:34:26 -   F1 Score: 0.400
2025-09-19 21:34:26 -   AUC: 1.000
2025-09-19 21:34:26 -   Correct/Total: 3/6
2025-09-19 21:34:26 -   Confusion Matrix Stats:
2025-09-19 21:34:26 -     TP: 1, TN: 2
2025-09-19 21:34:26 -     FP: 3, FN: 0
2025-09-19 21:34:26 - Subject: AVO_008
2025-09-19 21:34:26 -   Accuracy: 87.500%
2025-09-19 21:34:26 -   Precision: 0.800
2025-09-19 21:34:26 -   Recall: 1.000
2025-09-19 21:34:26 -   F1 Score: 0.889
2025-09-19 21:34:26 -   AUC: 1.000
2025-09-19 21:34:26 -   Correct/Total: 7/8
2025-09-19 21:34:26 -   Confusion Matrix Stats:
2025-09-19 21:34:26 -     TP: 4, TN: 3
2025-09-19 21:34:26 -     FP: 1, FN: 0
2025-09-19 21:34:26 - Subject: AVO_009
2025-09-19 21:34:26 -   Accuracy: 80.000%
2025-09-19 21:34:26 -   Precision: 0.667
2025-09-19 21:34:26 -   Recall: 1.000
2025-09-19 21:34:26 -   F1 Score: 0.800
2025-09-19 21:34:26 -   AUC: 0.833
2025-09-19 21:34:26 -   Correct/Total: 8/10
2025-09-19 21:34:26 -   Confusion Matrix Stats:
2025-09-19 21:34:26 -     TP: 4, TN: 4
2025-09-19 21:34:26 -     FP: 2, FN: 0
2025-09-19 21:34:26 - Subject: AVO_010
2025-09-19 21:34:26 -   Accuracy: 75.000%
2025-09-19 21:34:26 -   Precision: 0.833
2025-09-19 21:34:26 -   Recall: 0.714
2025-09-19 21:34:26 -   F1 Score: 0.769
2025-09-19 21:34:26 -   AUC: 0.743
2025-09-19 21:34:26 -   Correct/Total: 9/12
2025-09-19 21:34:26 -   Confusion Matrix Stats:
2025-09-19 21:34:26 -     TP: 5, TN: 4
2025-09-19 21:34:26 -     FP: 1, FN: 2
2025-09-19 21:34:26 - Subject: AVO_011
2025-09-19 21:34:26 -   Accuracy: 50.000%
2025-09-19 21:34:26 -   Precision: 0.400
2025-09-19 21:34:26 -   Recall: 1.000
2025-09-19 21:34:26 -   F1 Score: 0.571
2025-09-19 21:34:26 -   AUC: 0.875
2025-09-19 21:34:26 -   Correct/Total: 3/6
2025-09-19 21:34:26 -   Confusion Matrix Stats:
2025-09-19 21:34:26 -     TP: 2, TN: 1
2025-09-19 21:34:26 -     FP: 3, FN: 0
2025-09-19 21:34:26 - Subject: AVO_012
2025-09-19 21:34:26 -   Accuracy: 60.000%
2025-09-19 21:34:26 -   Precision: 0.714
2025-09-19 21:34:26 -   Recall: 0.714
2025-09-19 21:34:26 -   F1 Score: 0.714
2025-09-19 21:34:26 -   AUC: 0.810
2025-09-19 21:34:26 -   Correct/Total: 6/10
2025-09-19 21:34:26 -   Confusion Matrix Stats:
2025-09-19 21:34:26 -     TP: 5, TN: 1
2025-09-19 21:34:26 -     FP: 2, FN: 2
2025-09-19 21:34:26 - Subject: AVO_013
2025-09-19 21:34:26 -   Accuracy: 54.545%
2025-09-19 21:34:26 -   Precision: 0.500
2025-09-19 21:34:26 -   Recall: 0.800
2025-09-19 21:34:26 -   F1 Score: 0.615
2025-09-19 21:34:26 -   AUC: 0.667
2025-09-19 21:34:26 -   Correct/Total: 6/11
2025-09-19 21:34:26 -   Confusion Matrix Stats:
2025-09-19 21:34:26 -     TP: 4, TN: 2
2025-09-19 21:34:26 -     FP: 4, FN: 1
2025-09-19 21:34:26 - Subject: AVO_014
2025-09-19 21:34:26 -   Accuracy: 45.455%
2025-09-19 21:34:26 -   Precision: 0.429
2025-09-19 21:34:26 -   Recall: 0.600
2025-09-19 21:34:26 -   F1 Score: 0.500
2025-09-19 21:34:26 -   AUC: 0.467
2025-09-19 21:34:26 -   Correct/Total: 5/11
2025-09-19 21:34:26 -   Confusion Matrix Stats:
2025-09-19 21:34:26 -     TP: 3, TN: 2
2025-09-19 21:34:26 -     FP: 4, FN: 2
2025-09-19 21:34:26 - Subject: AVO_015
2025-09-19 21:34:26 -   Accuracy: 37.500%
2025-09-19 21:34:26 -   Precision: 0.333
2025-09-19 21:34:26 -   Recall: 0.250
2025-09-19 21:34:26 -   F1 Score: 0.286
2025-09-19 21:34:26 -   AUC: 0.438
2025-09-19 21:34:26 -   Correct/Total: 3/8
2025-09-19 21:34:26 -   Confusion Matrix Stats:
2025-09-19 21:34:26 -     TP: 1, TN: 2
2025-09-19 21:34:26 -     FP: 2, FN: 3
2025-09-19 21:34:26 - Subject: AVO_016
2025-09-19 21:34:26 -   Accuracy: 46.154%
2025-09-19 21:34:26 -   Precision: 0.286
2025-09-19 21:34:26 -   Recall: 0.500
2025-09-19 21:34:26 -   F1 Score: 0.364
2025-09-19 21:34:26 -   AUC: 0.361
2025-09-19 21:34:26 -   Correct/Total: 6/13
2025-09-19 21:34:26 -   Confusion Matrix Stats:
2025-09-19 21:34:26 -     TP: 2, TN: 4
2025-09-19 21:34:26 -     FP: 5, FN: 2
2025-09-19 21:34:26 - Subject: AVO_017
2025-09-19 21:34:26 -   Accuracy: 92.308%
2025-09-19 21:34:26 -   Precision: 1.000
2025-09-19 21:34:26 -   Recall: 0.875
2025-09-19 21:34:26 -   F1 Score: 0.933
2025-09-19 21:34:26 -   AUC: 0.975
2025-09-19 21:34:26 -   Correct/Total: 12/13
2025-09-19 21:34:26 -   Confusion Matrix Stats:
2025-09-19 21:34:26 -     TP: 7, TN: 5
2025-09-19 21:34:26 -     FP: 0, FN: 1
2025-09-19 21:34:26 - Subject: AVO_018
2025-09-19 21:34:26 -   Accuracy: 66.667%
2025-09-19 21:34:26 -   Precision: 1.000
2025-09-19 21:34:26 -   Recall: 0.500
2025-09-19 21:34:26 -   F1 Score: 0.667
2025-09-19 21:34:26 -   AUC: 1.000
2025-09-19 21:34:26 -   Correct/Total: 2/3
2025-09-19 21:34:26 -   Confusion Matrix Stats:
2025-09-19 21:34:26 -     TP: 1, TN: 1
2025-09-19 21:34:26 -     FP: 0, FN: 1
2025-09-19 21:34:26 - Subject: AVO_019
2025-09-19 21:34:26 -   Accuracy: 71.429%
2025-09-19 21:34:26 -   Precision: 0.600
2025-09-19 21:34:26 -   Recall: 1.000
2025-09-19 21:34:26 -   F1 Score: 0.750
2025-09-19 21:34:26 -   AUC: 1.000
2025-09-19 21:34:26 -   Correct/Total: 5/7
2025-09-19 21:34:26 -   Confusion Matrix Stats:
2025-09-19 21:34:26 -     TP: 3, TN: 2
2025-09-19 21:34:26 -     FP: 2, FN: 0
2025-09-19 21:34:26 - Subject: AVO_020
2025-09-19 21:34:26 -   Accuracy: 58.333%
2025-09-19 21:34:26 -   Precision: 0.571
2025-09-19 21:34:26 -   Recall: 0.667
2025-09-19 21:34:26 -   F1 Score: 0.615
2025-09-19 21:34:26 -   AUC: 0.611
2025-09-19 21:34:26 -   Correct/Total: 7/12
2025-09-19 21:34:26 -   Confusion Matrix Stats:
2025-09-19 21:34:26 -     TP: 4, TN: 3
2025-09-19 21:34:26 -     FP: 3, FN: 2
2025-09-19 21:34:26 - Subject: AVO_021
2025-09-19 21:34:26 -   Accuracy: 62.500%
2025-09-19 21:34:26 -   Precision: 0.667
2025-09-19 21:34:26 -   Recall: 0.667
2025-09-19 21:34:26 -   F1 Score: 0.667
2025-09-19 21:34:26 -   AUC: 0.698
2025-09-19 21:34:26 -   Correct/Total: 10/16
2025-09-19 21:34:26 -   Confusion Matrix Stats:
2025-09-19 21:34:26 -     TP: 6, TN: 4
2025-09-19 21:34:26 -     FP: 3, FN: 3
2025-09-19 21:34:26 - Subject: AVO_022
2025-09-19 21:34:26 -   Accuracy: 84.615%
2025-09-19 21:34:26 -   Precision: 0.800
2025-09-19 21:34:26 -   Recall: 1.000
2025-09-19 21:34:26 -   F1 Score: 0.889
2025-09-19 21:34:26 -   AUC: 0.700
2025-09-19 21:34:26 -   Correct/Total: 11/13
2025-09-19 21:34:26 -   Confusion Matrix Stats:
2025-09-19 21:34:26 -     TP: 8, TN: 3
2025-09-19 21:34:26 -     FP: 2, FN: 0
2025-09-19 21:34:26 - Subject: AVO_023
2025-09-19 21:34:26 -   Accuracy: 87.500%
2025-09-19 21:34:26 -   Precision: 0.750
2025-09-19 21:34:26 -   Recall: 1.000
2025-09-19 21:34:26 -   F1 Score: 0.857
2025-09-19 21:34:26 -   AUC: 0.867
2025-09-19 21:34:26 -   Correct/Total: 7/8
2025-09-19 21:34:26 -   Confusion Matrix Stats:
2025-09-19 21:34:26 -     TP: 3, TN: 4
2025-09-19 21:34:26 -     FP: 1, FN: 0
2025-09-19 21:34:26 - Subject: AVO_024
2025-09-19 21:34:26 -   Accuracy: 68.750%
2025-09-19 21:34:26 -   Precision: 0.571
2025-09-19 21:34:26 -   Recall: 0.667
2025-09-19 21:34:26 -   F1 Score: 0.615
2025-09-19 21:34:26 -   AUC: 0.750
2025-09-19 21:34:26 -   Correct/Total: 11/16
2025-09-19 21:34:26 -   Confusion Matrix Stats:
2025-09-19 21:34:26 -     TP: 4, TN: 7
2025-09-19 21:34:26 -     FP: 3, FN: 2
2025-09-19 21:34:26 - Subject: AVO_025
2025-09-19 21:34:26 -   Accuracy: 60.000%
2025-09-19 21:34:26 -   Precision: 0.667
2025-09-19 21:34:26 -   Recall: 0.667
2025-09-19 21:34:26 -   F1 Score: 0.667
2025-09-19 21:34:26 -   AUC: 0.833
2025-09-19 21:34:26 -   Correct/Total: 3/5
2025-09-19 21:34:26 -   Confusion Matrix Stats:
2025-09-19 21:34:26 -     TP: 2, TN: 1
2025-09-19 21:34:26 -     FP: 1, FN: 1
2025-09-19 21:34:26 - Subject: AVO_026
2025-09-19 21:34:26 -   Accuracy: 92.857%
2025-09-19 21:34:26 -   Precision: 1.000
2025-09-19 21:34:26 -   Recall: 0.875
2025-09-19 21:34:26 -   F1 Score: 0.933
2025-09-19 21:34:26 -   AUC: 0.938
2025-09-19 21:34:26 -   Correct/Total: 13/14
2025-09-19 21:34:26 -   Confusion Matrix Stats:
2025-09-19 21:34:26 -     TP: 7, TN: 6
2025-09-19 21:34:26 -     FP: 0, FN: 1
2025-09-19 21:34:26 - Subject: AVO_027
2025-09-19 21:34:26 -   Accuracy: 90.000%
2025-09-19 21:34:26 -   Precision: 1.000
2025-09-19 21:34:26 -   Recall: 0.833
2025-09-19 21:34:26 -   F1 Score: 0.909
2025-09-19 21:34:26 -   AUC: 1.000
2025-09-19 21:34:26 -   Correct/Total: 9/10
2025-09-19 21:34:26 -   Confusion Matrix Stats:
2025-09-19 21:34:26 -     TP: 5, TN: 4
2025-09-19 21:34:26 -     FP: 0, FN: 1
2025-09-19 21:34:26 - Subject: AVO_028
2025-09-19 21:34:26 -   Accuracy: 85.714%
2025-09-19 21:34:26 -   Precision: 1.000
2025-09-19 21:34:26 -   Recall: 0.667
2025-09-19 21:34:26 -   F1 Score: 0.800
2025-09-19 21:34:26 -   AUC: 0.750
2025-09-19 21:34:26 -   Correct/Total: 6/7
2025-09-19 21:34:26 -   Confusion Matrix Stats:
2025-09-19 21:34:26 -     TP: 2, TN: 4
2025-09-19 21:34:26 -     FP: 0, FN: 1
2025-09-19 21:34:26 - Subject: AVO_029
2025-09-19 21:34:26 -   Accuracy: 57.143%
2025-09-19 21:34:26 -   Precision: 0.500
2025-09-19 21:34:26 -   Recall: 0.333
2025-09-19 21:34:26 -   F1 Score: 0.400
2025-09-19 21:34:26 -   AUC: 0.833
2025-09-19 21:34:26 -   Correct/Total: 4/7
2025-09-19 21:34:26 -   Confusion Matrix Stats:
2025-09-19 21:34:26 -     TP: 1, TN: 3
2025-09-19 21:34:26 -     FP: 1, FN: 2
2025-09-19 21:34:26 - Subject: AVO_030
2025-09-19 21:34:26 -   Accuracy: 66.667%
2025-09-19 21:34:26 -   Precision: 0.800
2025-09-19 21:34:26 -   Recall: 0.667
2025-09-19 21:34:26 -   F1 Score: 0.727
2025-09-19 21:34:26 -   AUC: 0.667
2025-09-19 21:34:26 -   Correct/Total: 6/9
2025-09-19 21:34:26 -   Confusion Matrix Stats:
2025-09-19 21:34:26 -     TP: 4, TN: 2
2025-09-19 21:34:26 -     FP: 1, FN: 2
2025-09-19 21:34:26 - Subject: AVO_031
2025-09-19 21:34:26 -   Accuracy: 71.429%
2025-09-19 21:34:26 -   Precision: 0.750
2025-09-19 21:34:26 -   Recall: 0.750
2025-09-19 21:34:26 -   F1 Score: 0.750
2025-09-19 21:34:26 -   AUC: 0.833
2025-09-19 21:34:26 -   Correct/Total: 5/7
2025-09-19 21:34:26 -   Confusion Matrix Stats:
2025-09-19 21:34:26 -     TP: 3, TN: 2
2025-09-19 21:34:26 -     FP: 1, FN: 1
2025-09-19 21:34:26 - Subject: AVO_032
2025-09-19 21:34:26 -   Accuracy: 81.250%
2025-09-19 21:34:26 -   Precision: 0.700
2025-09-19 21:34:26 -   Recall: 1.000
2025-09-19 21:34:26 -   F1 Score: 0.824
2025-09-19 21:34:26 -   AUC: 0.905
2025-09-19 21:34:26 -   Correct/Total: 13/16
2025-09-19 21:34:26 -   Confusion Matrix Stats:
2025-09-19 21:34:26 -     TP: 7, TN: 6
2025-09-19 21:34:26 -     FP: 3, FN: 0
2025-09-19 21:34:26 - Subject: AVO_033
2025-09-19 21:34:26 -   Accuracy: 83.333%
2025-09-19 21:34:26 -   Precision: 1.000
2025-09-19 21:34:26 -   Recall: 0.714
2025-09-19 21:34:26 -   F1 Score: 0.833
2025-09-19 21:34:26 -   AUC: 0.943
2025-09-19 21:34:26 -   Correct/Total: 10/12
2025-09-19 21:34:26 -   Confusion Matrix Stats:
2025-09-19 21:34:26 -     TP: 5, TN: 5
2025-09-19 21:34:26 -     FP: 0, FN: 2
2025-09-19 21:34:26 - Subject: AVO_034
2025-09-19 21:34:26 -   Accuracy: 80.000%
2025-09-19 21:34:26 -   Precision: 0.800
2025-09-19 21:34:26 -   Recall: 1.000
2025-09-19 21:34:26 -   F1 Score: 0.889
2025-09-19 21:34:26 -   AUC: 1.000
2025-09-19 21:34:26 -   Correct/Total: 4/5
2025-09-19 21:34:26 -   Confusion Matrix Stats:
2025-09-19 21:34:26 -     TP: 4, TN: 0
2025-09-19 21:34:26 -     FP: 1, FN: 0
2025-09-19 21:34:26 - Subject: AVO_035
2025-09-19 21:34:26 -   Accuracy: 73.333%
2025-09-19 21:34:26 -   Precision: 0.833
2025-09-19 21:34:26 -   Recall: 0.625
2025-09-19 21:34:26 -   F1 Score: 0.714
2025-09-19 21:34:26 -   AUC: 0.643
2025-09-19 21:34:26 -   Correct/Total: 11/15
2025-09-19 21:34:26 -   Confusion Matrix Stats:
2025-09-19 21:34:26 -     TP: 5, TN: 6
2025-09-19 21:34:26 -     FP: 1, FN: 3
2025-09-19 21:34:26 - Subject: AVO_036
2025-09-19 21:34:26 -   Accuracy: 85.714%
2025-09-19 21:34:26 -   Precision: 1.000
2025-09-19 21:34:26 -   Recall: 0.800
2025-09-19 21:34:26 -   F1 Score: 0.889
2025-09-19 21:34:26 -   AUC: 0.900
2025-09-19 21:34:26 -   Correct/Total: 6/7
2025-09-19 21:34:26 -   Confusion Matrix Stats:
2025-09-19 21:34:26 -     TP: 4, TN: 2
2025-09-19 21:34:26 -     FP: 0, FN: 1
2025-09-19 21:34:26 - Subject: AVO_037
2025-09-19 21:34:26 -   Accuracy: 44.444%
2025-09-19 21:34:26 -   Precision: 0.429
2025-09-19 21:34:26 -   Recall: 0.750
2025-09-19 21:34:26 -   F1 Score: 0.545
2025-09-19 21:34:26 -   AUC: 0.550
2025-09-19 21:34:26 -   Correct/Total: 4/9
2025-09-19 21:34:26 -   Confusion Matrix Stats:
2025-09-19 21:34:26 -     TP: 3, TN: 1
2025-09-19 21:34:26 -     FP: 4, FN: 1
2025-09-19 21:34:26 - Subject: AVO_038
2025-09-19 21:34:26 -   Accuracy: 66.667%
2025-09-19 21:34:26 -   Precision: 0.778
2025-09-19 21:34:26 -   Recall: 0.700
2025-09-19 21:34:26 -   F1 Score: 0.737
2025-09-19 21:34:26 -   AUC: 0.720
2025-09-19 21:34:26 -   Correct/Total: 10/15
2025-09-19 21:34:26 -   Confusion Matrix Stats:
2025-09-19 21:34:26 -     TP: 7, TN: 3
2025-09-19 21:34:26 -     FP: 2, FN: 3
2025-09-19 21:34:26 - Subject: AVO_039
2025-09-19 21:34:26 -   Accuracy: 81.818%
2025-09-19 21:34:26 -   Precision: 0.800
2025-09-19 21:34:26 -   Recall: 0.800
2025-09-19 21:34:26 -   F1 Score: 0.800
2025-09-19 21:34:26 -   AUC: 0.967
2025-09-19 21:34:26 -   Correct/Total: 9/11
2025-09-19 21:34:26 -   Confusion Matrix Stats:
2025-09-19 21:34:26 -     TP: 4, TN: 5
2025-09-19 21:34:26 -     FP: 1, FN: 1
2025-09-19 21:34:26 - Subject: AVO_040
2025-09-19 21:34:26 -   Accuracy: 66.667%
2025-09-19 21:34:26 -   Precision: 0.500
2025-09-19 21:34:26 -   Recall: 1.000
2025-09-19 21:34:26 -   F1 Score: 0.667
2025-09-19 21:34:26 -   AUC: 0.750
2025-09-19 21:34:26 -   Correct/Total: 4/6
2025-09-19 21:34:26 -   Confusion Matrix Stats:
2025-09-19 21:34:26 -     TP: 2, TN: 2
2025-09-19 21:34:26 -     FP: 2, FN: 0
2025-09-19 21:34:26 - Subject: P3_sub-001
2025-09-19 21:34:26 -   Accuracy: 58.333%
2025-09-19 21:34:26 -   Precision: 0.556
2025-09-19 21:34:26 -   Recall: 0.833
2025-09-19 21:34:26 -   F1 Score: 0.667
2025-09-19 21:34:26 -   AUC: 0.583
2025-09-19 21:34:26 -   Correct/Total: 7/12
2025-09-19 21:34:26 -   Confusion Matrix Stats:
2025-09-19 21:34:26 -     TP: 5, TN: 2
2025-09-19 21:34:26 -     FP: 4, FN: 1
2025-09-19 21:34:26 - Subject: P3_sub-002
2025-09-19 21:34:26 -   Accuracy: 55.556%
2025-09-19 21:34:26 -   Precision: 0.500
2025-09-19 21:34:26 -   Recall: 1.000
2025-09-19 21:34:26 -   F1 Score: 0.667
2025-09-19 21:34:26 -   AUC: 0.950
2025-09-19 21:34:26 -   Correct/Total: 5/9
2025-09-19 21:34:26 -   Confusion Matrix Stats:
2025-09-19 21:34:26 -     TP: 4, TN: 1
2025-09-19 21:34:26 -     FP: 4, FN: 0
2025-09-19 21:34:26 - Subject: P3_sub-003
2025-09-19 21:34:26 -   Accuracy: 100.000%
2025-09-19 21:34:26 -   Precision: 1.000
2025-09-19 21:34:26 -   Recall: 1.000
2025-09-19 21:34:26 -   F1 Score: 1.000
2025-09-19 21:34:26 -   AUC: 1.000
2025-09-19 21:34:26 -   Correct/Total: 7/7
2025-09-19 21:34:26 -   Confusion Matrix Stats:
2025-09-19 21:34:26 -     TP: 5, TN: 2
2025-09-19 21:34:26 -     FP: 0, FN: 0
2025-09-19 21:34:26 - Subject: P3_sub-004
2025-09-19 21:34:26 -   Accuracy: 80.000%
2025-09-19 21:34:26 -   Precision: 0.800
2025-09-19 21:34:26 -   Recall: 1.000
2025-09-19 21:34:26 -   F1 Score: 0.889
2025-09-19 21:34:26 -   AUC: 0.500
2025-09-19 21:34:26 -   Correct/Total: 4/5
2025-09-19 21:34:26 -   Confusion Matrix Stats:
2025-09-19 21:34:26 -     TP: 4, TN: 0
2025-09-19 21:34:26 -     FP: 1, FN: 0
2025-09-19 21:34:26 - Subject: P3_sub-005
2025-09-19 21:34:26 -   Accuracy: 36.364%
2025-09-19 21:34:26 -   Precision: 0.429
2025-09-19 21:34:26 -   Recall: 0.500
2025-09-19 21:34:26 -   F1 Score: 0.462
2025-09-19 21:34:26 -   AUC: 0.333
2025-09-19 21:34:26 -   Correct/Total: 4/11
2025-09-19 21:34:26 -   Confusion Matrix Stats:
2025-09-19 21:34:26 -     TP: 3, TN: 1
2025-09-19 21:34:26 -     FP: 4, FN: 3
2025-09-19 21:34:26 - Subject: P3_sub-006
2025-09-19 21:34:26 -   Accuracy: 37.500%
2025-09-19 21:34:26 -   Precision: 0.500
2025-09-19 21:34:26 -   Recall: 0.200
2025-09-19 21:34:26 -   F1 Score: 0.286
2025-09-19 21:34:26 -   AUC: 0.200
2025-09-19 21:34:26 -   Correct/Total: 3/8
2025-09-19 21:34:26 -   Confusion Matrix Stats:
2025-09-19 21:34:26 -     TP: 1, TN: 2
2025-09-19 21:34:26 -     FP: 1, FN: 4
2025-09-19 21:34:26 - Subject: P3_sub-007
2025-09-19 21:34:26 -   Accuracy: 77.778%
2025-09-19 21:34:26 -   Precision: 1.000
2025-09-19 21:34:26 -   Recall: 0.500
2025-09-19 21:34:26 -   F1 Score: 0.667
2025-09-19 21:34:26 -   AUC: 0.850
2025-09-19 21:34:26 -   Correct/Total: 7/9
2025-09-19 21:34:26 -   Confusion Matrix Stats:
2025-09-19 21:34:26 -     TP: 2, TN: 5
2025-09-19 21:34:26 -     FP: 0, FN: 2
2025-09-19 21:34:26 - Subject: P3_sub-008
2025-09-19 21:34:26 -   Accuracy: 33.333%
2025-09-19 21:34:26 -   Precision: 0.000
2025-09-19 21:34:26 -   Recall: 0.000
2025-09-19 21:34:26 -   F1 Score: 0.000
2025-09-19 21:34:26 -   AUC: 0.000
2025-09-19 21:34:26 -   Correct/Total: 1/3
2025-09-19 21:34:26 -   Confusion Matrix Stats:
2025-09-19 21:34:26 -     TP: 0, TN: 1
2025-09-19 21:34:26 -     FP: 0, FN: 2
2025-09-19 21:34:26 - Subject: P3_sub-009
2025-09-19 21:34:26 -   Accuracy: 66.667%
2025-09-19 21:34:26 -   Precision: 1.000
2025-09-19 21:34:26 -   Recall: 0.500
2025-09-19 21:34:26 -   F1 Score: 0.667
2025-09-19 21:34:26 -   AUC: 0.740
2025-09-19 21:34:26 -   Correct/Total: 10/15
2025-09-19 21:34:26 -   Confusion Matrix Stats:
2025-09-19 21:34:26 -     TP: 5, TN: 5
2025-09-19 21:34:26 -     FP: 0, FN: 5
2025-09-19 21:34:26 - Subject: P3_sub-010
2025-09-19 21:34:26 -   Accuracy: 87.500%
2025-09-19 21:34:26 -   Precision: 1.000
2025-09-19 21:34:26 -   Recall: 0.667
2025-09-19 21:34:26 -   F1 Score: 0.800
2025-09-19 21:34:26 -   AUC: 1.000
2025-09-19 21:34:26 -   Correct/Total: 7/8
2025-09-19 21:34:26 -   Confusion Matrix Stats:
2025-09-19 21:34:26 -     TP: 2, TN: 5
2025-09-19 21:34:26 -     FP: 0, FN: 1
2025-09-19 21:34:26 - Subject: P3_sub-011
2025-09-19 21:34:26 -   Accuracy: 40.000%
2025-09-19 21:34:26 -   Precision: 0.500
2025-09-19 21:34:26 -   Recall: 0.333
2025-09-19 21:34:26 -   F1 Score: 0.400
2025-09-19 21:34:26 -   AUC: 0.458
2025-09-19 21:34:26 -   Correct/Total: 4/10
2025-09-19 21:34:26 -   Confusion Matrix Stats:
2025-09-19 21:34:26 -     TP: 2, TN: 2
2025-09-19 21:34:26 -     FP: 2, FN: 4
2025-09-19 21:34:26 - Subject: P3_sub-012
2025-09-19 21:34:26 -   Accuracy: 71.429%
2025-09-19 21:34:26 -   Precision: 1.000
2025-09-19 21:34:26 -   Recall: 0.600
2025-09-19 21:34:26 -   F1 Score: 0.750
2025-09-19 21:34:26 -   AUC: 1.000
2025-09-19 21:34:26 -   Correct/Total: 5/7
2025-09-19 21:34:26 -   Confusion Matrix Stats:
2025-09-19 21:34:26 -     TP: 3, TN: 2
2025-09-19 21:34:26 -     FP: 0, FN: 2
2025-09-19 21:34:26 - Subject: P3_sub-013
2025-09-19 21:34:26 -   Accuracy: 36.364%
2025-09-19 21:34:26 -   Precision: 0.400
2025-09-19 21:34:26 -   Recall: 0.333
2025-09-19 21:34:26 -   F1 Score: 0.364
2025-09-19 21:34:26 -   AUC: 0.467
2025-09-19 21:34:26 -   Correct/Total: 4/11
2025-09-19 21:34:26 -   Confusion Matrix Stats:
2025-09-19 21:34:26 -     TP: 2, TN: 2
2025-09-19 21:34:26 -     FP: 3, FN: 4
2025-09-19 21:34:26 - Subject: P3_sub-014
2025-09-19 21:34:26 -   Accuracy: 45.455%
2025-09-19 21:34:26 -   Precision: 0.286
2025-09-19 21:34:26 -   Recall: 0.667
2025-09-19 21:34:26 -   F1 Score: 0.400
2025-09-19 21:34:26 -   AUC: 0.625
2025-09-19 21:34:26 -   Correct/Total: 5/11
2025-09-19 21:34:26 -   Confusion Matrix Stats:
2025-09-19 21:34:26 -     TP: 2, TN: 3
2025-09-19 21:34:26 -     FP: 5, FN: 1
2025-09-19 21:34:26 - Subject: P3_sub-015
2025-09-19 21:34:26 -   Accuracy: 72.727%
2025-09-19 21:34:26 -   Precision: 0.833
2025-09-19 21:34:26 -   Recall: 0.714
2025-09-19 21:34:26 -   F1 Score: 0.769
2025-09-19 21:34:26 -   AUC: 0.679
2025-09-19 21:34:26 -   Correct/Total: 8/11
2025-09-19 21:34:26 -   Confusion Matrix Stats:
2025-09-19 21:34:26 -     TP: 5, TN: 3
2025-09-19 21:34:26 -     FP: 1, FN: 2
2025-09-19 21:34:26 - Subject: P3_sub-016
2025-09-19 21:34:26 -   Accuracy: 66.667%
2025-09-19 21:34:26 -   Precision: 0.600
2025-09-19 21:34:26 -   Recall: 1.000
2025-09-19 21:34:26 -   F1 Score: 0.750
2025-09-19 21:34:26 -   AUC: 0.750
2025-09-19 21:34:26 -   Correct/Total: 8/12
2025-09-19 21:34:26 -   Confusion Matrix Stats:
2025-09-19 21:34:26 -     TP: 6, TN: 2
2025-09-19 21:34:26 -     FP: 4, FN: 0
2025-09-19 21:34:26 - Subject: P3_sub-017
2025-09-19 21:34:26 -   Accuracy: 44.444%
2025-09-19 21:34:26 -   Precision: 0.667
2025-09-19 21:34:26 -   Recall: 0.571
2025-09-19 21:34:26 -   F1 Score: 0.615
2025-09-19 21:34:26 -   AUC: 0.429
2025-09-19 21:34:26 -   Correct/Total: 4/9
2025-09-19 21:34:26 -   Confusion Matrix Stats:
2025-09-19 21:34:26 -     TP: 4, TN: 0
2025-09-19 21:34:26 -     FP: 2, FN: 3
2025-09-19 21:34:26 - Subject: P3_sub-018
2025-09-19 21:34:26 -   Accuracy: 75.000%
2025-09-19 21:34:26 -   Precision: 0.750
2025-09-19 21:34:26 -   Recall: 0.600
2025-09-19 21:34:26 -   F1 Score: 0.667
2025-09-19 21:34:26 -   AUC: 0.743
2025-09-19 21:34:26 -   Correct/Total: 9/12
2025-09-19 21:34:26 -   Confusion Matrix Stats:
2025-09-19 21:34:26 -     TP: 3, TN: 6
2025-09-19 21:34:26 -     FP: 1, FN: 2
2025-09-19 21:34:26 - Subject: P3_sub-019
2025-09-19 21:34:26 -   Accuracy: 50.000%
2025-09-19 21:34:26 -   Precision: 0.429
2025-09-19 21:34:26 -   Recall: 0.500
2025-09-19 21:34:26 -   F1 Score: 0.462
2025-09-19 21:34:26 -   AUC: 0.438
2025-09-19 21:34:26 -   Correct/Total: 7/14
2025-09-19 21:34:26 -   Confusion Matrix Stats:
2025-09-19 21:34:26 -     TP: 3, TN: 4
2025-09-19 21:34:26 -     FP: 4, FN: 3
2025-09-19 21:34:26 - Subject: P3_sub-020
2025-09-19 21:34:26 -   Accuracy: 93.333%
2025-09-19 21:34:26 -   Precision: 0.875
2025-09-19 21:34:26 -   Recall: 1.000
2025-09-19 21:34:26 -   F1 Score: 0.933
2025-09-19 21:34:26 -   AUC: 0.911
2025-09-19 21:34:26 -   Correct/Total: 14/15
2025-09-19 21:34:26 -   Confusion Matrix Stats:
2025-09-19 21:34:26 -     TP: 7, TN: 7
2025-09-19 21:34:26 -     FP: 1, FN: 0
2025-09-19 21:34:26 - Subject: P3_sub-021
2025-09-19 21:34:26 -   Accuracy: 62.500%
2025-09-19 21:34:26 -   Precision: 0.800
2025-09-19 21:34:26 -   Recall: 0.667
2025-09-19 21:34:26 -   F1 Score: 0.727
2025-09-19 21:34:26 -   AUC: 0.417
2025-09-19 21:34:26 -   Correct/Total: 5/8
2025-09-19 21:34:26 -   Confusion Matrix Stats:
2025-09-19 21:34:26 -     TP: 4, TN: 1
2025-09-19 21:34:26 -     FP: 1, FN: 2
2025-09-19 21:34:26 - Subject: P3_sub-022
2025-09-19 21:34:26 -   Accuracy: 75.000%
2025-09-19 21:34:26 -   Precision: 0.667
2025-09-19 21:34:26 -   Recall: 1.000
2025-09-19 21:34:26 -   F1 Score: 0.800
2025-09-19 21:34:26 -   AUC: 0.778
2025-09-19 21:34:26 -   Correct/Total: 9/12
2025-09-19 21:34:26 -   Confusion Matrix Stats:
2025-09-19 21:34:26 -     TP: 6, TN: 3
2025-09-19 21:34:26 -     FP: 3, FN: 0
2025-09-19 21:34:26 - Subject: P3_sub-023
2025-09-19 21:34:26 -   Accuracy: 92.308%
2025-09-19 21:34:26 -   Precision: 1.000
2025-09-19 21:34:26 -   Recall: 0.857
2025-09-19 21:34:26 -   F1 Score: 0.923
2025-09-19 21:34:26 -   AUC: 0.905
2025-09-19 21:34:26 -   Correct/Total: 12/13
2025-09-19 21:34:26 -   Confusion Matrix Stats:
2025-09-19 21:34:26 -     TP: 6, TN: 6
2025-09-19 21:34:26 -     FP: 0, FN: 1
2025-09-19 21:34:26 - Subject: P3_sub-024
2025-09-19 21:34:26 -   Accuracy: 70.000%
2025-09-19 21:34:26 -   Precision: 0.667
2025-09-19 21:34:26 -   Recall: 0.800
2025-09-19 21:34:26 -   F1 Score: 0.727
2025-09-19 21:34:26 -   AUC: 0.720
2025-09-19 21:34:26 -   Correct/Total: 7/10
2025-09-19 21:34:26 -   Confusion Matrix Stats:
2025-09-19 21:34:26 -     TP: 4, TN: 3
2025-09-19 21:34:26 -     FP: 2, FN: 1
2025-09-19 21:34:26 - Subject: P3_sub-025
2025-09-19 21:34:26 -   Accuracy: 62.500%
2025-09-19 21:34:26 -   Precision: 0.714
2025-09-19 21:34:26 -   Recall: 0.833
2025-09-19 21:34:26 -   F1 Score: 0.769
2025-09-19 21:34:26 -   AUC: 0.583
2025-09-19 21:34:26 -   Correct/Total: 5/8
2025-09-19 21:34:26 -   Confusion Matrix Stats:
2025-09-19 21:34:26 -     TP: 5, TN: 0
2025-09-19 21:34:26 -     FP: 2, FN: 1
2025-09-19 21:34:26 - Subject: P3_sub-026
2025-09-19 21:34:26 -   Accuracy: 83.333%
2025-09-19 21:34:26 -   Precision: 0.889
2025-09-19 21:34:26 -   Recall: 0.889
2025-09-19 21:34:26 -   F1 Score: 0.889
2025-09-19 21:34:26 -   AUC: 0.704
2025-09-19 21:34:26 -   Correct/Total: 10/12
2025-09-19 21:34:26 -   Confusion Matrix Stats:
2025-09-19 21:34:26 -     TP: 8, TN: 2
2025-09-19 21:34:26 -     FP: 1, FN: 1
2025-09-19 21:34:26 - Subject: P3_sub-027
2025-09-19 21:34:26 -   Accuracy: 77.778%
2025-09-19 21:34:26 -   Precision: 1.000
2025-09-19 21:34:26 -   Recall: 0.714
2025-09-19 21:34:26 -   F1 Score: 0.833
2025-09-19 21:34:26 -   AUC: 0.857
2025-09-19 21:34:26 -   Correct/Total: 7/9
2025-09-19 21:34:26 -   Confusion Matrix Stats:
2025-09-19 21:34:26 -     TP: 5, TN: 2
2025-09-19 21:34:26 -     FP: 0, FN: 2
2025-09-19 21:34:26 - Subject: P3_sub-028
2025-09-19 21:34:26 -   Accuracy: 50.000%
2025-09-19 21:34:26 -   Precision: 0.250
2025-09-19 21:34:26 -   Recall: 0.333
2025-09-19 21:34:26 -   F1 Score: 0.286
2025-09-19 21:34:26 -   AUC: 0.524
2025-09-19 21:34:26 -   Correct/Total: 5/10
2025-09-19 21:34:26 -   Confusion Matrix Stats:
2025-09-19 21:34:26 -     TP: 1, TN: 4
2025-09-19 21:34:26 -     FP: 3, FN: 2
2025-09-19 21:34:26 - Subject: P3_sub-029
2025-09-19 21:34:26 -   Accuracy: 50.000%
2025-09-19 21:34:26 -   Precision: 0.500
2025-09-19 21:34:26 -   Recall: 0.667
2025-09-19 21:34:26 -   F1 Score: 0.571
2025-09-19 21:34:26 -   AUC: 0.667
2025-09-19 21:34:26 -   Correct/Total: 6/12
2025-09-19 21:34:26 -   Confusion Matrix Stats:
2025-09-19 21:34:26 -     TP: 4, TN: 2
2025-09-19 21:34:26 -     FP: 4, FN: 2
2025-09-19 21:34:26 - Subject: P3_sub-030
2025-09-19 21:34:26 -   Accuracy: 69.231%
2025-09-19 21:34:26 -   Precision: 0.556
2025-09-19 21:34:26 -   Recall: 1.000
2025-09-19 21:34:26 -   F1 Score: 0.714
2025-09-19 21:34:26 -   AUC: 0.550
2025-09-19 21:34:26 -   Correct/Total: 9/13
2025-09-19 21:34:26 -   Confusion Matrix Stats:
2025-09-19 21:34:26 -     TP: 5, TN: 4
2025-09-19 21:34:26 -     FP: 4, FN: 0
2025-09-19 21:34:26 - Subject: P3_sub-031
2025-09-19 21:34:26 -   Accuracy: 60.000%
2025-09-19 21:34:26 -   Precision: 0.750
2025-09-19 21:34:26 -   Recall: 0.500
2025-09-19 21:34:26 -   F1 Score: 0.600
2025-09-19 21:34:26 -   AUC: 0.500
2025-09-19 21:34:26 -   Correct/Total: 6/10
2025-09-19 21:34:26 -   Confusion Matrix Stats:
2025-09-19 21:34:26 -     TP: 3, TN: 3
2025-09-19 21:34:26 -     FP: 1, FN: 3
2025-09-19 21:34:26 - Subject: P3_sub-032
2025-09-19 21:34:26 -   Accuracy: 85.714%
2025-09-19 21:34:26 -   Precision: 0.800
2025-09-19 21:34:26 -   Recall: 1.000
2025-09-19 21:34:26 -   F1 Score: 0.889
2025-09-19 21:34:26 -   AUC: 1.000
2025-09-19 21:34:26 -   Correct/Total: 6/7
2025-09-19 21:34:26 -   Confusion Matrix Stats:
2025-09-19 21:34:26 -     TP: 4, TN: 2
2025-09-19 21:34:26 -     FP: 1, FN: 0
2025-09-19 21:34:26 - Subject: P3_sub-033
2025-09-19 21:34:26 -   Accuracy: 70.000%
2025-09-19 21:34:26 -   Precision: 0.667
2025-09-19 21:34:26 -   Recall: 0.800
2025-09-19 21:34:26 -   F1 Score: 0.727
2025-09-19 21:34:26 -   AUC: 0.760
2025-09-19 21:34:26 -   Correct/Total: 7/10
2025-09-19 21:34:26 -   Confusion Matrix Stats:
2025-09-19 21:34:26 -     TP: 4, TN: 3
2025-09-19 21:34:26 -     FP: 2, FN: 1
2025-09-19 21:34:26 - Subject: P3_sub-034
2025-09-19 21:34:26 -   Accuracy: 80.000%
2025-09-19 21:34:26 -   Precision: 1.000
2025-09-19 21:34:26 -   Recall: 0.667
2025-09-19 21:34:26 -   F1 Score: 0.800
2025-09-19 21:34:26 -   AUC: 1.000
2025-09-19 21:34:26 -   Correct/Total: 8/10
2025-09-19 21:34:26 -   Confusion Matrix Stats:
2025-09-19 21:34:26 -     TP: 4, TN: 4
2025-09-19 21:34:26 -     FP: 0, FN: 2
2025-09-19 21:34:26 - Subject: P3_sub-035
2025-09-19 21:34:26 -   Accuracy: 55.556%
2025-09-19 21:34:26 -   Precision: 0.667
2025-09-19 21:34:26 -   Recall: 0.667
2025-09-19 21:34:26 -   F1 Score: 0.667
2025-09-19 21:34:26 -   AUC: 0.500
2025-09-19 21:34:26 -   Correct/Total: 5/9
2025-09-19 21:34:26 -   Confusion Matrix Stats:
2025-09-19 21:34:26 -     TP: 4, TN: 1
2025-09-19 21:34:26 -     FP: 2, FN: 2
2025-09-19 21:34:26 - Subject: P3_sub-036
2025-09-19 21:34:26 -   Accuracy: 62.500%
2025-09-19 21:34:26 -   Precision: 0.750
2025-09-19 21:34:26 -   Recall: 0.600
2025-09-19 21:34:26 -   F1 Score: 0.667
2025-09-19 21:34:26 -   AUC: 0.533
2025-09-19 21:34:26 -   Correct/Total: 5/8
2025-09-19 21:34:26 -   Confusion Matrix Stats:
2025-09-19 21:34:26 -     TP: 3, TN: 2
2025-09-19 21:34:26 -     FP: 1, FN: 2
2025-09-19 21:34:26 - Subject: P3_sub-037
2025-09-19 21:34:26 -   Accuracy: 85.714%
2025-09-19 21:34:26 -   Precision: 0.800
2025-09-19 21:34:26 -   Recall: 1.000
2025-09-19 21:34:26 -   F1 Score: 0.889
2025-09-19 21:34:26 -   AUC: 0.833
2025-09-19 21:34:26 -   Correct/Total: 6/7
2025-09-19 21:34:26 -   Confusion Matrix Stats:
2025-09-19 21:34:26 -     TP: 4, TN: 2
2025-09-19 21:34:26 -     FP: 1, FN: 0
2025-09-19 21:34:26 - Subject: P3_sub-038
2025-09-19 21:34:26 -   Accuracy: 100.000%
2025-09-19 21:34:26 -   Precision: 1.000
2025-09-19 21:34:26 -   Recall: 1.000
2025-09-19 21:34:26 -   F1 Score: 1.000
2025-09-19 21:34:26 -   AUC: 1.000
2025-09-19 21:34:26 -   Correct/Total: 9/9
2025-09-19 21:34:26 -   Confusion Matrix Stats:
2025-09-19 21:34:26 -     TP: 3, TN: 6
2025-09-19 21:34:26 -     FP: 0, FN: 0
2025-09-19 21:34:26 - Subject: P3_sub-039
2025-09-19 21:34:26 -   Accuracy: 45.455%
2025-09-19 21:34:26 -   Precision: 0.000
2025-09-19 21:34:26 -   Recall: 0.000
2025-09-19 21:34:26 -   F1 Score: 0.000
2025-09-19 21:34:26 -   AUC: 0.464
2025-09-19 21:34:26 -   Correct/Total: 5/11
2025-09-19 21:34:26 -   Confusion Matrix Stats:
2025-09-19 21:34:26 -     TP: 0, TN: 5
2025-09-19 21:34:26 -     FP: 2, FN: 4
2025-09-19 21:34:26 - Subject: P3_sub-040
2025-09-19 21:34:26 -   Accuracy: 66.667%
2025-09-19 21:34:26 -   Precision: 0.600
2025-09-19 21:34:26 -   Recall: 0.750
2025-09-19 21:34:26 -   F1 Score: 0.667
2025-09-19 21:34:26 -   AUC: 0.800
2025-09-19 21:34:26 -   Correct/Total: 6/9
2025-09-19 21:34:26 -   Confusion Matrix Stats:
2025-09-19 21:34:26 -     TP: 3, TN: 3
2025-09-19 21:34:26 -     FP: 2, FN: 1
2025-09-19 21:34:26 - 
Combined Model (All Subjects) Statistics:
2025-09-19 21:34:26 - 95% Confidence Interval: [0.640, 0.716]
2025-09-19 21:34:26 - Best Subject: P3_sub-003 (1.000)
2025-09-19 21:34:26 - Worst Subject: P3_sub-008 (0.333)
2025-09-19 21:34:26 - Mean Accuracy: 0.684
2025-09-19 21:34:26 - Mean Precision: 0.690
2025-09-19 21:34:26 - Mean Recall: 0.724
2025-09-19 21:34:26 - Mean F1-Score: 0.707
2025-09-19 21:34:26 - Mean AUC: 0.730
2025-09-19 21:34:26 - Mean Confusion Matrix:
2025-09-19 21:34:26 -   TP: 4, TN: 3
2025-09-19 21:34:26 -   FP: 2, FN: 1
2025-09-19 21:34:26 - 
Combined Model – P3 Subjects Statistics:
2025-09-19 21:34:26 - 95% Confidence Interval: [0.600, 0.717]
2025-09-19 21:34:26 - Best Subject: P3_sub-003 (1.000)
2025-09-19 21:34:26 - Worst Subject: P3_sub-008 (0.333)
2025-09-19 21:34:26 - Mean Accuracy: 0.659
2025-09-19 21:34:26 - Mean Precision: 0.682
2025-09-19 21:34:26 - Mean Recall: 0.692
2025-09-19 21:34:26 - Mean F1-Score: 0.687
2025-09-19 21:34:26 - Mean AUC: 0.669
2025-09-19 21:34:26 - Mean Confusion Matrix:
2025-09-19 21:34:26 -   TP: 4, TN: 3
2025-09-19 21:34:26 -   FP: 2, FN: 2
2025-09-19 21:34:26 - 
Combined Model – AVO Subjects Statistics:
2025-09-19 21:34:26 - 95% Confidence Interval: [0.648, 0.749]
2025-09-19 21:34:26 - Best Subject: AVO_003 (0.929)
2025-09-19 21:34:26 - Worst Subject: AVO_015 (0.375)
2025-09-19 21:34:26 - Mean Accuracy: 0.708
2025-09-19 21:34:26 - Mean Precision: 0.698
2025-09-19 21:34:26 - Mean Recall: 0.758
2025-09-19 21:34:26 - Mean F1-Score: 0.727
2025-09-19 21:34:26 - Mean AUC: 0.791
2025-09-19 21:34:26 - Mean Confusion Matrix:
2025-09-19 21:34:26 -   TP: 4, TN: 3
2025-09-19 21:34:26 -   FP: 2, FN: 1
