2025-09-14 10:09:27 - 
Experiment Configuration:
2025-09-14 10:09:27 - --------------------------------------------------
2025-09-14 10:09:27 - dataset: use_combined_datasets
2025-09-14 10:09:27 - use_combined_datasets: True
2025-09-14 10:09:27 - electrode_list: common
2025-09-14 10:09:27 - classifier: EEGConformer
2025-09-14 10:09:27 - separate_subject_classification: False
2025-09-14 10:09:27 - use_subject_layer: False
2025-09-14 10:09:27 - seeds: [42]
2025-09-14 10:09:27 - --------------------------------------------------
2025-09-14 10:09:27 - 
==================================================
2025-09-14 10:09:27 - Processing Combined P3 and AVO Datasets
2025-09-14 10:09:27 - ==================================================
2025-09-14 10:11:29 - 
==================================================
2025-09-14 10:11:29 - Individual Subject Results - Combined Model
2025-09-14 10:11:29 - ==================================================
2025-09-14 10:11:29 - Subject: AVO_001
2025-09-14 10:11:29 -   Accuracy: 69.565%
2025-09-14 10:11:29 -   Precision: 1.000
2025-09-14 10:11:29 -   Recall: 0.417
2025-09-14 10:11:29 -   F1 Score: 0.588
2025-09-14 10:11:29 -   AUC: 0.818
2025-09-14 10:11:29 -   Correct/Total: 16/23
2025-09-14 10:11:29 -   Confusion Matrix Stats:
2025-09-14 10:11:29 -     TP: 5, TN: 11
2025-09-14 10:11:29 -     FP: 0, FN: 7
2025-09-14 10:11:29 - Subject: AVO_002
2025-09-14 10:11:29 -   Accuracy: 80.000%
2025-09-14 10:11:29 -   Precision: 0.857
2025-09-14 10:11:29 -   Recall: 0.750
2025-09-14 10:11:29 -   F1 Score: 0.800
2025-09-14 10:11:29 -   AUC: 0.893
2025-09-14 10:11:29 -   Correct/Total: 12/15
2025-09-14 10:11:29 -   Confusion Matrix Stats:
2025-09-14 10:11:29 -     TP: 6, TN: 6
2025-09-14 10:11:29 -     FP: 1, FN: 2
2025-09-14 10:11:29 - Subject: AVO_003
2025-09-14 10:11:29 -   Accuracy: 89.474%
2025-09-14 10:11:29 -   Precision: 0.800
2025-09-14 10:11:29 -   Recall: 1.000
2025-09-14 10:11:29 -   F1 Score: 0.889
2025-09-14 10:11:29 -   AUC: 0.898
2025-09-14 10:11:29 -   Correct/Total: 17/19
2025-09-14 10:11:29 -   Confusion Matrix Stats:
2025-09-14 10:11:29 -     TP: 8, TN: 9
2025-09-14 10:11:29 -     FP: 2, FN: 0
2025-09-14 10:11:29 - Subject: AVO_004
2025-09-14 10:11:29 -   Accuracy: 87.500%
2025-09-14 10:11:29 -   Precision: 0.875
2025-09-14 10:11:29 -   Recall: 0.875
2025-09-14 10:11:29 -   F1 Score: 0.875
2025-09-14 10:11:29 -   AUC: 0.938
2025-09-14 10:11:29 -   Correct/Total: 14/16
2025-09-14 10:11:29 -   Confusion Matrix Stats:
2025-09-14 10:11:29 -     TP: 7, TN: 7
2025-09-14 10:11:29 -     FP: 1, FN: 1
2025-09-14 10:11:29 - Subject: AVO_005
2025-09-14 10:11:29 -   Accuracy: 100.000%
2025-09-14 10:11:29 -   Precision: 1.000
2025-09-14 10:11:29 -   Recall: 1.000
2025-09-14 10:11:29 -   F1 Score: 1.000
2025-09-14 10:11:29 -   AUC: 1.000
2025-09-14 10:11:29 -   Correct/Total: 12/12
2025-09-14 10:11:29 -   Confusion Matrix Stats:
2025-09-14 10:11:29 -     TP: 5, TN: 7
2025-09-14 10:11:29 -     FP: 0, FN: 0
2025-09-14 10:11:29 - Subject: AVO_006
2025-09-14 10:11:29 -   Accuracy: 66.667%
2025-09-14 10:11:29 -   Precision: 0.556
2025-09-14 10:11:29 -   Recall: 1.000
2025-09-14 10:11:29 -   F1 Score: 0.714
2025-09-14 10:11:29 -   AUC: 0.857
2025-09-14 10:11:29 -   Correct/Total: 8/12
2025-09-14 10:11:29 -   Confusion Matrix Stats:
2025-09-14 10:11:29 -     TP: 5, TN: 3
2025-09-14 10:11:29 -     FP: 4, FN: 0
2025-09-14 10:11:29 - Subject: AVO_007
2025-09-14 10:11:29 -   Accuracy: 80.000%
2025-09-14 10:11:29 -   Precision: 0.750
2025-09-14 10:11:29 -   Recall: 0.900
2025-09-14 10:11:29 -   F1 Score: 0.818
2025-09-14 10:11:29 -   AUC: 0.910
2025-09-14 10:11:29 -   Correct/Total: 16/20
2025-09-14 10:11:29 -   Confusion Matrix Stats:
2025-09-14 10:11:29 -     TP: 9, TN: 7
2025-09-14 10:11:29 -     FP: 3, FN: 1
2025-09-14 10:11:29 - Subject: AVO_008
2025-09-14 10:11:29 -   Accuracy: 73.684%
2025-09-14 10:11:29 -   Precision: 0.750
2025-09-14 10:11:29 -   Recall: 0.667
2025-09-14 10:11:29 -   F1 Score: 0.706
2025-09-14 10:11:29 -   AUC: 0.833
2025-09-14 10:11:29 -   Correct/Total: 14/19
2025-09-14 10:11:29 -   Confusion Matrix Stats:
2025-09-14 10:11:29 -     TP: 6, TN: 8
2025-09-14 10:11:29 -     FP: 2, FN: 3
2025-09-14 10:11:29 - Subject: AVO_009
2025-09-14 10:11:29 -   Accuracy: 72.222%
2025-09-14 10:11:29 -   Precision: 0.778
2025-09-14 10:11:29 -   Recall: 0.700
2025-09-14 10:11:29 -   F1 Score: 0.737
2025-09-14 10:11:29 -   AUC: 0.875
2025-09-14 10:11:29 -   Correct/Total: 13/18
2025-09-14 10:11:29 -   Confusion Matrix Stats:
2025-09-14 10:11:29 -     TP: 7, TN: 6
2025-09-14 10:11:29 -     FP: 2, FN: 3
2025-09-14 10:11:29 - Subject: AVO_010
2025-09-14 10:11:29 -   Accuracy: 88.889%
2025-09-14 10:11:29 -   Precision: 1.000
2025-09-14 10:11:29 -   Recall: 0.833
2025-09-14 10:11:29 -   F1 Score: 0.909
2025-09-14 10:11:29 -   AUC: 1.000
2025-09-14 10:11:29 -   Correct/Total: 8/9
2025-09-14 10:11:29 -   Confusion Matrix Stats:
2025-09-14 10:11:29 -     TP: 5, TN: 3
2025-09-14 10:11:29 -     FP: 0, FN: 1
2025-09-14 10:11:29 - Subject: AVO_011
2025-09-14 10:11:29 -   Accuracy: 41.667%
2025-09-14 10:11:29 -   Precision: 0.143
2025-09-14 10:11:29 -   Recall: 0.500
2025-09-14 10:11:29 -   F1 Score: 0.222
2025-09-14 10:11:29 -   AUC: 0.350
2025-09-14 10:11:29 -   Correct/Total: 5/12
2025-09-14 10:11:29 -   Confusion Matrix Stats:
2025-09-14 10:11:29 -     TP: 1, TN: 4
2025-09-14 10:11:29 -     FP: 6, FN: 1
2025-09-14 10:11:29 - Subject: AVO_012
2025-09-14 10:11:29 -   Accuracy: 85.714%
2025-09-14 10:11:29 -   Precision: 1.000
2025-09-14 10:11:29 -   Recall: 0.778
2025-09-14 10:11:29 -   F1 Score: 0.875
2025-09-14 10:11:29 -   AUC: 1.000
2025-09-14 10:11:29 -   Correct/Total: 12/14
2025-09-14 10:11:29 -   Confusion Matrix Stats:
2025-09-14 10:11:29 -     TP: 7, TN: 5
2025-09-14 10:11:29 -     FP: 0, FN: 2
2025-09-14 10:11:29 - Subject: AVO_013
2025-09-14 10:11:29 -   Accuracy: 85.000%
2025-09-14 10:11:29 -   Precision: 0.667
2025-09-14 10:11:29 -   Recall: 1.000
2025-09-14 10:11:29 -   F1 Score: 0.800
2025-09-14 10:11:29 -   AUC: 1.000
2025-09-14 10:11:29 -   Correct/Total: 17/20
2025-09-14 10:11:29 -   Confusion Matrix Stats:
2025-09-14 10:11:29 -     TP: 6, TN: 11
2025-09-14 10:11:29 -     FP: 3, FN: 0
2025-09-14 10:11:29 - Subject: AVO_014
2025-09-14 10:11:29 -   Accuracy: 60.000%
2025-09-14 10:11:29 -   Precision: 0.545
2025-09-14 10:11:29 -   Recall: 0.857
2025-09-14 10:11:29 -   F1 Score: 0.667
2025-09-14 10:11:29 -   AUC: 0.732
2025-09-14 10:11:29 -   Correct/Total: 9/15
2025-09-14 10:11:29 -   Confusion Matrix Stats:
2025-09-14 10:11:29 -     TP: 6, TN: 3
2025-09-14 10:11:29 -     FP: 5, FN: 1
2025-09-14 10:11:29 - Subject: AVO_015
2025-09-14 10:11:29 -   Accuracy: 66.667%
2025-09-14 10:11:29 -   Precision: 0.750
2025-09-14 10:11:29 -   Recall: 0.750
2025-09-14 10:11:29 -   F1 Score: 0.750
2025-09-14 10:11:29 -   AUC: 0.531
2025-09-14 10:11:29 -   Correct/Total: 8/12
2025-09-14 10:11:29 -   Confusion Matrix Stats:
2025-09-14 10:11:29 -     TP: 6, TN: 2
2025-09-14 10:11:29 -     FP: 2, FN: 2
2025-09-14 10:11:29 - Subject: AVO_016
2025-09-14 10:11:29 -   Accuracy: 91.667%
2025-09-14 10:11:29 -   Precision: 0.889
2025-09-14 10:11:29 -   Recall: 1.000
2025-09-14 10:11:29 -   F1 Score: 0.941
2025-09-14 10:11:29 -   AUC: 0.812
2025-09-14 10:11:29 -   Correct/Total: 11/12
2025-09-14 10:11:29 -   Confusion Matrix Stats:
2025-09-14 10:11:29 -     TP: 8, TN: 3
2025-09-14 10:11:29 -     FP: 1, FN: 0
2025-09-14 10:11:29 - Subject: AVO_017
2025-09-14 10:11:29 -   Accuracy: 88.889%
2025-09-14 10:11:29 -   Precision: 1.000
2025-09-14 10:11:29 -   Recall: 0.833
2025-09-14 10:11:29 -   F1 Score: 0.909
2025-09-14 10:11:29 -   AUC: 0.944
2025-09-14 10:11:29 -   Correct/Total: 16/18
2025-09-14 10:11:29 -   Confusion Matrix Stats:
2025-09-14 10:11:29 -     TP: 10, TN: 6
2025-09-14 10:11:29 -     FP: 0, FN: 2
2025-09-14 10:11:29 - Subject: AVO_018
2025-09-14 10:11:29 -   Accuracy: 75.000%
2025-09-14 10:11:29 -   Precision: 1.000
2025-09-14 10:11:29 -   Recall: 0.500
2025-09-14 10:11:29 -   F1 Score: 0.667
2025-09-14 10:11:29 -   AUC: 1.000
2025-09-14 10:11:29 -   Correct/Total: 3/4
2025-09-14 10:11:29 -   Confusion Matrix Stats:
2025-09-14 10:11:29 -     TP: 1, TN: 2
2025-09-14 10:11:29 -     FP: 0, FN: 1
2025-09-14 10:11:29 - Subject: AVO_019
2025-09-14 10:11:29 -   Accuracy: 100.000%
2025-09-14 10:11:29 -   Precision: 1.000
2025-09-14 10:11:29 -   Recall: 1.000
2025-09-14 10:11:29 -   F1 Score: 1.000
2025-09-14 10:11:29 -   AUC: 1.000
2025-09-14 10:11:29 -   Correct/Total: 16/16
2025-09-14 10:11:29 -   Confusion Matrix Stats:
2025-09-14 10:11:29 -     TP: 7, TN: 9
2025-09-14 10:11:29 -     FP: 0, FN: 0
2025-09-14 10:11:29 - Subject: AVO_020
2025-09-14 10:11:29 -   Accuracy: 53.846%
2025-09-14 10:11:29 -   Precision: 0.500
2025-09-14 10:11:29 -   Recall: 0.500
2025-09-14 10:11:29 -   F1 Score: 0.500
2025-09-14 10:11:29 -   AUC: 0.690
2025-09-14 10:11:29 -   Correct/Total: 7/13
2025-09-14 10:11:29 -   Confusion Matrix Stats:
2025-09-14 10:11:29 -     TP: 3, TN: 4
2025-09-14 10:11:29 -     FP: 3, FN: 3
2025-09-14 10:11:29 - Subject: AVO_021
2025-09-14 10:11:29 -   Accuracy: 77.778%
2025-09-14 10:11:29 -   Precision: 0.714
2025-09-14 10:11:29 -   Recall: 1.000
2025-09-14 10:11:29 -   F1 Score: 0.833
2025-09-14 10:11:29 -   AUC: 0.662
2025-09-14 10:11:29 -   Correct/Total: 14/18
2025-09-14 10:11:29 -   Confusion Matrix Stats:
2025-09-14 10:11:29 -     TP: 10, TN: 4
2025-09-14 10:11:29 -     FP: 4, FN: 0
2025-09-14 10:11:29 - Subject: AVO_022
2025-09-14 10:11:29 -   Accuracy: 75.000%
2025-09-14 10:11:29 -   Precision: 0.667
2025-09-14 10:11:29 -   Recall: 0.889
2025-09-14 10:11:29 -   F1 Score: 0.762
2025-09-14 10:11:29 -   AUC: 0.949
2025-09-14 10:11:29 -   Correct/Total: 15/20
2025-09-14 10:11:29 -   Confusion Matrix Stats:
2025-09-14 10:11:29 -     TP: 8, TN: 7
2025-09-14 10:11:29 -     FP: 4, FN: 1
2025-09-14 10:11:29 - Subject: AVO_023
2025-09-14 10:11:29 -   Accuracy: 84.615%
2025-09-14 10:11:29 -   Precision: 0.750
2025-09-14 10:11:29 -   Recall: 1.000
2025-09-14 10:11:29 -   F1 Score: 0.857
2025-09-14 10:11:29 -   AUC: 0.833
2025-09-14 10:11:29 -   Correct/Total: 11/13
2025-09-14 10:11:29 -   Confusion Matrix Stats:
2025-09-14 10:11:29 -     TP: 6, TN: 5
2025-09-14 10:11:29 -     FP: 2, FN: 0
2025-09-14 10:11:29 - Subject: AVO_024
2025-09-14 10:11:29 -   Accuracy: 82.353%
2025-09-14 10:11:29 -   Precision: 0.667
2025-09-14 10:11:29 -   Recall: 1.000
2025-09-14 10:11:29 -   F1 Score: 0.800
2025-09-14 10:11:29 -   AUC: 0.894
2025-09-14 10:11:29 -   Correct/Total: 14/17
2025-09-14 10:11:29 -   Confusion Matrix Stats:
2025-09-14 10:11:29 -     TP: 6, TN: 8
2025-09-14 10:11:29 -     FP: 3, FN: 0
2025-09-14 10:11:29 - Subject: AVO_025
2025-09-14 10:11:29 -   Accuracy: 58.333%
2025-09-14 10:11:29 -   Precision: 0.667
2025-09-14 10:11:29 -   Recall: 0.571
2025-09-14 10:11:29 -   F1 Score: 0.615
2025-09-14 10:11:29 -   AUC: 0.657
2025-09-14 10:11:29 -   Correct/Total: 7/12
2025-09-14 10:11:29 -   Confusion Matrix Stats:
2025-09-14 10:11:29 -     TP: 4, TN: 3
2025-09-14 10:11:29 -     FP: 2, FN: 3
2025-09-14 10:11:29 - Subject: AVO_026
2025-09-14 10:11:29 -   Accuracy: 100.000%
2025-09-14 10:11:29 -   Precision: 1.000
2025-09-14 10:11:29 -   Recall: 1.000
2025-09-14 10:11:29 -   F1 Score: 1.000
2025-09-14 10:11:29 -   AUC: 1.000
2025-09-14 10:11:29 -   Correct/Total: 17/17
2025-09-14 10:11:29 -   Confusion Matrix Stats:
2025-09-14 10:11:29 -     TP: 11, TN: 6
2025-09-14 10:11:29 -     FP: 0, FN: 0
2025-09-14 10:11:29 - Subject: AVO_027
2025-09-14 10:11:29 -   Accuracy: 84.615%
2025-09-14 10:11:29 -   Precision: 1.000
2025-09-14 10:11:29 -   Recall: 0.750
2025-09-14 10:11:29 -   F1 Score: 0.857
2025-09-14 10:11:29 -   AUC: 0.900
2025-09-14 10:11:29 -   Correct/Total: 11/13
2025-09-14 10:11:29 -   Confusion Matrix Stats:
2025-09-14 10:11:29 -     TP: 6, TN: 5
2025-09-14 10:11:29 -     FP: 0, FN: 2
2025-09-14 10:11:29 - Subject: AVO_028
2025-09-14 10:11:29 -   Accuracy: 80.952%
2025-09-14 10:11:29 -   Precision: 0.600
2025-09-14 10:11:29 -   Recall: 1.000
2025-09-14 10:11:29 -   F1 Score: 0.750
2025-09-14 10:11:29 -   AUC: 0.989
2025-09-14 10:11:29 -   Correct/Total: 17/21
2025-09-14 10:11:29 -   Confusion Matrix Stats:
2025-09-14 10:11:29 -     TP: 6, TN: 11
2025-09-14 10:11:29 -     FP: 4, FN: 0
2025-09-14 10:11:29 - Subject: AVO_029
2025-09-14 10:11:29 -   Accuracy: 90.000%
2025-09-14 10:11:29 -   Precision: 0.800
2025-09-14 10:11:29 -   Recall: 1.000
2025-09-14 10:11:29 -   F1 Score: 0.889
2025-09-14 10:11:29 -   AUC: 1.000
2025-09-14 10:11:29 -   Correct/Total: 9/10
2025-09-14 10:11:29 -   Confusion Matrix Stats:
2025-09-14 10:11:29 -     TP: 4, TN: 5
2025-09-14 10:11:29 -     FP: 1, FN: 0
2025-09-14 10:11:29 - Subject: AVO_030
2025-09-14 10:11:29 -   Accuracy: 92.308%
2025-09-14 10:11:29 -   Precision: 1.000
2025-09-14 10:11:29 -   Recall: 0.857
2025-09-14 10:11:29 -   F1 Score: 0.923
2025-09-14 10:11:29 -   AUC: 1.000
2025-09-14 10:11:29 -   Correct/Total: 12/13
2025-09-14 10:11:29 -   Confusion Matrix Stats:
2025-09-14 10:11:29 -     TP: 6, TN: 6
2025-09-14 10:11:29 -     FP: 0, FN: 1
2025-09-14 10:11:29 - Subject: AVO_031
2025-09-14 10:11:29 -   Accuracy: 85.714%
2025-09-14 10:11:29 -   Precision: 0.875
2025-09-14 10:11:29 -   Recall: 0.778
2025-09-14 10:11:29 -   F1 Score: 0.824
2025-09-14 10:11:29 -   AUC: 0.880
2025-09-14 10:11:29 -   Correct/Total: 18/21
2025-09-14 10:11:29 -   Confusion Matrix Stats:
2025-09-14 10:11:29 -     TP: 7, TN: 11
2025-09-14 10:11:29 -     FP: 1, FN: 2
2025-09-14 10:11:29 - Subject: AVO_032
2025-09-14 10:11:29 -   Accuracy: 77.273%
2025-09-14 10:11:29 -   Precision: 0.800
2025-09-14 10:11:29 -   Recall: 0.727
2025-09-14 10:11:29 -   F1 Score: 0.762
2025-09-14 10:11:29 -   AUC: 0.942
2025-09-14 10:11:29 -   Correct/Total: 17/22
2025-09-14 10:11:29 -   Confusion Matrix Stats:
2025-09-14 10:11:29 -     TP: 8, TN: 9
2025-09-14 10:11:29 -     FP: 2, FN: 3
2025-09-14 10:11:29 - Subject: AVO_033
2025-09-14 10:11:29 -   Accuracy: 94.444%
2025-09-14 10:11:29 -   Precision: 1.000
2025-09-14 10:11:29 -   Recall: 0.833
2025-09-14 10:11:29 -   F1 Score: 0.909
2025-09-14 10:11:29 -   AUC: 1.000
2025-09-14 10:11:29 -   Correct/Total: 17/18
2025-09-14 10:11:29 -   Confusion Matrix Stats:
2025-09-14 10:11:29 -     TP: 5, TN: 12
2025-09-14 10:11:29 -     FP: 0, FN: 1
2025-09-14 10:11:29 - Subject: AVO_034
2025-09-14 10:11:29 -   Accuracy: 87.500%
2025-09-14 10:11:29 -   Precision: 0.800
2025-09-14 10:11:29 -   Recall: 1.000
2025-09-14 10:11:29 -   F1 Score: 0.889
2025-09-14 10:11:29 -   AUC: 0.938
2025-09-14 10:11:29 -   Correct/Total: 7/8
2025-09-14 10:11:29 -   Confusion Matrix Stats:
2025-09-14 10:11:29 -     TP: 4, TN: 3
2025-09-14 10:11:29 -     FP: 1, FN: 0
2025-09-14 10:11:29 - Subject: AVO_035
2025-09-14 10:11:29 -   Accuracy: 53.846%
2025-09-14 10:11:29 -   Precision: 0.667
2025-09-14 10:11:29 -   Recall: 0.500
2025-09-14 10:11:29 -   F1 Score: 0.571
2025-09-14 10:11:29 -   AUC: 0.575
2025-09-14 10:11:29 -   Correct/Total: 7/13
2025-09-14 10:11:29 -   Confusion Matrix Stats:
2025-09-14 10:11:29 -     TP: 4, TN: 3
2025-09-14 10:11:29 -     FP: 2, FN: 4
2025-09-14 10:11:29 - Subject: AVO_036
2025-09-14 10:11:29 -   Accuracy: 65.000%
2025-09-14 10:11:29 -   Precision: 0.625
2025-09-14 10:11:29 -   Recall: 0.556
2025-09-14 10:11:29 -   F1 Score: 0.588
2025-09-14 10:11:29 -   AUC: 0.667
2025-09-14 10:11:29 -   Correct/Total: 13/20
2025-09-14 10:11:29 -   Confusion Matrix Stats:
2025-09-14 10:11:29 -     TP: 5, TN: 8
2025-09-14 10:11:29 -     FP: 3, FN: 4
2025-09-14 10:11:29 - Subject: AVO_037
2025-09-14 10:11:29 -   Accuracy: 70.000%
2025-09-14 10:11:29 -   Precision: 0.571
2025-09-14 10:11:29 -   Recall: 1.000
2025-09-14 10:11:29 -   F1 Score: 0.727
2025-09-14 10:11:29 -   AUC: 0.771
2025-09-14 10:11:29 -   Correct/Total: 14/20
2025-09-14 10:11:29 -   Confusion Matrix Stats:
2025-09-14 10:11:29 -     TP: 8, TN: 6
2025-09-14 10:11:29 -     FP: 6, FN: 0
2025-09-14 10:11:29 - Subject: AVO_038
2025-09-14 10:11:29 -   Accuracy: 60.000%
2025-09-14 10:11:29 -   Precision: 0.727
2025-09-14 10:11:29 -   Recall: 0.615
2025-09-14 10:11:29 -   F1 Score: 0.667
2025-09-14 10:11:29 -   AUC: 0.637
2025-09-14 10:11:29 -   Correct/Total: 12/20
2025-09-14 10:11:29 -   Confusion Matrix Stats:
2025-09-14 10:11:29 -     TP: 8, TN: 4
2025-09-14 10:11:29 -     FP: 3, FN: 5
2025-09-14 10:11:29 - Subject: AVO_039
2025-09-14 10:11:29 -   Accuracy: 57.143%
2025-09-14 10:11:29 -   Precision: 0.625
2025-09-14 10:11:29 -   Recall: 0.625
2025-09-14 10:11:29 -   F1 Score: 0.625
2025-09-14 10:11:29 -   AUC: 0.729
2025-09-14 10:11:29 -   Correct/Total: 8/14
2025-09-14 10:11:29 -   Confusion Matrix Stats:
2025-09-14 10:11:29 -     TP: 5, TN: 3
2025-09-14 10:11:29 -     FP: 3, FN: 3
2025-09-14 10:11:29 - Subject: AVO_040
2025-09-14 10:11:29 -   Accuracy: 78.571%
2025-09-14 10:11:29 -   Precision: 0.667
2025-09-14 10:11:29 -   Recall: 1.000
2025-09-14 10:11:29 -   F1 Score: 0.800
2025-09-14 10:11:29 -   AUC: 0.875
2025-09-14 10:11:29 -   Correct/Total: 11/14
2025-09-14 10:11:29 -   Confusion Matrix Stats:
2025-09-14 10:11:29 -     TP: 6, TN: 5
2025-09-14 10:11:29 -     FP: 3, FN: 0
2025-09-14 10:11:29 - Subject: P3_sub-001
2025-09-14 10:11:29 -   Accuracy: 52.941%
2025-09-14 10:11:29 -   Precision: 0.571
2025-09-14 10:11:29 -   Recall: 0.444
2025-09-14 10:11:29 -   F1 Score: 0.500
2025-09-14 10:11:29 -   AUC: 0.708
2025-09-14 10:11:29 -   Correct/Total: 9/17
2025-09-14 10:11:29 -   Confusion Matrix Stats:
2025-09-14 10:11:29 -     TP: 4, TN: 5
2025-09-14 10:11:29 -     FP: 3, FN: 5
2025-09-14 10:11:29 - Subject: P3_sub-002
2025-09-14 10:11:29 -   Accuracy: 92.308%
2025-09-14 10:11:29 -   Precision: 0.900
2025-09-14 10:11:29 -   Recall: 1.000
2025-09-14 10:11:29 -   F1 Score: 0.947
2025-09-14 10:11:29 -   AUC: 0.917
2025-09-14 10:11:29 -   Correct/Total: 12/13
2025-09-14 10:11:29 -   Confusion Matrix Stats:
2025-09-14 10:11:29 -     TP: 9, TN: 3
2025-09-14 10:11:29 -     FP: 1, FN: 0
2025-09-14 10:11:29 - Subject: P3_sub-003
2025-09-14 10:11:29 -   Accuracy: 70.588%
2025-09-14 10:11:29 -   Precision: 1.000
2025-09-14 10:11:29 -   Recall: 0.643
2025-09-14 10:11:29 -   F1 Score: 0.783
2025-09-14 10:11:29 -   AUC: 0.976
2025-09-14 10:11:29 -   Correct/Total: 12/17
2025-09-14 10:11:29 -   Confusion Matrix Stats:
2025-09-14 10:11:29 -     TP: 9, TN: 3
2025-09-14 10:11:29 -     FP: 0, FN: 5
2025-09-14 10:11:29 - Subject: P3_sub-004
2025-09-14 10:11:29 -   Accuracy: 76.190%
2025-09-14 10:11:29 -   Precision: 0.778
2025-09-14 10:11:29 -   Recall: 0.700
2025-09-14 10:11:29 -   F1 Score: 0.737
2025-09-14 10:11:29 -   AUC: 0.845
2025-09-14 10:11:29 -   Correct/Total: 16/21
2025-09-14 10:11:29 -   Confusion Matrix Stats:
2025-09-14 10:11:29 -     TP: 7, TN: 9
2025-09-14 10:11:29 -     FP: 2, FN: 3
2025-09-14 10:11:29 - Subject: P3_sub-005
2025-09-14 10:11:29 -   Accuracy: 76.923%
2025-09-14 10:11:29 -   Precision: 0.714
2025-09-14 10:11:29 -   Recall: 0.833
2025-09-14 10:11:29 -   F1 Score: 0.769
2025-09-14 10:11:29 -   AUC: 0.810
2025-09-14 10:11:29 -   Correct/Total: 10/13
2025-09-14 10:11:29 -   Confusion Matrix Stats:
2025-09-14 10:11:29 -     TP: 5, TN: 5
2025-09-14 10:11:29 -     FP: 2, FN: 1
2025-09-14 10:11:29 - Subject: P3_sub-006
2025-09-14 10:11:29 -   Accuracy: 37.500%
2025-09-14 10:11:29 -   Precision: 0.500
2025-09-14 10:11:29 -   Recall: 0.200
2025-09-14 10:11:29 -   F1 Score: 0.286
2025-09-14 10:11:29 -   AUC: 0.333
2025-09-14 10:11:29 -   Correct/Total: 3/8
2025-09-14 10:11:29 -   Confusion Matrix Stats:
2025-09-14 10:11:29 -     TP: 1, TN: 2
2025-09-14 10:11:29 -     FP: 1, FN: 4
2025-09-14 10:11:29 - Subject: P3_sub-007
2025-09-14 10:11:29 -   Accuracy: 60.000%
2025-09-14 10:11:29 -   Precision: 0.400
2025-09-14 10:11:29 -   Recall: 0.667
2025-09-14 10:11:29 -   F1 Score: 0.500
2025-09-14 10:11:29 -   AUC: 0.714
2025-09-14 10:11:29 -   Correct/Total: 6/10
2025-09-14 10:11:29 -   Confusion Matrix Stats:
2025-09-14 10:11:29 -     TP: 2, TN: 4
2025-09-14 10:11:29 -     FP: 3, FN: 1
2025-09-14 10:11:29 - Subject: P3_sub-008
2025-09-14 10:11:29 -   Accuracy: 58.333%
2025-09-14 10:11:29 -   Precision: 0.800
2025-09-14 10:11:29 -   Recall: 0.500
2025-09-14 10:11:29 -   F1 Score: 0.615
2025-09-14 10:11:29 -   AUC: 0.781
2025-09-14 10:11:29 -   Correct/Total: 7/12
2025-09-14 10:11:29 -   Confusion Matrix Stats:
2025-09-14 10:11:29 -     TP: 4, TN: 3
2025-09-14 10:11:29 -     FP: 1, FN: 4
2025-09-14 10:11:29 - Subject: P3_sub-009
2025-09-14 10:11:29 -   Accuracy: 64.706%
2025-09-14 10:11:29 -   Precision: 0.571
2025-09-14 10:11:29 -   Recall: 0.571
2025-09-14 10:11:29 -   F1 Score: 0.571
2025-09-14 10:11:29 -   AUC: 0.586
2025-09-14 10:11:29 -   Correct/Total: 11/17
2025-09-14 10:11:29 -   Confusion Matrix Stats:
2025-09-14 10:11:29 -     TP: 4, TN: 7
2025-09-14 10:11:29 -     FP: 3, FN: 3
2025-09-14 10:11:29 - Subject: P3_sub-010
2025-09-14 10:11:29 -   Accuracy: 53.846%
2025-09-14 10:11:29 -   Precision: 1.000
2025-09-14 10:11:29 -   Recall: 0.143
2025-09-14 10:11:29 -   F1 Score: 0.250
2025-09-14 10:11:29 -   AUC: 0.762
2025-09-14 10:11:29 -   Correct/Total: 7/13
2025-09-14 10:11:29 -   Confusion Matrix Stats:
2025-09-14 10:11:29 -     TP: 1, TN: 6
2025-09-14 10:11:29 -     FP: 0, FN: 6
2025-09-14 10:11:29 - Subject: P3_sub-011
2025-09-14 10:11:29 -   Accuracy: 60.000%
2025-09-14 10:11:29 -   Precision: 0.556
2025-09-14 10:11:29 -   Recall: 0.556
2025-09-14 10:11:29 -   F1 Score: 0.556
2025-09-14 10:11:29 -   AUC: 0.596
2025-09-14 10:11:29 -   Correct/Total: 12/20
2025-09-14 10:11:29 -   Confusion Matrix Stats:
2025-09-14 10:11:29 -     TP: 5, TN: 7
2025-09-14 10:11:29 -     FP: 4, FN: 4
2025-09-14 10:11:29 - Subject: P3_sub-012
2025-09-14 10:11:29 -   Accuracy: 84.615%
2025-09-14 10:11:29 -   Precision: 0.867
2025-09-14 10:11:29 -   Recall: 0.867
2025-09-14 10:11:29 -   F1 Score: 0.867
2025-09-14 10:11:29 -   AUC: 0.867
2025-09-14 10:11:29 -   Correct/Total: 22/26
2025-09-14 10:11:29 -   Confusion Matrix Stats:
2025-09-14 10:11:29 -     TP: 13, TN: 9
2025-09-14 10:11:29 -     FP: 2, FN: 2
2025-09-14 10:11:29 - Subject: P3_sub-013
2025-09-14 10:11:29 -   Accuracy: 46.154%
2025-09-14 10:11:29 -   Precision: 0.500
2025-09-14 10:11:29 -   Recall: 0.286
2025-09-14 10:11:29 -   F1 Score: 0.364
2025-09-14 10:11:29 -   AUC: 0.476
2025-09-14 10:11:29 -   Correct/Total: 6/13
2025-09-14 10:11:29 -   Confusion Matrix Stats:
2025-09-14 10:11:29 -     TP: 2, TN: 4
2025-09-14 10:11:29 -     FP: 2, FN: 5
2025-09-14 10:11:29 - Subject: P3_sub-014
2025-09-14 10:11:29 -   Accuracy: 73.333%
2025-09-14 10:11:29 -   Precision: 0.800
2025-09-14 10:11:29 -   Recall: 0.571
2025-09-14 10:11:29 -   F1 Score: 0.667
2025-09-14 10:11:29 -   AUC: 0.732
2025-09-14 10:11:29 -   Correct/Total: 11/15
2025-09-14 10:11:29 -   Confusion Matrix Stats:
2025-09-14 10:11:29 -     TP: 4, TN: 7
2025-09-14 10:11:29 -     FP: 1, FN: 3
2025-09-14 10:11:29 - Subject: P3_sub-015
2025-09-14 10:11:29 -   Accuracy: 80.000%
2025-09-14 10:11:29 -   Precision: 0.778
2025-09-14 10:11:29 -   Recall: 0.875
2025-09-14 10:11:29 -   F1 Score: 0.824
2025-09-14 10:11:29 -   AUC: 0.893
2025-09-14 10:11:29 -   Correct/Total: 12/15
2025-09-14 10:11:29 -   Confusion Matrix Stats:
2025-09-14 10:11:29 -     TP: 7, TN: 5
2025-09-14 10:11:29 -     FP: 2, FN: 1
2025-09-14 10:11:29 - Subject: P3_sub-016
2025-09-14 10:11:29 -   Accuracy: 81.250%
2025-09-14 10:11:29 -   Precision: 0.750
2025-09-14 10:11:29 -   Recall: 0.857
2025-09-14 10:11:29 -   F1 Score: 0.800
2025-09-14 10:11:29 -   AUC: 0.857
2025-09-14 10:11:29 -   Correct/Total: 13/16
2025-09-14 10:11:29 -   Confusion Matrix Stats:
2025-09-14 10:11:29 -     TP: 6, TN: 7
2025-09-14 10:11:29 -     FP: 2, FN: 1
2025-09-14 10:11:29 - Subject: P3_sub-017
2025-09-14 10:11:29 -   Accuracy: 72.727%
2025-09-14 10:11:29 -   Precision: 0.600
2025-09-14 10:11:29 -   Recall: 0.750
2025-09-14 10:11:29 -   F1 Score: 0.667
2025-09-14 10:11:29 -   AUC: 0.821
2025-09-14 10:11:29 -   Correct/Total: 16/22
2025-09-14 10:11:29 -   Confusion Matrix Stats:
2025-09-14 10:11:29 -     TP: 6, TN: 10
2025-09-14 10:11:29 -     FP: 4, FN: 2
2025-09-14 10:11:29 - Subject: P3_sub-018
2025-09-14 10:11:29 -   Accuracy: 53.846%
2025-09-14 10:11:29 -   Precision: 0.333
2025-09-14 10:11:29 -   Recall: 1.000
2025-09-14 10:11:29 -   F1 Score: 0.500
2025-09-14 10:11:29 -   AUC: 0.933
2025-09-14 10:11:29 -   Correct/Total: 7/13
2025-09-14 10:11:29 -   Confusion Matrix Stats:
2025-09-14 10:11:29 -     TP: 3, TN: 4
2025-09-14 10:11:29 -     FP: 6, FN: 0
2025-09-14 10:11:29 - Subject: P3_sub-019
2025-09-14 10:11:29 -   Accuracy: 50.000%
2025-09-14 10:11:29 -   Precision: 0.667
2025-09-14 10:11:29 -   Recall: 0.500
2025-09-14 10:11:29 -   F1 Score: 0.571
2025-09-14 10:11:29 -   AUC: 0.500
2025-09-14 10:11:29 -   Correct/Total: 6/12
2025-09-14 10:11:29 -   Confusion Matrix Stats:
2025-09-14 10:11:29 -     TP: 4, TN: 2
2025-09-14 10:11:29 -     FP: 2, FN: 4
2025-09-14 10:11:29 - Subject: P3_sub-020
2025-09-14 10:11:29 -   Accuracy: 72.727%
2025-09-14 10:11:29 -   Precision: 0.600
2025-09-14 10:11:29 -   Recall: 0.750
2025-09-14 10:11:29 -   F1 Score: 0.667
2025-09-14 10:11:29 -   AUC: 0.857
2025-09-14 10:11:29 -   Correct/Total: 8/11
2025-09-14 10:11:29 -   Confusion Matrix Stats:
2025-09-14 10:11:29 -     TP: 3, TN: 5
2025-09-14 10:11:29 -     FP: 2, FN: 1
2025-09-14 10:11:29 - Subject: P3_sub-021
2025-09-14 10:11:29 -   Accuracy: 60.000%
2025-09-14 10:11:29 -   Precision: 0.500
2025-09-14 10:11:29 -   Recall: 0.500
2025-09-14 10:11:29 -   F1 Score: 0.500
2025-09-14 10:11:29 -   AUC: 0.667
2025-09-14 10:11:29 -   Correct/Total: 6/10
2025-09-14 10:11:29 -   Confusion Matrix Stats:
2025-09-14 10:11:29 -     TP: 2, TN: 4
2025-09-14 10:11:29 -     FP: 2, FN: 2
2025-09-14 10:11:29 - Subject: P3_sub-022
2025-09-14 10:11:29 -   Accuracy: 86.957%
2025-09-14 10:11:29 -   Precision: 0.923
2025-09-14 10:11:29 -   Recall: 0.857
2025-09-14 10:11:29 -   F1 Score: 0.889
2025-09-14 10:11:29 -   AUC: 0.937
2025-09-14 10:11:29 -   Correct/Total: 20/23
2025-09-14 10:11:29 -   Confusion Matrix Stats:
2025-09-14 10:11:29 -     TP: 12, TN: 8
2025-09-14 10:11:29 -     FP: 1, FN: 2
2025-09-14 10:11:29 - Subject: P3_sub-023
2025-09-14 10:11:29 -   Accuracy: 69.231%
2025-09-14 10:11:29 -   Precision: 1.000
2025-09-14 10:11:29 -   Recall: 0.333
2025-09-14 10:11:29 -   F1 Score: 0.500
2025-09-14 10:11:29 -   AUC: 0.810
2025-09-14 10:11:29 -   Correct/Total: 9/13
2025-09-14 10:11:29 -   Confusion Matrix Stats:
2025-09-14 10:11:29 -     TP: 2, TN: 7
2025-09-14 10:11:29 -     FP: 0, FN: 4
2025-09-14 10:11:29 - Subject: P3_sub-024
2025-09-14 10:11:29 -   Accuracy: 73.684%
2025-09-14 10:11:29 -   Precision: 0.636
2025-09-14 10:11:29 -   Recall: 0.875
2025-09-14 10:11:29 -   F1 Score: 0.737
2025-09-14 10:11:29 -   AUC: 0.875
2025-09-14 10:11:29 -   Correct/Total: 14/19
2025-09-14 10:11:29 -   Confusion Matrix Stats:
2025-09-14 10:11:29 -     TP: 7, TN: 7
2025-09-14 10:11:29 -     FP: 4, FN: 1
2025-09-14 10:11:29 - Subject: P3_sub-025
2025-09-14 10:11:29 -   Accuracy: 70.588%
2025-09-14 10:11:29 -   Precision: 1.000
2025-09-14 10:11:29 -   Recall: 0.375
2025-09-14 10:11:29 -   F1 Score: 0.545
2025-09-14 10:11:29 -   AUC: 0.903
2025-09-14 10:11:29 -   Correct/Total: 12/17
2025-09-14 10:11:29 -   Confusion Matrix Stats:
2025-09-14 10:11:29 -     TP: 3, TN: 9
2025-09-14 10:11:29 -     FP: 0, FN: 5
2025-09-14 10:11:29 - Subject: P3_sub-026
2025-09-14 10:11:29 -   Accuracy: 50.000%
2025-09-14 10:11:29 -   Precision: 0.556
2025-09-14 10:11:29 -   Recall: 0.625
2025-09-14 10:11:29 -   F1 Score: 0.588
2025-09-14 10:11:29 -   AUC: 0.583
2025-09-14 10:11:29 -   Correct/Total: 7/14
2025-09-14 10:11:29 -   Confusion Matrix Stats:
2025-09-14 10:11:29 -     TP: 5, TN: 2
2025-09-14 10:11:29 -     FP: 4, FN: 3
2025-09-14 10:11:29 - Subject: P3_sub-027
2025-09-14 10:11:29 -   Accuracy: 64.706%
2025-09-14 10:11:29 -   Precision: 0.833
2025-09-14 10:11:29 -   Recall: 0.500
2025-09-14 10:11:29 -   F1 Score: 0.625
2025-09-14 10:11:29 -   AUC: 0.600
2025-09-14 10:11:29 -   Correct/Total: 11/17
2025-09-14 10:11:29 -   Confusion Matrix Stats:
2025-09-14 10:11:29 -     TP: 5, TN: 6
2025-09-14 10:11:29 -     FP: 1, FN: 5
2025-09-14 10:11:29 - Subject: P3_sub-028
2025-09-14 10:11:29 -   Accuracy: 82.609%
2025-09-14 10:11:29 -   Precision: 1.000
2025-09-14 10:11:29 -   Recall: 0.733
2025-09-14 10:11:29 -   F1 Score: 0.846
2025-09-14 10:11:29 -   AUC: 0.925
2025-09-14 10:11:29 -   Correct/Total: 19/23
2025-09-14 10:11:29 -   Confusion Matrix Stats:
2025-09-14 10:11:29 -     TP: 11, TN: 8
2025-09-14 10:11:29 -     FP: 0, FN: 4
2025-09-14 10:11:29 - Subject: P3_sub-029
2025-09-14 10:11:29 -   Accuracy: 62.500%
2025-09-14 10:11:29 -   Precision: 0.571
2025-09-14 10:11:29 -   Recall: 0.571
2025-09-14 10:11:29 -   F1 Score: 0.571
2025-09-14 10:11:29 -   AUC: 0.683
2025-09-14 10:11:29 -   Correct/Total: 10/16
2025-09-14 10:11:29 -   Confusion Matrix Stats:
2025-09-14 10:11:29 -     TP: 4, TN: 6
2025-09-14 10:11:29 -     FP: 3, FN: 3
2025-09-14 10:11:29 - Subject: P3_sub-030
2025-09-14 10:11:29 -   Accuracy: 68.750%
2025-09-14 10:11:29 -   Precision: 0.714
2025-09-14 10:11:29 -   Recall: 0.625
2025-09-14 10:11:29 -   F1 Score: 0.667
2025-09-14 10:11:29 -   AUC: 0.828
2025-09-14 10:11:29 -   Correct/Total: 11/16
2025-09-14 10:11:29 -   Confusion Matrix Stats:
2025-09-14 10:11:29 -     TP: 5, TN: 6
2025-09-14 10:11:29 -     FP: 2, FN: 3
2025-09-14 10:11:29 - Subject: P3_sub-031
2025-09-14 10:11:29 -   Accuracy: 68.421%
2025-09-14 10:11:29 -   Precision: 0.769
2025-09-14 10:11:29 -   Recall: 0.769
2025-09-14 10:11:29 -   F1 Score: 0.769
2025-09-14 10:11:29 -   AUC: 0.692
2025-09-14 10:11:29 -   Correct/Total: 13/19
2025-09-14 10:11:29 -   Confusion Matrix Stats:
2025-09-14 10:11:29 -     TP: 10, TN: 3
2025-09-14 10:11:29 -     FP: 3, FN: 3
2025-09-14 10:11:29 - Subject: P3_sub-032
2025-09-14 10:11:29 -   Accuracy: 78.261%
2025-09-14 10:11:29 -   Precision: 0.714
2025-09-14 10:11:29 -   Recall: 0.909
2025-09-14 10:11:29 -   F1 Score: 0.800
2025-09-14 10:11:29 -   AUC: 0.886
2025-09-14 10:11:29 -   Correct/Total: 18/23
2025-09-14 10:11:29 -   Confusion Matrix Stats:
2025-09-14 10:11:29 -     TP: 10, TN: 8
2025-09-14 10:11:29 -     FP: 4, FN: 1
2025-09-14 10:11:29 - Subject: P3_sub-033
2025-09-14 10:11:29 -   Accuracy: 57.143%
2025-09-14 10:11:29 -   Precision: 0.556
2025-09-14 10:11:29 -   Recall: 0.714
2025-09-14 10:11:29 -   F1 Score: 0.625
2025-09-14 10:11:29 -   AUC: 0.694
2025-09-14 10:11:29 -   Correct/Total: 8/14
2025-09-14 10:11:29 -   Confusion Matrix Stats:
2025-09-14 10:11:29 -     TP: 5, TN: 3
2025-09-14 10:11:29 -     FP: 4, FN: 2
2025-09-14 10:11:29 - Subject: P3_sub-034
2025-09-14 10:11:29 -   Accuracy: 78.571%
2025-09-14 10:11:29 -   Precision: 0.571
2025-09-14 10:11:29 -   Recall: 1.000
2025-09-14 10:11:29 -   F1 Score: 0.727
2025-09-14 10:11:29 -   AUC: 1.000
2025-09-14 10:11:29 -   Correct/Total: 11/14
2025-09-14 10:11:29 -   Confusion Matrix Stats:
2025-09-14 10:11:29 -     TP: 4, TN: 7
2025-09-14 10:11:29 -     FP: 3, FN: 0
2025-09-14 10:11:29 - Subject: P3_sub-035
2025-09-14 10:11:29 -   Accuracy: 75.000%
2025-09-14 10:11:29 -   Precision: 1.000
2025-09-14 10:11:29 -   Recall: 0.700
2025-09-14 10:11:29 -   F1 Score: 0.824
2025-09-14 10:11:29 -   AUC: 0.850
2025-09-14 10:11:29 -   Correct/Total: 9/12
2025-09-14 10:11:29 -   Confusion Matrix Stats:
2025-09-14 10:11:29 -     TP: 7, TN: 2
2025-09-14 10:11:29 -     FP: 0, FN: 3
2025-09-14 10:11:29 - Subject: P3_sub-036
2025-09-14 10:11:29 -   Accuracy: 61.538%
2025-09-14 10:11:29 -   Precision: 0.500
2025-09-14 10:11:29 -   Recall: 0.600
2025-09-14 10:11:29 -   F1 Score: 0.545
2025-09-14 10:11:29 -   AUC: 0.700
2025-09-14 10:11:29 -   Correct/Total: 8/13
2025-09-14 10:11:29 -   Confusion Matrix Stats:
2025-09-14 10:11:29 -     TP: 3, TN: 5
2025-09-14 10:11:29 -     FP: 3, FN: 2
2025-09-14 10:11:29 - Subject: P3_sub-037
2025-09-14 10:11:29 -   Accuracy: 81.818%
2025-09-14 10:11:29 -   Precision: 0.857
2025-09-14 10:11:29 -   Recall: 0.857
2025-09-14 10:11:29 -   F1 Score: 0.857
2025-09-14 10:11:29 -   AUC: 0.750
2025-09-14 10:11:29 -   Correct/Total: 9/11
2025-09-14 10:11:29 -   Confusion Matrix Stats:
2025-09-14 10:11:29 -     TP: 6, TN: 3
2025-09-14 10:11:29 -     FP: 1, FN: 1
2025-09-14 10:11:29 - Subject: P3_sub-038
2025-09-14 10:11:29 -   Accuracy: 90.000%
2025-09-14 10:11:29 -   Precision: 1.000
2025-09-14 10:11:29 -   Recall: 0.778
2025-09-14 10:11:29 -   F1 Score: 0.875
2025-09-14 10:11:29 -   AUC: 0.980
2025-09-14 10:11:29 -   Correct/Total: 18/20
2025-09-14 10:11:29 -   Confusion Matrix Stats:
2025-09-14 10:11:29 -     TP: 7, TN: 11
2025-09-14 10:11:29 -     FP: 0, FN: 2
2025-09-14 10:11:29 - Subject: P3_sub-039
2025-09-14 10:11:29 -   Accuracy: 55.556%
2025-09-14 10:11:29 -   Precision: 0.500
2025-09-14 10:11:29 -   Recall: 0.250
2025-09-14 10:11:29 -   F1 Score: 0.333
2025-09-14 10:11:29 -   AUC: 0.550
2025-09-14 10:11:29 -   Correct/Total: 5/9
2025-09-14 10:11:29 -   Confusion Matrix Stats:
2025-09-14 10:11:29 -     TP: 1, TN: 4
2025-09-14 10:11:29 -     FP: 1, FN: 3
2025-09-14 10:11:29 - Subject: P3_sub-040
2025-09-14 10:11:29 -   Accuracy: 76.923%
2025-09-14 10:11:29 -   Precision: 0.714
2025-09-14 10:11:29 -   Recall: 0.833
2025-09-14 10:11:29 -   F1 Score: 0.769
2025-09-14 10:11:29 -   AUC: 0.857
2025-09-14 10:11:29 -   Correct/Total: 10/13
2025-09-14 10:11:29 -   Confusion Matrix Stats:
2025-09-14 10:11:29 -     TP: 5, TN: 5
2025-09-14 10:11:29 -     FP: 2, FN: 1
2025-09-14 10:11:29 - 
Combined Model (All Subjects) Statistics:
2025-09-14 10:11:29 - Mean Accuracy: 0.730
2025-09-14 10:11:29 - 95% Confidence Interval: [0.699, 0.762]
2025-09-14 10:11:29 - Best Subject: AVO_005 (1.000)
2025-09-14 10:11:29 - Worst Subject: P3_sub-006 (0.375)
2025-09-14 10:11:29 - Mean Precision: 0.741
2025-09-14 10:11:29 - Mean Recall: 0.736
2025-09-14 10:11:29 - Mean F1-Score: 0.739
2025-09-14 10:11:29 - Mean AUC: 0.809
2025-09-14 10:11:29 - Mean Confusion Matrix:
2025-09-14 10:11:29 -   TP: 6, TN: 6
2025-09-14 10:11:29 -   FP: 2, FN: 2
2025-09-14 10:11:29 - 
Combined Model – P3 Subjects Statistics:
2025-09-14 10:11:29 - Mean Accuracy: 0.683
2025-09-14 10:11:29 - 95% Confidence Interval: [0.642, 0.723]
2025-09-14 10:11:29 - Best Subject: P3_sub-002 (0.923)
2025-09-14 10:11:29 - Worst Subject: P3_sub-006 (0.375)
2025-09-14 10:11:29 - Mean Precision: 0.724
2025-09-14 10:11:29 - Mean Recall: 0.670
2025-09-14 10:11:29 - Mean F1-Score: 0.696
2025-09-14 10:11:29 - Mean AUC: 0.768
2025-09-14 10:11:29 - Mean Confusion Matrix:
2025-09-14 10:11:29 -   TP: 5, TN: 6
2025-09-14 10:11:29 -   FP: 2, FN: 3
2025-09-14 10:11:29 - 
Combined Model – AVO Subjects Statistics:
2025-09-14 10:11:29 - Mean Accuracy: 0.778
2025-09-14 10:11:29 - 95% Confidence Interval: [0.733, 0.823]
2025-09-14 10:11:29 - Best Subject: AVO_005 (1.000)
2025-09-14 10:11:29 - Worst Subject: AVO_011 (0.417)
2025-09-14 10:11:29 - Mean Precision: 0.756
2025-09-14 10:11:29 - Mean Recall: 0.806
2025-09-14 10:11:29 - Mean F1-Score: 0.780
2025-09-14 10:11:29 - Mean AUC: 0.850
2025-09-14 10:11:29 - Mean Confusion Matrix:
2025-09-14 10:11:29 -   TP: 6, TN: 6
2025-09-14 10:11:29 -   FP: 2, FN: 1
