2025-09-19 23:00:07 - 
Experiment Configuration:
2025-09-19 23:00:07 - --------------------------------------------------
2025-09-19 23:00:07 - dataset: use_combined_datasets
2025-09-19 23:00:07 - use_combined_datasets: True
2025-09-19 23:00:07 - electrode_list: all
2025-09-19 23:00:07 - classifier: SepConv1D
2025-09-19 23:00:07 - separate_subject_classification: False
2025-09-19 23:00:07 - use_subject_layer: False
2025-09-19 23:00:07 - seeds: [42]
2025-09-19 23:00:07 - electrode_fusion_method: spatial_attention
2025-09-19 23:00:07 - domain_adaptation_method: none
2025-09-19 23:00:07 - enable_comprehensive_evaluation: True
2025-09-19 23:00:07 - enable_domain_analysis: True
2025-09-19 23:00:07 - enable_small_sample_analysis: False
2025-09-19 23:00:07 - small_sample_sizes: [5, 10, 15, 20]
2025-09-19 23:00:07 - small_sample_subjects: [5, 10, 15]
2025-09-19 23:00:07 - --------------------------------------------------
2025-09-19 23:00:07 - 
==================================================
2025-09-19 23:00:07 - Processing Combined P3 and AVO Datasets
2025-09-19 23:00:07 - ==================================================
2025-09-19 23:00:07 - 启用融合方法: spatial_attention, 域适应: none
2025-09-19 23:00:07 - 融合模式：使用各数据集的原生电极配置
2025-09-19 23:00:07 - Processing datasets: ['P3', 'AVO']
2025-09-19 23:00:07 - Processing dataset: P3
2025-09-19 23:00:13 - Dataset P3 processed: 1840 training samples
2025-09-19 23:00:13 - Processing dataset: AVO
2025-09-19 23:00:20 - Dataset AVO processed: 720 training samples
2025-09-19 23:00:20 - Created data loaders for P3
2025-09-19 23:00:20 - Created data loaders for AVO
2025-09-19 23:00:20 - Training fusion model: spatial_attention with domain adaptation: none
2025-09-19 23:00:27 - Fusion experiment completed successfully
2025-09-19 23:00:27 - Final accuracy: 0.6359375
