2025-09-12 17:02:12 - 
Experiment Configuration:
2025-09-12 17:02:12 - --------------------------------------------------
2025-09-12 17:02:12 - dataset: use_combined_datasets
2025-09-12 17:02:12 - use_combined_datasets: True
2025-09-12 17:02:12 - electrode_list: common
2025-09-12 17:02:12 - classifier: EEGConformer
2025-09-12 17:02:12 - separate_subject_classification: False
2025-09-12 17:02:12 - use_subject_layer: False
2025-09-12 17:02:12 - seeds: [42]
2025-09-12 17:02:12 - --------------------------------------------------
2025-09-12 17:02:12 - 
==================================================
2025-09-12 17:02:12 - Processing Combined P3 and AVO Datasets
2025-09-12 17:02:12 - ==================================================
2025-09-12 17:18:22 - 
==================================================
2025-09-12 17:18:22 - Individual Subject Results - Combined Model
2025-09-12 17:18:22 - ==================================================
2025-09-12 17:18:22 - Subject: AVO_001
2025-09-12 17:18:22 -   Accuracy: 90.000%
2025-09-12 17:18:22 -   Precision: 1.000
2025-09-12 17:18:22 -   Recall: 0.833
2025-09-12 17:18:22 -   F1 Score: 0.909
2025-09-12 17:18:22 -   AUC: 1.000
2025-09-12 17:18:22 -   Correct/Total: 9/10
2025-09-12 17:18:22 -   Confusion Matrix Stats:
2025-09-12 17:18:22 -     TP: 5, TN: 4
2025-09-12 17:18:22 -     FP: 0, FN: 1
2025-09-12 17:18:22 - Subject: AVO_002
2025-09-12 17:18:22 -   Accuracy: 77.778%
2025-09-12 17:18:22 -   Precision: 0.833
2025-09-12 17:18:22 -   Recall: 0.833
2025-09-12 17:18:22 -   F1 Score: 0.833
2025-09-12 17:18:22 -   AUC: 0.722
2025-09-12 17:18:22 -   Correct/Total: 7/9
2025-09-12 17:18:22 -   Confusion Matrix Stats:
2025-09-12 17:18:22 -     TP: 5, TN: 2
2025-09-12 17:18:22 -     FP: 1, FN: 1
2025-09-12 17:18:22 - Subject: AVO_003
2025-09-12 17:18:22 -   Accuracy: 66.667%
2025-09-12 17:18:22 -   Precision: 0.667
2025-09-12 17:18:22 -   Recall: 0.750
2025-09-12 17:18:22 -   F1 Score: 0.706
2025-09-12 17:18:22 -   AUC: 0.839
2025-09-12 17:18:22 -   Correct/Total: 10/15
2025-09-12 17:18:22 -   Confusion Matrix Stats:
2025-09-12 17:18:22 -     TP: 6, TN: 4
2025-09-12 17:18:22 -     FP: 3, FN: 2
2025-09-12 17:18:22 - Subject: AVO_004
2025-09-12 17:18:22 -   Accuracy: 82.353%
2025-09-12 17:18:22 -   Precision: 0.833
2025-09-12 17:18:22 -   Recall: 0.714
2025-09-12 17:18:22 -   F1 Score: 0.769
2025-09-12 17:18:22 -   AUC: 0.857
2025-09-12 17:18:22 -   Correct/Total: 14/17
2025-09-12 17:18:22 -   Confusion Matrix Stats:
2025-09-12 17:18:22 -     TP: 5, TN: 9
2025-09-12 17:18:22 -     FP: 1, FN: 2
2025-09-12 17:18:22 - Subject: AVO_005
2025-09-12 17:18:22 -   Accuracy: 84.615%
2025-09-12 17:18:22 -   Precision: 0.667
2025-09-12 17:18:22 -   Recall: 1.000
2025-09-12 17:18:22 -   F1 Score: 0.800
2025-09-12 17:18:22 -   AUC: 0.917
2025-09-12 17:18:22 -   Correct/Total: 11/13
2025-09-12 17:18:22 -   Confusion Matrix Stats:
2025-09-12 17:18:22 -     TP: 4, TN: 7
2025-09-12 17:18:22 -     FP: 2, FN: 0
2025-09-12 17:18:22 - Subject: AVO_006
2025-09-12 17:18:22 -   Accuracy: 92.857%
2025-09-12 17:18:22 -   Precision: 0.833
2025-09-12 17:18:22 -   Recall: 1.000
2025-09-12 17:18:22 -   F1 Score: 0.909
2025-09-12 17:18:22 -   AUC: 0.889
2025-09-12 17:18:22 -   Correct/Total: 13/14
2025-09-12 17:18:22 -   Confusion Matrix Stats:
2025-09-12 17:18:22 -     TP: 5, TN: 8
2025-09-12 17:18:22 -     FP: 1, FN: 0
2025-09-12 17:18:22 - Subject: AVO_007
2025-09-12 17:18:22 -   Accuracy: 55.556%
2025-09-12 17:18:22 -   Precision: 0.500
2025-09-12 17:18:22 -   Recall: 0.500
2025-09-12 17:18:22 -   F1 Score: 0.500
2025-09-12 17:18:22 -   AUC: 0.713
2025-09-12 17:18:22 -   Correct/Total: 10/18
2025-09-12 17:18:22 -   Confusion Matrix Stats:
2025-09-12 17:18:22 -     TP: 4, TN: 6
2025-09-12 17:18:22 -     FP: 4, FN: 4
2025-09-12 17:18:22 - Subject: AVO_008
2025-09-12 17:18:22 -   Accuracy: 84.211%
2025-09-12 17:18:22 -   Precision: 0.857
2025-09-12 17:18:22 -   Recall: 0.750
2025-09-12 17:18:22 -   F1 Score: 0.800
2025-09-12 17:18:22 -   AUC: 0.875
2025-09-12 17:18:22 -   Correct/Total: 16/19
2025-09-12 17:18:22 -   Confusion Matrix Stats:
2025-09-12 17:18:22 -     TP: 6, TN: 10
2025-09-12 17:18:22 -     FP: 1, FN: 2
2025-09-12 17:18:22 - Subject: AVO_009
2025-09-12 17:18:22 -   Accuracy: 66.667%
2025-09-12 17:18:22 -   Precision: 0.600
2025-09-12 17:18:22 -   Recall: 0.857
2025-09-12 17:18:22 -   F1 Score: 0.706
2025-09-12 17:18:22 -   AUC: 0.768
2025-09-12 17:18:22 -   Correct/Total: 10/15
2025-09-12 17:18:22 -   Confusion Matrix Stats:
2025-09-12 17:18:22 -     TP: 6, TN: 4
2025-09-12 17:18:22 -     FP: 4, FN: 1
2025-09-12 17:18:22 - Subject: AVO_010
2025-09-12 17:18:22 -   Accuracy: 77.778%
2025-09-12 17:18:22 -   Precision: 0.833
2025-09-12 17:18:22 -   Recall: 0.833
2025-09-12 17:18:22 -   F1 Score: 0.833
2025-09-12 17:18:22 -   AUC: 0.944
2025-09-12 17:18:22 -   Correct/Total: 7/9
2025-09-12 17:18:22 -   Confusion Matrix Stats:
2025-09-12 17:18:22 -     TP: 5, TN: 2
2025-09-12 17:18:22 -     FP: 1, FN: 1
2025-09-12 17:18:22 - Subject: AVO_011
2025-09-12 17:18:22 -   Accuracy: 80.000%
2025-09-12 17:18:22 -   Precision: 0.667
2025-09-12 17:18:22 -   Recall: 0.800
2025-09-12 17:18:22 -   F1 Score: 0.727
2025-09-12 17:18:22 -   AUC: 0.880
2025-09-12 17:18:22 -   Correct/Total: 12/15
2025-09-12 17:18:22 -   Confusion Matrix Stats:
2025-09-12 17:18:22 -     TP: 4, TN: 8
2025-09-12 17:18:22 -     FP: 2, FN: 1
2025-09-12 17:18:22 - Subject: AVO_012
2025-09-12 17:18:22 -   Accuracy: 72.222%
2025-09-12 17:18:22 -   Precision: 0.692
2025-09-12 17:18:22 -   Recall: 0.900
2025-09-12 17:18:22 -   F1 Score: 0.783
2025-09-12 17:18:22 -   AUC: 0.900
2025-09-12 17:18:22 -   Correct/Total: 13/18
2025-09-12 17:18:22 -   Confusion Matrix Stats:
2025-09-12 17:18:22 -     TP: 9, TN: 4
2025-09-12 17:18:22 -     FP: 4, FN: 1
2025-09-12 17:18:22 - Subject: AVO_013
2025-09-12 17:18:22 -   Accuracy: 83.333%
2025-09-12 17:18:22 -   Precision: 0.800
2025-09-12 17:18:22 -   Recall: 0.800
2025-09-12 17:18:22 -   F1 Score: 0.800
2025-09-12 17:18:22 -   AUC: 0.971
2025-09-12 17:18:22 -   Correct/Total: 10/12
2025-09-12 17:18:22 -   Confusion Matrix Stats:
2025-09-12 17:18:22 -     TP: 4, TN: 6
2025-09-12 17:18:22 -     FP: 1, FN: 1
2025-09-12 17:18:22 - Subject: AVO_014
2025-09-12 17:18:22 -   Accuracy: 53.846%
2025-09-12 17:18:22 -   Precision: 0.429
2025-09-12 17:18:22 -   Recall: 0.600
2025-09-12 17:18:22 -   F1 Score: 0.500
2025-09-12 17:18:22 -   AUC: 0.525
2025-09-12 17:18:22 -   Correct/Total: 7/13
2025-09-12 17:18:22 -   Confusion Matrix Stats:
2025-09-12 17:18:22 -     TP: 3, TN: 4
2025-09-12 17:18:22 -     FP: 4, FN: 2
2025-09-12 17:18:22 - Subject: AVO_015
2025-09-12 17:18:22 -   Accuracy: 84.615%
2025-09-12 17:18:22 -   Precision: 0.857
2025-09-12 17:18:22 -   Recall: 0.857
2025-09-12 17:18:22 -   F1 Score: 0.857
2025-09-12 17:18:22 -   AUC: 0.952
2025-09-12 17:18:22 -   Correct/Total: 11/13
2025-09-12 17:18:22 -   Confusion Matrix Stats:
2025-09-12 17:18:22 -     TP: 6, TN: 5
2025-09-12 17:18:22 -     FP: 1, FN: 1
2025-09-12 17:18:22 - Subject: AVO_016
2025-09-12 17:18:22 -   Accuracy: 93.750%
2025-09-12 17:18:22 -   Precision: 0.900
2025-09-12 17:18:22 -   Recall: 1.000
2025-09-12 17:18:22 -   F1 Score: 0.947
2025-09-12 17:18:22 -   AUC: 1.000
2025-09-12 17:18:22 -   Correct/Total: 15/16
2025-09-12 17:18:22 -   Confusion Matrix Stats:
2025-09-12 17:18:22 -     TP: 9, TN: 6
2025-09-12 17:18:22 -     FP: 1, FN: 0
2025-09-12 17:18:22 - Subject: AVO_017
2025-09-12 17:18:22 -   Accuracy: 92.857%
2025-09-12 17:18:22 -   Precision: 0.833
2025-09-12 17:18:22 -   Recall: 1.000
2025-09-12 17:18:22 -   F1 Score: 0.909
2025-09-12 17:18:22 -   AUC: 0.978
2025-09-12 17:18:22 -   Correct/Total: 13/14
2025-09-12 17:18:22 -   Confusion Matrix Stats:
2025-09-12 17:18:22 -     TP: 5, TN: 8
2025-09-12 17:18:22 -     FP: 1, FN: 0
2025-09-12 17:18:22 - Subject: AVO_018
2025-09-12 17:18:22 -   Accuracy: 50.000%
2025-09-12 17:18:22 -   Precision: 1.000
2025-09-12 17:18:22 -   Recall: 0.250
2025-09-12 17:18:22 -   F1 Score: 0.400
2025-09-12 17:18:22 -   AUC: 0.500
2025-09-12 17:18:22 -   Correct/Total: 3/6
2025-09-12 17:18:22 -   Confusion Matrix Stats:
2025-09-12 17:18:22 -     TP: 1, TN: 2
2025-09-12 17:18:22 -     FP: 0, FN: 3
2025-09-12 17:18:22 - Subject: AVO_019
2025-09-12 17:18:22 -   Accuracy: 92.857%
2025-09-12 17:18:22 -   Precision: 0.800
2025-09-12 17:18:22 -   Recall: 1.000
2025-09-12 17:18:22 -   F1 Score: 0.889
2025-09-12 17:18:22 -   AUC: 0.975
2025-09-12 17:18:22 -   Correct/Total: 13/14
2025-09-12 17:18:22 -   Confusion Matrix Stats:
2025-09-12 17:18:22 -     TP: 4, TN: 9
2025-09-12 17:18:22 -     FP: 1, FN: 0
2025-09-12 17:18:22 - Subject: AVO_020
2025-09-12 17:18:22 -   Accuracy: 72.222%
2025-09-12 17:18:22 -   Precision: 0.700
2025-09-12 17:18:22 -   Recall: 0.778
2025-09-12 17:18:22 -   F1 Score: 0.737
2025-09-12 17:18:22 -   AUC: 0.852
2025-09-12 17:18:22 -   Correct/Total: 13/18
2025-09-12 17:18:22 -   Confusion Matrix Stats:
2025-09-12 17:18:22 -     TP: 7, TN: 6
2025-09-12 17:18:22 -     FP: 3, FN: 2
2025-09-12 17:18:22 - Subject: AVO_021
2025-09-12 17:18:22 -   Accuracy: 89.474%
2025-09-12 17:18:22 -   Precision: 0.909
2025-09-12 17:18:22 -   Recall: 0.909
2025-09-12 17:18:22 -   F1 Score: 0.909
2025-09-12 17:18:22 -   AUC: 0.864
2025-09-12 17:18:22 -   Correct/Total: 17/19
2025-09-12 17:18:22 -   Confusion Matrix Stats:
2025-09-12 17:18:22 -     TP: 10, TN: 7
2025-09-12 17:18:22 -     FP: 1, FN: 1
2025-09-12 17:18:22 - Subject: AVO_022
2025-09-12 17:18:22 -   Accuracy: 77.778%
2025-09-12 17:18:22 -   Precision: 0.625
2025-09-12 17:18:22 -   Recall: 0.833
2025-09-12 17:18:22 -   F1 Score: 0.714
2025-09-12 17:18:22 -   AUC: 0.861
2025-09-12 17:18:22 -   Correct/Total: 14/18
2025-09-12 17:18:22 -   Confusion Matrix Stats:
2025-09-12 17:18:22 -     TP: 5, TN: 9
2025-09-12 17:18:22 -     FP: 3, FN: 1
2025-09-12 17:18:22 - Subject: AVO_023
2025-09-12 17:18:22 -   Accuracy: 92.857%
2025-09-12 17:18:22 -   Precision: 0.875
2025-09-12 17:18:22 -   Recall: 1.000
2025-09-12 17:18:22 -   F1 Score: 0.933
2025-09-12 17:18:22 -   AUC: 0.939
2025-09-12 17:18:22 -   Correct/Total: 13/14
2025-09-12 17:18:22 -   Confusion Matrix Stats:
2025-09-12 17:18:22 -     TP: 7, TN: 6
2025-09-12 17:18:22 -     FP: 1, FN: 0
2025-09-12 17:18:22 - Subject: AVO_024
2025-09-12 17:18:22 -   Accuracy: 100.000%
2025-09-12 17:18:22 -   Precision: 1.000
2025-09-12 17:18:22 -   Recall: 1.000
2025-09-12 17:18:22 -   F1 Score: 1.000
2025-09-12 17:18:22 -   AUC: 1.000
2025-09-12 17:18:22 -   Correct/Total: 24/24
2025-09-12 17:18:22 -   Confusion Matrix Stats:
2025-09-12 17:18:22 -     TP: 15, TN: 9
2025-09-12 17:18:22 -     FP: 0, FN: 0
2025-09-12 17:18:22 - Subject: AVO_025
2025-09-12 17:18:22 -   Accuracy: 69.231%
2025-09-12 17:18:22 -   Precision: 1.000
2025-09-12 17:18:22 -   Recall: 0.556
2025-09-12 17:18:22 -   F1 Score: 0.714
2025-09-12 17:18:22 -   AUC: 1.000
2025-09-12 17:18:22 -   Correct/Total: 9/13
2025-09-12 17:18:22 -   Confusion Matrix Stats:
2025-09-12 17:18:22 -     TP: 5, TN: 4
2025-09-12 17:18:22 -     FP: 0, FN: 4
2025-09-12 17:18:22 - Subject: AVO_026
2025-09-12 17:18:22 -   Accuracy: 93.750%
2025-09-12 17:18:22 -   Precision: 0.900
2025-09-12 17:18:22 -   Recall: 1.000
2025-09-12 17:18:22 -   F1 Score: 0.947
2025-09-12 17:18:22 -   AUC: 0.905
2025-09-12 17:18:22 -   Correct/Total: 15/16
2025-09-12 17:18:22 -   Confusion Matrix Stats:
2025-09-12 17:18:22 -     TP: 9, TN: 6
2025-09-12 17:18:22 -     FP: 1, FN: 0
2025-09-12 17:18:22 - Subject: AVO_027
2025-09-12 17:18:22 -   Accuracy: 83.333%
2025-09-12 17:18:22 -   Precision: 1.000
2025-09-12 17:18:22 -   Recall: 0.714
2025-09-12 17:18:22 -   F1 Score: 0.833
2025-09-12 17:18:22 -   AUC: 0.943
2025-09-12 17:18:22 -   Correct/Total: 10/12
2025-09-12 17:18:22 -   Confusion Matrix Stats:
2025-09-12 17:18:22 -     TP: 5, TN: 5
2025-09-12 17:18:22 -     FP: 0, FN: 2
2025-09-12 17:18:22 - Subject: AVO_028
2025-09-12 17:18:22 -   Accuracy: 93.750%
2025-09-12 17:18:22 -   Precision: 0.900
2025-09-12 17:18:22 -   Recall: 1.000
2025-09-12 17:18:22 -   F1 Score: 0.947
2025-09-12 17:18:22 -   AUC: 0.905
2025-09-12 17:18:22 -   Correct/Total: 15/16
2025-09-12 17:18:22 -   Confusion Matrix Stats:
2025-09-12 17:18:22 -     TP: 9, TN: 6
2025-09-12 17:18:22 -     FP: 1, FN: 0
2025-09-12 17:18:22 - Subject: AVO_029
2025-09-12 17:18:22 -   Accuracy: 78.947%
2025-09-12 17:18:22 -   Precision: 0.857
2025-09-12 17:18:22 -   Recall: 0.667
2025-09-12 17:18:22 -   F1 Score: 0.750
2025-09-12 17:18:22 -   AUC: 0.867
2025-09-12 17:18:22 -   Correct/Total: 15/19
2025-09-12 17:18:22 -   Confusion Matrix Stats:
2025-09-12 17:18:22 -     TP: 6, TN: 9
2025-09-12 17:18:22 -     FP: 1, FN: 3
2025-09-12 17:18:22 - Subject: AVO_030
2025-09-12 17:18:22 -   Accuracy: 80.000%
2025-09-12 17:18:22 -   Precision: 1.000
2025-09-12 17:18:22 -   Recall: 0.500
2025-09-12 17:18:22 -   F1 Score: 0.667
2025-09-12 17:18:22 -   AUC: 0.833
2025-09-12 17:18:22 -   Correct/Total: 8/10
2025-09-12 17:18:22 -   Confusion Matrix Stats:
2025-09-12 17:18:22 -     TP: 2, TN: 6
2025-09-12 17:18:22 -     FP: 0, FN: 2
2025-09-12 17:18:22 - Subject: AVO_031
2025-09-12 17:18:22 -   Accuracy: 100.000%
2025-09-12 17:18:22 -   Precision: 1.000
2025-09-12 17:18:22 -   Recall: 1.000
2025-09-12 17:18:22 -   F1 Score: 1.000
2025-09-12 17:18:22 -   AUC: 1.000
2025-09-12 17:18:22 -   Correct/Total: 14/14
2025-09-12 17:18:22 -   Confusion Matrix Stats:
2025-09-12 17:18:22 -     TP: 8, TN: 6
2025-09-12 17:18:22 -     FP: 0, FN: 0
2025-09-12 17:18:22 - Subject: AVO_032
2025-09-12 17:18:22 -   Accuracy: 85.185%
2025-09-12 17:18:22 -   Precision: 0.857
2025-09-12 17:18:22 -   Recall: 0.857
2025-09-12 17:18:22 -   F1 Score: 0.857
2025-09-12 17:18:22 -   AUC: 0.978
2025-09-12 17:18:22 -   Correct/Total: 23/27
2025-09-12 17:18:22 -   Confusion Matrix Stats:
2025-09-12 17:18:22 -     TP: 12, TN: 11
2025-09-12 17:18:22 -     FP: 2, FN: 2
2025-09-12 17:18:22 - Subject: AVO_033
2025-09-12 17:18:22 -   Accuracy: 100.000%
2025-09-12 17:18:22 -   Precision: 1.000
2025-09-12 17:18:22 -   Recall: 1.000
2025-09-12 17:18:22 -   F1 Score: 1.000
2025-09-12 17:18:22 -   AUC: 1.000
2025-09-12 17:18:22 -   Correct/Total: 11/11
2025-09-12 17:18:22 -   Confusion Matrix Stats:
2025-09-12 17:18:22 -     TP: 6, TN: 5
2025-09-12 17:18:22 -     FP: 0, FN: 0
2025-09-12 17:18:22 - Subject: AVO_034
2025-09-12 17:18:22 -   Accuracy: 72.222%
2025-09-12 17:18:22 -   Precision: 0.727
2025-09-12 17:18:22 -   Recall: 0.800
2025-09-12 17:18:22 -   F1 Score: 0.762
2025-09-12 17:18:22 -   AUC: 0.762
2025-09-12 17:18:22 -   Correct/Total: 13/18
2025-09-12 17:18:22 -   Confusion Matrix Stats:
2025-09-12 17:18:22 -     TP: 8, TN: 5
2025-09-12 17:18:22 -     FP: 3, FN: 2
2025-09-12 17:18:22 - Subject: AVO_035
2025-09-12 17:18:22 -   Accuracy: 77.778%
2025-09-12 17:18:22 -   Precision: 0.857
2025-09-12 17:18:22 -   Recall: 0.667
2025-09-12 17:18:22 -   F1 Score: 0.750
2025-09-12 17:18:22 -   AUC: 0.864
2025-09-12 17:18:22 -   Correct/Total: 14/18
2025-09-12 17:18:22 -   Confusion Matrix Stats:
2025-09-12 17:18:22 -     TP: 6, TN: 8
2025-09-12 17:18:22 -     FP: 1, FN: 3
2025-09-12 17:18:22 - Subject: AVO_036
2025-09-12 17:18:22 -   Accuracy: 75.000%
2025-09-12 17:18:22 -   Precision: 0.800
2025-09-12 17:18:22 -   Recall: 0.500
2025-09-12 17:18:22 -   F1 Score: 0.615
2025-09-12 17:18:22 -   AUC: 0.760
2025-09-12 17:18:22 -   Correct/Total: 15/20
2025-09-12 17:18:22 -   Confusion Matrix Stats:
2025-09-12 17:18:22 -     TP: 4, TN: 11
2025-09-12 17:18:22 -     FP: 1, FN: 4
2025-09-12 17:18:22 - Subject: AVO_037
2025-09-12 17:18:22 -   Accuracy: 80.000%
2025-09-12 17:18:22 -   Precision: 0.900
2025-09-12 17:18:22 -   Recall: 0.692
2025-09-12 17:18:22 -   F1 Score: 0.783
2025-09-12 17:18:22 -   AUC: 0.910
2025-09-12 17:18:22 -   Correct/Total: 20/25
2025-09-12 17:18:22 -   Confusion Matrix Stats:
2025-09-12 17:18:22 -     TP: 9, TN: 11
2025-09-12 17:18:22 -     FP: 1, FN: 4
2025-09-12 17:18:22 - Subject: AVO_038
2025-09-12 17:18:22 -   Accuracy: 83.333%
2025-09-12 17:18:22 -   Precision: 1.000
2025-09-12 17:18:22 -   Recall: 0.700
2025-09-12 17:18:22 -   F1 Score: 0.824
2025-09-12 17:18:22 -   AUC: 0.912
2025-09-12 17:18:22 -   Correct/Total: 15/18
2025-09-12 17:18:22 -   Confusion Matrix Stats:
2025-09-12 17:18:22 -     TP: 7, TN: 8
2025-09-12 17:18:22 -     FP: 0, FN: 3
2025-09-12 17:18:22 - Subject: AVO_039
2025-09-12 17:18:22 -   Accuracy: 77.778%
2025-09-12 17:18:22 -   Precision: 0.600
2025-09-12 17:18:22 -   Recall: 1.000
2025-09-12 17:18:22 -   F1 Score: 0.750
2025-09-12 17:18:22 -   AUC: 0.944
2025-09-12 17:18:22 -   Correct/Total: 7/9
2025-09-12 17:18:22 -   Confusion Matrix Stats:
2025-09-12 17:18:22 -     TP: 3, TN: 4
2025-09-12 17:18:22 -     FP: 2, FN: 0
2025-09-12 17:18:22 - Subject: AVO_040
2025-09-12 17:18:22 -   Accuracy: 82.353%
2025-09-12 17:18:22 -   Precision: 0.700
2025-09-12 17:18:22 -   Recall: 1.000
2025-09-12 17:18:22 -   F1 Score: 0.824
2025-09-12 17:18:22 -   AUC: 1.000
2025-09-12 17:18:22 -   Correct/Total: 14/17
2025-09-12 17:18:22 -   Confusion Matrix Stats:
2025-09-12 17:18:22 -     TP: 7, TN: 7
2025-09-12 17:18:22 -     FP: 3, FN: 0
2025-09-12 17:18:22 - Subject: P3_sub-001
2025-09-12 17:18:22 -   Accuracy: 50.000%
2025-09-12 17:18:22 -   Precision: 0.667
2025-09-12 17:18:22 -   Recall: 0.333
2025-09-12 17:18:22 -   F1 Score: 0.444
2025-09-12 17:18:22 -   AUC: 0.667
2025-09-12 17:18:22 -   Correct/Total: 10/20
2025-09-12 17:18:22 -   Confusion Matrix Stats:
2025-09-12 17:18:22 -     TP: 4, TN: 6
2025-09-12 17:18:22 -     FP: 2, FN: 8
2025-09-12 17:18:22 - Subject: P3_sub-002
2025-09-12 17:18:22 -   Accuracy: 78.571%
2025-09-12 17:18:22 -   Precision: 0.875
2025-09-12 17:18:22 -   Recall: 0.778
2025-09-12 17:18:22 -   F1 Score: 0.824
2025-09-12 17:18:22 -   AUC: 0.889
2025-09-12 17:18:22 -   Correct/Total: 11/14
2025-09-12 17:18:22 -   Confusion Matrix Stats:
2025-09-12 17:18:22 -     TP: 7, TN: 4
2025-09-12 17:18:22 -     FP: 1, FN: 2
2025-09-12 17:18:22 - Subject: P3_sub-003
2025-09-12 17:18:22 -   Accuracy: 70.588%
2025-09-12 17:18:22 -   Precision: 0.857
2025-09-12 17:18:22 -   Recall: 0.600
2025-09-12 17:18:22 -   F1 Score: 0.706
2025-09-12 17:18:22 -   AUC: 0.800
2025-09-12 17:18:22 -   Correct/Total: 12/17
2025-09-12 17:18:22 -   Confusion Matrix Stats:
2025-09-12 17:18:22 -     TP: 6, TN: 6
2025-09-12 17:18:22 -     FP: 1, FN: 4
2025-09-12 17:18:22 - Subject: P3_sub-004
2025-09-12 17:18:22 -   Accuracy: 73.684%
2025-09-12 17:18:22 -   Precision: 0.636
2025-09-12 17:18:22 -   Recall: 0.875
2025-09-12 17:18:22 -   F1 Score: 0.737
2025-09-12 17:18:22 -   AUC: 0.875
2025-09-12 17:18:22 -   Correct/Total: 14/19
2025-09-12 17:18:22 -   Confusion Matrix Stats:
2025-09-12 17:18:22 -     TP: 7, TN: 7
2025-09-12 17:18:22 -     FP: 4, FN: 1
2025-09-12 17:18:22 - Subject: P3_sub-005
2025-09-12 17:18:22 -   Accuracy: 53.846%
2025-09-12 17:18:22 -   Precision: 0.333
2025-09-12 17:18:22 -   Recall: 0.200
2025-09-12 17:18:22 -   F1 Score: 0.250
2025-09-12 17:18:22 -   AUC: 0.500
2025-09-12 17:18:22 -   Correct/Total: 7/13
2025-09-12 17:18:22 -   Confusion Matrix Stats:
2025-09-12 17:18:22 -     TP: 1, TN: 6
2025-09-12 17:18:22 -     FP: 2, FN: 4
2025-09-12 17:18:22 - Subject: P3_sub-006
2025-09-12 17:18:22 -   Accuracy: 29.412%
2025-09-12 17:18:22 -   Precision: 0.400
2025-09-12 17:18:22 -   Recall: 0.182
2025-09-12 17:18:22 -   F1 Score: 0.250
2025-09-12 17:18:22 -   AUC: 0.273
2025-09-12 17:18:22 -   Correct/Total: 5/17
2025-09-12 17:18:22 -   Confusion Matrix Stats:
2025-09-12 17:18:22 -     TP: 2, TN: 3
2025-09-12 17:18:22 -     FP: 3, FN: 9
2025-09-12 17:18:22 - Subject: P3_sub-007
2025-09-12 17:18:22 -   Accuracy: 83.333%
2025-09-12 17:18:22 -   Precision: 0.889
2025-09-12 17:18:22 -   Recall: 0.889
2025-09-12 17:18:22 -   F1 Score: 0.889
2025-09-12 17:18:22 -   AUC: 0.889
2025-09-12 17:18:22 -   Correct/Total: 10/12
2025-09-12 17:18:22 -   Confusion Matrix Stats:
2025-09-12 17:18:22 -     TP: 8, TN: 2
2025-09-12 17:18:22 -     FP: 1, FN: 1
2025-09-12 17:18:22 - Subject: P3_sub-008
2025-09-12 17:18:22 -   Accuracy: 61.111%
2025-09-12 17:18:22 -   Precision: 0.500
2025-09-12 17:18:22 -   Recall: 0.714
2025-09-12 17:18:22 -   F1 Score: 0.588
2025-09-12 17:18:22 -   AUC: 0.662
2025-09-12 17:18:22 -   Correct/Total: 11/18
2025-09-12 17:18:22 -   Confusion Matrix Stats:
2025-09-12 17:18:22 -     TP: 5, TN: 6
2025-09-12 17:18:22 -     FP: 5, FN: 2
2025-09-12 17:18:22 - Subject: P3_sub-009
2025-09-12 17:18:22 -   Accuracy: 76.923%
2025-09-12 17:18:22 -   Precision: 0.750
2025-09-12 17:18:22 -   Recall: 0.857
2025-09-12 17:18:22 -   F1 Score: 0.800
2025-09-12 17:18:22 -   AUC: 0.738
2025-09-12 17:18:22 -   Correct/Total: 10/13
2025-09-12 17:18:22 -   Confusion Matrix Stats:
2025-09-12 17:18:22 -     TP: 6, TN: 4
2025-09-12 17:18:22 -     FP: 2, FN: 1
2025-09-12 17:18:22 - Subject: P3_sub-010
2025-09-12 17:18:22 -   Accuracy: 83.333%
2025-09-12 17:18:22 -   Precision: 0.900
2025-09-12 17:18:22 -   Recall: 0.818
2025-09-12 17:18:22 -   F1 Score: 0.857
2025-09-12 17:18:22 -   AUC: 0.792
2025-09-12 17:18:22 -   Correct/Total: 15/18
2025-09-12 17:18:22 -   Confusion Matrix Stats:
2025-09-12 17:18:22 -     TP: 9, TN: 6
2025-09-12 17:18:22 -     FP: 1, FN: 2
2025-09-12 17:18:22 - Subject: P3_sub-011
2025-09-12 17:18:22 -   Accuracy: 83.333%
2025-09-12 17:18:22 -   Precision: 0.750
2025-09-12 17:18:22 -   Recall: 0.750
2025-09-12 17:18:22 -   F1 Score: 0.750
2025-09-12 17:18:22 -   AUC: 0.875
2025-09-12 17:18:22 -   Correct/Total: 10/12
2025-09-12 17:18:22 -   Confusion Matrix Stats:
2025-09-12 17:18:22 -     TP: 3, TN: 7
2025-09-12 17:18:22 -     FP: 1, FN: 1
2025-09-12 17:18:22 - Subject: P3_sub-012
2025-09-12 17:18:22 -   Accuracy: 90.000%
2025-09-12 17:18:22 -   Precision: 0.857
2025-09-12 17:18:22 -   Recall: 0.857
2025-09-12 17:18:22 -   F1 Score: 0.857
2025-09-12 17:18:22 -   AUC: 0.934
2025-09-12 17:18:22 -   Correct/Total: 18/20
2025-09-12 17:18:22 -   Confusion Matrix Stats:
2025-09-12 17:18:22 -     TP: 6, TN: 12
2025-09-12 17:18:22 -     FP: 1, FN: 1
2025-09-12 17:18:22 - Subject: P3_sub-013
2025-09-12 17:18:22 -   Accuracy: 59.091%
2025-09-12 17:18:22 -   Precision: 0.667
2025-09-12 17:18:22 -   Recall: 0.500
2025-09-12 17:18:22 -   F1 Score: 0.571
2025-09-12 17:18:22 -   AUC: 0.758
2025-09-12 17:18:22 -   Correct/Total: 13/22
2025-09-12 17:18:22 -   Confusion Matrix Stats:
2025-09-12 17:18:22 -     TP: 6, TN: 7
2025-09-12 17:18:22 -     FP: 3, FN: 6
2025-09-12 17:18:22 - Subject: P3_sub-014
2025-09-12 17:18:22 -   Accuracy: 66.667%
2025-09-12 17:18:22 -   Precision: 0.500
2025-09-12 17:18:22 -   Recall: 1.000
2025-09-12 17:18:22 -   F1 Score: 0.667
2025-09-12 17:18:22 -   AUC: 0.812
2025-09-12 17:18:22 -   Correct/Total: 8/12
2025-09-12 17:18:22 -   Confusion Matrix Stats:
2025-09-12 17:18:22 -     TP: 4, TN: 4
2025-09-12 17:18:22 -     FP: 4, FN: 0
2025-09-12 17:18:22 - Subject: P3_sub-015
2025-09-12 17:18:22 -   Accuracy: 70.588%
2025-09-12 17:18:22 -   Precision: 0.833
2025-09-12 17:18:22 -   Recall: 0.556
2025-09-12 17:18:22 -   F1 Score: 0.667
2025-09-12 17:18:22 -   AUC: 0.736
2025-09-12 17:18:22 -   Correct/Total: 12/17
2025-09-12 17:18:22 -   Confusion Matrix Stats:
2025-09-12 17:18:22 -     TP: 5, TN: 7
2025-09-12 17:18:22 -     FP: 1, FN: 4
2025-09-12 17:18:22 - Subject: P3_sub-016
2025-09-12 17:18:22 -   Accuracy: 66.667%
2025-09-12 17:18:22 -   Precision: 0.714
2025-09-12 17:18:22 -   Recall: 0.500
2025-09-12 17:18:22 -   F1 Score: 0.588
2025-09-12 17:18:22 -   AUC: 0.718
2025-09-12 17:18:22 -   Correct/Total: 14/21
2025-09-12 17:18:22 -   Confusion Matrix Stats:
2025-09-12 17:18:22 -     TP: 5, TN: 9
2025-09-12 17:18:22 -     FP: 2, FN: 5
2025-09-12 17:18:22 - Subject: P3_sub-017
2025-09-12 17:18:22 -   Accuracy: 72.727%
2025-09-12 17:18:22 -   Precision: 1.000
2025-09-12 17:18:22 -   Recall: 0.625
2025-09-12 17:18:22 -   F1 Score: 0.769
2025-09-12 17:18:22 -   AUC: 0.917
2025-09-12 17:18:22 -   Correct/Total: 8/11
2025-09-12 17:18:22 -   Confusion Matrix Stats:
2025-09-12 17:18:22 -     TP: 5, TN: 3
2025-09-12 17:18:22 -     FP: 0, FN: 3
2025-09-12 17:18:22 - Subject: P3_sub-018
2025-09-12 17:18:22 -   Accuracy: 57.143%
2025-09-12 17:18:22 -   Precision: 0.600
2025-09-12 17:18:22 -   Recall: 0.429
2025-09-12 17:18:22 -   F1 Score: 0.500
2025-09-12 17:18:22 -   AUC: 0.673
2025-09-12 17:18:22 -   Correct/Total: 8/14
2025-09-12 17:18:22 -   Confusion Matrix Stats:
2025-09-12 17:18:22 -     TP: 3, TN: 5
2025-09-12 17:18:22 -     FP: 2, FN: 4
2025-09-12 17:18:22 - Subject: P3_sub-019
2025-09-12 17:18:22 -   Accuracy: 41.667%
2025-09-12 17:18:22 -   Precision: 0.375
2025-09-12 17:18:22 -   Recall: 0.600
2025-09-12 17:18:22 -   F1 Score: 0.462
2025-09-12 17:18:22 -   AUC: 0.371
2025-09-12 17:18:22 -   Correct/Total: 5/12
2025-09-12 17:18:22 -   Confusion Matrix Stats:
2025-09-12 17:18:22 -     TP: 3, TN: 2
2025-09-12 17:18:22 -     FP: 5, FN: 2
2025-09-12 17:18:22 - Subject: P3_sub-020
2025-09-12 17:18:22 -   Accuracy: 64.286%
2025-09-12 17:18:22 -   Precision: 0.800
2025-09-12 17:18:22 -   Recall: 0.500
2025-09-12 17:18:22 -   F1 Score: 0.615
2025-09-12 17:18:22 -   AUC: 0.833
2025-09-12 17:18:22 -   Correct/Total: 9/14
2025-09-12 17:18:22 -   Confusion Matrix Stats:
2025-09-12 17:18:22 -     TP: 4, TN: 5
2025-09-12 17:18:22 -     FP: 1, FN: 4
2025-09-12 17:18:22 - Subject: P3_sub-021
2025-09-12 17:18:22 -   Accuracy: 57.143%
2025-09-12 17:18:22 -   Precision: 0.714
2025-09-12 17:18:22 -   Recall: 0.556
2025-09-12 17:18:22 -   F1 Score: 0.625
2025-09-12 17:18:22 -   AUC: 0.644
2025-09-12 17:18:22 -   Correct/Total: 8/14
2025-09-12 17:18:22 -   Confusion Matrix Stats:
2025-09-12 17:18:22 -     TP: 5, TN: 3
2025-09-12 17:18:22 -     FP: 2, FN: 4
2025-09-12 17:18:22 - Subject: P3_sub-022
2025-09-12 17:18:22 -   Accuracy: 82.609%
2025-09-12 17:18:22 -   Precision: 0.857
2025-09-12 17:18:22 -   Recall: 0.857
2025-09-12 17:18:22 -   F1 Score: 0.857
2025-09-12 17:18:22 -   AUC: 0.905
2025-09-12 17:18:22 -   Correct/Total: 19/23
2025-09-12 17:18:22 -   Confusion Matrix Stats:
2025-09-12 17:18:22 -     TP: 12, TN: 7
2025-09-12 17:18:22 -     FP: 2, FN: 2
2025-09-12 17:18:22 - Subject: P3_sub-023
2025-09-12 17:18:22 -   Accuracy: 44.444%
2025-09-12 17:18:22 -   Precision: 1.000
2025-09-12 17:18:22 -   Recall: 0.286
2025-09-12 17:18:22 -   F1 Score: 0.444
2025-09-12 17:18:22 -   AUC: 1.000
2025-09-12 17:18:22 -   Correct/Total: 4/9
2025-09-12 17:18:22 -   Confusion Matrix Stats:
2025-09-12 17:18:22 -     TP: 2, TN: 2
2025-09-12 17:18:22 -     FP: 0, FN: 5
2025-09-12 17:18:22 - Subject: P3_sub-024
2025-09-12 17:18:22 -   Accuracy: 62.500%
2025-09-12 17:18:22 -   Precision: 0.583
2025-09-12 17:18:22 -   Recall: 0.875
2025-09-12 17:18:22 -   F1 Score: 0.700
2025-09-12 17:18:22 -   AUC: 0.641
2025-09-12 17:18:22 -   Correct/Total: 10/16
2025-09-12 17:18:22 -   Confusion Matrix Stats:
2025-09-12 17:18:22 -     TP: 7, TN: 3
2025-09-12 17:18:22 -     FP: 5, FN: 1
2025-09-12 17:18:22 - Subject: P3_sub-025
2025-09-12 17:18:22 -   Accuracy: 84.615%
2025-09-12 17:18:22 -   Precision: 0.800
2025-09-12 17:18:22 -   Recall: 0.800
2025-09-12 17:18:22 -   F1 Score: 0.800
2025-09-12 17:18:22 -   AUC: 0.925
2025-09-12 17:18:22 -   Correct/Total: 11/13
2025-09-12 17:18:22 -   Confusion Matrix Stats:
2025-09-12 17:18:22 -     TP: 4, TN: 7
2025-09-12 17:18:22 -     FP: 1, FN: 1
2025-09-12 17:18:22 - Subject: P3_sub-026
2025-09-12 17:18:22 -   Accuracy: 61.538%
2025-09-12 17:18:22 -   Precision: 0.556
2025-09-12 17:18:22 -   Recall: 0.833
2025-09-12 17:18:22 -   F1 Score: 0.667
2025-09-12 17:18:22 -   AUC: 0.786
2025-09-12 17:18:22 -   Correct/Total: 8/13
2025-09-12 17:18:22 -   Confusion Matrix Stats:
2025-09-12 17:18:22 -     TP: 5, TN: 3
2025-09-12 17:18:22 -     FP: 4, FN: 1
2025-09-12 17:18:22 - Subject: P3_sub-027
2025-09-12 17:18:22 -   Accuracy: 70.833%
2025-09-12 17:18:22 -   Precision: 0.800
2025-09-12 17:18:22 -   Recall: 0.400
2025-09-12 17:18:22 -   F1 Score: 0.533
2025-09-12 17:18:22 -   AUC: 0.786
2025-09-12 17:18:22 -   Correct/Total: 17/24
2025-09-12 17:18:22 -   Confusion Matrix Stats:
2025-09-12 17:18:22 -     TP: 4, TN: 13
2025-09-12 17:18:22 -     FP: 1, FN: 6
2025-09-12 17:18:22 - Subject: P3_sub-028
2025-09-12 17:18:22 -   Accuracy: 80.000%
2025-09-12 17:18:22 -   Precision: 0.667
2025-09-12 17:18:22 -   Recall: 0.400
2025-09-12 17:18:22 -   F1 Score: 0.500
2025-09-12 17:18:22 -   AUC: 0.733
2025-09-12 17:18:22 -   Correct/Total: 16/20
2025-09-12 17:18:22 -   Confusion Matrix Stats:
2025-09-12 17:18:22 -     TP: 2, TN: 14
2025-09-12 17:18:22 -     FP: 1, FN: 3
2025-09-12 17:18:22 - Subject: P3_sub-029
2025-09-12 17:18:22 -   Accuracy: 46.667%
2025-09-12 17:18:22 -   Precision: 0.667
2025-09-12 17:18:22 -   Recall: 0.400
2025-09-12 17:18:22 -   F1 Score: 0.500
2025-09-12 17:18:22 -   AUC: 0.660
2025-09-12 17:18:22 -   Correct/Total: 7/15
2025-09-12 17:18:22 -   Confusion Matrix Stats:
2025-09-12 17:18:22 -     TP: 4, TN: 3
2025-09-12 17:18:22 -     FP: 2, FN: 6
2025-09-12 17:18:22 - Subject: P3_sub-030
2025-09-12 17:18:22 -   Accuracy: 66.667%
2025-09-12 17:18:22 -   Precision: 0.556
2025-09-12 17:18:22 -   Recall: 0.833
2025-09-12 17:18:22 -   F1 Score: 0.667
2025-09-12 17:18:22 -   AUC: 0.815
2025-09-12 17:18:22 -   Correct/Total: 10/15
2025-09-12 17:18:22 -   Confusion Matrix Stats:
2025-09-12 17:18:22 -     TP: 5, TN: 5
2025-09-12 17:18:22 -     FP: 4, FN: 1
2025-09-12 17:18:22 - Subject: P3_sub-031
2025-09-12 17:18:22 -   Accuracy: 72.222%
2025-09-12 17:18:22 -   Precision: 0.778
2025-09-12 17:18:22 -   Recall: 0.700
2025-09-12 17:18:22 -   F1 Score: 0.737
2025-09-12 17:18:22 -   AUC: 0.713
2025-09-12 17:18:22 -   Correct/Total: 13/18
2025-09-12 17:18:22 -   Confusion Matrix Stats:
2025-09-12 17:18:22 -     TP: 7, TN: 6
2025-09-12 17:18:22 -     FP: 2, FN: 3
2025-09-12 17:18:22 - Subject: P3_sub-032
2025-09-12 17:18:22 -   Accuracy: 84.615%
2025-09-12 17:18:22 -   Precision: 0.667
2025-09-12 17:18:22 -   Recall: 1.000
2025-09-12 17:18:22 -   F1 Score: 0.800
2025-09-12 17:18:22 -   AUC: 0.944
2025-09-12 17:18:22 -   Correct/Total: 11/13
2025-09-12 17:18:22 -   Confusion Matrix Stats:
2025-09-12 17:18:22 -     TP: 4, TN: 7
2025-09-12 17:18:22 -     FP: 2, FN: 0
2025-09-12 17:18:22 - Subject: P3_sub-033
2025-09-12 17:18:22 -   Accuracy: 73.333%
2025-09-12 17:18:22 -   Precision: 0.875
2025-09-12 17:18:22 -   Recall: 0.700
2025-09-12 17:18:22 -   F1 Score: 0.778
2025-09-12 17:18:22 -   AUC: 0.760
2025-09-12 17:18:22 -   Correct/Total: 11/15
2025-09-12 17:18:22 -   Confusion Matrix Stats:
2025-09-12 17:18:22 -     TP: 7, TN: 4
2025-09-12 17:18:22 -     FP: 1, FN: 3
2025-09-12 17:18:22 - Subject: P3_sub-034
2025-09-12 17:18:22 -   Accuracy: 88.889%
2025-09-12 17:18:22 -   Precision: 0.889
2025-09-12 17:18:22 -   Recall: 0.889
2025-09-12 17:18:22 -   F1 Score: 0.889
2025-09-12 17:18:22 -   AUC: 0.864
2025-09-12 17:18:22 -   Correct/Total: 16/18
2025-09-12 17:18:22 -   Confusion Matrix Stats:
2025-09-12 17:18:22 -     TP: 8, TN: 8
2025-09-12 17:18:22 -     FP: 1, FN: 1
2025-09-12 17:18:22 - Subject: P3_sub-035
2025-09-12 17:18:22 -   Accuracy: 87.500%
2025-09-12 17:18:22 -   Precision: 0.818
2025-09-12 17:18:22 -   Recall: 1.000
2025-09-12 17:18:22 -   F1 Score: 0.900
2025-09-12 17:18:22 -   AUC: 0.952
2025-09-12 17:18:22 -   Correct/Total: 14/16
2025-09-12 17:18:22 -   Confusion Matrix Stats:
2025-09-12 17:18:22 -     TP: 9, TN: 5
2025-09-12 17:18:22 -     FP: 2, FN: 0
2025-09-12 17:18:22 - Subject: P3_sub-036
2025-09-12 17:18:22 -   Accuracy: 78.571%
2025-09-12 17:18:22 -   Precision: 0.750
2025-09-12 17:18:22 -   Recall: 0.600
2025-09-12 17:18:22 -   F1 Score: 0.667
2025-09-12 17:18:22 -   AUC: 0.822
2025-09-12 17:18:22 -   Correct/Total: 11/14
2025-09-12 17:18:22 -   Confusion Matrix Stats:
2025-09-12 17:18:22 -     TP: 3, TN: 8
2025-09-12 17:18:22 -     FP: 1, FN: 2
2025-09-12 17:18:22 - Subject: P3_sub-037
2025-09-12 17:18:22 -   Accuracy: 81.250%
2025-09-12 17:18:22 -   Precision: 1.000
2025-09-12 17:18:22 -   Recall: 0.571
2025-09-12 17:18:22 -   F1 Score: 0.727
2025-09-12 17:18:22 -   AUC: 0.984
2025-09-12 17:18:22 -   Correct/Total: 13/16
2025-09-12 17:18:22 -   Confusion Matrix Stats:
2025-09-12 17:18:22 -     TP: 4, TN: 9
2025-09-12 17:18:22 -     FP: 0, FN: 3
2025-09-12 17:18:22 - Subject: P3_sub-038
2025-09-12 17:18:22 -   Accuracy: 93.333%
2025-09-12 17:18:22 -   Precision: 0.900
2025-09-12 17:18:22 -   Recall: 1.000
2025-09-12 17:18:22 -   F1 Score: 0.947
2025-09-12 17:18:22 -   AUC: 0.944
2025-09-12 17:18:22 -   Correct/Total: 14/15
2025-09-12 17:18:22 -   Confusion Matrix Stats:
2025-09-12 17:18:22 -     TP: 9, TN: 5
2025-09-12 17:18:22 -     FP: 1, FN: 0
2025-09-12 17:18:22 - Subject: P3_sub-039
2025-09-12 17:18:22 -   Accuracy: 57.143%
2025-09-12 17:18:22 -   Precision: 0.750
2025-09-12 17:18:22 -   Recall: 0.375
2025-09-12 17:18:22 -   F1 Score: 0.500
2025-09-12 17:18:22 -   AUC: 0.771
2025-09-12 17:18:22 -   Correct/Total: 8/14
2025-09-12 17:18:22 -   Confusion Matrix Stats:
2025-09-12 17:18:22 -     TP: 3, TN: 5
2025-09-12 17:18:22 -     FP: 1, FN: 5
2025-09-12 17:18:22 - Subject: P3_sub-040
2025-09-12 17:18:22 -   Accuracy: 50.000%
2025-09-12 17:18:22 -   Precision: 0.500
2025-09-12 17:18:22 -   Recall: 0.400
2025-09-12 17:18:22 -   F1 Score: 0.444
2025-09-12 17:18:22 -   AUC: 0.600
2025-09-12 17:18:22 -   Correct/Total: 5/10
2025-09-12 17:18:22 -   Confusion Matrix Stats:
2025-09-12 17:18:22 -     TP: 2, TN: 3
2025-09-12 17:18:22 -     FP: 2, FN: 3
2025-09-12 17:18:22 - 
Combined Model (All Subjects) Statistics:
2025-09-12 17:18:22 - Mean Accuracy: 0.750
2025-09-12 17:18:22 - 95% Confidence Interval: [0.718, 0.783]
2025-09-12 17:18:22 - Best Subject: AVO_024 (1.000)
2025-09-12 17:18:22 - Worst Subject: P3_sub-006 (0.294)
2025-09-12 17:18:22 - Mean Precision: 0.771
2025-09-12 17:18:22 - Mean Recall: 0.726
2025-09-12 17:18:22 - Mean F1-Score: 0.748
2025-09-12 17:18:22 - Mean AUC: 0.828
2025-09-12 17:18:22 - Mean Confusion Matrix:
2025-09-12 17:18:22 -   TP: 6, TN: 6
2025-09-12 17:18:22 -   FP: 2, FN: 2
2025-09-12 17:18:22 - 
Combined Model – P3 Subjects Statistics:
2025-09-12 17:18:22 - Mean Accuracy: 0.689
2025-09-12 17:18:22 - 95% Confidence Interval: [0.641, 0.737]
2025-09-12 17:18:22 - Best Subject: P3_sub-038 (0.933)
2025-09-12 17:18:22 - Worst Subject: P3_sub-006 (0.294)
2025-09-12 17:18:22 - Mean Precision: 0.727
2025-09-12 17:18:22 - Mean Recall: 0.643
2025-09-12 17:18:22 - Mean F1-Score: 0.682
2025-09-12 17:18:22 - Mean AUC: 0.774
2025-09-12 17:18:22 - Mean Confusion Matrix:
2025-09-12 17:18:22 -   TP: 5, TN: 6
2025-09-12 17:18:22 -   FP: 2, FN: 3
2025-09-12 17:18:22 - 
Combined Model – AVO Subjects Statistics:
2025-09-12 17:18:22 - Mean Accuracy: 0.812
2025-09-12 17:18:22 - 95% Confidence Interval: [0.773, 0.850]
2025-09-12 17:18:22 - Best Subject: AVO_024 (1.000)
2025-09-12 17:18:22 - Worst Subject: AVO_018 (0.500)
2025-09-12 17:18:22 - Mean Precision: 0.812
2025-09-12 17:18:22 - Mean Recall: 0.815
2025-09-12 17:18:22 - Mean F1-Score: 0.813
2025-09-12 17:18:22 - Mean AUC: 0.883
2025-09-12 17:18:22 - Mean Confusion Matrix:
2025-09-12 17:18:22 -   TP: 6, TN: 6
2025-09-12 17:18:22 -   FP: 1, FN: 1
