2025-09-20 11:58:41 - 
Experiment Configuration:
2025-09-20 11:58:41 - --------------------------------------------------
2025-09-20 11:58:41 - dataset: use_combined_datasets
2025-09-20 11:58:41 - use_combined_datasets: True
2025-09-20 11:58:41 - electrode_list: common
2025-09-20 11:58:41 - classifier: SepConv1D
2025-09-20 11:58:41 - separate_subject_classification: False
2025-09-20 11:58:41 - use_subject_layer: False
2025-09-20 11:58:41 - seeds: [42]
2025-09-20 11:58:41 - electrode_fusion_method: none
2025-09-20 11:58:41 - domain_adaptation_method: none
2025-09-20 11:58:41 - enable_comprehensive_evaluation: True
2025-09-20 11:58:41 - enable_domain_analysis: True
2025-09-20 11:58:41 - enable_small_sample_analysis: False
2025-09-20 11:58:41 - small_sample_sizes: [5, 10, 15, 20]
2025-09-20 11:58:41 - small_sample_subjects: [5, 10, 15]
2025-09-20 11:58:41 - --------------------------------------------------
2025-09-20 11:58:41 - 
==================================================
2025-09-20 11:58:41 - Processing Combined P3 and AVO Datasets
2025-09-20 11:58:41 - ==================================================
2025-09-20 11:58:41 - 使用传统方法（无融合）
2025-09-20 11:59:53 - 
==================================================
2025-09-20 11:59:53 - Individual Subject Results - Combined Model
2025-09-20 11:59:53 - ==================================================
2025-09-20 11:59:53 - 
Combined Model (All Subjects) Statistics:
2025-09-20 11:59:53 - 95% Confidence Interval: [nan, nan]
2025-09-20 11:59:53 - Best Subject: P3_sub-001 (0.000)
2025-09-20 11:59:53 - Worst Subject: P3_sub-001 (0.000)
2025-09-20 11:59:53 - 
Combined Model – P3 Subjects Statistics:
2025-09-20 11:59:53 - 95% Confidence Interval: [nan, nan]
2025-09-20 11:59:53 - Best Subject: P3_sub-001 (0.000)
2025-09-20 11:59:53 - Worst Subject: P3_sub-001 (0.000)
2025-09-20 11:59:53 - 
Combined Model – AVO Subjects Statistics:
2025-09-20 11:59:53 - 95% Confidence Interval: [nan, nan]
2025-09-20 11:59:53 - Best Subject: AVO_001 (0.000)
2025-09-20 11:59:53 - Worst Subject: AVO_001 (0.000)
