2025-09-21 17:47:32 - 
Experiment Configuration:
2025-09-21 17:47:32 - --------------------------------------------------
2025-09-21 17:47:32 - dataset: use_combined_datasets
2025-09-21 17:47:32 - use_combined_datasets: True
2025-09-21 17:47:32 - electrode_list: common
2025-09-21 17:47:32 - classifier: EEGConformer
2025-09-21 17:47:32 - separate_subject_classification: False
2025-09-21 17:47:32 - use_subject_layer: False
2025-09-21 17:47:32 - seeds: [42]
2025-09-21 17:47:32 - use_nested_cv: True
2025-09-21 17:47:32 - electrode_fusion_method: none
2025-09-21 17:47:32 - domain_adaptation_method: none
2025-09-21 17:47:32 - enable_comprehensive_evaluation: True
2025-09-21 17:47:32 - enable_domain_analysis: True
2025-09-21 17:47:32 - enable_small_sample_analysis: False
2025-09-21 17:47:32 - small_sample_sizes: [5, 10, 15, 20]
2025-09-21 17:47:32 - small_sample_subjects: [5, 10, 15]
2025-09-21 17:47:32 - --------------------------------------------------
2025-09-21 17:47:32 - 
==================================================
2025-09-21 17:47:32 - Processing Combined P3 and AVO Datasets
2025-09-21 17:47:32 - ==================================================
2025-09-21 17:47:32 - 使用传统方法（无融合）
2025-09-21 17:47:32 - Using Cross-Validation (simplified approach)
2025-09-21 17:47:32 - Configuration: 5-fold CV, 1 repeats
2025-09-21 17:47:32 - ============================================================
2025-09-21 17:47:32 - CROSS-VALIDATION CONFIGURATION
2025-09-21 17:47:32 - ============================================================
2025-09-21 17:47:32 - Datasets: ['P3', 'AVO']
2025-09-21 17:47:32 - CV folds: 5
2025-09-21 17:47:32 - Repeats: 1
2025-09-21 17:47:32 - Confidence level: 0.95
2025-09-21 17:47:32 - ============================================================
2025-09-21 17:47:32 - STRATIFIED SAMPLING CONFIGURATION
2025-09-21 17:47:32 - ============================================================
2025-09-21 17:47:32 - Nested CV Mode: Trial counts per subject by dataset
2025-09-21 17:47:32 -   P3 dataset: 200 trials per subject
2025-09-21 17:47:32 -   AVO dataset: 20 trials per subject
2025-09-21 17:47:32 - Sampling strategy: Multi-level stratified sampling
2025-09-21 17:47:32 -   - Subject-level: Stratified trial selection per subject
2025-09-21 17:47:32 -   - Dataset-level: Stratified sampling when dataset trial counts differ
2025-09-21 17:47:32 -   - Fold-level: StratifiedKFold for 5-fold CV
2025-09-21 17:47:32 -   - Train/Val split: Stratified train_test_split within each fold
2025-09-21 17:47:32 - ============================================================
2025-09-21 17:47:39 - Subject AVO_001: Sampled 20/70 trials
2025-09-21 17:47:39 -   Original distribution: {0: 0.5, 1: 0.5}
2025-09-21 17:47:39 -   Sampled distribution: {0: 0.5, 1: 0.5}
2025-09-21 17:47:39 - Subject AVO_002: Sampled 20/70 trials
2025-09-21 17:47:39 -   Original distribution: {0: 0.5, 1: 0.5}
2025-09-21 17:47:39 -   Sampled distribution: {0: 0.5, 1: 0.5}
2025-09-21 17:47:39 - Subject AVO_003: Sampled 20/88 trials
2025-09-21 17:47:39 -   Original distribution: {0: 0.5, 1: 0.5}
2025-09-21 17:47:39 -   Sampled distribution: {0: 0.5, 1: 0.5}
2025-09-21 17:47:39 - Subject AVO_004: Sampled 20/84 trials
2025-09-21 17:47:39 -   Original distribution: {0: 0.5, 1: 0.5}
2025-09-21 17:47:39 -   Sampled distribution: {0: 0.5, 1: 0.5}
2025-09-21 17:47:39 - Subject AVO_005: Sampled 20/70 trials
2025-09-21 17:47:39 -   Original distribution: {0: 0.5, 1: 0.5}
2025-09-21 17:47:39 -   Sampled distribution: {0: 0.5, 1: 0.5}
2025-09-21 17:47:40 - Subject AVO_006: Sampled 20/74 trials
2025-09-21 17:47:40 -   Original distribution: {0: 0.5, 1: 0.5}
2025-09-21 17:47:40 -   Sampled distribution: {0: 0.5, 1: 0.5}
2025-09-21 17:47:40 - Subject AVO_007: Sampled 20/78 trials
2025-09-21 17:47:40 -   Original distribution: {0: 0.5, 1: 0.5}
2025-09-21 17:47:40 -   Sampled distribution: {0: 0.5, 1: 0.5}
2025-09-21 17:47:40 - Subject AVO_008: Sampled 20/72 trials
2025-09-21 17:47:40 -   Original distribution: {0: 0.5, 1: 0.5}
2025-09-21 17:47:40 -   Sampled distribution: {0: 0.5, 1: 0.5}
2025-09-21 17:47:40 - Subject AVO_009: Sampled 20/76 trials
2025-09-21 17:47:40 -   Original distribution: {0: 0.5, 1: 0.5}
2025-09-21 17:47:40 -   Sampled distribution: {0: 0.5, 1: 0.5}
2025-09-21 17:47:40 - Subject AVO_010: Sampled 20/70 trials
2025-09-21 17:47:40 -   Original distribution: {0: 0.5, 1: 0.5}
2025-09-21 17:47:40 -   Sampled distribution: {0: 0.5, 1: 0.5}
2025-09-21 17:47:40 - Subject AVO_011: Sampled 20/60 trials
2025-09-21 17:47:40 -   Original distribution: {0: 0.5, 1: 0.5}
2025-09-21 17:47:40 -   Sampled distribution: {0: 0.5, 1: 0.5}
2025-09-21 17:47:40 - Subject AVO_012: Sampled 20/72 trials
2025-09-21 17:47:40 -   Original distribution: {0: 0.5, 1: 0.5}
2025-09-21 17:47:40 -   Sampled distribution: {0: 0.5, 1: 0.5}
2025-09-21 17:47:41 - Subject AVO_013: Sampled 20/72 trials
2025-09-21 17:47:41 -   Original distribution: {0: 0.5, 1: 0.5}
2025-09-21 17:47:41 -   Sampled distribution: {0: 0.5, 1: 0.5}
2025-09-21 17:47:41 - Subject AVO_014: Sampled 20/72 trials
2025-09-21 17:47:41 -   Original distribution: {0: 0.5, 1: 0.5}
2025-09-21 17:47:41 -   Sampled distribution: {0: 0.5, 1: 0.5}
2025-09-21 17:47:41 - Subject AVO_015: Sampled 20/56 trials
2025-09-21 17:47:41 -   Original distribution: {0: 0.5, 1: 0.5}
2025-09-21 17:47:41 -   Sampled distribution: {0: 0.5, 1: 0.5}
2025-09-21 17:47:41 - Subject AVO_016: Sampled 20/70 trials
2025-09-21 17:47:41 -   Original distribution: {0: 0.5, 1: 0.5}
2025-09-21 17:47:41 -   Sampled distribution: {0: 0.5, 1: 0.5}
2025-09-21 17:47:41 - Subject AVO_017: Sampled 20/74 trials
2025-09-21 17:47:41 -   Original distribution: {0: 0.5, 1: 0.5}
2025-09-21 17:47:41 -   Sampled distribution: {0: 0.5, 1: 0.5}
2025-09-21 17:47:41 - Subject AVO_018: Sampled 20/22 trials
2025-09-21 17:47:41 -   Original distribution: {0: 0.5, 1: 0.5}
2025-09-21 17:47:41 -   Sampled distribution: {0: 0.5, 1: 0.5}
2025-09-21 17:47:41 - Subject AVO_019: Sampled 20/76 trials
2025-09-21 17:47:41 -   Original distribution: {0: 0.5, 1: 0.5}
2025-09-21 17:47:41 -   Sampled distribution: {0: 0.5, 1: 0.5}
2025-09-21 17:47:42 - Subject AVO_020: Sampled 20/76 trials
2025-09-21 17:47:42 -   Original distribution: {0: 0.5, 1: 0.5}
2025-09-21 17:47:42 -   Sampled distribution: {0: 0.5, 1: 0.5}
2025-09-21 17:47:42 - Subject AVO_021: Sampled 20/82 trials
2025-09-21 17:47:42 -   Original distribution: {0: 0.5, 1: 0.5}
2025-09-21 17:47:42 -   Sampled distribution: {0: 0.5, 1: 0.5}
2025-09-21 17:47:42 - Subject AVO_022: Sampled 20/72 trials
2025-09-21 17:47:42 -   Original distribution: {0: 0.5, 1: 0.5}
2025-09-21 17:47:42 -   Sampled distribution: {0: 0.5, 1: 0.5}
2025-09-21 17:47:42 - Subject AVO_023: Sampled 20/78 trials
2025-09-21 17:47:42 -   Original distribution: {0: 0.5, 1: 0.5}
2025-09-21 17:47:42 -   Sampled distribution: {0: 0.5, 1: 0.5}
2025-09-21 17:47:42 - Subject AVO_024: Sampled 20/92 trials
2025-09-21 17:47:42 -   Original distribution: {0: 0.5, 1: 0.5}
2025-09-21 17:47:42 -   Sampled distribution: {0: 0.5, 1: 0.5}
2025-09-21 17:47:42 - Subject AVO_025: Sampled 20/64 trials
2025-09-21 17:47:42 -   Original distribution: {0: 0.5, 1: 0.5}
2025-09-21 17:47:42 -   Sampled distribution: {0: 0.5, 1: 0.5}
2025-09-21 17:47:43 - Subject AVO_026: Sampled 20/80 trials
2025-09-21 17:47:43 -   Original distribution: {0: 0.5, 1: 0.5}
2025-09-21 17:47:43 -   Sampled distribution: {0: 0.5, 1: 0.5}
2025-09-21 17:47:43 - Subject AVO_027: Sampled 20/68 trials
2025-09-21 17:47:43 -   Original distribution: {0: 0.5, 1: 0.5}
2025-09-21 17:47:43 -   Sampled distribution: {0: 0.5, 1: 0.5}
2025-09-21 17:47:43 - Subject AVO_028: Sampled 20/84 trials
2025-09-21 17:47:43 -   Original distribution: {0: 0.5, 1: 0.5}
2025-09-21 17:47:43 -   Sampled distribution: {0: 0.5, 1: 0.5}
2025-09-21 17:47:43 - Subject AVO_029: Sampled 20/84 trials
2025-09-21 17:47:43 -   Original distribution: {0: 0.5, 1: 0.5}
2025-09-21 17:47:43 -   Sampled distribution: {0: 0.5, 1: 0.5}
2025-09-21 17:47:43 - Subject AVO_030: Sampled 20/72 trials
2025-09-21 17:47:43 -   Original distribution: {0: 0.5, 1: 0.5}
2025-09-21 17:47:43 -   Sampled distribution: {0: 0.5, 1: 0.5}
2025-09-21 17:47:43 - Subject AVO_031: Sampled 20/88 trials
2025-09-21 17:47:43 -   Original distribution: {0: 0.5, 1: 0.5}
2025-09-21 17:47:43 -   Sampled distribution: {0: 0.5, 1: 0.5}
2025-09-21 17:47:44 - Subject AVO_032: Sampled 20/96 trials
2025-09-21 17:47:44 -   Original distribution: {0: 0.5, 1: 0.5}
2025-09-21 17:47:44 -   Sampled distribution: {0: 0.5, 1: 0.5}
2025-09-21 17:47:44 - Subject AVO_033: Sampled 20/78 trials
2025-09-21 17:47:44 -   Original distribution: {0: 0.5, 1: 0.5}
2025-09-21 17:47:44 -   Sampled distribution: {0: 0.5, 1: 0.5}
2025-09-21 17:47:44 - Subject AVO_034: Sampled 20/72 trials
2025-09-21 17:47:44 -   Original distribution: {0: 0.5, 1: 0.5}
2025-09-21 17:47:44 -   Sampled distribution: {0: 0.5, 1: 0.5}
2025-09-21 17:47:44 - Subject AVO_035: Sampled 20/88 trials
2025-09-21 17:47:44 -   Original distribution: {0: 0.5, 1: 0.5}
2025-09-21 17:47:44 -   Sampled distribution: {0: 0.5, 1: 0.5}
2025-09-21 17:47:44 - Subject AVO_036: Sampled 20/84 trials
2025-09-21 17:47:44 -   Original distribution: {0: 0.5, 1: 0.5}
2025-09-21 17:47:44 -   Sampled distribution: {0: 0.5, 1: 0.5}
2025-09-21 17:47:44 - Subject AVO_037: Sampled 20/86 trials
2025-09-21 17:47:44 -   Original distribution: {0: 0.5, 1: 0.5}
2025-09-21 17:47:44 -   Sampled distribution: {0: 0.5, 1: 0.5}
2025-09-21 17:47:44 - Subject AVO_038: Sampled 20/100 trials
2025-09-21 17:47:44 -   Original distribution: {0: 0.5, 1: 0.5}
2025-09-21 17:47:44 -   Sampled distribution: {0: 0.5, 1: 0.5}
2025-09-21 17:47:45 - Subject AVO_039: Sampled 20/70 trials
2025-09-21 17:47:45 -   Original distribution: {0: 0.5, 1: 0.5}
2025-09-21 17:47:45 -   Sampled distribution: {0: 0.5, 1: 0.5}
2025-09-21 17:47:45 - Subject AVO_040: Sampled 20/84 trials
2025-09-21 17:47:45 -   Original distribution: {0: 0.5, 1: 0.5}
2025-09-21 17:47:45 -   Sampled distribution: {0: 0.5, 1: 0.5}
2025-09-21 17:47:45 - Nested CV dataset summary:
2025-09-21 17:47:45 -   Total subjects: 80
2025-09-21 17:47:45 -   Total trials: 3988
2025-09-21 17:47:45 -   Average trials per subject: 49.9
2025-09-21 17:47:45 -   P3 dataset: 40 subjects, 3188 trials (79.7 trials/subject)
2025-09-21 17:47:45 -   AVO dataset: 40 subjects, 800 trials (20.0 trials/subject)
2025-09-21 17:47:45 -   Class distribution: {0: 1994, 1: 1994}
2025-09-21 17:47:45 -   Class proportions: [0.5 0.5]
2025-09-21 17:47:45 -   NOTE: Datasets have different trial counts - StratifiedKFold will handle balanced sampling
2025-09-21 17:47:45 - Enhanced preprocessing increased channels from 5 to 25
2025-09-21 17:47:45 - Starting Cross-Validation for EEGConformer
2025-09-21 17:47:45 - Configuration: 5-fold CV, 1 repeats
2025-09-21 17:47:45 - Data split ratios: Train=0.7, Val=0.1, Test=0.2
2025-09-21 17:47:45 - Repeat 1/1
2025-09-21 17:47:45 -   Fold 1/5
2025-09-21 17:47:45 -     Fold split: Train=2791, Val=399
2025-09-21 17:49:07 -     Test accuracy: 0.5990
2025-09-21 17:49:07 -   Fold 2/5
2025-09-21 17:49:07 -     Fold split: Train=2791, Val=399
2025-09-21 17:50:11 -     Test accuracy: 0.6316
2025-09-21 17:50:11 -   Fold 3/5
2025-09-21 17:50:11 -     Fold split: Train=2791, Val=399
2025-09-21 17:51:29 -     Test accuracy: 0.6541
2025-09-21 17:51:29 -   Fold 4/5
2025-09-21 17:51:29 -     Fold split: Train=2792, Val=399
2025-09-21 17:52:15 -     Test accuracy: 0.6437
2025-09-21 17:52:15 -   Fold 5/5
2025-09-21 17:52:15 -     Fold split: Train=2792, Val=399
2025-09-21 17:54:09 -     Test accuracy: 0.6688
2025-09-21 17:54:09 -   Repeat 1 mean accuracy: 0.6394 ± 0.0236
2025-09-21 17:54:09 - Cross-Validation completed for EEGConformer
2025-09-21 17:54:09 - Final accuracy: 0.6394 ± 0.0264
2025-09-21 17:54:09 - 95% CI: [0.6066, 0.6722]
2025-09-21 17:54:09 - 
============================================================
2025-09-21 17:54:09 - CROSS-VALIDATION RESULTS
2025-09-21 17:54:09 - ============================================================
2025-09-21 17:54:09 - Model: EEGConformer
2025-09-21 17:54:09 - Overall accuracy: 0.6394 ± 0.0264
2025-09-21 17:54:09 - 95% Confidence Interval: [0.6066, 0.6722]
2025-09-21 17:54:09 - Statistical significance: 5 evaluations
2025-09-21 17:54:09 - Precision: 0.6495 [0.5732, 0.7257]
2025-09-21 17:54:09 - Recall: 0.6505 [0.4905, 0.8104]
2025-09-21 17:54:09 - F1_Score: 0.6390 [0.5835, 0.6945]
2025-09-21 17:54:09 - Auc: 0.6987 [0.6692, 0.7283]
2025-09-21 17:54:09 - ============================================================
2025-09-21 17:54:09 - Individual subject results skipped - using Nested Cross-Validation results
2025-09-21 17:54:09 - Dataset-specific results from Nested Cross-Validation:
2025-09-21 17:54:09 - P3 Dataset - Nested CV Results:
2025-09-21 17:54:09 -   Mean Accuracy: 0.6390 ± 0.0250
2025-09-21 17:54:09 -   95% CI: [0.6080, 0.6701]
2025-09-21 17:54:09 -   AUC: 0.7018 ± 0.0243
2025-09-21 17:54:09 - AVO Dataset - Nested CV Results:
2025-09-21 17:54:09 -   Mean Accuracy: 0.6403 ± 0.0490
2025-09-21 17:54:09 -   95% CI: [0.5795, 0.7011]
2025-09-21 17:54:09 -   AUC: 0.6874 ± 0.0449
