2025-09-21 23:34:17 - 
Experiment Configuration:
2025-09-21 23:34:17 - --------------------------------------------------
2025-09-21 23:34:17 - dataset: use_combined_datasets
2025-09-21 23:34:17 - use_combined_datasets: True
2025-09-21 23:34:17 - electrode_list: common
2025-09-21 23:34:17 - classifier: EEGConformer
2025-09-21 23:34:17 - separate_subject_classification: False
2025-09-21 23:34:17 - use_subject_layer: False
2025-09-21 23:34:17 - seeds: [42, 123, 456, 789, 321]
2025-09-21 23:34:17 - use_nested_cv: True
2025-09-21 23:34:17 - electrode_fusion_method: none
2025-09-21 23:34:17 - domain_adaptation_method: none
2025-09-21 23:34:17 - enable_comprehensive_evaluation: True
2025-09-21 23:34:17 - enable_domain_analysis: True
2025-09-21 23:34:17 - enable_small_sample_analysis: False
2025-09-21 23:34:17 - small_sample_sizes: [5, 10, 15, 20]
2025-09-21 23:34:17 - small_sample_subjects: [5, 10, 15]
2025-09-21 23:34:17 - --------------------------------------------------
2025-09-21 23:34:17 - 
==================================================
2025-09-21 23:34:17 - Processing Combined P3 and AVO Datasets
2025-09-21 23:34:17 - ==================================================
2025-09-21 23:34:17 - 使用传统方法（无融合）
2025-09-21 23:34:17 - Using Cross-Validation (simplified approach)
2025-09-21 23:34:17 - Configuration: 5-fold CV, 5 repeats
2025-09-21 23:34:17 - ============================================================
2025-09-21 23:34:17 - CROSS-VALIDATION CONFIGURATION
2025-09-21 23:34:17 - ============================================================
2025-09-21 23:34:17 - Datasets: ['P3', 'AVO']
2025-09-21 23:34:17 - CV folds: 5
2025-09-21 23:34:17 - Repeats: 5
2025-09-21 23:34:17 - Confidence level: 0.95
2025-09-21 23:34:17 - ============================================================
2025-09-21 23:34:17 - STRATIFIED SAMPLING CONFIGURATION
2025-09-21 23:34:17 - ============================================================
2025-09-21 23:34:17 - Nested CV Mode: Trial counts per subject by dataset
2025-09-21 23:34:17 -   P3 dataset: 200 trials per subject
2025-09-21 23:34:17 -   AVO dataset: 20 trials per subject
2025-09-21 23:34:17 - Sampling strategy: Multi-level stratified sampling
2025-09-21 23:34:17 -   - Subject-level: Stratified trial selection per subject
2025-09-21 23:34:17 -   - Dataset-level: Stratified sampling when dataset trial counts differ
2025-09-21 23:34:17 -   - Fold-level: StratifiedKFold for 5-fold CV
2025-09-21 23:34:17 -   - Train/Val split: Stratified train_test_split within each fold
2025-09-21 23:34:17 - ============================================================
2025-09-21 23:34:23 - Subject AVO_001: Sampled 20/70 trials
2025-09-21 23:34:23 -   Original distribution: {np.int64(0): np.float64(0.5), np.int64(1): np.float64(0.5)}
2025-09-21 23:34:23 -   Sampled distribution: {np.int64(0): np.float64(0.5), np.int64(1): np.float64(0.5)}
2025-09-21 23:34:23 - Subject AVO_002: Sampled 20/70 trials
2025-09-21 23:34:23 -   Original distribution: {np.int64(0): np.float64(0.5), np.int64(1): np.float64(0.5)}
2025-09-21 23:34:23 -   Sampled distribution: {np.int64(0): np.float64(0.5), np.int64(1): np.float64(0.5)}
2025-09-21 23:34:23 - Subject AVO_003: Sampled 20/88 trials
2025-09-21 23:34:23 -   Original distribution: {np.int64(0): np.float64(0.5), np.int64(1): np.float64(0.5)}
2025-09-21 23:34:23 -   Sampled distribution: {np.int64(0): np.float64(0.5), np.int64(1): np.float64(0.5)}
2025-09-21 23:34:23 - Subject AVO_004: Sampled 20/84 trials
2025-09-21 23:34:23 -   Original distribution: {np.int64(0): np.float64(0.5), np.int64(1): np.float64(0.5)}
2025-09-21 23:34:23 -   Sampled distribution: {np.int64(0): np.float64(0.5), np.int64(1): np.float64(0.5)}
2025-09-21 23:34:24 - Subject AVO_005: Sampled 20/72 trials
2025-09-21 23:34:24 -   Original distribution: {np.int64(0): np.float64(0.5), np.int64(1): np.float64(0.5)}
2025-09-21 23:34:24 -   Sampled distribution: {np.int64(0): np.float64(0.5), np.int64(1): np.float64(0.5)}
2025-09-21 23:34:24 - Subject AVO_006: Sampled 20/74 trials
2025-09-21 23:34:24 -   Original distribution: {np.int64(0): np.float64(0.5), np.int64(1): np.float64(0.5)}
2025-09-21 23:34:24 -   Sampled distribution: {np.int64(0): np.float64(0.5), np.int64(1): np.float64(0.5)}
2025-09-21 23:34:24 - Subject AVO_007: Sampled 20/76 trials
2025-09-21 23:34:24 -   Original distribution: {np.int64(0): np.float64(0.5), np.int64(1): np.float64(0.5)}
2025-09-21 23:34:24 -   Sampled distribution: {np.int64(0): np.float64(0.5), np.int64(1): np.float64(0.5)}
2025-09-21 23:34:24 - Subject AVO_008: Sampled 20/72 trials
2025-09-21 23:34:24 -   Original distribution: {np.int64(0): np.float64(0.5), np.int64(1): np.float64(0.5)}
2025-09-21 23:34:24 -   Sampled distribution: {np.int64(0): np.float64(0.5), np.int64(1): np.float64(0.5)}
2025-09-21 23:34:24 - Subject AVO_009: Sampled 20/76 trials
2025-09-21 23:34:24 -   Original distribution: {np.int64(0): np.float64(0.5), np.int64(1): np.float64(0.5)}
2025-09-21 23:34:24 -   Sampled distribution: {np.int64(0): np.float64(0.5), np.int64(1): np.float64(0.5)}
2025-09-21 23:34:24 - Subject AVO_010: Sampled 20/72 trials
2025-09-21 23:34:24 -   Original distribution: {np.int64(0): np.float64(0.5), np.int64(1): np.float64(0.5)}
2025-09-21 23:34:24 -   Sampled distribution: {np.int64(0): np.float64(0.5), np.int64(1): np.float64(0.5)}
2025-09-21 23:34:24 - Subject AVO_011: Sampled 20/58 trials
2025-09-21 23:34:24 -   Original distribution: {np.int64(0): np.float64(0.5), np.int64(1): np.float64(0.5)}
2025-09-21 23:34:24 -   Sampled distribution: {np.int64(0): np.float64(0.5), np.int64(1): np.float64(0.5)}
2025-09-21 23:34:24 - Subject AVO_012: Sampled 20/72 trials
2025-09-21 23:34:24 -   Original distribution: {np.int64(0): np.float64(0.5), np.int64(1): np.float64(0.5)}
2025-09-21 23:34:24 -   Sampled distribution: {np.int64(0): np.float64(0.5), np.int64(1): np.float64(0.5)}
2025-09-21 23:34:24 - Subject AVO_013: Sampled 20/72 trials
2025-09-21 23:34:24 -   Original distribution: {np.int64(0): np.float64(0.5), np.int64(1): np.float64(0.5)}
2025-09-21 23:34:24 -   Sampled distribution: {np.int64(0): np.float64(0.5), np.int64(1): np.float64(0.5)}
2025-09-21 23:34:25 - Subject AVO_014: Sampled 20/72 trials
2025-09-21 23:34:25 -   Original distribution: {np.int64(0): np.float64(0.5), np.int64(1): np.float64(0.5)}
2025-09-21 23:34:25 -   Sampled distribution: {np.int64(0): np.float64(0.5), np.int64(1): np.float64(0.5)}
2025-09-21 23:34:25 - Subject AVO_015: Sampled 20/56 trials
2025-09-21 23:34:25 -   Original distribution: {np.int64(0): np.float64(0.5), np.int64(1): np.float64(0.5)}
2025-09-21 23:34:25 -   Sampled distribution: {np.int64(0): np.float64(0.5), np.int64(1): np.float64(0.5)}
2025-09-21 23:34:25 - Subject AVO_016: Sampled 20/70 trials
2025-09-21 23:34:25 -   Original distribution: {np.int64(0): np.float64(0.5), np.int64(1): np.float64(0.5)}
2025-09-21 23:34:25 -   Sampled distribution: {np.int64(0): np.float64(0.5), np.int64(1): np.float64(0.5)}
2025-09-21 23:34:25 - Subject AVO_017: Sampled 20/74 trials
2025-09-21 23:34:25 -   Original distribution: {np.int64(0): np.float64(0.5), np.int64(1): np.float64(0.5)}
2025-09-21 23:34:25 -   Sampled distribution: {np.int64(0): np.float64(0.5), np.int64(1): np.float64(0.5)}
2025-09-21 23:34:25 - Subject AVO_018: Sampled 20/22 trials
2025-09-21 23:34:25 -   Original distribution: {np.int64(0): np.float64(0.5), np.int64(1): np.float64(0.5)}
2025-09-21 23:34:25 -   Sampled distribution: {np.int64(0): np.float64(0.5), np.int64(1): np.float64(0.5)}
2025-09-21 23:34:25 - Subject AVO_019: Sampled 20/76 trials
2025-09-21 23:34:25 -   Original distribution: {np.int64(0): np.float64(0.5), np.int64(1): np.float64(0.5)}
2025-09-21 23:34:25 -   Sampled distribution: {np.int64(0): np.float64(0.5), np.int64(1): np.float64(0.5)}
2025-09-21 23:34:25 - Subject AVO_020: Sampled 20/76 trials
2025-09-21 23:34:25 -   Original distribution: {np.int64(0): np.float64(0.5), np.int64(1): np.float64(0.5)}
2025-09-21 23:34:25 -   Sampled distribution: {np.int64(0): np.float64(0.5), np.int64(1): np.float64(0.5)}
2025-09-21 23:34:25 - Subject AVO_021: Sampled 20/80 trials
2025-09-21 23:34:25 -   Original distribution: {np.int64(0): np.float64(0.5), np.int64(1): np.float64(0.5)}
2025-09-21 23:34:25 -   Sampled distribution: {np.int64(0): np.float64(0.5), np.int64(1): np.float64(0.5)}
2025-09-21 23:34:25 - Subject AVO_022: Sampled 20/72 trials
2025-09-21 23:34:25 -   Original distribution: {np.int64(0): np.float64(0.5), np.int64(1): np.float64(0.5)}
2025-09-21 23:34:25 -   Sampled distribution: {np.int64(0): np.float64(0.5), np.int64(1): np.float64(0.5)}
2025-09-21 23:34:26 - Subject AVO_023: Sampled 20/78 trials
2025-09-21 23:34:26 -   Original distribution: {np.int64(0): np.float64(0.5), np.int64(1): np.float64(0.5)}
2025-09-21 23:34:26 -   Sampled distribution: {np.int64(0): np.float64(0.5), np.int64(1): np.float64(0.5)}
2025-09-21 23:34:26 - Subject AVO_024: Sampled 20/92 trials
2025-09-21 23:34:26 -   Original distribution: {np.int64(0): np.float64(0.5), np.int64(1): np.float64(0.5)}
2025-09-21 23:34:26 -   Sampled distribution: {np.int64(0): np.float64(0.5), np.int64(1): np.float64(0.5)}
2025-09-21 23:34:26 - Subject AVO_025: Sampled 20/64 trials
2025-09-21 23:34:26 -   Original distribution: {np.int64(0): np.float64(0.5), np.int64(1): np.float64(0.5)}
2025-09-21 23:34:26 -   Sampled distribution: {np.int64(0): np.float64(0.5), np.int64(1): np.float64(0.5)}
2025-09-21 23:34:26 - Subject AVO_026: Sampled 20/82 trials
2025-09-21 23:34:26 -   Original distribution: {np.int64(0): np.float64(0.5), np.int64(1): np.float64(0.5)}
2025-09-21 23:34:26 -   Sampled distribution: {np.int64(0): np.float64(0.5), np.int64(1): np.float64(0.5)}
2025-09-21 23:34:26 - Subject AVO_027: Sampled 20/70 trials
2025-09-21 23:34:26 -   Original distribution: {np.int64(0): np.float64(0.5), np.int64(1): np.float64(0.5)}
2025-09-21 23:34:26 -   Sampled distribution: {np.int64(0): np.float64(0.5), np.int64(1): np.float64(0.5)}
2025-09-21 23:34:26 - Subject AVO_028: Sampled 20/82 trials
2025-09-21 23:34:26 -   Original distribution: {np.int64(0): np.float64(0.5), np.int64(1): np.float64(0.5)}
2025-09-21 23:34:26 -   Sampled distribution: {np.int64(0): np.float64(0.5), np.int64(1): np.float64(0.5)}
2025-09-21 23:34:26 - Subject AVO_029: Sampled 20/84 trials
2025-09-21 23:34:26 -   Original distribution: {np.int64(0): np.float64(0.5), np.int64(1): np.float64(0.5)}
2025-09-21 23:34:26 -   Sampled distribution: {np.int64(0): np.float64(0.5), np.int64(1): np.float64(0.5)}
2025-09-21 23:34:26 - Subject AVO_030: Sampled 20/72 trials
2025-09-21 23:34:26 -   Original distribution: {np.int64(0): np.float64(0.5), np.int64(1): np.float64(0.5)}
2025-09-21 23:34:26 -   Sampled distribution: {np.int64(0): np.float64(0.5), np.int64(1): np.float64(0.5)}
2025-09-21 23:34:26 - Subject AVO_031: Sampled 20/88 trials
2025-09-21 23:34:26 -   Original distribution: {np.int64(0): np.float64(0.5), np.int64(1): np.float64(0.5)}
2025-09-21 23:34:26 -   Sampled distribution: {np.int64(0): np.float64(0.5), np.int64(1): np.float64(0.5)}
2025-09-21 23:34:27 - Subject AVO_032: Sampled 20/96 trials
2025-09-21 23:34:27 -   Original distribution: {np.int64(0): np.float64(0.5), np.int64(1): np.float64(0.5)}
2025-09-21 23:34:27 -   Sampled distribution: {np.int64(0): np.float64(0.5), np.int64(1): np.float64(0.5)}
2025-09-21 23:34:27 - Subject AVO_033: Sampled 20/78 trials
2025-09-21 23:34:27 -   Original distribution: {np.int64(0): np.float64(0.5), np.int64(1): np.float64(0.5)}
2025-09-21 23:34:27 -   Sampled distribution: {np.int64(0): np.float64(0.5), np.int64(1): np.float64(0.5)}
2025-09-21 23:34:27 - Subject AVO_034: Sampled 20/72 trials
2025-09-21 23:34:27 -   Original distribution: {np.int64(0): np.float64(0.5), np.int64(1): np.float64(0.5)}
2025-09-21 23:34:27 -   Sampled distribution: {np.int64(0): np.float64(0.5), np.int64(1): np.float64(0.5)}
2025-09-21 23:34:27 - Subject AVO_035: Sampled 20/88 trials
2025-09-21 23:34:27 -   Original distribution: {np.int64(0): np.float64(0.5), np.int64(1): np.float64(0.5)}
2025-09-21 23:34:27 -   Sampled distribution: {np.int64(0): np.float64(0.5), np.int64(1): np.float64(0.5)}
2025-09-21 23:34:27 - Subject AVO_036: Sampled 20/84 trials
2025-09-21 23:34:27 -   Original distribution: {np.int64(0): np.float64(0.5), np.int64(1): np.float64(0.5)}
2025-09-21 23:34:27 -   Sampled distribution: {np.int64(0): np.float64(0.5), np.int64(1): np.float64(0.5)}
2025-09-21 23:34:27 - Subject AVO_037: Sampled 20/86 trials
2025-09-21 23:34:27 -   Original distribution: {np.int64(0): np.float64(0.5), np.int64(1): np.float64(0.5)}
2025-09-21 23:34:27 -   Sampled distribution: {np.int64(0): np.float64(0.5), np.int64(1): np.float64(0.5)}
2025-09-21 23:34:27 - Subject AVO_038: Sampled 20/100 trials
2025-09-21 23:34:27 -   Original distribution: {np.int64(0): np.float64(0.5), np.int64(1): np.float64(0.5)}
2025-09-21 23:34:27 -   Sampled distribution: {np.int64(0): np.float64(0.5), np.int64(1): np.float64(0.5)}
2025-09-21 23:34:27 - Subject AVO_039: Sampled 20/70 trials
2025-09-21 23:34:27 -   Original distribution: {np.int64(0): np.float64(0.5), np.int64(1): np.float64(0.5)}
2025-09-21 23:34:27 -   Sampled distribution: {np.int64(0): np.float64(0.5), np.int64(1): np.float64(0.5)}
2025-09-21 23:34:27 - Subject AVO_040: Sampled 20/84 trials
2025-09-21 23:34:27 -   Original distribution: {np.int64(0): np.float64(0.5), np.int64(1): np.float64(0.5)}
2025-09-21 23:34:27 -   Sampled distribution: {np.int64(0): np.float64(0.5), np.int64(1): np.float64(0.5)}
2025-09-21 23:34:27 - Nested CV dataset summary:
2025-09-21 23:34:27 -   Total subjects: 80
2025-09-21 23:34:27 -   Total trials: 3988
2025-09-21 23:34:27 -   Average trials per subject: 49.9
2025-09-21 23:34:27 -   P3 dataset: 40 subjects, 3188 trials (79.7 trials/subject)
2025-09-21 23:34:27 -   AVO dataset: 40 subjects, 800 trials (20.0 trials/subject)
2025-09-21 23:34:27 -   Class distribution: {np.int64(0): np.int64(1994), np.int64(1): np.int64(1994)}
2025-09-21 23:34:27 -   Class proportions: [0.5 0.5]
2025-09-21 23:34:27 -   NOTE: Datasets have different trial counts - StratifiedKFold will handle balanced sampling
2025-09-21 23:34:27 - Enhanced preprocessing increased channels from 5 to 25
2025-09-21 23:34:27 - Starting Cross-Validation for EEGConformer
2025-09-21 23:34:27 - Configuration: 5-fold CV, 5 repeats
2025-09-21 23:34:27 - Data split ratios: Train=0.7, Val=0.1, Test=0.2
2025-09-21 23:34:27 - Repeat 1/5
2025-09-21 23:34:27 -   Fold 1/5
2025-09-21 23:34:28 -     Fold split: Train=2791, Val=399
