2025-09-26 16:26:17 - 
Experiment Configuration:
2025-09-26 16:26:17 - --------------------------------------------------
2025-09-26 16:26:17 - dataset: use_combined_datasets
2025-09-26 16:26:17 - use_combined_datasets: True
2025-09-26 16:26:17 - electrode_list: common
2025-09-26 16:26:17 - classifier: EEGConformer
2025-09-26 16:26:17 - separate_subject_classification: False
2025-09-26 16:26:17 - use_subject_layer: False
2025-09-26 16:26:17 - seeds: [42, 123, 456, 789, 321]
2025-09-26 16:26:17 - use_nested_cv: True
2025-09-26 16:26:17 - electrode_fusion_method: none
2025-09-26 16:26:17 - domain_adaptation_method: none
2025-09-26 16:26:17 - enable_comprehensive_evaluation: True
2025-09-26 16:26:17 - enable_domain_analysis: True
2025-09-26 16:26:17 - enable_small_sample_analysis: False
2025-09-26 16:26:17 - small_sample_sizes: [5, 10, 15, 20]
2025-09-26 16:26:17 - small_sample_subjects: [5, 10, 15]
2025-09-26 16:26:17 - --------------------------------------------------
2025-09-26 16:26:17 - 
==================================================
2025-09-26 16:26:17 - Processing Combined P3 and AVO Datasets
2025-09-26 16:26:17 - ==================================================
2025-09-26 16:26:17 - 使用传统方法（无融合）
2025-09-26 16:26:17 - Using Cross-Validation (simplified approach)
2025-09-26 16:26:17 - Configuration: 5-fold CV, 5 repeats
2025-09-26 16:26:17 - ============================================================
2025-09-26 16:26:17 - CROSS-VALIDATION CONFIGURATION
2025-09-26 16:26:17 - ============================================================
2025-09-26 16:26:17 - Datasets: ['P3', 'AVO']
2025-09-26 16:26:17 - CV folds: 5
2025-09-26 16:26:17 - Repeats: 5
2025-09-26 16:26:17 - Confidence level: 0.95
2025-09-26 16:26:17 - ============================================================
2025-09-26 16:26:17 - STRATIFIED SAMPLING CONFIGURATION
2025-09-26 16:26:17 - ============================================================
2025-09-26 16:26:17 - Nested CV Mode: Trial counts per subject by dataset
2025-09-26 16:26:17 -   P3 dataset: 20 trials per subject
2025-09-26 16:26:17 -   AVO dataset: 200 trials per subject
2025-09-26 16:26:17 - Sampling strategy: Multi-level stratified sampling
2025-09-26 16:26:17 -   - Subject-level: Stratified trial selection per subject
2025-09-26 16:26:17 -   - Dataset-level: Stratified sampling when dataset trial counts differ
2025-09-26 16:26:17 -   - Fold-level: StratifiedKFold for 5-fold CV
2025-09-26 16:26:17 -   - Train/Val split: Stratified train_test_split within each fold
2025-09-26 16:26:17 - ============================================================
2025-09-26 16:26:17 - Subject P3_sub-001: Sampled 20/80 trials
2025-09-26 16:26:17 -   Original distribution: {0: 0.5, 1: 0.5}
2025-09-26 16:26:17 -   Sampled distribution: {0: 0.5, 1: 0.5}
2025-09-26 16:26:17 - Subject P3_sub-002: Sampled 20/80 trials
2025-09-26 16:26:17 -   Original distribution: {0: 0.5, 1: 0.5}
2025-09-26 16:26:17 -   Sampled distribution: {0: 0.5, 1: 0.5}
2025-09-26 16:26:17 - Subject P3_sub-003: Sampled 20/80 trials
2025-09-26 16:26:17 -   Original distribution: {0: 0.5, 1: 0.5}
2025-09-26 16:26:17 -   Sampled distribution: {0: 0.5, 1: 0.5}
2025-09-26 16:26:18 - Subject P3_sub-004: Sampled 20/78 trials
2025-09-26 16:26:18 -   Original distribution: {0: 0.5, 1: 0.5}
2025-09-26 16:26:18 -   Sampled distribution: {0: 0.5, 1: 0.5}
2025-09-26 16:26:18 - Subject P3_sub-005: Sampled 20/80 trials
2025-09-26 16:26:18 -   Original distribution: {0: 0.5, 1: 0.5}
2025-09-26 16:26:18 -   Sampled distribution: {0: 0.5, 1: 0.5}
2025-09-26 16:26:18 - Subject P3_sub-006: Sampled 20/80 trials
2025-09-26 16:26:18 -   Original distribution: {0: 0.5, 1: 0.5}
2025-09-26 16:26:18 -   Sampled distribution: {0: 0.5, 1: 0.5}
2025-09-26 16:26:18 - Subject P3_sub-007: Sampled 20/80 trials
2025-09-26 16:26:18 -   Original distribution: {0: 0.5, 1: 0.5}
2025-09-26 16:26:18 -   Sampled distribution: {0: 0.5, 1: 0.5}
2025-09-26 16:26:18 - Subject P3_sub-008: Sampled 20/80 trials
2025-09-26 16:26:18 -   Original distribution: {0: 0.5, 1: 0.5}
2025-09-26 16:26:18 -   Sampled distribution: {0: 0.5, 1: 0.5}
2025-09-26 16:26:18 - Subject P3_sub-009: Sampled 20/80 trials
2025-09-26 16:26:18 -   Original distribution: {0: 0.5, 1: 0.5}
2025-09-26 16:26:18 -   Sampled distribution: {0: 0.5, 1: 0.5}
2025-09-26 16:26:19 - Subject P3_sub-010: Sampled 20/80 trials
2025-09-26 16:26:19 -   Original distribution: {0: 0.5, 1: 0.5}
2025-09-26 16:26:19 -   Sampled distribution: {0: 0.5, 1: 0.5}
2025-09-26 16:26:19 - Subject P3_sub-011: Sampled 20/80 trials
2025-09-26 16:26:19 -   Original distribution: {0: 0.5, 1: 0.5}
2025-09-26 16:26:19 -   Sampled distribution: {0: 0.5, 1: 0.5}
2025-09-26 16:26:19 - Subject P3_sub-012: Sampled 20/78 trials
2025-09-26 16:26:19 -   Original distribution: {0: 0.5, 1: 0.5}
2025-09-26 16:26:19 -   Sampled distribution: {0: 0.5, 1: 0.5}
2025-09-26 16:26:19 - Subject P3_sub-013: Sampled 20/80 trials
2025-09-26 16:26:19 -   Original distribution: {0: 0.5, 1: 0.5}
2025-09-26 16:26:19 -   Sampled distribution: {0: 0.5, 1: 0.5}
2025-09-26 16:26:19 - Subject P3_sub-014: Sampled 20/80 trials
2025-09-26 16:26:19 -   Original distribution: {0: 0.5, 1: 0.5}
2025-09-26 16:26:19 -   Sampled distribution: {0: 0.5, 1: 0.5}
2025-09-26 16:26:19 - Subject P3_sub-015: Sampled 20/80 trials
2025-09-26 16:26:19 -   Original distribution: {0: 0.5, 1: 0.5}
2025-09-26 16:26:19 -   Sampled distribution: {0: 0.5, 1: 0.5}
2025-09-26 16:26:19 - Subject P3_sub-016: Sampled 20/80 trials
2025-09-26 16:26:19 -   Original distribution: {0: 0.5, 1: 0.5}
2025-09-26 16:26:19 -   Sampled distribution: {0: 0.5, 1: 0.5}
2025-09-26 16:26:20 - Subject P3_sub-017: Sampled 20/80 trials
2025-09-26 16:26:20 -   Original distribution: {0: 0.5, 1: 0.5}
2025-09-26 16:26:20 -   Sampled distribution: {0: 0.5, 1: 0.5}
2025-09-26 16:26:20 - Subject P3_sub-018: Sampled 20/80 trials
2025-09-26 16:26:20 -   Original distribution: {0: 0.5, 1: 0.5}
2025-09-26 16:26:20 -   Sampled distribution: {0: 0.5, 1: 0.5}
2025-09-26 16:26:20 - Subject P3_sub-019: Sampled 20/80 trials
2025-09-26 16:26:20 -   Original distribution: {0: 0.5, 1: 0.5}
2025-09-26 16:26:20 -   Sampled distribution: {0: 0.5, 1: 0.5}
2025-09-26 16:26:20 - Subject P3_sub-020: Sampled 20/78 trials
2025-09-26 16:26:20 -   Original distribution: {0: 0.5, 1: 0.5}
2025-09-26 16:26:20 -   Sampled distribution: {0: 0.5, 1: 0.5}
2025-09-26 16:26:20 - Subject P3_sub-021: Sampled 20/80 trials
2025-09-26 16:26:20 -   Original distribution: {0: 0.5, 1: 0.5}
2025-09-26 16:26:20 -   Sampled distribution: {0: 0.5, 1: 0.5}
2025-09-26 16:26:20 - Subject P3_sub-022: Sampled 20/80 trials
2025-09-26 16:26:20 -   Original distribution: {0: 0.5, 1: 0.5}
2025-09-26 16:26:20 -   Sampled distribution: {0: 0.5, 1: 0.5}
2025-09-26 16:26:21 - Subject P3_sub-023: Sampled 20/78 trials
2025-09-26 16:26:21 -   Original distribution: {0: 0.5, 1: 0.5}
2025-09-26 16:26:21 -   Sampled distribution: {0: 0.5, 1: 0.5}
2025-09-26 16:26:21 - Subject P3_sub-024: Sampled 20/80 trials
2025-09-26 16:26:21 -   Original distribution: {0: 0.5, 1: 0.5}
2025-09-26 16:26:21 -   Sampled distribution: {0: 0.5, 1: 0.5}
2025-09-26 16:26:21 - Subject P3_sub-025: Sampled 20/80 trials
2025-09-26 16:26:21 -   Original distribution: {0: 0.5, 1: 0.5}
2025-09-26 16:26:21 -   Sampled distribution: {0: 0.5, 1: 0.5}
2025-09-26 16:26:21 - Subject P3_sub-026: Sampled 20/80 trials
2025-09-26 16:26:21 -   Original distribution: {0: 0.5, 1: 0.5}
2025-09-26 16:26:21 -   Sampled distribution: {0: 0.5, 1: 0.5}
2025-09-26 16:26:21 - Subject P3_sub-027: Sampled 20/80 trials
2025-09-26 16:26:21 -   Original distribution: {0: 0.5, 1: 0.5}
2025-09-26 16:26:21 -   Sampled distribution: {0: 0.5, 1: 0.5}
2025-09-26 16:26:21 - Subject P3_sub-028: Sampled 20/80 trials
2025-09-26 16:26:21 -   Original distribution: {0: 0.5, 1: 0.5}
2025-09-26 16:26:21 -   Sampled distribution: {0: 0.5, 1: 0.5}
2025-09-26 16:26:22 - Subject P3_sub-029: Sampled 20/80 trials
2025-09-26 16:26:22 -   Original distribution: {0: 0.5, 1: 0.5}
2025-09-26 16:26:22 -   Sampled distribution: {0: 0.5, 1: 0.5}
2025-09-26 16:26:22 - Subject P3_sub-030: Sampled 20/80 trials
2025-09-26 16:26:22 -   Original distribution: {0: 0.5, 1: 0.5}
2025-09-26 16:26:22 -   Sampled distribution: {0: 0.5, 1: 0.5}
2025-09-26 16:26:22 - Subject P3_sub-031: Sampled 20/80 trials
2025-09-26 16:26:22 -   Original distribution: {0: 0.5, 1: 0.5}
2025-09-26 16:26:22 -   Sampled distribution: {0: 0.5, 1: 0.5}
2025-09-26 16:26:22 - Subject P3_sub-032: Sampled 20/80 trials
2025-09-26 16:26:22 -   Original distribution: {0: 0.5, 1: 0.5}
2025-09-26 16:26:22 -   Sampled distribution: {0: 0.5, 1: 0.5}
2025-09-26 16:26:22 - Subject P3_sub-033: Sampled 20/80 trials
2025-09-26 16:26:22 -   Original distribution: {0: 0.5, 1: 0.5}
2025-09-26 16:26:22 -   Sampled distribution: {0: 0.5, 1: 0.5}
2025-09-26 16:26:22 - Subject P3_sub-034: Sampled 20/80 trials
2025-09-26 16:26:22 -   Original distribution: {0: 0.5, 1: 0.5}
2025-09-26 16:26:22 -   Sampled distribution: {0: 0.5, 1: 0.5}
2025-09-26 16:26:22 - Subject P3_sub-035: Sampled 20/78 trials
2025-09-26 16:26:22 -   Original distribution: {0: 0.5, 1: 0.5}
2025-09-26 16:26:22 -   Sampled distribution: {0: 0.5, 1: 0.5}
2025-09-26 16:26:23 - Subject P3_sub-036: Sampled 20/80 trials
2025-09-26 16:26:23 -   Original distribution: {0: 0.5, 1: 0.5}
2025-09-26 16:26:23 -   Sampled distribution: {0: 0.5, 1: 0.5}
2025-09-26 16:26:23 - Subject P3_sub-037: Sampled 20/78 trials
2025-09-26 16:26:23 -   Original distribution: {0: 0.5, 1: 0.5}
2025-09-26 16:26:23 -   Sampled distribution: {0: 0.5, 1: 0.5}
2025-09-26 16:26:23 - Subject P3_sub-038: Sampled 20/80 trials
2025-09-26 16:26:23 -   Original distribution: {0: 0.5, 1: 0.5}
2025-09-26 16:26:23 -   Sampled distribution: {0: 0.5, 1: 0.5}
2025-09-26 16:26:23 - Subject P3_sub-039: Sampled 20/80 trials
2025-09-26 16:26:23 -   Original distribution: {0: 0.5, 1: 0.5}
2025-09-26 16:26:23 -   Sampled distribution: {0: 0.5, 1: 0.5}
2025-09-26 16:26:23 - Subject P3_sub-040: Sampled 20/80 trials
2025-09-26 16:26:23 -   Original distribution: {0: 0.5, 1: 0.5}
2025-09-26 16:26:23 -   Sampled distribution: {0: 0.5, 1: 0.5}
2025-09-26 16:26:29 - Nested CV dataset summary:
2025-09-26 16:26:29 -   Total subjects: 80
2025-09-26 16:26:29 -   Total trials: 3824
2025-09-26 16:26:29 -   Average trials per subject: 47.8
2025-09-26 16:26:29 -   P3 dataset: 40 subjects, 800 trials (20.0 trials/subject)
2025-09-26 16:26:29 -   AVO dataset: 40 subjects, 3024 trials (75.6 trials/subject)
2025-09-26 16:26:29 -   Class distribution: {0: 1912, 1: 1912}
2025-09-26 16:26:29 -   Class proportions: [0.5 0.5]
2025-09-26 16:26:29 -   NOTE: Datasets have different trial counts - StratifiedKFold will handle balanced sampling
2025-09-26 16:26:29 - Enhanced preprocessing increased channels from 5 to 25
2025-09-26 16:26:29 - Starting Cross-Validation for EEGConformer
2025-09-26 16:26:29 - Configuration: 5-fold CV, 5 repeats
2025-09-26 16:26:29 - Data split ratios: Train=0.7, Val=0.1, Test=0.2
2025-09-26 16:26:29 - Repeat 1/5
2025-09-26 16:26:29 -   Fold 1/5
2025-09-26 16:26:30 -     Fold split: Train=2676, Val=383
2025-09-26 16:27:23 -     Test accuracy: 0.7595
2025-09-26 16:27:23 -   Fold 2/5
2025-09-26 16:27:23 -     Fold split: Train=2676, Val=383
2025-09-26 16:28:27 -     Test accuracy: 0.7242
2025-09-26 16:28:27 -   Fold 3/5
2025-09-26 16:28:27 -     Fold split: Train=2676, Val=383
2025-09-26 16:29:27 -     Test accuracy: 0.7503
2025-09-26 16:29:27 -   Fold 4/5
2025-09-26 16:29:27 -     Fold split: Train=2676, Val=383
2025-09-26 16:30:30 -     Test accuracy: 0.6941
2025-09-26 16:30:30 -   Fold 5/5
2025-09-26 16:30:30 -     Fold split: Train=2677, Val=383
2025-09-26 16:31:50 -     Test accuracy: 0.7906
2025-09-26 16:31:50 -   Repeat 1 mean accuracy: 0.7437 ± 0.0326
2025-09-26 16:31:50 - Repeat 2/5
2025-09-26 16:31:50 -   Fold 1/5
2025-09-26 16:31:51 -     Fold split: Train=2676, Val=383
2025-09-26 16:32:35 -     Test accuracy: 0.7046
2025-09-26 16:32:35 -   Fold 2/5
2025-09-26 16:32:35 -     Fold split: Train=2676, Val=383
2025-09-26 16:33:42 -     Test accuracy: 0.7542
2025-09-26 16:33:42 -   Fold 3/5
2025-09-26 16:33:42 -     Fold split: Train=2676, Val=383
2025-09-26 16:34:48 -     Test accuracy: 0.7908
2025-09-26 16:34:48 -   Fold 4/5
2025-09-26 16:34:48 -     Fold split: Train=2676, Val=383
2025-09-26 16:35:53 -     Test accuracy: 0.7895
2025-09-26 16:35:53 -   Fold 5/5
2025-09-26 16:35:53 -     Fold split: Train=2677, Val=383
2025-09-26 16:37:03 -     Test accuracy: 0.7042
2025-09-26 16:37:03 -   Repeat 2 mean accuracy: 0.7487 ± 0.0385
2025-09-26 16:37:03 - Repeat 3/5
2025-09-26 16:37:03 -   Fold 1/5
2025-09-26 16:37:04 -     Fold split: Train=2676, Val=383
2025-09-26 16:37:49 -     Test accuracy: 0.7346
2025-09-26 16:37:49 -   Fold 2/5
2025-09-26 16:37:49 -     Fold split: Train=2676, Val=383
2025-09-26 16:38:57 -     Test accuracy: 0.7660
2025-09-26 16:38:57 -   Fold 3/5
2025-09-26 16:38:57 -     Fold split: Train=2676, Val=383
2025-09-26 16:40:04 -     Test accuracy: 0.7882
2025-09-26 16:40:04 -   Fold 4/5
2025-09-26 16:40:04 -     Fold split: Train=2676, Val=383
2025-09-26 16:41:13 -     Test accuracy: 0.7516
2025-09-26 16:41:13 -   Fold 5/5
2025-09-26 16:41:13 -     Fold split: Train=2677, Val=383
2025-09-26 16:42:11 -     Test accuracy: 0.7644
2025-09-26 16:42:11 -   Repeat 3 mean accuracy: 0.7610 ± 0.0177
2025-09-26 16:42:11 - Repeat 4/5
2025-09-26 16:42:11 -   Fold 1/5
2025-09-26 16:42:11 -     Fold split: Train=2676, Val=383
2025-09-26 16:43:13 -     Test accuracy: 0.7412
2025-09-26 16:43:13 -   Fold 2/5
2025-09-26 16:43:13 -     Fold split: Train=2676, Val=383
2025-09-26 16:44:32 -     Test accuracy: 0.7516
2025-09-26 16:44:32 -   Fold 3/5
2025-09-26 16:44:32 -     Fold split: Train=2676, Val=383
2025-09-26 16:45:26 -     Test accuracy: 0.7333
2025-09-26 16:45:26 -   Fold 4/5
2025-09-26 16:45:26 -     Fold split: Train=2676, Val=383
2025-09-26 16:46:17 -     Test accuracy: 0.7673
2025-09-26 16:46:17 -   Fold 5/5
2025-09-26 16:46:17 -     Fold split: Train=2677, Val=383
2025-09-26 16:47:38 -     Test accuracy: 0.7736
2025-09-26 16:47:38 -   Repeat 4 mean accuracy: 0.7534 ± 0.0152
2025-09-26 16:47:38 - Repeat 5/5
2025-09-26 16:47:38 -   Fold 1/5
2025-09-26 16:47:38 -     Fold split: Train=2676, Val=383
2025-09-26 16:49:17 -     Test accuracy: 0.7725
2025-09-26 16:49:17 -   Fold 2/5
2025-09-26 16:49:17 -     Fold split: Train=2676, Val=383
2025-09-26 16:50:40 -     Test accuracy: 0.7712
2025-09-26 16:50:40 -   Fold 3/5
2025-09-26 16:50:40 -     Fold split: Train=2676, Val=383
2025-09-26 16:51:31 -     Test accuracy: 0.7203
2025-09-26 16:51:31 -   Fold 4/5
2025-09-26 16:51:31 -     Fold split: Train=2676, Val=383
2025-09-26 16:52:23 -     Test accuracy: 0.7399
2025-09-26 16:52:23 -   Fold 5/5
2025-09-26 16:52:23 -     Fold split: Train=2677, Val=383
2025-09-26 16:53:08 -     Test accuracy: 0.6466
2025-09-26 16:53:08 -   Repeat 5 mean accuracy: 0.7301 ± 0.0462
2025-09-26 16:53:08 - Cross-Validation completed for EEGConformer
2025-09-26 16:53:08 - Final accuracy: 0.7474 ± 0.0346
2025-09-26 16:53:08 - 95% CI: [0.7331, 0.7617]
2025-09-26 16:53:08 - 
============================================================
2025-09-26 16:53:08 - CROSS-VALIDATION RESULTS
2025-09-26 16:53:08 - ============================================================
2025-09-26 16:53:08 - Model: EEGConformer
2025-09-26 16:53:08 - Overall accuracy: 0.7474 ± 0.0346
2025-09-26 16:53:08 - 95% Confidence Interval: [0.7331, 0.7617]
2025-09-26 16:53:08 - Statistical significance: 25 evaluations
2025-09-26 16:53:08 - Precision: 0.7449 [0.7226, 0.7672]
2025-09-26 16:53:08 - Recall: 0.7733 [0.7241, 0.8225]
2025-09-26 16:53:08 - F1_Score: 0.7500 [0.7271, 0.7728]
2025-09-26 16:53:08 - Auc: 0.8264 [0.8192, 0.8336]
2025-09-26 16:53:08 - ============================================================
2025-09-26 16:53:08 - Individual subject results skipped - using Nested Cross-Validation results
2025-09-26 16:53:08 - Detailed results saved to: main_combined_detailed_results_20250926_165308.csv
2025-09-26 16:53:08 - Summary statistics saved to: main_combined_summary_stats_20250926_165308.csv
2025-09-26 16:53:08 - Dataset-specific results from Nested Cross-Validation:
2025-09-26 16:53:08 - P3 Dataset - Nested CV Results:
2025-09-26 16:53:08 -   Mean Accuracy: 0.5897 ± 0.0403
2025-09-26 16:53:08 -   95% CI: [0.5731, 0.6063]
2025-09-26 16:53:08 -   AUC: 0.6378 ± 0.0392
2025-09-26 16:53:08 - AVO Dataset - Nested CV Results:
2025-09-26 16:53:08 -   Mean Accuracy: 0.7892 ± 0.0438
2025-09-26 16:53:08 -   95% CI: [0.7711, 0.8073]
2025-09-26 16:53:08 -   AUC: 0.8705 ± 0.0176
