2025-09-24 23:21:01 - 
Experiment Configuration:
2025-09-24 23:21:01 - --------------------------------------------------
2025-09-24 23:21:01 - dataset: use_combined_datasets
2025-09-24 23:21:01 - use_combined_datasets: True
2025-09-24 23:21:01 - electrode_list: common
2025-09-24 23:21:01 - classifier: EEGConformer
2025-09-24 23:21:01 - separate_subject_classification: False
2025-09-24 23:21:01 - use_subject_layer: False
2025-09-24 23:21:01 - seeds: [42, 123, 456, 789, 321]
2025-09-24 23:21:01 - use_nested_cv: True
2025-09-24 23:21:01 - electrode_fusion_method: none
2025-09-24 23:21:01 - domain_adaptation_method: none
2025-09-24 23:21:01 - enable_comprehensive_evaluation: True
2025-09-24 23:21:01 - enable_domain_analysis: True
2025-09-24 23:21:01 - enable_small_sample_analysis: False
2025-09-24 23:21:01 - small_sample_sizes: [5, 10, 15, 20]
2025-09-24 23:21:01 - small_sample_subjects: [5, 10, 15]
2025-09-24 23:21:01 - --------------------------------------------------
2025-09-24 23:21:01 - 
==================================================
2025-09-24 23:21:01 - Processing Combined P3 and AVO Datasets
2025-09-24 23:21:01 - ==================================================
2025-09-24 23:21:01 - 使用传统方法（无融合）
2025-09-24 23:21:01 - Using Cross-Validation (simplified approach)
2025-09-24 23:21:01 - Configuration: 5-fold CV, 5 repeats
2025-09-24 23:21:01 - ============================================================
2025-09-24 23:21:01 - CROSS-VALIDATION CONFIGURATION
2025-09-24 23:21:01 - ============================================================
2025-09-24 23:21:01 - Datasets: ['P3', 'AVO']
2025-09-24 23:21:01 - CV folds: 5
2025-09-24 23:21:01 - Repeats: 5
2025-09-24 23:21:01 - Confidence level: 0.95
2025-09-24 23:21:01 - ============================================================
2025-09-24 23:21:01 - STRATIFIED SAMPLING CONFIGURATION
2025-09-24 23:21:01 - ============================================================
2025-09-24 23:21:01 - Nested CV Mode: Trial counts per subject by dataset
2025-09-24 23:21:01 -   P3 dataset: 200 trials per subject
2025-09-24 23:21:01 -   AVO dataset: 20 trials per subject
2025-09-24 23:21:01 - Sampling strategy: Multi-level stratified sampling
2025-09-24 23:21:01 -   - Subject-level: Stratified trial selection per subject
2025-09-24 23:21:01 -   - Dataset-level: Stratified sampling when dataset trial counts differ
2025-09-24 23:21:01 -   - Fold-level: StratifiedKFold for 5-fold CV
2025-09-24 23:21:01 -   - Train/Val split: Stratified train_test_split within each fold
2025-09-24 23:21:01 - ============================================================
2025-09-24 23:21:08 - Subject AVO_001: Sampled 20/70 trials
2025-09-24 23:21:08 -   Original distribution: {0: 0.5, 1: 0.5}
2025-09-24 23:21:08 -   Sampled distribution: {0: 0.5, 1: 0.5}
2025-09-24 23:21:09 - Subject AVO_002: Sampled 20/70 trials
2025-09-24 23:21:09 -   Original distribution: {0: 0.5, 1: 0.5}
2025-09-24 23:21:09 -   Sampled distribution: {0: 0.5, 1: 0.5}
2025-09-24 23:21:09 - Subject AVO_003: Sampled 20/88 trials
2025-09-24 23:21:09 -   Original distribution: {0: 0.5, 1: 0.5}
2025-09-24 23:21:09 -   Sampled distribution: {0: 0.5, 1: 0.5}
2025-09-24 23:21:09 - Subject AVO_004: Sampled 20/84 trials
2025-09-24 23:21:09 -   Original distribution: {0: 0.5, 1: 0.5}
2025-09-24 23:21:09 -   Sampled distribution: {0: 0.5, 1: 0.5}
2025-09-24 23:21:09 - Subject AVO_005: Sampled 20/70 trials
2025-09-24 23:21:09 -   Original distribution: {0: 0.5, 1: 0.5}
2025-09-24 23:21:09 -   Sampled distribution: {0: 0.5, 1: 0.5}
2025-09-24 23:21:09 - Subject AVO_006: Sampled 20/74 trials
2025-09-24 23:21:09 -   Original distribution: {0: 0.5, 1: 0.5}
2025-09-24 23:21:09 -   Sampled distribution: {0: 0.5, 1: 0.5}
2025-09-24 23:21:09 - Subject AVO_007: Sampled 20/78 trials
2025-09-24 23:21:09 -   Original distribution: {0: 0.5, 1: 0.5}
2025-09-24 23:21:09 -   Sampled distribution: {0: 0.5, 1: 0.5}
2025-09-24 23:21:10 - Subject AVO_008: Sampled 20/72 trials
2025-09-24 23:21:10 -   Original distribution: {0: 0.5, 1: 0.5}
2025-09-24 23:21:10 -   Sampled distribution: {0: 0.5, 1: 0.5}
2025-09-24 23:21:10 - Subject AVO_009: Sampled 20/76 trials
2025-09-24 23:21:10 -   Original distribution: {0: 0.5, 1: 0.5}
2025-09-24 23:21:10 -   Sampled distribution: {0: 0.5, 1: 0.5}
2025-09-24 23:21:10 - Subject AVO_010: Sampled 20/70 trials
2025-09-24 23:21:10 -   Original distribution: {0: 0.5, 1: 0.5}
2025-09-24 23:21:10 -   Sampled distribution: {0: 0.5, 1: 0.5}
2025-09-24 23:21:10 - Subject AVO_011: Sampled 20/60 trials
2025-09-24 23:21:10 -   Original distribution: {0: 0.5, 1: 0.5}
2025-09-24 23:21:10 -   Sampled distribution: {0: 0.5, 1: 0.5}
2025-09-24 23:21:10 - Subject AVO_012: Sampled 20/72 trials
2025-09-24 23:21:10 -   Original distribution: {0: 0.5, 1: 0.5}
2025-09-24 23:21:10 -   Sampled distribution: {0: 0.5, 1: 0.5}
2025-09-24 23:21:10 - Subject AVO_013: Sampled 20/72 trials
2025-09-24 23:21:10 -   Original distribution: {0: 0.5, 1: 0.5}
2025-09-24 23:21:10 -   Sampled distribution: {0: 0.5, 1: 0.5}
2025-09-24 23:21:11 - Subject AVO_014: Sampled 20/72 trials
2025-09-24 23:21:11 -   Original distribution: {0: 0.5, 1: 0.5}
2025-09-24 23:21:11 -   Sampled distribution: {0: 0.5, 1: 0.5}
2025-09-24 23:21:11 - Subject AVO_015: Sampled 20/56 trials
2025-09-24 23:21:11 -   Original distribution: {0: 0.5, 1: 0.5}
2025-09-24 23:21:11 -   Sampled distribution: {0: 0.5, 1: 0.5}
2025-09-24 23:21:11 - Subject AVO_016: Sampled 20/70 trials
2025-09-24 23:21:11 -   Original distribution: {0: 0.5, 1: 0.5}
2025-09-24 23:21:11 -   Sampled distribution: {0: 0.5, 1: 0.5}
2025-09-24 23:21:11 - Subject AVO_017: Sampled 20/74 trials
2025-09-24 23:21:11 -   Original distribution: {0: 0.5, 1: 0.5}
2025-09-24 23:21:11 -   Sampled distribution: {0: 0.5, 1: 0.5}
2025-09-24 23:21:11 - Subject AVO_018: Sampled 20/22 trials
2025-09-24 23:21:11 -   Original distribution: {0: 0.5, 1: 0.5}
2025-09-24 23:21:11 -   Sampled distribution: {0: 0.5, 1: 0.5}
2025-09-24 23:21:11 - Subject AVO_019: Sampled 20/76 trials
2025-09-24 23:21:11 -   Original distribution: {0: 0.5, 1: 0.5}
2025-09-24 23:21:11 -   Sampled distribution: {0: 0.5, 1: 0.5}
2025-09-24 23:21:12 - Subject AVO_020: Sampled 20/76 trials
2025-09-24 23:21:12 -   Original distribution: {0: 0.5, 1: 0.5}
2025-09-24 23:21:12 -   Sampled distribution: {0: 0.5, 1: 0.5}
2025-09-24 23:21:12 - Subject AVO_021: Sampled 20/82 trials
2025-09-24 23:21:12 -   Original distribution: {0: 0.5, 1: 0.5}
2025-09-24 23:21:12 -   Sampled distribution: {0: 0.5, 1: 0.5}
2025-09-24 23:21:12 - Subject AVO_022: Sampled 20/72 trials
2025-09-24 23:21:12 -   Original distribution: {0: 0.5, 1: 0.5}
2025-09-24 23:21:12 -   Sampled distribution: {0: 0.5, 1: 0.5}
2025-09-24 23:21:12 - Subject AVO_023: Sampled 20/78 trials
2025-09-24 23:21:12 -   Original distribution: {0: 0.5, 1: 0.5}
2025-09-24 23:21:12 -   Sampled distribution: {0: 0.5, 1: 0.5}
2025-09-24 23:21:12 - Subject AVO_024: Sampled 20/92 trials
2025-09-24 23:21:12 -   Original distribution: {0: 0.5, 1: 0.5}
2025-09-24 23:21:12 -   Sampled distribution: {0: 0.5, 1: 0.5}
2025-09-24 23:21:12 - Subject AVO_025: Sampled 20/64 trials
2025-09-24 23:21:12 -   Original distribution: {0: 0.5, 1: 0.5}
2025-09-24 23:21:12 -   Sampled distribution: {0: 0.5, 1: 0.5}
2025-09-24 23:21:13 - Subject AVO_026: Sampled 20/80 trials
2025-09-24 23:21:13 -   Original distribution: {0: 0.5, 1: 0.5}
2025-09-24 23:21:13 -   Sampled distribution: {0: 0.5, 1: 0.5}
2025-09-24 23:21:13 - Subject AVO_027: Sampled 20/68 trials
2025-09-24 23:21:13 -   Original distribution: {0: 0.5, 1: 0.5}
2025-09-24 23:21:13 -   Sampled distribution: {0: 0.5, 1: 0.5}
2025-09-24 23:21:13 - Subject AVO_028: Sampled 20/84 trials
2025-09-24 23:21:13 -   Original distribution: {0: 0.5, 1: 0.5}
2025-09-24 23:21:13 -   Sampled distribution: {0: 0.5, 1: 0.5}
2025-09-24 23:21:13 - Subject AVO_029: Sampled 20/84 trials
2025-09-24 23:21:13 -   Original distribution: {0: 0.5, 1: 0.5}
2025-09-24 23:21:13 -   Sampled distribution: {0: 0.5, 1: 0.5}
2025-09-24 23:21:13 - Subject AVO_030: Sampled 20/72 trials
2025-09-24 23:21:13 -   Original distribution: {0: 0.5, 1: 0.5}
2025-09-24 23:21:13 -   Sampled distribution: {0: 0.5, 1: 0.5}
2025-09-24 23:21:13 - Subject AVO_031: Sampled 20/88 trials
2025-09-24 23:21:13 -   Original distribution: {0: 0.5, 1: 0.5}
2025-09-24 23:21:13 -   Sampled distribution: {0: 0.5, 1: 0.5}
2025-09-24 23:21:14 - Subject AVO_032: Sampled 20/96 trials
2025-09-24 23:21:14 -   Original distribution: {0: 0.5, 1: 0.5}
2025-09-24 23:21:14 -   Sampled distribution: {0: 0.5, 1: 0.5}
2025-09-24 23:21:14 - Subject AVO_033: Sampled 20/78 trials
2025-09-24 23:21:14 -   Original distribution: {0: 0.5, 1: 0.5}
2025-09-24 23:21:14 -   Sampled distribution: {0: 0.5, 1: 0.5}
2025-09-24 23:21:14 - Subject AVO_034: Sampled 20/72 trials
2025-09-24 23:21:14 -   Original distribution: {0: 0.5, 1: 0.5}
2025-09-24 23:21:14 -   Sampled distribution: {0: 0.5, 1: 0.5}
2025-09-24 23:21:14 - Subject AVO_035: Sampled 20/88 trials
2025-09-24 23:21:14 -   Original distribution: {0: 0.5, 1: 0.5}
2025-09-24 23:21:14 -   Sampled distribution: {0: 0.5, 1: 0.5}
2025-09-24 23:21:14 - Subject AVO_036: Sampled 20/84 trials
2025-09-24 23:21:14 -   Original distribution: {0: 0.5, 1: 0.5}
2025-09-24 23:21:14 -   Sampled distribution: {0: 0.5, 1: 0.5}
2025-09-24 23:21:14 - Subject AVO_037: Sampled 20/86 trials
2025-09-24 23:21:14 -   Original distribution: {0: 0.5, 1: 0.5}
2025-09-24 23:21:14 -   Sampled distribution: {0: 0.5, 1: 0.5}
2025-09-24 23:21:15 - Subject AVO_038: Sampled 20/100 trials
2025-09-24 23:21:15 -   Original distribution: {0: 0.5, 1: 0.5}
2025-09-24 23:21:15 -   Sampled distribution: {0: 0.5, 1: 0.5}
2025-09-24 23:21:15 - Subject AVO_039: Sampled 20/70 trials
2025-09-24 23:21:15 -   Original distribution: {0: 0.5, 1: 0.5}
2025-09-24 23:21:15 -   Sampled distribution: {0: 0.5, 1: 0.5}
2025-09-24 23:21:15 - Subject AVO_040: Sampled 20/84 trials
2025-09-24 23:21:15 -   Original distribution: {0: 0.5, 1: 0.5}
2025-09-24 23:21:15 -   Sampled distribution: {0: 0.5, 1: 0.5}
2025-09-24 23:21:15 - Nested CV dataset summary:
2025-09-24 23:21:15 -   Total subjects: 80
2025-09-24 23:21:15 -   Total trials: 3988
2025-09-24 23:21:15 -   Average trials per subject: 49.9
2025-09-24 23:21:15 -   P3 dataset: 40 subjects, 3188 trials (79.7 trials/subject)
2025-09-24 23:21:15 -   AVO dataset: 40 subjects, 800 trials (20.0 trials/subject)
2025-09-24 23:21:15 -   Class distribution: {0: 1994, 1: 1994}
2025-09-24 23:21:15 -   Class proportions: [0.5 0.5]
2025-09-24 23:21:15 -   NOTE: Datasets have different trial counts - StratifiedKFold will handle balanced sampling
2025-09-24 23:21:15 - Enhanced preprocessing increased channels from 5 to 25
2025-09-24 23:21:15 - Starting Cross-Validation for EEGConformer
2025-09-24 23:21:15 - Configuration: 5-fold CV, 5 repeats
2025-09-24 23:21:15 - Data split ratios: Train=0.7, Val=0.1, Test=0.2
2025-09-24 23:21:15 - Repeat 1/5
2025-09-24 23:21:15 -   Fold 1/5
2025-09-24 23:21:15 -     Fold split: Train=2791, Val=399
2025-09-24 23:22:35 -     Test accuracy: 0.6278
2025-09-24 23:22:35 -   Fold 2/5
2025-09-24 23:22:35 -     Fold split: Train=2791, Val=399
2025-09-24 23:23:41 -     Test accuracy: 0.6617
2025-09-24 23:23:41 -   Fold 3/5
2025-09-24 23:23:41 -     Fold split: Train=2791, Val=399
2025-09-24 23:25:42 -     Test accuracy: 0.6429
2025-09-24 23:25:42 -   Fold 4/5
2025-09-24 23:25:42 -     Fold split: Train=2792, Val=399
2025-09-24 23:27:12 -     Test accuracy: 0.5859
2025-09-24 23:27:12 -   Fold 5/5
2025-09-24 23:27:12 -     Fold split: Train=2792, Val=399
2025-09-24 23:28:31 -     Test accuracy: 0.6412
2025-09-24 23:28:31 -   Repeat 1 mean accuracy: 0.6319 ± 0.0254
2025-09-24 23:28:31 - Repeat 2/5
2025-09-24 23:28:31 -   Fold 1/5
2025-09-24 23:28:31 -     Fold split: Train=2791, Val=399
2025-09-24 23:29:45 -     Test accuracy: 0.6228
2025-09-24 23:29:45 -   Fold 2/5
2025-09-24 23:29:45 -     Fold split: Train=2791, Val=399
2025-09-24 23:31:39 -     Test accuracy: 0.5977
2025-09-24 23:31:39 -   Fold 3/5
2025-09-24 23:31:39 -     Fold split: Train=2791, Val=399
2025-09-24 23:33:41 -     Test accuracy: 0.6529
2025-09-24 23:33:41 -   Fold 4/5
2025-09-24 23:33:41 -     Fold split: Train=2792, Val=399
2025-09-24 23:35:58 -     Test accuracy: 0.6161
2025-09-24 23:35:58 -   Fold 5/5
2025-09-24 23:35:58 -     Fold split: Train=2792, Val=399
2025-09-24 23:37:28 -     Test accuracy: 0.6424
2025-09-24 23:37:28 -   Repeat 2 mean accuracy: 0.6264 ± 0.0195
2025-09-24 23:37:28 - Repeat 3/5
2025-09-24 23:37:28 -   Fold 1/5
2025-09-24 23:37:28 -     Fold split: Train=2791, Val=399
2025-09-24 23:39:16 -     Test accuracy: 0.6629
2025-09-24 23:39:16 -   Fold 2/5
2025-09-24 23:39:16 -     Fold split: Train=2791, Val=399
2025-09-24 23:40:30 -     Test accuracy: 0.6491
2025-09-24 23:40:30 -   Fold 3/5
2025-09-24 23:40:30 -     Fold split: Train=2791, Val=399
2025-09-24 23:41:55 -     Test accuracy: 0.6554
2025-09-24 23:41:55 -   Fold 4/5
2025-09-24 23:41:55 -     Fold split: Train=2792, Val=399
2025-09-24 23:43:39 -     Test accuracy: 0.6437
2025-09-24 23:43:39 -   Fold 5/5
2025-09-24 23:43:39 -     Fold split: Train=2792, Val=399
2025-09-24 23:45:12 -     Test accuracy: 0.6324
2025-09-24 23:45:12 -   Repeat 3 mean accuracy: 0.6487 ± 0.0104
2025-09-24 23:45:12 - Repeat 4/5
2025-09-24 23:45:12 -   Fold 1/5
2025-09-24 23:45:12 -     Fold split: Train=2791, Val=399
2025-09-24 23:46:37 -     Test accuracy: 0.6692
2025-09-24 23:46:37 -   Fold 2/5
2025-09-24 23:46:37 -     Fold split: Train=2791, Val=399
2025-09-24 23:48:00 -     Test accuracy: 0.6203
2025-09-24 23:48:00 -   Fold 3/5
2025-09-24 23:48:00 -     Fold split: Train=2791, Val=399
2025-09-24 23:49:34 -     Test accuracy: 0.6028
2025-09-24 23:49:34 -   Fold 4/5
2025-09-24 23:49:34 -     Fold split: Train=2792, Val=399
2025-09-24 23:51:30 -     Test accuracy: 0.6223
2025-09-24 23:51:30 -   Fold 5/5
2025-09-24 23:51:30 -     Fold split: Train=2792, Val=399
2025-09-24 23:52:59 -     Test accuracy: 0.6587
2025-09-24 23:52:59 -   Repeat 4 mean accuracy: 0.6347 ± 0.0251
2025-09-24 23:52:59 - Repeat 5/5
2025-09-24 23:52:59 -   Fold 1/5
2025-09-24 23:52:59 -     Fold split: Train=2791, Val=399
2025-09-24 23:54:56 -     Test accuracy: 0.6228
2025-09-24 23:54:56 -   Fold 2/5
2025-09-24 23:54:56 -     Fold split: Train=2791, Val=399
2025-09-24 23:57:02 -     Test accuracy: 0.6391
2025-09-24 23:57:02 -   Fold 3/5
2025-09-24 23:57:02 -     Fold split: Train=2791, Val=399
2025-09-24 23:58:47 -     Test accuracy: 0.6629
2025-09-24 23:58:47 -   Fold 4/5
2025-09-24 23:58:47 -     Fold split: Train=2792, Val=399
2025-09-25 00:00:10 -     Test accuracy: 0.6851
2025-09-25 00:00:10 -   Fold 5/5
2025-09-25 00:00:10 -     Fold split: Train=2792, Val=399
2025-09-25 00:02:02 -     Test accuracy: 0.6299
2025-09-25 00:02:02 -   Repeat 5 mean accuracy: 0.6479 ± 0.0230
2025-09-25 00:02:02 - Cross-Validation completed for EEGConformer
2025-09-25 00:02:02 - Final accuracy: 0.6379 ± 0.0237
2025-09-25 00:02:02 - 95% CI: [0.6281, 0.6477]
2025-09-25 00:02:02 - 
============================================================
2025-09-25 00:02:02 - CROSS-VALIDATION RESULTS
2025-09-25 00:02:02 - ============================================================
2025-09-25 00:02:02 - Model: EEGConformer
2025-09-25 00:02:02 - Overall accuracy: 0.6379 ± 0.0237
2025-09-25 00:02:02 - 95% Confidence Interval: [0.6281, 0.6477]
2025-09-25 00:02:02 - Statistical significance: 25 evaluations
2025-09-25 00:02:02 - Precision: 0.6324 [0.6151, 0.6497]
2025-09-25 00:02:02 - Recall: 0.6893 [0.6470, 0.7317]
2025-09-25 00:02:02 - F1_Score: 0.6529 [0.6387, 0.6670]
2025-09-25 00:02:02 - Auc: 0.6971 [0.6886, 0.7056]
2025-09-25 00:02:02 - ============================================================
2025-09-25 00:02:02 - Individual subject results skipped - using Nested Cross-Validation results
2025-09-25 00:02:02 - Detailed results saved to: main_combined_detailed_results_20250925_000202.csv
2025-09-25 00:02:02 - Summary statistics saved to: main_combined_summary_stats_20250925_000202.csv
2025-09-25 00:02:02 - Dataset-specific results from Nested Cross-Validation:
2025-09-25 00:02:02 - P3 Dataset - Nested CV Results:
2025-09-25 00:02:02 -   Mean Accuracy: 0.6410 ± 0.0226
2025-09-25 00:02:02 -   95% CI: [0.6316, 0.6503]
2025-09-25 00:02:02 -   AUC: 0.7009 ± 0.0189
2025-09-25 00:02:02 - AVO Dataset - Nested CV Results:
2025-09-25 00:02:02 -   Mean Accuracy: 0.6268 ± 0.0514
2025-09-25 00:02:02 -   95% CI: [0.6056, 0.6481]
2025-09-25 00:02:02 -   AUC: 0.6849 ± 0.0510
