2025-09-25 00:02:05 - 
Experiment Configuration:
2025-09-25 00:02:05 - --------------------------------------------------
2025-09-25 00:02:05 - dataset: use_combined_datasets
2025-09-25 00:02:05 - use_combined_datasets: True
2025-09-25 00:02:05 - electrode_list: common
2025-09-25 00:02:05 - classifier: EEGConformer
2025-09-25 00:02:05 - separate_subject_classification: False
2025-09-25 00:02:05 - use_subject_layer: False
2025-09-25 00:02:05 - seeds: [42, 123, 456, 789, 321]
2025-09-25 00:02:05 - use_nested_cv: True
2025-09-25 00:02:05 - electrode_fusion_method: none
2025-09-25 00:02:05 - domain_adaptation_method: none
2025-09-25 00:02:05 - enable_comprehensive_evaluation: True
2025-09-25 00:02:05 - enable_domain_analysis: True
2025-09-25 00:02:05 - enable_small_sample_analysis: False
2025-09-25 00:02:05 - small_sample_sizes: [5, 10, 15, 20]
2025-09-25 00:02:05 - small_sample_subjects: [5, 10, 15]
2025-09-25 00:02:05 - --------------------------------------------------
2025-09-25 00:02:05 - 
==================================================
2025-09-25 00:02:05 - Processing Combined P3 and AVO Datasets
2025-09-25 00:02:05 - ==================================================
2025-09-25 00:02:05 - 使用传统方法（无融合）
2025-09-25 00:02:05 - Using Cross-Validation (simplified approach)
2025-09-25 00:02:05 - Configuration: 5-fold CV, 5 repeats
2025-09-25 00:02:05 - ============================================================
2025-09-25 00:02:05 - CROSS-VALIDATION CONFIGURATION
2025-09-25 00:02:05 - ============================================================
2025-09-25 00:02:05 - Datasets: ['P3', 'AVO']
2025-09-25 00:02:05 - CV folds: 5
2025-09-25 00:02:05 - Repeats: 5
2025-09-25 00:02:05 - Confidence level: 0.95
2025-09-25 00:02:05 - ============================================================
2025-09-25 00:02:05 - STRATIFIED SAMPLING CONFIGURATION
2025-09-25 00:02:05 - ============================================================
2025-09-25 00:02:05 - Nested CV Mode: Trial counts per subject by dataset
2025-09-25 00:02:05 -   P3 dataset: 20 trials per subject
2025-09-25 00:02:05 -   AVO dataset: 200 trials per subject
2025-09-25 00:02:05 - Sampling strategy: Multi-level stratified sampling
2025-09-25 00:02:05 -   - Subject-level: Stratified trial selection per subject
2025-09-25 00:02:05 -   - Dataset-level: Stratified sampling when dataset trial counts differ
2025-09-25 00:02:05 -   - Fold-level: StratifiedKFold for 5-fold CV
2025-09-25 00:02:05 -   - Train/Val split: Stratified train_test_split within each fold
2025-09-25 00:02:05 - ============================================================
2025-09-25 00:02:05 - Subject P3_sub-001: Sampled 20/80 trials
2025-09-25 00:02:05 -   Original distribution: {0: 0.5, 1: 0.5}
2025-09-25 00:02:05 -   Sampled distribution: {0: 0.5, 1: 0.5}
2025-09-25 00:02:05 - Subject P3_sub-002: Sampled 20/80 trials
2025-09-25 00:02:05 -   Original distribution: {0: 0.5, 1: 0.5}
2025-09-25 00:02:05 -   Sampled distribution: {0: 0.5, 1: 0.5}
2025-09-25 00:02:05 - Subject P3_sub-003: Sampled 20/80 trials
2025-09-25 00:02:05 -   Original distribution: {0: 0.5, 1: 0.5}
2025-09-25 00:02:05 -   Sampled distribution: {0: 0.5, 1: 0.5}
2025-09-25 00:02:06 - Subject P3_sub-004: Sampled 20/78 trials
2025-09-25 00:02:06 -   Original distribution: {0: 0.5, 1: 0.5}
2025-09-25 00:02:06 -   Sampled distribution: {0: 0.5, 1: 0.5}
2025-09-25 00:02:06 - Subject P3_sub-005: Sampled 20/80 trials
2025-09-25 00:02:06 -   Original distribution: {0: 0.5, 1: 0.5}
2025-09-25 00:02:06 -   Sampled distribution: {0: 0.5, 1: 0.5}
2025-09-25 00:02:06 - Subject P3_sub-006: Sampled 20/80 trials
2025-09-25 00:02:06 -   Original distribution: {0: 0.5, 1: 0.5}
2025-09-25 00:02:06 -   Sampled distribution: {0: 0.5, 1: 0.5}
2025-09-25 00:02:06 - Subject P3_sub-007: Sampled 20/80 trials
2025-09-25 00:02:06 -   Original distribution: {0: 0.5, 1: 0.5}
2025-09-25 00:02:06 -   Sampled distribution: {0: 0.5, 1: 0.5}
2025-09-25 00:02:06 - Subject P3_sub-008: Sampled 20/80 trials
2025-09-25 00:02:06 -   Original distribution: {0: 0.5, 1: 0.5}
2025-09-25 00:02:06 -   Sampled distribution: {0: 0.5, 1: 0.5}
2025-09-25 00:02:07 - Subject P3_sub-009: Sampled 20/80 trials
2025-09-25 00:02:07 -   Original distribution: {0: 0.5, 1: 0.5}
2025-09-25 00:02:07 -   Sampled distribution: {0: 0.5, 1: 0.5}
2025-09-25 00:02:07 - Subject P3_sub-010: Sampled 20/80 trials
2025-09-25 00:02:07 -   Original distribution: {0: 0.5, 1: 0.5}
2025-09-25 00:02:07 -   Sampled distribution: {0: 0.5, 1: 0.5}
2025-09-25 00:02:07 - Subject P3_sub-011: Sampled 20/80 trials
2025-09-25 00:02:07 -   Original distribution: {0: 0.5, 1: 0.5}
2025-09-25 00:02:07 -   Sampled distribution: {0: 0.5, 1: 0.5}
2025-09-25 00:02:07 - Subject P3_sub-012: Sampled 20/78 trials
2025-09-25 00:02:07 -   Original distribution: {0: 0.5, 1: 0.5}
2025-09-25 00:02:07 -   Sampled distribution: {0: 0.5, 1: 0.5}
2025-09-25 00:02:07 - Subject P3_sub-013: Sampled 20/80 trials
2025-09-25 00:02:07 -   Original distribution: {0: 0.5, 1: 0.5}
2025-09-25 00:02:07 -   Sampled distribution: {0: 0.5, 1: 0.5}
2025-09-25 00:02:07 - Subject P3_sub-014: Sampled 20/80 trials
2025-09-25 00:02:07 -   Original distribution: {0: 0.5, 1: 0.5}
2025-09-25 00:02:07 -   Sampled distribution: {0: 0.5, 1: 0.5}
2025-09-25 00:02:08 - Subject P3_sub-015: Sampled 20/80 trials
2025-09-25 00:02:08 -   Original distribution: {0: 0.5, 1: 0.5}
2025-09-25 00:02:08 -   Sampled distribution: {0: 0.5, 1: 0.5}
2025-09-25 00:02:08 - Subject P3_sub-016: Sampled 20/80 trials
2025-09-25 00:02:08 -   Original distribution: {0: 0.5, 1: 0.5}
2025-09-25 00:02:08 -   Sampled distribution: {0: 0.5, 1: 0.5}
2025-09-25 00:02:08 - Subject P3_sub-017: Sampled 20/80 trials
2025-09-25 00:02:08 -   Original distribution: {0: 0.5, 1: 0.5}
2025-09-25 00:02:08 -   Sampled distribution: {0: 0.5, 1: 0.5}
2025-09-25 00:02:08 - Subject P3_sub-018: Sampled 20/80 trials
2025-09-25 00:02:08 -   Original distribution: {0: 0.5, 1: 0.5}
2025-09-25 00:02:08 -   Sampled distribution: {0: 0.5, 1: 0.5}
2025-09-25 00:02:08 - Subject P3_sub-019: Sampled 20/80 trials
2025-09-25 00:02:08 -   Original distribution: {0: 0.5, 1: 0.5}
2025-09-25 00:02:08 -   Sampled distribution: {0: 0.5, 1: 0.5}
2025-09-25 00:02:08 - Subject P3_sub-020: Sampled 20/78 trials
2025-09-25 00:02:08 -   Original distribution: {0: 0.5, 1: 0.5}
2025-09-25 00:02:08 -   Sampled distribution: {0: 0.5, 1: 0.5}
2025-09-25 00:02:09 - Subject P3_sub-021: Sampled 20/80 trials
2025-09-25 00:02:09 -   Original distribution: {0: 0.5, 1: 0.5}
2025-09-25 00:02:09 -   Sampled distribution: {0: 0.5, 1: 0.5}
2025-09-25 00:02:09 - Subject P3_sub-022: Sampled 20/80 trials
2025-09-25 00:02:09 -   Original distribution: {0: 0.5, 1: 0.5}
2025-09-25 00:02:09 -   Sampled distribution: {0: 0.5, 1: 0.5}
2025-09-25 00:02:09 - Subject P3_sub-023: Sampled 20/78 trials
2025-09-25 00:02:09 -   Original distribution: {0: 0.5, 1: 0.5}
2025-09-25 00:02:09 -   Sampled distribution: {0: 0.5, 1: 0.5}
2025-09-25 00:02:09 - Subject P3_sub-024: Sampled 20/80 trials
2025-09-25 00:02:09 -   Original distribution: {0: 0.5, 1: 0.5}
2025-09-25 00:02:09 -   Sampled distribution: {0: 0.5, 1: 0.5}
2025-09-25 00:02:09 - Subject P3_sub-025: Sampled 20/80 trials
2025-09-25 00:02:09 -   Original distribution: {0: 0.5, 1: 0.5}
2025-09-25 00:02:09 -   Sampled distribution: {0: 0.5, 1: 0.5}
2025-09-25 00:02:09 - Subject P3_sub-026: Sampled 20/80 trials
2025-09-25 00:02:09 -   Original distribution: {0: 0.5, 1: 0.5}
2025-09-25 00:02:09 -   Sampled distribution: {0: 0.5, 1: 0.5}
2025-09-25 00:02:10 - Subject P3_sub-027: Sampled 20/80 trials
2025-09-25 00:02:10 -   Original distribution: {0: 0.5, 1: 0.5}
2025-09-25 00:02:10 -   Sampled distribution: {0: 0.5, 1: 0.5}
2025-09-25 00:02:10 - Subject P3_sub-028: Sampled 20/80 trials
2025-09-25 00:02:10 -   Original distribution: {0: 0.5, 1: 0.5}
2025-09-25 00:02:10 -   Sampled distribution: {0: 0.5, 1: 0.5}
2025-09-25 00:02:10 - Subject P3_sub-029: Sampled 20/80 trials
2025-09-25 00:02:10 -   Original distribution: {0: 0.5, 1: 0.5}
2025-09-25 00:02:10 -   Sampled distribution: {0: 0.5, 1: 0.5}
2025-09-25 00:02:10 - Subject P3_sub-030: Sampled 20/80 trials
2025-09-25 00:02:10 -   Original distribution: {0: 0.5, 1: 0.5}
2025-09-25 00:02:10 -   Sampled distribution: {0: 0.5, 1: 0.5}
2025-09-25 00:02:10 - Subject P3_sub-031: Sampled 20/80 trials
2025-09-25 00:02:10 -   Original distribution: {0: 0.5, 1: 0.5}
2025-09-25 00:02:10 -   Sampled distribution: {0: 0.5, 1: 0.5}
2025-09-25 00:02:10 - Subject P3_sub-032: Sampled 20/80 trials
2025-09-25 00:02:10 -   Original distribution: {0: 0.5, 1: 0.5}
2025-09-25 00:02:10 -   Sampled distribution: {0: 0.5, 1: 0.5}
2025-09-25 00:02:11 - Subject P3_sub-033: Sampled 20/80 trials
2025-09-25 00:02:11 -   Original distribution: {0: 0.5, 1: 0.5}
2025-09-25 00:02:11 -   Sampled distribution: {0: 0.5, 1: 0.5}
2025-09-25 00:02:11 - Subject P3_sub-034: Sampled 20/80 trials
2025-09-25 00:02:11 -   Original distribution: {0: 0.5, 1: 0.5}
2025-09-25 00:02:11 -   Sampled distribution: {0: 0.5, 1: 0.5}
2025-09-25 00:02:11 - Subject P3_sub-035: Sampled 20/78 trials
2025-09-25 00:02:11 -   Original distribution: {0: 0.5, 1: 0.5}
2025-09-25 00:02:11 -   Sampled distribution: {0: 0.5, 1: 0.5}
2025-09-25 00:02:11 - Subject P3_sub-036: Sampled 20/80 trials
2025-09-25 00:02:11 -   Original distribution: {0: 0.5, 1: 0.5}
2025-09-25 00:02:11 -   Sampled distribution: {0: 0.5, 1: 0.5}
2025-09-25 00:02:11 - Subject P3_sub-037: Sampled 20/78 trials
2025-09-25 00:02:11 -   Original distribution: {0: 0.5, 1: 0.5}
2025-09-25 00:02:11 -   Sampled distribution: {0: 0.5, 1: 0.5}
2025-09-25 00:02:12 - Subject P3_sub-038: Sampled 20/80 trials
2025-09-25 00:02:12 -   Original distribution: {0: 0.5, 1: 0.5}
2025-09-25 00:02:12 -   Sampled distribution: {0: 0.5, 1: 0.5}
2025-09-25 00:02:12 - Subject P3_sub-039: Sampled 20/80 trials
2025-09-25 00:02:12 -   Original distribution: {0: 0.5, 1: 0.5}
2025-09-25 00:02:12 -   Sampled distribution: {0: 0.5, 1: 0.5}
2025-09-25 00:02:12 - Subject P3_sub-040: Sampled 20/80 trials
2025-09-25 00:02:12 -   Original distribution: {0: 0.5, 1: 0.5}
2025-09-25 00:02:12 -   Sampled distribution: {0: 0.5, 1: 0.5}
2025-09-25 00:02:19 - Nested CV dataset summary:
2025-09-25 00:02:19 -   Total subjects: 80
2025-09-25 00:02:19 -   Total trials: 3824
2025-09-25 00:02:19 -   Average trials per subject: 47.8
2025-09-25 00:02:19 -   P3 dataset: 40 subjects, 800 trials (20.0 trials/subject)
2025-09-25 00:02:19 -   AVO dataset: 40 subjects, 3024 trials (75.6 trials/subject)
2025-09-25 00:02:19 -   Class distribution: {0: 1912, 1: 1912}
2025-09-25 00:02:19 -   Class proportions: [0.5 0.5]
2025-09-25 00:02:19 -   NOTE: Datasets have different trial counts - StratifiedKFold will handle balanced sampling
2025-09-25 00:02:19 - Enhanced preprocessing increased channels from 5 to 25
2025-09-25 00:02:19 - Starting Cross-Validation for EEGConformer
2025-09-25 00:02:19 - Configuration: 5-fold CV, 5 repeats
2025-09-25 00:02:19 - Data split ratios: Train=0.7, Val=0.1, Test=0.2
2025-09-25 00:02:19 - Repeat 1/5
2025-09-25 00:02:19 -   Fold 1/5
2025-09-25 00:02:19 -     Fold split: Train=2676, Val=383
2025-09-25 00:06:38 -     Test accuracy: 0.7647
2025-09-25 00:06:38 -   Fold 2/5
2025-09-25 00:06:38 -     Fold split: Train=2676, Val=383
2025-09-25 00:11:36 -     Test accuracy: 0.7163
2025-09-25 00:11:36 -   Fold 3/5
2025-09-25 00:11:37 -     Fold split: Train=2676, Val=383
2025-09-25 00:15:06 -     Test accuracy: 0.7608
2025-09-25 00:15:06 -   Fold 4/5
2025-09-25 00:15:06 -     Fold split: Train=2676, Val=383
2025-09-25 00:16:35 -     Test accuracy: 0.6810
2025-09-25 00:16:35 -   Fold 5/5
2025-09-25 00:16:35 -     Fold split: Train=2677, Val=383
2025-09-25 00:19:11 -     Test accuracy: 0.7068
2025-09-25 00:19:11 -   Repeat 1 mean accuracy: 0.7259 ± 0.0322
2025-09-25 00:19:11 - Repeat 2/5
2025-09-25 00:19:11 -   Fold 1/5
2025-09-25 00:19:11 -     Fold split: Train=2676, Val=383
2025-09-25 00:21:14 -     Test accuracy: 0.6928
2025-09-25 00:21:14 -   Fold 2/5
2025-09-25 00:21:14 -     Fold split: Train=2676, Val=383
2025-09-25 00:24:05 -     Test accuracy: 0.7242
2025-09-25 00:24:05 -   Fold 3/5
2025-09-25 00:24:05 -     Fold split: Train=2676, Val=383
2025-09-25 00:29:57 -     Test accuracy: 0.7634
2025-09-25 00:29:57 -   Fold 4/5
2025-09-25 00:29:57 -     Fold split: Train=2676, Val=383
2025-09-25 00:33:51 -     Test accuracy: 0.7673
2025-09-25 00:33:51 -   Fold 5/5
2025-09-25 00:33:51 -     Fold split: Train=2677, Val=383
2025-09-25 00:37:19 -     Test accuracy: 0.7670
2025-09-25 00:37:19 -   Repeat 2 mean accuracy: 0.7429 ± 0.0299
2025-09-25 00:37:19 - Repeat 3/5
2025-09-25 00:37:19 -   Fold 1/5
2025-09-25 00:37:19 -     Fold split: Train=2676, Val=383
2025-09-25 00:43:14 -     Test accuracy: 0.7569
2025-09-25 00:43:14 -   Fold 2/5
2025-09-25 00:43:14 -     Fold split: Train=2676, Val=383
2025-09-25 00:44:03 -     Test accuracy: 0.4993
2025-09-25 00:44:03 -   Fold 3/5
2025-09-25 00:44:03 -     Fold split: Train=2676, Val=383
2025-09-25 00:47:31 -     Test accuracy: 0.7621
2025-09-25 00:47:31 -   Fold 4/5
2025-09-25 00:47:31 -     Fold split: Train=2676, Val=383
2025-09-25 00:51:27 -     Test accuracy: 0.7542
2025-09-25 00:51:27 -   Fold 5/5
2025-09-25 00:51:27 -     Fold split: Train=2677, Val=383
2025-09-25 00:55:36 -     Test accuracy: 0.7932
2025-09-25 00:55:36 -   Repeat 3 mean accuracy: 0.7131 ± 0.1078
2025-09-25 00:55:36 - Repeat 4/5
2025-09-25 00:55:36 -   Fold 1/5
2025-09-25 00:55:36 -     Fold split: Train=2676, Val=383
2025-09-25 00:56:26 -     Test accuracy: 0.4993
2025-09-25 00:56:26 -   Fold 2/5
2025-09-25 00:56:26 -     Fold split: Train=2676, Val=383
2025-09-25 01:01:58 -     Test accuracy: 0.7634
2025-09-25 01:01:58 -   Fold 3/5
2025-09-25 01:01:58 -     Fold split: Train=2676, Val=383
2025-09-25 01:04:27 -     Test accuracy: 0.7477
2025-09-25 01:04:27 -   Fold 4/5
2025-09-25 01:04:27 -     Fold split: Train=2676, Val=383
2025-09-25 01:08:20 -     Test accuracy: 0.7477
2025-09-25 01:08:20 -   Fold 5/5
2025-09-25 01:08:20 -     Fold split: Train=2677, Val=383
2025-09-25 01:14:00 -     Test accuracy: 0.7238
2025-09-25 01:14:00 -   Repeat 4 mean accuracy: 0.6964 ± 0.0993
2025-09-25 01:14:00 - Repeat 5/5
2025-09-25 01:14:00 -   Fold 1/5
2025-09-25 01:14:00 -     Fold split: Train=2676, Val=383
2025-09-25 01:19:19 -     Test accuracy: 0.7333
2025-09-25 01:19:19 -   Fold 2/5
2025-09-25 01:19:19 -     Fold split: Train=2676, Val=383
2025-09-25 01:22:59 -     Test accuracy: 0.7556
2025-09-25 01:22:59 -   Fold 3/5
2025-09-25 01:22:59 -     Fold split: Train=2676, Val=383
2025-09-25 01:27:11 -     Test accuracy: 0.7412
2025-09-25 01:27:11 -   Fold 4/5
2025-09-25 01:27:11 -     Fold split: Train=2676, Val=383
2025-09-25 01:31:28 -     Test accuracy: 0.7477
2025-09-25 01:31:28 -   Fold 5/5
2025-09-25 01:31:28 -     Fold split: Train=2677, Val=383
2025-09-25 01:32:29 -     Test accuracy: 0.7107
2025-09-25 01:32:29 -   Repeat 5 mean accuracy: 0.7377 ± 0.0153
2025-09-25 01:32:29 - Cross-Validation completed for EEGConformer
2025-09-25 01:32:29 - Final accuracy: 0.7232 ± 0.0723
2025-09-25 01:32:29 - 95% CI: [0.6934, 0.7531]
2025-09-25 01:32:29 - 
============================================================
2025-09-25 01:32:29 - CROSS-VALIDATION RESULTS
2025-09-25 01:32:29 - ============================================================
2025-09-25 01:32:29 - Model: EEGConformer
2025-09-25 01:32:29 - Overall accuracy: 0.7232 ± 0.0723
2025-09-25 01:32:29 - 95% Confidence Interval: [0.6934, 0.7531]
2025-09-25 01:32:29 - Statistical significance: 25 evaluations
2025-09-25 01:32:29 - Precision: 0.7250 [0.6890, 0.7611]
2025-09-25 01:32:29 - Recall: 0.7762 [0.7304, 0.8219]
2025-09-25 01:32:29 - F1_Score: 0.7380 [0.7208, 0.7551]
2025-09-25 01:32:29 - Auc: 0.7884 [0.7514, 0.8254]
2025-09-25 01:32:29 - ============================================================
2025-09-25 01:32:29 - Individual subject results skipped - using Nested Cross-Validation results
2025-09-25 01:32:29 - Detailed results saved to: main_combined_detailed_results_20250925_013229.csv
2025-09-25 01:32:29 - Summary statistics saved to: main_combined_summary_stats_20250925_013229.csv
2025-09-25 01:32:29 - Dataset-specific results from Nested Cross-Validation:
2025-09-25 01:32:29 - P3 Dataset - Nested CV Results:
2025-09-25 01:32:29 -   Mean Accuracy: 0.6074 ± 0.0527
2025-09-25 01:32:29 -   95% CI: [0.5857, 0.6291]
2025-09-25 01:32:29 -   AUC: 0.6438 ± 0.0667
2025-09-25 01:32:29 - AVO Dataset - Nested CV Results:
2025-09-25 01:32:29 -   Mean Accuracy: 0.7543 ± 0.0860
2025-09-25 01:32:29 -   95% CI: [0.7188, 0.7898]
2025-09-25 01:32:29 -   AUC: 0.8223 ± 0.1025
