2025-09-12 14:00:16 - 
Experiment Configuration:
2025-09-12 14:00:16 - --------------------------------------------------
2025-09-12 14:00:16 - dataset: use_combined_datasets
2025-09-12 14:00:16 - use_combined_datasets: True
2025-09-12 14:00:16 - electrode_list: common
2025-09-12 14:00:16 - classifier: ShallowFBCSPNet
2025-09-12 14:00:16 - separate_subject_classification: False
2025-09-12 14:00:16 - use_subject_layer: False
2025-09-12 14:00:16 - seeds: [42, 123, 456, 789, 321]
2025-09-12 14:00:16 - --------------------------------------------------
2025-09-12 14:00:16 - 
==================================================
2025-09-12 14:00:16 - Processing Combined P3 and AVO Datasets
2025-09-12 14:00:16 - ==================================================
2025-09-12 14:02:17 - 
==================================================
2025-09-12 14:02:17 - Individual Subject Results - Combined Model
2025-09-12 14:02:17 - ==================================================
2025-09-12 14:02:17 - Subject: AVO_001
2025-09-12 14:02:17 -   Accuracy: 65.000%
2025-09-12 14:02:17 -   Precision: 1.000
2025-09-12 14:02:17 -   Recall: 0.475
2025-09-12 14:02:17 -   F1 Score: 0.622
2025-09-12 14:02:17 -   AUC: 0.894
2025-09-12 14:02:17 -   Correct/Total: 8/12
2025-09-12 14:02:17 -   Confusion Matrix Stats:
2025-09-12 14:02:17 -     TP: 4, TN: 4
2025-09-12 14:02:17 -     FP: 0, FN: 4
2025-09-12 14:02:17 - Subject: AVO_002
2025-09-12 14:02:17 -   Accuracy: 56.923%
2025-09-12 14:02:17 -   Precision: 0.677
2025-09-12 14:02:17 -   Recall: 0.575
2025-09-12 14:02:17 -   F1 Score: 0.620
2025-09-12 14:02:17 -   AUC: 0.555
2025-09-12 14:02:17 -   Correct/Total: 7/13
2025-09-12 14:02:17 -   Confusion Matrix Stats:
2025-09-12 14:02:17 -     TP: 5, TN: 3
2025-09-12 14:02:17 -     FP: 2, FN: 3
2025-09-12 14:02:17 - Subject: AVO_003
2025-09-12 14:02:17 -   Accuracy: 83.000%
2025-09-12 14:02:17 -   Precision: 0.617
2025-09-12 14:02:17 -   Recall: 0.960
2025-09-12 14:02:17 -   F1 Score: 0.748
2025-09-12 14:02:17 -   AUC: 0.907
2025-09-12 14:02:17 -   Correct/Total: 17/20
2025-09-12 14:02:17 -   Confusion Matrix Stats:
2025-09-12 14:02:17 -     TP: 5, TN: 12
2025-09-12 14:02:17 -     FP: 3, FN: 0
2025-09-12 14:02:17 - Subject: AVO_004
2025-09-12 14:02:17 -   Accuracy: 86.000%
2025-09-12 14:02:17 -   Precision: 1.000
2025-09-12 14:02:17 -   Recall: 0.800
2025-09-12 14:02:17 -   F1 Score: 0.887
2025-09-12 14:02:17 -   AUC: 0.981
2025-09-12 14:02:17 -   Correct/Total: 9/10
2025-09-12 14:02:17 -   Confusion Matrix Stats:
2025-09-12 14:02:17 -     TP: 6, TN: 3
2025-09-12 14:02:17 -     FP: 0, FN: 1
2025-09-12 14:02:17 - Subject: AVO_005
2025-09-12 14:02:17 -   Accuracy: 86.667%
2025-09-12 14:02:17 -   Precision: 0.793
2025-09-12 14:02:17 -   Recall: 0.920
2025-09-12 14:02:17 -   F1 Score: 0.845
2025-09-12 14:02:17 -   AUC: 0.937
2025-09-12 14:02:17 -   Correct/Total: 10/12
2025-09-12 14:02:17 -   Confusion Matrix Stats:
2025-09-12 14:02:17 -     TP: 5, TN: 6
2025-09-12 14:02:17 -     FP: 1, FN: 0
2025-09-12 14:02:17 - Subject: AVO_006
2025-09-12 14:02:17 -   Accuracy: 85.000%
2025-09-12 14:02:17 -   Precision: 0.823
2025-09-12 14:02:17 -   Recall: 0.840
2025-09-12 14:02:17 -   F1 Score: 0.824
2025-09-12 14:02:17 -   AUC: 0.966
2025-09-12 14:02:17 -   Correct/Total: 10/12
2025-09-12 14:02:17 -   Confusion Matrix Stats:
2025-09-12 14:02:17 -     TP: 4, TN: 6
2025-09-12 14:02:17 -     FP: 1, FN: 1
2025-09-12 14:02:17 - Subject: AVO_007
2025-09-12 14:02:17 -   Accuracy: 58.667%
2025-09-12 14:02:17 -   Precision: 0.531
2025-09-12 14:02:17 -   Recall: 1.000
2025-09-12 14:02:17 -   F1 Score: 0.693
2025-09-12 14:02:17 -   AUC: 0.961
2025-09-12 14:02:17 -   Correct/Total: 9/15
2025-09-12 14:02:17 -   Confusion Matrix Stats:
2025-09-12 14:02:17 -     TP: 7, TN: 2
2025-09-12 14:02:17 -     FP: 6, FN: 0
2025-09-12 14:02:17 - Subject: AVO_008
2025-09-12 14:02:17 -   Accuracy: 70.000%
2025-09-12 14:02:17 -   Precision: 0.693
2025-09-12 14:02:17 -   Recall: 0.733
2025-09-12 14:02:17 -   F1 Score: 0.710
2025-09-12 14:02:17 -   AUC: 0.800
2025-09-12 14:02:17 -   Correct/Total: 8/12
2025-09-12 14:02:17 -   Confusion Matrix Stats:
2025-09-12 14:02:17 -     TP: 4, TN: 4
2025-09-12 14:02:17 -     FP: 2, FN: 2
2025-09-12 14:02:17 - Subject: AVO_009
2025-09-12 14:02:17 -   Accuracy: 57.778%
2025-09-12 14:02:17 -   Precision: 0.843
2025-09-12 14:02:17 -   Recall: 0.571
2025-09-12 14:02:17 -   F1 Score: 0.670
2025-09-12 14:02:17 -   AUC: 0.714
2025-09-12 14:02:17 -   Correct/Total: 5/9
2025-09-12 14:02:17 -   Confusion Matrix Stats:
2025-09-12 14:02:17 -     TP: 4, TN: 1
2025-09-12 14:02:17 -     FP: 1, FN: 3
2025-09-12 14:02:17 - Subject: AVO_010
2025-09-12 14:02:17 -   Accuracy: 80.000%
2025-09-12 14:02:17 -   Precision: 0.933
2025-09-12 14:02:17 -   Recall: 0.600
2025-09-12 14:02:17 -   F1 Score: 0.713
2025-09-12 14:02:17 -   AUC: 0.900
2025-09-12 14:02:17 -   Correct/Total: 6/7
2025-09-12 14:02:17 -   Confusion Matrix Stats:
2025-09-12 14:02:17 -     TP: 2, TN: 4
2025-09-12 14:02:17 -     FP: 0, FN: 1
2025-09-12 14:02:17 - Subject: AVO_011
2025-09-12 14:02:17 -   Accuracy: 74.545%
2025-09-12 14:02:17 -   Precision: 0.520
2025-09-12 14:02:17 -   Recall: 0.800
2025-09-12 14:02:17 -   F1 Score: 0.629
2025-09-12 14:02:17 -   AUC: 0.867
2025-09-12 14:02:17 -   Correct/Total: 8/11
2025-09-12 14:02:17 -   Confusion Matrix Stats:
2025-09-12 14:02:17 -     TP: 2, TN: 6
2025-09-12 14:02:17 -     FP: 2, FN: 1
2025-09-12 14:02:17 - Subject: AVO_012
2025-09-12 14:02:17 -   Accuracy: 87.500%
2025-09-12 14:02:17 -   Precision: 0.770
2025-09-12 14:02:17 -   Recall: 1.000
2025-09-12 14:02:17 -   F1 Score: 0.864
2025-09-12 14:02:17 -   AUC: 1.000
2025-09-12 14:02:17 -   Correct/Total: 7/8
2025-09-12 14:02:17 -   Confusion Matrix Stats:
2025-09-12 14:02:17 -     TP: 3, TN: 4
2025-09-12 14:02:17 -     FP: 1, FN: 0
2025-09-12 14:02:17 - Subject: AVO_013
2025-09-12 14:02:17 -   Accuracy: 75.385%
2025-09-12 14:02:17 -   Precision: 0.627
2025-09-12 14:02:17 -   Recall: 0.920
2025-09-12 14:02:17 -   F1 Score: 0.742
2025-09-12 14:02:17 -   AUC: 0.865
2025-09-12 14:02:17 -   Correct/Total: 10/13
2025-09-12 14:02:17 -   Confusion Matrix Stats:
2025-09-12 14:02:17 -     TP: 5, TN: 5
2025-09-12 14:02:17 -     FP: 3, FN: 0
2025-09-12 14:02:17 - Subject: AVO_014
2025-09-12 14:02:17 -   Accuracy: 59.091%
2025-09-12 14:02:17 -   Precision: 0.622
2025-09-12 14:02:17 -   Recall: 0.633
2025-09-12 14:02:17 -   F1 Score: 0.626
2025-09-12 14:02:17 -   AUC: 0.688
2025-09-12 14:02:17 -   Correct/Total: 13/22
2025-09-12 14:02:17 -   Confusion Matrix Stats:
2025-09-12 14:02:17 -     TP: 8, TN: 5
2025-09-12 14:02:17 -     FP: 5, FN: 4
2025-09-12 14:02:17 - Subject: AVO_015
2025-09-12 14:02:17 -   Accuracy: 38.000%
2025-09-12 14:02:17 -   Precision: 0.337
2025-09-12 14:02:17 -   Recall: 0.600
2025-09-12 14:02:17 -   F1 Score: 0.431
2025-09-12 14:02:17 -   AUC: 0.425
2025-09-12 14:02:17 -   Correct/Total: 4/10
2025-09-12 14:02:17 -   Confusion Matrix Stats:
2025-09-12 14:02:17 -     TP: 2, TN: 1
2025-09-12 14:02:17 -     FP: 5, FN: 2
2025-09-12 14:02:17 - Subject: AVO_016
2025-09-12 14:02:17 -   Accuracy: 78.462%
2025-09-12 14:02:17 -   Precision: 0.681
2025-09-12 14:02:17 -   Recall: 0.840
2025-09-12 14:02:17 -   F1 Score: 0.752
2025-09-12 14:02:17 -   AUC: 0.925
2025-09-12 14:02:17 -   Correct/Total: 10/13
2025-09-12 14:02:17 -   Confusion Matrix Stats:
2025-09-12 14:02:17 -     TP: 4, TN: 6
2025-09-12 14:02:17 -     FP: 2, FN: 1
2025-09-12 14:02:17 - Subject: AVO_017
2025-09-12 14:02:17 -   Accuracy: 67.000%
2025-09-12 14:02:17 -   Precision: 0.583
2025-09-12 14:02:17 -   Recall: 0.625
2025-09-12 14:02:17 -   F1 Score: 0.603
2025-09-12 14:02:17 -   AUC: 0.735
2025-09-12 14:02:17 -   Correct/Total: 13/20
2025-09-12 14:02:17 -   Confusion Matrix Stats:
2025-09-12 14:02:17 -     TP: 5, TN: 8
2025-09-12 14:02:17 -     FP: 4, FN: 3
2025-09-12 14:02:17 - Subject: AVO_018
2025-09-12 14:02:17 -   Accuracy: 54.286%
2025-09-12 14:02:17 -   Precision: 0.000
2025-09-12 14:02:17 -   Recall: 0.000
2025-09-12 14:02:17 -   F1 Score: 0.000
2025-09-12 14:02:17 -   AUC: 0.240
2025-09-12 14:02:17 -   Correct/Total: 4/7
2025-09-12 14:02:17 -   Confusion Matrix Stats:
2025-09-12 14:02:17 -     TP: 0, TN: 4
2025-09-12 14:02:17 -     FP: 1, FN: 2
2025-09-12 14:02:17 - Subject: AVO_019
2025-09-12 14:02:17 -   Accuracy: 92.000%
2025-09-12 14:02:17 -   Precision: 0.933
2025-09-12 14:02:17 -   Recall: 0.950
2025-09-12 14:02:17 -   F1 Score: 0.931
2025-09-12 14:02:17 -   AUC: 0.989
2025-09-12 14:02:17 -   Correct/Total: 14/15
2025-09-12 14:02:17 -   Confusion Matrix Stats:
2025-09-12 14:02:17 -     TP: 8, TN: 6
2025-09-12 14:02:17 -     FP: 1, FN: 0
2025-09-12 14:02:17 - Subject: AVO_020
2025-09-12 14:02:17 -   Accuracy: 67.500%
2025-09-12 14:02:17 -   Precision: 0.696
2025-09-12 14:02:17 -   Recall: 0.625
2025-09-12 14:02:17 -   F1 Score: 0.658
2025-09-12 14:02:17 -   AUC: 0.747
2025-09-12 14:02:17 -   Correct/Total: 11/16
2025-09-12 14:02:17 -   Confusion Matrix Stats:
2025-09-12 14:02:17 -     TP: 5, TN: 6
2025-09-12 14:02:17 -     FP: 2, FN: 3
2025-09-12 14:02:17 - Subject: AVO_021
2025-09-12 14:02:17 -   Accuracy: 89.412%
2025-09-12 14:02:17 -   Precision: 0.844
2025-09-12 14:02:17 -   Recall: 0.950
2025-09-12 14:02:17 -   F1 Score: 0.894
2025-09-12 14:02:17 -   AUC: 0.944
2025-09-12 14:02:17 -   Correct/Total: 15/17
2025-09-12 14:02:17 -   Confusion Matrix Stats:
2025-09-12 14:02:17 -     TP: 8, TN: 8
2025-09-12 14:02:17 -     FP: 1, FN: 0
2025-09-12 14:02:17 - Subject: AVO_022
2025-09-12 14:02:17 -   Accuracy: 65.000%
2025-09-12 14:02:17 -   Precision: 0.676
2025-09-12 14:02:17 -   Recall: 0.860
2025-09-12 14:02:17 -   F1 Score: 0.755
2025-09-12 14:02:17 -   AUC: 0.790
2025-09-12 14:02:17 -   Correct/Total: 10/16
2025-09-12 14:02:17 -   Confusion Matrix Stats:
2025-09-12 14:02:17 -     TP: 9, TN: 2
2025-09-12 14:02:17 -     FP: 4, FN: 1
2025-09-12 14:02:17 - Subject: AVO_023
2025-09-12 14:02:17 -   Accuracy: 40.000%
2025-09-12 14:02:17 -   Precision: 0.600
2025-09-12 14:02:17 -   Recall: 0.178
2025-09-12 14:02:17 -   F1 Score: 0.273
2025-09-12 14:02:17 -   AUC: 0.658
2025-09-12 14:02:17 -   Correct/Total: 6/14
2025-09-12 14:02:17 -   Confusion Matrix Stats:
2025-09-12 14:02:17 -     TP: 2, TN: 4
2025-09-12 14:02:17 -     FP: 1, FN: 7
2025-09-12 14:02:17 - Subject: AVO_024
2025-09-12 14:02:17 -   Accuracy: 79.000%
2025-09-12 14:02:17 -   Precision: 0.837
2025-09-12 14:02:17 -   Recall: 0.782
2025-09-12 14:02:17 -   F1 Score: 0.802
2025-09-12 14:02:17 -   AUC: 0.921
2025-09-12 14:02:17 -   Correct/Total: 16/20
2025-09-12 14:02:17 -   Confusion Matrix Stats:
2025-09-12 14:02:17 -     TP: 9, TN: 7
2025-09-12 14:02:17 -     FP: 2, FN: 2
2025-09-12 14:02:17 - Subject: AVO_025
2025-09-12 14:02:17 -   Accuracy: 62.667%
2025-09-12 14:02:17 -   Precision: 0.543
2025-09-12 14:02:17 -   Recall: 0.800
2025-09-12 14:02:17 -   F1 Score: 0.634
2025-09-12 14:02:17 -   AUC: 0.670
2025-09-12 14:02:17 -   Correct/Total: 9/15
2025-09-12 14:02:17 -   Confusion Matrix Stats:
2025-09-12 14:02:17 -     TP: 5, TN: 5
2025-09-12 14:02:17 -     FP: 4, FN: 1
2025-09-12 14:02:17 - Subject: AVO_026
2025-09-12 14:02:17 -   Accuracy: 80.000%
2025-09-12 14:02:17 -   Precision: 0.760
2025-09-12 14:02:17 -   Recall: 0.633
2025-09-12 14:02:17 -   F1 Score: 0.679
2025-09-12 14:02:17 -   AUC: 0.808
2025-09-12 14:02:17 -   Correct/Total: 14/18
2025-09-12 14:02:17 -   Confusion Matrix Stats:
2025-09-12 14:02:17 -     TP: 4, TN: 11
2025-09-12 14:02:17 -     FP: 1, FN: 2
2025-09-12 14:02:17 - Subject: AVO_027
2025-09-12 14:02:17 -   Accuracy: 71.579%
2025-09-12 14:02:17 -   Precision: 0.535
2025-09-12 14:02:17 -   Recall: 0.867
2025-09-12 14:02:17 -   F1 Score: 0.661
2025-09-12 14:02:17 -   AUC: 0.856
2025-09-12 14:02:17 -   Correct/Total: 14/19
2025-09-12 14:02:17 -   Confusion Matrix Stats:
2025-09-12 14:02:17 -     TP: 5, TN: 8
2025-09-12 14:02:17 -     FP: 5, FN: 1
2025-09-12 14:02:17 - Subject: AVO_028
2025-09-12 14:02:17 -   Accuracy: 87.273%
2025-09-12 14:02:17 -   Precision: 0.875
2025-09-12 14:02:17 -   Recall: 0.873
2025-09-12 14:02:17 -   F1 Score: 0.873
2025-09-12 14:02:17 -   AUC: 0.936
2025-09-12 14:02:17 -   Correct/Total: 19/22
2025-09-12 14:02:17 -   Confusion Matrix Stats:
2025-09-12 14:02:17 -     TP: 10, TN: 10
2025-09-12 14:02:17 -     FP: 1, FN: 1
2025-09-12 14:02:17 - Subject: AVO_029
2025-09-12 14:02:17 -   Accuracy: 71.429%
2025-09-12 14:02:17 -   Precision: 0.714
2025-09-12 14:02:17 -   Recall: 0.714
2025-09-12 14:02:17 -   F1 Score: 0.714
2025-09-12 14:02:17 -   AUC: 0.824
2025-09-12 14:02:17 -   Correct/Total: 10/14
2025-09-12 14:02:17 -   Confusion Matrix Stats:
2025-09-12 14:02:17 -     TP: 5, TN: 5
2025-09-12 14:02:17 -     FP: 2, FN: 2
2025-09-12 14:02:17 - Subject: AVO_030
2025-09-12 14:02:17 -   Accuracy: 40.000%
2025-09-12 14:02:17 -   Precision: 0.240
2025-09-12 14:02:17 -   Recall: 0.300
2025-09-12 14:02:17 -   F1 Score: 0.264
2025-09-12 14:02:17 -   AUC: 0.314
2025-09-12 14:02:17 -   Correct/Total: 4/11
2025-09-12 14:02:17 -   Confusion Matrix Stats:
2025-09-12 14:02:17 -     TP: 1, TN: 3
2025-09-12 14:02:17 -     FP: 4, FN: 3
2025-09-12 14:02:17 - Subject: AVO_031
2025-09-12 14:02:17 -   Accuracy: 84.286%
2025-09-12 14:02:17 -   Precision: 0.785
2025-09-12 14:02:17 -   Recall: 1.000
2025-09-12 14:02:17 -   F1 Score: 0.880
2025-09-12 14:02:17 -   AUC: 0.829
2025-09-12 14:02:17 -   Correct/Total: 12/14
2025-09-12 14:02:17 -   Confusion Matrix Stats:
2025-09-12 14:02:17 -     TP: 8, TN: 4
2025-09-12 14:02:17 -     FP: 2, FN: 0
2025-09-12 14:02:17 - Subject: AVO_032
2025-09-12 14:02:17 -   Accuracy: 87.619%
2025-09-12 14:02:17 -   Precision: 0.807
2025-09-12 14:02:17 -   Recall: 0.933
2025-09-12 14:02:17 -   F1 Score: 0.865
2025-09-12 14:02:17 -   AUC: 0.907
2025-09-12 14:02:17 -   Correct/Total: 18/21
2025-09-12 14:02:17 -   Confusion Matrix Stats:
2025-09-12 14:02:17 -     TP: 8, TN: 10
2025-09-12 14:02:17 -     FP: 2, FN: 1
2025-09-12 14:02:17 - Subject: AVO_033
2025-09-12 14:02:17 -   Accuracy: 72.941%
2025-09-12 14:02:17 -   Precision: 0.848
2025-09-12 14:02:17 -   Recall: 0.660
2025-09-12 14:02:17 -   F1 Score: 0.739
2025-09-12 14:02:17 -   AUC: 0.834
2025-09-12 14:02:17 -   Correct/Total: 12/17
2025-09-12 14:02:17 -   Confusion Matrix Stats:
2025-09-12 14:02:17 -     TP: 7, TN: 6
2025-09-12 14:02:17 -     FP: 1, FN: 3
2025-09-12 14:02:17 - Subject: AVO_034
2025-09-12 14:02:17 -   Accuracy: 82.500%
2025-09-12 14:02:17 -   Precision: 0.807
2025-09-12 14:02:17 -   Recall: 0.982
2025-09-12 14:02:17 -   F1 Score: 0.885
2025-09-12 14:02:17 -   AUC: 0.891
2025-09-12 14:02:17 -   Correct/Total: 13/16
2025-09-12 14:02:17 -   Confusion Matrix Stats:
2025-09-12 14:02:17 -     TP: 11, TN: 2
2025-09-12 14:02:17 -     FP: 3, FN: 0
2025-09-12 14:02:17 - Subject: AVO_035
2025-09-12 14:02:17 -   Accuracy: 68.182%
2025-09-12 14:02:17 -   Precision: 0.656
2025-09-12 14:02:17 -   Recall: 0.640
2025-09-12 14:02:17 -   F1 Score: 0.644
2025-09-12 14:02:17 -   AUC: 0.662
2025-09-12 14:02:17 -   Correct/Total: 15/22
2025-09-12 14:02:17 -   Confusion Matrix Stats:
2025-09-12 14:02:17 -     TP: 6, TN: 9
2025-09-12 14:02:17 -     FP: 3, FN: 4
2025-09-12 14:02:17 - Subject: AVO_036
2025-09-12 14:02:17 -   Accuracy: 63.478%
2025-09-12 14:02:17 -   Precision: 0.715
2025-09-12 14:02:17 -   Recall: 0.692
2025-09-12 14:02:17 -   F1 Score: 0.677
2025-09-12 14:02:17 -   AUC: 0.648
2025-09-12 14:02:17 -   Correct/Total: 15/23
2025-09-12 14:02:17 -   Confusion Matrix Stats:
2025-09-12 14:02:17 -     TP: 9, TN: 6
2025-09-12 14:02:17 -     FP: 4, FN: 4
2025-09-12 14:02:17 - Subject: AVO_037
2025-09-12 14:02:17 -   Accuracy: 96.471%
2025-09-12 14:02:17 -   Precision: 1.000
2025-09-12 14:02:17 -   Recall: 0.925
2025-09-12 14:02:17 -   F1 Score: 0.960
2025-09-12 14:02:17 -   AUC: 0.997
2025-09-12 14:02:17 -   Correct/Total: 16/17
2025-09-12 14:02:17 -   Confusion Matrix Stats:
2025-09-12 14:02:17 -     TP: 7, TN: 9
2025-09-12 14:02:17 -     FP: 0, FN: 1
2025-09-12 14:02:17 - Subject: AVO_038
2025-09-12 14:02:17 -   Accuracy: 59.048%
2025-09-12 14:02:17 -   Precision: 0.481
2025-09-12 14:02:17 -   Recall: 0.900
2025-09-12 14:02:17 -   F1 Score: 0.626
2025-09-12 14:02:17 -   AUC: 0.708
2025-09-12 14:02:17 -   Correct/Total: 12/21
2025-09-12 14:02:17 -   Confusion Matrix Stats:
2025-09-12 14:02:17 -     TP: 7, TN: 5
2025-09-12 14:02:17 -     FP: 8, FN: 1
2025-09-12 14:02:17 - Subject: AVO_039
2025-09-12 14:02:17 -   Accuracy: 98.462%
2025-09-12 14:02:17 -   Precision: 1.000
2025-09-12 14:02:17 -   Recall: 0.971
2025-09-12 14:02:17 -   F1 Score: 0.985
2025-09-12 14:02:17 -   AUC: 1.000
2025-09-12 14:02:17 -   Correct/Total: 13/13
2025-09-12 14:02:17 -   Confusion Matrix Stats:
2025-09-12 14:02:17 -     TP: 7, TN: 6
2025-09-12 14:02:17 -     FP: 0, FN: 0
2025-09-12 14:02:17 - Subject: AVO_040
2025-09-12 14:02:17 -   Accuracy: 84.615%
2025-09-12 14:02:17 -   Precision: 0.776
2025-09-12 14:02:17 -   Recall: 0.985
2025-09-12 14:02:17 -   F1 Score: 0.866
2025-09-12 14:02:17 -   AUC: 0.978
2025-09-12 14:02:17 -   Correct/Total: 22/26
2025-09-12 14:02:17 -   Confusion Matrix Stats:
2025-09-12 14:02:17 -     TP: 13, TN: 9
2025-09-12 14:02:17 -     FP: 4, FN: 0
2025-09-12 14:02:17 - Subject: P3_sub-001
2025-09-12 14:02:17 -   Accuracy: 58.182%
2025-09-12 14:02:17 -   Precision: 0.599
2025-09-12 14:02:17 -   Recall: 0.564
2025-09-12 14:02:17 -   F1 Score: 0.577
2025-09-12 14:02:17 -   AUC: 0.595
2025-09-12 14:02:17 -   Correct/Total: 13/22
2025-09-12 14:02:17 -   Confusion Matrix Stats:
2025-09-12 14:02:17 -     TP: 6, TN: 7
2025-09-12 14:02:17 -     FP: 4, FN: 5
2025-09-12 14:02:17 - Subject: P3_sub-002
2025-09-12 14:02:17 -   Accuracy: 76.471%
2025-09-12 14:02:17 -   Precision: 0.667
2025-09-12 14:02:17 -   Recall: 1.000
2025-09-12 14:02:17 -   F1 Score: 0.800
2025-09-12 14:02:17 -   AUC: 0.889
2025-09-12 14:02:17 -   Correct/Total: 13/17
2025-09-12 14:02:17 -   Confusion Matrix Stats:
2025-09-12 14:02:17 -     TP: 8, TN: 5
2025-09-12 14:02:17 -     FP: 4, FN: 0
2025-09-12 14:02:17 - Subject: P3_sub-003
2025-09-12 14:02:17 -   Accuracy: 69.231%
2025-09-12 14:02:17 -   Precision: 0.910
2025-09-12 14:02:17 -   Recall: 0.622
2025-09-12 14:02:17 -   F1 Score: 0.736
2025-09-12 14:02:17 -   AUC: 0.806
2025-09-12 14:02:17 -   Correct/Total: 9/13
2025-09-12 14:02:17 -   Confusion Matrix Stats:
2025-09-12 14:02:17 -     TP: 6, TN: 3
2025-09-12 14:02:17 -     FP: 1, FN: 3
2025-09-12 14:02:17 - Subject: P3_sub-004
2025-09-12 14:02:17 -   Accuracy: 69.412%
2025-09-12 14:02:17 -   Precision: 0.659
2025-09-12 14:02:17 -   Recall: 0.743
2025-09-12 14:02:17 -   F1 Score: 0.680
2025-09-12 14:02:17 -   AUC: 0.780
2025-09-12 14:02:17 -   Correct/Total: 12/17
2025-09-12 14:02:17 -   Confusion Matrix Stats:
2025-09-12 14:02:17 -     TP: 5, TN: 7
2025-09-12 14:02:17 -     FP: 3, FN: 2
2025-09-12 14:02:17 - Subject: P3_sub-005
2025-09-12 14:02:17 -   Accuracy: 47.500%
2025-09-12 14:02:17 -   Precision: 0.700
2025-09-12 14:02:17 -   Recall: 0.200
2025-09-12 14:02:17 -   F1 Score: 0.293
2025-09-12 14:02:17 -   AUC: 0.435
2025-09-12 14:02:17 -   Correct/Total: 8/16
2025-09-12 14:02:17 -   Confusion Matrix Stats:
2025-09-12 14:02:17 -     TP: 2, TN: 6
2025-09-12 14:02:17 -     FP: 1, FN: 7
2025-09-12 14:02:17 - Subject: P3_sub-006
2025-09-12 14:02:17 -   Accuracy: 48.000%
2025-09-12 14:02:17 -   Precision: 0.340
2025-09-12 14:02:17 -   Recall: 0.333
2025-09-12 14:02:17 -   F1 Score: 0.335
2025-09-12 14:02:17 -   AUC: 0.470
2025-09-12 14:02:17 -   Correct/Total: 7/15
2025-09-12 14:02:17 -   Confusion Matrix Stats:
2025-09-12 14:02:17 -     TP: 2, TN: 5
2025-09-12 14:02:17 -     FP: 4, FN: 4
2025-09-12 14:02:17 - Subject: P3_sub-007
2025-09-12 14:02:17 -   Accuracy: 76.000%
2025-09-12 14:02:17 -   Precision: 0.928
2025-09-12 14:02:17 -   Recall: 0.700
2025-09-12 14:02:17 -   F1 Score: 0.794
2025-09-12 14:02:17 -   AUC: 0.824
2025-09-12 14:02:17 -   Correct/Total: 11/15
2025-09-12 14:02:17 -   Confusion Matrix Stats:
2025-09-12 14:02:17 -     TP: 7, TN: 4
2025-09-12 14:02:17 -     FP: 1, FN: 3
2025-09-12 14:02:17 - Subject: P3_sub-008
2025-09-12 14:02:17 -   Accuracy: 57.500%
2025-09-12 14:02:17 -   Precision: 0.750
2025-09-12 14:02:17 -   Recall: 0.480
2025-09-12 14:02:17 -   F1 Score: 0.583
2025-09-12 14:02:17 -   AUC: 0.720
2025-09-12 14:02:17 -   Correct/Total: 9/16
2025-09-12 14:02:17 -   Confusion Matrix Stats:
2025-09-12 14:02:17 -     TP: 5, TN: 4
2025-09-12 14:02:17 -     FP: 2, FN: 5
2025-09-12 14:02:17 - Subject: P3_sub-009
2025-09-12 14:02:17 -   Accuracy: 42.500%
2025-09-12 14:02:17 -   Precision: 0.467
2025-09-12 14:02:17 -   Recall: 0.240
2025-09-12 14:02:17 -   F1 Score: 0.314
2025-09-12 14:02:17 -   AUC: 0.427
2025-09-12 14:02:17 -   Correct/Total: 3/8
2025-09-12 14:02:17 -   Confusion Matrix Stats:
2025-09-12 14:02:17 -     TP: 1, TN: 2
2025-09-12 14:02:17 -     FP: 1, FN: 4
2025-09-12 14:02:17 - Subject: P3_sub-010
2025-09-12 14:02:17 -   Accuracy: 58.889%
2025-09-12 14:02:17 -   Precision: 0.942
2025-09-12 14:02:17 -   Recall: 0.462
2025-09-12 14:02:17 -   F1 Score: 0.618
2025-09-12 14:02:17 -   AUC: 0.803
2025-09-12 14:02:17 -   Correct/Total: 11/18
2025-09-12 14:02:17 -   Confusion Matrix Stats:
2025-09-12 14:02:17 -     TP: 6, TN: 5
2025-09-12 14:02:17 -     FP: 0, FN: 7
2025-09-12 14:02:17 - Subject: P3_sub-011
2025-09-12 14:02:17 -   Accuracy: 64.615%
2025-09-12 14:02:17 -   Precision: 0.457
2025-09-12 14:02:17 -   Recall: 0.850
2025-09-12 14:02:17 -   F1 Score: 0.594
2025-09-12 14:02:17 -   AUC: 0.661
2025-09-12 14:02:17 -   Correct/Total: 8/13
2025-09-12 14:02:17 -   Confusion Matrix Stats:
2025-09-12 14:02:17 -     TP: 3, TN: 5
2025-09-12 14:02:17 -     FP: 4, FN: 1
2025-09-12 14:02:17 - Subject: P3_sub-012
2025-09-12 14:02:17 -   Accuracy: 69.231%
2025-09-12 14:02:17 -   Precision: 0.658
2025-09-12 14:02:17 -   Recall: 0.700
2025-09-12 14:02:17 -   F1 Score: 0.676
2025-09-12 14:02:17 -   AUC: 0.829
2025-09-12 14:02:17 -   Correct/Total: 9/13
2025-09-12 14:02:17 -   Confusion Matrix Stats:
2025-09-12 14:02:17 -     TP: 4, TN: 5
2025-09-12 14:02:17 -     FP: 2, FN: 2
2025-09-12 14:02:17 - Subject: P3_sub-013
2025-09-12 14:02:17 -   Accuracy: 70.000%
2025-09-12 14:02:17 -   Precision: 0.810
2025-09-12 14:02:17 -   Recall: 0.629
2025-09-12 14:02:17 -   F1 Score: 0.704
2025-09-12 14:02:17 -   AUC: 0.817
2025-09-12 14:02:17 -   Correct/Total: 8/12
2025-09-12 14:02:17 -   Confusion Matrix Stats:
2025-09-12 14:02:17 -     TP: 4, TN: 4
2025-09-12 14:02:17 -     FP: 1, FN: 3
2025-09-12 14:02:17 - Subject: P3_sub-014
2025-09-12 14:02:17 -   Accuracy: 49.333%
2025-09-12 14:02:17 -   Precision: 0.461
2025-09-12 14:02:17 -   Recall: 0.371
2025-09-12 14:02:17 -   F1 Score: 0.403
2025-09-12 14:02:17 -   AUC: 0.554
2025-09-12 14:02:17 -   Correct/Total: 7/15
2025-09-12 14:02:17 -   Confusion Matrix Stats:
2025-09-12 14:02:17 -     TP: 3, TN: 5
2025-09-12 14:02:17 -     FP: 3, FN: 4
2025-09-12 14:02:17 - Subject: P3_sub-015
2025-09-12 14:02:17 -   Accuracy: 68.889%
2025-09-12 14:02:17 -   Precision: 0.683
2025-09-12 14:02:17 -   Recall: 0.550
2025-09-12 14:02:17 -   F1 Score: 0.607
2025-09-12 14:02:17 -   AUC: 0.720
2025-09-12 14:02:17 -   Correct/Total: 6/9
2025-09-12 14:02:17 -   Confusion Matrix Stats:
2025-09-12 14:02:17 -     TP: 2, TN: 4
2025-09-12 14:02:17 -     FP: 1, FN: 2
2025-09-12 14:02:17 - Subject: P3_sub-016
2025-09-12 14:02:17 -   Accuracy: 86.154%
2025-09-12 14:02:17 -   Precision: 0.967
2025-09-12 14:02:17 -   Recall: 0.771
2025-09-12 14:02:17 -   F1 Score: 0.851
2025-09-12 14:02:17 -   AUC: 0.924
2025-09-12 14:02:17 -   Correct/Total: 11/13
2025-09-12 14:02:17 -   Confusion Matrix Stats:
2025-09-12 14:02:17 -     TP: 5, TN: 6
2025-09-12 14:02:17 -     FP: 0, FN: 2
2025-09-12 14:02:17 - Subject: P3_sub-017
2025-09-12 14:02:17 -   Accuracy: 52.000%
2025-09-12 14:02:17 -   Precision: 0.517
2025-09-12 14:02:17 -   Recall: 0.620
2025-09-12 14:02:17 -   F1 Score: 0.564
2025-09-12 14:02:17 -   AUC: 0.564
2025-09-12 14:02:17 -   Correct/Total: 10/20
2025-09-12 14:02:17 -   Confusion Matrix Stats:
2025-09-12 14:02:17 -     TP: 6, TN: 4
2025-09-12 14:02:17 -     FP: 6, FN: 4
2025-09-12 14:02:17 - Subject: P3_sub-018
2025-09-12 14:02:17 -   Accuracy: 62.500%
2025-09-12 14:02:17 -   Precision: 0.613
2025-09-12 14:02:17 -   Recall: 0.911
2025-09-12 14:02:17 -   F1 Score: 0.733
2025-09-12 14:02:17 -   AUC: 0.803
2025-09-12 14:02:17 -   Correct/Total: 10/16
2025-09-12 14:02:17 -   Confusion Matrix Stats:
2025-09-12 14:02:17 -     TP: 8, TN: 2
2025-09-12 14:02:17 -     FP: 5, FN: 1
2025-09-12 14:02:17 - Subject: P3_sub-019
2025-09-12 14:02:17 -   Accuracy: 60.000%
2025-09-12 14:02:17 -   Precision: 0.690
2025-09-12 14:02:17 -   Recall: 0.580
2025-09-12 14:02:17 -   F1 Score: 0.629
2025-09-12 14:02:17 -   AUC: 0.654
2025-09-12 14:02:17 -   Correct/Total: 10/17
2025-09-12 14:02:17 -   Confusion Matrix Stats:
2025-09-12 14:02:17 -     TP: 6, TN: 4
2025-09-12 14:02:17 -     FP: 3, FN: 4
2025-09-12 14:02:17 - Subject: P3_sub-020
2025-09-12 14:02:17 -   Accuracy: 74.667%
2025-09-12 14:02:17 -   Precision: 0.744
2025-09-12 14:02:17 -   Recall: 0.714
2025-09-12 14:02:17 -   F1 Score: 0.727
2025-09-12 14:02:17 -   AUC: 0.825
2025-09-12 14:02:17 -   Correct/Total: 11/15
2025-09-12 14:02:17 -   Confusion Matrix Stats:
2025-09-12 14:02:17 -     TP: 5, TN: 6
2025-09-12 14:02:17 -     FP: 2, FN: 2
2025-09-12 14:02:17 - Subject: P3_sub-021
2025-09-12 14:02:17 -   Accuracy: 48.750%
2025-09-12 14:02:17 -   Precision: 0.482
2025-09-12 14:02:17 -   Recall: 0.550
2025-09-12 14:02:17 -   F1 Score: 0.507
2025-09-12 14:02:17 -   AUC: 0.484
2025-09-12 14:02:17 -   Correct/Total: 8/16
2025-09-12 14:02:17 -   Confusion Matrix Stats:
2025-09-12 14:02:17 -     TP: 4, TN: 3
2025-09-12 14:02:17 -     FP: 5, FN: 4
2025-09-12 14:02:17 - Subject: P3_sub-022
2025-09-12 14:02:17 -   Accuracy: 85.000%
2025-09-12 14:02:17 -   Precision: 0.878
2025-09-12 14:02:17 -   Recall: 0.900
2025-09-12 14:02:17 -   F1 Score: 0.888
2025-09-12 14:02:17 -   AUC: 0.863
2025-09-12 14:02:17 -   Correct/Total: 10/12
2025-09-12 14:02:17 -   Confusion Matrix Stats:
2025-09-12 14:02:17 -     TP: 7, TN: 3
2025-09-12 14:02:17 -     FP: 1, FN: 1
2025-09-12 14:02:17 - Subject: P3_sub-023
2025-09-12 14:02:17 -   Accuracy: 72.857%
2025-09-12 14:02:17 -   Precision: 0.950
2025-09-12 14:02:17 -   Recall: 0.660
2025-09-12 14:02:17 -   F1 Score: 0.774
2025-09-12 14:02:17 -   AUC: 0.900
2025-09-12 14:02:17 -   Correct/Total: 10/14
2025-09-12 14:02:17 -   Confusion Matrix Stats:
2025-09-12 14:02:17 -     TP: 7, TN: 4
2025-09-12 14:02:17 -     FP: 0, FN: 3
2025-09-12 14:02:17 - Subject: P3_sub-024
2025-09-12 14:02:17 -   Accuracy: 55.556%
2025-09-12 14:02:17 -   Precision: 0.452
2025-09-12 14:02:17 -   Recall: 0.686
2025-09-12 14:02:17 -   F1 Score: 0.544
2025-09-12 14:02:17 -   AUC: 0.592
2025-09-12 14:02:17 -   Correct/Total: 10/18
2025-09-12 14:02:17 -   Confusion Matrix Stats:
2025-09-12 14:02:17 -     TP: 5, TN: 5
2025-09-12 14:02:17 -     FP: 6, FN: 2
2025-09-12 14:02:17 - Subject: P3_sub-025
2025-09-12 14:02:17 -   Accuracy: 75.294%
2025-09-12 14:02:17 -   Precision: 0.624
2025-09-12 14:02:17 -   Recall: 0.733
2025-09-12 14:02:17 -   F1 Score: 0.670
2025-09-12 14:02:17 -   AUC: 0.809
2025-09-12 14:02:17 -   Correct/Total: 13/17
2025-09-12 14:02:17 -   Confusion Matrix Stats:
2025-09-12 14:02:17 -     TP: 4, TN: 8
2025-09-12 14:02:17 -     FP: 3, FN: 2
2025-09-12 14:02:17 - Subject: P3_sub-026
2025-09-12 14:02:17 -   Accuracy: 59.048%
2025-09-12 14:02:17 -   Precision: 0.739
2025-09-12 14:02:17 -   Recall: 0.600
2025-09-12 14:02:17 -   F1 Score: 0.661
2025-09-12 14:02:17 -   AUC: 0.635
2025-09-12 14:02:17 -   Correct/Total: 12/21
2025-09-12 14:02:17 -   Confusion Matrix Stats:
2025-09-12 14:02:17 -     TP: 8, TN: 4
2025-09-12 14:02:17 -     FP: 3, FN: 6
2025-09-12 14:02:17 - Subject: P3_sub-027
2025-09-12 14:02:17 -   Accuracy: 48.182%
2025-09-12 14:02:17 -   Precision: 0.476
2025-09-12 14:02:17 -   Recall: 0.309
2025-09-12 14:02:17 -   F1 Score: 0.360
2025-09-12 14:02:17 -   AUC: 0.421
2025-09-12 14:02:17 -   Correct/Total: 11/22
2025-09-12 14:02:17 -   Confusion Matrix Stats:
2025-09-12 14:02:17 -     TP: 3, TN: 7
2025-09-12 14:02:17 -     FP: 4, FN: 8
2025-09-12 14:02:17 - Subject: P3_sub-028
2025-09-12 14:02:17 -   Accuracy: 53.333%
2025-09-12 14:02:17 -   Precision: 0.587
2025-09-12 14:02:17 -   Recall: 0.375
2025-09-12 14:02:17 -   F1 Score: 0.454
2025-09-12 14:02:17 -   AUC: 0.589
2025-09-12 14:02:17 -   Correct/Total: 8/15
2025-09-12 14:02:17 -   Confusion Matrix Stats:
2025-09-12 14:02:17 -     TP: 3, TN: 5
2025-09-12 14:02:17 -     FP: 2, FN: 5
2025-09-12 14:02:17 - Subject: P3_sub-029
2025-09-12 14:02:17 -   Accuracy: 50.000%
2025-09-12 14:02:17 -   Precision: 0.587
2025-09-12 14:02:17 -   Recall: 0.457
2025-09-12 14:02:17 -   F1 Score: 0.513
2025-09-12 14:02:17 -   AUC: 0.583
2025-09-12 14:02:17 -   Correct/Total: 6/12
2025-09-12 14:02:17 -   Confusion Matrix Stats:
2025-09-12 14:02:17 -     TP: 3, TN: 3
2025-09-12 14:02:17 -     FP: 2, FN: 4
2025-09-12 14:02:17 - Subject: P3_sub-030
2025-09-12 14:02:17 -   Accuracy: 70.000%
2025-09-12 14:02:17 -   Precision: 0.675
2025-09-12 14:02:17 -   Recall: 0.778
2025-09-12 14:02:17 -   F1 Score: 0.722
2025-09-12 14:02:17 -   AUC: 0.770
2025-09-12 14:02:17 -   Correct/Total: 13/18
2025-09-12 14:02:17 -   Confusion Matrix Stats:
2025-09-12 14:02:17 -     TP: 7, TN: 6
2025-09-12 14:02:17 -     FP: 3, FN: 2
2025-09-12 14:02:17 - Subject: P3_sub-031
2025-09-12 14:02:17 -   Accuracy: 65.882%
2025-09-12 14:02:17 -   Precision: 0.675
2025-09-12 14:02:17 -   Recall: 0.550
2025-09-12 14:02:17 -   F1 Score: 0.602
2025-09-12 14:02:17 -   AUC: 0.781
2025-09-12 14:02:17 -   Correct/Total: 11/17
2025-09-12 14:02:17 -   Confusion Matrix Stats:
2025-09-12 14:02:17 -     TP: 4, TN: 7
2025-09-12 14:02:17 -     FP: 2, FN: 4
2025-09-12 14:02:17 - Subject: P3_sub-032
2025-09-12 14:02:17 -   Accuracy: 75.000%
2025-09-12 14:02:17 -   Precision: 0.625
2025-09-12 14:02:17 -   Recall: 0.833
2025-09-12 14:02:17 -   F1 Score: 0.714
2025-09-12 14:02:17 -   AUC: 0.820
2025-09-12 14:02:17 -   Correct/Total: 12/16
2025-09-12 14:02:17 -   Confusion Matrix Stats:
2025-09-12 14:02:17 -     TP: 5, TN: 7
2025-09-12 14:02:17 -     FP: 3, FN: 1
2025-09-12 14:02:17 - Subject: P3_sub-033
2025-09-12 14:02:17 -   Accuracy: 63.750%
2025-09-12 14:02:17 -   Precision: 0.627
2025-09-12 14:02:17 -   Recall: 0.675
2025-09-12 14:02:17 -   F1 Score: 0.641
2025-09-12 14:02:17 -   AUC: 0.725
2025-09-12 14:02:17 -   Correct/Total: 10/16
2025-09-12 14:02:17 -   Confusion Matrix Stats:
2025-09-12 14:02:17 -     TP: 5, TN: 5
2025-09-12 14:02:17 -     FP: 3, FN: 3
2025-09-12 14:02:17 - Subject: P3_sub-034
2025-09-12 14:02:17 -   Accuracy: 54.286%
2025-09-12 14:02:17 -   Precision: 0.560
2025-09-12 14:02:17 -   Recall: 0.371
2025-09-12 14:02:17 -   F1 Score: 0.445
2025-09-12 14:02:17 -   AUC: 0.710
2025-09-12 14:02:17 -   Correct/Total: 8/14
2025-09-12 14:02:17 -   Confusion Matrix Stats:
2025-09-12 14:02:17 -     TP: 3, TN: 5
2025-09-12 14:02:17 -     FP: 2, FN: 4
2025-09-12 14:02:17 - Subject: P3_sub-035
2025-09-12 14:02:17 -   Accuracy: 57.647%
2025-09-12 14:02:17 -   Precision: 0.607
2025-09-12 14:02:17 -   Recall: 0.300
2025-09-12 14:02:17 -   F1 Score: 0.397
2025-09-12 14:02:17 -   AUC: 0.572
2025-09-12 14:02:17 -   Correct/Total: 10/17
2025-09-12 14:02:17 -   Confusion Matrix Stats:
2025-09-12 14:02:17 -     TP: 2, TN: 7
2025-09-12 14:02:17 -     FP: 2, FN: 6
2025-09-12 14:02:17 - Subject: P3_sub-036
2025-09-12 14:02:17 -   Accuracy: 77.600%
2025-09-12 14:02:17 -   Precision: 0.851
2025-09-12 14:02:17 -   Recall: 0.650
2025-09-12 14:02:17 -   F1 Score: 0.734
2025-09-12 14:02:17 -   AUC: 0.836
2025-09-12 14:02:17 -   Correct/Total: 19/25
2025-09-12 14:02:17 -   Confusion Matrix Stats:
2025-09-12 14:02:17 -     TP: 8, TN: 12
2025-09-12 14:02:17 -     FP: 1, FN: 4
2025-09-12 14:02:17 - Subject: P3_sub-037
2025-09-12 14:02:17 -   Accuracy: 56.000%
2025-09-12 14:02:17 -   Precision: 0.520
2025-09-12 14:02:17 -   Recall: 0.343
2025-09-12 14:02:17 -   F1 Score: 0.409
2025-09-12 14:02:17 -   AUC: 0.779
2025-09-12 14:02:17 -   Correct/Total: 8/15
2025-09-12 14:02:17 -   Confusion Matrix Stats:
2025-09-12 14:02:17 -     TP: 2, TN: 6
2025-09-12 14:02:17 -     FP: 2, FN: 5
2025-09-12 14:02:17 - Subject: P3_sub-038
2025-09-12 14:02:17 -   Accuracy: 76.842%
2025-09-12 14:02:17 -   Precision: 0.864
2025-09-12 14:02:17 -   Recall: 0.745
2025-09-12 14:02:17 -   F1 Score: 0.786
2025-09-12 14:02:17 -   AUC: 0.877
2025-09-12 14:02:17 -   Correct/Total: 15/19
2025-09-12 14:02:17 -   Confusion Matrix Stats:
2025-09-12 14:02:17 -     TP: 8, TN: 6
2025-09-12 14:02:17 -     FP: 2, FN: 3
2025-09-12 14:02:17 - Subject: P3_sub-039
2025-09-12 14:02:17 -   Accuracy: 66.250%
2025-09-12 14:02:17 -   Precision: 0.625
2025-09-12 14:02:17 -   Recall: 0.571
2025-09-12 14:02:17 -   F1 Score: 0.595
2025-09-12 14:02:17 -   AUC: 0.651
2025-09-12 14:02:17 -   Correct/Total: 11/16
2025-09-12 14:02:17 -   Confusion Matrix Stats:
2025-09-12 14:02:17 -     TP: 4, TN: 7
2025-09-12 14:02:17 -     FP: 2, FN: 3
2025-09-12 14:02:17 - Subject: P3_sub-040
2025-09-12 14:02:17 -   Accuracy: 52.000%
2025-09-12 14:02:17 -   Precision: 0.683
2025-09-12 14:02:17 -   Recall: 0.367
2025-09-12 14:02:17 -   F1 Score: 0.476
2025-09-12 14:02:17 -   AUC: 0.567
2025-09-12 14:02:17 -   Correct/Total: 5/10
2025-09-12 14:02:17 -   Confusion Matrix Stats:
2025-09-12 14:02:17 -     TP: 2, TN: 3
2025-09-12 14:02:17 -     FP: 1, FN: 4
2025-09-12 14:02:17 - 
Combined Model (All Subjects) Statistics:
2025-09-12 14:02:17 - Mean Accuracy: 0.679
2025-09-12 14:02:17 - 95% Confidence Interval: [0.648, 0.710]
2025-09-12 14:02:17 - Best Subject: AVO_039 (0.985)
2025-09-12 14:02:17 - Worst Subject: AVO_015 (0.380)
2025-09-12 14:02:17 - Mean Precision: 0.686
2025-09-12 14:02:17 - Mean Recall: 0.671
2025-09-12 14:02:17 - Mean F1-Score: 0.679
2025-09-12 14:02:17 - Mean AUC: 0.754
2025-09-12 14:02:17 - Mean Confusion Matrix:
2025-09-12 14:02:17 -   TP: 5, TN: 5
2025-09-12 14:02:17 -   FP: 2, FN: 3
2025-09-12 14:02:17 - 
Combined Model – P3 Subjects Statistics:
2025-09-12 14:02:17 - Mean Accuracy: 0.631
2025-09-12 14:02:17 - 95% Confidence Interval: [0.595, 0.667]
2025-09-12 14:02:17 - Best Subject: P3_sub-016 (0.862)
2025-09-12 14:02:17 - Worst Subject: P3_sub-009 (0.425)
2025-09-12 14:02:17 - Mean Precision: 0.660
2025-09-12 14:02:17 - Mean Recall: 0.575
2025-09-12 14:02:17 - Mean F1-Score: 0.614
2025-09-12 14:02:17 - Mean AUC: 0.702
2025-09-12 14:02:17 - Mean Confusion Matrix:
2025-09-12 14:02:17 -   TP: 5, TN: 5
2025-09-12 14:02:17 -   FP: 2, FN: 3
2025-09-12 14:02:17 - 
Combined Model – AVO Subjects Statistics:
2025-09-12 14:02:17 - Mean Accuracy: 0.727
2025-09-12 14:02:17 - 95% Confidence Interval: [0.679, 0.775]
2025-09-12 14:02:17 - Best Subject: AVO_039 (0.985)
2025-09-12 14:02:17 - Worst Subject: AVO_015 (0.380)
2025-09-12 14:02:17 - Mean Precision: 0.709
2025-09-12 14:02:17 - Mean Recall: 0.779
2025-09-12 14:02:17 - Mean F1-Score: 0.742
2025-09-12 14:02:17 - Mean AUC: 0.807
2025-09-12 14:02:17 - Mean Confusion Matrix:
2025-09-12 14:02:17 -   TP: 6, TN: 6
2025-09-12 14:02:17 -   FP: 2, FN: 2
