2025-09-12 11:40:40 - 
Experiment Configuration:
2025-09-12 11:40:40 - --------------------------------------------------
2025-09-12 11:40:40 - dataset: use_combined_datasets
2025-09-12 11:40:40 - use_combined_datasets: True
2025-09-12 11:40:40 - electrode_list: common
2025-09-12 11:40:40 - classifier: ShallowFBCSPNet
2025-09-12 11:40:40 - separate_subject_classification: False
2025-09-12 11:40:40 - use_subject_layer: False
2025-09-12 11:40:40 - seeds: [42, 123, 456, 789, 321]
2025-09-12 11:40:40 - --------------------------------------------------
2025-09-12 11:40:40 - 
==================================================
2025-09-12 11:40:40 - Processing Combined P3 and AVO Datasets
2025-09-12 11:40:40 - ==================================================
2025-09-12 11:42:11 - 
==================================================
2025-09-12 11:42:11 - Individual Subject Results - Combined Model
2025-09-12 11:42:11 - ==================================================
2025-09-12 11:42:11 - Subject: AVO_001
2025-09-12 11:42:11 -   Accuracy: 84.444%
2025-09-12 11:42:11 -   Precision: 1.000
2025-09-12 11:42:11 -   Recall: 0.720
2025-09-12 11:42:11 -   F1 Score: 0.820
2025-09-12 11:42:11 -   AUC: 0.980
2025-09-12 11:42:11 -   Correct/Total: 8/9
2025-09-12 11:42:11 -   Confusion Matrix Stats:
2025-09-12 11:42:11 -     TP: 4, TN: 4
2025-09-12 11:42:11 -     FP: 0, FN: 1
2025-09-12 11:42:11 - Subject: AVO_002
2025-09-12 11:42:11 -   Accuracy: 75.385%
2025-09-12 11:42:11 -   Precision: 0.633
2025-09-12 11:42:11 -   Recall: 0.500
2025-09-12 11:42:11 -   F1 Score: 0.557
2025-09-12 11:42:11 -   AUC: 0.639
2025-09-12 11:42:11 -   Correct/Total: 10/13
2025-09-12 11:42:11 -   Confusion Matrix Stats:
2025-09-12 11:42:11 -     TP: 2, TN: 8
2025-09-12 11:42:11 -     FP: 1, FN: 2
2025-09-12 11:42:11 - Subject: AVO_003
2025-09-12 11:42:11 -   Accuracy: 90.435%
2025-09-12 11:42:11 -   Precision: 0.794
2025-09-12 11:42:11 -   Recall: 1.000
2025-09-12 11:42:11 -   F1 Score: 0.883
2025-09-12 11:42:11 -   AUC: 0.980
2025-09-12 11:42:11 -   Correct/Total: 21/23
2025-09-12 11:42:11 -   Confusion Matrix Stats:
2025-09-12 11:42:11 -     TP: 8, TN: 13
2025-09-12 11:42:11 -     FP: 2, FN: 0
2025-09-12 11:42:11 - Subject: AVO_004
2025-09-12 11:42:11 -   Accuracy: 89.231%
2025-09-12 11:42:11 -   Precision: 1.000
2025-09-12 11:42:11 -   Recall: 0.860
2025-09-12 11:42:11 -   F1 Score: 0.924
2025-09-12 11:42:11 -   AUC: 1.000
2025-09-12 11:42:11 -   Correct/Total: 12/13
2025-09-12 11:42:11 -   Confusion Matrix Stats:
2025-09-12 11:42:11 -     TP: 9, TN: 3
2025-09-12 11:42:11 -     FP: 0, FN: 1
2025-09-12 11:42:11 - Subject: AVO_005
2025-09-12 11:42:11 -   Accuracy: 91.429%
2025-09-12 11:42:11 -   Precision: 1.000
2025-09-12 11:42:11 -   Recall: 0.760
2025-09-12 11:42:11 -   F1 Score: 0.842
2025-09-12 11:42:11 -   AUC: 0.996
2025-09-12 11:42:11 -   Correct/Total: 13/14
2025-09-12 11:42:11 -   Confusion Matrix Stats:
2025-09-12 11:42:11 -     TP: 4, TN: 9
2025-09-12 11:42:11 -     FP: 0, FN: 1
2025-09-12 11:42:11 - Subject: AVO_006
2025-09-12 11:42:11 -   Accuracy: 80.000%
2025-09-12 11:42:11 -   Precision: 0.883
2025-09-12 11:42:11 -   Recall: 0.650
2025-09-12 11:42:11 -   F1 Score: 0.740
2025-09-12 11:42:11 -   AUC: 0.900
2025-09-12 11:42:11 -   Correct/Total: 7/9
2025-09-12 11:42:11 -   Confusion Matrix Stats:
2025-09-12 11:42:11 -     TP: 3, TN: 5
2025-09-12 11:42:11 -     FP: 0, FN: 1
2025-09-12 11:42:11 - Subject: AVO_007
2025-09-12 11:42:11 -   Accuracy: 78.182%
2025-09-12 11:42:11 -   Precision: 0.724
2025-09-12 11:42:11 -   Recall: 0.860
2025-09-12 11:42:11 -   F1 Score: 0.783
2025-09-12 11:42:11 -   AUC: 0.853
2025-09-12 11:42:11 -   Correct/Total: 17/22
2025-09-12 11:42:11 -   Confusion Matrix Stats:
2025-09-12 11:42:11 -     TP: 9, TN: 9
2025-09-12 11:42:11 -     FP: 3, FN: 1
2025-09-12 11:42:11 - Subject: AVO_008
2025-09-12 11:42:11 -   Accuracy: 72.000%
2025-09-12 11:42:11 -   Precision: 0.657
2025-09-12 11:42:11 -   Recall: 0.829
2025-09-12 11:42:11 -   F1 Score: 0.731
2025-09-12 11:42:11 -   AUC: 0.757
2025-09-12 11:42:11 -   Correct/Total: 11/15
2025-09-12 11:42:11 -   Confusion Matrix Stats:
2025-09-12 11:42:11 -     TP: 6, TN: 5
2025-09-12 11:42:11 -     FP: 3, FN: 1
2025-09-12 11:42:11 - Subject: AVO_009
2025-09-12 11:42:11 -   Accuracy: 57.143%
2025-09-12 11:42:11 -   Precision: 0.631
2025-09-12 11:42:11 -   Recall: 0.600
2025-09-12 11:42:11 -   F1 Score: 0.611
2025-09-12 11:42:11 -   AUC: 0.575
2025-09-12 11:42:11 -   Correct/Total: 8/14
2025-09-12 11:42:11 -   Confusion Matrix Stats:
2025-09-12 11:42:11 -     TP: 5, TN: 3
2025-09-12 11:42:11 -     FP: 3, FN: 3
2025-09-12 11:42:11 - Subject: AVO_010
2025-09-12 11:42:11 -   Accuracy: 66.154%
2025-09-12 11:42:11 -   Precision: 0.757
2025-09-12 11:42:11 -   Recall: 0.543
2025-09-12 11:42:11 -   F1 Score: 0.630
2025-09-12 11:42:11 -   AUC: 0.790
2025-09-12 11:42:11 -   Correct/Total: 9/13
2025-09-12 11:42:11 -   Confusion Matrix Stats:
2025-09-12 11:42:11 -     TP: 4, TN: 5
2025-09-12 11:42:11 -     FP: 1, FN: 3
2025-09-12 11:42:11 - Subject: AVO_011
2025-09-12 11:42:11 -   Accuracy: 61.176%
2025-09-12 11:42:11 -   Precision: 0.550
2025-09-12 11:42:11 -   Recall: 0.829
2025-09-12 11:42:11 -   F1 Score: 0.645
2025-09-12 11:42:11 -   AUC: 0.757
2025-09-12 11:42:11 -   Correct/Total: 10/17
2025-09-12 11:42:11 -   Confusion Matrix Stats:
2025-09-12 11:42:11 -     TP: 6, TN: 5
2025-09-12 11:42:11 -     FP: 5, FN: 1
2025-09-12 11:42:11 - Subject: AVO_012
2025-09-12 11:42:11 -   Accuracy: 91.111%
2025-09-12 11:42:11 -   Precision: 0.933
2025-09-12 11:42:11 -   Recall: 0.933
2025-09-12 11:42:11 -   F1 Score: 0.933
2025-09-12 11:42:11 -   AUC: 0.967
2025-09-12 11:42:11 -   Correct/Total: 8/9
2025-09-12 11:42:11 -   Confusion Matrix Stats:
2025-09-12 11:42:11 -     TP: 6, TN: 3
2025-09-12 11:42:11 -     FP: 0, FN: 0
2025-09-12 11:42:11 - Subject: AVO_013
2025-09-12 11:42:11 -   Accuracy: 75.714%
2025-09-12 11:42:11 -   Precision: 0.726
2025-09-12 11:42:11 -   Recall: 0.925
2025-09-12 11:42:11 -   F1 Score: 0.813
2025-09-12 11:42:11 -   AUC: 0.858
2025-09-12 11:42:11 -   Correct/Total: 11/14
2025-09-12 11:42:11 -   Confusion Matrix Stats:
2025-09-12 11:42:11 -     TP: 7, TN: 3
2025-09-12 11:42:11 -     FP: 3, FN: 1
2025-09-12 11:42:11 - Subject: AVO_014
2025-09-12 11:42:11 -   Accuracy: 64.000%
2025-09-12 11:42:11 -   Precision: 0.651
2025-09-12 11:42:11 -   Recall: 0.725
2025-09-12 11:42:11 -   F1 Score: 0.684
2025-09-12 11:42:11 -   AUC: 0.711
2025-09-12 11:42:11 -   Correct/Total: 10/15
2025-09-12 11:42:11 -   Confusion Matrix Stats:
2025-09-12 11:42:11 -     TP: 6, TN: 4
2025-09-12 11:42:11 -     FP: 3, FN: 2
2025-09-12 11:42:11 - Subject: AVO_015
2025-09-12 11:42:11 -   Accuracy: 62.857%
2025-09-12 11:42:11 -   Precision: 0.567
2025-09-12 11:42:11 -   Recall: 0.467
2025-09-12 11:42:11 -   F1 Score: 0.507
2025-09-12 11:42:11 -   AUC: 0.733
2025-09-12 11:42:11 -   Correct/Total: 4/7
2025-09-12 11:42:11 -   Confusion Matrix Stats:
2025-09-12 11:42:11 -     TP: 1, TN: 3
2025-09-12 11:42:11 -     FP: 1, FN: 2
2025-09-12 11:42:11 - Subject: AVO_016
2025-09-12 11:42:11 -   Accuracy: 76.000%
2025-09-12 11:42:11 -   Precision: 0.816
2025-09-12 11:42:11 -   Recall: 0.600
2025-09-12 11:42:11 -   F1 Score: 0.684
2025-09-12 11:42:11 -   AUC: 0.786
2025-09-12 11:42:11 -   Correct/Total: 15/20
2025-09-12 11:42:11 -   Confusion Matrix Stats:
2025-09-12 11:42:11 -     TP: 5, TN: 10
2025-09-12 11:42:11 -     FP: 1, FN: 4
2025-09-12 11:42:11 - Subject: AVO_017
2025-09-12 11:42:11 -   Accuracy: 85.217%
2025-09-12 11:42:11 -   Precision: 0.814
2025-09-12 11:42:11 -   Recall: 0.750
2025-09-12 11:42:11 -   F1 Score: 0.780
2025-09-12 11:42:11 -   AUC: 0.893
2025-09-12 11:42:11 -   Correct/Total: 20/23
2025-09-12 11:42:11 -   Confusion Matrix Stats:
2025-09-12 11:42:11 -     TP: 6, TN: 14
2025-09-12 11:42:11 -     FP: 1, FN: 2
2025-09-12 11:42:11 - Subject: AVO_018
2025-09-12 11:42:11 -   Accuracy: 66.667%
2025-09-12 11:42:11 -   Precision: 1.000
2025-09-12 11:42:11 -   Recall: 0.600
2025-09-12 11:42:11 -   F1 Score: 0.734
2025-09-12 11:42:11 -   AUC: 1.000
2025-09-12 11:42:11 -   Correct/Total: 4/6
2025-09-12 11:42:11 -   Confusion Matrix Stats:
2025-09-12 11:42:11 -     TP: 3, TN: 1
2025-09-12 11:42:11 -     FP: 0, FN: 2
2025-09-12 11:42:11 - Subject: AVO_019
2025-09-12 11:42:11 -   Accuracy: 81.111%
2025-09-12 11:42:11 -   Precision: 0.931
2025-09-12 11:42:11 -   Recall: 0.689
2025-09-12 11:42:11 -   F1 Score: 0.778
2025-09-12 11:42:11 -   AUC: 0.958
2025-09-12 11:42:11 -   Correct/Total: 15/18
2025-09-12 11:42:11 -   Confusion Matrix Stats:
2025-09-12 11:42:11 -     TP: 6, TN: 8
2025-09-12 11:42:11 -     FP: 1, FN: 3
2025-09-12 11:42:11 - Subject: AVO_020
2025-09-12 11:42:11 -   Accuracy: 80.000%
2025-09-12 11:42:11 -   Precision: 0.690
2025-09-12 11:42:11 -   Recall: 0.943
2025-09-12 11:42:11 -   F1 Score: 0.795
2025-09-12 11:42:11 -   AUC: 0.897
2025-09-12 11:42:11 -   Correct/Total: 14/17
2025-09-12 11:42:11 -   Confusion Matrix Stats:
2025-09-12 11:42:11 -     TP: 7, TN: 7
2025-09-12 11:42:11 -     FP: 3, FN: 0
2025-09-12 11:42:11 - Subject: AVO_021
2025-09-12 11:42:11 -   Accuracy: 73.000%
2025-09-12 11:42:11 -   Precision: 0.802
2025-09-12 11:42:11 -   Recall: 0.556
2025-09-12 11:42:11 -   F1 Score: 0.648
2025-09-12 11:42:11 -   AUC: 0.828
2025-09-12 11:42:11 -   Correct/Total: 15/20
2025-09-12 11:42:11 -   Confusion Matrix Stats:
2025-09-12 11:42:11 -     TP: 5, TN: 10
2025-09-12 11:42:11 -     FP: 1, FN: 4
2025-09-12 11:42:11 - Subject: AVO_022
2025-09-12 11:42:11 -   Accuracy: 90.000%
2025-09-12 11:42:11 -   Precision: 0.896
2025-09-12 11:42:11 -   Recall: 0.971
2025-09-12 11:42:11 -   F1 Score: 0.931
2025-09-12 11:42:11 -   AUC: 0.962
2025-09-12 11:42:11 -   Correct/Total: 9/10
2025-09-12 11:42:11 -   Confusion Matrix Stats:
2025-09-12 11:42:11 -     TP: 7, TN: 2
2025-09-12 11:42:11 -     FP: 1, FN: 0
2025-09-12 11:42:11 - Subject: AVO_023
2025-09-12 11:42:11 -   Accuracy: 81.250%
2025-09-12 11:42:11 -   Precision: 0.918
2025-09-12 11:42:11 -   Recall: 0.800
2025-09-12 11:42:11 -   F1 Score: 0.854
2025-09-12 11:42:11 -   AUC: 0.905
2025-09-12 11:42:11 -   Correct/Total: 13/16
2025-09-12 11:42:11 -   Confusion Matrix Stats:
2025-09-12 11:42:11 -     TP: 9, TN: 4
2025-09-12 11:42:11 -     FP: 1, FN: 2
2025-09-12 11:42:11 - Subject: AVO_024
2025-09-12 11:42:11 -   Accuracy: 56.250%
2025-09-12 11:42:11 -   Precision: 0.500
2025-09-12 11:42:11 -   Recall: 0.914
2025-09-12 11:42:11 -   F1 Score: 0.646
2025-09-12 11:42:11 -   AUC: 0.806
2025-09-12 11:42:11 -   Correct/Total: 9/16
2025-09-12 11:42:11 -   Confusion Matrix Stats:
2025-09-12 11:42:11 -     TP: 6, TN: 3
2025-09-12 11:42:11 -     FP: 6, FN: 1
2025-09-12 11:42:11 - Subject: AVO_025
2025-09-12 11:42:11 -   Accuracy: 72.000%
2025-09-12 11:42:11 -   Precision: 0.640
2025-09-12 11:42:11 -   Recall: 0.700
2025-09-12 11:42:11 -   F1 Score: 0.667
2025-09-12 11:42:11 -   AUC: 0.825
2025-09-12 11:42:11 -   Correct/Total: 7/10
2025-09-12 11:42:11 -   Confusion Matrix Stats:
2025-09-12 11:42:11 -     TP: 3, TN: 4
2025-09-12 11:42:11 -     FP: 2, FN: 1
2025-09-12 11:42:11 - Subject: AVO_026
2025-09-12 11:42:11 -   Accuracy: 81.429%
2025-09-12 11:42:11 -   Precision: 1.000
2025-09-12 11:42:11 -   Recall: 0.694
2025-09-12 11:42:11 -   F1 Score: 0.819
2025-09-12 11:42:11 -   AUC: 0.966
2025-09-12 11:42:11 -   Correct/Total: 23/28
2025-09-12 11:42:11 -   Confusion Matrix Stats:
2025-09-12 11:42:11 -     TP: 12, TN: 11
2025-09-12 11:42:11 -     FP: 0, FN: 5
2025-09-12 11:42:11 - Subject: AVO_027
2025-09-12 11:42:11 -   Accuracy: 71.111%
2025-09-12 11:42:11 -   Precision: 0.711
2025-09-12 11:42:11 -   Recall: 0.891
2025-09-12 11:42:11 -   F1 Score: 0.791
2025-09-12 11:42:11 -   AUC: 0.803
2025-09-12 11:42:11 -   Correct/Total: 13/18
2025-09-12 11:42:11 -   Confusion Matrix Stats:
2025-09-12 11:42:11 -     TP: 10, TN: 3
2025-09-12 11:42:11 -     FP: 4, FN: 1
2025-09-12 11:42:11 - Subject: AVO_028
2025-09-12 11:42:11 -   Accuracy: 72.727%
2025-09-12 11:42:11 -   Precision: 0.776
2025-09-12 11:42:11 -   Recall: 0.700
2025-09-12 11:42:11 -   F1 Score: 0.727
2025-09-12 11:42:11 -   AUC: 0.793
2025-09-12 11:42:11 -   Correct/Total: 8/11
2025-09-12 11:42:11 -   Confusion Matrix Stats:
2025-09-12 11:42:11 -     TP: 4, TN: 4
2025-09-12 11:42:11 -     FP: 1, FN: 2
2025-09-12 11:42:11 - Subject: AVO_029
2025-09-12 11:42:11 -   Accuracy: 87.500%
2025-09-12 11:42:11 -   Precision: 0.922
2025-09-12 11:42:11 -   Recall: 0.800
2025-09-12 11:42:11 -   F1 Score: 0.847
2025-09-12 11:42:11 -   AUC: 0.956
2025-09-12 11:42:11 -   Correct/Total: 14/16
2025-09-12 11:42:11 -   Confusion Matrix Stats:
2025-09-12 11:42:11 -     TP: 6, TN: 8
2025-09-12 11:42:11 -     FP: 1, FN: 1
2025-09-12 11:42:11 - Subject: AVO_030
2025-09-12 11:42:11 -   Accuracy: 70.588%
2025-09-12 11:42:11 -   Precision: 0.837
2025-09-12 11:42:11 -   Recall: 0.620
2025-09-12 11:42:11 -   F1 Score: 0.709
2025-09-12 11:42:11 -   AUC: 0.797
2025-09-12 11:42:11 -   Correct/Total: 12/17
2025-09-12 11:42:11 -   Confusion Matrix Stats:
2025-09-12 11:42:11 -     TP: 6, TN: 6
2025-09-12 11:42:11 -     FP: 1, FN: 4
2025-09-12 11:42:11 - Subject: AVO_031
2025-09-12 11:42:11 -   Accuracy: 80.000%
2025-09-12 11:42:11 -   Precision: 0.789
2025-09-12 11:42:11 -   Recall: 0.800
2025-09-12 11:42:11 -   F1 Score: 0.784
2025-09-12 11:42:11 -   AUC: 0.922
2025-09-12 11:42:11 -   Correct/Total: 14/18
2025-09-12 11:42:11 -   Confusion Matrix Stats:
2025-09-12 11:42:11 -     TP: 6, TN: 8
2025-09-12 11:42:11 -     FP: 2, FN: 2
2025-09-12 11:42:11 - Subject: AVO_032
2025-09-12 11:42:11 -   Accuracy: 89.565%
2025-09-12 11:42:11 -   Precision: 0.854
2025-09-12 11:42:11 -   Recall: 0.945
2025-09-12 11:42:11 -   F1 Score: 0.896
2025-09-12 11:42:11 -   AUC: 0.939
2025-09-12 11:42:11 -   Correct/Total: 21/23
2025-09-12 11:42:11 -   Confusion Matrix Stats:
2025-09-12 11:42:11 -     TP: 10, TN: 10
2025-09-12 11:42:11 -     FP: 2, FN: 1
2025-09-12 11:42:11 - Subject: AVO_033
2025-09-12 11:42:11 -   Accuracy: 71.765%
2025-09-12 11:42:11 -   Precision: 0.956
2025-09-12 11:42:11 -   Recall: 0.560
2025-09-12 11:42:11 -   F1 Score: 0.695
2025-09-12 11:42:11 -   AUC: 0.800
2025-09-12 11:42:11 -   Correct/Total: 12/17
2025-09-12 11:42:11 -   Confusion Matrix Stats:
2025-09-12 11:42:11 -     TP: 6, TN: 7
2025-09-12 11:42:11 -     FP: 0, FN: 4
2025-09-12 11:42:11 - Subject: AVO_034
2025-09-12 11:42:11 -   Accuracy: 75.385%
2025-09-12 11:42:11 -   Precision: 0.732
2025-09-12 11:42:11 -   Recall: 0.857
2025-09-12 11:42:11 -   F1 Score: 0.788
2025-09-12 11:42:11 -   AUC: 0.814
2025-09-12 11:42:11 -   Correct/Total: 10/13
2025-09-12 11:42:11 -   Confusion Matrix Stats:
2025-09-12 11:42:11 -     TP: 6, TN: 4
2025-09-12 11:42:11 -     FP: 2, FN: 1
2025-09-12 11:42:11 - Subject: AVO_035
2025-09-12 11:42:11 -   Accuracy: 74.737%
2025-09-12 11:42:11 -   Precision: 0.769
2025-09-12 11:42:11 -   Recall: 0.760
2025-09-12 11:42:11 -   F1 Score: 0.757
2025-09-12 11:42:11 -   AUC: 0.764
2025-09-12 11:42:11 -   Correct/Total: 14/19
2025-09-12 11:42:11 -   Confusion Matrix Stats:
2025-09-12 11:42:11 -     TP: 8, TN: 7
2025-09-12 11:42:11 -     FP: 2, FN: 2
2025-09-12 11:42:11 - Subject: AVO_036
2025-09-12 11:42:11 -   Accuracy: 64.286%
2025-09-12 11:42:11 -   Precision: 0.742
2025-09-12 11:42:11 -   Recall: 0.575
2025-09-12 11:42:11 -   F1 Score: 0.635
2025-09-12 11:42:11 -   AUC: 0.779
2025-09-12 11:42:11 -   Correct/Total: 9/14
2025-09-12 11:42:11 -   Confusion Matrix Stats:
2025-09-12 11:42:11 -     TP: 5, TN: 4
2025-09-12 11:42:11 -     FP: 2, FN: 3
2025-09-12 11:42:11 - Subject: AVO_037
2025-09-12 11:42:11 -   Accuracy: 67.059%
2025-09-12 11:42:11 -   Precision: 0.925
2025-09-12 11:42:11 -   Recall: 0.422
2025-09-12 11:42:11 -   F1 Score: 0.553
2025-09-12 11:42:11 -   AUC: 0.811
2025-09-12 11:42:11 -   Correct/Total: 11/17
2025-09-12 11:42:11 -   Confusion Matrix Stats:
2025-09-12 11:42:11 -     TP: 4, TN: 8
2025-09-12 11:42:11 -     FP: 0, FN: 5
2025-09-12 11:42:11 - Subject: AVO_038
2025-09-12 11:42:11 -   Accuracy: 74.286%
2025-09-12 11:42:11 -   Precision: 0.873
2025-09-12 11:42:11 -   Recall: 0.708
2025-09-12 11:42:11 -   F1 Score: 0.761
2025-09-12 11:42:11 -   AUC: 0.863
2025-09-12 11:42:11 -   Correct/Total: 16/21
2025-09-12 11:42:11 -   Confusion Matrix Stats:
2025-09-12 11:42:11 -     TP: 9, TN: 6
2025-09-12 11:42:11 -     FP: 2, FN: 4
2025-09-12 11:42:11 - Subject: AVO_039
2025-09-12 11:42:11 -   Accuracy: 85.000%
2025-09-12 11:42:11 -   Precision: 0.975
2025-09-12 11:42:11 -   Recall: 0.725
2025-09-12 11:42:11 -   F1 Score: 0.820
2025-09-12 11:42:11 -   AUC: 0.966
2025-09-12 11:42:11 -   Correct/Total: 14/16
2025-09-12 11:42:11 -   Confusion Matrix Stats:
2025-09-12 11:42:11 -     TP: 6, TN: 8
2025-09-12 11:42:11 -     FP: 0, FN: 2
2025-09-12 11:42:11 - Subject: AVO_040
2025-09-12 11:42:11 -   Accuracy: 90.476%
2025-09-12 11:42:11 -   Precision: 0.920
2025-09-12 11:42:11 -   Recall: 0.909
2025-09-12 11:42:11 -   F1 Score: 0.907
2025-09-12 11:42:11 -   AUC: 0.971
2025-09-12 11:42:11 -   Correct/Total: 19/21
2025-09-12 11:42:11 -   Confusion Matrix Stats:
2025-09-12 11:42:11 -     TP: 10, TN: 9
2025-09-12 11:42:11 -     FP: 1, FN: 1
2025-09-12 11:42:11 - Subject: P3_sub-001
2025-09-12 11:42:11 -   Accuracy: 73.333%
2025-09-12 11:42:11 -   Precision: 0.567
2025-09-12 11:42:11 -   Recall: 0.760
2025-09-12 11:42:11 -   F1 Score: 0.644
2025-09-12 11:42:11 -   AUC: 0.772
2025-09-12 11:42:11 -   Correct/Total: 11/15
2025-09-12 11:42:11 -   Confusion Matrix Stats:
2025-09-12 11:42:11 -     TP: 4, TN: 7
2025-09-12 11:42:11 -     FP: 3, FN: 1
2025-09-12 11:42:11 - Subject: P3_sub-002
2025-09-12 11:42:11 -   Accuracy: 75.385%
2025-09-12 11:42:11 -   Precision: 0.614
2025-09-12 11:42:11 -   Recall: 0.960
2025-09-12 11:42:11 -   F1 Score: 0.749
2025-09-12 11:42:11 -   AUC: 0.935
2025-09-12 11:42:11 -   Correct/Total: 10/13
2025-09-12 11:42:11 -   Confusion Matrix Stats:
2025-09-12 11:42:11 -     TP: 5, TN: 5
2025-09-12 11:42:11 -     FP: 3, FN: 0
2025-09-12 11:42:11 - Subject: P3_sub-003
2025-09-12 11:42:11 -   Accuracy: 83.333%
2025-09-12 11:42:11 -   Precision: 0.843
2025-09-12 11:42:11 -   Recall: 0.833
2025-09-12 11:42:11 -   F1 Score: 0.836
2025-09-12 11:42:11 -   AUC: 0.944
2025-09-12 11:42:11 -   Correct/Total: 10/12
2025-09-12 11:42:11 -   Confusion Matrix Stats:
2025-09-12 11:42:11 -     TP: 5, TN: 5
2025-09-12 11:42:11 -     FP: 1, FN: 1
2025-09-12 11:42:11 - Subject: P3_sub-004
2025-09-12 11:42:11 -   Accuracy: 72.632%
2025-09-12 11:42:11 -   Precision: 0.703
2025-09-12 11:42:11 -   Recall: 0.778
2025-09-12 11:42:11 -   F1 Score: 0.734
2025-09-12 11:42:11 -   AUC: 0.836
2025-09-12 11:42:11 -   Correct/Total: 14/19
2025-09-12 11:42:11 -   Confusion Matrix Stats:
2025-09-12 11:42:11 -     TP: 7, TN: 7
2025-09-12 11:42:11 -     FP: 3, FN: 2
2025-09-12 11:42:11 - Subject: P3_sub-005
2025-09-12 11:42:11 -   Accuracy: 58.571%
2025-09-12 11:42:11 -   Precision: 0.917
2025-09-12 11:42:11 -   Recall: 0.460
2025-09-12 11:42:11 -   F1 Score: 0.611
2025-09-12 11:42:11 -   AUC: 0.755
2025-09-12 11:42:11 -   Correct/Total: 8/14
2025-09-12 11:42:11 -   Confusion Matrix Stats:
2025-09-12 11:42:11 -     TP: 5, TN: 4
2025-09-12 11:42:11 -     FP: 0, FN: 5
2025-09-12 11:42:11 - Subject: P3_sub-006
2025-09-12 11:42:11 -   Accuracy: 42.667%
2025-09-12 11:42:11 -   Precision: 0.366
2025-09-12 11:42:11 -   Recall: 0.314
2025-09-12 11:42:11 -   F1 Score: 0.337
2025-09-12 11:42:11 -   AUC: 0.496
2025-09-12 11:42:11 -   Correct/Total: 6/15
2025-09-12 11:42:11 -   Confusion Matrix Stats:
2025-09-12 11:42:11 -     TP: 2, TN: 4
2025-09-12 11:42:11 -     FP: 4, FN: 5
2025-09-12 11:42:11 - Subject: P3_sub-007
2025-09-12 11:42:11 -   Accuracy: 87.143%
2025-09-12 11:42:11 -   Precision: 0.808
2025-09-12 11:42:11 -   Recall: 1.000
2025-09-12 11:42:11 -   F1 Score: 0.891
2025-09-12 11:42:11 -   AUC: 0.988
2025-09-12 11:42:11 -   Correct/Total: 12/14
2025-09-12 11:42:11 -   Confusion Matrix Stats:
2025-09-12 11:42:11 -     TP: 7, TN: 5
2025-09-12 11:42:11 -     FP: 2, FN: 0
2025-09-12 11:42:11 - Subject: P3_sub-008
2025-09-12 11:42:11 -   Accuracy: 61.667%
2025-09-12 11:42:11 -   Precision: 0.927
2025-09-12 11:42:11 -   Recall: 0.533
2025-09-12 11:42:11 -   F1 Score: 0.674
2025-09-12 11:42:11 -   AUC: 0.793
2025-09-12 11:42:11 -   Correct/Total: 7/12
2025-09-12 11:42:11 -   Confusion Matrix Stats:
2025-09-12 11:42:11 -     TP: 5, TN: 3
2025-09-12 11:42:11 -     FP: 0, FN: 4
2025-09-12 11:42:11 - Subject: P3_sub-009
2025-09-12 11:42:11 -   Accuracy: 62.500%
2025-09-12 11:42:11 -   Precision: 0.753
2025-09-12 11:42:11 -   Recall: 0.467
2025-09-12 11:42:11 -   F1 Score: 0.568
2025-09-12 11:42:11 -   AUC: 0.756
2025-09-12 11:42:11 -   Correct/Total: 10/16
2025-09-12 11:42:11 -   Confusion Matrix Stats:
2025-09-12 11:42:11 -     TP: 4, TN: 6
2025-09-12 11:42:11 -     FP: 1, FN: 5
2025-09-12 11:42:11 - Subject: P3_sub-010
2025-09-12 11:42:11 -   Accuracy: 51.250%
2025-09-12 11:42:11 -   Precision: 0.416
2025-09-12 11:42:11 -   Recall: 0.371
2025-09-12 11:42:11 -   F1 Score: 0.388
2025-09-12 11:42:11 -   AUC: 0.543
2025-09-12 11:42:11 -   Correct/Total: 8/16
2025-09-12 11:42:11 -   Confusion Matrix Stats:
2025-09-12 11:42:11 -     TP: 3, TN: 6
2025-09-12 11:42:11 -     FP: 3, FN: 4
2025-09-12 11:42:11 - Subject: P3_sub-011
2025-09-12 11:42:11 -   Accuracy: 76.250%
2025-09-12 11:42:11 -   Precision: 0.751
2025-09-12 11:42:11 -   Recall: 0.800
2025-09-12 11:42:11 -   F1 Score: 0.769
2025-09-12 11:42:11 -   AUC: 0.816
2025-09-12 11:42:11 -   Correct/Total: 12/16
2025-09-12 11:42:11 -   Confusion Matrix Stats:
2025-09-12 11:42:11 -     TP: 6, TN: 6
2025-09-12 11:42:11 -     FP: 2, FN: 2
2025-09-12 11:42:11 - Subject: P3_sub-012
2025-09-12 11:42:11 -   Accuracy: 61.538%
2025-09-12 11:42:11 -   Precision: 0.511
2025-09-12 11:42:11 -   Recall: 0.800
2025-09-12 11:42:11 -   F1 Score: 0.620
2025-09-12 11:42:11 -   AUC: 0.755
2025-09-12 11:42:11 -   Correct/Total: 8/13
2025-09-12 11:42:11 -   Confusion Matrix Stats:
2025-09-12 11:42:11 -     TP: 4, TN: 4
2025-09-12 11:42:11 -     FP: 4, FN: 1
2025-09-12 11:42:11 - Subject: P3_sub-013
2025-09-12 11:42:11 -   Accuracy: 61.053%
2025-09-12 11:42:11 -   Precision: 0.651
2025-09-12 11:42:11 -   Recall: 0.691
2025-09-12 11:42:11 -   F1 Score: 0.669
2025-09-12 11:42:11 -   AUC: 0.602
2025-09-12 11:42:11 -   Correct/Total: 12/19
2025-09-12 11:42:11 -   Confusion Matrix Stats:
2025-09-12 11:42:11 -     TP: 8, TN: 4
2025-09-12 11:42:11 -     FP: 4, FN: 3
2025-09-12 11:42:11 - Subject: P3_sub-014
2025-09-12 11:42:11 -   Accuracy: 91.429%
2025-09-12 11:42:11 -   Precision: 0.931
2025-09-12 11:42:11 -   Recall: 0.925
2025-09-12 11:42:11 -   F1 Score: 0.923
2025-09-12 11:42:11 -   AUC: 0.975
2025-09-12 11:42:11 -   Correct/Total: 13/14
2025-09-12 11:42:11 -   Confusion Matrix Stats:
2025-09-12 11:42:11 -     TP: 7, TN: 5
2025-09-12 11:42:11 -     FP: 1, FN: 1
2025-09-12 11:42:11 - Subject: P3_sub-015
2025-09-12 11:42:11 -   Accuracy: 88.421%
2025-09-12 11:42:11 -   Precision: 0.840
2025-09-12 11:42:11 -   Recall: 0.900
2025-09-12 11:42:11 -   F1 Score: 0.866
2025-09-12 11:42:11 -   AUC: 0.984
2025-09-12 11:42:11 -   Correct/Total: 17/19
2025-09-12 11:42:11 -   Confusion Matrix Stats:
2025-09-12 11:42:11 -     TP: 7, TN: 10
2025-09-12 11:42:11 -     FP: 1, FN: 1
2025-09-12 11:42:11 - Subject: P3_sub-016
2025-09-12 11:42:11 -   Accuracy: 66.667%
2025-09-12 11:42:11 -   Precision: 0.620
2025-09-12 11:42:11 -   Recall: 0.743
2025-09-12 11:42:11 -   F1 Score: 0.675
2025-09-12 11:42:11 -   AUC: 0.839
2025-09-12 11:42:11 -   Correct/Total: 10/15
2025-09-12 11:42:11 -   Confusion Matrix Stats:
2025-09-12 11:42:11 -     TP: 5, TN: 5
2025-09-12 11:42:11 -     FP: 3, FN: 2
2025-09-12 11:42:11 - Subject: P3_sub-017
2025-09-12 11:42:11 -   Accuracy: 64.000%
2025-09-12 11:42:11 -   Precision: 0.577
2025-09-12 11:42:11 -   Recall: 0.525
2025-09-12 11:42:11 -   F1 Score: 0.542
2025-09-12 11:42:11 -   AUC: 0.654
2025-09-12 11:42:11 -   Correct/Total: 13/20
2025-09-12 11:42:11 -   Confusion Matrix Stats:
2025-09-12 11:42:11 -     TP: 4, TN: 9
2025-09-12 11:42:11 -     FP: 3, FN: 4
2025-09-12 11:42:11 - Subject: P3_sub-018
2025-09-12 11:42:11 -   Accuracy: 69.412%
2025-09-12 11:42:11 -   Precision: 0.655
2025-09-12 11:42:11 -   Recall: 0.571
2025-09-12 11:42:11 -   F1 Score: 0.608
2025-09-12 11:42:11 -   AUC: 0.783
2025-09-12 11:42:11 -   Correct/Total: 12/17
2025-09-12 11:42:11 -   Confusion Matrix Stats:
2025-09-12 11:42:11 -     TP: 4, TN: 8
2025-09-12 11:42:11 -     FP: 2, FN: 3
2025-09-12 11:42:11 - Subject: P3_sub-019
2025-09-12 11:42:11 -   Accuracy: 56.667%
2025-09-12 11:42:11 -   Precision: 0.240
2025-09-12 11:42:11 -   Recall: 0.400
2025-09-12 11:42:11 -   F1 Score: 0.294
2025-09-12 11:42:11 -   AUC: 0.541
2025-09-12 11:42:11 -   Correct/Total: 7/12
2025-09-12 11:42:11 -   Confusion Matrix Stats:
2025-09-12 11:42:11 -     TP: 1, TN: 6
2025-09-12 11:42:11 -     FP: 3, FN: 2
2025-09-12 11:42:11 - Subject: P3_sub-020
2025-09-12 11:42:11 -   Accuracy: 63.529%
2025-09-12 11:42:11 -   Precision: 0.623
2025-09-12 11:42:11 -   Recall: 0.600
2025-09-12 11:42:11 -   F1 Score: 0.605
2025-09-12 11:42:11 -   AUC: 0.692
2025-09-12 11:42:11 -   Correct/Total: 11/17
2025-09-12 11:42:11 -   Confusion Matrix Stats:
2025-09-12 11:42:11 -     TP: 5, TN: 6
2025-09-12 11:42:11 -     FP: 3, FN: 3
2025-09-12 11:42:11 - Subject: P3_sub-021
2025-09-12 11:42:11 -   Accuracy: 61.429%
2025-09-12 11:42:11 -   Precision: 0.413
2025-09-12 11:42:11 -   Recall: 0.850
2025-09-12 11:42:11 -   F1 Score: 0.555
2025-09-12 11:42:11 -   AUC: 0.775
2025-09-12 11:42:11 -   Correct/Total: 9/14
2025-09-12 11:42:11 -   Confusion Matrix Stats:
2025-09-12 11:42:11 -     TP: 3, TN: 5
2025-09-12 11:42:11 -     FP: 5, FN: 1
2025-09-12 11:42:11 - Subject: P3_sub-022
2025-09-12 11:42:11 -   Accuracy: 60.000%
2025-09-12 11:42:11 -   Precision: 0.551
2025-09-12 11:42:11 -   Recall: 0.867
2025-09-12 11:42:11 -   F1 Score: 0.673
2025-09-12 11:42:11 -   AUC: 0.700
2025-09-12 11:42:11 -   Correct/Total: 11/19
2025-09-12 11:42:11 -   Confusion Matrix Stats:
2025-09-12 11:42:11 -     TP: 8, TN: 4
2025-09-12 11:42:11 -     FP: 6, FN: 1
2025-09-12 11:42:11 - Subject: P3_sub-023
2025-09-12 11:42:11 -   Accuracy: 71.579%
2025-09-12 11:42:11 -   Precision: 0.868
2025-09-12 11:42:11 -   Recall: 0.650
2025-09-12 11:42:11 -   F1 Score: 0.743
2025-09-12 11:42:11 -   AUC: 0.788
2025-09-12 11:42:11 -   Correct/Total: 14/19
2025-09-12 11:42:11 -   Confusion Matrix Stats:
2025-09-12 11:42:11 -     TP: 8, TN: 6
2025-09-12 11:42:11 -     FP: 1, FN: 4
2025-09-12 11:42:11 - Subject: P3_sub-024
2025-09-12 11:42:11 -   Accuracy: 68.750%
2025-09-12 11:42:11 -   Precision: 0.620
2025-09-12 11:42:11 -   Recall: 0.975
2025-09-12 11:42:11 -   F1 Score: 0.757
2025-09-12 11:42:11 -   AUC: 0.891
2025-09-12 11:42:11 -   Correct/Total: 11/16
2025-09-12 11:42:11 -   Confusion Matrix Stats:
2025-09-12 11:42:11 -     TP: 8, TN: 3
2025-09-12 11:42:11 -     FP: 5, FN: 0
2025-09-12 11:42:11 - Subject: P3_sub-025
2025-09-12 11:42:11 -   Accuracy: 91.111%
2025-09-12 11:42:11 -   Precision: 1.000
2025-09-12 11:42:11 -   Recall: 0.840
2025-09-12 11:42:11 -   F1 Score: 0.906
2025-09-12 11:42:11 -   AUC: 0.990
2025-09-12 11:42:11 -   Correct/Total: 8/9
2025-09-12 11:42:11 -   Confusion Matrix Stats:
2025-09-12 11:42:11 -     TP: 4, TN: 4
2025-09-12 11:42:11 -     FP: 0, FN: 1
2025-09-12 11:42:11 - Subject: P3_sub-026
2025-09-12 11:42:11 -   Accuracy: 68.889%
2025-09-12 11:42:11 -   Precision: 0.617
2025-09-12 11:42:11 -   Recall: 0.850
2025-09-12 11:42:11 -   F1 Score: 0.710
2025-09-12 11:42:11 -   AUC: 0.775
2025-09-12 11:42:11 -   Correct/Total: 12/18
2025-09-12 11:42:11 -   Confusion Matrix Stats:
2025-09-12 11:42:11 -     TP: 7, TN: 6
2025-09-12 11:42:11 -     FP: 4, FN: 1
2025-09-12 11:42:11 - Subject: P3_sub-027
2025-09-12 11:42:11 -   Accuracy: 48.571%
2025-09-12 11:42:11 -   Precision: 0.727
2025-09-12 11:42:11 -   Recall: 0.311
2025-09-12 11:42:11 -   F1 Score: 0.432
2025-09-12 11:42:11 -   AUC: 0.653
2025-09-12 11:42:11 -   Correct/Total: 7/14
2025-09-12 11:42:11 -   Confusion Matrix Stats:
2025-09-12 11:42:11 -     TP: 3, TN: 4
2025-09-12 11:42:11 -     FP: 1, FN: 6
2025-09-12 11:42:11 - Subject: P3_sub-028
2025-09-12 11:42:11 -   Accuracy: 66.667%
2025-09-12 11:42:11 -   Precision: 0.938
2025-09-12 11:42:11 -   Recall: 0.489
2025-09-12 11:42:11 -   F1 Score: 0.629
2025-09-12 11:42:11 -   AUC: 0.844
2025-09-12 11:42:11 -   Correct/Total: 10/15
2025-09-12 11:42:11 -   Confusion Matrix Stats:
2025-09-12 11:42:11 -     TP: 4, TN: 6
2025-09-12 11:42:11 -     FP: 0, FN: 5
2025-09-12 11:42:11 - Subject: P3_sub-029
2025-09-12 11:42:11 -   Accuracy: 65.714%
2025-09-12 11:42:11 -   Precision: 0.534
2025-09-12 11:42:11 -   Recall: 0.875
2025-09-12 11:42:11 -   F1 Score: 0.662
2025-09-12 11:42:11 -   AUC: 0.825
2025-09-12 11:42:11 -   Correct/Total: 14/21
2025-09-12 11:42:11 -   Confusion Matrix Stats:
2025-09-12 11:42:11 -     TP: 7, TN: 7
2025-09-12 11:42:11 -     FP: 6, FN: 1
2025-09-12 11:42:11 - Subject: P3_sub-030
2025-09-12 11:42:11 -   Accuracy: 49.333%
2025-09-12 11:42:11 -   Precision: 0.484
2025-09-12 11:42:11 -   Recall: 0.886
2025-09-12 11:42:11 -   F1 Score: 0.623
2025-09-12 11:42:11 -   AUC: 0.429
2025-09-12 11:42:11 -   Correct/Total: 7/15
2025-09-12 11:42:11 -   Confusion Matrix Stats:
2025-09-12 11:42:11 -     TP: 6, TN: 1
2025-09-12 11:42:11 -     FP: 7, FN: 1
2025-09-12 11:42:11 - Subject: P3_sub-031
2025-09-12 11:42:11 -   Accuracy: 57.333%
2025-09-12 11:42:11 -   Precision: 0.471
2025-09-12 11:42:11 -   Recall: 0.500
2025-09-12 11:42:11 -   F1 Score: 0.481
2025-09-12 11:42:11 -   AUC: 0.611
2025-09-12 11:42:11 -   Correct/Total: 9/15
2025-09-12 11:42:11 -   Confusion Matrix Stats:
2025-09-12 11:42:11 -     TP: 3, TN: 6
2025-09-12 11:42:11 -     FP: 3, FN: 3
2025-09-12 11:42:11 - Subject: P3_sub-032
2025-09-12 11:42:11 -   Accuracy: 74.286%
2025-09-12 11:42:11 -   Precision: 0.756
2025-09-12 11:42:11 -   Recall: 0.743
2025-09-12 11:42:11 -   F1 Score: 0.742
2025-09-12 11:42:11 -   AUC: 0.869
2025-09-12 11:42:11 -   Correct/Total: 10/14
2025-09-12 11:42:11 -   Confusion Matrix Stats:
2025-09-12 11:42:11 -     TP: 5, TN: 5
2025-09-12 11:42:11 -     FP: 2, FN: 2
2025-09-12 11:42:11 - Subject: P3_sub-033
2025-09-12 11:42:11 -   Accuracy: 41.250%
2025-09-12 11:42:11 -   Precision: 0.519
2025-09-12 11:42:11 -   Recall: 0.560
2025-09-12 11:42:11 -   F1 Score: 0.536
2025-09-12 11:42:11 -   AUC: 0.363
2025-09-12 11:42:11 -   Correct/Total: 7/16
2025-09-12 11:42:11 -   Confusion Matrix Stats:
2025-09-12 11:42:11 -     TP: 6, TN: 1
2025-09-12 11:42:11 -     FP: 5, FN: 4
2025-09-12 11:42:11 - Subject: P3_sub-034
2025-09-12 11:42:11 -   Accuracy: 74.286%
2025-09-12 11:42:11 -   Precision: 0.810
2025-09-12 11:42:11 -   Recall: 0.725
2025-09-12 11:42:11 -   F1 Score: 0.763
2025-09-12 11:42:11 -   AUC: 0.875
2025-09-12 11:42:11 -   Correct/Total: 10/14
2025-09-12 11:42:11 -   Confusion Matrix Stats:
2025-09-12 11:42:11 -     TP: 6, TN: 5
2025-09-12 11:42:11 -     FP: 1, FN: 2
2025-09-12 11:42:11 - Subject: P3_sub-035
2025-09-12 11:42:11 -   Accuracy: 55.714%
2025-09-12 11:42:11 -   Precision: 0.491
2025-09-12 11:42:11 -   Recall: 0.733
2025-09-12 11:42:11 -   F1 Score: 0.588
2025-09-12 11:42:11 -   AUC: 0.608
2025-09-12 11:42:11 -   Correct/Total: 8/14
2025-09-12 11:42:11 -   Confusion Matrix Stats:
2025-09-12 11:42:11 -     TP: 4, TN: 3
2025-09-12 11:42:11 -     FP: 5, FN: 2
2025-09-12 11:42:11 - Subject: P3_sub-036
2025-09-12 11:42:11 -   Accuracy: 60.000%
2025-09-12 11:42:11 -   Precision: 0.600
2025-09-12 11:42:11 -   Recall: 0.440
2025-09-12 11:42:11 -   F1 Score: 0.485
2025-09-12 11:42:11 -   AUC: 0.589
2025-09-12 11:42:11 -   Correct/Total: 7/12
2025-09-12 11:42:11 -   Confusion Matrix Stats:
2025-09-12 11:42:11 -     TP: 2, TN: 5
2025-09-12 11:42:11 -     FP: 2, FN: 3
2025-09-12 11:42:11 - Subject: P3_sub-037
2025-09-12 11:42:11 -   Accuracy: 71.429%
2025-09-12 11:42:11 -   Precision: 0.713
2025-09-12 11:42:11 -   Recall: 0.567
2025-09-12 11:42:11 -   F1 Score: 0.628
2025-09-12 11:42:11 -   AUC: 0.858
2025-09-12 11:42:11 -   Correct/Total: 10/14
2025-09-12 11:42:11 -   Confusion Matrix Stats:
2025-09-12 11:42:11 -     TP: 3, TN: 7
2025-09-12 11:42:11 -     FP: 1, FN: 3
2025-09-12 11:42:11 - Subject: P3_sub-038
2025-09-12 11:42:11 -   Accuracy: 83.333%
2025-09-12 11:42:11 -   Precision: 0.896
2025-09-12 11:42:11 -   Recall: 0.850
2025-09-12 11:42:11 -   F1 Score: 0.872
2025-09-12 11:42:11 -   AUC: 0.912
2025-09-12 11:42:11 -   Correct/Total: 10/12
2025-09-12 11:42:11 -   Confusion Matrix Stats:
2025-09-12 11:42:11 -     TP: 7, TN: 3
2025-09-12 11:42:11 -     FP: 1, FN: 1
2025-09-12 11:42:11 - Subject: P3_sub-039
2025-09-12 11:42:11 -   Accuracy: 58.889%
2025-09-12 11:42:11 -   Precision: 0.618
2025-09-12 11:42:11 -   Recall: 0.700
2025-09-12 11:42:11 -   F1 Score: 0.654
2025-09-12 11:42:11 -   AUC: 0.680
2025-09-12 11:42:11 -   Correct/Total: 11/18
2025-09-12 11:42:11 -   Confusion Matrix Stats:
2025-09-12 11:42:11 -     TP: 7, TN: 4
2025-09-12 11:42:11 -     FP: 4, FN: 3
2025-09-12 11:42:11 - Subject: P3_sub-040
2025-09-12 11:42:11 -   Accuracy: 65.714%
2025-09-12 11:42:11 -   Precision: 0.677
2025-09-12 11:42:11 -   Recall: 0.775
2025-09-12 11:42:11 -   F1 Score: 0.721
2025-09-12 11:42:11 -   AUC: 0.788
2025-09-12 11:42:11 -   Correct/Total: 9/14
2025-09-12 11:42:11 -   Confusion Matrix Stats:
2025-09-12 11:42:11 -     TP: 6, TN: 3
2025-09-12 11:42:11 -     FP: 3, FN: 2
2025-09-12 11:42:11 - 
Combined Model (All Subjects) Statistics:
2025-09-12 11:42:11 - Mean Accuracy: 0.715
2025-09-12 11:42:11 - 95% Confidence Interval: [0.688, 0.742]
2025-09-12 11:42:11 - Best Subject: P3_sub-014 (0.914)
2025-09-12 11:42:11 - Worst Subject: P3_sub-033 (0.412)
2025-09-12 11:42:11 - Mean Precision: 0.726
2025-09-12 11:42:11 - Mean Recall: 0.723
2025-09-12 11:42:11 - Mean F1-Score: 0.725
2025-09-12 11:42:11 - Mean AUC: 0.807
2025-09-12 11:42:11 - Mean Confusion Matrix:
2025-09-12 11:42:11 -   TP: 6, TN: 6
2025-09-12 11:42:11 -   FP: 2, FN: 2
2025-09-12 11:42:11 - 
Combined Model – P3 Subjects Statistics:
2025-09-12 11:42:11 - Mean Accuracy: 0.665
2025-09-12 11:42:11 - 95% Confidence Interval: [0.626, 0.705]
2025-09-12 11:42:11 - Best Subject: P3_sub-014 (0.914)
2025-09-12 11:42:11 - Worst Subject: P3_sub-033 (0.412)
2025-09-12 11:42:11 - Mean Precision: 0.655
2025-09-12 11:42:11 - Mean Recall: 0.683
2025-09-12 11:42:11 - Mean F1-Score: 0.669
2025-09-12 11:42:11 - Mean AUC: 0.757
2025-09-12 11:42:11 - Mean Confusion Matrix:
2025-09-12 11:42:11 -   TP: 5, TN: 5
2025-09-12 11:42:11 -   FP: 3, FN: 2
2025-09-12 11:42:11 - 
Combined Model – AVO Subjects Statistics:
2025-09-12 11:42:11 - Mean Accuracy: 0.764
2025-09-12 11:42:11 - 95% Confidence Interval: [0.733, 0.796]
2025-09-12 11:42:11 - Best Subject: AVO_005 (0.914)
2025-09-12 11:42:11 - Worst Subject: AVO_024 (0.562)
2025-09-12 11:42:11 - Mean Precision: 0.798
2025-09-12 11:42:11 - Mean Recall: 0.761
2025-09-12 11:42:11 - Mean F1-Score: 0.779
2025-09-12 11:42:11 - Mean AUC: 0.858
2025-09-12 11:42:11 - Mean Confusion Matrix:
2025-09-12 11:42:11 -   TP: 6, TN: 6
2025-09-12 11:42:11 -   FP: 2, FN: 2
