2025-09-19 22:02:28 - 
Experiment Configuration:
2025-09-19 22:02:28 - --------------------------------------------------
2025-09-19 22:02:28 - dataset: use_combined_datasets
2025-09-19 22:02:28 - use_combined_datasets: True
2025-09-19 22:02:28 - electrode_list: common
2025-09-19 22:02:28 - classifier: SepConv1DLite
2025-09-19 22:02:28 - separate_subject_classification: False
2025-09-19 22:02:28 - use_subject_layer: False
2025-09-19 22:02:28 - seeds: [42]
2025-09-19 22:02:28 - electrode_fusion_method: none
2025-09-19 22:02:28 - domain_adaptation_method: none
2025-09-19 22:02:28 - enable_comprehensive_evaluation: True
2025-09-19 22:02:28 - enable_domain_analysis: True
2025-09-19 22:02:28 - enable_small_sample_analysis: False
2025-09-19 22:02:28 - small_sample_sizes: [5, 10, 15, 20]
2025-09-19 22:02:28 - small_sample_subjects: [5, 10, 15]
2025-09-19 22:02:28 - --------------------------------------------------
2025-09-19 22:02:28 - 
==================================================
2025-09-19 22:02:28 - Processing Combined P3 and AVO Datasets
2025-09-19 22:02:28 - ==================================================
2025-09-19 22:02:28 - 使用传统方法（无融合）
2025-09-19 22:03:27 - 
==================================================
2025-09-19 22:03:27 - Individual Subject Results - Combined Model
2025-09-19 22:03:27 - ==================================================
2025-09-19 22:03:27 - Subject: AVO_001
2025-09-19 22:03:27 -   Accuracy: 75.000%
2025-09-19 22:03:27 -   Precision: 1.000
2025-09-19 22:03:27 -   Recall: 0.500
2025-09-19 22:03:27 -   F1 Score: 0.667
2025-09-19 22:03:27 -   AUC: 0.972
2025-09-19 22:03:27 -   Correct/Total: 9/12
2025-09-19 22:03:27 -   Confusion Matrix Stats:
2025-09-19 22:03:27 -     TP: 3, TN: 6
2025-09-19 22:03:27 -     FP: 0, FN: 3
2025-09-19 22:03:27 - Subject: AVO_002
2025-09-19 22:03:27 -   Accuracy: 58.333%
2025-09-19 22:03:27 -   Precision: 0.714
2025-09-19 22:03:27 -   Recall: 0.625
2025-09-19 22:03:27 -   F1 Score: 0.667
2025-09-19 22:03:27 -   AUC: 0.688
2025-09-19 22:03:27 -   Correct/Total: 7/12
2025-09-19 22:03:27 -   Confusion Matrix Stats:
2025-09-19 22:03:27 -     TP: 5, TN: 2
2025-09-19 22:03:27 -     FP: 2, FN: 3
2025-09-19 22:03:27 - Subject: AVO_003
2025-09-19 22:03:27 -   Accuracy: 78.571%
2025-09-19 22:03:27 -   Precision: 0.900
2025-09-19 22:03:27 -   Recall: 0.818
2025-09-19 22:03:27 -   F1 Score: 0.857
2025-09-19 22:03:27 -   AUC: 0.848
2025-09-19 22:03:27 -   Correct/Total: 11/14
2025-09-19 22:03:27 -   Confusion Matrix Stats:
2025-09-19 22:03:27 -     TP: 9, TN: 2
2025-09-19 22:03:27 -     FP: 1, FN: 2
2025-09-19 22:03:27 - Subject: AVO_004
2025-09-19 22:03:27 -   Accuracy: 60.000%
2025-09-19 22:03:27 -   Precision: 0.000
2025-09-19 22:03:27 -   Recall: 0.000
2025-09-19 22:03:27 -   F1 Score: 0.000
2025-09-19 22:03:27 -   AUC: 0.111
2025-09-19 22:03:27 -   Correct/Total: 6/10
2025-09-19 22:03:27 -   Confusion Matrix Stats:
2025-09-19 22:03:27 -     TP: 0, TN: 6
2025-09-19 22:03:27 -     FP: 3, FN: 1
2025-09-19 22:03:27 - Subject: AVO_005
2025-09-19 22:03:27 -   Accuracy: 72.727%
2025-09-19 22:03:27 -   Precision: 0.667
2025-09-19 22:03:27 -   Recall: 0.800
2025-09-19 22:03:27 -   F1 Score: 0.727
2025-09-19 22:03:27 -   AUC: 0.633
2025-09-19 22:03:27 -   Correct/Total: 8/11
2025-09-19 22:03:27 -   Confusion Matrix Stats:
2025-09-19 22:03:27 -     TP: 4, TN: 4
2025-09-19 22:03:27 -     FP: 2, FN: 1
2025-09-19 22:03:27 - Subject: AVO_006
2025-09-19 22:03:27 -   Accuracy: 85.714%
2025-09-19 22:03:27 -   Precision: 0.750
2025-09-19 22:03:27 -   Recall: 1.000
2025-09-19 22:03:27 -   F1 Score: 0.857
2025-09-19 22:03:27 -   AUC: 1.000
2025-09-19 22:03:27 -   Correct/Total: 6/7
2025-09-19 22:03:27 -   Confusion Matrix Stats:
2025-09-19 22:03:27 -     TP: 3, TN: 3
2025-09-19 22:03:27 -     FP: 1, FN: 0
2025-09-19 22:03:27 - Subject: AVO_007
2025-09-19 22:03:27 -   Accuracy: 50.000%
2025-09-19 22:03:27 -   Precision: 0.250
2025-09-19 22:03:27 -   Recall: 1.000
2025-09-19 22:03:27 -   F1 Score: 0.400
2025-09-19 22:03:27 -   AUC: 0.400
2025-09-19 22:03:27 -   Correct/Total: 3/6
2025-09-19 22:03:27 -   Confusion Matrix Stats:
2025-09-19 22:03:27 -     TP: 1, TN: 2
2025-09-19 22:03:27 -     FP: 3, FN: 0
2025-09-19 22:03:27 - Subject: AVO_008
2025-09-19 22:03:27 -   Accuracy: 62.500%
2025-09-19 22:03:27 -   Precision: 0.667
2025-09-19 22:03:27 -   Recall: 0.500
2025-09-19 22:03:27 -   F1 Score: 0.571
2025-09-19 22:03:27 -   AUC: 0.812
2025-09-19 22:03:27 -   Correct/Total: 5/8
2025-09-19 22:03:27 -   Confusion Matrix Stats:
2025-09-19 22:03:27 -     TP: 2, TN: 3
2025-09-19 22:03:27 -     FP: 1, FN: 2
2025-09-19 22:03:27 - Subject: AVO_009
2025-09-19 22:03:27 -   Accuracy: 80.000%
2025-09-19 22:03:27 -   Precision: 0.667
2025-09-19 22:03:27 -   Recall: 1.000
2025-09-19 22:03:27 -   F1 Score: 0.800
2025-09-19 22:03:27 -   AUC: 1.000
2025-09-19 22:03:27 -   Correct/Total: 8/10
2025-09-19 22:03:27 -   Confusion Matrix Stats:
2025-09-19 22:03:27 -     TP: 4, TN: 4
2025-09-19 22:03:27 -     FP: 2, FN: 0
2025-09-19 22:03:27 - Subject: AVO_010
2025-09-19 22:03:27 -   Accuracy: 58.333%
2025-09-19 22:03:27 -   Precision: 0.667
2025-09-19 22:03:27 -   Recall: 0.571
2025-09-19 22:03:27 -   F1 Score: 0.615
2025-09-19 22:03:27 -   AUC: 0.743
2025-09-19 22:03:27 -   Correct/Total: 7/12
2025-09-19 22:03:27 -   Confusion Matrix Stats:
2025-09-19 22:03:27 -     TP: 4, TN: 3
2025-09-19 22:03:27 -     FP: 2, FN: 3
2025-09-19 22:03:27 - Subject: AVO_011
2025-09-19 22:03:27 -   Accuracy: 50.000%
2025-09-19 22:03:27 -   Precision: 0.400
2025-09-19 22:03:27 -   Recall: 1.000
2025-09-19 22:03:27 -   F1 Score: 0.571
2025-09-19 22:03:27 -   AUC: 1.000
2025-09-19 22:03:27 -   Correct/Total: 3/6
2025-09-19 22:03:27 -   Confusion Matrix Stats:
2025-09-19 22:03:27 -     TP: 2, TN: 1
2025-09-19 22:03:27 -     FP: 3, FN: 0
2025-09-19 22:03:27 - Subject: AVO_012
2025-09-19 22:03:27 -   Accuracy: 80.000%
2025-09-19 22:03:27 -   Precision: 0.778
2025-09-19 22:03:27 -   Recall: 1.000
2025-09-19 22:03:27 -   F1 Score: 0.875
2025-09-19 22:03:27 -   AUC: 0.905
2025-09-19 22:03:27 -   Correct/Total: 8/10
2025-09-19 22:03:27 -   Confusion Matrix Stats:
2025-09-19 22:03:27 -     TP: 7, TN: 1
2025-09-19 22:03:27 -     FP: 2, FN: 0
2025-09-19 22:03:27 - Subject: AVO_013
2025-09-19 22:03:27 -   Accuracy: 72.727%
2025-09-19 22:03:27 -   Precision: 0.667
2025-09-19 22:03:27 -   Recall: 0.800
2025-09-19 22:03:27 -   F1 Score: 0.727
2025-09-19 22:03:27 -   AUC: 0.733
2025-09-19 22:03:27 -   Correct/Total: 8/11
2025-09-19 22:03:27 -   Confusion Matrix Stats:
2025-09-19 22:03:27 -     TP: 4, TN: 4
2025-09-19 22:03:27 -     FP: 2, FN: 1
2025-09-19 22:03:27 - Subject: AVO_014
2025-09-19 22:03:27 -   Accuracy: 36.364%
2025-09-19 22:03:27 -   Precision: 0.333
2025-09-19 22:03:27 -   Recall: 0.400
2025-09-19 22:03:27 -   F1 Score: 0.364
2025-09-19 22:03:27 -   AUC: 0.433
2025-09-19 22:03:27 -   Correct/Total: 4/11
2025-09-19 22:03:27 -   Confusion Matrix Stats:
2025-09-19 22:03:27 -     TP: 2, TN: 2
2025-09-19 22:03:27 -     FP: 4, FN: 3
2025-09-19 22:03:27 - Subject: AVO_015
2025-09-19 22:03:27 -   Accuracy: 75.000%
2025-09-19 22:03:27 -   Precision: 0.667
2025-09-19 22:03:27 -   Recall: 1.000
2025-09-19 22:03:27 -   F1 Score: 0.800
2025-09-19 22:03:27 -   AUC: 0.750
2025-09-19 22:03:27 -   Correct/Total: 6/8
2025-09-19 22:03:27 -   Confusion Matrix Stats:
2025-09-19 22:03:27 -     TP: 4, TN: 2
2025-09-19 22:03:27 -     FP: 2, FN: 0
2025-09-19 22:03:27 - Subject: AVO_016
2025-09-19 22:03:27 -   Accuracy: 61.538%
2025-09-19 22:03:27 -   Precision: 0.400
2025-09-19 22:03:27 -   Recall: 0.500
2025-09-19 22:03:27 -   F1 Score: 0.444
2025-09-19 22:03:27 -   AUC: 0.583
2025-09-19 22:03:27 -   Correct/Total: 8/13
2025-09-19 22:03:27 -   Confusion Matrix Stats:
2025-09-19 22:03:27 -     TP: 2, TN: 6
2025-09-19 22:03:27 -     FP: 3, FN: 2
2025-09-19 22:03:27 - Subject: AVO_017
2025-09-19 22:03:27 -   Accuracy: 84.615%
2025-09-19 22:03:27 -   Precision: 0.875
2025-09-19 22:03:27 -   Recall: 0.875
2025-09-19 22:03:27 -   F1 Score: 0.875
2025-09-19 22:03:27 -   AUC: 0.975
2025-09-19 22:03:27 -   Correct/Total: 11/13
2025-09-19 22:03:27 -   Confusion Matrix Stats:
2025-09-19 22:03:27 -     TP: 7, TN: 4
2025-09-19 22:03:27 -     FP: 1, FN: 1
2025-09-19 22:03:27 - Subject: AVO_018
2025-09-19 22:03:27 -   Accuracy: 66.667%
2025-09-19 22:03:27 -   Precision: 1.000
2025-09-19 22:03:27 -   Recall: 0.500
2025-09-19 22:03:27 -   F1 Score: 0.667
2025-09-19 22:03:27 -   AUC: 1.000
2025-09-19 22:03:27 -   Correct/Total: 2/3
2025-09-19 22:03:27 -   Confusion Matrix Stats:
2025-09-19 22:03:27 -     TP: 1, TN: 1
2025-09-19 22:03:27 -     FP: 0, FN: 1
2025-09-19 22:03:27 - Subject: AVO_019
2025-09-19 22:03:27 -   Accuracy: 42.857%
2025-09-19 22:03:27 -   Precision: 0.333
2025-09-19 22:03:27 -   Recall: 0.333
2025-09-19 22:03:27 -   F1 Score: 0.333
2025-09-19 22:03:27 -   AUC: 0.583
2025-09-19 22:03:27 -   Correct/Total: 3/7
2025-09-19 22:03:27 -   Confusion Matrix Stats:
2025-09-19 22:03:27 -     TP: 1, TN: 2
2025-09-19 22:03:27 -     FP: 2, FN: 2
2025-09-19 22:03:27 - Subject: AVO_020
2025-09-19 22:03:27 -   Accuracy: 83.333%
2025-09-19 22:03:27 -   Precision: 0.833
2025-09-19 22:03:27 -   Recall: 0.833
2025-09-19 22:03:27 -   F1 Score: 0.833
2025-09-19 22:03:27 -   AUC: 0.972
2025-09-19 22:03:27 -   Correct/Total: 10/12
2025-09-19 22:03:27 -   Confusion Matrix Stats:
2025-09-19 22:03:27 -     TP: 5, TN: 5
2025-09-19 22:03:27 -     FP: 1, FN: 1
2025-09-19 22:03:27 - Subject: AVO_021
2025-09-19 22:03:27 -   Accuracy: 68.750%
2025-09-19 22:03:27 -   Precision: 0.750
2025-09-19 22:03:27 -   Recall: 0.667
2025-09-19 22:03:27 -   F1 Score: 0.706
2025-09-19 22:03:27 -   AUC: 0.714
2025-09-19 22:03:27 -   Correct/Total: 11/16
2025-09-19 22:03:27 -   Confusion Matrix Stats:
2025-09-19 22:03:27 -     TP: 6, TN: 5
2025-09-19 22:03:27 -     FP: 2, FN: 3
2025-09-19 22:03:27 - Subject: AVO_022
2025-09-19 22:03:27 -   Accuracy: 61.538%
2025-09-19 22:03:27 -   Precision: 0.615
2025-09-19 22:03:27 -   Recall: 1.000
2025-09-19 22:03:27 -   F1 Score: 0.762
2025-09-19 22:03:27 -   AUC: 0.775
2025-09-19 22:03:27 -   Correct/Total: 8/13
2025-09-19 22:03:27 -   Confusion Matrix Stats:
2025-09-19 22:03:27 -     TP: 8, TN: 0
2025-09-19 22:03:27 -     FP: 5, FN: 0
2025-09-19 22:03:27 - Subject: AVO_023
2025-09-19 22:03:27 -   Accuracy: 75.000%
2025-09-19 22:03:27 -   Precision: 0.600
2025-09-19 22:03:27 -   Recall: 1.000
2025-09-19 22:03:27 -   F1 Score: 0.750
2025-09-19 22:03:27 -   AUC: 1.000
2025-09-19 22:03:27 -   Correct/Total: 6/8
2025-09-19 22:03:27 -   Confusion Matrix Stats:
2025-09-19 22:03:27 -     TP: 3, TN: 3
2025-09-19 22:03:27 -     FP: 2, FN: 0
2025-09-19 22:03:27 - Subject: AVO_024
2025-09-19 22:03:27 -   Accuracy: 68.750%
2025-09-19 22:03:27 -   Precision: 0.545
2025-09-19 22:03:27 -   Recall: 1.000
2025-09-19 22:03:27 -   F1 Score: 0.706
2025-09-19 22:03:27 -   AUC: 0.800
2025-09-19 22:03:27 -   Correct/Total: 11/16
2025-09-19 22:03:27 -   Confusion Matrix Stats:
2025-09-19 22:03:27 -     TP: 6, TN: 5
2025-09-19 22:03:27 -     FP: 5, FN: 0
2025-09-19 22:03:27 - Subject: AVO_025
2025-09-19 22:03:27 -   Accuracy: 40.000%
2025-09-19 22:03:27 -   Precision: 0.500
2025-09-19 22:03:27 -   Recall: 0.333
2025-09-19 22:03:27 -   F1 Score: 0.400
2025-09-19 22:03:27 -   AUC: 0.333
2025-09-19 22:03:27 -   Correct/Total: 2/5
2025-09-19 22:03:27 -   Confusion Matrix Stats:
2025-09-19 22:03:27 -     TP: 1, TN: 1
2025-09-19 22:03:27 -     FP: 1, FN: 2
2025-09-19 22:03:27 - Subject: AVO_026
2025-09-19 22:03:27 -   Accuracy: 71.429%
2025-09-19 22:03:27 -   Precision: 0.833
2025-09-19 22:03:27 -   Recall: 0.625
2025-09-19 22:03:27 -   F1 Score: 0.714
2025-09-19 22:03:27 -   AUC: 0.833
2025-09-19 22:03:27 -   Correct/Total: 10/14
2025-09-19 22:03:27 -   Confusion Matrix Stats:
2025-09-19 22:03:27 -     TP: 5, TN: 5
2025-09-19 22:03:27 -     FP: 1, FN: 3
2025-09-19 22:03:27 - Subject: AVO_027
2025-09-19 22:03:27 -   Accuracy: 90.000%
2025-09-19 22:03:27 -   Precision: 1.000
2025-09-19 22:03:27 -   Recall: 0.833
2025-09-19 22:03:27 -   F1 Score: 0.909
2025-09-19 22:03:27 -   AUC: 1.000
2025-09-19 22:03:27 -   Correct/Total: 9/10
2025-09-19 22:03:27 -   Confusion Matrix Stats:
2025-09-19 22:03:27 -     TP: 5, TN: 4
2025-09-19 22:03:27 -     FP: 0, FN: 1
2025-09-19 22:03:27 - Subject: AVO_028
2025-09-19 22:03:27 -   Accuracy: 100.000%
2025-09-19 22:03:27 -   Precision: 1.000
2025-09-19 22:03:27 -   Recall: 1.000
2025-09-19 22:03:27 -   F1 Score: 1.000
2025-09-19 22:03:27 -   AUC: 1.000
2025-09-19 22:03:27 -   Correct/Total: 7/7
2025-09-19 22:03:27 -   Confusion Matrix Stats:
2025-09-19 22:03:27 -     TP: 3, TN: 4
2025-09-19 22:03:27 -     FP: 0, FN: 0
2025-09-19 22:03:27 - Subject: AVO_029
2025-09-19 22:03:27 -   Accuracy: 57.143%
2025-09-19 22:03:27 -   Precision: 0.500
2025-09-19 22:03:27 -   Recall: 0.667
2025-09-19 22:03:27 -   F1 Score: 0.571
2025-09-19 22:03:27 -   AUC: 0.667
2025-09-19 22:03:27 -   Correct/Total: 4/7
2025-09-19 22:03:27 -   Confusion Matrix Stats:
2025-09-19 22:03:27 -     TP: 2, TN: 2
2025-09-19 22:03:27 -     FP: 2, FN: 1
2025-09-19 22:03:27 - Subject: AVO_030
2025-09-19 22:03:27 -   Accuracy: 66.667%
2025-09-19 22:03:27 -   Precision: 1.000
2025-09-19 22:03:27 -   Recall: 0.500
2025-09-19 22:03:27 -   F1 Score: 0.667
2025-09-19 22:03:27 -   AUC: 0.778
2025-09-19 22:03:27 -   Correct/Total: 6/9
2025-09-19 22:03:27 -   Confusion Matrix Stats:
2025-09-19 22:03:27 -     TP: 3, TN: 3
2025-09-19 22:03:27 -     FP: 0, FN: 3
2025-09-19 22:03:27 - Subject: AVO_031
2025-09-19 22:03:27 -   Accuracy: 42.857%
2025-09-19 22:03:27 -   Precision: 0.500
2025-09-19 22:03:27 -   Recall: 0.250
2025-09-19 22:03:27 -   F1 Score: 0.333
2025-09-19 22:03:27 -   AUC: 0.500
2025-09-19 22:03:27 -   Correct/Total: 3/7
2025-09-19 22:03:27 -   Confusion Matrix Stats:
2025-09-19 22:03:27 -     TP: 1, TN: 2
2025-09-19 22:03:27 -     FP: 1, FN: 3
2025-09-19 22:03:27 - Subject: AVO_032
2025-09-19 22:03:27 -   Accuracy: 100.000%
2025-09-19 22:03:27 -   Precision: 1.000
2025-09-19 22:03:27 -   Recall: 1.000
2025-09-19 22:03:27 -   F1 Score: 1.000
2025-09-19 22:03:27 -   AUC: 1.000
2025-09-19 22:03:27 -   Correct/Total: 16/16
2025-09-19 22:03:27 -   Confusion Matrix Stats:
2025-09-19 22:03:27 -     TP: 7, TN: 9
2025-09-19 22:03:27 -     FP: 0, FN: 0
2025-09-19 22:03:27 - Subject: AVO_033
2025-09-19 22:03:27 -   Accuracy: 75.000%
2025-09-19 22:03:27 -   Precision: 1.000
2025-09-19 22:03:27 -   Recall: 0.571
2025-09-19 22:03:27 -   F1 Score: 0.727
2025-09-19 22:03:27 -   AUC: 0.943
2025-09-19 22:03:27 -   Correct/Total: 9/12
2025-09-19 22:03:27 -   Confusion Matrix Stats:
2025-09-19 22:03:27 -     TP: 4, TN: 5
2025-09-19 22:03:27 -     FP: 0, FN: 3
2025-09-19 22:03:27 - Subject: AVO_034
2025-09-19 22:03:27 -   Accuracy: 60.000%
2025-09-19 22:03:27 -   Precision: 0.750
2025-09-19 22:03:27 -   Recall: 0.750
2025-09-19 22:03:27 -   F1 Score: 0.750
2025-09-19 22:03:27 -   AUC: 0.250
2025-09-19 22:03:27 -   Correct/Total: 3/5
2025-09-19 22:03:27 -   Confusion Matrix Stats:
2025-09-19 22:03:27 -     TP: 3, TN: 0
2025-09-19 22:03:27 -     FP: 1, FN: 1
2025-09-19 22:03:27 - Subject: AVO_035
2025-09-19 22:03:27 -   Accuracy: 46.667%
2025-09-19 22:03:27 -   Precision: 0.500
2025-09-19 22:03:27 -   Recall: 0.250
2025-09-19 22:03:27 -   F1 Score: 0.333
2025-09-19 22:03:27 -   AUC: 0.339
2025-09-19 22:03:27 -   Correct/Total: 7/15
2025-09-19 22:03:27 -   Confusion Matrix Stats:
2025-09-19 22:03:27 -     TP: 2, TN: 5
2025-09-19 22:03:27 -     FP: 2, FN: 6
2025-09-19 22:03:27 - Subject: AVO_036
2025-09-19 22:03:27 -   Accuracy: 71.429%
2025-09-19 22:03:27 -   Precision: 1.000
2025-09-19 22:03:27 -   Recall: 0.600
2025-09-19 22:03:27 -   F1 Score: 0.750
2025-09-19 22:03:27 -   AUC: 0.600
2025-09-19 22:03:27 -   Correct/Total: 5/7
2025-09-19 22:03:27 -   Confusion Matrix Stats:
2025-09-19 22:03:27 -     TP: 3, TN: 2
2025-09-19 22:03:27 -     FP: 0, FN: 2
2025-09-19 22:03:27 - Subject: AVO_037
2025-09-19 22:03:27 -   Accuracy: 11.111%
2025-09-19 22:03:27 -   Precision: 0.000
2025-09-19 22:03:27 -   Recall: 0.000
2025-09-19 22:03:27 -   F1 Score: 0.000
2025-09-19 22:03:27 -   AUC: 0.100
2025-09-19 22:03:27 -   Correct/Total: 1/9
2025-09-19 22:03:27 -   Confusion Matrix Stats:
2025-09-19 22:03:27 -     TP: 0, TN: 1
2025-09-19 22:03:27 -     FP: 4, FN: 4
2025-09-19 22:03:27 - Subject: AVO_038
2025-09-19 22:03:27 -   Accuracy: 80.000%
2025-09-19 22:03:27 -   Precision: 0.889
2025-09-19 22:03:27 -   Recall: 0.800
2025-09-19 22:03:27 -   F1 Score: 0.842
2025-09-19 22:03:27 -   AUC: 0.740
2025-09-19 22:03:27 -   Correct/Total: 12/15
2025-09-19 22:03:27 -   Confusion Matrix Stats:
2025-09-19 22:03:27 -     TP: 8, TN: 4
2025-09-19 22:03:27 -     FP: 1, FN: 2
2025-09-19 22:03:27 - Subject: AVO_039
2025-09-19 22:03:27 -   Accuracy: 63.636%
2025-09-19 22:03:27 -   Precision: 1.000
2025-09-19 22:03:27 -   Recall: 0.200
2025-09-19 22:03:27 -   F1 Score: 0.333
2025-09-19 22:03:27 -   AUC: 0.633
2025-09-19 22:03:27 -   Correct/Total: 7/11
2025-09-19 22:03:27 -   Confusion Matrix Stats:
2025-09-19 22:03:27 -     TP: 1, TN: 6
2025-09-19 22:03:27 -     FP: 0, FN: 4
2025-09-19 22:03:27 - Subject: AVO_040
2025-09-19 22:03:27 -   Accuracy: 66.667%
2025-09-19 22:03:27 -   Precision: 0.500
2025-09-19 22:03:27 -   Recall: 1.000
2025-09-19 22:03:27 -   F1 Score: 0.667
2025-09-19 22:03:27 -   AUC: 0.750
2025-09-19 22:03:27 -   Correct/Total: 4/6
2025-09-19 22:03:27 -   Confusion Matrix Stats:
2025-09-19 22:03:27 -     TP: 2, TN: 2
2025-09-19 22:03:27 -     FP: 2, FN: 0
2025-09-19 22:03:27 - Subject: P3_sub-001
2025-09-19 22:03:27 -   Accuracy: 41.667%
2025-09-19 22:03:27 -   Precision: 0.333
2025-09-19 22:03:27 -   Recall: 0.167
2025-09-19 22:03:27 -   F1 Score: 0.222
2025-09-19 22:03:27 -   AUC: 0.583
2025-09-19 22:03:27 -   Correct/Total: 5/12
2025-09-19 22:03:27 -   Confusion Matrix Stats:
2025-09-19 22:03:27 -     TP: 1, TN: 4
2025-09-19 22:03:27 -     FP: 2, FN: 5
2025-09-19 22:03:27 - Subject: P3_sub-002
2025-09-19 22:03:27 -   Accuracy: 55.556%
2025-09-19 22:03:27 -   Precision: 0.500
2025-09-19 22:03:27 -   Recall: 1.000
2025-09-19 22:03:27 -   F1 Score: 0.667
2025-09-19 22:03:27 -   AUC: 0.650
2025-09-19 22:03:27 -   Correct/Total: 5/9
2025-09-19 22:03:27 -   Confusion Matrix Stats:
2025-09-19 22:03:27 -     TP: 4, TN: 1
2025-09-19 22:03:27 -     FP: 4, FN: 0
2025-09-19 22:03:27 - Subject: P3_sub-003
2025-09-19 22:03:27 -   Accuracy: 71.429%
2025-09-19 22:03:27 -   Precision: 0.800
2025-09-19 22:03:27 -   Recall: 0.800
2025-09-19 22:03:27 -   F1 Score: 0.800
2025-09-19 22:03:27 -   AUC: 0.900
2025-09-19 22:03:27 -   Correct/Total: 5/7
2025-09-19 22:03:27 -   Confusion Matrix Stats:
2025-09-19 22:03:27 -     TP: 4, TN: 1
2025-09-19 22:03:27 -     FP: 1, FN: 1
2025-09-19 22:03:27 - Subject: P3_sub-004
2025-09-19 22:03:27 -   Accuracy: 80.000%
2025-09-19 22:03:27 -   Precision: 0.800
2025-09-19 22:03:27 -   Recall: 1.000
2025-09-19 22:03:27 -   F1 Score: 0.889
2025-09-19 22:03:27 -   AUC: 0.750
2025-09-19 22:03:27 -   Correct/Total: 4/5
2025-09-19 22:03:27 -   Confusion Matrix Stats:
2025-09-19 22:03:27 -     TP: 4, TN: 0
2025-09-19 22:03:27 -     FP: 1, FN: 0
2025-09-19 22:03:27 - Subject: P3_sub-005
2025-09-19 22:03:27 -   Accuracy: 72.727%
2025-09-19 22:03:27 -   Precision: 1.000
2025-09-19 22:03:27 -   Recall: 0.500
2025-09-19 22:03:27 -   F1 Score: 0.667
2025-09-19 22:03:27 -   AUC: 0.933
2025-09-19 22:03:27 -   Correct/Total: 8/11
2025-09-19 22:03:27 -   Confusion Matrix Stats:
2025-09-19 22:03:27 -     TP: 3, TN: 5
2025-09-19 22:03:27 -     FP: 0, FN: 3
2025-09-19 22:03:27 - Subject: P3_sub-006
2025-09-19 22:03:27 -   Accuracy: 37.500%
2025-09-19 22:03:27 -   Precision: 0.500
2025-09-19 22:03:27 -   Recall: 0.200
2025-09-19 22:03:27 -   F1 Score: 0.286
2025-09-19 22:03:27 -   AUC: 0.467
2025-09-19 22:03:27 -   Correct/Total: 3/8
2025-09-19 22:03:27 -   Confusion Matrix Stats:
2025-09-19 22:03:27 -     TP: 1, TN: 2
2025-09-19 22:03:27 -     FP: 1, FN: 4
2025-09-19 22:03:27 - Subject: P3_sub-007
2025-09-19 22:03:27 -   Accuracy: 66.667%
2025-09-19 22:03:27 -   Precision: 0.667
2025-09-19 22:03:27 -   Recall: 0.500
2025-09-19 22:03:27 -   F1 Score: 0.571
2025-09-19 22:03:27 -   AUC: 0.850
2025-09-19 22:03:27 -   Correct/Total: 6/9
2025-09-19 22:03:27 -   Confusion Matrix Stats:
2025-09-19 22:03:27 -     TP: 2, TN: 4
2025-09-19 22:03:27 -     FP: 1, FN: 2
2025-09-19 22:03:27 - Subject: P3_sub-008
2025-09-19 22:03:27 -   Accuracy: 33.333%
2025-09-19 22:03:27 -   Precision: 0.000
2025-09-19 22:03:27 -   Recall: 0.000
2025-09-19 22:03:27 -   F1 Score: 0.000
2025-09-19 22:03:27 -   AUC: 0.000
2025-09-19 22:03:27 -   Correct/Total: 1/3
2025-09-19 22:03:27 -   Confusion Matrix Stats:
2025-09-19 22:03:27 -     TP: 0, TN: 1
2025-09-19 22:03:27 -     FP: 0, FN: 2
2025-09-19 22:03:27 - Subject: P3_sub-009
2025-09-19 22:03:27 -   Accuracy: 73.333%
2025-09-19 22:03:27 -   Precision: 1.000
2025-09-19 22:03:27 -   Recall: 0.600
2025-09-19 22:03:27 -   F1 Score: 0.750
2025-09-19 22:03:27 -   AUC: 0.800
2025-09-19 22:03:27 -   Correct/Total: 11/15
2025-09-19 22:03:27 -   Confusion Matrix Stats:
2025-09-19 22:03:27 -     TP: 6, TN: 5
2025-09-19 22:03:27 -     FP: 0, FN: 4
2025-09-19 22:03:27 - Subject: P3_sub-010
2025-09-19 22:03:27 -   Accuracy: 75.000%
2025-09-19 22:03:27 -   Precision: 0.667
2025-09-19 22:03:27 -   Recall: 0.667
2025-09-19 22:03:27 -   F1 Score: 0.667
2025-09-19 22:03:27 -   AUC: 0.800
2025-09-19 22:03:27 -   Correct/Total: 6/8
2025-09-19 22:03:27 -   Confusion Matrix Stats:
2025-09-19 22:03:27 -     TP: 2, TN: 4
2025-09-19 22:03:27 -     FP: 1, FN: 1
2025-09-19 22:03:27 - Subject: P3_sub-011
2025-09-19 22:03:27 -   Accuracy: 40.000%
2025-09-19 22:03:27 -   Precision: 0.500
2025-09-19 22:03:27 -   Recall: 0.333
2025-09-19 22:03:27 -   F1 Score: 0.400
2025-09-19 22:03:27 -   AUC: 0.500
2025-09-19 22:03:27 -   Correct/Total: 4/10
2025-09-19 22:03:27 -   Confusion Matrix Stats:
2025-09-19 22:03:27 -     TP: 2, TN: 2
2025-09-19 22:03:27 -     FP: 2, FN: 4
2025-09-19 22:03:27 - Subject: P3_sub-012
2025-09-19 22:03:27 -   Accuracy: 100.000%
2025-09-19 22:03:27 -   Precision: 1.000
2025-09-19 22:03:27 -   Recall: 1.000
2025-09-19 22:03:27 -   F1 Score: 1.000
2025-09-19 22:03:27 -   AUC: 1.000
2025-09-19 22:03:27 -   Correct/Total: 7/7
2025-09-19 22:03:27 -   Confusion Matrix Stats:
2025-09-19 22:03:27 -     TP: 5, TN: 2
2025-09-19 22:03:27 -     FP: 0, FN: 0
2025-09-19 22:03:27 - Subject: P3_sub-013
2025-09-19 22:03:27 -   Accuracy: 45.455%
2025-09-19 22:03:27 -   Precision: 0.500
2025-09-19 22:03:27 -   Recall: 0.167
2025-09-19 22:03:27 -   F1 Score: 0.250
2025-09-19 22:03:27 -   AUC: 0.400
2025-09-19 22:03:27 -   Correct/Total: 5/11
2025-09-19 22:03:27 -   Confusion Matrix Stats:
2025-09-19 22:03:27 -     TP: 1, TN: 4
2025-09-19 22:03:27 -     FP: 1, FN: 5
2025-09-19 22:03:27 - Subject: P3_sub-014
2025-09-19 22:03:27 -   Accuracy: 63.636%
2025-09-19 22:03:27 -   Precision: 0.429
2025-09-19 22:03:27 -   Recall: 1.000
2025-09-19 22:03:27 -   F1 Score: 0.600
2025-09-19 22:03:27 -   AUC: 0.625
2025-09-19 22:03:27 -   Correct/Total: 7/11
2025-09-19 22:03:27 -   Confusion Matrix Stats:
2025-09-19 22:03:27 -     TP: 3, TN: 4
2025-09-19 22:03:27 -     FP: 4, FN: 0
2025-09-19 22:03:27 - Subject: P3_sub-015
2025-09-19 22:03:27 -   Accuracy: 63.636%
2025-09-19 22:03:27 -   Precision: 0.667
2025-09-19 22:03:27 -   Recall: 0.857
2025-09-19 22:03:27 -   F1 Score: 0.750
2025-09-19 22:03:27 -   AUC: 0.786
2025-09-19 22:03:27 -   Correct/Total: 7/11
2025-09-19 22:03:27 -   Confusion Matrix Stats:
2025-09-19 22:03:27 -     TP: 6, TN: 1
2025-09-19 22:03:27 -     FP: 3, FN: 1
2025-09-19 22:03:27 - Subject: P3_sub-016
2025-09-19 22:03:27 -   Accuracy: 75.000%
2025-09-19 22:03:27 -   Precision: 0.714
2025-09-19 22:03:27 -   Recall: 0.833
2025-09-19 22:03:27 -   F1 Score: 0.769
2025-09-19 22:03:27 -   AUC: 0.778
2025-09-19 22:03:27 -   Correct/Total: 9/12
2025-09-19 22:03:27 -   Confusion Matrix Stats:
2025-09-19 22:03:27 -     TP: 5, TN: 4
2025-09-19 22:03:27 -     FP: 2, FN: 1
2025-09-19 22:03:27 - Subject: P3_sub-017
2025-09-19 22:03:27 -   Accuracy: 66.667%
2025-09-19 22:03:27 -   Precision: 1.000
2025-09-19 22:03:27 -   Recall: 0.571
2025-09-19 22:03:27 -   F1 Score: 0.727
2025-09-19 22:03:27 -   AUC: 0.857
2025-09-19 22:03:27 -   Correct/Total: 6/9
2025-09-19 22:03:27 -   Confusion Matrix Stats:
2025-09-19 22:03:27 -     TP: 4, TN: 2
2025-09-19 22:03:27 -     FP: 0, FN: 3
2025-09-19 22:03:27 - Subject: P3_sub-018
2025-09-19 22:03:27 -   Accuracy: 66.667%
2025-09-19 22:03:27 -   Precision: 1.000
2025-09-19 22:03:27 -   Recall: 0.200
2025-09-19 22:03:27 -   F1 Score: 0.333
2025-09-19 22:03:27 -   AUC: 0.829
2025-09-19 22:03:27 -   Correct/Total: 8/12
2025-09-19 22:03:27 -   Confusion Matrix Stats:
2025-09-19 22:03:27 -     TP: 1, TN: 7
2025-09-19 22:03:27 -     FP: 0, FN: 4
2025-09-19 22:03:27 - Subject: P3_sub-019
2025-09-19 22:03:27 -   Accuracy: 57.143%
2025-09-19 22:03:27 -   Precision: 0.500
2025-09-19 22:03:27 -   Recall: 0.833
2025-09-19 22:03:27 -   F1 Score: 0.625
2025-09-19 22:03:27 -   AUC: 0.542
2025-09-19 22:03:27 -   Correct/Total: 8/14
2025-09-19 22:03:27 -   Confusion Matrix Stats:
2025-09-19 22:03:27 -     TP: 5, TN: 3
2025-09-19 22:03:27 -     FP: 5, FN: 1
2025-09-19 22:03:27 - Subject: P3_sub-020
2025-09-19 22:03:27 -   Accuracy: 80.000%
2025-09-19 22:03:27 -   Precision: 0.700
2025-09-19 22:03:27 -   Recall: 1.000
2025-09-19 22:03:27 -   F1 Score: 0.824
2025-09-19 22:03:27 -   AUC: 0.982
2025-09-19 22:03:27 -   Correct/Total: 12/15
2025-09-19 22:03:27 -   Confusion Matrix Stats:
2025-09-19 22:03:27 -     TP: 7, TN: 5
2025-09-19 22:03:27 -     FP: 3, FN: 0
2025-09-19 22:03:27 - Subject: P3_sub-021
2025-09-19 22:03:27 -   Accuracy: 62.500%
2025-09-19 22:03:27 -   Precision: 0.800
2025-09-19 22:03:27 -   Recall: 0.667
2025-09-19 22:03:27 -   F1 Score: 0.727
2025-09-19 22:03:27 -   AUC: 0.417
2025-09-19 22:03:27 -   Correct/Total: 5/8
2025-09-19 22:03:27 -   Confusion Matrix Stats:
2025-09-19 22:03:27 -     TP: 4, TN: 1
2025-09-19 22:03:27 -     FP: 1, FN: 2
2025-09-19 22:03:27 - Subject: P3_sub-022
2025-09-19 22:03:27 -   Accuracy: 50.000%
2025-09-19 22:03:27 -   Precision: 0.500
2025-09-19 22:03:27 -   Recall: 0.833
2025-09-19 22:03:27 -   F1 Score: 0.625
2025-09-19 22:03:27 -   AUC: 0.750
2025-09-19 22:03:27 -   Correct/Total: 6/12
2025-09-19 22:03:27 -   Confusion Matrix Stats:
2025-09-19 22:03:27 -     TP: 5, TN: 1
2025-09-19 22:03:27 -     FP: 5, FN: 1
2025-09-19 22:03:27 - Subject: P3_sub-023
2025-09-19 22:03:27 -   Accuracy: 92.308%
2025-09-19 22:03:27 -   Precision: 1.000
2025-09-19 22:03:27 -   Recall: 0.857
2025-09-19 22:03:27 -   F1 Score: 0.923
2025-09-19 22:03:27 -   AUC: 0.952
2025-09-19 22:03:27 -   Correct/Total: 12/13
2025-09-19 22:03:27 -   Confusion Matrix Stats:
2025-09-19 22:03:27 -     TP: 6, TN: 6
2025-09-19 22:03:27 -     FP: 0, FN: 1
2025-09-19 22:03:27 - Subject: P3_sub-024
2025-09-19 22:03:27 -   Accuracy: 80.000%
2025-09-19 22:03:27 -   Precision: 0.714
2025-09-19 22:03:27 -   Recall: 1.000
2025-09-19 22:03:27 -   F1 Score: 0.833
2025-09-19 22:03:27 -   AUC: 0.880
2025-09-19 22:03:27 -   Correct/Total: 8/10
2025-09-19 22:03:27 -   Confusion Matrix Stats:
2025-09-19 22:03:27 -     TP: 5, TN: 3
2025-09-19 22:03:27 -     FP: 2, FN: 0
2025-09-19 22:03:27 - Subject: P3_sub-025
2025-09-19 22:03:27 -   Accuracy: 75.000%
2025-09-19 22:03:27 -   Precision: 0.833
2025-09-19 22:03:27 -   Recall: 0.833
2025-09-19 22:03:27 -   F1 Score: 0.833
2025-09-19 22:03:27 -   AUC: 0.750
2025-09-19 22:03:27 -   Correct/Total: 6/8
2025-09-19 22:03:27 -   Confusion Matrix Stats:
2025-09-19 22:03:27 -     TP: 5, TN: 1
2025-09-19 22:03:27 -     FP: 1, FN: 1
2025-09-19 22:03:27 - Subject: P3_sub-026
2025-09-19 22:03:27 -   Accuracy: 50.000%
2025-09-19 22:03:27 -   Precision: 0.667
2025-09-19 22:03:27 -   Recall: 0.667
2025-09-19 22:03:27 -   F1 Score: 0.667
2025-09-19 22:03:27 -   AUC: 0.630
2025-09-19 22:03:27 -   Correct/Total: 6/12
2025-09-19 22:03:27 -   Confusion Matrix Stats:
2025-09-19 22:03:27 -     TP: 6, TN: 0
2025-09-19 22:03:27 -     FP: 3, FN: 3
2025-09-19 22:03:27 - Subject: P3_sub-027
2025-09-19 22:03:27 -   Accuracy: 66.667%
2025-09-19 22:03:27 -   Precision: 1.000
2025-09-19 22:03:27 -   Recall: 0.571
2025-09-19 22:03:27 -   F1 Score: 0.727
2025-09-19 22:03:27 -   AUC: 0.643
2025-09-19 22:03:27 -   Correct/Total: 6/9
2025-09-19 22:03:27 -   Confusion Matrix Stats:
2025-09-19 22:03:27 -     TP: 4, TN: 2
2025-09-19 22:03:27 -     FP: 0, FN: 3
2025-09-19 22:03:27 - Subject: P3_sub-028
2025-09-19 22:03:27 -   Accuracy: 50.000%
2025-09-19 22:03:27 -   Precision: 0.000
2025-09-19 22:03:27 -   Recall: 0.000
2025-09-19 22:03:27 -   F1 Score: 0.000
2025-09-19 22:03:27 -   AUC: 0.571
2025-09-19 22:03:27 -   Correct/Total: 5/10
2025-09-19 22:03:27 -   Confusion Matrix Stats:
2025-09-19 22:03:27 -     TP: 0, TN: 5
2025-09-19 22:03:27 -     FP: 2, FN: 3
2025-09-19 22:03:27 - Subject: P3_sub-029
2025-09-19 22:03:27 -   Accuracy: 41.667%
2025-09-19 22:03:27 -   Precision: 0.400
2025-09-19 22:03:27 -   Recall: 0.333
2025-09-19 22:03:27 -   F1 Score: 0.364
2025-09-19 22:03:27 -   AUC: 0.528
2025-09-19 22:03:27 -   Correct/Total: 5/12
2025-09-19 22:03:27 -   Confusion Matrix Stats:
2025-09-19 22:03:27 -     TP: 2, TN: 3
2025-09-19 22:03:27 -     FP: 3, FN: 4
2025-09-19 22:03:27 - Subject: P3_sub-030
2025-09-19 22:03:27 -   Accuracy: 61.538%
2025-09-19 22:03:27 -   Precision: 0.500
2025-09-19 22:03:27 -   Recall: 0.800
2025-09-19 22:03:27 -   F1 Score: 0.615
2025-09-19 22:03:27 -   AUC: 0.550
2025-09-19 22:03:27 -   Correct/Total: 8/13
2025-09-19 22:03:27 -   Confusion Matrix Stats:
2025-09-19 22:03:27 -     TP: 4, TN: 4
2025-09-19 22:03:27 -     FP: 4, FN: 1
2025-09-19 22:03:27 - Subject: P3_sub-031
2025-09-19 22:03:27 -   Accuracy: 40.000%
2025-09-19 22:03:27 -   Precision: 0.500
2025-09-19 22:03:27 -   Recall: 0.333
2025-09-19 22:03:27 -   F1 Score: 0.400
2025-09-19 22:03:27 -   AUC: 0.625
2025-09-19 22:03:27 -   Correct/Total: 4/10
2025-09-19 22:03:27 -   Confusion Matrix Stats:
2025-09-19 22:03:27 -     TP: 2, TN: 2
2025-09-19 22:03:27 -     FP: 2, FN: 4
2025-09-19 22:03:27 - Subject: P3_sub-032
2025-09-19 22:03:27 -   Accuracy: 71.429%
2025-09-19 22:03:27 -   Precision: 0.667
2025-09-19 22:03:27 -   Recall: 1.000
2025-09-19 22:03:27 -   F1 Score: 0.800
2025-09-19 22:03:27 -   AUC: 1.000
2025-09-19 22:03:27 -   Correct/Total: 5/7
2025-09-19 22:03:27 -   Confusion Matrix Stats:
2025-09-19 22:03:27 -     TP: 4, TN: 1
2025-09-19 22:03:27 -     FP: 2, FN: 0
2025-09-19 22:03:27 - Subject: P3_sub-033
2025-09-19 22:03:27 -   Accuracy: 60.000%
2025-09-19 22:03:27 -   Precision: 0.600
2025-09-19 22:03:27 -   Recall: 0.600
2025-09-19 22:03:27 -   F1 Score: 0.600
2025-09-19 22:03:27 -   AUC: 0.720
2025-09-19 22:03:27 -   Correct/Total: 6/10
2025-09-19 22:03:27 -   Confusion Matrix Stats:
2025-09-19 22:03:27 -     TP: 3, TN: 3
2025-09-19 22:03:27 -     FP: 2, FN: 2
2025-09-19 22:03:27 - Subject: P3_sub-034
2025-09-19 22:03:27 -   Accuracy: 70.000%
2025-09-19 22:03:27 -   Precision: 0.714
2025-09-19 22:03:27 -   Recall: 0.833
2025-09-19 22:03:27 -   F1 Score: 0.769
2025-09-19 22:03:27 -   AUC: 0.917
2025-09-19 22:03:27 -   Correct/Total: 7/10
2025-09-19 22:03:27 -   Confusion Matrix Stats:
2025-09-19 22:03:27 -     TP: 5, TN: 2
2025-09-19 22:03:27 -     FP: 2, FN: 1
2025-09-19 22:03:27 - Subject: P3_sub-035
2025-09-19 22:03:27 -   Accuracy: 66.667%
2025-09-19 22:03:27 -   Precision: 0.800
2025-09-19 22:03:27 -   Recall: 0.667
2025-09-19 22:03:27 -   F1 Score: 0.727
2025-09-19 22:03:27 -   AUC: 0.556
2025-09-19 22:03:27 -   Correct/Total: 6/9
2025-09-19 22:03:27 -   Confusion Matrix Stats:
2025-09-19 22:03:27 -     TP: 4, TN: 2
2025-09-19 22:03:27 -     FP: 1, FN: 2
2025-09-19 22:03:27 - Subject: P3_sub-036
2025-09-19 22:03:27 -   Accuracy: 50.000%
2025-09-19 22:03:27 -   Precision: 1.000
2025-09-19 22:03:27 -   Recall: 0.200
2025-09-19 22:03:27 -   F1 Score: 0.333
2025-09-19 22:03:27 -   AUC: 0.600
2025-09-19 22:03:27 -   Correct/Total: 4/8
2025-09-19 22:03:27 -   Confusion Matrix Stats:
2025-09-19 22:03:27 -     TP: 1, TN: 3
2025-09-19 22:03:27 -     FP: 0, FN: 4
2025-09-19 22:03:27 - Subject: P3_sub-037
2025-09-19 22:03:27 -   Accuracy: 42.857%
2025-09-19 22:03:27 -   Precision: 0.500
2025-09-19 22:03:27 -   Recall: 0.250
2025-09-19 22:03:27 -   F1 Score: 0.333
2025-09-19 22:03:27 -   AUC: 0.500
2025-09-19 22:03:27 -   Correct/Total: 3/7
2025-09-19 22:03:27 -   Confusion Matrix Stats:
2025-09-19 22:03:27 -     TP: 1, TN: 2
2025-09-19 22:03:27 -     FP: 1, FN: 3
2025-09-19 22:03:27 - Subject: P3_sub-038
2025-09-19 22:03:27 -   Accuracy: 66.667%
2025-09-19 22:03:27 -   Precision: 0.500
2025-09-19 22:03:27 -   Recall: 0.667
2025-09-19 22:03:27 -   F1 Score: 0.571
2025-09-19 22:03:27 -   AUC: 0.611
2025-09-19 22:03:27 -   Correct/Total: 6/9
2025-09-19 22:03:27 -   Confusion Matrix Stats:
2025-09-19 22:03:27 -     TP: 2, TN: 4
2025-09-19 22:03:27 -     FP: 2, FN: 1
2025-09-19 22:03:27 - Subject: P3_sub-039
2025-09-19 22:03:27 -   Accuracy: 72.727%
2025-09-19 22:03:27 -   Precision: 1.000
2025-09-19 22:03:27 -   Recall: 0.250
2025-09-19 22:03:27 -   F1 Score: 0.400
2025-09-19 22:03:27 -   AUC: 0.429
2025-09-19 22:03:27 -   Correct/Total: 8/11
2025-09-19 22:03:27 -   Confusion Matrix Stats:
2025-09-19 22:03:27 -     TP: 1, TN: 7
2025-09-19 22:03:27 -     FP: 0, FN: 3
2025-09-19 22:03:27 - Subject: P3_sub-040
2025-09-19 22:03:27 -   Accuracy: 66.667%
2025-09-19 22:03:27 -   Precision: 0.600
2025-09-19 22:03:27 -   Recall: 0.750
2025-09-19 22:03:27 -   F1 Score: 0.667
2025-09-19 22:03:27 -   AUC: 0.750
2025-09-19 22:03:27 -   Correct/Total: 6/9
2025-09-19 22:03:27 -   Confusion Matrix Stats:
2025-09-19 22:03:27 -     TP: 3, TN: 3
2025-09-19 22:03:27 -     FP: 2, FN: 1
2025-09-19 22:03:27 - 
Combined Model (All Subjects) Statistics:
2025-09-19 22:03:27 - 95% Confidence Interval: [0.608, 0.681]
2025-09-19 22:03:27 - Best Subject: P3_sub-012 (1.000)
2025-09-19 22:03:27 - Worst Subject: AVO_037 (0.111)
2025-09-19 22:03:27 - Mean Accuracy: 0.654
2025-09-19 22:03:27 - Mean Precision: 0.676
2025-09-19 22:03:27 - Mean Recall: 0.656
2025-09-19 22:03:27 - Mean F1-Score: 0.666
2025-09-19 22:03:27 - Mean AUC: 0.704
2025-09-19 22:03:27 - Mean Confusion Matrix:
2025-09-19 22:03:27 -   TP: 3, TN: 3
2025-09-19 22:03:27 -   FP: 2, FN: 2
2025-09-19 22:03:27 - 
Combined Model – P3 Subjects Statistics:
2025-09-19 22:03:27 - 95% Confidence Interval: [0.577, 0.674]
2025-09-19 22:03:27 - Best Subject: P3_sub-012 (1.000)
2025-09-19 22:03:27 - Worst Subject: P3_sub-008 (0.333)
2025-09-19 22:03:27 - Mean Accuracy: 0.629
2025-09-19 22:03:27 - Mean Precision: 0.668
2025-09-19 22:03:27 - Mean Recall: 0.621
2025-09-19 22:03:27 - Mean F1-Score: 0.644
2025-09-19 22:03:27 - Mean AUC: 0.685
2025-09-19 22:03:27 - Mean Confusion Matrix:
2025-09-19 22:03:27 -   TP: 3, TN: 3
2025-09-19 22:03:27 -   FP: 2, FN: 2
2025-09-19 22:03:27 - 
Combined Model – AVO Subjects Statistics:
2025-09-19 22:03:27 - 95% Confidence Interval: [0.607, 0.719]
2025-09-19 22:03:27 - Best Subject: AVO_028 (1.000)
2025-09-19 22:03:27 - Worst Subject: AVO_037 (0.111)
2025-09-19 22:03:27 - Mean Accuracy: 0.678
2025-09-19 22:03:27 - Mean Precision: 0.684
2025-09-19 22:03:27 - Mean Recall: 0.691
2025-09-19 22:03:27 - Mean F1-Score: 0.688
2025-09-19 22:03:27 - Mean AUC: 0.722
2025-09-19 22:03:27 - Mean Confusion Matrix:
2025-09-19 22:03:27 -   TP: 4, TN: 3
2025-09-19 22:03:27 -   FP: 2, FN: 2
