2025-09-21 12:30:48 - 
Experiment Configuration:
2025-09-21 12:30:48 - --------------------------------------------------
2025-09-21 12:30:48 - dataset: use_combined_datasets
2025-09-21 12:30:48 - use_combined_datasets: True
2025-09-21 12:30:48 - electrode_list: common
2025-09-21 12:30:48 - classifier: lda
2025-09-21 12:30:48 - separate_subject_classification: False
2025-09-21 12:30:48 - use_subject_layer: False
2025-09-21 12:30:48 - seeds: [42]
2025-09-21 12:30:48 - use_nested_cv: True
2025-09-21 12:30:48 - electrode_fusion_method: none
2025-09-21 12:30:48 - domain_adaptation_method: none
2025-09-21 12:30:48 - enable_comprehensive_evaluation: True
2025-09-21 12:30:48 - enable_domain_analysis: True
2025-09-21 12:30:48 - enable_small_sample_analysis: False
2025-09-21 12:30:48 - small_sample_sizes: [5, 10, 15, 20]
2025-09-21 12:30:48 - small_sample_subjects: [5, 10, 15]
2025-09-21 12:30:48 - --------------------------------------------------
2025-09-21 12:30:48 - 
==================================================
2025-09-21 12:30:48 - Processing Combined P3 and AVO Datasets
2025-09-21 12:30:48 - ==================================================
2025-09-21 12:30:48 - 使用传统方法（无融合）
2025-09-21 12:30:48 - Using Cross-Validation (simplified approach)
2025-09-21 12:30:48 - Configuration: 3-fold CV, 1 repeats
2025-09-21 12:30:48 - ============================================================
2025-09-21 12:30:48 - CROSS-VALIDATION CONFIGURATION
2025-09-21 12:30:48 - ============================================================
2025-09-21 12:30:48 - Datasets: ['P3', 'AVO']
2025-09-21 12:30:48 - CV folds: 3
2025-09-21 12:30:48 - Repeats: 1
2025-09-21 12:30:48 - Confidence level: 0.95
2025-09-21 12:30:48 - ============================================================
2025-09-21 12:30:49 - Nested CV dataset summary:
2025-09-21 12:30:49 -   Total subjects: 2
2025-09-21 12:30:49 -   Total trials: 150
2025-09-21 12:30:49 -   Average trials per subject: 75.0
2025-09-21 12:30:49 - Enhanced preprocessing increased channels from 5 to 25
2025-09-21 12:30:49 - Starting Cross-Validation for lda
2025-09-21 12:30:49 - Configuration: 3-fold CV, 1 repeats
2025-09-21 12:30:49 - Data split ratios: Train=0.7, Val=0.1, Test=0.2
2025-09-21 12:30:49 - Repeat 1/1
2025-09-21 12:30:49 -   Fold 1/3
2025-09-21 12:30:49 -     Test accuracy: 0.5400
2025-09-21 12:30:49 -   Fold 2/3
2025-09-21 12:30:49 -     Test accuracy: 0.5200
2025-09-21 12:30:49 -   Fold 3/3
2025-09-21 12:30:49 -     Test accuracy: 0.5600
2025-09-21 12:30:49 -   Repeat 1 mean accuracy: 0.5400 ± 0.0163
2025-09-21 12:30:49 - Cross-Validation completed for lda
2025-09-21 12:30:49 - Final accuracy: 0.5400 ± 0.0200
2025-09-21 12:30:49 - 95% CI: [0.4903, 0.5897]
2025-09-21 12:30:49 - 
============================================================
2025-09-21 12:30:49 - CROSS-VALIDATION RESULTS
2025-09-21 12:30:49 - ============================================================
2025-09-21 12:30:49 - Model: lda
2025-09-21 12:30:49 - Overall accuracy: 0.5400 ± 0.0200
2025-09-21 12:30:49 - 95% Confidence Interval: [0.4903, 0.5897]
2025-09-21 12:30:49 - Statistical significance: 3 evaluations
2025-09-21 12:30:49 - Precision: 0.5398 [0.4811, 0.5985]
2025-09-21 12:30:49 - Recall: 0.5600 [0.4606, 0.6594]
2025-09-21 12:30:49 - F1_Score: 0.5487 [0.5113, 0.5862]
2025-09-21 12:30:49 - Auc: 0.5568 [0.3967, 0.7169]
2025-09-21 12:30:49 - ============================================================
2025-09-21 12:30:49 - Individual subject results skipped - using Nested Cross-Validation results
2025-09-21 12:30:49 - Dataset-specific results from Nested Cross-Validation:
2025-09-21 12:30:49 - P3 Dataset - Nested CV Results:
2025-09-21 12:30:49 -   Mean Accuracy: 0.5129 ± 0.0916
2025-09-21 12:30:49 -   95% CI: [0.2855, 0.7404]
2025-09-21 12:30:49 -   AUC: 0.5534 ± 0.1560
2025-09-21 12:30:49 - AVO Dataset - Nested CV Results:
2025-09-21 12:30:49 -   Mean Accuracy: 0.5707 ± 0.0767
2025-09-21 12:30:49 -   95% CI: [0.3803, 0.7611]
2025-09-21 12:30:49 -   AUC: 0.5911 ± 0.0700
