2025-09-21 23:30:59 - 
Experiment Configuration:
2025-09-21 23:30:59 - --------------------------------------------------
2025-09-21 23:30:59 - dataset: use_combined_datasets
2025-09-21 23:30:59 - use_combined_datasets: True
2025-09-21 23:30:59 - electrode_list: common
2025-09-21 23:30:59 - classifier: EEGConformer
2025-09-21 23:30:59 - separate_subject_classification: False
2025-09-21 23:30:59 - use_subject_layer: False
2025-09-21 23:30:59 - seeds: [42, 123, 456, 789, 321]
2025-09-21 23:30:59 - use_nested_cv: True
2025-09-21 23:30:59 - electrode_fusion_method: none
2025-09-21 23:30:59 - domain_adaptation_method: none
2025-09-21 23:30:59 - enable_comprehensive_evaluation: True
2025-09-21 23:30:59 - enable_domain_analysis: True
2025-09-21 23:30:59 - enable_small_sample_analysis: False
2025-09-21 23:30:59 - small_sample_sizes: [5, 10, 15, 20]
2025-09-21 23:30:59 - small_sample_subjects: [5, 10, 15]
2025-09-21 23:30:59 - --------------------------------------------------
2025-09-21 23:30:59 - 
==================================================
2025-09-21 23:30:59 - Processing Combined P3 and AVO Datasets
2025-09-21 23:30:59 - ==================================================
2025-09-21 23:30:59 - 使用传统方法（无融合）
2025-09-21 23:30:59 - Using Cross-Validation (simplified approach)
2025-09-21 23:30:59 - Configuration: 5-fold CV, 5 repeats
2025-09-21 23:30:59 - ============================================================
2025-09-21 23:30:59 - CROSS-VALIDATION CONFIGURATION
2025-09-21 23:30:59 - ============================================================
2025-09-21 23:30:59 - Datasets: ['P3', 'AVO']
2025-09-21 23:30:59 - CV folds: 5
2025-09-21 23:30:59 - Repeats: 5
2025-09-21 23:30:59 - Confidence level: 0.95
2025-09-21 23:30:59 - ============================================================
2025-09-21 23:30:59 - STRATIFIED SAMPLING CONFIGURATION
2025-09-21 23:30:59 - ============================================================
2025-09-21 23:30:59 - Nested CV Mode: Trial counts per subject by dataset
2025-09-21 23:30:59 -   P3 dataset: 200 trials per subject
2025-09-21 23:30:59 -   AVO dataset: 20 trials per subject
2025-09-21 23:30:59 - Sampling strategy: Multi-level stratified sampling
2025-09-21 23:30:59 -   - Subject-level: Stratified trial selection per subject
2025-09-21 23:30:59 -   - Dataset-level: Stratified sampling when dataset trial counts differ
2025-09-21 23:30:59 -   - Fold-level: StratifiedKFold for 5-fold CV
2025-09-21 23:30:59 -   - Train/Val split: Stratified train_test_split within each fold
2025-09-21 23:30:59 - ============================================================
2025-09-21 23:31:05 - Subject AVO_001: Sampled 20/70 trials
2025-09-21 23:31:05 -   Original distribution: {np.int64(0): np.float64(0.5), np.int64(1): np.float64(0.5)}
2025-09-21 23:31:05 -   Sampled distribution: {np.int64(0): np.float64(0.5), np.int64(1): np.float64(0.5)}
2025-09-21 23:31:06 - Subject AVO_002: Sampled 20/70 trials
2025-09-21 23:31:06 -   Original distribution: {np.int64(0): np.float64(0.5), np.int64(1): np.float64(0.5)}
2025-09-21 23:31:06 -   Sampled distribution: {np.int64(0): np.float64(0.5), np.int64(1): np.float64(0.5)}
2025-09-21 23:31:06 - Subject AVO_003: Sampled 20/88 trials
2025-09-21 23:31:06 -   Original distribution: {np.int64(0): np.float64(0.5), np.int64(1): np.float64(0.5)}
2025-09-21 23:31:06 -   Sampled distribution: {np.int64(0): np.float64(0.5), np.int64(1): np.float64(0.5)}
2025-09-21 23:31:07 - Subject AVO_004: Sampled 20/84 trials
2025-09-21 23:31:07 -   Original distribution: {np.int64(0): np.float64(0.5), np.int64(1): np.float64(0.5)}
2025-09-21 23:31:07 -   Sampled distribution: {np.int64(0): np.float64(0.5), np.int64(1): np.float64(0.5)}
2025-09-21 23:31:07 - Subject AVO_005: Sampled 20/72 trials
2025-09-21 23:31:07 -   Original distribution: {np.int64(0): np.float64(0.5), np.int64(1): np.float64(0.5)}
2025-09-21 23:31:07 -   Sampled distribution: {np.int64(0): np.float64(0.5), np.int64(1): np.float64(0.5)}
2025-09-21 23:31:07 - Subject AVO_006: Sampled 20/74 trials
2025-09-21 23:31:07 -   Original distribution: {np.int64(0): np.float64(0.5), np.int64(1): np.float64(0.5)}
2025-09-21 23:31:07 -   Sampled distribution: {np.int64(0): np.float64(0.5), np.int64(1): np.float64(0.5)}
2025-09-21 23:31:08 - Subject AVO_007: Sampled 20/76 trials
2025-09-21 23:31:08 -   Original distribution: {np.int64(0): np.float64(0.5), np.int64(1): np.float64(0.5)}
2025-09-21 23:31:08 -   Sampled distribution: {np.int64(0): np.float64(0.5), np.int64(1): np.float64(0.5)}
2025-09-21 23:31:08 - Subject AVO_008: Sampled 20/72 trials
2025-09-21 23:31:08 -   Original distribution: {np.int64(0): np.float64(0.5), np.int64(1): np.float64(0.5)}
2025-09-21 23:31:08 -   Sampled distribution: {np.int64(0): np.float64(0.5), np.int64(1): np.float64(0.5)}
2025-09-21 23:31:09 - Subject AVO_009: Sampled 20/76 trials
2025-09-21 23:31:09 -   Original distribution: {np.int64(0): np.float64(0.5), np.int64(1): np.float64(0.5)}
2025-09-21 23:31:09 -   Sampled distribution: {np.int64(0): np.float64(0.5), np.int64(1): np.float64(0.5)}
2025-09-21 23:31:09 - Subject AVO_010: Sampled 20/72 trials
2025-09-21 23:31:09 -   Original distribution: {np.int64(0): np.float64(0.5), np.int64(1): np.float64(0.5)}
2025-09-21 23:31:09 -   Sampled distribution: {np.int64(0): np.float64(0.5), np.int64(1): np.float64(0.5)}
2025-09-21 23:31:10 - Subject AVO_011: Sampled 20/58 trials
2025-09-21 23:31:10 -   Original distribution: {np.int64(0): np.float64(0.5), np.int64(1): np.float64(0.5)}
2025-09-21 23:31:10 -   Sampled distribution: {np.int64(0): np.float64(0.5), np.int64(1): np.float64(0.5)}
2025-09-21 23:31:10 - Subject AVO_012: Sampled 20/72 trials
2025-09-21 23:31:10 -   Original distribution: {np.int64(0): np.float64(0.5), np.int64(1): np.float64(0.5)}
2025-09-21 23:31:10 -   Sampled distribution: {np.int64(0): np.float64(0.5), np.int64(1): np.float64(0.5)}
2025-09-21 23:31:11 - Subject AVO_013: Sampled 20/72 trials
2025-09-21 23:31:11 -   Original distribution: {np.int64(0): np.float64(0.5), np.int64(1): np.float64(0.5)}
2025-09-21 23:31:11 -   Sampled distribution: {np.int64(0): np.float64(0.5), np.int64(1): np.float64(0.5)}
2025-09-21 23:31:11 - Subject AVO_014: Sampled 20/72 trials
2025-09-21 23:31:11 -   Original distribution: {np.int64(0): np.float64(0.5), np.int64(1): np.float64(0.5)}
2025-09-21 23:31:11 -   Sampled distribution: {np.int64(0): np.float64(0.5), np.int64(1): np.float64(0.5)}
2025-09-21 23:31:12 - Subject AVO_015: Sampled 20/56 trials
2025-09-21 23:31:12 -   Original distribution: {np.int64(0): np.float64(0.5), np.int64(1): np.float64(0.5)}
2025-09-21 23:31:12 -   Sampled distribution: {np.int64(0): np.float64(0.5), np.int64(1): np.float64(0.5)}
2025-09-21 23:31:12 - Subject AVO_016: Sampled 20/70 trials
2025-09-21 23:31:12 -   Original distribution: {np.int64(0): np.float64(0.5), np.int64(1): np.float64(0.5)}
2025-09-21 23:31:12 -   Sampled distribution: {np.int64(0): np.float64(0.5), np.int64(1): np.float64(0.5)}
2025-09-21 23:31:12 - Subject AVO_017: Sampled 20/74 trials
2025-09-21 23:31:12 -   Original distribution: {np.int64(0): np.float64(0.5), np.int64(1): np.float64(0.5)}
2025-09-21 23:31:12 -   Sampled distribution: {np.int64(0): np.float64(0.5), np.int64(1): np.float64(0.5)}
2025-09-21 23:31:13 - Subject AVO_018: Sampled 20/22 trials
2025-09-21 23:31:13 -   Original distribution: {np.int64(0): np.float64(0.5), np.int64(1): np.float64(0.5)}
2025-09-21 23:31:13 -   Sampled distribution: {np.int64(0): np.float64(0.5), np.int64(1): np.float64(0.5)}
2025-09-21 23:31:13 - Subject AVO_019: Sampled 20/76 trials
2025-09-21 23:31:13 -   Original distribution: {np.int64(0): np.float64(0.5), np.int64(1): np.float64(0.5)}
2025-09-21 23:31:13 -   Sampled distribution: {np.int64(0): np.float64(0.5), np.int64(1): np.float64(0.5)}
2025-09-21 23:31:14 - Subject AVO_020: Sampled 20/76 trials
2025-09-21 23:31:14 -   Original distribution: {np.int64(0): np.float64(0.5), np.int64(1): np.float64(0.5)}
2025-09-21 23:31:14 -   Sampled distribution: {np.int64(0): np.float64(0.5), np.int64(1): np.float64(0.5)}
2025-09-21 23:31:14 - Subject AVO_021: Sampled 20/80 trials
2025-09-21 23:31:14 -   Original distribution: {np.int64(0): np.float64(0.5), np.int64(1): np.float64(0.5)}
2025-09-21 23:31:14 -   Sampled distribution: {np.int64(0): np.float64(0.5), np.int64(1): np.float64(0.5)}
2025-09-21 23:31:15 - Subject AVO_022: Sampled 20/72 trials
2025-09-21 23:31:15 -   Original distribution: {np.int64(0): np.float64(0.5), np.int64(1): np.float64(0.5)}
2025-09-21 23:31:15 -   Sampled distribution: {np.int64(0): np.float64(0.5), np.int64(1): np.float64(0.5)}
2025-09-21 23:31:15 - Subject AVO_023: Sampled 20/78 trials
2025-09-21 23:31:15 -   Original distribution: {np.int64(0): np.float64(0.5), np.int64(1): np.float64(0.5)}
2025-09-21 23:31:15 -   Sampled distribution: {np.int64(0): np.float64(0.5), np.int64(1): np.float64(0.5)}
2025-09-21 23:31:15 - Subject AVO_024: Sampled 20/92 trials
2025-09-21 23:31:15 -   Original distribution: {np.int64(0): np.float64(0.5), np.int64(1): np.float64(0.5)}
2025-09-21 23:31:15 -   Sampled distribution: {np.int64(0): np.float64(0.5), np.int64(1): np.float64(0.5)}
2025-09-21 23:31:16 - Subject AVO_025: Sampled 20/64 trials
2025-09-21 23:31:16 -   Original distribution: {np.int64(0): np.float64(0.5), np.int64(1): np.float64(0.5)}
2025-09-21 23:31:16 -   Sampled distribution: {np.int64(0): np.float64(0.5), np.int64(1): np.float64(0.5)}
2025-09-21 23:31:16 - Subject AVO_026: Sampled 20/82 trials
2025-09-21 23:31:16 -   Original distribution: {np.int64(0): np.float64(0.5), np.int64(1): np.float64(0.5)}
2025-09-21 23:31:16 -   Sampled distribution: {np.int64(0): np.float64(0.5), np.int64(1): np.float64(0.5)}
2025-09-21 23:31:17 - Subject AVO_027: Sampled 20/70 trials
2025-09-21 23:31:17 -   Original distribution: {np.int64(0): np.float64(0.5), np.int64(1): np.float64(0.5)}
2025-09-21 23:31:17 -   Sampled distribution: {np.int64(0): np.float64(0.5), np.int64(1): np.float64(0.5)}
2025-09-21 23:31:17 - Subject AVO_028: Sampled 20/82 trials
2025-09-21 23:31:17 -   Original distribution: {np.int64(0): np.float64(0.5), np.int64(1): np.float64(0.5)}
2025-09-21 23:31:17 -   Sampled distribution: {np.int64(0): np.float64(0.5), np.int64(1): np.float64(0.5)}
2025-09-21 23:31:18 - Subject AVO_029: Sampled 20/84 trials
2025-09-21 23:31:18 -   Original distribution: {np.int64(0): np.float64(0.5), np.int64(1): np.float64(0.5)}
2025-09-21 23:31:18 -   Sampled distribution: {np.int64(0): np.float64(0.5), np.int64(1): np.float64(0.5)}
2025-09-21 23:31:18 - Subject AVO_030: Sampled 20/72 trials
2025-09-21 23:31:18 -   Original distribution: {np.int64(0): np.float64(0.5), np.int64(1): np.float64(0.5)}
2025-09-21 23:31:18 -   Sampled distribution: {np.int64(0): np.float64(0.5), np.int64(1): np.float64(0.5)}
2025-09-21 23:31:18 - Subject AVO_031: Sampled 20/88 trials
2025-09-21 23:31:18 -   Original distribution: {np.int64(0): np.float64(0.5), np.int64(1): np.float64(0.5)}
2025-09-21 23:31:18 -   Sampled distribution: {np.int64(0): np.float64(0.5), np.int64(1): np.float64(0.5)}
2025-09-21 23:31:19 - Subject AVO_032: Sampled 20/96 trials
2025-09-21 23:31:19 -   Original distribution: {np.int64(0): np.float64(0.5), np.int64(1): np.float64(0.5)}
2025-09-21 23:31:19 -   Sampled distribution: {np.int64(0): np.float64(0.5), np.int64(1): np.float64(0.5)}
2025-09-21 23:31:19 - Subject AVO_033: Sampled 20/78 trials
2025-09-21 23:31:19 -   Original distribution: {np.int64(0): np.float64(0.5), np.int64(1): np.float64(0.5)}
2025-09-21 23:31:19 -   Sampled distribution: {np.int64(0): np.float64(0.5), np.int64(1): np.float64(0.5)}
2025-09-21 23:31:20 - Subject AVO_034: Sampled 20/72 trials
2025-09-21 23:31:20 -   Original distribution: {np.int64(0): np.float64(0.5), np.int64(1): np.float64(0.5)}
2025-09-21 23:31:20 -   Sampled distribution: {np.int64(0): np.float64(0.5), np.int64(1): np.float64(0.5)}
2025-09-21 23:31:20 - Subject AVO_035: Sampled 20/88 trials
2025-09-21 23:31:20 -   Original distribution: {np.int64(0): np.float64(0.5), np.int64(1): np.float64(0.5)}
2025-09-21 23:31:20 -   Sampled distribution: {np.int64(0): np.float64(0.5), np.int64(1): np.float64(0.5)}
2025-09-21 23:31:21 - Subject AVO_036: Sampled 20/84 trials
2025-09-21 23:31:21 -   Original distribution: {np.int64(0): np.float64(0.5), np.int64(1): np.float64(0.5)}
2025-09-21 23:31:21 -   Sampled distribution: {np.int64(0): np.float64(0.5), np.int64(1): np.float64(0.5)}
2025-09-21 23:31:21 - Subject AVO_037: Sampled 20/86 trials
2025-09-21 23:31:21 -   Original distribution: {np.int64(0): np.float64(0.5), np.int64(1): np.float64(0.5)}
2025-09-21 23:31:21 -   Sampled distribution: {np.int64(0): np.float64(0.5), np.int64(1): np.float64(0.5)}
2025-09-21 23:31:22 - Subject AVO_038: Sampled 20/100 trials
2025-09-21 23:31:22 -   Original distribution: {np.int64(0): np.float64(0.5), np.int64(1): np.float64(0.5)}
2025-09-21 23:31:22 -   Sampled distribution: {np.int64(0): np.float64(0.5), np.int64(1): np.float64(0.5)}
2025-09-21 23:31:22 - Subject AVO_039: Sampled 20/70 trials
2025-09-21 23:31:22 -   Original distribution: {np.int64(0): np.float64(0.5), np.int64(1): np.float64(0.5)}
2025-09-21 23:31:22 -   Sampled distribution: {np.int64(0): np.float64(0.5), np.int64(1): np.float64(0.5)}
2025-09-21 23:31:22 - Subject AVO_040: Sampled 20/84 trials
2025-09-21 23:31:22 -   Original distribution: {np.int64(0): np.float64(0.5), np.int64(1): np.float64(0.5)}
2025-09-21 23:31:22 -   Sampled distribution: {np.int64(0): np.float64(0.5), np.int64(1): np.float64(0.5)}
2025-09-21 23:31:22 - Nested CV dataset summary:
2025-09-21 23:31:22 -   Total subjects: 80
2025-09-21 23:31:22 -   Total trials: 3988
2025-09-21 23:31:22 -   Average trials per subject: 49.9
2025-09-21 23:31:22 -   P3 dataset: 40 subjects, 3188 trials (79.7 trials/subject)
2025-09-21 23:31:22 -   AVO dataset: 40 subjects, 800 trials (20.0 trials/subject)
2025-09-21 23:31:22 -   Class distribution: {np.int64(0): np.int64(1994), np.int64(1): np.int64(1994)}
2025-09-21 23:31:22 -   Class proportions: [0.5 0.5]
2025-09-21 23:31:22 -   NOTE: Datasets have different trial counts - StratifiedKFold will handle balanced sampling
2025-09-21 23:31:22 - Enhanced preprocessing increased channels from 5 to 25
2025-09-21 23:31:22 - Starting Cross-Validation for EEGConformer
2025-09-21 23:31:22 - Configuration: 5-fold CV, 5 repeats
2025-09-21 23:31:22 - Data split ratios: Train=0.7, Val=0.1, Test=0.2
2025-09-21 23:31:22 - Repeat 1/5
2025-09-21 23:31:22 -   Fold 1/5
2025-09-21 23:31:22 -     Fold split: Train=2791, Val=399
