2025-09-19 20:28:16 - 
Experiment Configuration:
2025-09-19 20:28:16 - --------------------------------------------------
2025-09-19 20:28:16 - dataset: use_combined_datasets
2025-09-19 20:28:16 - use_combined_datasets: True
2025-09-19 20:28:16 - electrode_list: all
2025-09-19 20:28:16 - classifier: EEGConformer
2025-09-19 20:28:16 - separate_subject_classification: False
2025-09-19 20:28:16 - use_subject_layer: False
2025-09-19 20:28:16 - seeds: [42]
2025-09-19 20:28:16 - electrode_fusion_method: spatial_attention
2025-09-19 20:28:16 - domain_adaptation_method: ms_mda
2025-09-19 20:28:16 - enable_comprehensive_evaluation: True
2025-09-19 20:28:16 - enable_domain_analysis: True
2025-09-19 20:28:16 - enable_small_sample_analysis: False
2025-09-19 20:28:16 - small_sample_sizes: [5, 10, 15, 20]
2025-09-19 20:28:16 - small_sample_subjects: [5, 10, 15]
2025-09-19 20:28:16 - --------------------------------------------------
2025-09-19 20:28:16 - 
==================================================
2025-09-19 20:28:16 - Processing Combined P3 and AVO Datasets
2025-09-19 20:28:16 - ==================================================
2025-09-19 20:28:16 - 启用融合方法: spatial_attention, 域适应: ms_mda
2025-09-19 20:28:16 - 融合模式：使用各数据集的原生电极配置
2025-09-19 20:28:16 - Processing datasets: ['P3', 'AVO']
2025-09-19 20:28:16 - Processing dataset: P3
2025-09-19 20:28:27 - Dataset P3 processed: 1120 training samples
2025-09-19 20:28:27 - Processing dataset: AVO
2025-09-19 20:28:36 - Dataset AVO processed: 1080 training samples
2025-09-19 20:28:36 - Created data loaders for P3
2025-09-19 20:28:36 - Created data loaders for AVO
2025-09-19 20:28:36 - Training fusion model: spatial_attention with domain adaptation: ms_mda
2025-09-19 20:28:47 - Fusion experiment completed successfully
2025-09-19 20:28:47 - Final accuracy: 0.586111111111111
