2025-09-21 12:51:28 - 
Experiment Configuration:
2025-09-21 12:51:28 - --------------------------------------------------
2025-09-21 12:51:28 - dataset: use_combined_datasets
2025-09-21 12:51:28 - use_combined_datasets: True
2025-09-21 12:51:28 - electrode_list: common
2025-09-21 12:51:28 - classifier: SepConv1D
2025-09-21 12:51:28 - separate_subject_classification: False
2025-09-21 12:51:28 - use_subject_layer: False
2025-09-21 12:51:28 - seeds: [42]
2025-09-21 12:51:28 - use_nested_cv: True
2025-09-21 12:51:28 - electrode_fusion_method: none
2025-09-21 12:51:28 - domain_adaptation_method: none
2025-09-21 12:51:28 - enable_comprehensive_evaluation: True
2025-09-21 12:51:28 - enable_domain_analysis: True
2025-09-21 12:51:28 - enable_small_sample_analysis: False
2025-09-21 12:51:28 - small_sample_sizes: [5, 10, 15, 20]
2025-09-21 12:51:28 - small_sample_subjects: [5, 10, 15]
2025-09-21 12:51:28 - --------------------------------------------------
2025-09-21 12:51:28 - 
==================================================
2025-09-21 12:51:28 - Processing Combined P3 and AVO Datasets
2025-09-21 12:51:28 - ==================================================
2025-09-21 12:51:28 - 使用传统方法（无融合）
2025-09-21 12:51:28 - Using Cross-Validation (simplified approach)
2025-09-21 12:51:28 - Configuration: 5-fold CV, 1 repeats
2025-09-21 12:51:28 - ============================================================
2025-09-21 12:51:28 - CROSS-VALIDATION CONFIGURATION
2025-09-21 12:51:28 - ============================================================
2025-09-21 12:51:28 - Datasets: ['P3', 'AVO']
2025-09-21 12:51:28 - CV folds: 5
2025-09-21 12:51:28 - Repeats: 1
2025-09-21 12:51:28 - Confidence level: 0.95
2025-09-21 12:51:28 - ============================================================
2025-09-21 12:51:28 - STRATIFIED SAMPLING CONFIGURATION
2025-09-21 12:51:28 - ============================================================
2025-09-21 12:51:28 - Nested CV Mode: Trial counts per subject by dataset
2025-09-21 12:51:28 -   P3 dataset: 200 trials per subject
2025-09-21 12:51:28 -   AVO dataset: 20 trials per subject
2025-09-21 12:51:28 - Sampling strategy: Multi-level stratified sampling
2025-09-21 12:51:28 -   - Subject-level: Stratified trial selection per subject
2025-09-21 12:51:28 -   - Dataset-level: Stratified sampling when dataset trial counts differ
2025-09-21 12:51:28 -   - Fold-level: StratifiedKFold for 5-fold CV
2025-09-21 12:51:28 -   - Train/Val split: Stratified train_test_split within each fold
2025-09-21 12:51:28 - ============================================================
2025-09-21 12:51:35 - Subject AVO_001: Sampled 20/70 trials
2025-09-21 12:51:35 -   Original distribution: {0: 0.5, 1: 0.5}
2025-09-21 12:51:35 -   Sampled distribution: {0: 0.5, 1: 0.5}
2025-09-21 12:51:35 - Subject AVO_002: Sampled 20/70 trials
2025-09-21 12:51:35 -   Original distribution: {0: 0.5, 1: 0.5}
2025-09-21 12:51:35 -   Sampled distribution: {0: 0.5, 1: 0.5}
2025-09-21 12:51:35 - Subject AVO_003: Sampled 20/88 trials
2025-09-21 12:51:35 -   Original distribution: {0: 0.5, 1: 0.5}
2025-09-21 12:51:35 -   Sampled distribution: {0: 0.5, 1: 0.5}
2025-09-21 12:51:35 - Subject AVO_004: Sampled 20/84 trials
2025-09-21 12:51:35 -   Original distribution: {0: 0.5, 1: 0.5}
2025-09-21 12:51:35 -   Sampled distribution: {0: 0.5, 1: 0.5}
2025-09-21 12:51:36 - Subject AVO_005: Sampled 20/70 trials
2025-09-21 12:51:36 -   Original distribution: {0: 0.5, 1: 0.5}
2025-09-21 12:51:36 -   Sampled distribution: {0: 0.5, 1: 0.5}
2025-09-21 12:51:36 - Subject AVO_006: Sampled 20/74 trials
2025-09-21 12:51:36 -   Original distribution: {0: 0.5, 1: 0.5}
2025-09-21 12:51:36 -   Sampled distribution: {0: 0.5, 1: 0.5}
2025-09-21 12:51:36 - Subject AVO_007: Sampled 20/78 trials
2025-09-21 12:51:36 -   Original distribution: {0: 0.5, 1: 0.5}
2025-09-21 12:51:36 -   Sampled distribution: {0: 0.5, 1: 0.5}
2025-09-21 12:51:36 - Subject AVO_008: Sampled 20/72 trials
2025-09-21 12:51:36 -   Original distribution: {0: 0.5, 1: 0.5}
2025-09-21 12:51:36 -   Sampled distribution: {0: 0.5, 1: 0.5}
2025-09-21 12:51:36 - Subject AVO_009: Sampled 20/76 trials
2025-09-21 12:51:36 -   Original distribution: {0: 0.5, 1: 0.5}
2025-09-21 12:51:36 -   Sampled distribution: {0: 0.5, 1: 0.5}
2025-09-21 12:51:36 - Subject AVO_010: Sampled 20/70 trials
2025-09-21 12:51:36 -   Original distribution: {0: 0.5, 1: 0.5}
2025-09-21 12:51:36 -   Sampled distribution: {0: 0.5, 1: 0.5}
2025-09-21 12:51:37 - Subject AVO_011: Sampled 20/60 trials
2025-09-21 12:51:37 -   Original distribution: {0: 0.5, 1: 0.5}
2025-09-21 12:51:37 -   Sampled distribution: {0: 0.5, 1: 0.5}
2025-09-21 12:51:37 - Subject AVO_012: Sampled 20/72 trials
2025-09-21 12:51:37 -   Original distribution: {0: 0.5, 1: 0.5}
2025-09-21 12:51:37 -   Sampled distribution: {0: 0.5, 1: 0.5}
2025-09-21 12:51:37 - Subject AVO_013: Sampled 20/72 trials
2025-09-21 12:51:37 -   Original distribution: {0: 0.5, 1: 0.5}
2025-09-21 12:51:37 -   Sampled distribution: {0: 0.5, 1: 0.5}
2025-09-21 12:51:37 - Subject AVO_014: Sampled 20/72 trials
2025-09-21 12:51:37 -   Original distribution: {0: 0.5, 1: 0.5}
2025-09-21 12:51:37 -   Sampled distribution: {0: 0.5, 1: 0.5}
2025-09-21 12:51:37 - Subject AVO_015: Sampled 20/56 trials
2025-09-21 12:51:37 -   Original distribution: {0: 0.5, 1: 0.5}
2025-09-21 12:51:37 -   Sampled distribution: {0: 0.5, 1: 0.5}
2025-09-21 12:51:37 - Subject AVO_016: Sampled 20/70 trials
2025-09-21 12:51:37 -   Original distribution: {0: 0.5, 1: 0.5}
2025-09-21 12:51:37 -   Sampled distribution: {0: 0.5, 1: 0.5}
2025-09-21 12:51:37 - Subject AVO_017: Sampled 20/74 trials
2025-09-21 12:51:37 -   Original distribution: {0: 0.5, 1: 0.5}
2025-09-21 12:51:37 -   Sampled distribution: {0: 0.5, 1: 0.5}
2025-09-21 12:51:38 - Subject AVO_018: Sampled 20/22 trials
2025-09-21 12:51:38 -   Original distribution: {0: 0.5, 1: 0.5}
2025-09-21 12:51:38 -   Sampled distribution: {0: 0.5, 1: 0.5}
2025-09-21 12:51:38 - Subject AVO_019: Sampled 20/76 trials
2025-09-21 12:51:38 -   Original distribution: {0: 0.5, 1: 0.5}
2025-09-21 12:51:38 -   Sampled distribution: {0: 0.5, 1: 0.5}
2025-09-21 12:51:38 - Subject AVO_020: Sampled 20/76 trials
2025-09-21 12:51:38 -   Original distribution: {0: 0.5, 1: 0.5}
2025-09-21 12:51:38 -   Sampled distribution: {0: 0.5, 1: 0.5}
2025-09-21 12:51:38 - Subject AVO_021: Sampled 20/82 trials
2025-09-21 12:51:38 -   Original distribution: {0: 0.5, 1: 0.5}
2025-09-21 12:51:38 -   Sampled distribution: {0: 0.5, 1: 0.5}
2025-09-21 12:51:38 - Subject AVO_022: Sampled 20/72 trials
2025-09-21 12:51:38 -   Original distribution: {0: 0.5, 1: 0.5}
2025-09-21 12:51:38 -   Sampled distribution: {0: 0.5, 1: 0.5}
2025-09-21 12:51:38 - Subject AVO_023: Sampled 20/78 trials
2025-09-21 12:51:38 -   Original distribution: {0: 0.5, 1: 0.5}
2025-09-21 12:51:38 -   Sampled distribution: {0: 0.5, 1: 0.5}
2025-09-21 12:51:39 - Subject AVO_024: Sampled 20/92 trials
2025-09-21 12:51:39 -   Original distribution: {0: 0.5, 1: 0.5}
2025-09-21 12:51:39 -   Sampled distribution: {0: 0.5, 1: 0.5}
2025-09-21 12:51:39 - Subject AVO_025: Sampled 20/64 trials
2025-09-21 12:51:39 -   Original distribution: {0: 0.5, 1: 0.5}
2025-09-21 12:51:39 -   Sampled distribution: {0: 0.5, 1: 0.5}
2025-09-21 12:51:39 - Subject AVO_026: Sampled 20/80 trials
2025-09-21 12:51:39 -   Original distribution: {0: 0.5, 1: 0.5}
2025-09-21 12:51:39 -   Sampled distribution: {0: 0.5, 1: 0.5}
2025-09-21 12:51:39 - Subject AVO_027: Sampled 20/68 trials
2025-09-21 12:51:39 -   Original distribution: {0: 0.5, 1: 0.5}
2025-09-21 12:51:39 -   Sampled distribution: {0: 0.5, 1: 0.5}
2025-09-21 12:51:39 - Subject AVO_028: Sampled 20/84 trials
2025-09-21 12:51:39 -   Original distribution: {0: 0.5, 1: 0.5}
2025-09-21 12:51:39 -   Sampled distribution: {0: 0.5, 1: 0.5}
2025-09-21 12:51:39 - Subject AVO_029: Sampled 20/84 trials
2025-09-21 12:51:39 -   Original distribution: {0: 0.5, 1: 0.5}
2025-09-21 12:51:39 -   Sampled distribution: {0: 0.5, 1: 0.5}
2025-09-21 12:51:40 - Subject AVO_030: Sampled 20/72 trials
2025-09-21 12:51:40 -   Original distribution: {0: 0.5, 1: 0.5}
2025-09-21 12:51:40 -   Sampled distribution: {0: 0.5, 1: 0.5}
2025-09-21 12:51:40 - Subject AVO_031: Sampled 20/88 trials
2025-09-21 12:51:40 -   Original distribution: {0: 0.5, 1: 0.5}
2025-09-21 12:51:40 -   Sampled distribution: {0: 0.5, 1: 0.5}
2025-09-21 12:51:40 - Subject AVO_032: Sampled 20/96 trials
2025-09-21 12:51:40 -   Original distribution: {0: 0.5, 1: 0.5}
2025-09-21 12:51:40 -   Sampled distribution: {0: 0.5, 1: 0.5}
2025-09-21 12:51:40 - Subject AVO_033: Sampled 20/78 trials
2025-09-21 12:51:40 -   Original distribution: {0: 0.5, 1: 0.5}
2025-09-21 12:51:40 -   Sampled distribution: {0: 0.5, 1: 0.5}
2025-09-21 12:51:40 - Subject AVO_034: Sampled 20/72 trials
2025-09-21 12:51:40 -   Original distribution: {0: 0.5, 1: 0.5}
2025-09-21 12:51:40 -   Sampled distribution: {0: 0.5, 1: 0.5}
2025-09-21 12:51:40 - Subject AVO_035: Sampled 20/88 trials
2025-09-21 12:51:40 -   Original distribution: {0: 0.5, 1: 0.5}
2025-09-21 12:51:40 -   Sampled distribution: {0: 0.5, 1: 0.5}
2025-09-21 12:51:40 - Subject AVO_036: Sampled 20/84 trials
2025-09-21 12:51:40 -   Original distribution: {0: 0.5, 1: 0.5}
2025-09-21 12:51:40 -   Sampled distribution: {0: 0.5, 1: 0.5}
2025-09-21 12:51:41 - Subject AVO_037: Sampled 20/86 trials
2025-09-21 12:51:41 -   Original distribution: {0: 0.5, 1: 0.5}
2025-09-21 12:51:41 -   Sampled distribution: {0: 0.5, 1: 0.5}
2025-09-21 12:51:41 - Subject AVO_038: Sampled 20/100 trials
2025-09-21 12:51:41 -   Original distribution: {0: 0.5, 1: 0.5}
2025-09-21 12:51:41 -   Sampled distribution: {0: 0.5, 1: 0.5}
2025-09-21 12:51:41 - Subject AVO_039: Sampled 20/70 trials
2025-09-21 12:51:41 -   Original distribution: {0: 0.5, 1: 0.5}
2025-09-21 12:51:41 -   Sampled distribution: {0: 0.5, 1: 0.5}
2025-09-21 12:51:41 - Subject AVO_040: Sampled 20/84 trials
2025-09-21 12:51:41 -   Original distribution: {0: 0.5, 1: 0.5}
2025-09-21 12:51:41 -   Sampled distribution: {0: 0.5, 1: 0.5}
2025-09-21 12:51:41 - Nested CV dataset summary:
2025-09-21 12:51:41 -   Total subjects: 80
2025-09-21 12:51:41 -   Total trials: 3988
2025-09-21 12:51:41 -   Average trials per subject: 49.9
2025-09-21 12:51:41 -   P3 dataset: 40 subjects, 3188 trials (79.7 trials/subject)
2025-09-21 12:51:41 -   AVO dataset: 40 subjects, 800 trials (20.0 trials/subject)
2025-09-21 12:51:41 -   Class distribution: {0: 1994, 1: 1994}
2025-09-21 12:51:41 -   Class proportions: [0.5 0.5]
2025-09-21 12:51:41 -   NOTE: Datasets have different trial counts - StratifiedKFold will handle balanced sampling
2025-09-21 12:51:41 - Enhanced preprocessing increased channels from 5 to 25
2025-09-21 12:51:41 - Starting Cross-Validation for SepConv1D
2025-09-21 12:51:41 - Configuration: 5-fold CV, 1 repeats
2025-09-21 12:51:41 - Data split ratios: Train=0.7, Val=0.1, Test=0.2
2025-09-21 12:51:41 - Repeat 1/1
2025-09-21 12:51:41 -   Fold 1/5
2025-09-21 12:51:41 -     Fold split: Train=2791, Val=399
2025-09-21 12:52:10 -     Test accuracy: 0.6416
2025-09-21 12:52:10 -   Fold 2/5
2025-09-21 12:52:10 -     Fold split: Train=2791, Val=399
2025-09-21 12:52:36 -     Test accuracy: 0.6579
2025-09-21 12:52:36 -   Fold 3/5
2025-09-21 12:52:36 -     Fold split: Train=2791, Val=399
2025-09-21 12:53:07 -     Test accuracy: 0.6341
2025-09-21 12:53:07 -   Fold 4/5
2025-09-21 12:53:07 -     Fold split: Train=2792, Val=399
2025-09-21 12:53:45 -     Test accuracy: 0.6374
2025-09-21 12:53:45 -   Fold 5/5
2025-09-21 12:53:45 -     Fold split: Train=2792, Val=399
2025-09-21 12:54:48 -     Test accuracy: 0.6186
2025-09-21 12:54:48 -   Repeat 1 mean accuracy: 0.6379 ± 0.0127
2025-09-21 12:54:48 - Cross-Validation completed for SepConv1D
2025-09-21 12:54:48 - Final accuracy: 0.6379 ± 0.0142
2025-09-21 12:54:48 - 95% CI: [0.6203, 0.6555]
2025-09-21 12:54:48 - 
============================================================
2025-09-21 12:54:48 - CROSS-VALIDATION RESULTS
2025-09-21 12:54:48 - ============================================================
2025-09-21 12:54:48 - Model: SepConv1D
2025-09-21 12:54:48 - Overall accuracy: 0.6379 ± 0.0142
2025-09-21 12:54:48 - 95% Confidence Interval: [0.6203, 0.6555]
2025-09-21 12:54:48 - Statistical significance: 5 evaluations
2025-09-21 12:54:48 - Precision: 0.6557 [0.6269, 0.6845]
2025-09-21 12:54:48 - Recall: 0.5882 [0.4856, 0.6908]
2025-09-21 12:54:48 - F1_Score: 0.6167 [0.5697, 0.6638]
2025-09-21 12:54:48 - Auc: 0.6930 [0.6806, 0.7053]
2025-09-21 12:54:48 - ============================================================
2025-09-21 12:54:48 - Individual subject results skipped - using Nested Cross-Validation results
2025-09-21 12:54:48 - Dataset-specific results from Nested Cross-Validation:
2025-09-21 12:54:48 - P3 Dataset - Nested CV Results:
2025-09-21 12:54:48 -   Mean Accuracy: 0.6399 ± 0.0129
2025-09-21 12:54:48 -   95% CI: [0.6238, 0.6559]
2025-09-21 12:54:48 -   AUC: 0.6955 ± 0.0071
2025-09-21 12:54:48 - AVO Dataset - Nested CV Results:
2025-09-21 12:54:48 -   Mean Accuracy: 0.6325 ± 0.0415
2025-09-21 12:54:48 -   95% CI: [0.5811, 0.6840]
2025-09-21 12:54:48 -   AUC: 0.6857 ± 0.0516
