2025-09-21 17:20:31 - 
Experiment Configuration:
2025-09-21 17:20:31 - --------------------------------------------------
2025-09-21 17:20:31 - dataset: use_combined_datasets
2025-09-21 17:20:31 - use_combined_datasets: True
2025-09-21 17:20:31 - electrode_list: common
2025-09-21 17:20:31 - classifier: EEGConformer
2025-09-21 17:20:31 - separate_subject_classification: False
2025-09-21 17:20:31 - use_subject_layer: False
2025-09-21 17:20:31 - seeds: [42]
2025-09-21 17:20:31 - use_nested_cv: True
2025-09-21 17:20:31 - electrode_fusion_method: none
2025-09-21 17:20:31 - domain_adaptation_method: none
2025-09-21 17:20:31 - enable_comprehensive_evaluation: True
2025-09-21 17:20:31 - enable_domain_analysis: True
2025-09-21 17:20:31 - enable_small_sample_analysis: False
2025-09-21 17:20:31 - small_sample_sizes: [5, 10, 15, 20]
2025-09-21 17:20:31 - small_sample_subjects: [5, 10, 15]
2025-09-21 17:20:31 - --------------------------------------------------
2025-09-21 17:20:31 - 
==================================================
2025-09-21 17:20:31 - Processing Combined P3 and AVO Datasets
2025-09-21 17:20:31 - ==================================================
2025-09-21 17:20:31 - 使用传统方法（无融合）
2025-09-21 17:20:31 - Using Cross-Validation (simplified approach)
2025-09-21 17:20:31 - Configuration: 5-fold CV, 1 repeats
2025-09-21 17:20:31 - ============================================================
2025-09-21 17:20:31 - CROSS-VALIDATION CONFIGURATION
2025-09-21 17:20:31 - ============================================================
2025-09-21 17:20:31 - Datasets: ['P3', 'AVO']
2025-09-21 17:20:31 - CV folds: 5
2025-09-21 17:20:31 - Repeats: 1
2025-09-21 17:20:31 - Confidence level: 0.95
2025-09-21 17:20:31 - ============================================================
2025-09-21 17:20:31 - STRATIFIED SAMPLING CONFIGURATION
2025-09-21 17:20:31 - ============================================================
2025-09-21 17:20:31 - Nested CV Mode: Trial counts per subject by dataset
2025-09-21 17:20:31 -   P3 dataset: 20 trials per subject
2025-09-21 17:20:31 -   AVO dataset: 200 trials per subject
2025-09-21 17:20:31 - Sampling strategy: Multi-level stratified sampling
2025-09-21 17:20:31 -   - Subject-level: Stratified trial selection per subject
2025-09-21 17:20:31 -   - Dataset-level: Stratified sampling when dataset trial counts differ
2025-09-21 17:20:31 -   - Fold-level: StratifiedKFold for 5-fold CV
2025-09-21 17:20:31 -   - Train/Val split: Stratified train_test_split within each fold
2025-09-21 17:20:31 - ============================================================
2025-09-21 17:20:31 - Subject P3_sub-001: Sampled 20/80 trials
2025-09-21 17:20:31 -   Original distribution: {0: 0.5, 1: 0.5}
2025-09-21 17:20:31 -   Sampled distribution: {0: 0.5, 1: 0.5}
2025-09-21 17:20:32 - Subject P3_sub-002: Sampled 20/80 trials
2025-09-21 17:20:32 -   Original distribution: {0: 0.5, 1: 0.5}
2025-09-21 17:20:32 -   Sampled distribution: {0: 0.5, 1: 0.5}
2025-09-21 17:20:32 - Subject P3_sub-003: Sampled 20/80 trials
2025-09-21 17:20:32 -   Original distribution: {0: 0.5, 1: 0.5}
2025-09-21 17:20:32 -   Sampled distribution: {0: 0.5, 1: 0.5}
2025-09-21 17:20:32 - Subject P3_sub-004: Sampled 20/78 trials
2025-09-21 17:20:32 -   Original distribution: {0: 0.5, 1: 0.5}
2025-09-21 17:20:32 -   Sampled distribution: {0: 0.5, 1: 0.5}
2025-09-21 17:20:32 - Subject P3_sub-005: Sampled 20/80 trials
2025-09-21 17:20:32 -   Original distribution: {0: 0.5, 1: 0.5}
2025-09-21 17:20:32 -   Sampled distribution: {0: 0.5, 1: 0.5}
2025-09-21 17:20:32 - Subject P3_sub-006: Sampled 20/80 trials
2025-09-21 17:20:32 -   Original distribution: {0: 0.5, 1: 0.5}
2025-09-21 17:20:32 -   Sampled distribution: {0: 0.5, 1: 0.5}
2025-09-21 17:20:32 - Subject P3_sub-007: Sampled 20/80 trials
2025-09-21 17:20:32 -   Original distribution: {0: 0.5, 1: 0.5}
2025-09-21 17:20:32 -   Sampled distribution: {0: 0.5, 1: 0.5}
2025-09-21 17:20:33 - Subject P3_sub-008: Sampled 20/80 trials
2025-09-21 17:20:33 -   Original distribution: {0: 0.5, 1: 0.5}
2025-09-21 17:20:33 -   Sampled distribution: {0: 0.5, 1: 0.5}
2025-09-21 17:20:33 - Subject P3_sub-009: Sampled 20/80 trials
2025-09-21 17:20:33 -   Original distribution: {0: 0.5, 1: 0.5}
2025-09-21 17:20:33 -   Sampled distribution: {0: 0.5, 1: 0.5}
2025-09-21 17:20:33 - Subject P3_sub-010: Sampled 20/80 trials
2025-09-21 17:20:33 -   Original distribution: {0: 0.5, 1: 0.5}
2025-09-21 17:20:33 -   Sampled distribution: {0: 0.5, 1: 0.5}
2025-09-21 17:20:33 - Subject P3_sub-011: Sampled 20/80 trials
2025-09-21 17:20:33 -   Original distribution: {0: 0.5, 1: 0.5}
2025-09-21 17:20:33 -   Sampled distribution: {0: 0.5, 1: 0.5}
2025-09-21 17:20:33 - Subject P3_sub-012: Sampled 20/78 trials
2025-09-21 17:20:33 -   Original distribution: {0: 0.5, 1: 0.5}
2025-09-21 17:20:33 -   Sampled distribution: {0: 0.5, 1: 0.5}
2025-09-21 17:20:33 - Subject P3_sub-013: Sampled 20/80 trials
2025-09-21 17:20:33 -   Original distribution: {0: 0.5, 1: 0.5}
2025-09-21 17:20:33 -   Sampled distribution: {0: 0.5, 1: 0.5}
2025-09-21 17:20:33 - Subject P3_sub-014: Sampled 20/80 trials
2025-09-21 17:20:33 -   Original distribution: {0: 0.5, 1: 0.5}
2025-09-21 17:20:33 -   Sampled distribution: {0: 0.5, 1: 0.5}
2025-09-21 17:20:34 - Subject P3_sub-015: Sampled 20/80 trials
2025-09-21 17:20:34 -   Original distribution: {0: 0.5, 1: 0.5}
2025-09-21 17:20:34 -   Sampled distribution: {0: 0.5, 1: 0.5}
2025-09-21 17:20:34 - Subject P3_sub-016: Sampled 20/80 trials
2025-09-21 17:20:34 -   Original distribution: {0: 0.5, 1: 0.5}
2025-09-21 17:20:34 -   Sampled distribution: {0: 0.5, 1: 0.5}
2025-09-21 17:20:34 - Subject P3_sub-017: Sampled 20/80 trials
2025-09-21 17:20:34 -   Original distribution: {0: 0.5, 1: 0.5}
2025-09-21 17:20:34 -   Sampled distribution: {0: 0.5, 1: 0.5}
2025-09-21 17:20:34 - Subject P3_sub-018: Sampled 20/80 trials
2025-09-21 17:20:34 -   Original distribution: {0: 0.5, 1: 0.5}
2025-09-21 17:20:34 -   Sampled distribution: {0: 0.5, 1: 0.5}
2025-09-21 17:20:34 - Subject P3_sub-019: Sampled 20/80 trials
2025-09-21 17:20:34 -   Original distribution: {0: 0.5, 1: 0.5}
2025-09-21 17:20:34 -   Sampled distribution: {0: 0.5, 1: 0.5}
2025-09-21 17:20:34 - Subject P3_sub-020: Sampled 20/78 trials
2025-09-21 17:20:34 -   Original distribution: {0: 0.5, 1: 0.5}
2025-09-21 17:20:34 -   Sampled distribution: {0: 0.5, 1: 0.5}
2025-09-21 17:20:35 - Subject P3_sub-021: Sampled 20/80 trials
2025-09-21 17:20:35 -   Original distribution: {0: 0.5, 1: 0.5}
2025-09-21 17:20:35 -   Sampled distribution: {0: 0.5, 1: 0.5}
2025-09-21 17:20:35 - Subject P3_sub-022: Sampled 20/80 trials
2025-09-21 17:20:35 -   Original distribution: {0: 0.5, 1: 0.5}
2025-09-21 17:20:35 -   Sampled distribution: {0: 0.5, 1: 0.5}
2025-09-21 17:20:35 - Subject P3_sub-023: Sampled 20/78 trials
2025-09-21 17:20:35 -   Original distribution: {0: 0.5, 1: 0.5}
2025-09-21 17:20:35 -   Sampled distribution: {0: 0.5, 1: 0.5}
2025-09-21 17:20:35 - Subject P3_sub-024: Sampled 20/80 trials
2025-09-21 17:20:35 -   Original distribution: {0: 0.5, 1: 0.5}
2025-09-21 17:20:35 -   Sampled distribution: {0: 0.5, 1: 0.5}
2025-09-21 17:20:35 - Subject P3_sub-025: Sampled 20/80 trials
2025-09-21 17:20:35 -   Original distribution: {0: 0.5, 1: 0.5}
2025-09-21 17:20:35 -   Sampled distribution: {0: 0.5, 1: 0.5}
2025-09-21 17:20:35 - Subject P3_sub-026: Sampled 20/80 trials
2025-09-21 17:20:35 -   Original distribution: {0: 0.5, 1: 0.5}
2025-09-21 17:20:35 -   Sampled distribution: {0: 0.5, 1: 0.5}
2025-09-21 17:20:36 - Subject P3_sub-027: Sampled 20/80 trials
2025-09-21 17:20:36 -   Original distribution: {0: 0.5, 1: 0.5}
2025-09-21 17:20:36 -   Sampled distribution: {0: 0.5, 1: 0.5}
2025-09-21 17:20:36 - Subject P3_sub-028: Sampled 20/80 trials
2025-09-21 17:20:36 -   Original distribution: {0: 0.5, 1: 0.5}
2025-09-21 17:20:36 -   Sampled distribution: {0: 0.5, 1: 0.5}
2025-09-21 17:20:36 - Subject P3_sub-029: Sampled 20/80 trials
2025-09-21 17:20:36 -   Original distribution: {0: 0.5, 1: 0.5}
2025-09-21 17:20:36 -   Sampled distribution: {0: 0.5, 1: 0.5}
2025-09-21 17:20:36 - Subject P3_sub-030: Sampled 20/80 trials
2025-09-21 17:20:36 -   Original distribution: {0: 0.5, 1: 0.5}
2025-09-21 17:20:36 -   Sampled distribution: {0: 0.5, 1: 0.5}
2025-09-21 17:20:36 - Subject P3_sub-031: Sampled 20/80 trials
2025-09-21 17:20:36 -   Original distribution: {0: 0.5, 1: 0.5}
2025-09-21 17:20:36 -   Sampled distribution: {0: 0.5, 1: 0.5}
2025-09-21 17:20:36 - Subject P3_sub-032: Sampled 20/80 trials
2025-09-21 17:20:36 -   Original distribution: {0: 0.5, 1: 0.5}
2025-09-21 17:20:36 -   Sampled distribution: {0: 0.5, 1: 0.5}
2025-09-21 17:20:36 - Subject P3_sub-033: Sampled 20/80 trials
2025-09-21 17:20:36 -   Original distribution: {0: 0.5, 1: 0.5}
2025-09-21 17:20:36 -   Sampled distribution: {0: 0.5, 1: 0.5}
2025-09-21 17:20:37 - Subject P3_sub-034: Sampled 20/80 trials
2025-09-21 17:20:37 -   Original distribution: {0: 0.5, 1: 0.5}
2025-09-21 17:20:37 -   Sampled distribution: {0: 0.5, 1: 0.5}
2025-09-21 17:20:37 - Subject P3_sub-035: Sampled 20/78 trials
2025-09-21 17:20:37 -   Original distribution: {0: 0.5, 1: 0.5}
2025-09-21 17:20:37 -   Sampled distribution: {0: 0.5, 1: 0.5}
2025-09-21 17:20:37 - Subject P3_sub-036: Sampled 20/80 trials
2025-09-21 17:20:37 -   Original distribution: {0: 0.5, 1: 0.5}
2025-09-21 17:20:37 -   Sampled distribution: {0: 0.5, 1: 0.5}
2025-09-21 17:20:37 - Subject P3_sub-037: Sampled 20/78 trials
2025-09-21 17:20:37 -   Original distribution: {0: 0.5, 1: 0.5}
2025-09-21 17:20:37 -   Sampled distribution: {0: 0.5, 1: 0.5}
2025-09-21 17:20:37 - Subject P3_sub-038: Sampled 20/80 trials
2025-09-21 17:20:37 -   Original distribution: {0: 0.5, 1: 0.5}
2025-09-21 17:20:37 -   Sampled distribution: {0: 0.5, 1: 0.5}
2025-09-21 17:20:37 - Subject P3_sub-039: Sampled 20/80 trials
2025-09-21 17:20:37 -   Original distribution: {0: 0.5, 1: 0.5}
2025-09-21 17:20:37 -   Sampled distribution: {0: 0.5, 1: 0.5}
2025-09-21 17:20:38 - Subject P3_sub-040: Sampled 20/80 trials
2025-09-21 17:20:38 -   Original distribution: {0: 0.5, 1: 0.5}
2025-09-21 17:20:38 -   Sampled distribution: {0: 0.5, 1: 0.5}
2025-09-21 17:20:44 - Nested CV dataset summary:
2025-09-21 17:20:44 -   Total subjects: 80
2025-09-21 17:20:44 -   Total trials: 3824
2025-09-21 17:20:44 -   Average trials per subject: 47.8
2025-09-21 17:20:44 -   P3 dataset: 40 subjects, 800 trials (20.0 trials/subject)
2025-09-21 17:20:44 -   AVO dataset: 40 subjects, 3024 trials (75.6 trials/subject)
2025-09-21 17:20:44 -   Class distribution: {0: 1912, 1: 1912}
2025-09-21 17:20:44 -   Class proportions: [0.5 0.5]
2025-09-21 17:20:44 -   NOTE: Datasets have different trial counts - StratifiedKFold will handle balanced sampling
2025-09-21 17:20:44 - Enhanced preprocessing increased channels from 5 to 25
2025-09-21 17:20:44 - Starting Cross-Validation for EEGConformer
2025-09-21 17:20:44 - Configuration: 5-fold CV, 1 repeats
2025-09-21 17:20:44 - Data split ratios: Train=0.7, Val=0.1, Test=0.2
2025-09-21 17:20:44 - Repeat 1/1
2025-09-21 17:20:44 -   Fold 1/5
2025-09-21 17:20:44 -     Fold split: Train=2676, Val=383
2025-09-21 17:23:29 -     Test accuracy: 0.7359
2025-09-21 17:23:29 -   Fold 2/5
2025-09-21 17:23:29 -     Fold split: Train=2676, Val=383
2025-09-21 17:28:29 -     Test accuracy: 0.7647
2025-09-21 17:28:29 -   Fold 3/5
2025-09-21 17:28:29 -     Fold split: Train=2676, Val=383
2025-09-21 17:31:39 -     Test accuracy: 0.7490
2025-09-21 17:31:39 -   Fold 4/5
2025-09-21 17:31:39 -     Fold split: Train=2676, Val=383
2025-09-21 17:34:29 -     Test accuracy: 0.7569
2025-09-21 17:34:29 -   Fold 5/5
2025-09-21 17:34:29 -     Fold split: Train=2677, Val=383
2025-09-21 17:38:33 -     Test accuracy: 0.7749
2025-09-21 17:38:33 -   Repeat 1 mean accuracy: 0.7563 ± 0.0133
2025-09-21 17:38:33 - Cross-Validation completed for EEGConformer
2025-09-21 17:38:33 - Final accuracy: 0.7563 ± 0.0149
2025-09-21 17:38:33 - 95% CI: [0.7378, 0.7747]
2025-09-21 17:38:33 - 
============================================================
2025-09-21 17:38:33 - CROSS-VALIDATION RESULTS
2025-09-21 17:38:33 - ============================================================
2025-09-21 17:38:33 - Model: EEGConformer
2025-09-21 17:38:33 - Overall accuracy: 0.7563 ± 0.0149
2025-09-21 17:38:33 - 95% Confidence Interval: [0.7378, 0.7747]
2025-09-21 17:38:33 - Statistical significance: 5 evaluations
2025-09-21 17:38:33 - Precision: 0.7327 [0.6909, 0.7745]
2025-09-21 17:38:33 - Recall: 0.8144 [0.7346, 0.8942]
2025-09-21 17:38:33 - F1_Score: 0.7691 [0.7464, 0.7918]
2025-09-21 17:38:33 - Auc: 0.8182 [0.7996, 0.8369]
2025-09-21 17:38:33 - ============================================================
2025-09-21 17:38:33 - Individual subject results skipped - using Nested Cross-Validation results
2025-09-21 17:38:33 - Dataset-specific results from Nested Cross-Validation:
2025-09-21 17:38:33 - P3 Dataset - Nested CV Results:
2025-09-21 17:38:33 -   Mean Accuracy: 0.6080 ± 0.0461
2025-09-21 17:38:33 -   95% CI: [0.5508, 0.6652]
2025-09-21 17:38:33 -   AUC: 0.6294 ± 0.0440
2025-09-21 17:38:33 - AVO Dataset - Nested CV Results:
2025-09-21 17:38:33 -   Mean Accuracy: 0.7952 ± 0.0244
2025-09-21 17:38:33 -   95% CI: [0.7650, 0.8255]
2025-09-21 17:38:33 -   AUC: 0.8598 ± 0.0181
