2025-09-15 12:10:19 - 
Experiment Configuration:
2025-09-15 12:10:19 - --------------------------------------------------
2025-09-15 12:10:19 - dataset: use_combined_datasets
2025-09-15 12:10:19 - use_combined_datasets: True
2025-09-15 12:10:19 - electrode_list: all
2025-09-15 12:10:19 - classifier: EEGConformer
2025-09-15 12:10:19 - separate_subject_classification: False
2025-09-15 12:10:19 - use_subject_layer: False
2025-09-15 12:10:19 - seeds: [42]
2025-09-15 12:10:19 - electrode_fusion_method: graph_gcn
2025-09-15 12:10:19 - domain_adaptation_method: ms_mda
2025-09-15 12:10:19 - enable_comprehensive_evaluation: True
2025-09-15 12:10:19 - enable_domain_analysis: True
2025-09-15 12:10:19 - enable_small_sample_analysis: False
2025-09-15 12:10:19 - small_sample_sizes: [5, 10, 15, 20]
2025-09-15 12:10:19 - small_sample_subjects: [5, 10, 15]
2025-09-15 12:10:19 - --------------------------------------------------
2025-09-15 12:10:19 - 
==================================================
2025-09-15 12:10:19 - Processing Combined P3 and AVO Datasets
2025-09-15 12:10:19 - ==================================================
2025-09-15 12:10:19 - 启用融合方法: graph_gcn, 域适应: ms_mda
2025-09-15 12:10:19 - 融合模式：使用各数据集的原生电极配置
2025-09-15 12:10:19 - Processing datasets: ['P3', 'AVO']
2025-09-15 12:10:19 - Processing dataset: P3
