2025-09-14 18:37:13 - 
Experiment Configuration:
2025-09-14 18:37:13 - --------------------------------------------------
2025-09-14 18:37:13 - dataset: use_combined_datasets
2025-09-14 18:37:13 - use_combined_datasets: True
2025-09-14 18:37:13 - electrode_list: common
2025-09-14 18:37:13 - classifier: EEGConformer
2025-09-14 18:37:13 - separate_subject_classification: False
2025-09-14 18:37:13 - use_subject_layer: False
2025-09-14 18:37:13 - seeds: [42]
2025-09-14 18:37:13 - --------------------------------------------------
2025-09-14 18:37:13 - 
==================================================
2025-09-14 18:37:13 - Processing Combined P3 and AVO Datasets
2025-09-14 18:37:13 - ==================================================
2025-09-14 18:39:20 - 
==================================================
2025-09-14 18:39:20 - Individual Subject Results - Combined Model
2025-09-14 18:39:20 - ==================================================
2025-09-14 18:39:20 - Subject: AVO_001
2025-09-14 18:39:20 -   Accuracy: 82.353%
2025-09-14 18:39:20 -   Precision: 0.833
2025-09-14 18:39:20 -   Recall: 0.909
2025-09-14 18:39:20 -   F1 Score: 0.870
2025-09-14 18:39:20 -   AUC: 0.652
2025-09-14 18:39:20 -   Correct/Total: 14/17
2025-09-14 18:39:20 -   Confusion Matrix Stats:
2025-09-14 18:39:20 -     TP: 10, TN: 4
2025-09-14 18:39:20 -     FP: 2, FN: 1
2025-09-14 18:39:20 - Subject: AVO_002
2025-09-14 18:39:20 -   Accuracy: 66.667%
2025-09-14 18:39:20 -   Precision: 0.600
2025-09-14 18:39:20 -   Recall: 0.600
2025-09-14 18:39:20 -   F1 Score: 0.600
2025-09-14 18:39:20 -   AUC: 0.800
2025-09-14 18:39:20 -   Correct/Total: 8/12
2025-09-14 18:39:20 -   Confusion Matrix Stats:
2025-09-14 18:39:20 -     TP: 3, TN: 5
2025-09-14 18:39:20 -     FP: 2, FN: 2
2025-09-14 18:39:20 - Subject: AVO_003
2025-09-14 18:39:20 -   Accuracy: 88.889%
2025-09-14 18:39:20 -   Precision: 0.818
2025-09-14 18:39:20 -   Recall: 1.000
2025-09-14 18:39:20 -   F1 Score: 0.900
2025-09-14 18:39:20 -   AUC: 1.000
2025-09-14 18:39:20 -   Correct/Total: 16/18
2025-09-14 18:39:20 -   Confusion Matrix Stats:
2025-09-14 18:39:20 -     TP: 9, TN: 7
2025-09-14 18:39:20 -     FP: 2, FN: 0
2025-09-14 18:39:20 - Subject: AVO_004
2025-09-14 18:39:20 -   Accuracy: 87.500%
2025-09-14 18:39:20 -   Precision: 0.778
2025-09-14 18:39:20 -   Recall: 1.000
2025-09-14 18:39:20 -   F1 Score: 0.875
2025-09-14 18:39:20 -   AUC: 0.937
2025-09-14 18:39:20 -   Correct/Total: 14/16
2025-09-14 18:39:20 -   Confusion Matrix Stats:
2025-09-14 18:39:20 -     TP: 7, TN: 7
2025-09-14 18:39:20 -     FP: 2, FN: 0
2025-09-14 18:39:20 - Subject: AVO_005
2025-09-14 18:39:20 -   Accuracy: 81.250%
2025-09-14 18:39:20 -   Precision: 0.833
2025-09-14 18:39:20 -   Recall: 0.909
2025-09-14 18:39:20 -   F1 Score: 0.870
2025-09-14 18:39:20 -   AUC: 0.964
2025-09-14 18:39:20 -   Correct/Total: 13/16
2025-09-14 18:39:20 -   Confusion Matrix Stats:
2025-09-14 18:39:20 -     TP: 10, TN: 3
2025-09-14 18:39:20 -     FP: 2, FN: 1
2025-09-14 18:39:20 - Subject: AVO_006
2025-09-14 18:39:20 -   Accuracy: 68.750%
2025-09-14 18:39:20 -   Precision: 0.500
2025-09-14 18:39:20 -   Recall: 1.000
2025-09-14 18:39:20 -   F1 Score: 0.667
2025-09-14 18:39:20 -   AUC: 0.873
2025-09-14 18:39:20 -   Correct/Total: 11/16
2025-09-14 18:39:20 -   Confusion Matrix Stats:
2025-09-14 18:39:20 -     TP: 5, TN: 6
2025-09-14 18:39:20 -     FP: 5, FN: 0
2025-09-14 18:39:20 - Subject: AVO_007
2025-09-14 18:39:20 -   Accuracy: 76.190%
2025-09-14 18:39:20 -   Precision: 0.692
2025-09-14 18:39:20 -   Recall: 0.900
2025-09-14 18:39:20 -   F1 Score: 0.783
2025-09-14 18:39:20 -   AUC: 0.873
2025-09-14 18:39:20 -   Correct/Total: 16/21
2025-09-14 18:39:20 -   Confusion Matrix Stats:
2025-09-14 18:39:20 -     TP: 9, TN: 7
2025-09-14 18:39:20 -     FP: 4, FN: 1
2025-09-14 18:39:20 - Subject: AVO_008
2025-09-14 18:39:20 -   Accuracy: 83.333%
2025-09-14 18:39:20 -   Precision: 0.778
2025-09-14 18:39:20 -   Recall: 0.875
2025-09-14 18:39:20 -   F1 Score: 0.824
2025-09-14 18:39:20 -   AUC: 0.863
2025-09-14 18:39:20 -   Correct/Total: 15/18
2025-09-14 18:39:20 -   Confusion Matrix Stats:
2025-09-14 18:39:20 -     TP: 7, TN: 8
2025-09-14 18:39:20 -     FP: 2, FN: 1
2025-09-14 18:39:20 - Subject: AVO_009
2025-09-14 18:39:20 -   Accuracy: 91.667%
2025-09-14 18:39:20 -   Precision: 0.857
2025-09-14 18:39:20 -   Recall: 1.000
2025-09-14 18:39:20 -   F1 Score: 0.923
2025-09-14 18:39:20 -   AUC: 1.000
2025-09-14 18:39:20 -   Correct/Total: 11/12
2025-09-14 18:39:20 -   Confusion Matrix Stats:
2025-09-14 18:39:20 -     TP: 6, TN: 5
2025-09-14 18:39:20 -     FP: 1, FN: 0
2025-09-14 18:39:20 - Subject: AVO_010
2025-09-14 18:39:20 -   Accuracy: 75.000%
2025-09-14 18:39:20 -   Precision: 0.556
2025-09-14 18:39:20 -   Recall: 1.000
2025-09-14 18:39:20 -   F1 Score: 0.714
2025-09-14 18:39:20 -   AUC: 0.873
2025-09-14 18:39:20 -   Correct/Total: 12/16
2025-09-14 18:39:20 -   Confusion Matrix Stats:
2025-09-14 18:39:20 -     TP: 5, TN: 7
2025-09-14 18:39:20 -     FP: 4, FN: 0
2025-09-14 18:39:20 - Subject: AVO_011
2025-09-14 18:39:20 -   Accuracy: 66.667%
2025-09-14 18:39:20 -   Precision: 0.800
2025-09-14 18:39:20 -   Recall: 0.667
2025-09-14 18:39:20 -   F1 Score: 0.727
2025-09-14 18:39:20 -   AUC: 0.861
2025-09-14 18:39:20 -   Correct/Total: 12/18
2025-09-14 18:39:20 -   Confusion Matrix Stats:
2025-09-14 18:39:20 -     TP: 8, TN: 4
2025-09-14 18:39:20 -     FP: 2, FN: 4
2025-09-14 18:39:20 - Subject: AVO_012
2025-09-14 18:39:20 -   Accuracy: 75.000%
2025-09-14 18:39:20 -   Precision: 0.800
2025-09-14 18:39:20 -   Recall: 0.800
2025-09-14 18:39:20 -   F1 Score: 0.800
2025-09-14 18:39:20 -   AUC: 0.933
2025-09-14 18:39:20 -   Correct/Total: 6/8
2025-09-14 18:39:20 -   Confusion Matrix Stats:
2025-09-14 18:39:20 -     TP: 4, TN: 2
2025-09-14 18:39:20 -     FP: 1, FN: 1
2025-09-14 18:39:20 - Subject: AVO_013
2025-09-14 18:39:20 -   Accuracy: 66.667%
2025-09-14 18:39:20 -   Precision: 0.875
2025-09-14 18:39:20 -   Recall: 0.636
2025-09-14 18:39:20 -   F1 Score: 0.737
2025-09-14 18:39:20 -   AUC: 0.659
2025-09-14 18:39:20 -   Correct/Total: 10/15
2025-09-14 18:39:20 -   Confusion Matrix Stats:
2025-09-14 18:39:20 -     TP: 7, TN: 3
2025-09-14 18:39:20 -     FP: 1, FN: 4
2025-09-14 18:39:20 - Subject: AVO_014
2025-09-14 18:39:20 -   Accuracy: 72.727%
2025-09-14 18:39:20 -   Precision: 0.727
2025-09-14 18:39:20 -   Recall: 1.000
2025-09-14 18:39:20 -   F1 Score: 0.842
2025-09-14 18:39:20 -   AUC: 0.625
2025-09-14 18:39:20 -   Correct/Total: 8/11
2025-09-14 18:39:20 -   Confusion Matrix Stats:
2025-09-14 18:39:20 -     TP: 8, TN: 0
2025-09-14 18:39:20 -     FP: 3, FN: 0
2025-09-14 18:39:20 - Subject: AVO_015
2025-09-14 18:39:20 -   Accuracy: 87.500%
2025-09-14 18:39:20 -   Precision: 0.833
2025-09-14 18:39:20 -   Recall: 1.000
2025-09-14 18:39:20 -   F1 Score: 0.909
2025-09-14 18:39:20 -   AUC: 1.000
2025-09-14 18:39:20 -   Correct/Total: 14/16
2025-09-14 18:39:20 -   Confusion Matrix Stats:
2025-09-14 18:39:20 -     TP: 10, TN: 4
2025-09-14 18:39:20 -     FP: 2, FN: 0
2025-09-14 18:39:20 - Subject: AVO_016
2025-09-14 18:39:20 -   Accuracy: 81.818%
2025-09-14 18:39:20 -   Precision: 0.778
2025-09-14 18:39:20 -   Recall: 1.000
2025-09-14 18:39:20 -   F1 Score: 0.875
2025-09-14 18:39:20 -   AUC: 0.714
2025-09-14 18:39:20 -   Correct/Total: 9/11
2025-09-14 18:39:20 -   Confusion Matrix Stats:
2025-09-14 18:39:20 -     TP: 7, TN: 2
2025-09-14 18:39:20 -     FP: 2, FN: 0
2025-09-14 18:39:20 - Subject: AVO_017
2025-09-14 18:39:20 -   Accuracy: 84.615%
2025-09-14 18:39:20 -   Precision: 0.750
2025-09-14 18:39:20 -   Recall: 1.000
2025-09-14 18:39:20 -   F1 Score: 0.857
2025-09-14 18:39:20 -   AUC: 0.952
2025-09-14 18:39:20 -   Correct/Total: 11/13
2025-09-14 18:39:20 -   Confusion Matrix Stats:
2025-09-14 18:39:20 -     TP: 6, TN: 5
2025-09-14 18:39:20 -     FP: 2, FN: 0
2025-09-14 18:39:20 - Subject: AVO_018
2025-09-14 18:39:20 -   Accuracy: 60.000%
2025-09-14 18:39:20 -   Precision: 0.333
2025-09-14 18:39:20 -   Recall: 1.000
2025-09-14 18:39:20 -   F1 Score: 0.500
2025-09-14 18:39:20 -   AUC: 1.000
2025-09-14 18:39:20 -   Correct/Total: 3/5
2025-09-14 18:39:20 -   Confusion Matrix Stats:
2025-09-14 18:39:20 -     TP: 1, TN: 2
2025-09-14 18:39:20 -     FP: 2, FN: 0
2025-09-14 18:39:20 - Subject: AVO_019
2025-09-14 18:39:20 -   Accuracy: 100.000%
2025-09-14 18:39:20 -   Precision: 1.000
2025-09-14 18:39:20 -   Recall: 1.000
2025-09-14 18:39:20 -   F1 Score: 1.000
2025-09-14 18:39:20 -   AUC: 1.000
2025-09-14 18:39:20 -   Correct/Total: 6/6
2025-09-14 18:39:20 -   Confusion Matrix Stats:
2025-09-14 18:39:20 -     TP: 3, TN: 3
2025-09-14 18:39:20 -     FP: 0, FN: 0
2025-09-14 18:39:20 - Subject: AVO_020
2025-09-14 18:39:20 -   Accuracy: 82.353%
2025-09-14 18:39:20 -   Precision: 0.667
2025-09-14 18:39:20 -   Recall: 1.000
2025-09-14 18:39:20 -   F1 Score: 0.800
2025-09-14 18:39:20 -   AUC: 0.955
2025-09-14 18:39:20 -   Correct/Total: 14/17
2025-09-14 18:39:20 -   Confusion Matrix Stats:
2025-09-14 18:39:20 -     TP: 6, TN: 8
2025-09-14 18:39:20 -     FP: 3, FN: 0
2025-09-14 18:39:20 - Subject: AVO_021
2025-09-14 18:39:20 -   Accuracy: 89.474%
2025-09-14 18:39:20 -   Precision: 0.750
2025-09-14 18:39:20 -   Recall: 1.000
2025-09-14 18:39:20 -   F1 Score: 0.857
2025-09-14 18:39:20 -   AUC: 1.000
2025-09-14 18:39:20 -   Correct/Total: 17/19
2025-09-14 18:39:20 -   Confusion Matrix Stats:
2025-09-14 18:39:20 -     TP: 6, TN: 11
2025-09-14 18:39:20 -     FP: 2, FN: 0
2025-09-14 18:39:20 - Subject: AVO_022
2025-09-14 18:39:20 -   Accuracy: 91.667%
2025-09-14 18:39:20 -   Precision: 0.857
2025-09-14 18:39:20 -   Recall: 1.000
2025-09-14 18:39:20 -   F1 Score: 0.923
2025-09-14 18:39:20 -   AUC: 1.000
2025-09-14 18:39:20 -   Correct/Total: 11/12
2025-09-14 18:39:20 -   Confusion Matrix Stats:
2025-09-14 18:39:20 -     TP: 6, TN: 5
2025-09-14 18:39:20 -     FP: 1, FN: 0
2025-09-14 18:39:20 - Subject: AVO_023
2025-09-14 18:39:20 -   Accuracy: 71.429%
2025-09-14 18:39:20 -   Precision: 0.571
2025-09-14 18:39:20 -   Recall: 0.800
2025-09-14 18:39:20 -   F1 Score: 0.667
2025-09-14 18:39:20 -   AUC: 0.733
2025-09-14 18:39:20 -   Correct/Total: 10/14
2025-09-14 18:39:20 -   Confusion Matrix Stats:
2025-09-14 18:39:20 -     TP: 4, TN: 6
2025-09-14 18:39:20 -     FP: 3, FN: 1
2025-09-14 18:39:20 - Subject: AVO_024
2025-09-14 18:39:20 -   Accuracy: 90.476%
2025-09-14 18:39:20 -   Precision: 0.923
2025-09-14 18:39:20 -   Recall: 0.923
2025-09-14 18:39:20 -   F1 Score: 0.923
2025-09-14 18:39:20 -   AUC: 0.981
2025-09-14 18:39:20 -   Correct/Total: 19/21
2025-09-14 18:39:20 -   Confusion Matrix Stats:
2025-09-14 18:39:20 -     TP: 12, TN: 7
2025-09-14 18:39:20 -     FP: 1, FN: 1
2025-09-14 18:39:20 - Subject: AVO_025
2025-09-14 18:39:20 -   Accuracy: 80.000%
2025-09-14 18:39:20 -   Precision: 0.750
2025-09-14 18:39:20 -   Recall: 1.000
2025-09-14 18:39:20 -   F1 Score: 0.857
2025-09-14 18:39:20 -   AUC: 0.667
2025-09-14 18:39:20 -   Correct/Total: 8/10
2025-09-14 18:39:20 -   Confusion Matrix Stats:
2025-09-14 18:39:20 -     TP: 6, TN: 2
2025-09-14 18:39:20 -     FP: 2, FN: 0
2025-09-14 18:39:20 - Subject: AVO_026
2025-09-14 18:39:20 -   Accuracy: 87.500%
2025-09-14 18:39:20 -   Precision: 0.778
2025-09-14 18:39:20 -   Recall: 1.000
2025-09-14 18:39:20 -   F1 Score: 0.875
2025-09-14 18:39:20 -   AUC: 0.984
2025-09-14 18:39:20 -   Correct/Total: 14/16
2025-09-14 18:39:20 -   Confusion Matrix Stats:
2025-09-14 18:39:20 -     TP: 7, TN: 7
2025-09-14 18:39:20 -     FP: 2, FN: 0
2025-09-14 18:39:20 - Subject: AVO_027
2025-09-14 18:39:20 -   Accuracy: 71.429%
2025-09-14 18:39:20 -   Precision: 0.667
2025-09-14 18:39:20 -   Recall: 0.909
2025-09-14 18:39:20 -   F1 Score: 0.769
2025-09-14 18:39:20 -   AUC: 0.773
2025-09-14 18:39:20 -   Correct/Total: 15/21
2025-09-14 18:39:20 -   Confusion Matrix Stats:
2025-09-14 18:39:20 -     TP: 10, TN: 5
2025-09-14 18:39:20 -     FP: 5, FN: 1
2025-09-14 18:39:20 - Subject: AVO_028
2025-09-14 18:39:20 -   Accuracy: 87.500%
2025-09-14 18:39:20 -   Precision: 0.750
2025-09-14 18:39:20 -   Recall: 1.000
2025-09-14 18:39:20 -   F1 Score: 0.857
2025-09-14 18:39:20 -   AUC: 0.950
2025-09-14 18:39:20 -   Correct/Total: 14/16
2025-09-14 18:39:20 -   Confusion Matrix Stats:
2025-09-14 18:39:20 -     TP: 6, TN: 8
2025-09-14 18:39:20 -     FP: 2, FN: 0
2025-09-14 18:39:20 - Subject: AVO_029
2025-09-14 18:39:20 -   Accuracy: 80.000%
2025-09-14 18:39:20 -   Precision: 0.600
2025-09-14 18:39:20 -   Recall: 1.000
2025-09-14 18:39:20 -   F1 Score: 0.750
2025-09-14 18:39:20 -   AUC: 0.952
2025-09-14 18:39:20 -   Correct/Total: 16/20
2025-09-14 18:39:20 -   Confusion Matrix Stats:
2025-09-14 18:39:20 -     TP: 6, TN: 10
2025-09-14 18:39:20 -     FP: 4, FN: 0
2025-09-14 18:39:20 - Subject: AVO_030
2025-09-14 18:39:20 -   Accuracy: 80.000%
2025-09-14 18:39:20 -   Precision: 0.714
2025-09-14 18:39:20 -   Recall: 1.000
2025-09-14 18:39:20 -   F1 Score: 0.833
2025-09-14 18:39:20 -   AUC: 0.880
2025-09-14 18:39:20 -   Correct/Total: 8/10
2025-09-14 18:39:20 -   Confusion Matrix Stats:
2025-09-14 18:39:20 -     TP: 5, TN: 3
2025-09-14 18:39:20 -     FP: 2, FN: 0
2025-09-14 18:39:20 - Subject: AVO_031
2025-09-14 18:39:20 -   Accuracy: 75.000%
2025-09-14 18:39:20 -   Precision: 0.750
2025-09-14 18:39:20 -   Recall: 0.818
2025-09-14 18:39:20 -   F1 Score: 0.783
2025-09-14 18:39:20 -   AUC: 0.828
2025-09-14 18:39:20 -   Correct/Total: 15/20
2025-09-14 18:39:20 -   Confusion Matrix Stats:
2025-09-14 18:39:20 -     TP: 9, TN: 6
2025-09-14 18:39:20 -     FP: 3, FN: 2
2025-09-14 18:39:20 - Subject: AVO_032
2025-09-14 18:39:20 -   Accuracy: 91.304%
2025-09-14 18:39:20 -   Precision: 0.900
2025-09-14 18:39:20 -   Recall: 0.900
2025-09-14 18:39:20 -   F1 Score: 0.900
2025-09-14 18:39:20 -   AUC: 0.977
2025-09-14 18:39:20 -   Correct/Total: 21/23
2025-09-14 18:39:20 -   Confusion Matrix Stats:
2025-09-14 18:39:20 -     TP: 9, TN: 12
2025-09-14 18:39:20 -     FP: 1, FN: 1
2025-09-14 18:39:20 - Subject: AVO_033
2025-09-14 18:39:20 -   Accuracy: 86.667%
2025-09-14 18:39:20 -   Precision: 0.714
2025-09-14 18:39:20 -   Recall: 1.000
2025-09-14 18:39:20 -   F1 Score: 0.833
2025-09-14 18:39:20 -   AUC: 0.960
2025-09-14 18:39:20 -   Correct/Total: 13/15
2025-09-14 18:39:20 -   Confusion Matrix Stats:
2025-09-14 18:39:20 -     TP: 5, TN: 8
2025-09-14 18:39:20 -     FP: 2, FN: 0
2025-09-14 18:39:20 - Subject: AVO_034
2025-09-14 18:39:20 -   Accuracy: 80.000%
2025-09-14 18:39:20 -   Precision: 0.667
2025-09-14 18:39:20 -   Recall: 1.000
2025-09-14 18:39:20 -   F1 Score: 0.800
2025-09-14 18:39:20 -   AUC: 0.917
2025-09-14 18:39:20 -   Correct/Total: 8/10
2025-09-14 18:39:20 -   Confusion Matrix Stats:
2025-09-14 18:39:20 -     TP: 4, TN: 4
2025-09-14 18:39:20 -     FP: 2, FN: 0
2025-09-14 18:39:20 - Subject: AVO_035
2025-09-14 18:39:20 -   Accuracy: 92.308%
2025-09-14 18:39:20 -   Precision: 0.833
2025-09-14 18:39:20 -   Recall: 1.000
2025-09-14 18:39:20 -   F1 Score: 0.909
2025-09-14 18:39:20 -   AUC: 0.950
2025-09-14 18:39:20 -   Correct/Total: 12/13
2025-09-14 18:39:20 -   Confusion Matrix Stats:
2025-09-14 18:39:20 -     TP: 5, TN: 7
2025-09-14 18:39:20 -     FP: 1, FN: 0
2025-09-14 18:39:20 - Subject: AVO_036
2025-09-14 18:39:20 -   Accuracy: 73.684%
2025-09-14 18:39:20 -   Precision: 0.714
2025-09-14 18:39:20 -   Recall: 0.625
2025-09-14 18:39:20 -   F1 Score: 0.667
2025-09-14 18:39:20 -   AUC: 0.841
2025-09-14 18:39:20 -   Correct/Total: 14/19
2025-09-14 18:39:20 -   Confusion Matrix Stats:
2025-09-14 18:39:20 -     TP: 5, TN: 9
2025-09-14 18:39:20 -     FP: 2, FN: 3
2025-09-14 18:39:20 - Subject: AVO_037
2025-09-14 18:39:20 -   Accuracy: 78.947%
2025-09-14 18:39:20 -   Precision: 0.750
2025-09-14 18:39:20 -   Recall: 0.900
2025-09-14 18:39:20 -   F1 Score: 0.818
2025-09-14 18:39:20 -   AUC: 0.933
2025-09-14 18:39:20 -   Correct/Total: 15/19
2025-09-14 18:39:20 -   Confusion Matrix Stats:
2025-09-14 18:39:20 -     TP: 9, TN: 6
2025-09-14 18:39:20 -     FP: 3, FN: 1
2025-09-14 18:39:20 - Subject: AVO_038
2025-09-14 18:39:20 -   Accuracy: 72.222%
2025-09-14 18:39:20 -   Precision: 0.615
2025-09-14 18:39:20 -   Recall: 1.000
2025-09-14 18:39:20 -   F1 Score: 0.762
2025-09-14 18:39:20 -   AUC: 0.900
2025-09-14 18:39:20 -   Correct/Total: 13/18
2025-09-14 18:39:20 -   Confusion Matrix Stats:
2025-09-14 18:39:20 -     TP: 8, TN: 5
2025-09-14 18:39:20 -     FP: 5, FN: 0
2025-09-14 18:39:20 - Subject: AVO_039
2025-09-14 18:39:20 -   Accuracy: 63.636%
2025-09-14 18:39:20 -   Precision: 0.600
2025-09-14 18:39:20 -   Recall: 0.600
2025-09-14 18:39:20 -   F1 Score: 0.600
2025-09-14 18:39:20 -   AUC: 0.833
2025-09-14 18:39:20 -   Correct/Total: 7/11
2025-09-14 18:39:20 -   Confusion Matrix Stats:
2025-09-14 18:39:20 -     TP: 3, TN: 4
2025-09-14 18:39:20 -     FP: 2, FN: 2
2025-09-14 18:39:20 - Subject: AVO_040
2025-09-14 18:39:20 -   Accuracy: 75.000%
2025-09-14 18:39:20 -   Precision: 0.706
2025-09-14 18:39:20 -   Recall: 1.000
2025-09-14 18:39:20 -   F1 Score: 0.828
2025-09-14 18:39:20 -   AUC: 0.792
2025-09-14 18:39:20 -   Correct/Total: 15/20
2025-09-14 18:39:20 -   Confusion Matrix Stats:
2025-09-14 18:39:20 -     TP: 12, TN: 3
2025-09-14 18:39:20 -     FP: 5, FN: 0
2025-09-14 18:39:20 - Subject: P3_sub-001
2025-09-14 18:39:20 -   Accuracy: 60.000%
2025-09-14 18:39:20 -   Precision: 0.800
2025-09-14 18:39:20 -   Recall: 0.444
2025-09-14 18:39:20 -   F1 Score: 0.571
2025-09-14 18:39:20 -   AUC: 0.667
2025-09-14 18:39:20 -   Correct/Total: 9/15
2025-09-14 18:39:20 -   Confusion Matrix Stats:
2025-09-14 18:39:20 -     TP: 4, TN: 5
2025-09-14 18:39:20 -     FP: 1, FN: 5
2025-09-14 18:39:20 - Subject: P3_sub-002
2025-09-14 18:39:20 -   Accuracy: 77.778%
2025-09-14 18:39:20 -   Precision: 0.733
2025-09-14 18:39:20 -   Recall: 1.000
2025-09-14 18:39:20 -   F1 Score: 0.846
2025-09-14 18:39:20 -   AUC: 0.987
2025-09-14 18:39:20 -   Correct/Total: 14/18
2025-09-14 18:39:20 -   Confusion Matrix Stats:
2025-09-14 18:39:20 -     TP: 11, TN: 3
2025-09-14 18:39:20 -     FP: 4, FN: 0
2025-09-14 18:39:20 - Subject: P3_sub-003
2025-09-14 18:39:20 -   Accuracy: 70.000%
2025-09-14 18:39:20 -   Precision: 0.600
2025-09-14 18:39:20 -   Recall: 0.750
2025-09-14 18:39:20 -   F1 Score: 0.667
2025-09-14 18:39:20 -   AUC: 0.792
2025-09-14 18:39:20 -   Correct/Total: 7/10
2025-09-14 18:39:20 -   Confusion Matrix Stats:
2025-09-14 18:39:20 -     TP: 3, TN: 4
2025-09-14 18:39:20 -     FP: 2, FN: 1
2025-09-14 18:39:20 - Subject: P3_sub-004
2025-09-14 18:39:20 -   Accuracy: 100.000%
2025-09-14 18:39:20 -   Precision: 1.000
2025-09-14 18:39:20 -   Recall: 1.000
2025-09-14 18:39:20 -   F1 Score: 1.000
2025-09-14 18:39:20 -   AUC: 1.000
2025-09-14 18:39:20 -   Correct/Total: 11/11
2025-09-14 18:39:20 -   Confusion Matrix Stats:
2025-09-14 18:39:20 -     TP: 5, TN: 6
2025-09-14 18:39:20 -     FP: 0, FN: 0
2025-09-14 18:39:20 - Subject: P3_sub-005
2025-09-14 18:39:20 -   Accuracy: 85.714%
2025-09-14 18:39:20 -   Precision: 0.833
2025-09-14 18:39:20 -   Recall: 0.909
2025-09-14 18:39:20 -   F1 Score: 0.870
2025-09-14 18:39:20 -   AUC: 0.973
2025-09-14 18:39:20 -   Correct/Total: 18/21
2025-09-14 18:39:20 -   Confusion Matrix Stats:
2025-09-14 18:39:20 -     TP: 10, TN: 8
2025-09-14 18:39:20 -     FP: 2, FN: 1
2025-09-14 18:39:20 - Subject: P3_sub-006
2025-09-14 18:39:20 -   Accuracy: 42.857%
2025-09-14 18:39:20 -   Precision: 0.500
2025-09-14 18:39:20 -   Recall: 0.375
2025-09-14 18:39:20 -   F1 Score: 0.429
2025-09-14 18:39:20 -   AUC: 0.354
2025-09-14 18:39:20 -   Correct/Total: 6/14
2025-09-14 18:39:20 -   Confusion Matrix Stats:
2025-09-14 18:39:20 -     TP: 3, TN: 3
2025-09-14 18:39:20 -     FP: 3, FN: 5
2025-09-14 18:39:20 - Subject: P3_sub-007
2025-09-14 18:39:20 -   Accuracy: 58.824%
2025-09-14 18:39:20 -   Precision: 0.500
2025-09-14 18:39:20 -   Recall: 0.714
2025-09-14 18:39:20 -   F1 Score: 0.588
2025-09-14 18:39:20 -   AUC: 0.700
2025-09-14 18:39:20 -   Correct/Total: 10/17
2025-09-14 18:39:20 -   Confusion Matrix Stats:
2025-09-14 18:39:20 -     TP: 5, TN: 5
2025-09-14 18:39:20 -     FP: 5, FN: 2
2025-09-14 18:39:20 - Subject: P3_sub-008
2025-09-14 18:39:20 -   Accuracy: 71.429%
2025-09-14 18:39:20 -   Precision: 0.667
2025-09-14 18:39:20 -   Recall: 0.667
2025-09-14 18:39:20 -   F1 Score: 0.667
2025-09-14 18:39:20 -   AUC: 0.630
2025-09-14 18:39:20 -   Correct/Total: 15/21
2025-09-14 18:39:20 -   Confusion Matrix Stats:
2025-09-14 18:39:20 -     TP: 6, TN: 9
2025-09-14 18:39:20 -     FP: 3, FN: 3
2025-09-14 18:39:20 - Subject: P3_sub-009
2025-09-14 18:39:20 -   Accuracy: 66.667%
2025-09-14 18:39:20 -   Precision: 0.667
2025-09-14 18:39:20 -   Recall: 0.667
2025-09-14 18:39:20 -   F1 Score: 0.667
2025-09-14 18:39:20 -   AUC: 0.716
2025-09-14 18:39:20 -   Correct/Total: 12/18
2025-09-14 18:39:20 -   Confusion Matrix Stats:
2025-09-14 18:39:20 -     TP: 6, TN: 6
2025-09-14 18:39:20 -     FP: 3, FN: 3
2025-09-14 18:39:20 - Subject: P3_sub-010
2025-09-14 18:39:20 -   Accuracy: 58.824%
2025-09-14 18:39:20 -   Precision: 0.600
2025-09-14 18:39:20 -   Recall: 0.375
2025-09-14 18:39:20 -   F1 Score: 0.462
2025-09-14 18:39:20 -   AUC: 0.625
2025-09-14 18:39:20 -   Correct/Total: 10/17
2025-09-14 18:39:20 -   Confusion Matrix Stats:
2025-09-14 18:39:20 -     TP: 3, TN: 7
2025-09-14 18:39:20 -     FP: 2, FN: 5
2025-09-14 18:39:20 - Subject: P3_sub-011
2025-09-14 18:39:20 -   Accuracy: 68.750%
2025-09-14 18:39:20 -   Precision: 0.857
2025-09-14 18:39:20 -   Recall: 0.600
2025-09-14 18:39:20 -   F1 Score: 0.706
2025-09-14 18:39:20 -   AUC: 0.750
2025-09-14 18:39:20 -   Correct/Total: 11/16
2025-09-14 18:39:20 -   Confusion Matrix Stats:
2025-09-14 18:39:20 -     TP: 6, TN: 5
2025-09-14 18:39:20 -     FP: 1, FN: 4
2025-09-14 18:39:20 - Subject: P3_sub-012
2025-09-14 18:39:20 -   Accuracy: 63.158%
2025-09-14 18:39:20 -   Precision: 0.833
2025-09-14 18:39:20 -   Recall: 0.455
2025-09-14 18:39:20 -   F1 Score: 0.588
2025-09-14 18:39:20 -   AUC: 0.716
2025-09-14 18:39:20 -   Correct/Total: 12/19
2025-09-14 18:39:20 -   Confusion Matrix Stats:
2025-09-14 18:39:20 -     TP: 5, TN: 7
2025-09-14 18:39:20 -     FP: 1, FN: 6
2025-09-14 18:39:20 - Subject: P3_sub-013
2025-09-14 18:39:20 -   Accuracy: 61.538%
2025-09-14 18:39:20 -   Precision: 0.667
2025-09-14 18:39:20 -   Recall: 0.750
2025-09-14 18:39:20 -   F1 Score: 0.706
2025-09-14 18:39:20 -   AUC: 0.725
2025-09-14 18:39:20 -   Correct/Total: 8/13
2025-09-14 18:39:20 -   Confusion Matrix Stats:
2025-09-14 18:39:20 -     TP: 6, TN: 2
2025-09-14 18:39:20 -     FP: 3, FN: 2
2025-09-14 18:39:20 - Subject: P3_sub-014
2025-09-14 18:39:20 -   Accuracy: 50.000%
2025-09-14 18:39:20 -   Precision: 0.200
2025-09-14 18:39:20 -   Recall: 0.200
2025-09-14 18:39:20 -   F1 Score: 0.200
2025-09-14 18:39:20 -   AUC: 0.236
2025-09-14 18:39:20 -   Correct/Total: 8/16
2025-09-14 18:39:20 -   Confusion Matrix Stats:
2025-09-14 18:39:20 -     TP: 1, TN: 7
2025-09-14 18:39:20 -     FP: 4, FN: 4
2025-09-14 18:39:20 - Subject: P3_sub-015
2025-09-14 18:39:20 -   Accuracy: 41.176%
2025-09-14 18:39:20 -   Precision: 0.400
2025-09-14 18:39:20 -   Recall: 0.500
2025-09-14 18:39:20 -   F1 Score: 0.444
2025-09-14 18:39:20 -   AUC: 0.528
2025-09-14 18:39:20 -   Correct/Total: 7/17
2025-09-14 18:39:20 -   Confusion Matrix Stats:
2025-09-14 18:39:20 -     TP: 4, TN: 3
2025-09-14 18:39:20 -     FP: 6, FN: 4
2025-09-14 18:39:20 - Subject: P3_sub-016
2025-09-14 18:39:20 -   Accuracy: 80.000%
2025-09-14 18:39:20 -   Precision: 0.750
2025-09-14 18:39:20 -   Recall: 1.000
2025-09-14 18:39:20 -   F1 Score: 0.857
2025-09-14 18:39:20 -   AUC: 0.963
2025-09-14 18:39:20 -   Correct/Total: 12/15
2025-09-14 18:39:20 -   Confusion Matrix Stats:
2025-09-14 18:39:20 -     TP: 9, TN: 3
2025-09-14 18:39:20 -     FP: 3, FN: 0
2025-09-14 18:39:20 - Subject: P3_sub-017
2025-09-14 18:39:20 -   Accuracy: 42.857%
2025-09-14 18:39:20 -   Precision: 0.400
2025-09-14 18:39:20 -   Recall: 0.667
2025-09-14 18:39:20 -   F1 Score: 0.500
2025-09-14 18:39:20 -   AUC: 0.562
2025-09-14 18:39:20 -   Correct/Total: 6/14
2025-09-14 18:39:20 -   Confusion Matrix Stats:
2025-09-14 18:39:20 -     TP: 4, TN: 2
2025-09-14 18:39:20 -     FP: 6, FN: 2
2025-09-14 18:39:20 - Subject: P3_sub-018
2025-09-14 18:39:20 -   Accuracy: 75.000%
2025-09-14 18:39:20 -   Precision: 0.750
2025-09-14 18:39:20 -   Recall: 0.750
2025-09-14 18:39:20 -   F1 Score: 0.750
2025-09-14 18:39:20 -   AUC: 0.859
2025-09-14 18:39:20 -   Correct/Total: 12/16
2025-09-14 18:39:20 -   Confusion Matrix Stats:
2025-09-14 18:39:20 -     TP: 6, TN: 6
2025-09-14 18:39:20 -     FP: 2, FN: 2
2025-09-14 18:39:20 - Subject: P3_sub-019
2025-09-14 18:39:20 -   Accuracy: 55.000%
2025-09-14 18:39:20 -   Precision: 0.600
2025-09-14 18:39:20 -   Recall: 0.545
2025-09-14 18:39:20 -   F1 Score: 0.571
2025-09-14 18:39:20 -   AUC: 0.687
2025-09-14 18:39:20 -   Correct/Total: 11/20
2025-09-14 18:39:20 -   Confusion Matrix Stats:
2025-09-14 18:39:20 -     TP: 6, TN: 5
2025-09-14 18:39:20 -     FP: 4, FN: 5
2025-09-14 18:39:20 - Subject: P3_sub-020
2025-09-14 18:39:20 -   Accuracy: 85.714%
2025-09-14 18:39:20 -   Precision: 0.889
2025-09-14 18:39:20 -   Recall: 0.800
2025-09-14 18:39:20 -   F1 Score: 0.842
2025-09-14 18:39:20 -   AUC: 0.918
2025-09-14 18:39:20 -   Correct/Total: 18/21
2025-09-14 18:39:20 -   Confusion Matrix Stats:
2025-09-14 18:39:20 -     TP: 8, TN: 10
2025-09-14 18:39:20 -     FP: 1, FN: 2
2025-09-14 18:39:20 - Subject: P3_sub-021
2025-09-14 18:39:20 -   Accuracy: 80.000%
2025-09-14 18:39:20 -   Precision: 0.714
2025-09-14 18:39:20 -   Recall: 1.000
2025-09-14 18:39:20 -   F1 Score: 0.833
2025-09-14 18:39:20 -   AUC: 0.880
2025-09-14 18:39:20 -   Correct/Total: 8/10
2025-09-14 18:39:20 -   Confusion Matrix Stats:
2025-09-14 18:39:20 -     TP: 5, TN: 3
2025-09-14 18:39:20 -     FP: 2, FN: 0
2025-09-14 18:39:20 - Subject: P3_sub-022
2025-09-14 18:39:20 -   Accuracy: 68.421%
2025-09-14 18:39:20 -   Precision: 0.769
2025-09-14 18:39:20 -   Recall: 0.769
2025-09-14 18:39:20 -   F1 Score: 0.769
2025-09-14 18:39:20 -   AUC: 0.795
2025-09-14 18:39:20 -   Correct/Total: 13/19
2025-09-14 18:39:20 -   Confusion Matrix Stats:
2025-09-14 18:39:20 -     TP: 10, TN: 3
2025-09-14 18:39:20 -     FP: 3, FN: 3
2025-09-14 18:39:20 - Subject: P3_sub-023
2025-09-14 18:39:20 -   Accuracy: 78.571%
2025-09-14 18:39:20 -   Precision: 1.000
2025-09-14 18:39:20 -   Recall: 0.571
2025-09-14 18:39:20 -   F1 Score: 0.727
2025-09-14 18:39:20 -   AUC: 0.857
2025-09-14 18:39:20 -   Correct/Total: 11/14
2025-09-14 18:39:20 -   Confusion Matrix Stats:
2025-09-14 18:39:20 -     TP: 4, TN: 7
2025-09-14 18:39:20 -     FP: 0, FN: 3
2025-09-14 18:39:20 - Subject: P3_sub-024
2025-09-14 18:39:20 -   Accuracy: 61.111%
2025-09-14 18:39:20 -   Precision: 0.600
2025-09-14 18:39:20 -   Recall: 0.900
2025-09-14 18:39:20 -   F1 Score: 0.720
2025-09-14 18:39:20 -   AUC: 0.850
2025-09-14 18:39:20 -   Correct/Total: 11/18
2025-09-14 18:39:20 -   Confusion Matrix Stats:
2025-09-14 18:39:20 -     TP: 9, TN: 2
2025-09-14 18:39:20 -     FP: 6, FN: 1
2025-09-14 18:39:20 - Subject: P3_sub-025
2025-09-14 18:39:20 -   Accuracy: 75.000%
2025-09-14 18:39:20 -   Precision: 0.750
2025-09-14 18:39:20 -   Recall: 0.667
2025-09-14 18:39:20 -   F1 Score: 0.706
2025-09-14 18:39:20 -   AUC: 0.889
2025-09-14 18:39:20 -   Correct/Total: 15/20
2025-09-14 18:39:20 -   Confusion Matrix Stats:
2025-09-14 18:39:20 -     TP: 6, TN: 9
2025-09-14 18:39:20 -     FP: 2, FN: 3
2025-09-14 18:39:20 - Subject: P3_sub-026
2025-09-14 18:39:20 -   Accuracy: 43.750%
2025-09-14 18:39:20 -   Precision: 0.500
2025-09-14 18:39:20 -   Recall: 0.444
2025-09-14 18:39:20 -   F1 Score: 0.471
2025-09-14 18:39:20 -   AUC: 0.349
2025-09-14 18:39:20 -   Correct/Total: 7/16
2025-09-14 18:39:20 -   Confusion Matrix Stats:
2025-09-14 18:39:20 -     TP: 4, TN: 3
2025-09-14 18:39:20 -     FP: 4, FN: 5
2025-09-14 18:39:20 - Subject: P3_sub-027
2025-09-14 18:39:20 -   Accuracy: 70.588%
2025-09-14 18:39:20 -   Precision: 1.000
2025-09-14 18:39:20 -   Recall: 0.615
2025-09-14 18:39:20 -   F1 Score: 0.762
2025-09-14 18:39:20 -   AUC: 0.923
2025-09-14 18:39:20 -   Correct/Total: 12/17
2025-09-14 18:39:20 -   Confusion Matrix Stats:
2025-09-14 18:39:20 -     TP: 8, TN: 4
2025-09-14 18:39:20 -     FP: 0, FN: 5
2025-09-14 18:39:20 - Subject: P3_sub-028
2025-09-14 18:39:20 -   Accuracy: 85.714%
2025-09-14 18:39:20 -   Precision: 0.857
2025-09-14 18:39:20 -   Recall: 0.857
2025-09-14 18:39:20 -   F1 Score: 0.857
2025-09-14 18:39:20 -   AUC: 0.857
2025-09-14 18:39:20 -   Correct/Total: 12/14
2025-09-14 18:39:20 -   Confusion Matrix Stats:
2025-09-14 18:39:20 -     TP: 6, TN: 6
2025-09-14 18:39:20 -     FP: 1, FN: 1
2025-09-14 18:39:20 - Subject: P3_sub-029
2025-09-14 18:39:20 -   Accuracy: 64.706%
2025-09-14 18:39:20 -   Precision: 0.700
2025-09-14 18:39:20 -   Recall: 0.700
2025-09-14 18:39:20 -   F1 Score: 0.700
2025-09-14 18:39:20 -   AUC: 0.729
2025-09-14 18:39:20 -   Correct/Total: 11/17
2025-09-14 18:39:20 -   Confusion Matrix Stats:
2025-09-14 18:39:20 -     TP: 7, TN: 4
2025-09-14 18:39:20 -     FP: 3, FN: 3
2025-09-14 18:39:20 - Subject: P3_sub-030
2025-09-14 18:39:20 -   Accuracy: 94.118%
2025-09-14 18:39:20 -   Precision: 0.889
2025-09-14 18:39:20 -   Recall: 1.000
2025-09-14 18:39:20 -   F1 Score: 0.941
2025-09-14 18:39:20 -   AUC: 1.000
2025-09-14 18:39:20 -   Correct/Total: 16/17
2025-09-14 18:39:20 -   Confusion Matrix Stats:
2025-09-14 18:39:20 -     TP: 8, TN: 8
2025-09-14 18:39:20 -     FP: 1, FN: 0
2025-09-14 18:39:20 - Subject: P3_sub-031
2025-09-14 18:39:20 -   Accuracy: 55.556%
2025-09-14 18:39:20 -   Precision: 0.500
2025-09-14 18:39:20 -   Recall: 0.625
2025-09-14 18:39:20 -   F1 Score: 0.556
2025-09-14 18:39:20 -   AUC: 0.713
2025-09-14 18:39:20 -   Correct/Total: 10/18
2025-09-14 18:39:20 -   Confusion Matrix Stats:
2025-09-14 18:39:20 -     TP: 5, TN: 5
2025-09-14 18:39:20 -     FP: 5, FN: 3
2025-09-14 18:39:20 - Subject: P3_sub-032
2025-09-14 18:39:20 -   Accuracy: 87.500%
2025-09-14 18:39:20 -   Precision: 0.889
2025-09-14 18:39:20 -   Recall: 0.889
2025-09-14 18:39:20 -   F1 Score: 0.889
2025-09-14 18:39:20 -   AUC: 0.921
2025-09-14 18:39:20 -   Correct/Total: 14/16
2025-09-14 18:39:20 -   Confusion Matrix Stats:
2025-09-14 18:39:20 -     TP: 8, TN: 6
2025-09-14 18:39:20 -     FP: 1, FN: 1
2025-09-14 18:39:20 - Subject: P3_sub-033
2025-09-14 18:39:20 -   Accuracy: 72.727%
2025-09-14 18:39:20 -   Precision: 0.667
2025-09-14 18:39:20 -   Recall: 0.800
2025-09-14 18:39:20 -   F1 Score: 0.727
2025-09-14 18:39:20 -   AUC: 0.867
2025-09-14 18:39:20 -   Correct/Total: 8/11
2025-09-14 18:39:20 -   Confusion Matrix Stats:
2025-09-14 18:39:20 -     TP: 4, TN: 4
2025-09-14 18:39:20 -     FP: 2, FN: 1
2025-09-14 18:39:20 - Subject: P3_sub-034
2025-09-14 18:39:20 -   Accuracy: 66.667%
2025-09-14 18:39:20 -   Precision: 0.800
2025-09-14 18:39:20 -   Recall: 0.571
2025-09-14 18:39:20 -   F1 Score: 0.667
2025-09-14 18:39:20 -   AUC: 0.771
2025-09-14 18:39:20 -   Correct/Total: 8/12
2025-09-14 18:39:20 -   Confusion Matrix Stats:
2025-09-14 18:39:20 -     TP: 4, TN: 4
2025-09-14 18:39:20 -     FP: 1, FN: 3
2025-09-14 18:39:20 - Subject: P3_sub-035
2025-09-14 18:39:20 -   Accuracy: 72.727%
2025-09-14 18:39:20 -   Precision: 0.625
2025-09-14 18:39:20 -   Recall: 1.000
2025-09-14 18:39:20 -   F1 Score: 0.769
2025-09-14 18:39:20 -   AUC: 0.833
2025-09-14 18:39:20 -   Correct/Total: 8/11
2025-09-14 18:39:20 -   Confusion Matrix Stats:
2025-09-14 18:39:20 -     TP: 5, TN: 3
2025-09-14 18:39:20 -     FP: 3, FN: 0
2025-09-14 18:39:20 - Subject: P3_sub-036
2025-09-14 18:39:20 -   Accuracy: 53.333%
2025-09-14 18:39:20 -   Precision: 0.545
2025-09-14 18:39:20 -   Recall: 0.750
2025-09-14 18:39:20 -   F1 Score: 0.632
2025-09-14 18:39:20 -   AUC: 0.571
2025-09-14 18:39:20 -   Correct/Total: 8/15
2025-09-14 18:39:20 -   Confusion Matrix Stats:
2025-09-14 18:39:20 -     TP: 6, TN: 2
2025-09-14 18:39:20 -     FP: 5, FN: 2
2025-09-14 18:39:20 - Subject: P3_sub-037
2025-09-14 18:39:20 -   Accuracy: 53.846%
2025-09-14 18:39:20 -   Precision: 0.400
2025-09-14 18:39:20 -   Recall: 0.400
2025-09-14 18:39:20 -   F1 Score: 0.400
2025-09-14 18:39:20 -   AUC: 0.600
2025-09-14 18:39:20 -   Correct/Total: 7/13
2025-09-14 18:39:20 -   Confusion Matrix Stats:
2025-09-14 18:39:20 -     TP: 2, TN: 5
2025-09-14 18:39:20 -     FP: 3, FN: 3
2025-09-14 18:39:20 - Subject: P3_sub-038
2025-09-14 18:39:20 -   Accuracy: 81.250%
2025-09-14 18:39:20 -   Precision: 0.778
2025-09-14 18:39:20 -   Recall: 0.875
2025-09-14 18:39:20 -   F1 Score: 0.824
2025-09-14 18:39:20 -   AUC: 0.938
2025-09-14 18:39:20 -   Correct/Total: 13/16
2025-09-14 18:39:20 -   Confusion Matrix Stats:
2025-09-14 18:39:20 -     TP: 7, TN: 6
2025-09-14 18:39:20 -     FP: 2, FN: 1
2025-09-14 18:39:20 - Subject: P3_sub-039
2025-09-14 18:39:20 -   Accuracy: 53.846%
2025-09-14 18:39:20 -   Precision: 0.200
2025-09-14 18:39:20 -   Recall: 0.333
2025-09-14 18:39:20 -   F1 Score: 0.250
2025-09-14 18:39:20 -   AUC: 0.633
2025-09-14 18:39:20 -   Correct/Total: 7/13
2025-09-14 18:39:20 -   Confusion Matrix Stats:
2025-09-14 18:39:20 -     TP: 1, TN: 6
2025-09-14 18:39:20 -     FP: 4, FN: 2
2025-09-14 18:39:20 - Subject: P3_sub-040
2025-09-14 18:39:20 -   Accuracy: 50.000%
2025-09-14 18:39:20 -   Precision: 0.600
2025-09-14 18:39:20 -   Recall: 0.545
2025-09-14 18:39:20 -   F1 Score: 0.571
2025-09-14 18:39:20 -   AUC: 0.740
2025-09-14 18:39:20 -   Correct/Total: 9/18
2025-09-14 18:39:20 -   Confusion Matrix Stats:
2025-09-14 18:39:20 -     TP: 6, TN: 3
2025-09-14 18:39:20 -     FP: 4, FN: 5
2025-09-14 18:39:20 - 
Combined Model (All Subjects) Statistics:
2025-09-14 18:39:20 - 95% Confidence Interval: [0.705, 0.766]
2025-09-14 18:39:20 - Best Subject: P3_sub-004 (1.000)
2025-09-14 18:39:20 - Worst Subject: P3_sub-015 (0.412)
2025-09-14 18:39:20 - Mean Accuracy: 0.735
2025-09-14 18:39:20 - Mean Precision: 0.710
2025-09-14 18:39:20 - Mean Recall: 0.794
2025-09-14 18:39:20 - Mean F1-Score: 0.750
2025-09-14 18:39:20 - Mean AUC: 0.819
2025-09-14 18:39:20 - Mean Confusion Matrix:
2025-09-14 18:39:20 -   TP: 6, TN: 5
2025-09-14 18:39:20 -   FP: 3, FN: 2
2025-09-14 18:39:20 - 
Combined Model – P3 Subjects Statistics:
2025-09-14 18:39:20 - 95% Confidence Interval: [0.624, 0.718]
2025-09-14 18:39:20 - Best Subject: P3_sub-004 (1.000)
2025-09-14 18:39:20 - Worst Subject: P3_sub-015 (0.412)
2025-09-14 18:39:20 - Mean Accuracy: 0.670
2025-09-14 18:39:20 - Mean Precision: 0.677
2025-09-14 18:39:20 - Mean Recall: 0.691
2025-09-14 18:39:20 - Mean F1-Score: 0.684
2025-09-14 18:39:20 - Mean AUC: 0.753
2025-09-14 18:39:20 - Mean Confusion Matrix:
2025-09-14 18:39:20 -   TP: 6, TN: 5
2025-09-14 18:39:20 -   FP: 3, FN: 3
2025-09-14 18:39:20 - 
Combined Model – AVO Subjects Statistics:
2025-09-14 18:39:20 - 95% Confidence Interval: [0.770, 0.829]
2025-09-14 18:39:20 - Best Subject: AVO_019 (1.000)
2025-09-14 18:39:20 - Worst Subject: AVO_018 (0.600)
2025-09-14 18:39:20 - Mean Accuracy: 0.801
2025-09-14 18:39:20 - Mean Precision: 0.740
2025-09-14 18:39:20 - Mean Recall: 0.908
2025-09-14 18:39:20 - Mean F1-Score: 0.816
2025-09-14 18:39:20 - Mean AUC: 0.885
2025-09-14 18:39:20 - Mean Confusion Matrix:
2025-09-14 18:39:20 -   TP: 7, TN: 6
2025-09-14 18:39:20 -   FP: 2, FN: 1
