2025-09-30 18:27:46 - 
Experiment Configuration:
2025-09-30 18:27:46 - --------------------------------------------------
2025-09-30 18:27:46 - dataset: use_combined_datasets
2025-09-30 18:27:46 - use_combined_datasets: True
2025-09-30 18:27:46 - electrode_list: common
2025-09-30 18:27:46 - classifier: EEGConformer
2025-09-30 18:27:46 - separate_subject_classification: False
2025-09-30 18:27:46 - use_subject_layer: False
2025-09-30 18:27:46 - seeds: [42, 123, 456, 789, 321]
2025-09-30 18:27:46 - use_nested_cv: True
2025-09-30 18:27:46 - electrode_fusion_method: none
2025-09-30 18:27:46 - domain_adaptation_method: none
2025-09-30 18:27:46 - enable_comprehensive_evaluation: True
2025-09-30 18:27:46 - enable_domain_analysis: True
2025-09-30 18:27:46 - enable_small_sample_analysis: False
2025-09-30 18:27:46 - small_sample_sizes: [5, 10, 15, 20]
2025-09-30 18:27:46 - small_sample_subjects: [5, 10, 15]
2025-09-30 18:27:46 - --------------------------------------------------
2025-09-30 18:27:46 - 
==================================================
2025-09-30 18:27:46 - Processing Combined P3 and AVO Datasets
2025-09-30 18:27:46 - ==================================================
2025-09-30 18:27:46 - 使用传统方法（无融合）
2025-09-30 18:27:46 - Using Cross-Validation (simplified approach)
2025-09-30 18:27:46 - Configuration: 5-fold CV, 5 repeats
2025-09-30 18:27:46 - ============================================================
2025-09-30 18:27:46 - CROSS-VALIDATION CONFIGURATION
2025-09-30 18:27:46 - ============================================================
2025-09-30 18:27:46 - Datasets: ['P3', 'AVO']
2025-09-30 18:27:46 - CV folds: 5
2025-09-30 18:27:46 - Repeats: 5
2025-09-30 18:27:46 - Confidence level: 0.95
2025-09-30 18:27:46 - ============================================================
2025-09-30 18:27:46 - STRATIFIED SAMPLING CONFIGURATION
2025-09-30 18:27:46 - ============================================================
2025-09-30 18:27:46 - Nested CV Mode: Trial counts per subject by dataset
2025-09-30 18:27:46 -   P3 dataset: 10 trials per subject
2025-09-30 18:27:46 -   AVO dataset: 80 trials per subject
2025-09-30 18:27:46 - Sampling strategy: Multi-level stratified sampling
2025-09-30 18:27:46 -   - Subject-level: Stratified trial selection per subject
2025-09-30 18:27:46 -   - Dataset-level: Stratified sampling when dataset trial counts differ
2025-09-30 18:27:46 -   - Fold-level: StratifiedKFold for 5-fold CV
2025-09-30 18:27:46 -   - Train/Val split: Stratified train_test_split within each fold
2025-09-30 18:27:46 - ============================================================
2025-09-30 18:27:47 - Subject P3_sub-001: Sampled 10/80 trials
2025-09-30 18:27:47 -   Original distribution: {0: 0.5, 1: 0.5}
2025-09-30 18:27:47 -   Sampled distribution: {0: 0.5, 1: 0.5}
2025-09-30 18:27:47 - Subject P3_sub-002: Sampled 10/80 trials
2025-09-30 18:27:47 -   Original distribution: {0: 0.5, 1: 0.5}
2025-09-30 18:27:47 -   Sampled distribution: {0: 0.5, 1: 0.5}
2025-09-30 18:27:47 - Subject P3_sub-003: Sampled 10/80 trials
2025-09-30 18:27:47 -   Original distribution: {0: 0.5, 1: 0.5}
2025-09-30 18:27:47 -   Sampled distribution: {0: 0.5, 1: 0.5}
2025-09-30 18:27:47 - Subject P3_sub-004: Sampled 10/78 trials
2025-09-30 18:27:47 -   Original distribution: {0: 0.5, 1: 0.5}
2025-09-30 18:27:47 -   Sampled distribution: {0: 0.5, 1: 0.5}
2025-09-30 18:27:47 - Subject P3_sub-005: Sampled 10/80 trials
2025-09-30 18:27:47 -   Original distribution: {0: 0.5, 1: 0.5}
2025-09-30 18:27:47 -   Sampled distribution: {0: 0.5, 1: 0.5}
2025-09-30 18:27:48 - Subject P3_sub-006: Sampled 10/80 trials
2025-09-30 18:27:48 -   Original distribution: {0: 0.5, 1: 0.5}
2025-09-30 18:27:48 -   Sampled distribution: {0: 0.5, 1: 0.5}
2025-09-30 18:27:48 - Subject P3_sub-007: Sampled 10/80 trials
2025-09-30 18:27:48 -   Original distribution: {0: 0.5, 1: 0.5}
2025-09-30 18:27:48 -   Sampled distribution: {0: 0.5, 1: 0.5}
2025-09-30 18:27:48 - Subject P3_sub-008: Sampled 10/80 trials
2025-09-30 18:27:48 -   Original distribution: {0: 0.5, 1: 0.5}
2025-09-30 18:27:48 -   Sampled distribution: {0: 0.5, 1: 0.5}
2025-09-30 18:27:48 - Subject P3_sub-009: Sampled 10/80 trials
2025-09-30 18:27:48 -   Original distribution: {0: 0.5, 1: 0.5}
2025-09-30 18:27:48 -   Sampled distribution: {0: 0.5, 1: 0.5}
2025-09-30 18:27:48 - Subject P3_sub-010: Sampled 10/80 trials
2025-09-30 18:27:48 -   Original distribution: {0: 0.5, 1: 0.5}
2025-09-30 18:27:48 -   Sampled distribution: {0: 0.5, 1: 0.5}
2025-09-30 18:27:49 - Subject P3_sub-011: Sampled 10/80 trials
2025-09-30 18:27:49 -   Original distribution: {0: 0.5, 1: 0.5}
2025-09-30 18:27:49 -   Sampled distribution: {0: 0.5, 1: 0.5}
2025-09-30 18:27:49 - Subject P3_sub-012: Sampled 10/78 trials
2025-09-30 18:27:49 -   Original distribution: {0: 0.5, 1: 0.5}
2025-09-30 18:27:49 -   Sampled distribution: {0: 0.5, 1: 0.5}
2025-09-30 18:27:49 - Subject P3_sub-013: Sampled 10/80 trials
2025-09-30 18:27:49 -   Original distribution: {0: 0.5, 1: 0.5}
2025-09-30 18:27:49 -   Sampled distribution: {0: 0.5, 1: 0.5}
2025-09-30 18:27:49 - Subject P3_sub-014: Sampled 10/80 trials
2025-09-30 18:27:49 -   Original distribution: {0: 0.5, 1: 0.5}
2025-09-30 18:27:49 -   Sampled distribution: {0: 0.5, 1: 0.5}
2025-09-30 18:27:49 - Subject P3_sub-015: Sampled 10/80 trials
2025-09-30 18:27:49 -   Original distribution: {0: 0.5, 1: 0.5}
2025-09-30 18:27:49 -   Sampled distribution: {0: 0.5, 1: 0.5}
2025-09-30 18:27:49 - Subject P3_sub-016: Sampled 10/80 trials
2025-09-30 18:27:49 -   Original distribution: {0: 0.5, 1: 0.5}
2025-09-30 18:27:49 -   Sampled distribution: {0: 0.5, 1: 0.5}
2025-09-30 18:27:50 - Subject P3_sub-017: Sampled 10/80 trials
2025-09-30 18:27:50 -   Original distribution: {0: 0.5, 1: 0.5}
2025-09-30 18:27:50 -   Sampled distribution: {0: 0.5, 1: 0.5}
2025-09-30 18:27:50 - Subject P3_sub-018: Sampled 10/80 trials
2025-09-30 18:27:50 -   Original distribution: {0: 0.5, 1: 0.5}
2025-09-30 18:27:50 -   Sampled distribution: {0: 0.5, 1: 0.5}
2025-09-30 18:27:50 - Subject P3_sub-019: Sampled 10/80 trials
2025-09-30 18:27:50 -   Original distribution: {0: 0.5, 1: 0.5}
2025-09-30 18:27:50 -   Sampled distribution: {0: 0.5, 1: 0.5}
2025-09-30 18:27:50 - Subject P3_sub-020: Sampled 10/78 trials
2025-09-30 18:27:50 -   Original distribution: {0: 0.5, 1: 0.5}
2025-09-30 18:27:50 -   Sampled distribution: {0: 0.5, 1: 0.5}
2025-09-30 18:27:50 - Subject P3_sub-021: Sampled 10/80 trials
2025-09-30 18:27:50 -   Original distribution: {0: 0.5, 1: 0.5}
2025-09-30 18:27:50 -   Sampled distribution: {0: 0.5, 1: 0.5}
2025-09-30 18:27:51 - Subject P3_sub-022: Sampled 10/80 trials
2025-09-30 18:27:51 -   Original distribution: {0: 0.5, 1: 0.5}
2025-09-30 18:27:51 -   Sampled distribution: {0: 0.5, 1: 0.5}
2025-09-30 18:27:51 - Subject P3_sub-023: Sampled 10/78 trials
2025-09-30 18:27:51 -   Original distribution: {0: 0.5, 1: 0.5}
2025-09-30 18:27:51 -   Sampled distribution: {0: 0.5, 1: 0.5}
2025-09-30 18:27:51 - Subject P3_sub-024: Sampled 10/80 trials
2025-09-30 18:27:51 -   Original distribution: {0: 0.5, 1: 0.5}
2025-09-30 18:27:51 -   Sampled distribution: {0: 0.5, 1: 0.5}
2025-09-30 18:27:51 - Subject P3_sub-025: Sampled 10/80 trials
2025-09-30 18:27:51 -   Original distribution: {0: 0.5, 1: 0.5}
2025-09-30 18:27:51 -   Sampled distribution: {0: 0.5, 1: 0.5}
2025-09-30 18:27:51 - Subject P3_sub-026: Sampled 10/80 trials
2025-09-30 18:27:51 -   Original distribution: {0: 0.5, 1: 0.5}
2025-09-30 18:27:51 -   Sampled distribution: {0: 0.5, 1: 0.5}
2025-09-30 18:27:52 - Subject P3_sub-027: Sampled 10/80 trials
2025-09-30 18:27:52 -   Original distribution: {0: 0.5, 1: 0.5}
2025-09-30 18:27:52 -   Sampled distribution: {0: 0.5, 1: 0.5}
2025-09-30 18:27:52 - Subject P3_sub-028: Sampled 10/80 trials
2025-09-30 18:27:52 -   Original distribution: {0: 0.5, 1: 0.5}
2025-09-30 18:27:52 -   Sampled distribution: {0: 0.5, 1: 0.5}
2025-09-30 18:27:52 - Subject P3_sub-029: Sampled 10/80 trials
2025-09-30 18:27:52 -   Original distribution: {0: 0.5, 1: 0.5}
2025-09-30 18:27:52 -   Sampled distribution: {0: 0.5, 1: 0.5}
2025-09-30 18:27:52 - Subject P3_sub-030: Sampled 10/80 trials
2025-09-30 18:27:52 -   Original distribution: {0: 0.5, 1: 0.5}
2025-09-30 18:27:52 -   Sampled distribution: {0: 0.5, 1: 0.5}
2025-09-30 18:27:52 - Subject P3_sub-031: Sampled 10/80 trials
2025-09-30 18:27:52 -   Original distribution: {0: 0.5, 1: 0.5}
2025-09-30 18:27:52 -   Sampled distribution: {0: 0.5, 1: 0.5}
2025-09-30 18:27:52 - Subject P3_sub-032: Sampled 10/80 trials
2025-09-30 18:27:52 -   Original distribution: {0: 0.5, 1: 0.5}
2025-09-30 18:27:52 -   Sampled distribution: {0: 0.5, 1: 0.5}
2025-09-30 18:27:53 - Subject P3_sub-033: Sampled 10/80 trials
2025-09-30 18:27:53 -   Original distribution: {0: 0.5, 1: 0.5}
2025-09-30 18:27:53 -   Sampled distribution: {0: 0.5, 1: 0.5}
2025-09-30 18:27:53 - Subject P3_sub-034: Sampled 10/80 trials
2025-09-30 18:27:53 -   Original distribution: {0: 0.5, 1: 0.5}
2025-09-30 18:27:53 -   Sampled distribution: {0: 0.5, 1: 0.5}
2025-09-30 18:27:53 - Subject P3_sub-035: Sampled 10/78 trials
2025-09-30 18:27:53 -   Original distribution: {0: 0.5, 1: 0.5}
2025-09-30 18:27:53 -   Sampled distribution: {0: 0.5, 1: 0.5}
2025-09-30 18:27:53 - Subject P3_sub-036: Sampled 10/80 trials
2025-09-30 18:27:53 -   Original distribution: {0: 0.5, 1: 0.5}
2025-09-30 18:27:53 -   Sampled distribution: {0: 0.5, 1: 0.5}
2025-09-30 18:27:53 - Subject P3_sub-037: Sampled 10/78 trials
2025-09-30 18:27:53 -   Original distribution: {0: 0.5, 1: 0.5}
2025-09-30 18:27:53 -   Sampled distribution: {0: 0.5, 1: 0.5}
2025-09-30 18:27:54 - Subject P3_sub-038: Sampled 10/80 trials
2025-09-30 18:27:54 -   Original distribution: {0: 0.5, 1: 0.5}
2025-09-30 18:27:54 -   Sampled distribution: {0: 0.5, 1: 0.5}
2025-09-30 18:27:54 - Subject P3_sub-039: Sampled 10/80 trials
2025-09-30 18:27:54 -   Original distribution: {0: 0.5, 1: 0.5}
2025-09-30 18:27:54 -   Sampled distribution: {0: 0.5, 1: 0.5}
2025-09-30 18:27:54 - Subject P3_sub-040: Sampled 10/80 trials
2025-09-30 18:27:54 -   Original distribution: {0: 0.5, 1: 0.5}
2025-09-30 18:27:54 -   Sampled distribution: {0: 0.5, 1: 0.5}
2025-09-30 18:28:11 - Subject AVO_038: Sampled 80/100 trials
2025-09-30 18:28:11 -   Original distribution: {0: 0.5, 1: 0.5}
2025-09-30 18:28:11 -   Sampled distribution: {0: 0.5, 1: 0.5}
2025-09-30 18:28:11 - Subject AVO_032: Sampled 80/96 trials
2025-09-30 18:28:11 -   Original distribution: {0: 0.5, 1: 0.5}
2025-09-30 18:28:11 -   Sampled distribution: {0: 0.5, 1: 0.5}
2025-09-30 18:28:11 - Subject AVO_024: Sampled 80/92 trials
2025-09-30 18:28:11 -   Original distribution: {0: 0.5, 1: 0.5}
2025-09-30 18:28:11 -   Sampled distribution: {0: 0.5, 1: 0.5}
2025-09-30 18:28:11 - Subject AVO_047: Sampled 80/92 trials
2025-09-30 18:28:11 -   Original distribution: {0: 0.5, 1: 0.5}
2025-09-30 18:28:11 -   Sampled distribution: {0: 0.5, 1: 0.5}
2025-09-30 18:28:11 - Subject AVO_003: Sampled 80/88 trials
2025-09-30 18:28:11 -   Original distribution: {0: 0.5, 1: 0.5}
2025-09-30 18:28:11 -   Sampled distribution: {0: 0.5, 1: 0.5}
2025-09-30 18:28:11 - Subject AVO_031: Sampled 80/88 trials
2025-09-30 18:28:11 -   Original distribution: {0: 0.5, 1: 0.5}
2025-09-30 18:28:11 -   Sampled distribution: {0: 0.5, 1: 0.5}
2025-09-30 18:28:11 - Subject AVO_035: Sampled 80/88 trials
2025-09-30 18:28:11 -   Original distribution: {0: 0.5, 1: 0.5}
2025-09-30 18:28:11 -   Sampled distribution: {0: 0.5, 1: 0.5}
2025-09-30 18:28:12 - Subject AVO_048: Sampled 80/88 trials
2025-09-30 18:28:12 -   Original distribution: {0: 0.5, 1: 0.5}
2025-09-30 18:28:12 -   Sampled distribution: {0: 0.5, 1: 0.5}
2025-09-30 18:28:12 - Subject AVO_037: Sampled 80/86 trials
2025-09-30 18:28:12 -   Original distribution: {0: 0.5, 1: 0.5}
2025-09-30 18:28:12 -   Sampled distribution: {0: 0.5, 1: 0.5}
2025-09-30 18:28:12 - Subject AVO_041: Sampled 80/86 trials
2025-09-30 18:28:12 -   Original distribution: {0: 0.5, 1: 0.5}
2025-09-30 18:28:12 -   Sampled distribution: {0: 0.5, 1: 0.5}
2025-09-30 18:28:12 - Subject AVO_004: Sampled 80/84 trials
2025-09-30 18:28:12 -   Original distribution: {0: 0.5, 1: 0.5}
2025-09-30 18:28:12 -   Sampled distribution: {0: 0.5, 1: 0.5}
2025-09-30 18:28:12 - Subject AVO_028: Sampled 80/84 trials
2025-09-30 18:28:12 -   Original distribution: {0: 0.5, 1: 0.5}
2025-09-30 18:28:12 -   Sampled distribution: {0: 0.5, 1: 0.5}
2025-09-30 18:28:12 - Subject AVO_029: Sampled 80/84 trials
2025-09-30 18:28:12 -   Original distribution: {0: 0.5, 1: 0.5}
2025-09-30 18:28:12 -   Sampled distribution: {0: 0.5, 1: 0.5}
2025-09-30 18:28:13 - Subject AVO_036: Sampled 80/84 trials
2025-09-30 18:28:13 -   Original distribution: {0: 0.5, 1: 0.5}
2025-09-30 18:28:13 -   Sampled distribution: {0: 0.5, 1: 0.5}
2025-09-30 18:28:13 - Subject AVO_040: Sampled 80/84 trials
2025-09-30 18:28:13 -   Original distribution: {0: 0.5, 1: 0.5}
2025-09-30 18:28:13 -   Sampled distribution: {0: 0.5, 1: 0.5}
2025-09-30 18:28:13 - Subject AVO_051: Sampled 80/84 trials
2025-09-30 18:28:13 -   Original distribution: {0: 0.5, 1: 0.5}
2025-09-30 18:28:13 -   Sampled distribution: {0: 0.5, 1: 0.5}
2025-09-30 18:28:13 - Subject AVO_021: Sampled 80/82 trials
2025-09-30 18:28:13 -   Original distribution: {0: 0.5, 1: 0.5}
2025-09-30 18:28:13 -   Sampled distribution: {0: 0.5, 1: 0.5}
2025-09-30 18:28:16 - Nested CV dataset summary:
2025-09-30 18:28:16 -   Total subjects: 80
2025-09-30 18:28:16 -   Total trials: 3448
2025-09-30 18:28:16 -   Average trials per subject: 43.1
2025-09-30 18:28:16 -   P3 dataset: 40 subjects, 400 trials (10.0 trials/subject)
2025-09-30 18:28:16 -   AVO dataset: 40 subjects, 3048 trials (76.2 trials/subject)
2025-09-30 18:28:16 -   Class distribution: {0: 1724, 1: 1724}
2025-09-30 18:28:16 -   Class proportions: [0.5 0.5]
2025-09-30 18:28:16 -   NOTE: Datasets have different trial counts - StratifiedKFold will handle balanced sampling
2025-09-30 18:28:16 - Enhanced preprocessing increased channels from 5 to 25
2025-09-30 18:28:16 - Starting Cross-Validation for EEGConformer
2025-09-30 18:28:16 - Configuration: 5-fold CV, 5 repeats
2025-09-30 18:28:16 - Data split ratios: Train=0.7, Val=0.1, Test=0.2
2025-09-30 18:28:16 - Repeat 1/5
2025-09-30 18:28:16 -   Fold 1/5
2025-09-30 18:28:16 -     Fold split: Train=2413, Val=345
2025-09-30 18:29:37 -     Test accuracy: 0.8000
2025-09-30 18:29:37 -   Fold 2/5
2025-09-30 18:29:37 -     Fold split: Train=2413, Val=345
2025-09-30 18:30:20 -     Test accuracy: 0.7638
2025-09-30 18:30:20 -   Fold 3/5
2025-09-30 18:30:20 -     Fold split: Train=2413, Val=345
2025-09-30 18:31:32 -     Test accuracy: 0.7826
2025-09-30 18:31:32 -   Fold 4/5
2025-09-30 18:31:32 -     Fold split: Train=2414, Val=345
2025-09-30 18:32:48 -     Test accuracy: 0.7808
2025-09-30 18:32:48 -   Fold 5/5
2025-09-30 18:32:48 -     Fold split: Train=2414, Val=345
2025-09-30 18:33:46 -     Test accuracy: 0.7576
2025-09-30 18:33:46 -   Repeat 1 mean accuracy: 0.7770 ± 0.0150
2025-09-30 18:33:46 - Repeat 2/5
2025-09-30 18:33:46 -   Fold 1/5
2025-09-30 18:33:46 -     Fold split: Train=2413, Val=345
2025-09-30 18:35:10 -     Test accuracy: 0.8261
2025-09-30 18:35:10 -   Fold 2/5
2025-09-30 18:35:10 -     Fold split: Train=2413, Val=345
2025-09-30 18:36:16 -     Test accuracy: 0.7928
2025-09-30 18:36:16 -   Fold 3/5
2025-09-30 18:36:16 -     Fold split: Train=2413, Val=345
2025-09-30 18:37:16 -     Test accuracy: 0.7754
2025-09-30 18:37:16 -   Fold 4/5
2025-09-30 18:37:16 -     Fold split: Train=2414, Val=345
2025-09-30 18:38:32 -     Test accuracy: 0.7968
2025-09-30 18:38:32 -   Fold 5/5
2025-09-30 18:38:32 -     Fold split: Train=2414, Val=345
2025-09-30 18:39:32 -     Test accuracy: 0.7779
2025-09-30 18:39:32 -   Repeat 2 mean accuracy: 0.7938 ± 0.0181
2025-09-30 18:39:32 - Repeat 3/5
2025-09-30 18:39:32 -   Fold 1/5
2025-09-30 18:39:32 -     Fold split: Train=2413, Val=345
2025-09-30 18:40:18 -     Test accuracy: 0.7783
2025-09-30 18:40:18 -   Fold 2/5
2025-09-30 18:40:18 -     Fold split: Train=2413, Val=345
2025-09-30 18:41:05 -     Test accuracy: 0.7681
2025-09-30 18:41:05 -   Fold 3/5
2025-09-30 18:41:05 -     Fold split: Train=2413, Val=345
2025-09-30 18:42:07 -     Test accuracy: 0.8014
2025-09-30 18:42:07 -   Fold 4/5
2025-09-30 18:42:07 -     Fold split: Train=2414, Val=345
2025-09-30 18:42:18 -     Test accuracy: 0.4993
2025-09-30 18:42:18 -   Fold 5/5
2025-09-30 18:42:18 -     Fold split: Train=2414, Val=345
2025-09-30 18:43:05 -     Test accuracy: 0.7678
2025-09-30 18:43:05 -   Repeat 3 mean accuracy: 0.7230 ± 0.1125
2025-09-30 18:43:05 - Repeat 4/5
2025-09-30 18:43:05 -   Fold 1/5
2025-09-30 18:43:05 -     Fold split: Train=2413, Val=345
2025-09-30 18:44:07 -     Test accuracy: 0.7928
2025-09-30 18:44:07 -   Fold 2/5
2025-09-30 18:44:07 -     Fold split: Train=2413, Val=345
2025-09-30 18:45:27 -     Test accuracy: 0.7812
2025-09-30 18:45:27 -   Fold 3/5
2025-09-30 18:45:27 -     Fold split: Train=2413, Val=345
2025-09-30 18:46:29 -     Test accuracy: 0.7667
2025-09-30 18:46:29 -   Fold 4/5
2025-09-30 18:46:29 -     Fold split: Train=2414, Val=345
2025-09-30 18:47:37 -     Test accuracy: 0.7866
2025-09-30 18:47:37 -   Fold 5/5
2025-09-30 18:47:37 -     Fold split: Train=2414, Val=345
2025-09-30 18:48:16 -     Test accuracy: 0.7852
2025-09-30 18:48:16 -   Repeat 4 mean accuracy: 0.7825 ± 0.0087
2025-09-30 18:48:16 - Repeat 5/5
2025-09-30 18:48:16 -   Fold 1/5
2025-09-30 18:48:16 -     Fold split: Train=2413, Val=345
2025-09-30 18:49:46 -     Test accuracy: 0.7783
2025-09-30 18:49:46 -   Fold 2/5
2025-09-30 18:49:46 -     Fold split: Train=2413, Val=345
2025-09-30 18:51:08 -     Test accuracy: 0.7609
2025-09-30 18:51:08 -   Fold 3/5
2025-09-30 18:51:08 -     Fold split: Train=2413, Val=345
2025-09-30 18:52:16 -     Test accuracy: 0.7884
2025-09-30 18:52:16 -   Fold 4/5
2025-09-30 18:52:16 -     Fold split: Train=2414, Val=345
2025-09-30 18:52:56 -     Test accuracy: 0.7460
2025-09-30 18:52:56 -   Fold 5/5
2025-09-30 18:52:56 -     Fold split: Train=2414, Val=345
2025-09-30 18:53:58 -     Test accuracy: 0.7939
2025-09-30 18:53:58 -   Repeat 5 mean accuracy: 0.7735 ± 0.0178
2025-09-30 18:53:58 - Cross-Validation completed for EEGConformer
2025-09-30 18:53:58 - Final accuracy: 0.7699 ± 0.0588
2025-09-30 18:53:58 - 95% CI: [0.7457, 0.7942]
2025-09-30 18:53:58 - 
============================================================
2025-09-30 18:53:58 - CROSS-VALIDATION RESULTS
2025-09-30 18:53:58 - ============================================================
2025-09-30 18:53:58 - Model: EEGConformer
2025-09-30 18:53:58 - Overall accuracy: 0.7699 ± 0.0588
2025-09-30 18:53:58 - 95% Confidence Interval: [0.7457, 0.7942]
2025-09-30 18:53:58 - Statistical significance: 25 evaluations
2025-09-30 18:53:58 - Precision: 0.7597 [0.7346, 0.7848]
2025-09-30 18:53:58 - Recall: 0.8130 [0.7856, 0.8404]
2025-09-30 18:53:58 - F1_Score: 0.7809 [0.7676, 0.7942]
2025-09-30 18:53:58 - Auc: 0.8372 [0.8183, 0.8561]
2025-09-30 18:53:58 - ============================================================
2025-09-30 18:53:58 - Individual subject results skipped - using Nested Cross-Validation results
2025-09-30 18:53:58 - Detailed results saved to: main_combined_detailed_results_20250930_185358.csv
2025-09-30 18:53:58 - Summary statistics saved to: main_combined_summary_stats_20250930_185358.csv
2025-09-30 18:53:58 - Dataset-specific results from Nested Cross-Validation:
2025-09-30 18:53:58 - P3 Dataset - Nested CV Results:
2025-09-30 18:53:58 -   Mean Accuracy: 0.5527 ± 0.0579
2025-09-30 18:53:58 -   95% CI: [0.5288, 0.5766]
2025-09-30 18:53:58 -   AUC: 0.5927 ± 0.0549
2025-09-30 18:53:58 - AVO Dataset - Nested CV Results:
2025-09-30 18:53:58 -   Mean Accuracy: 0.7982 ± 0.0630
2025-09-30 18:53:58 -   95% CI: [0.7722, 0.8241]
2025-09-30 18:53:58 -   AUC: 0.8655 ± 0.0490
