2025-09-12 16:31:58 - 
Experiment Configuration:
2025-09-12 16:31:58 - --------------------------------------------------
2025-09-12 16:31:58 - dataset: use_combined_datasets
2025-09-12 16:31:58 - use_combined_datasets: True
2025-09-12 16:31:58 - electrode_list: common
2025-09-12 16:31:58 - classifier: EEGConformer
2025-09-12 16:31:58 - separate_subject_classification: False
2025-09-12 16:31:58 - use_subject_layer: False
2025-09-12 16:31:58 - seeds: [42]
2025-09-12 16:31:58 - --------------------------------------------------
2025-09-12 16:31:58 - 
==================================================
2025-09-12 16:31:58 - Processing Combined P3 and AVO Datasets
2025-09-12 16:31:58 - ==================================================
2025-09-12 16:40:32 - 
==================================================
2025-09-12 16:40:32 - Individual Subject Results - Combined Model
2025-09-12 16:40:32 - ==================================================
2025-09-12 16:40:32 - Subject: AVO_001
2025-09-12 16:40:32 -   Accuracy: 88.889%
2025-09-12 16:40:32 -   Precision: 1.000
2025-09-12 16:40:32 -   Recall: 0.800
2025-09-12 16:40:32 -   F1 Score: 0.889
2025-09-12 16:40:32 -   AUC: 0.900
2025-09-12 16:40:32 -   Correct/Total: 8/9
2025-09-12 16:40:32 -   Confusion Matrix Stats:
2025-09-12 16:40:32 -     TP: 4, TN: 4
2025-09-12 16:40:32 -     FP: 0, FN: 1
2025-09-12 16:40:32 - Subject: AVO_002
2025-09-12 16:40:32 -   Accuracy: 76.923%
2025-09-12 16:40:32 -   Precision: 0.600
2025-09-12 16:40:32 -   Recall: 0.750
2025-09-12 16:40:32 -   F1 Score: 0.667
2025-09-12 16:40:32 -   AUC: 0.778
2025-09-12 16:40:32 -   Correct/Total: 10/13
2025-09-12 16:40:32 -   Confusion Matrix Stats:
2025-09-12 16:40:32 -     TP: 3, TN: 7
2025-09-12 16:40:32 -     FP: 2, FN: 1
2025-09-12 16:40:32 - Subject: AVO_003
2025-09-12 16:40:32 -   Accuracy: 82.609%
2025-09-12 16:40:32 -   Precision: 0.667
2025-09-12 16:40:32 -   Recall: 1.000
2025-09-12 16:40:32 -   F1 Score: 0.800
2025-09-12 16:40:32 -   AUC: 0.975
2025-09-12 16:40:32 -   Correct/Total: 19/23
2025-09-12 16:40:32 -   Confusion Matrix Stats:
2025-09-12 16:40:32 -     TP: 8, TN: 11
2025-09-12 16:40:32 -     FP: 4, FN: 0
2025-09-12 16:40:32 - Subject: AVO_004
2025-09-12 16:40:32 -   Accuracy: 100.000%
2025-09-12 16:40:32 -   Precision: 1.000
2025-09-12 16:40:32 -   Recall: 1.000
2025-09-12 16:40:32 -   F1 Score: 1.000
2025-09-12 16:40:32 -   AUC: 1.000
2025-09-12 16:40:32 -   Correct/Total: 13/13
2025-09-12 16:40:32 -   Confusion Matrix Stats:
2025-09-12 16:40:32 -     TP: 10, TN: 3
2025-09-12 16:40:32 -     FP: 0, FN: 0
2025-09-12 16:40:32 - Subject: AVO_005
2025-09-12 16:40:32 -   Accuracy: 100.000%
2025-09-12 16:40:32 -   Precision: 1.000
2025-09-12 16:40:32 -   Recall: 1.000
2025-09-12 16:40:32 -   F1 Score: 1.000
2025-09-12 16:40:32 -   AUC: 1.000
2025-09-12 16:40:32 -   Correct/Total: 14/14
2025-09-12 16:40:32 -   Confusion Matrix Stats:
2025-09-12 16:40:32 -     TP: 5, TN: 9
2025-09-12 16:40:32 -     FP: 0, FN: 0
2025-09-12 16:40:32 - Subject: AVO_006
2025-09-12 16:40:32 -   Accuracy: 88.889%
2025-09-12 16:40:32 -   Precision: 0.800
2025-09-12 16:40:32 -   Recall: 1.000
2025-09-12 16:40:32 -   F1 Score: 0.889
2025-09-12 16:40:32 -   AUC: 0.950
2025-09-12 16:40:32 -   Correct/Total: 8/9
2025-09-12 16:40:32 -   Confusion Matrix Stats:
2025-09-12 16:40:32 -     TP: 4, TN: 4
2025-09-12 16:40:32 -     FP: 1, FN: 0
2025-09-12 16:40:32 - Subject: AVO_007
2025-09-12 16:40:32 -   Accuracy: 72.727%
2025-09-12 16:40:32 -   Precision: 0.643
2025-09-12 16:40:32 -   Recall: 0.900
2025-09-12 16:40:32 -   F1 Score: 0.750
2025-09-12 16:40:32 -   AUC: 0.867
2025-09-12 16:40:32 -   Correct/Total: 16/22
2025-09-12 16:40:32 -   Confusion Matrix Stats:
2025-09-12 16:40:32 -     TP: 9, TN: 7
2025-09-12 16:40:32 -     FP: 5, FN: 1
2025-09-12 16:40:32 - Subject: AVO_008
2025-09-12 16:40:32 -   Accuracy: 60.000%
2025-09-12 16:40:32 -   Precision: 0.538
2025-09-12 16:40:32 -   Recall: 1.000
2025-09-12 16:40:32 -   F1 Score: 0.700
2025-09-12 16:40:32 -   AUC: 0.804
2025-09-12 16:40:32 -   Correct/Total: 9/15
2025-09-12 16:40:32 -   Confusion Matrix Stats:
2025-09-12 16:40:32 -     TP: 7, TN: 2
2025-09-12 16:40:32 -     FP: 6, FN: 0
2025-09-12 16:40:32 - Subject: AVO_009
2025-09-12 16:40:32 -   Accuracy: 85.714%
2025-09-12 16:40:32 -   Precision: 0.800
2025-09-12 16:40:32 -   Recall: 1.000
2025-09-12 16:40:32 -   F1 Score: 0.889
2025-09-12 16:40:32 -   AUC: 0.979
2025-09-12 16:40:32 -   Correct/Total: 12/14
2025-09-12 16:40:32 -   Confusion Matrix Stats:
2025-09-12 16:40:32 -     TP: 8, TN: 4
2025-09-12 16:40:32 -     FP: 2, FN: 0
2025-09-12 16:40:32 - Subject: AVO_010
2025-09-12 16:40:32 -   Accuracy: 76.923%
2025-09-12 16:40:32 -   Precision: 0.700
2025-09-12 16:40:32 -   Recall: 1.000
2025-09-12 16:40:32 -   F1 Score: 0.824
2025-09-12 16:40:32 -   AUC: 1.000
2025-09-12 16:40:32 -   Correct/Total: 10/13
2025-09-12 16:40:32 -   Confusion Matrix Stats:
2025-09-12 16:40:32 -     TP: 7, TN: 3
2025-09-12 16:40:32 -     FP: 3, FN: 0
2025-09-12 16:40:32 - Subject: AVO_011
2025-09-12 16:40:32 -   Accuracy: 64.706%
2025-09-12 16:40:32 -   Precision: 0.538
2025-09-12 16:40:32 -   Recall: 1.000
2025-09-12 16:40:32 -   F1 Score: 0.700
2025-09-12 16:40:32 -   AUC: 0.971
2025-09-12 16:40:32 -   Correct/Total: 11/17
2025-09-12 16:40:32 -   Confusion Matrix Stats:
2025-09-12 16:40:32 -     TP: 7, TN: 4
2025-09-12 16:40:32 -     FP: 6, FN: 0
2025-09-12 16:40:32 - Subject: AVO_012
2025-09-12 16:40:32 -   Accuracy: 100.000%
2025-09-12 16:40:32 -   Precision: 1.000
2025-09-12 16:40:32 -   Recall: 1.000
2025-09-12 16:40:32 -   F1 Score: 1.000
2025-09-12 16:40:32 -   AUC: 1.000
2025-09-12 16:40:32 -   Correct/Total: 9/9
2025-09-12 16:40:32 -   Confusion Matrix Stats:
2025-09-12 16:40:32 -     TP: 6, TN: 3
2025-09-12 16:40:32 -     FP: 0, FN: 0
2025-09-12 16:40:32 - Subject: AVO_013
2025-09-12 16:40:32 -   Accuracy: 92.857%
2025-09-12 16:40:32 -   Precision: 0.889
2025-09-12 16:40:32 -   Recall: 1.000
2025-09-12 16:40:32 -   F1 Score: 0.941
2025-09-12 16:40:32 -   AUC: 0.833
2025-09-12 16:40:32 -   Correct/Total: 13/14
2025-09-12 16:40:32 -   Confusion Matrix Stats:
2025-09-12 16:40:32 -     TP: 8, TN: 5
2025-09-12 16:40:32 -     FP: 1, FN: 0
2025-09-12 16:40:32 - Subject: AVO_014
2025-09-12 16:40:32 -   Accuracy: 73.333%
2025-09-12 16:40:32 -   Precision: 0.700
2025-09-12 16:40:32 -   Recall: 0.875
2025-09-12 16:40:32 -   F1 Score: 0.778
2025-09-12 16:40:32 -   AUC: 0.732
2025-09-12 16:40:32 -   Correct/Total: 11/15
2025-09-12 16:40:32 -   Confusion Matrix Stats:
2025-09-12 16:40:32 -     TP: 7, TN: 4
2025-09-12 16:40:32 -     FP: 3, FN: 1
2025-09-12 16:40:32 - Subject: AVO_015
2025-09-12 16:40:32 -   Accuracy: 57.143%
2025-09-12 16:40:32 -   Precision: 0.500
2025-09-12 16:40:32 -   Recall: 0.667
2025-09-12 16:40:32 -   F1 Score: 0.571
2025-09-12 16:40:32 -   AUC: 0.833
2025-09-12 16:40:32 -   Correct/Total: 4/7
2025-09-12 16:40:32 -   Confusion Matrix Stats:
2025-09-12 16:40:32 -     TP: 2, TN: 2
2025-09-12 16:40:32 -     FP: 2, FN: 1
2025-09-12 16:40:32 - Subject: AVO_016
2025-09-12 16:40:32 -   Accuracy: 80.000%
2025-09-12 16:40:32 -   Precision: 0.778
2025-09-12 16:40:32 -   Recall: 0.778
2025-09-12 16:40:32 -   F1 Score: 0.778
2025-09-12 16:40:32 -   AUC: 0.828
2025-09-12 16:40:32 -   Correct/Total: 16/20
2025-09-12 16:40:32 -   Confusion Matrix Stats:
2025-09-12 16:40:32 -     TP: 7, TN: 9
2025-09-12 16:40:32 -     FP: 2, FN: 2
2025-09-12 16:40:32 - Subject: AVO_017
2025-09-12 16:40:32 -   Accuracy: 82.609%
2025-09-12 16:40:32 -   Precision: 0.750
2025-09-12 16:40:32 -   Recall: 0.750
2025-09-12 16:40:32 -   F1 Score: 0.750
2025-09-12 16:40:32 -   AUC: 0.967
2025-09-12 16:40:32 -   Correct/Total: 19/23
2025-09-12 16:40:32 -   Confusion Matrix Stats:
2025-09-12 16:40:32 -     TP: 6, TN: 13
2025-09-12 16:40:32 -     FP: 2, FN: 2
2025-09-12 16:40:32 - Subject: AVO_018
2025-09-12 16:40:32 -   Accuracy: 50.000%
2025-09-12 16:40:32 -   Precision: 1.000
2025-09-12 16:40:32 -   Recall: 0.400
2025-09-12 16:40:32 -   F1 Score: 0.571
2025-09-12 16:40:32 -   AUC: 1.000
2025-09-12 16:40:32 -   Correct/Total: 3/6
2025-09-12 16:40:32 -   Confusion Matrix Stats:
2025-09-12 16:40:32 -     TP: 2, TN: 1
2025-09-12 16:40:32 -     FP: 0, FN: 3
2025-09-12 16:40:32 - Subject: AVO_019
2025-09-12 16:40:32 -   Accuracy: 83.333%
2025-09-12 16:40:32 -   Precision: 0.875
2025-09-12 16:40:32 -   Recall: 0.778
2025-09-12 16:40:32 -   F1 Score: 0.824
2025-09-12 16:40:32 -   AUC: 0.975
2025-09-12 16:40:32 -   Correct/Total: 15/18
2025-09-12 16:40:32 -   Confusion Matrix Stats:
2025-09-12 16:40:32 -     TP: 7, TN: 8
2025-09-12 16:40:32 -     FP: 1, FN: 2
2025-09-12 16:40:32 - Subject: AVO_020
2025-09-12 16:40:32 -   Accuracy: 82.353%
2025-09-12 16:40:32 -   Precision: 0.700
2025-09-12 16:40:32 -   Recall: 1.000
2025-09-12 16:40:32 -   F1 Score: 0.824
2025-09-12 16:40:32 -   AUC: 0.986
2025-09-12 16:40:32 -   Correct/Total: 14/17
2025-09-12 16:40:32 -   Confusion Matrix Stats:
2025-09-12 16:40:32 -     TP: 7, TN: 7
2025-09-12 16:40:32 -     FP: 3, FN: 0
2025-09-12 16:40:32 - Subject: AVO_021
2025-09-12 16:40:32 -   Accuracy: 90.000%
2025-09-12 16:40:32 -   Precision: 0.818
2025-09-12 16:40:32 -   Recall: 1.000
2025-09-12 16:40:32 -   F1 Score: 0.900
2025-09-12 16:40:32 -   AUC: 0.970
2025-09-12 16:40:32 -   Correct/Total: 18/20
2025-09-12 16:40:32 -   Confusion Matrix Stats:
2025-09-12 16:40:32 -     TP: 9, TN: 9
2025-09-12 16:40:32 -     FP: 2, FN: 0
2025-09-12 16:40:32 - Subject: AVO_022
2025-09-12 16:40:32 -   Accuracy: 80.000%
2025-09-12 16:40:32 -   Precision: 0.857
2025-09-12 16:40:32 -   Recall: 0.857
2025-09-12 16:40:32 -   F1 Score: 0.857
2025-09-12 16:40:32 -   AUC: 0.952
2025-09-12 16:40:32 -   Correct/Total: 8/10
2025-09-12 16:40:32 -   Confusion Matrix Stats:
2025-09-12 16:40:32 -     TP: 6, TN: 2
2025-09-12 16:40:32 -     FP: 1, FN: 1
2025-09-12 16:40:32 - Subject: AVO_023
2025-09-12 16:40:32 -   Accuracy: 93.750%
2025-09-12 16:40:32 -   Precision: 0.917
2025-09-12 16:40:32 -   Recall: 1.000
2025-09-12 16:40:32 -   F1 Score: 0.957
2025-09-12 16:40:32 -   AUC: 0.927
2025-09-12 16:40:32 -   Correct/Total: 15/16
2025-09-12 16:40:32 -   Confusion Matrix Stats:
2025-09-12 16:40:32 -     TP: 11, TN: 4
2025-09-12 16:40:32 -     FP: 1, FN: 0
2025-09-12 16:40:32 - Subject: AVO_024
2025-09-12 16:40:32 -   Accuracy: 68.750%
2025-09-12 16:40:32 -   Precision: 0.583
2025-09-12 16:40:32 -   Recall: 1.000
2025-09-12 16:40:32 -   F1 Score: 0.737
2025-09-12 16:40:32 -   AUC: 0.873
2025-09-12 16:40:32 -   Correct/Total: 11/16
2025-09-12 16:40:32 -   Confusion Matrix Stats:
2025-09-12 16:40:32 -     TP: 7, TN: 4
2025-09-12 16:40:32 -     FP: 5, FN: 0
2025-09-12 16:40:32 - Subject: AVO_025
2025-09-12 16:40:32 -   Accuracy: 80.000%
2025-09-12 16:40:32 -   Precision: 0.667
2025-09-12 16:40:32 -   Recall: 1.000
2025-09-12 16:40:32 -   F1 Score: 0.800
2025-09-12 16:40:32 -   AUC: 1.000
2025-09-12 16:40:32 -   Correct/Total: 8/10
2025-09-12 16:40:32 -   Confusion Matrix Stats:
2025-09-12 16:40:32 -     TP: 4, TN: 4
2025-09-12 16:40:32 -     FP: 2, FN: 0
2025-09-12 16:40:32 - Subject: AVO_026
2025-09-12 16:40:32 -   Accuracy: 85.714%
2025-09-12 16:40:32 -   Precision: 0.882
2025-09-12 16:40:32 -   Recall: 0.882
2025-09-12 16:40:32 -   F1 Score: 0.882
2025-09-12 16:40:32 -   AUC: 0.888
2025-09-12 16:40:32 -   Correct/Total: 24/28
2025-09-12 16:40:32 -   Confusion Matrix Stats:
2025-09-12 16:40:32 -     TP: 15, TN: 9
2025-09-12 16:40:32 -     FP: 2, FN: 2
2025-09-12 16:40:32 - Subject: AVO_027
2025-09-12 16:40:32 -   Accuracy: 66.667%
2025-09-12 16:40:32 -   Precision: 0.727
2025-09-12 16:40:32 -   Recall: 0.727
2025-09-12 16:40:32 -   F1 Score: 0.727
2025-09-12 16:40:32 -   AUC: 0.805
2025-09-12 16:40:32 -   Correct/Total: 12/18
2025-09-12 16:40:32 -   Confusion Matrix Stats:
2025-09-12 16:40:32 -     TP: 8, TN: 4
2025-09-12 16:40:32 -     FP: 3, FN: 3
2025-09-12 16:40:32 - Subject: AVO_028
2025-09-12 16:40:32 -   Accuracy: 81.818%
2025-09-12 16:40:32 -   Precision: 0.750
2025-09-12 16:40:32 -   Recall: 1.000
2025-09-12 16:40:32 -   F1 Score: 0.857
2025-09-12 16:40:32 -   AUC: 0.933
2025-09-12 16:40:32 -   Correct/Total: 9/11
2025-09-12 16:40:32 -   Confusion Matrix Stats:
2025-09-12 16:40:32 -     TP: 6, TN: 3
2025-09-12 16:40:32 -     FP: 2, FN: 0
2025-09-12 16:40:32 - Subject: AVO_029
2025-09-12 16:40:32 -   Accuracy: 93.750%
2025-09-12 16:40:32 -   Precision: 0.875
2025-09-12 16:40:32 -   Recall: 1.000
2025-09-12 16:40:32 -   F1 Score: 0.933
2025-09-12 16:40:32 -   AUC: 1.000
2025-09-12 16:40:32 -   Correct/Total: 15/16
2025-09-12 16:40:32 -   Confusion Matrix Stats:
2025-09-12 16:40:32 -     TP: 7, TN: 8
2025-09-12 16:40:32 -     FP: 1, FN: 0
2025-09-12 16:40:32 - Subject: AVO_030
2025-09-12 16:40:32 -   Accuracy: 82.353%
2025-09-12 16:40:32 -   Precision: 0.818
2025-09-12 16:40:32 -   Recall: 0.900
2025-09-12 16:40:32 -   F1 Score: 0.857
2025-09-12 16:40:32 -   AUC: 0.886
2025-09-12 16:40:32 -   Correct/Total: 14/17
2025-09-12 16:40:32 -   Confusion Matrix Stats:
2025-09-12 16:40:32 -     TP: 9, TN: 5
2025-09-12 16:40:32 -     FP: 2, FN: 1
2025-09-12 16:40:32 - Subject: AVO_031
2025-09-12 16:40:32 -   Accuracy: 72.222%
2025-09-12 16:40:32 -   Precision: 0.636
2025-09-12 16:40:32 -   Recall: 0.875
2025-09-12 16:40:32 -   F1 Score: 0.737
2025-09-12 16:40:32 -   AUC: 0.912
2025-09-12 16:40:32 -   Correct/Total: 13/18
2025-09-12 16:40:32 -   Confusion Matrix Stats:
2025-09-12 16:40:32 -     TP: 7, TN: 6
2025-09-12 16:40:32 -     FP: 4, FN: 1
2025-09-12 16:40:32 - Subject: AVO_032
2025-09-12 16:40:32 -   Accuracy: 78.261%
2025-09-12 16:40:32 -   Precision: 0.688
2025-09-12 16:40:32 -   Recall: 1.000
2025-09-12 16:40:32 -   F1 Score: 0.815
2025-09-12 16:40:32 -   AUC: 0.932
2025-09-12 16:40:32 -   Correct/Total: 18/23
2025-09-12 16:40:32 -   Confusion Matrix Stats:
2025-09-12 16:40:32 -     TP: 11, TN: 7
2025-09-12 16:40:32 -     FP: 5, FN: 0
2025-09-12 16:40:32 - Subject: AVO_033
2025-09-12 16:40:32 -   Accuracy: 88.235%
2025-09-12 16:40:32 -   Precision: 1.000
2025-09-12 16:40:32 -   Recall: 0.800
2025-09-12 16:40:32 -   F1 Score: 0.889
2025-09-12 16:40:32 -   AUC: 0.914
2025-09-12 16:40:32 -   Correct/Total: 15/17
2025-09-12 16:40:32 -   Confusion Matrix Stats:
2025-09-12 16:40:32 -     TP: 8, TN: 7
2025-09-12 16:40:32 -     FP: 0, FN: 2
2025-09-12 16:40:32 - Subject: AVO_034
2025-09-12 16:40:32 -   Accuracy: 76.923%
2025-09-12 16:40:32 -   Precision: 0.700
2025-09-12 16:40:32 -   Recall: 1.000
2025-09-12 16:40:32 -   F1 Score: 0.824
2025-09-12 16:40:32 -   AUC: 0.762
2025-09-12 16:40:32 -   Correct/Total: 10/13
2025-09-12 16:40:32 -   Confusion Matrix Stats:
2025-09-12 16:40:32 -     TP: 7, TN: 3
2025-09-12 16:40:32 -     FP: 3, FN: 0
2025-09-12 16:40:32 - Subject: AVO_035
2025-09-12 16:40:32 -   Accuracy: 73.684%
2025-09-12 16:40:32 -   Precision: 0.778
2025-09-12 16:40:32 -   Recall: 0.700
2025-09-12 16:40:32 -   F1 Score: 0.737
2025-09-12 16:40:32 -   AUC: 0.789
2025-09-12 16:40:32 -   Correct/Total: 14/19
2025-09-12 16:40:32 -   Confusion Matrix Stats:
2025-09-12 16:40:32 -     TP: 7, TN: 7
2025-09-12 16:40:32 -     FP: 2, FN: 3
2025-09-12 16:40:32 - Subject: AVO_036
2025-09-12 16:40:32 -   Accuracy: 78.571%
2025-09-12 16:40:32 -   Precision: 0.778
2025-09-12 16:40:32 -   Recall: 0.875
2025-09-12 16:40:32 -   F1 Score: 0.824
2025-09-12 16:40:32 -   AUC: 0.833
2025-09-12 16:40:32 -   Correct/Total: 11/14
2025-09-12 16:40:32 -   Confusion Matrix Stats:
2025-09-12 16:40:32 -     TP: 7, TN: 4
2025-09-12 16:40:32 -     FP: 2, FN: 1
2025-09-12 16:40:32 - Subject: AVO_037
2025-09-12 16:40:32 -   Accuracy: 70.588%
2025-09-12 16:40:32 -   Precision: 0.700
2025-09-12 16:40:32 -   Recall: 0.778
2025-09-12 16:40:32 -   F1 Score: 0.737
2025-09-12 16:40:32 -   AUC: 0.681
2025-09-12 16:40:32 -   Correct/Total: 12/17
2025-09-12 16:40:32 -   Confusion Matrix Stats:
2025-09-12 16:40:32 -     TP: 7, TN: 5
2025-09-12 16:40:32 -     FP: 3, FN: 2
2025-09-12 16:40:32 - Subject: AVO_038
2025-09-12 16:40:32 -   Accuracy: 76.190%
2025-09-12 16:40:32 -   Precision: 0.786
2025-09-12 16:40:32 -   Recall: 0.846
2025-09-12 16:40:32 -   F1 Score: 0.815
2025-09-12 16:40:32 -   AUC: 0.760
2025-09-12 16:40:32 -   Correct/Total: 16/21
2025-09-12 16:40:32 -   Confusion Matrix Stats:
2025-09-12 16:40:32 -     TP: 11, TN: 5
2025-09-12 16:40:32 -     FP: 3, FN: 2
2025-09-12 16:40:32 - Subject: AVO_039
2025-09-12 16:40:32 -   Accuracy: 87.500%
2025-09-12 16:40:32 -   Precision: 0.800
2025-09-12 16:40:32 -   Recall: 1.000
2025-09-12 16:40:32 -   F1 Score: 0.889
2025-09-12 16:40:32 -   AUC: 0.875
2025-09-12 16:40:32 -   Correct/Total: 14/16
2025-09-12 16:40:32 -   Confusion Matrix Stats:
2025-09-12 16:40:32 -     TP: 8, TN: 6
2025-09-12 16:40:32 -     FP: 2, FN: 0
2025-09-12 16:40:32 - Subject: AVO_040
2025-09-12 16:40:32 -   Accuracy: 80.952%
2025-09-12 16:40:32 -   Precision: 0.769
2025-09-12 16:40:32 -   Recall: 0.909
2025-09-12 16:40:32 -   F1 Score: 0.833
2025-09-12 16:40:32 -   AUC: 0.909
2025-09-12 16:40:32 -   Correct/Total: 17/21
2025-09-12 16:40:32 -   Confusion Matrix Stats:
2025-09-12 16:40:32 -     TP: 10, TN: 7
2025-09-12 16:40:32 -     FP: 3, FN: 1
2025-09-12 16:40:32 - Subject: P3_sub-001
2025-09-12 16:40:32 -   Accuracy: 60.000%
2025-09-12 16:40:32 -   Precision: 0.429
2025-09-12 16:40:32 -   Recall: 0.600
2025-09-12 16:40:32 -   F1 Score: 0.500
2025-09-12 16:40:32 -   AUC: 0.620
2025-09-12 16:40:32 -   Correct/Total: 9/15
2025-09-12 16:40:32 -   Confusion Matrix Stats:
2025-09-12 16:40:32 -     TP: 3, TN: 6
2025-09-12 16:40:32 -     FP: 4, FN: 2
2025-09-12 16:40:32 - Subject: P3_sub-002
2025-09-12 16:40:32 -   Accuracy: 76.923%
2025-09-12 16:40:32 -   Precision: 0.625
2025-09-12 16:40:32 -   Recall: 1.000
2025-09-12 16:40:32 -   F1 Score: 0.769
2025-09-12 16:40:32 -   AUC: 0.775
2025-09-12 16:40:32 -   Correct/Total: 10/13
2025-09-12 16:40:32 -   Confusion Matrix Stats:
2025-09-12 16:40:32 -     TP: 5, TN: 5
2025-09-12 16:40:32 -     FP: 3, FN: 0
2025-09-12 16:40:32 - Subject: P3_sub-003
2025-09-12 16:40:32 -   Accuracy: 83.333%
2025-09-12 16:40:32 -   Precision: 0.833
2025-09-12 16:40:32 -   Recall: 0.833
2025-09-12 16:40:32 -   F1 Score: 0.833
2025-09-12 16:40:32 -   AUC: 0.889
2025-09-12 16:40:32 -   Correct/Total: 10/12
2025-09-12 16:40:32 -   Confusion Matrix Stats:
2025-09-12 16:40:32 -     TP: 5, TN: 5
2025-09-12 16:40:32 -     FP: 1, FN: 1
2025-09-12 16:40:32 - Subject: P3_sub-004
2025-09-12 16:40:32 -   Accuracy: 63.158%
2025-09-12 16:40:32 -   Precision: 0.625
2025-09-12 16:40:32 -   Recall: 0.556
2025-09-12 16:40:32 -   F1 Score: 0.588
2025-09-12 16:40:32 -   AUC: 0.767
2025-09-12 16:40:32 -   Correct/Total: 12/19
2025-09-12 16:40:32 -   Confusion Matrix Stats:
2025-09-12 16:40:32 -     TP: 5, TN: 7
2025-09-12 16:40:32 -     FP: 3, FN: 4
2025-09-12 16:40:32 - Subject: P3_sub-005
2025-09-12 16:40:32 -   Accuracy: 71.429%
2025-09-12 16:40:32 -   Precision: 1.000
2025-09-12 16:40:32 -   Recall: 0.600
2025-09-12 16:40:32 -   F1 Score: 0.750
2025-09-12 16:40:32 -   AUC: 0.900
2025-09-12 16:40:32 -   Correct/Total: 10/14
2025-09-12 16:40:32 -   Confusion Matrix Stats:
2025-09-12 16:40:32 -     TP: 6, TN: 4
2025-09-12 16:40:32 -     FP: 0, FN: 4
2025-09-12 16:40:32 - Subject: P3_sub-006
2025-09-12 16:40:32 -   Accuracy: 40.000%
2025-09-12 16:40:32 -   Precision: 0.333
2025-09-12 16:40:32 -   Recall: 0.286
2025-09-12 16:40:32 -   F1 Score: 0.308
2025-09-12 16:40:32 -   AUC: 0.607
2025-09-12 16:40:32 -   Correct/Total: 6/15
2025-09-12 16:40:32 -   Confusion Matrix Stats:
2025-09-12 16:40:32 -     TP: 2, TN: 4
2025-09-12 16:40:32 -     FP: 4, FN: 5
2025-09-12 16:40:32 - Subject: P3_sub-007
2025-09-12 16:40:32 -   Accuracy: 71.429%
2025-09-12 16:40:32 -   Precision: 0.667
2025-09-12 16:40:32 -   Recall: 0.857
2025-09-12 16:40:32 -   F1 Score: 0.750
2025-09-12 16:40:32 -   AUC: 0.878
2025-09-12 16:40:32 -   Correct/Total: 10/14
2025-09-12 16:40:32 -   Confusion Matrix Stats:
2025-09-12 16:40:32 -     TP: 6, TN: 4
2025-09-12 16:40:32 -     FP: 3, FN: 1
2025-09-12 16:40:32 - Subject: P3_sub-008
2025-09-12 16:40:32 -   Accuracy: 66.667%
2025-09-12 16:40:32 -   Precision: 0.857
2025-09-12 16:40:32 -   Recall: 0.667
2025-09-12 16:40:32 -   F1 Score: 0.750
2025-09-12 16:40:32 -   AUC: 0.630
2025-09-12 16:40:32 -   Correct/Total: 8/12
2025-09-12 16:40:32 -   Confusion Matrix Stats:
2025-09-12 16:40:32 -     TP: 6, TN: 2
2025-09-12 16:40:32 -     FP: 1, FN: 3
2025-09-12 16:40:32 - Subject: P3_sub-009
2025-09-12 16:40:32 -   Accuracy: 81.250%
2025-09-12 16:40:32 -   Precision: 0.875
2025-09-12 16:40:32 -   Recall: 0.778
2025-09-12 16:40:32 -   F1 Score: 0.824
2025-09-12 16:40:32 -   AUC: 0.889
2025-09-12 16:40:32 -   Correct/Total: 13/16
2025-09-12 16:40:32 -   Confusion Matrix Stats:
2025-09-12 16:40:32 -     TP: 7, TN: 6
2025-09-12 16:40:32 -     FP: 1, FN: 2
2025-09-12 16:40:32 - Subject: P3_sub-010
2025-09-12 16:40:32 -   Accuracy: 56.250%
2025-09-12 16:40:32 -   Precision: 0.500
2025-09-12 16:40:32 -   Recall: 0.714
2025-09-12 16:40:32 -   F1 Score: 0.588
2025-09-12 16:40:32 -   AUC: 0.603
2025-09-12 16:40:32 -   Correct/Total: 9/16
2025-09-12 16:40:32 -   Confusion Matrix Stats:
2025-09-12 16:40:32 -     TP: 5, TN: 4
2025-09-12 16:40:32 -     FP: 5, FN: 2
2025-09-12 16:40:32 - Subject: P3_sub-011
2025-09-12 16:40:32 -   Accuracy: 56.250%
2025-09-12 16:40:32 -   Precision: 0.545
2025-09-12 16:40:32 -   Recall: 0.750
2025-09-12 16:40:32 -   F1 Score: 0.632
2025-09-12 16:40:32 -   AUC: 0.562
2025-09-12 16:40:32 -   Correct/Total: 9/16
2025-09-12 16:40:32 -   Confusion Matrix Stats:
2025-09-12 16:40:32 -     TP: 6, TN: 3
2025-09-12 16:40:32 -     FP: 5, FN: 2
2025-09-12 16:40:32 - Subject: P3_sub-012
2025-09-12 16:40:32 -   Accuracy: 69.231%
2025-09-12 16:40:32 -   Precision: 0.571
2025-09-12 16:40:32 -   Recall: 0.800
2025-09-12 16:40:32 -   F1 Score: 0.667
2025-09-12 16:40:32 -   AUC: 0.775
2025-09-12 16:40:32 -   Correct/Total: 9/13
2025-09-12 16:40:32 -   Confusion Matrix Stats:
2025-09-12 16:40:32 -     TP: 4, TN: 5
2025-09-12 16:40:32 -     FP: 3, FN: 1
2025-09-12 16:40:32 - Subject: P3_sub-013
2025-09-12 16:40:32 -   Accuracy: 68.421%
2025-09-12 16:40:32 -   Precision: 0.778
2025-09-12 16:40:32 -   Recall: 0.636
2025-09-12 16:40:32 -   F1 Score: 0.700
2025-09-12 16:40:32 -   AUC: 0.795
2025-09-12 16:40:32 -   Correct/Total: 13/19
2025-09-12 16:40:32 -   Confusion Matrix Stats:
2025-09-12 16:40:32 -     TP: 7, TN: 6
2025-09-12 16:40:32 -     FP: 2, FN: 4
2025-09-12 16:40:32 - Subject: P3_sub-014
2025-09-12 16:40:32 -   Accuracy: 92.857%
2025-09-12 16:40:32 -   Precision: 1.000
2025-09-12 16:40:32 -   Recall: 0.875
2025-09-12 16:40:32 -   F1 Score: 0.933
2025-09-12 16:40:32 -   AUC: 0.958
2025-09-12 16:40:32 -   Correct/Total: 13/14
2025-09-12 16:40:32 -   Confusion Matrix Stats:
2025-09-12 16:40:32 -     TP: 7, TN: 6
2025-09-12 16:40:32 -     FP: 0, FN: 1
2025-09-12 16:40:32 - Subject: P3_sub-015
2025-09-12 16:40:32 -   Accuracy: 78.947%
2025-09-12 16:40:32 -   Precision: 0.700
2025-09-12 16:40:32 -   Recall: 0.875
2025-09-12 16:40:32 -   F1 Score: 0.778
2025-09-12 16:40:32 -   AUC: 0.875
2025-09-12 16:40:32 -   Correct/Total: 15/19
2025-09-12 16:40:32 -   Confusion Matrix Stats:
2025-09-12 16:40:32 -     TP: 7, TN: 8
2025-09-12 16:40:32 -     FP: 3, FN: 1
2025-09-12 16:40:32 - Subject: P3_sub-016
2025-09-12 16:40:32 -   Accuracy: 80.000%
2025-09-12 16:40:32 -   Precision: 0.750
2025-09-12 16:40:32 -   Recall: 0.857
2025-09-12 16:40:32 -   F1 Score: 0.800
2025-09-12 16:40:32 -   AUC: 0.804
2025-09-12 16:40:32 -   Correct/Total: 12/15
2025-09-12 16:40:32 -   Confusion Matrix Stats:
2025-09-12 16:40:32 -     TP: 6, TN: 6
2025-09-12 16:40:32 -     FP: 2, FN: 1
2025-09-12 16:40:32 - Subject: P3_sub-017
2025-09-12 16:40:32 -   Accuracy: 55.000%
2025-09-12 16:40:32 -   Precision: 0.455
2025-09-12 16:40:32 -   Recall: 0.625
2025-09-12 16:40:32 -   F1 Score: 0.526
2025-09-12 16:40:32 -   AUC: 0.677
2025-09-12 16:40:32 -   Correct/Total: 11/20
2025-09-12 16:40:32 -   Confusion Matrix Stats:
2025-09-12 16:40:32 -     TP: 5, TN: 6
2025-09-12 16:40:32 -     FP: 6, FN: 3
2025-09-12 16:40:32 - Subject: P3_sub-018
2025-09-12 16:40:32 -   Accuracy: 82.353%
2025-09-12 16:40:32 -   Precision: 0.750
2025-09-12 16:40:32 -   Recall: 0.857
2025-09-12 16:40:32 -   F1 Score: 0.800
2025-09-12 16:40:32 -   AUC: 0.943
2025-09-12 16:40:32 -   Correct/Total: 14/17
2025-09-12 16:40:32 -   Confusion Matrix Stats:
2025-09-12 16:40:32 -     TP: 6, TN: 8
2025-09-12 16:40:32 -     FP: 2, FN: 1
2025-09-12 16:40:32 - Subject: P3_sub-019
2025-09-12 16:40:32 -   Accuracy: 66.667%
2025-09-12 16:40:32 -   Precision: 0.333
2025-09-12 16:40:32 -   Recall: 0.333
2025-09-12 16:40:32 -   F1 Score: 0.333
2025-09-12 16:40:32 -   AUC: 0.667
2025-09-12 16:40:32 -   Correct/Total: 8/12
2025-09-12 16:40:32 -   Confusion Matrix Stats:
2025-09-12 16:40:32 -     TP: 1, TN: 7
2025-09-12 16:40:32 -     FP: 2, FN: 2
2025-09-12 16:40:32 - Subject: P3_sub-020
2025-09-12 16:40:32 -   Accuracy: 76.471%
2025-09-12 16:40:32 -   Precision: 0.700
2025-09-12 16:40:32 -   Recall: 0.875
2025-09-12 16:40:32 -   F1 Score: 0.778
2025-09-12 16:40:32 -   AUC: 0.792
2025-09-12 16:40:32 -   Correct/Total: 13/17
2025-09-12 16:40:32 -   Confusion Matrix Stats:
2025-09-12 16:40:32 -     TP: 7, TN: 6
2025-09-12 16:40:32 -     FP: 3, FN: 1
2025-09-12 16:40:32 - Subject: P3_sub-021
2025-09-12 16:40:32 -   Accuracy: 64.286%
2025-09-12 16:40:32 -   Precision: 0.429
2025-09-12 16:40:32 -   Recall: 0.750
2025-09-12 16:40:32 -   F1 Score: 0.545
2025-09-12 16:40:32 -   AUC: 0.725
2025-09-12 16:40:32 -   Correct/Total: 9/14
2025-09-12 16:40:32 -   Confusion Matrix Stats:
2025-09-12 16:40:32 -     TP: 3, TN: 6
2025-09-12 16:40:32 -     FP: 4, FN: 1
2025-09-12 16:40:32 - Subject: P3_sub-022
2025-09-12 16:40:32 -   Accuracy: 78.947%
2025-09-12 16:40:32 -   Precision: 0.778
2025-09-12 16:40:32 -   Recall: 0.778
2025-09-12 16:40:32 -   F1 Score: 0.778
2025-09-12 16:40:32 -   AUC: 0.822
2025-09-12 16:40:32 -   Correct/Total: 15/19
2025-09-12 16:40:32 -   Confusion Matrix Stats:
2025-09-12 16:40:32 -     TP: 7, TN: 8
2025-09-12 16:40:32 -     FP: 2, FN: 2
2025-09-12 16:40:32 - Subject: P3_sub-023
2025-09-12 16:40:32 -   Accuracy: 78.947%
2025-09-12 16:40:32 -   Precision: 0.900
2025-09-12 16:40:32 -   Recall: 0.750
2025-09-12 16:40:32 -   F1 Score: 0.818
2025-09-12 16:40:32 -   AUC: 0.869
2025-09-12 16:40:32 -   Correct/Total: 15/19
2025-09-12 16:40:32 -   Confusion Matrix Stats:
2025-09-12 16:40:32 -     TP: 9, TN: 6
2025-09-12 16:40:32 -     FP: 1, FN: 3
2025-09-12 16:40:32 - Subject: P3_sub-024
2025-09-12 16:40:32 -   Accuracy: 87.500%
2025-09-12 16:40:32 -   Precision: 0.800
2025-09-12 16:40:32 -   Recall: 1.000
2025-09-12 16:40:32 -   F1 Score: 0.889
2025-09-12 16:40:32 -   AUC: 0.953
2025-09-12 16:40:32 -   Correct/Total: 14/16
2025-09-12 16:40:32 -   Confusion Matrix Stats:
2025-09-12 16:40:32 -     TP: 8, TN: 6
2025-09-12 16:40:32 -     FP: 2, FN: 0
2025-09-12 16:40:32 - Subject: P3_sub-025
2025-09-12 16:40:32 -   Accuracy: 77.778%
2025-09-12 16:40:32 -   Precision: 0.800
2025-09-12 16:40:32 -   Recall: 0.800
2025-09-12 16:40:32 -   F1 Score: 0.800
2025-09-12 16:40:32 -   AUC: 0.950
2025-09-12 16:40:32 -   Correct/Total: 7/9
2025-09-12 16:40:32 -   Confusion Matrix Stats:
2025-09-12 16:40:32 -     TP: 4, TN: 3
2025-09-12 16:40:32 -     FP: 1, FN: 1
2025-09-12 16:40:32 - Subject: P3_sub-026
2025-09-12 16:40:32 -   Accuracy: 77.778%
2025-09-12 16:40:32 -   Precision: 0.700
2025-09-12 16:40:32 -   Recall: 0.875
2025-09-12 16:40:32 -   F1 Score: 0.778
2025-09-12 16:40:32 -   AUC: 0.812
2025-09-12 16:40:32 -   Correct/Total: 14/18
2025-09-12 16:40:32 -   Confusion Matrix Stats:
2025-09-12 16:40:32 -     TP: 7, TN: 7
2025-09-12 16:40:32 -     FP: 3, FN: 1
2025-09-12 16:40:32 - Subject: P3_sub-027
2025-09-12 16:40:32 -   Accuracy: 71.429%
2025-09-12 16:40:32 -   Precision: 0.857
2025-09-12 16:40:32 -   Recall: 0.667
2025-09-12 16:40:32 -   F1 Score: 0.750
2025-09-12 16:40:32 -   AUC: 0.733
2025-09-12 16:40:32 -   Correct/Total: 10/14
2025-09-12 16:40:32 -   Confusion Matrix Stats:
2025-09-12 16:40:32 -     TP: 6, TN: 4
2025-09-12 16:40:32 -     FP: 1, FN: 3
2025-09-12 16:40:32 - Subject: P3_sub-028
2025-09-12 16:40:32 -   Accuracy: 86.667%
2025-09-12 16:40:32 -   Precision: 1.000
2025-09-12 16:40:32 -   Recall: 0.778
2025-09-12 16:40:32 -   F1 Score: 0.875
2025-09-12 16:40:32 -   AUC: 0.889
2025-09-12 16:40:32 -   Correct/Total: 13/15
2025-09-12 16:40:32 -   Confusion Matrix Stats:
2025-09-12 16:40:32 -     TP: 7, TN: 6
2025-09-12 16:40:32 -     FP: 0, FN: 2
2025-09-12 16:40:32 - Subject: P3_sub-029
2025-09-12 16:40:32 -   Accuracy: 66.667%
2025-09-12 16:40:32 -   Precision: 0.533
2025-09-12 16:40:32 -   Recall: 1.000
2025-09-12 16:40:32 -   F1 Score: 0.696
2025-09-12 16:40:32 -   AUC: 0.856
2025-09-12 16:40:32 -   Correct/Total: 14/21
2025-09-12 16:40:32 -   Confusion Matrix Stats:
2025-09-12 16:40:32 -     TP: 8, TN: 6
2025-09-12 16:40:32 -     FP: 7, FN: 0
2025-09-12 16:40:32 - Subject: P3_sub-030
2025-09-12 16:40:32 -   Accuracy: 33.333%
2025-09-12 16:40:32 -   Precision: 0.286
2025-09-12 16:40:32 -   Recall: 0.286
2025-09-12 16:40:32 -   F1 Score: 0.286
2025-09-12 16:40:32 -   AUC: 0.429
2025-09-12 16:40:32 -   Correct/Total: 5/15
2025-09-12 16:40:32 -   Confusion Matrix Stats:
2025-09-12 16:40:32 -     TP: 2, TN: 3
2025-09-12 16:40:32 -     FP: 5, FN: 5
2025-09-12 16:40:32 - Subject: P3_sub-031
2025-09-12 16:40:32 -   Accuracy: 60.000%
2025-09-12 16:40:32 -   Precision: 0.500
2025-09-12 16:40:32 -   Recall: 0.667
2025-09-12 16:40:32 -   F1 Score: 0.571
2025-09-12 16:40:32 -   AUC: 0.648
2025-09-12 16:40:32 -   Correct/Total: 9/15
2025-09-12 16:40:32 -   Confusion Matrix Stats:
2025-09-12 16:40:32 -     TP: 4, TN: 5
2025-09-12 16:40:32 -     FP: 4, FN: 2
2025-09-12 16:40:32 - Subject: P3_sub-032
2025-09-12 16:40:32 -   Accuracy: 78.571%
2025-09-12 16:40:32 -   Precision: 0.833
2025-09-12 16:40:32 -   Recall: 0.714
2025-09-12 16:40:32 -   F1 Score: 0.769
2025-09-12 16:40:32 -   AUC: 0.796
2025-09-12 16:40:32 -   Correct/Total: 11/14
2025-09-12 16:40:32 -   Confusion Matrix Stats:
2025-09-12 16:40:32 -     TP: 5, TN: 6
2025-09-12 16:40:32 -     FP: 1, FN: 2
2025-09-12 16:40:32 - Subject: P3_sub-033
2025-09-12 16:40:32 -   Accuracy: 56.250%
2025-09-12 16:40:32 -   Precision: 0.636
2025-09-12 16:40:32 -   Recall: 0.700
2025-09-12 16:40:32 -   F1 Score: 0.667
2025-09-12 16:40:32 -   AUC: 0.617
2025-09-12 16:40:32 -   Correct/Total: 9/16
2025-09-12 16:40:32 -   Confusion Matrix Stats:
2025-09-12 16:40:32 -     TP: 7, TN: 2
2025-09-12 16:40:32 -     FP: 4, FN: 3
2025-09-12 16:40:32 - Subject: P3_sub-034
2025-09-12 16:40:32 -   Accuracy: 85.714%
2025-09-12 16:40:32 -   Precision: 0.875
2025-09-12 16:40:32 -   Recall: 0.875
2025-09-12 16:40:32 -   F1 Score: 0.875
2025-09-12 16:40:32 -   AUC: 0.917
2025-09-12 16:40:32 -   Correct/Total: 12/14
2025-09-12 16:40:32 -   Confusion Matrix Stats:
2025-09-12 16:40:32 -     TP: 7, TN: 5
2025-09-12 16:40:32 -     FP: 1, FN: 1
2025-09-12 16:40:32 - Subject: P3_sub-035
2025-09-12 16:40:32 -   Accuracy: 64.286%
2025-09-12 16:40:32 -   Precision: 0.556
2025-09-12 16:40:32 -   Recall: 0.833
2025-09-12 16:40:32 -   F1 Score: 0.667
2025-09-12 16:40:32 -   AUC: 0.750
2025-09-12 16:40:32 -   Correct/Total: 9/14
2025-09-12 16:40:32 -   Confusion Matrix Stats:
2025-09-12 16:40:32 -     TP: 5, TN: 4
2025-09-12 16:40:32 -     FP: 4, FN: 1
2025-09-12 16:40:32 - Subject: P3_sub-036
2025-09-12 16:40:32 -   Accuracy: 83.333%
2025-09-12 16:40:32 -   Precision: 0.800
2025-09-12 16:40:32 -   Recall: 0.800
2025-09-12 16:40:32 -   F1 Score: 0.800
2025-09-12 16:40:32 -   AUC: 0.771
2025-09-12 16:40:32 -   Correct/Total: 10/12
2025-09-12 16:40:32 -   Confusion Matrix Stats:
2025-09-12 16:40:32 -     TP: 4, TN: 6
2025-09-12 16:40:32 -     FP: 1, FN: 1
2025-09-12 16:40:32 - Subject: P3_sub-037
2025-09-12 16:40:32 -   Accuracy: 71.429%
2025-09-12 16:40:32 -   Precision: 0.750
2025-09-12 16:40:32 -   Recall: 0.500
2025-09-12 16:40:32 -   F1 Score: 0.600
2025-09-12 16:40:32 -   AUC: 0.875
2025-09-12 16:40:32 -   Correct/Total: 10/14
2025-09-12 16:40:32 -   Confusion Matrix Stats:
2025-09-12 16:40:32 -     TP: 3, TN: 7
2025-09-12 16:40:32 -     FP: 1, FN: 3
2025-09-12 16:40:32 - Subject: P3_sub-038
2025-09-12 16:40:32 -   Accuracy: 83.333%
2025-09-12 16:40:32 -   Precision: 0.875
2025-09-12 16:40:32 -   Recall: 0.875
2025-09-12 16:40:32 -   F1 Score: 0.875
2025-09-12 16:40:32 -   AUC: 0.938
2025-09-12 16:40:32 -   Correct/Total: 10/12
2025-09-12 16:40:32 -   Confusion Matrix Stats:
2025-09-12 16:40:32 -     TP: 7, TN: 3
2025-09-12 16:40:32 -     FP: 1, FN: 1
2025-09-12 16:40:32 - Subject: P3_sub-039
2025-09-12 16:40:32 -   Accuracy: 77.778%
2025-09-12 16:40:32 -   Precision: 0.800
2025-09-12 16:40:32 -   Recall: 0.800
2025-09-12 16:40:32 -   F1 Score: 0.800
2025-09-12 16:40:32 -   AUC: 0.825
2025-09-12 16:40:32 -   Correct/Total: 14/18
2025-09-12 16:40:32 -   Confusion Matrix Stats:
2025-09-12 16:40:32 -     TP: 8, TN: 6
2025-09-12 16:40:32 -     FP: 2, FN: 2
2025-09-12 16:40:32 - Subject: P3_sub-040
2025-09-12 16:40:32 -   Accuracy: 57.143%
2025-09-12 16:40:32 -   Precision: 0.583
2025-09-12 16:40:32 -   Recall: 0.875
2025-09-12 16:40:32 -   F1 Score: 0.700
2025-09-12 16:40:32 -   AUC: 0.708
2025-09-12 16:40:32 -   Correct/Total: 8/14
2025-09-12 16:40:32 -   Confusion Matrix Stats:
2025-09-12 16:40:32 -     TP: 7, TN: 1
2025-09-12 16:40:32 -     FP: 5, FN: 1
2025-09-12 16:40:32 - 
Combined Model (All Subjects) Statistics:
2025-09-12 16:40:32 - Mean Accuracy: 0.755
2025-09-12 16:40:32 - 95% Confidence Interval: [0.727, 0.784]
2025-09-12 16:40:32 - Best Subject: AVO_004 (1.000)
2025-09-12 16:40:32 - Worst Subject: P3_sub-030 (0.333)
2025-09-12 16:40:32 - Mean Precision: 0.726
2025-09-12 16:40:32 - Mean Recall: 0.825
2025-09-12 16:40:32 - Mean F1-Score: 0.772
2025-09-12 16:40:32 - Mean AUC: 0.841
2025-09-12 16:40:32 - Mean Confusion Matrix:
2025-09-12 16:40:32 -   TP: 6, TN: 5
2025-09-12 16:40:32 -   FP: 2, FN: 1
2025-09-12 16:40:32 - 
Combined Model – P3 Subjects Statistics:
2025-09-12 16:40:32 - Mean Accuracy: 0.709
2025-09-12 16:40:32 - 95% Confidence Interval: [0.669, 0.750]
2025-09-12 16:40:32 - Best Subject: P3_sub-014 (0.929)
2025-09-12 16:40:32 - Worst Subject: P3_sub-030 (0.333)
2025-09-12 16:40:32 - Mean Precision: 0.685
2025-09-12 16:40:32 - Mean Recall: 0.747
2025-09-12 16:40:32 - Mean F1-Score: 0.715
2025-09-12 16:40:32 - Mean AUC: 0.782
2025-09-12 16:40:32 - Mean Confusion Matrix:
2025-09-12 16:40:32 -   TP: 6, TN: 5
2025-09-12 16:40:32 -   FP: 3, FN: 2
2025-09-12 16:40:32 - 
Combined Model – AVO Subjects Statistics:
2025-09-12 16:40:32 - Mean Accuracy: 0.801
2025-09-12 16:40:32 - 95% Confidence Interval: [0.765, 0.837]
2025-09-12 16:40:32 - Best Subject: AVO_004 (1.000)
2025-09-12 16:40:32 - Worst Subject: AVO_018 (0.500)
2025-09-12 16:40:32 - Mean Precision: 0.761
2025-09-12 16:40:32 - Mean Recall: 0.898
2025-09-12 16:40:32 - Mean F1-Score: 0.823
2025-09-12 16:40:32 - Mean AUC: 0.899
2025-09-12 16:40:32 - Mean Confusion Matrix:
2025-09-12 16:40:32 -   TP: 7, TN: 5
2025-09-12 16:40:32 -   FP: 2, FN: 1
