2025-09-20 16:48:30 - 
Experiment Configuration:
2025-09-20 16:48:30 - --------------------------------------------------
2025-09-20 16:48:30 - dataset: use_combined_datasets
2025-09-20 16:48:30 - use_combined_datasets: True
2025-09-20 16:48:30 - electrode_list: common
2025-09-20 16:48:30 - classifier: SepConv1D
2025-09-20 16:48:30 - separate_subject_classification: False
2025-09-20 16:48:30 - use_subject_layer: False
2025-09-20 16:48:30 - seeds: [42, 123, 456, 789, 321]
2025-09-20 16:48:30 - use_nested_cv: True
2025-09-20 16:48:30 - electrode_fusion_method: none
2025-09-20 16:48:30 - domain_adaptation_method: none
2025-09-20 16:48:30 - enable_comprehensive_evaluation: True
2025-09-20 16:48:30 - enable_domain_analysis: True
2025-09-20 16:48:30 - enable_small_sample_analysis: False
2025-09-20 16:48:30 - small_sample_sizes: [5, 10, 15, 20]
2025-09-20 16:48:30 - small_sample_subjects: [5, 10, 15]
2025-09-20 16:48:30 - --------------------------------------------------
2025-09-20 16:48:30 - 
==================================================
2025-09-20 16:48:30 - Processing Combined P3 and AVO Datasets
2025-09-20 16:48:30 - ==================================================
2025-09-20 16:48:30 - 使用传统方法（无融合）
2025-09-20 16:48:30 - Using Cross-Validation (simplified approach)
2025-09-20 16:48:30 - Configuration: 5-fold CV, 5 repeats
2025-09-20 16:48:30 - ============================================================
2025-09-20 16:48:30 - CROSS-VALIDATION CONFIGURATION
2025-09-20 16:48:30 - ============================================================
2025-09-20 16:48:30 - Datasets: ['P3', 'AVO']
2025-09-20 16:48:30 - CV folds: 5
2025-09-20 16:48:30 - Repeats: 5
2025-09-20 16:48:30 - Confidence level: 0.95
2025-09-20 16:48:30 - ============================================================
2025-09-20 16:48:43 - Nested CV dataset summary:
2025-09-20 16:48:43 -   Total subjects: 80
2025-09-20 16:48:43 -   Total trials: 6212
2025-09-20 16:48:43 -   Average trials per subject: 77.7
2025-09-20 16:48:43 - Enhanced preprocessing increased channels from 16 to 80
2025-09-20 16:48:43 - Starting Cross-Validation for SepConv1D
2025-09-20 16:48:43 - Configuration: 5-fold CV, 5 repeats
2025-09-20 16:48:43 - Data split ratios: Train=0.7, Val=0.1, Test=0.2
2025-09-20 16:48:43 - Repeat 1/5
2025-09-20 16:48:43 -   Fold 1/5
2025-09-20 16:48:43 -     Fold split: Train=4347, Val=622
2025-09-20 16:50:08 -     Test accuracy: 0.6951
2025-09-20 16:50:08 -   Fold 2/5
2025-09-20 16:50:08 -     Fold split: Train=4347, Val=622
2025-09-20 16:51:32 -     Test accuracy: 0.6870
2025-09-20 16:51:32 -   Fold 3/5
2025-09-20 16:51:32 -     Fold split: Train=4348, Val=622
2025-09-20 16:52:53 -     Test accuracy: 0.6812
2025-09-20 16:52:53 -   Fold 4/5
2025-09-20 16:52:53 -     Fold split: Train=4348, Val=622
2025-09-20 16:54:19 -     Test accuracy: 0.6739
2025-09-20 16:54:19 -   Fold 5/5
2025-09-20 16:54:19 -     Fold split: Train=4348, Val=622
2025-09-20 16:55:09 -     Test accuracy: 0.6401
2025-09-20 16:55:09 -   Repeat 1 mean accuracy: 0.6755 ± 0.0190
2025-09-20 16:55:09 - Repeat 2/5
2025-09-20 16:55:09 -   Fold 1/5
2025-09-20 16:55:09 -     Fold split: Train=4347, Val=622
2025-09-20 16:56:30 -     Test accuracy: 0.6315
2025-09-20 16:56:30 -   Fold 2/5
2025-09-20 16:56:30 -     Fold split: Train=4347, Val=622
2025-09-20 16:57:51 -     Test accuracy: 0.6830
2025-09-20 16:57:51 -   Fold 3/5
2025-09-20 16:57:51 -     Fold split: Train=4348, Val=622
2025-09-20 16:59:02 -     Test accuracy: 0.6651
2025-09-20 16:59:02 -   Fold 4/5
2025-09-20 16:59:02 -     Fold split: Train=4348, Val=622
2025-09-20 17:00:30 -     Test accuracy: 0.6828
2025-09-20 17:00:30 -   Fold 5/5
2025-09-20 17:00:30 -     Fold split: Train=4348, Val=622
2025-09-20 17:01:32 -     Test accuracy: 0.6739
2025-09-20 17:01:32 -   Repeat 2 mean accuracy: 0.6673 ± 0.0190
2025-09-20 17:01:32 - Repeat 3/5
2025-09-20 17:01:32 -   Fold 1/5
2025-09-20 17:01:32 -     Fold split: Train=4347, Val=622
2025-09-20 17:03:04 -     Test accuracy: 0.6637
2025-09-20 17:03:04 -   Fold 2/5
2025-09-20 17:03:05 -     Fold split: Train=4347, Val=622
2025-09-20 17:03:52 -     Test accuracy: 0.6774
2025-09-20 17:03:52 -   Fold 3/5
2025-09-20 17:03:52 -     Fold split: Train=4348, Val=622
2025-09-20 17:04:53 -     Test accuracy: 0.6868
2025-09-20 17:04:53 -   Fold 4/5
2025-09-20 17:04:54 -     Fold split: Train=4348, Val=622
2025-09-20 17:06:38 -     Test accuracy: 0.6747
2025-09-20 17:06:38 -   Fold 5/5
2025-09-20 17:06:38 -     Fold split: Train=4348, Val=622
2025-09-20 17:07:16 -     Test accuracy: 0.6908
2025-09-20 17:07:16 -   Repeat 3 mean accuracy: 0.6787 ± 0.0095
2025-09-20 17:07:16 - Repeat 4/5
2025-09-20 17:07:16 -   Fold 1/5
2025-09-20 17:07:16 -     Fold split: Train=4347, Val=622
2025-09-20 17:08:19 -     Test accuracy: 0.6718
2025-09-20 17:08:19 -   Fold 2/5
2025-09-20 17:08:19 -     Fold split: Train=4347, Val=622
2025-09-20 17:09:05 -     Test accuracy: 0.6870
2025-09-20 17:09:05 -   Fold 3/5
2025-09-20 17:09:06 -     Fold split: Train=4348, Val=622
2025-09-20 17:10:30 -     Test accuracy: 0.6449
2025-09-20 17:10:30 -   Fold 4/5
2025-09-20 17:10:30 -     Fold split: Train=4348, Val=622
2025-09-20 17:11:49 -     Test accuracy: 0.6522
2025-09-20 17:11:49 -   Fold 5/5
2025-09-20 17:11:50 -     Fold split: Train=4348, Val=622
2025-09-20 17:12:46 -     Test accuracy: 0.6634
2025-09-20 17:12:46 -   Repeat 4 mean accuracy: 0.6639 ± 0.0148
2025-09-20 17:12:46 - Repeat 5/5
2025-09-20 17:12:46 -   Fold 1/5
2025-09-20 17:12:46 -     Fold split: Train=4347, Val=622
2025-09-20 17:13:39 -     Test accuracy: 0.6814
2025-09-20 17:13:39 -   Fold 2/5
2025-09-20 17:13:39 -     Fold split: Train=4347, Val=622
2025-09-20 17:14:57 -     Test accuracy: 0.6653
2025-09-20 17:14:57 -   Fold 3/5
2025-09-20 17:14:57 -     Fold split: Train=4348, Val=622
2025-09-20 17:15:39 -     Test accuracy: 0.6659
2025-09-20 17:15:39 -   Fold 4/5
2025-09-20 17:15:39 -     Fold split: Train=4348, Val=622
2025-09-20 17:16:49 -     Test accuracy: 0.6538
2025-09-20 17:16:49 -   Fold 5/5
2025-09-20 17:16:49 -     Fold split: Train=4348, Val=622
2025-09-20 17:17:57 -     Test accuracy: 0.6747
2025-09-20 17:17:57 -   Repeat 5 mean accuracy: 0.6682 ± 0.0094
2025-09-20 17:17:57 - Cross-Validation completed for SepConv1D
2025-09-20 17:17:57 - Final accuracy: 0.6707 ± 0.0163
2025-09-20 17:17:57 - 95% CI: [0.6640, 0.6774]
2025-09-20 17:17:57 - 
============================================================
2025-09-20 17:17:57 - CROSS-VALIDATION RESULTS
2025-09-20 17:17:57 - ============================================================
2025-09-20 17:17:57 - Model: SepConv1D
2025-09-20 17:17:57 - Overall accuracy: 0.6707 ± 0.0163
2025-09-20 17:17:57 - 95% Confidence Interval: [0.6640, 0.6774]
2025-09-20 17:17:57 - Statistical significance: 25 evaluations
2025-09-20 17:17:57 - Precision: 0.6676 [0.6491, 0.6862]
2025-09-20 17:17:57 - Recall: 0.7070 [0.6612, 0.7527]
2025-09-20 17:17:57 - F1_Score: 0.6785 [0.6616, 0.6953]
2025-09-20 17:17:57 - Auc: 0.7425 [0.7365, 0.7485]
2025-09-20 17:17:57 - ============================================================
2025-09-20 17:17:57 - Individual subject results skipped - using Nested Cross-Validation results
