2025-09-19 22:08:19 - 
Experiment Configuration:
2025-09-19 22:08:19 - --------------------------------------------------
2025-09-19 22:08:19 - dataset: use_combined_datasets
2025-09-19 22:08:19 - use_combined_datasets: True
2025-09-19 22:08:19 - electrode_list: common
2025-09-19 22:08:19 - classifier: SepConv1D
2025-09-19 22:08:19 - separate_subject_classification: False
2025-09-19 22:08:19 - use_subject_layer: False
2025-09-19 22:08:19 - seeds: [42]
2025-09-19 22:08:19 - electrode_fusion_method: none
2025-09-19 22:08:19 - domain_adaptation_method: none
2025-09-19 22:08:19 - enable_comprehensive_evaluation: True
2025-09-19 22:08:19 - enable_domain_analysis: True
2025-09-19 22:08:19 - enable_small_sample_analysis: False
2025-09-19 22:08:19 - small_sample_sizes: [5, 10, 15, 20]
2025-09-19 22:08:19 - small_sample_subjects: [5, 10, 15]
2025-09-19 22:08:19 - --------------------------------------------------
2025-09-19 22:08:19 - 
==================================================
2025-09-19 22:08:19 - Processing Combined P3 and AVO Datasets
2025-09-19 22:08:19 - ==================================================
2025-09-19 22:08:19 - 使用传统方法（无融合）
2025-09-19 22:10:03 - 
==================================================
2025-09-19 22:10:03 - Individual Subject Results - Combined Model
2025-09-19 22:10:03 - ==================================================
2025-09-19 22:10:03 - Subject: AVO_001
2025-09-19 22:10:03 -   Accuracy: 85.714%
2025-09-19 22:10:03 -   Precision: 1.000
2025-09-19 22:10:03 -   Recall: 0.667
2025-09-19 22:10:03 -   F1 Score: 0.800
2025-09-19 22:10:03 -   AUC: 1.000
2025-09-19 22:10:03 -   Correct/Total: 6/7
2025-09-19 22:10:03 -   Confusion Matrix Stats:
2025-09-19 22:10:03 -     TP: 2, TN: 4
2025-09-19 22:10:03 -     FP: 0, FN: 1
2025-09-19 22:10:03 - Subject: AVO_002
2025-09-19 22:10:03 -   Accuracy: 76.923%
2025-09-19 22:10:03 -   Precision: 0.833
2025-09-19 22:10:03 -   Recall: 0.714
2025-09-19 22:10:03 -   F1 Score: 0.769
2025-09-19 22:10:03 -   AUC: 0.738
2025-09-19 22:10:03 -   Correct/Total: 10/13
2025-09-19 22:10:03 -   Confusion Matrix Stats:
2025-09-19 22:10:03 -     TP: 5, TN: 5
2025-09-19 22:10:03 -     FP: 1, FN: 2
2025-09-19 22:10:03 - Subject: AVO_003
2025-09-19 22:10:03 -   Accuracy: 90.909%
2025-09-19 22:10:03 -   Precision: 0.875
2025-09-19 22:10:03 -   Recall: 1.000
2025-09-19 22:10:03 -   F1 Score: 0.933
2025-09-19 22:10:03 -   AUC: 0.929
2025-09-19 22:10:03 -   Correct/Total: 10/11
2025-09-19 22:10:03 -   Confusion Matrix Stats:
2025-09-19 22:10:03 -     TP: 7, TN: 3
2025-09-19 22:10:03 -     FP: 1, FN: 0
2025-09-19 22:10:03 - Subject: AVO_004
2025-09-19 22:10:03 -   Accuracy: 66.667%
2025-09-19 22:10:03 -   Precision: 0.833
2025-09-19 22:10:03 -   Recall: 0.556
2025-09-19 22:10:03 -   F1 Score: 0.667
2025-09-19 22:10:03 -   AUC: 0.722
2025-09-19 22:10:03 -   Correct/Total: 10/15
2025-09-19 22:10:03 -   Confusion Matrix Stats:
2025-09-19 22:10:03 -     TP: 5, TN: 5
2025-09-19 22:10:03 -     FP: 1, FN: 4
2025-09-19 22:10:03 - Subject: AVO_005
2025-09-19 22:10:03 -   Accuracy: 66.667%
2025-09-19 22:10:03 -   Precision: 1.000
2025-09-19 22:10:03 -   Recall: 0.600
2025-09-19 22:10:03 -   F1 Score: 0.750
2025-09-19 22:10:03 -   AUC: 1.000
2025-09-19 22:10:03 -   Correct/Total: 8/12
2025-09-19 22:10:03 -   Confusion Matrix Stats:
2025-09-19 22:10:03 -     TP: 6, TN: 2
2025-09-19 22:10:03 -     FP: 0, FN: 4
2025-09-19 22:10:03 - Subject: AVO_006
2025-09-19 22:10:03 -   Accuracy: 61.538%
2025-09-19 22:10:03 -   Precision: 0.833
2025-09-19 22:10:03 -   Recall: 0.556
2025-09-19 22:10:03 -   F1 Score: 0.667
2025-09-19 22:10:03 -   AUC: 0.694
2025-09-19 22:10:03 -   Correct/Total: 8/13
2025-09-19 22:10:03 -   Confusion Matrix Stats:
2025-09-19 22:10:03 -     TP: 5, TN: 3
2025-09-19 22:10:03 -     FP: 1, FN: 4
2025-09-19 22:10:03 - Subject: AVO_007
2025-09-19 22:10:03 -   Accuracy: 88.889%
2025-09-19 22:10:03 -   Precision: 1.000
2025-09-19 22:10:03 -   Recall: 0.667
2025-09-19 22:10:03 -   F1 Score: 0.800
2025-09-19 22:10:03 -   AUC: 0.778
2025-09-19 22:10:03 -   Correct/Total: 8/9
2025-09-19 22:10:03 -   Confusion Matrix Stats:
2025-09-19 22:10:03 -     TP: 2, TN: 6
2025-09-19 22:10:03 -     FP: 0, FN: 1
2025-09-19 22:10:03 - Subject: AVO_008
2025-09-19 22:10:03 -   Accuracy: 28.571%
2025-09-19 22:10:03 -   Precision: 0.000
2025-09-19 22:10:03 -   Recall: 0.000
2025-09-19 22:10:03 -   F1 Score: 0.000
2025-09-19 22:10:03 -   AUC: 0.250
2025-09-19 22:10:03 -   Correct/Total: 2/7
2025-09-19 22:10:03 -   Confusion Matrix Stats:
2025-09-19 22:10:03 -     TP: 0, TN: 2
2025-09-19 22:10:03 -     FP: 1, FN: 4
2025-09-19 22:10:03 - Subject: AVO_009
2025-09-19 22:10:03 -   Accuracy: 100.000%
2025-09-19 22:10:03 -   Precision: 1.000
2025-09-19 22:10:03 -   Recall: 1.000
2025-09-19 22:10:03 -   F1 Score: 1.000
2025-09-19 22:10:03 -   AUC: 1.000
2025-09-19 22:10:03 -   Correct/Total: 6/6
2025-09-19 22:10:03 -   Confusion Matrix Stats:
2025-09-19 22:10:03 -     TP: 4, TN: 2
2025-09-19 22:10:03 -     FP: 0, FN: 0
2025-09-19 22:10:03 - Subject: AVO_010
2025-09-19 22:10:03 -   Accuracy: 83.333%
2025-09-19 22:10:03 -   Precision: 0.750
2025-09-19 22:10:03 -   Recall: 1.000
2025-09-19 22:10:03 -   F1 Score: 0.857
2025-09-19 22:10:03 -   AUC: 1.000
2025-09-19 22:10:03 -   Correct/Total: 5/6
2025-09-19 22:10:03 -   Confusion Matrix Stats:
2025-09-19 22:10:03 -     TP: 3, TN: 2
2025-09-19 22:10:03 -     FP: 1, FN: 0
2025-09-19 22:10:03 - Subject: AVO_011
2025-09-19 22:10:03 -   Accuracy: 83.333%
2025-09-19 22:10:03 -   Precision: 0.750
2025-09-19 22:10:03 -   Recall: 1.000
2025-09-19 22:10:03 -   F1 Score: 0.857
2025-09-19 22:10:03 -   AUC: 0.778
2025-09-19 22:10:03 -   Correct/Total: 5/6
2025-09-19 22:10:03 -   Confusion Matrix Stats:
2025-09-19 22:10:03 -     TP: 3, TN: 2
2025-09-19 22:10:03 -     FP: 1, FN: 0
2025-09-19 22:10:03 - Subject: AVO_012
2025-09-19 22:10:03 -   Accuracy: 66.667%
2025-09-19 22:10:03 -   Precision: 0.667
2025-09-19 22:10:03 -   Recall: 0.800
2025-09-19 22:10:03 -   F1 Score: 0.727
2025-09-19 22:10:03 -   AUC: 0.850
2025-09-19 22:10:03 -   Correct/Total: 6/9
2025-09-19 22:10:03 -   Confusion Matrix Stats:
2025-09-19 22:10:03 -     TP: 4, TN: 2
2025-09-19 22:10:03 -     FP: 2, FN: 1
2025-09-19 22:10:03 - Subject: AVO_013
2025-09-19 22:10:03 -   Accuracy: 44.444%
2025-09-19 22:10:03 -   Precision: 0.000
2025-09-19 22:10:03 -   Recall: 0.000
2025-09-19 22:10:03 -   F1 Score: 0.000
2025-09-19 22:10:03 -   AUC: 0.375
2025-09-19 22:10:03 -   Correct/Total: 4/9
2025-09-19 22:10:03 -   Confusion Matrix Stats:
2025-09-19 22:10:03 -     TP: 0, TN: 4
2025-09-19 22:10:03 -     FP: 4, FN: 1
2025-09-19 22:10:03 - Subject: AVO_014
2025-09-19 22:10:03 -   Accuracy: 52.941%
2025-09-19 22:10:03 -   Precision: 0.500
2025-09-19 22:10:03 -   Recall: 0.375
2025-09-19 22:10:03 -   F1 Score: 0.429
2025-09-19 22:10:03 -   AUC: 0.556
2025-09-19 22:10:03 -   Correct/Total: 9/17
2025-09-19 22:10:03 -   Confusion Matrix Stats:
2025-09-19 22:10:03 -     TP: 3, TN: 6
2025-09-19 22:10:03 -     FP: 3, FN: 5
2025-09-19 22:10:03 - Subject: AVO_015
2025-09-19 22:10:03 -   Accuracy: 45.455%
2025-09-19 22:10:03 -   Precision: 0.667
2025-09-19 22:10:03 -   Recall: 0.500
2025-09-19 22:10:03 -   F1 Score: 0.571
2025-09-19 22:10:03 -   AUC: 0.333
2025-09-19 22:10:03 -   Correct/Total: 5/11
2025-09-19 22:10:03 -   Confusion Matrix Stats:
2025-09-19 22:10:03 -     TP: 4, TN: 1
2025-09-19 22:10:03 -     FP: 2, FN: 4
2025-09-19 22:10:03 - Subject: AVO_016
2025-09-19 22:10:03 -   Accuracy: 55.556%
2025-09-19 22:10:03 -   Precision: 1.000
2025-09-19 22:10:03 -   Recall: 0.333
2025-09-19 22:10:03 -   F1 Score: 0.500
2025-09-19 22:10:03 -   AUC: 0.889
2025-09-19 22:10:03 -   Correct/Total: 5/9
2025-09-19 22:10:03 -   Confusion Matrix Stats:
2025-09-19 22:10:03 -     TP: 2, TN: 3
2025-09-19 22:10:03 -     FP: 0, FN: 4
2025-09-19 22:10:03 - Subject: AVO_017
2025-09-19 22:10:03 -   Accuracy: 100.000%
2025-09-19 22:10:03 -   Precision: 1.000
2025-09-19 22:10:03 -   Recall: 1.000
2025-09-19 22:10:03 -   F1 Score: 1.000
2025-09-19 22:10:03 -   AUC: 1.000
2025-09-19 22:10:03 -   Correct/Total: 5/5
2025-09-19 22:10:03 -   Confusion Matrix Stats:
2025-09-19 22:10:03 -     TP: 3, TN: 2
2025-09-19 22:10:03 -     FP: 0, FN: 0
2025-09-19 22:10:03 - Subject: AVO_018
2025-09-19 22:10:03 -   Accuracy: 80.000%
2025-09-19 22:10:03 -   Precision: 1.000
2025-09-19 22:10:03 -   Recall: 0.500
2025-09-19 22:10:03 -   F1 Score: 0.667
2025-09-19 22:10:03 -   AUC: 0.833
2025-09-19 22:10:03 -   Correct/Total: 4/5
2025-09-19 22:10:03 -   Confusion Matrix Stats:
2025-09-19 22:10:03 -     TP: 1, TN: 3
2025-09-19 22:10:03 -     FP: 0, FN: 1
2025-09-19 22:10:03 - Subject: AVO_019
2025-09-19 22:10:03 -   Accuracy: 66.667%
2025-09-19 22:10:03 -   Precision: 0.800
2025-09-19 22:10:03 -   Recall: 0.667
2025-09-19 22:10:03 -   F1 Score: 0.727
2025-09-19 22:10:03 -   AUC: 0.722
2025-09-19 22:10:03 -   Correct/Total: 6/9
2025-09-19 22:10:03 -   Confusion Matrix Stats:
2025-09-19 22:10:03 -     TP: 4, TN: 2
2025-09-19 22:10:03 -     FP: 1, FN: 2
2025-09-19 22:10:03 - Subject: AVO_020
2025-09-19 22:10:03 -   Accuracy: 50.000%
2025-09-19 22:10:03 -   Precision: 1.000
2025-09-19 22:10:03 -   Recall: 0.167
2025-09-19 22:10:03 -   F1 Score: 0.286
2025-09-19 22:10:03 -   AUC: 0.917
2025-09-19 22:10:03 -   Correct/Total: 5/10
2025-09-19 22:10:03 -   Confusion Matrix Stats:
2025-09-19 22:10:03 -     TP: 1, TN: 4
2025-09-19 22:10:03 -     FP: 0, FN: 5
2025-09-19 22:10:03 - Subject: AVO_021
2025-09-19 22:10:03 -   Accuracy: 70.000%
2025-09-19 22:10:03 -   Precision: 1.000
2025-09-19 22:10:03 -   Recall: 0.400
2025-09-19 22:10:03 -   F1 Score: 0.571
2025-09-19 22:10:03 -   AUC: 0.760
2025-09-19 22:10:03 -   Correct/Total: 7/10
2025-09-19 22:10:03 -   Confusion Matrix Stats:
2025-09-19 22:10:03 -     TP: 2, TN: 5
2025-09-19 22:10:03 -     FP: 0, FN: 3
2025-09-19 22:10:03 - Subject: AVO_022
2025-09-19 22:10:03 -   Accuracy: 62.500%
2025-09-19 22:10:03 -   Precision: 0.600
2025-09-19 22:10:03 -   Recall: 0.750
2025-09-19 22:10:03 -   F1 Score: 0.667
2025-09-19 22:10:03 -   AUC: 0.875
2025-09-19 22:10:03 -   Correct/Total: 5/8
2025-09-19 22:10:03 -   Confusion Matrix Stats:
2025-09-19 22:10:03 -     TP: 3, TN: 2
2025-09-19 22:10:03 -     FP: 2, FN: 1
2025-09-19 22:10:03 - Subject: AVO_023
2025-09-19 22:10:03 -   Accuracy: 62.500%
2025-09-19 22:10:03 -   Precision: 0.333
2025-09-19 22:10:03 -   Recall: 0.500
2025-09-19 22:10:03 -   F1 Score: 0.400
2025-09-19 22:10:03 -   AUC: 0.646
2025-09-19 22:10:03 -   Correct/Total: 10/16
2025-09-19 22:10:03 -   Confusion Matrix Stats:
2025-09-19 22:10:03 -     TP: 2, TN: 8
2025-09-19 22:10:03 -     FP: 4, FN: 2
2025-09-19 22:10:03 - Subject: AVO_024
2025-09-19 22:10:03 -   Accuracy: 73.333%
2025-09-19 22:10:03 -   Precision: 0.875
2025-09-19 22:10:03 -   Recall: 0.700
2025-09-19 22:10:03 -   F1 Score: 0.778
2025-09-19 22:10:03 -   AUC: 0.920
2025-09-19 22:10:03 -   Correct/Total: 11/15
2025-09-19 22:10:03 -   Confusion Matrix Stats:
2025-09-19 22:10:03 -     TP: 7, TN: 4
2025-09-19 22:10:03 -     FP: 1, FN: 3
2025-09-19 22:10:03 - Subject: AVO_025
2025-09-19 22:10:03 -   Accuracy: 37.500%
2025-09-19 22:10:03 -   Precision: 0.400
2025-09-19 22:10:03 -   Recall: 0.500
2025-09-19 22:10:03 -   F1 Score: 0.444
2025-09-19 22:10:03 -   AUC: 0.250
2025-09-19 22:10:03 -   Correct/Total: 3/8
2025-09-19 22:10:03 -   Confusion Matrix Stats:
2025-09-19 22:10:03 -     TP: 2, TN: 1
2025-09-19 22:10:03 -     FP: 3, FN: 2
2025-09-19 22:10:03 - Subject: AVO_026
2025-09-19 22:10:03 -   Accuracy: 80.000%
2025-09-19 22:10:03 -   Precision: 0.333
2025-09-19 22:10:03 -   Recall: 1.000
2025-09-19 22:10:03 -   F1 Score: 0.500
2025-09-19 22:10:03 -   AUC: 1.000
2025-09-19 22:10:03 -   Correct/Total: 8/10
2025-09-19 22:10:03 -   Confusion Matrix Stats:
2025-09-19 22:10:03 -     TP: 1, TN: 7
2025-09-19 22:10:03 -     FP: 2, FN: 0
2025-09-19 22:10:03 - Subject: AVO_027
2025-09-19 22:10:03 -   Accuracy: 62.500%
2025-09-19 22:10:03 -   Precision: 0.400
2025-09-19 22:10:03 -   Recall: 1.000
2025-09-19 22:10:03 -   F1 Score: 0.571
2025-09-19 22:10:03 -   AUC: 0.833
2025-09-19 22:10:03 -   Correct/Total: 5/8
2025-09-19 22:10:03 -   Confusion Matrix Stats:
2025-09-19 22:10:03 -     TP: 2, TN: 3
2025-09-19 22:10:03 -     FP: 3, FN: 0
2025-09-19 22:10:03 - Subject: AVO_028
2025-09-19 22:10:03 -   Accuracy: 80.000%
2025-09-19 22:10:03 -   Precision: 0.857
2025-09-19 22:10:03 -   Recall: 0.750
2025-09-19 22:10:03 -   F1 Score: 0.800
2025-09-19 22:10:03 -   AUC: 0.893
2025-09-19 22:10:03 -   Correct/Total: 12/15
2025-09-19 22:10:03 -   Confusion Matrix Stats:
2025-09-19 22:10:03 -     TP: 6, TN: 6
2025-09-19 22:10:03 -     FP: 1, FN: 2
2025-09-19 22:10:03 - Subject: AVO_029
2025-09-19 22:10:03 -   Accuracy: 75.000%
2025-09-19 22:10:03 -   Precision: 0.000
2025-09-19 22:10:03 -   Recall: 0.000
2025-09-19 22:10:03 -   F1 Score: 0.000
2025-09-19 22:10:03 -   AUC: 0.417
2025-09-19 22:10:03 -   Correct/Total: 6/8
2025-09-19 22:10:03 -   Confusion Matrix Stats:
2025-09-19 22:10:03 -     TP: 0, TN: 6
2025-09-19 22:10:03 -     FP: 0, FN: 2
2025-09-19 22:10:03 - Subject: AVO_030
2025-09-19 22:10:03 -   Accuracy: 40.000%
2025-09-19 22:10:03 -   Precision: 0.000
2025-09-19 22:10:03 -   Recall: 0.000
2025-09-19 22:10:03 -   F1 Score: 0.000
2025-09-19 22:10:03 -   AUC: 0.500
2025-09-19 22:10:03 -   Correct/Total: 2/5
2025-09-19 22:10:03 -   Confusion Matrix Stats:
2025-09-19 22:10:03 -     TP: 0, TN: 2
2025-09-19 22:10:03 -     FP: 1, FN: 2
2025-09-19 22:10:03 - Subject: AVO_031
2025-09-19 22:10:03 -   Accuracy: 72.222%
2025-09-19 22:10:03 -   Precision: 0.857
2025-09-19 22:10:03 -   Recall: 0.600
2025-09-19 22:10:03 -   F1 Score: 0.706
2025-09-19 22:10:03 -   AUC: 0.787
2025-09-19 22:10:03 -   Correct/Total: 13/18
2025-09-19 22:10:03 -   Confusion Matrix Stats:
2025-09-19 22:10:03 -     TP: 6, TN: 7
2025-09-19 22:10:03 -     FP: 1, FN: 4
2025-09-19 22:10:03 - Subject: AVO_032
2025-09-19 22:10:03 -   Accuracy: 100.000%
2025-09-19 22:10:03 -   Precision: 1.000
2025-09-19 22:10:03 -   Recall: 1.000
2025-09-19 22:10:03 -   F1 Score: 1.000
2025-09-19 22:10:03 -   AUC: 1.000
2025-09-19 22:10:03 -   Correct/Total: 13/13
2025-09-19 22:10:03 -   Confusion Matrix Stats:
2025-09-19 22:10:03 -     TP: 5, TN: 8
2025-09-19 22:10:03 -     FP: 0, FN: 0
2025-09-19 22:10:03 - Subject: AVO_033
2025-09-19 22:10:03 -   Accuracy: 72.727%
2025-09-19 22:10:03 -   Precision: 1.000
2025-09-19 22:10:03 -   Recall: 0.250
2025-09-19 22:10:03 -   F1 Score: 0.400
2025-09-19 22:10:03 -   AUC: 0.929
2025-09-19 22:10:03 -   Correct/Total: 8/11
2025-09-19 22:10:03 -   Confusion Matrix Stats:
2025-09-19 22:10:03 -     TP: 1, TN: 7
2025-09-19 22:10:03 -     FP: 0, FN: 3
2025-09-19 22:10:03 - Subject: AVO_034
2025-09-19 22:10:03 -   Accuracy: 60.000%
2025-09-19 22:10:03 -   Precision: 0.500
2025-09-19 22:10:03 -   Recall: 0.250
2025-09-19 22:10:03 -   F1 Score: 0.333
2025-09-19 22:10:03 -   AUC: 0.875
2025-09-19 22:10:03 -   Correct/Total: 6/10
2025-09-19 22:10:03 -   Confusion Matrix Stats:
2025-09-19 22:10:03 -     TP: 1, TN: 5
2025-09-19 22:10:03 -     FP: 1, FN: 3
2025-09-19 22:10:03 - Subject: AVO_035
2025-09-19 22:10:03 -   Accuracy: 75.000%
2025-09-19 22:10:03 -   Precision: 0.667
2025-09-19 22:10:03 -   Recall: 0.667
2025-09-19 22:10:03 -   F1 Score: 0.667
2025-09-19 22:10:03 -   AUC: 0.800
2025-09-19 22:10:03 -   Correct/Total: 6/8
2025-09-19 22:10:03 -   Confusion Matrix Stats:
2025-09-19 22:10:03 -     TP: 2, TN: 4
2025-09-19 22:10:03 -     FP: 1, FN: 1
2025-09-19 22:10:03 - Subject: AVO_036
2025-09-19 22:10:03 -   Accuracy: 60.000%
2025-09-19 22:10:03 -   Precision: 0.800
2025-09-19 22:10:03 -   Recall: 0.571
2025-09-19 22:10:03 -   F1 Score: 0.667
2025-09-19 22:10:03 -   AUC: 0.714
2025-09-19 22:10:03 -   Correct/Total: 6/10
2025-09-19 22:10:03 -   Confusion Matrix Stats:
2025-09-19 22:10:03 -     TP: 4, TN: 2
2025-09-19 22:10:03 -     FP: 1, FN: 3
2025-09-19 22:10:03 - Subject: AVO_037
2025-09-19 22:10:03 -   Accuracy: 87.500%
2025-09-19 22:10:03 -   Precision: 0.000
2025-09-19 22:10:03 -   Recall: 0.000
2025-09-19 22:10:03 -   F1 Score: 0.000
2025-09-19 22:10:03 -   AUC: 0.500
2025-09-19 22:10:03 -   Correct/Total: 7/8
2025-09-19 22:10:03 -   Confusion Matrix Stats:
2025-09-19 22:10:03 -     TP: 0, TN: 7
2025-09-19 22:10:03 -     FP: 1, FN: 0
2025-09-19 22:10:03 - Subject: AVO_038
2025-09-19 22:10:03 -   Accuracy: 64.286%
2025-09-19 22:10:03 -   Precision: 0.500
2025-09-19 22:10:03 -   Recall: 1.000
2025-09-19 22:10:03 -   F1 Score: 0.667
2025-09-19 22:10:03 -   AUC: 0.800
2025-09-19 22:10:03 -   Correct/Total: 9/14
2025-09-19 22:10:03 -   Confusion Matrix Stats:
2025-09-19 22:10:03 -     TP: 5, TN: 4
2025-09-19 22:10:03 -     FP: 5, FN: 0
2025-09-19 22:10:03 - Subject: AVO_039
2025-09-19 22:10:03 -   Accuracy: 77.778%
2025-09-19 22:10:03 -   Precision: 0.750
2025-09-19 22:10:03 -   Recall: 0.750
2025-09-19 22:10:03 -   F1 Score: 0.750
2025-09-19 22:10:03 -   AUC: 0.900
2025-09-19 22:10:03 -   Correct/Total: 7/9
2025-09-19 22:10:03 -   Confusion Matrix Stats:
2025-09-19 22:10:03 -     TP: 3, TN: 4
2025-09-19 22:10:03 -     FP: 1, FN: 1
2025-09-19 22:10:03 - Subject: AVO_040
2025-09-19 22:10:03 -   Accuracy: 87.500%
2025-09-19 22:10:03 -   Precision: 0.800
2025-09-19 22:10:03 -   Recall: 1.000
2025-09-19 22:10:03 -   F1 Score: 0.889
2025-09-19 22:10:03 -   AUC: 1.000
2025-09-19 22:10:03 -   Correct/Total: 7/8
2025-09-19 22:10:03 -   Confusion Matrix Stats:
2025-09-19 22:10:03 -     TP: 4, TN: 3
2025-09-19 22:10:03 -     FP: 1, FN: 0
2025-09-19 22:10:03 - Subject: P3_sub-001
2025-09-19 22:10:03 -   Accuracy: 66.667%
2025-09-19 22:10:03 -   Precision: 0.000
2025-09-19 22:10:03 -   Recall: 0.000
2025-09-19 22:10:03 -   F1 Score: 0.000
2025-09-19 22:10:03 -   AUC: 0.688
2025-09-19 22:10:03 -   Correct/Total: 8/12
2025-09-19 22:10:03 -   Confusion Matrix Stats:
2025-09-19 22:10:03 -     TP: 0, TN: 8
2025-09-19 22:10:03 -     FP: 0, FN: 4
2025-09-19 22:10:03 - Subject: P3_sub-002
2025-09-19 22:10:03 -   Accuracy: 62.500%
2025-09-19 22:10:03 -   Precision: 0.400
2025-09-19 22:10:03 -   Recall: 1.000
2025-09-19 22:10:03 -   F1 Score: 0.571
2025-09-19 22:10:03 -   AUC: 1.000
2025-09-19 22:10:03 -   Correct/Total: 5/8
2025-09-19 22:10:03 -   Confusion Matrix Stats:
2025-09-19 22:10:03 -     TP: 2, TN: 3
2025-09-19 22:10:03 -     FP: 3, FN: 0
2025-09-19 22:10:03 - Subject: P3_sub-003
2025-09-19 22:10:03 -   Accuracy: 80.000%
2025-09-19 22:10:03 -   Precision: 0.667
2025-09-19 22:10:03 -   Recall: 0.667
2025-09-19 22:10:03 -   F1 Score: 0.667
2025-09-19 22:10:03 -   AUC: 0.762
2025-09-19 22:10:03 -   Correct/Total: 8/10
2025-09-19 22:10:03 -   Confusion Matrix Stats:
2025-09-19 22:10:03 -     TP: 2, TN: 6
2025-09-19 22:10:03 -     FP: 1, FN: 1
2025-09-19 22:10:03 - Subject: P3_sub-004
2025-09-19 22:10:03 -   Accuracy: 62.500%
2025-09-19 22:10:03 -   Precision: 0.667
2025-09-19 22:10:03 -   Recall: 0.500
2025-09-19 22:10:03 -   F1 Score: 0.571
2025-09-19 22:10:03 -   AUC: 0.875
2025-09-19 22:10:03 -   Correct/Total: 5/8
2025-09-19 22:10:03 -   Confusion Matrix Stats:
2025-09-19 22:10:03 -     TP: 2, TN: 3
2025-09-19 22:10:03 -     FP: 1, FN: 2
2025-09-19 22:10:03 - Subject: P3_sub-005
2025-09-19 22:10:03 -   Accuracy: 57.143%
2025-09-19 22:10:03 -   Precision: 1.000
2025-09-19 22:10:03 -   Recall: 0.143
2025-09-19 22:10:03 -   F1 Score: 0.250
2025-09-19 22:10:03 -   AUC: 0.653
2025-09-19 22:10:03 -   Correct/Total: 8/14
2025-09-19 22:10:03 -   Confusion Matrix Stats:
2025-09-19 22:10:03 -     TP: 1, TN: 7
2025-09-19 22:10:03 -     FP: 0, FN: 6
2025-09-19 22:10:03 - Subject: P3_sub-006
2025-09-19 22:10:03 -   Accuracy: 55.556%
2025-09-19 22:10:03 -   Precision: 0.400
2025-09-19 22:10:03 -   Recall: 0.667
2025-09-19 22:10:03 -   F1 Score: 0.500
2025-09-19 22:10:03 -   AUC: 0.444
2025-09-19 22:10:03 -   Correct/Total: 5/9
2025-09-19 22:10:03 -   Confusion Matrix Stats:
2025-09-19 22:10:03 -     TP: 2, TN: 3
2025-09-19 22:10:03 -     FP: 3, FN: 1
2025-09-19 22:10:03 - Subject: P3_sub-007
2025-09-19 22:10:03 -   Accuracy: 70.000%
2025-09-19 22:10:03 -   Precision: 0.625
2025-09-19 22:10:03 -   Recall: 1.000
2025-09-19 22:10:03 -   F1 Score: 0.769
2025-09-19 22:10:03 -   AUC: 0.960
2025-09-19 22:10:03 -   Correct/Total: 7/10
2025-09-19 22:10:03 -   Confusion Matrix Stats:
2025-09-19 22:10:03 -     TP: 5, TN: 2
2025-09-19 22:10:03 -     FP: 3, FN: 0
2025-09-19 22:10:03 - Subject: P3_sub-008
2025-09-19 22:10:03 -   Accuracy: 100.000%
2025-09-19 22:10:03 -   Precision: 1.000
2025-09-19 22:10:03 -   Recall: 1.000
2025-09-19 22:10:03 -   F1 Score: 1.000
2025-09-19 22:10:03 -   AUC: 0.500
2025-09-19 22:10:03 -   Correct/Total: 4/4
2025-09-19 22:10:03 -   Confusion Matrix Stats:
2025-09-19 22:10:03 -     TP: 4, TN: 0
2025-09-19 22:10:03 -     FP: 0, FN: 0
2025-09-19 22:10:03 - Subject: P3_sub-009
2025-09-19 22:10:03 -   Accuracy: 33.333%
2025-09-19 22:10:03 -   Precision: 0.500
2025-09-19 22:10:03 -   Recall: 0.167
2025-09-19 22:10:03 -   F1 Score: 0.250
2025-09-19 22:10:03 -   AUC: 0.500
2025-09-19 22:10:03 -   Correct/Total: 3/9
2025-09-19 22:10:03 -   Confusion Matrix Stats:
2025-09-19 22:10:03 -     TP: 1, TN: 2
2025-09-19 22:10:03 -     FP: 1, FN: 5
2025-09-19 22:10:03 - Subject: P3_sub-010
2025-09-19 22:10:03 -   Accuracy: 90.909%
2025-09-19 22:10:03 -   Precision: 1.000
2025-09-19 22:10:03 -   Recall: 0.800
2025-09-19 22:10:03 -   F1 Score: 0.889
2025-09-19 22:10:03 -   AUC: 0.867
2025-09-19 22:10:03 -   Correct/Total: 10/11
2025-09-19 22:10:03 -   Confusion Matrix Stats:
2025-09-19 22:10:03 -     TP: 4, TN: 6
2025-09-19 22:10:03 -     FP: 0, FN: 1
2025-09-19 22:10:03 - Subject: P3_sub-011
2025-09-19 22:10:03 -   Accuracy: 75.000%
2025-09-19 22:10:03 -   Precision: 1.000
2025-09-19 22:10:03 -   Recall: 0.667
2025-09-19 22:10:03 -   F1 Score: 0.800
2025-09-19 22:10:03 -   AUC: 1.000
2025-09-19 22:10:03 -   Correct/Total: 6/8
2025-09-19 22:10:03 -   Confusion Matrix Stats:
2025-09-19 22:10:03 -     TP: 4, TN: 2
2025-09-19 22:10:03 -     FP: 0, FN: 2
2025-09-19 22:10:03 - Subject: P3_sub-012
2025-09-19 22:10:03 -   Accuracy: 82.353%
2025-09-19 22:10:03 -   Precision: 0.600
2025-09-19 22:10:03 -   Recall: 0.750
2025-09-19 22:10:03 -   F1 Score: 0.667
2025-09-19 22:10:03 -   AUC: 0.923
2025-09-19 22:10:03 -   Correct/Total: 14/17
2025-09-19 22:10:03 -   Confusion Matrix Stats:
2025-09-19 22:10:03 -     TP: 3, TN: 11
2025-09-19 22:10:03 -     FP: 2, FN: 1
2025-09-19 22:10:03 - Subject: P3_sub-013
2025-09-19 22:10:03 -   Accuracy: 50.000%
2025-09-19 22:10:03 -   Precision: 1.000
2025-09-19 22:10:03 -   Recall: 0.500
2025-09-19 22:10:03 -   F1 Score: 0.667
2025-09-19 22:10:03 -   AUC: 0.500
2025-09-19 22:10:03 -   Correct/Total: 2/4
2025-09-19 22:10:03 -   Confusion Matrix Stats:
2025-09-19 22:10:03 -     TP: 2, TN: 0
2025-09-19 22:10:03 -     FP: 0, FN: 2
2025-09-19 22:10:03 - Subject: P3_sub-014
2025-09-19 22:10:03 -   Accuracy: 66.667%
2025-09-19 22:10:03 -   Precision: 1.000
2025-09-19 22:10:03 -   Recall: 0.500
2025-09-19 22:10:03 -   F1 Score: 0.667
2025-09-19 22:10:03 -   AUC: 1.000
2025-09-19 22:10:03 -   Correct/Total: 2/3
2025-09-19 22:10:03 -   Confusion Matrix Stats:
2025-09-19 22:10:03 -     TP: 1, TN: 1
2025-09-19 22:10:03 -     FP: 0, FN: 1
2025-09-19 22:10:03 - Subject: P3_sub-015
2025-09-19 22:10:03 -   Accuracy: 90.909%
2025-09-19 22:10:03 -   Precision: 0.875
2025-09-19 22:10:03 -   Recall: 1.000
2025-09-19 22:10:03 -   F1 Score: 0.933
2025-09-19 22:10:03 -   AUC: 1.000
2025-09-19 22:10:03 -   Correct/Total: 10/11
2025-09-19 22:10:03 -   Confusion Matrix Stats:
2025-09-19 22:10:03 -     TP: 7, TN: 3
2025-09-19 22:10:03 -     FP: 1, FN: 0
2025-09-19 22:10:03 - Subject: P3_sub-016
2025-09-19 22:10:03 -   Accuracy: 70.000%
2025-09-19 22:10:03 -   Precision: 0.571
2025-09-19 22:10:03 -   Recall: 1.000
2025-09-19 22:10:03 -   F1 Score: 0.727
2025-09-19 22:10:03 -   AUC: 1.000
2025-09-19 22:10:03 -   Correct/Total: 7/10
2025-09-19 22:10:03 -   Confusion Matrix Stats:
2025-09-19 22:10:03 -     TP: 4, TN: 3
2025-09-19 22:10:03 -     FP: 3, FN: 0
2025-09-19 22:10:03 - Subject: P3_sub-017
2025-09-19 22:10:03 -   Accuracy: 77.778%
2025-09-19 22:10:03 -   Precision: 0.778
2025-09-19 22:10:03 -   Recall: 0.778
2025-09-19 22:10:03 -   F1 Score: 0.778
2025-09-19 22:10:03 -   AUC: 0.827
2025-09-19 22:10:03 -   Correct/Total: 14/18
2025-09-19 22:10:03 -   Confusion Matrix Stats:
2025-09-19 22:10:03 -     TP: 7, TN: 7
2025-09-19 22:10:03 -     FP: 2, FN: 2
2025-09-19 22:10:03 - Subject: P3_sub-018
2025-09-19 22:10:03 -   Accuracy: 83.333%
2025-09-19 22:10:03 -   Precision: 1.000
2025-09-19 22:10:03 -   Recall: 0.800
2025-09-19 22:10:03 -   F1 Score: 0.889
2025-09-19 22:10:03 -   AUC: 1.000
2025-09-19 22:10:03 -   Correct/Total: 5/6
2025-09-19 22:10:03 -   Confusion Matrix Stats:
2025-09-19 22:10:03 -     TP: 4, TN: 1
2025-09-19 22:10:03 -     FP: 0, FN: 1
2025-09-19 22:10:03 - Subject: P3_sub-019
2025-09-19 22:10:03 -   Accuracy: 80.000%
2025-09-19 22:10:03 -   Precision: 0.750
2025-09-19 22:10:03 -   Recall: 1.000
2025-09-19 22:10:03 -   F1 Score: 0.857
2025-09-19 22:10:03 -   AUC: 1.000
2025-09-19 22:10:03 -   Correct/Total: 4/5
2025-09-19 22:10:03 -   Confusion Matrix Stats:
2025-09-19 22:10:03 -     TP: 3, TN: 1
2025-09-19 22:10:03 -     FP: 1, FN: 0
2025-09-19 22:10:03 - Subject: P3_sub-020
2025-09-19 22:10:03 -   Accuracy: 88.889%
2025-09-19 22:10:03 -   Precision: 1.000
2025-09-19 22:10:03 -   Recall: 0.800
2025-09-19 22:10:03 -   F1 Score: 0.889
2025-09-19 22:10:03 -   AUC: 0.950
2025-09-19 22:10:03 -   Correct/Total: 8/9
2025-09-19 22:10:03 -   Confusion Matrix Stats:
2025-09-19 22:10:03 -     TP: 4, TN: 4
2025-09-19 22:10:03 -     FP: 0, FN: 1
2025-09-19 22:10:03 - Subject: P3_sub-021
2025-09-19 22:10:03 -   Accuracy: 72.727%
2025-09-19 22:10:03 -   Precision: 1.000
2025-09-19 22:10:03 -   Recall: 0.500
2025-09-19 22:10:03 -   F1 Score: 0.667
2025-09-19 22:10:03 -   AUC: 0.800
2025-09-19 22:10:03 -   Correct/Total: 8/11
2025-09-19 22:10:03 -   Confusion Matrix Stats:
2025-09-19 22:10:03 -     TP: 3, TN: 5
2025-09-19 22:10:03 -     FP: 0, FN: 3
2025-09-19 22:10:03 - Subject: P3_sub-022
2025-09-19 22:10:03 -   Accuracy: 83.333%
2025-09-19 22:10:03 -   Precision: 0.667
2025-09-19 22:10:03 -   Recall: 1.000
2025-09-19 22:10:03 -   F1 Score: 0.800
2025-09-19 22:10:03 -   AUC: 1.000
2025-09-19 22:10:03 -   Correct/Total: 5/6
2025-09-19 22:10:03 -   Confusion Matrix Stats:
2025-09-19 22:10:03 -     TP: 2, TN: 3
2025-09-19 22:10:03 -     FP: 1, FN: 0
2025-09-19 22:10:03 - Subject: P3_sub-023
2025-09-19 22:10:03 -   Accuracy: 80.000%
2025-09-19 22:10:03 -   Precision: 1.000
2025-09-19 22:10:03 -   Recall: 0.600
2025-09-19 22:10:03 -   F1 Score: 0.750
2025-09-19 22:10:03 -   AUC: 0.960
2025-09-19 22:10:03 -   Correct/Total: 8/10
2025-09-19 22:10:03 -   Confusion Matrix Stats:
2025-09-19 22:10:03 -     TP: 3, TN: 5
2025-09-19 22:10:03 -     FP: 0, FN: 2
2025-09-19 22:10:03 - Subject: P3_sub-024
2025-09-19 22:10:03 -   Accuracy: 76.923%
2025-09-19 22:10:03 -   Precision: 0.750
2025-09-19 22:10:03 -   Recall: 1.000
2025-09-19 22:10:03 -   F1 Score: 0.857
2025-09-19 22:10:03 -   AUC: 0.667
2025-09-19 22:10:03 -   Correct/Total: 10/13
2025-09-19 22:10:03 -   Confusion Matrix Stats:
2025-09-19 22:10:03 -     TP: 9, TN: 1
2025-09-19 22:10:03 -     FP: 3, FN: 0
2025-09-19 22:10:03 - Subject: P3_sub-025
2025-09-19 22:10:03 -   Accuracy: 63.636%
2025-09-19 22:10:03 -   Precision: 0.333
2025-09-19 22:10:03 -   Recall: 0.333
2025-09-19 22:10:03 -   F1 Score: 0.333
2025-09-19 22:10:03 -   AUC: 0.625
2025-09-19 22:10:03 -   Correct/Total: 7/11
2025-09-19 22:10:03 -   Confusion Matrix Stats:
2025-09-19 22:10:03 -     TP: 1, TN: 6
2025-09-19 22:10:03 -     FP: 2, FN: 2
2025-09-19 22:10:03 - Subject: P3_sub-026
2025-09-19 22:10:03 -   Accuracy: 69.231%
2025-09-19 22:10:03 -   Precision: 0.750
2025-09-19 22:10:03 -   Recall: 0.500
2025-09-19 22:10:03 -   F1 Score: 0.600
2025-09-19 22:10:03 -   AUC: 0.714
2025-09-19 22:10:03 -   Correct/Total: 9/13
2025-09-19 22:10:03 -   Confusion Matrix Stats:
2025-09-19 22:10:03 -     TP: 3, TN: 6
2025-09-19 22:10:03 -     FP: 1, FN: 3
2025-09-19 22:10:03 - Subject: P3_sub-027
2025-09-19 22:10:03 -   Accuracy: 62.500%
2025-09-19 22:10:03 -   Precision: 0.750
2025-09-19 22:10:03 -   Recall: 0.375
2025-09-19 22:10:03 -   F1 Score: 0.500
2025-09-19 22:10:03 -   AUC: 0.688
2025-09-19 22:10:03 -   Correct/Total: 10/16
2025-09-19 22:10:03 -   Confusion Matrix Stats:
2025-09-19 22:10:03 -     TP: 3, TN: 7
2025-09-19 22:10:03 -     FP: 1, FN: 5
2025-09-19 22:10:03 - Subject: P3_sub-028
2025-09-19 22:10:03 -   Accuracy: 60.000%
2025-09-19 22:10:03 -   Precision: 1.000
2025-09-19 22:10:03 -   Recall: 0.250
2025-09-19 22:10:03 -   F1 Score: 0.400
2025-09-19 22:10:03 -   AUC: 0.821
2025-09-19 22:10:03 -   Correct/Total: 9/15
2025-09-19 22:10:03 -   Confusion Matrix Stats:
2025-09-19 22:10:03 -     TP: 2, TN: 7
2025-09-19 22:10:03 -     FP: 0, FN: 6
2025-09-19 22:10:03 - Subject: P3_sub-029
2025-09-19 22:10:03 -   Accuracy: 60.000%
2025-09-19 22:10:03 -   Precision: 1.000
2025-09-19 22:10:03 -   Recall: 0.333
2025-09-19 22:10:03 -   F1 Score: 0.500
2025-09-19 22:10:03 -   AUC: 0.500
2025-09-19 22:10:03 -   Correct/Total: 3/5
2025-09-19 22:10:03 -   Confusion Matrix Stats:
2025-09-19 22:10:03 -     TP: 1, TN: 2
2025-09-19 22:10:03 -     FP: 0, FN: 2
2025-09-19 22:10:03 - Subject: P3_sub-030
2025-09-19 22:10:03 -   Accuracy: 70.000%
2025-09-19 22:10:03 -   Precision: 0.714
2025-09-19 22:10:03 -   Recall: 0.833
2025-09-19 22:10:03 -   F1 Score: 0.769
2025-09-19 22:10:03 -   AUC: 0.708
2025-09-19 22:10:03 -   Correct/Total: 7/10
2025-09-19 22:10:03 -   Confusion Matrix Stats:
2025-09-19 22:10:03 -     TP: 5, TN: 2
2025-09-19 22:10:03 -     FP: 2, FN: 1
2025-09-19 22:10:03 - Subject: P3_sub-031
2025-09-19 22:10:03 -   Accuracy: 57.143%
2025-09-19 22:10:03 -   Precision: 1.000
2025-09-19 22:10:03 -   Recall: 0.250
2025-09-19 22:10:03 -   F1 Score: 0.400
2025-09-19 22:10:03 -   AUC: 0.750
2025-09-19 22:10:03 -   Correct/Total: 4/7
2025-09-19 22:10:03 -   Confusion Matrix Stats:
2025-09-19 22:10:03 -     TP: 1, TN: 3
2025-09-19 22:10:03 -     FP: 0, FN: 3
2025-09-19 22:10:03 - Subject: P3_sub-032
2025-09-19 22:10:03 -   Accuracy: 50.000%
2025-09-19 22:10:03 -   Precision: 0.500
2025-09-19 22:10:03 -   Recall: 0.250
2025-09-19 22:10:03 -   F1 Score: 0.333
2025-09-19 22:10:03 -   AUC: 0.312
2025-09-19 22:10:03 -   Correct/Total: 4/8
2025-09-19 22:10:03 -   Confusion Matrix Stats:
2025-09-19 22:10:03 -     TP: 1, TN: 3
2025-09-19 22:10:03 -     FP: 1, FN: 3
2025-09-19 22:10:03 - Subject: P3_sub-033
2025-09-19 22:10:03 -   Accuracy: 70.000%
2025-09-19 22:10:03 -   Precision: 0.667
2025-09-19 22:10:03 -   Recall: 0.500
2025-09-19 22:10:03 -   F1 Score: 0.571
2025-09-19 22:10:03 -   AUC: 0.792
2025-09-19 22:10:03 -   Correct/Total: 7/10
2025-09-19 22:10:03 -   Confusion Matrix Stats:
2025-09-19 22:10:03 -     TP: 2, TN: 5
2025-09-19 22:10:03 -     FP: 1, FN: 2
2025-09-19 22:10:03 - Subject: P3_sub-034
2025-09-19 22:10:03 -   Accuracy: 81.818%
2025-09-19 22:10:03 -   Precision: 0.667
2025-09-19 22:10:03 -   Recall: 1.000
2025-09-19 22:10:03 -   F1 Score: 0.800
2025-09-19 22:10:03 -   AUC: 1.000
2025-09-19 22:10:03 -   Correct/Total: 9/11
2025-09-19 22:10:03 -   Confusion Matrix Stats:
2025-09-19 22:10:03 -     TP: 4, TN: 5
2025-09-19 22:10:03 -     FP: 2, FN: 0
2025-09-19 22:10:03 - Subject: P3_sub-035
2025-09-19 22:10:03 -   Accuracy: 73.333%
2025-09-19 22:10:03 -   Precision: 0.714
2025-09-19 22:10:03 -   Recall: 0.714
2025-09-19 22:10:03 -   F1 Score: 0.714
2025-09-19 22:10:03 -   AUC: 0.786
2025-09-19 22:10:03 -   Correct/Total: 11/15
2025-09-19 22:10:03 -   Confusion Matrix Stats:
2025-09-19 22:10:03 -     TP: 5, TN: 6
2025-09-19 22:10:03 -     FP: 2, FN: 2
2025-09-19 22:10:03 - Subject: P3_sub-036
2025-09-19 22:10:03 -   Accuracy: 75.000%
2025-09-19 22:10:03 -   Precision: 0.000
2025-09-19 22:10:03 -   Recall: 0.000
2025-09-19 22:10:03 -   F1 Score: 0.000
2025-09-19 22:10:03 -   AUC: 0.583
2025-09-19 22:10:03 -   Correct/Total: 6/8
2025-09-19 22:10:03 -   Confusion Matrix Stats:
2025-09-19 22:10:03 -     TP: 0, TN: 6
2025-09-19 22:10:03 -     FP: 0, FN: 2
2025-09-19 22:10:03 - Subject: P3_sub-037
2025-09-19 22:10:03 -   Accuracy: 69.231%
2025-09-19 22:10:03 -   Precision: 1.000
2025-09-19 22:10:03 -   Recall: 0.333
2025-09-19 22:10:03 -   F1 Score: 0.500
2025-09-19 22:10:03 -   AUC: 0.929
2025-09-19 22:10:03 -   Correct/Total: 9/13
2025-09-19 22:10:03 -   Confusion Matrix Stats:
2025-09-19 22:10:03 -     TP: 2, TN: 7
2025-09-19 22:10:03 -     FP: 0, FN: 4
2025-09-19 22:10:03 - Subject: P3_sub-038
2025-09-19 22:10:03 -   Accuracy: 66.667%
2025-09-19 22:10:03 -   Precision: 1.000
2025-09-19 22:10:03 -   Recall: 0.500
2025-09-19 22:10:03 -   F1 Score: 0.667
2025-09-19 22:10:03 -   AUC: 0.944
2025-09-19 22:10:03 -   Correct/Total: 6/9
2025-09-19 22:10:03 -   Confusion Matrix Stats:
2025-09-19 22:10:03 -     TP: 3, TN: 3
2025-09-19 22:10:03 -     FP: 0, FN: 3
2025-09-19 22:10:03 - Subject: P3_sub-039
2025-09-19 22:10:03 -   Accuracy: 50.000%
2025-09-19 22:10:03 -   Precision: 0.750
2025-09-19 22:10:03 -   Recall: 0.375
2025-09-19 22:10:03 -   F1 Score: 0.500
2025-09-19 22:10:03 -   AUC: 0.750
2025-09-19 22:10:03 -   Correct/Total: 6/12
2025-09-19 22:10:03 -   Confusion Matrix Stats:
2025-09-19 22:10:03 -     TP: 3, TN: 3
2025-09-19 22:10:03 -     FP: 1, FN: 5
2025-09-19 22:10:03 - Subject: P3_sub-040
2025-09-19 22:10:03 -   Accuracy: 90.000%
2025-09-19 22:10:03 -   Precision: 0.857
2025-09-19 22:10:03 -   Recall: 1.000
2025-09-19 22:10:03 -   F1 Score: 0.923
2025-09-19 22:10:03 -   AUC: 1.000
2025-09-19 22:10:03 -   Correct/Total: 9/10
2025-09-19 22:10:03 -   Confusion Matrix Stats:
2025-09-19 22:10:03 -     TP: 6, TN: 3
2025-09-19 22:10:03 -     FP: 1, FN: 0
2025-09-19 22:10:03 - 
Combined Model (All Subjects) Statistics:
2025-09-19 22:10:03 - 95% Confidence Interval: [0.668, 0.737]
2025-09-19 22:10:03 - Best Subject: P3_sub-008 (1.000)
2025-09-19 22:10:03 - Worst Subject: AVO_008 (0.286)
2025-09-19 22:10:03 - Mean Accuracy: 0.700
2025-09-19 22:10:03 - Mean Precision: 0.735
2025-09-19 22:10:03 - Mean Recall: 0.612
2025-09-19 22:10:03 - Mean F1-Score: 0.668
2025-09-19 22:10:03 - Mean AUC: 0.782
2025-09-19 22:10:03 - Mean Confusion Matrix:
2025-09-19 22:10:03 -   TP: 3, TN: 4
2025-09-19 22:10:03 -   FP: 1, FN: 2
2025-09-19 22:10:03 - 
Combined Model – P3 Subjects Statistics:
2025-09-19 22:10:03 - 95% Confidence Interval: [0.663, 0.750]
2025-09-19 22:10:03 - Best Subject: P3_sub-008 (1.000)
2025-09-19 22:10:03 - Worst Subject: P3_sub-009 (0.333)
2025-09-19 22:10:03 - Mean Accuracy: 0.707
2025-09-19 22:10:03 - Mean Precision: 0.756
2025-09-19 22:10:03 - Mean Recall: 0.608
2025-09-19 22:10:03 - Mean F1-Score: 0.674
2025-09-19 22:10:03 - Mean AUC: 0.794
2025-09-19 22:10:03 - Mean Confusion Matrix:
2025-09-19 22:10:03 -   TP: 3, TN: 4
2025-09-19 22:10:03 -   FP: 1, FN: 2
2025-09-19 22:10:03 - 
Combined Model – AVO Subjects Statistics:
2025-09-19 22:10:03 - 95% Confidence Interval: [0.644, 0.754]
2025-09-19 22:10:03 - Best Subject: AVO_009 (1.000)
2025-09-19 22:10:03 - Worst Subject: AVO_008 (0.286)
2025-09-19 22:10:03 - Mean Accuracy: 0.693
2025-09-19 22:10:03 - Mean Precision: 0.714
2025-09-19 22:10:03 - Mean Recall: 0.615
2025-09-19 22:10:03 - Mean F1-Score: 0.661
2025-09-19 22:10:03 - Mean AUC: 0.769
2025-09-19 22:10:03 - Mean Confusion Matrix:
2025-09-19 22:10:03 -   TP: 3, TN: 4
2025-09-19 22:10:03 -   FP: 1, FN: 2
