2025-09-19 22:45:00 - 
Experiment Configuration:
2025-09-19 22:45:00 - --------------------------------------------------
2025-09-19 22:45:00 - dataset: use_combined_datasets
2025-09-19 22:45:00 - use_combined_datasets: True
2025-09-19 22:45:00 - electrode_list: common
2025-09-19 22:45:00 - classifier: SepConv1D
2025-09-19 22:45:00 - separate_subject_classification: False
2025-09-19 22:45:00 - use_subject_layer: False
2025-09-19 22:45:00 - seeds: [42]
2025-09-19 22:45:00 - electrode_fusion_method: none
2025-09-19 22:45:00 - domain_adaptation_method: none
2025-09-19 22:45:00 - enable_comprehensive_evaluation: True
2025-09-19 22:45:00 - enable_domain_analysis: True
2025-09-19 22:45:00 - enable_small_sample_analysis: False
2025-09-19 22:45:00 - small_sample_sizes: [5, 10, 15, 20]
2025-09-19 22:45:00 - small_sample_subjects: [5, 10, 15]
2025-09-19 22:45:00 - --------------------------------------------------
2025-09-19 22:45:00 - 
==================================================
2025-09-19 22:45:00 - Processing Combined P3 and AVO Datasets
2025-09-19 22:45:00 - ==================================================
2025-09-19 22:45:00 - 使用传统方法（无融合）
2025-09-19 22:46:37 - 
==================================================
2025-09-19 22:46:37 - Individual Subject Results - Combined Model
2025-09-19 22:46:37 - ==================================================
2025-09-19 22:46:37 - Subject: AVO_001
2025-09-19 22:46:37 -   Accuracy: 73.333%
2025-09-19 22:46:37 -   Precision: 0.714
2025-09-19 22:46:37 -   Recall: 0.714
2025-09-19 22:46:37 -   F1 Score: 0.714
2025-09-19 22:46:37 -   AUC: 0.821
2025-09-19 22:46:37 -   Correct/Total: 11/15
2025-09-19 22:46:37 -   Confusion Matrix Stats:
2025-09-19 22:46:37 -     TP: 5, TN: 6
2025-09-19 22:46:37 -     FP: 2, FN: 2
2025-09-19 22:46:37 - Subject: AVO_002
2025-09-19 22:46:37 -   Accuracy: 71.429%
2025-09-19 22:46:37 -   Precision: 0.700
2025-09-19 22:46:37 -   Recall: 0.700
2025-09-19 22:46:37 -   F1 Score: 0.700
2025-09-19 22:46:37 -   AUC: 0.836
2025-09-19 22:46:37 -   Correct/Total: 15/21
2025-09-19 22:46:37 -   Confusion Matrix Stats:
2025-09-19 22:46:37 -     TP: 7, TN: 8
2025-09-19 22:46:37 -     FP: 3, FN: 3
2025-09-19 22:46:37 - Subject: AVO_003
2025-09-19 22:46:37 -   Accuracy: 90.476%
2025-09-19 22:46:37 -   Precision: 1.000
2025-09-19 22:46:37 -   Recall: 0.846
2025-09-19 22:46:37 -   F1 Score: 0.917
2025-09-19 22:46:37 -   AUC: 0.981
2025-09-19 22:46:37 -   Correct/Total: 19/21
2025-09-19 22:46:37 -   Confusion Matrix Stats:
2025-09-19 22:46:37 -     TP: 11, TN: 8
2025-09-19 22:46:37 -     FP: 0, FN: 2
2025-09-19 22:46:37 - Subject: AVO_004
2025-09-19 22:46:37 -   Accuracy: 57.692%
2025-09-19 22:46:37 -   Precision: 0.778
2025-09-19 22:46:37 -   Recall: 0.438
2025-09-19 22:46:37 -   F1 Score: 0.560
2025-09-19 22:46:37 -   AUC: 0.706
2025-09-19 22:46:37 -   Correct/Total: 15/26
2025-09-19 22:46:37 -   Confusion Matrix Stats:
2025-09-19 22:46:37 -     TP: 7, TN: 8
2025-09-19 22:46:37 -     FP: 2, FN: 9
2025-09-19 22:46:37 - Subject: AVO_005
2025-09-19 22:46:37 -   Accuracy: 58.824%
2025-09-19 22:46:37 -   Precision: 0.857
2025-09-19 22:46:37 -   Recall: 0.500
2025-09-19 22:46:37 -   F1 Score: 0.632
2025-09-19 22:46:37 -   AUC: 0.900
2025-09-19 22:46:37 -   Correct/Total: 10/17
2025-09-19 22:46:37 -   Confusion Matrix Stats:
2025-09-19 22:46:37 -     TP: 6, TN: 4
2025-09-19 22:46:37 -     FP: 1, FN: 6
2025-09-19 22:46:37 - Subject: AVO_006
2025-09-19 22:46:37 -   Accuracy: 73.684%
2025-09-19 22:46:37 -   Precision: 0.889
2025-09-19 22:46:37 -   Recall: 0.667
2025-09-19 22:46:37 -   F1 Score: 0.762
2025-09-19 22:46:37 -   AUC: 0.714
2025-09-19 22:46:37 -   Correct/Total: 14/19
2025-09-19 22:46:37 -   Confusion Matrix Stats:
2025-09-19 22:46:37 -     TP: 8, TN: 6
2025-09-19 22:46:37 -     FP: 1, FN: 4
2025-09-19 22:46:37 - Subject: AVO_007
2025-09-19 22:46:37 -   Accuracy: 69.231%
2025-09-19 22:46:37 -   Precision: 0.667
2025-09-19 22:46:37 -   Recall: 0.667
2025-09-19 22:46:37 -   F1 Score: 0.667
2025-09-19 22:46:37 -   AUC: 0.690
2025-09-19 22:46:37 -   Correct/Total: 9/13
2025-09-19 22:46:37 -   Confusion Matrix Stats:
2025-09-19 22:46:37 -     TP: 4, TN: 5
2025-09-19 22:46:37 -     FP: 2, FN: 2
2025-09-19 22:46:37 - Subject: AVO_008
2025-09-19 22:46:37 -   Accuracy: 47.368%
2025-09-19 22:46:37 -   Precision: 0.500
2025-09-19 22:46:37 -   Recall: 0.300
2025-09-19 22:46:37 -   F1 Score: 0.375
2025-09-19 22:46:37 -   AUC: 0.578
2025-09-19 22:46:37 -   Correct/Total: 9/19
2025-09-19 22:46:37 -   Confusion Matrix Stats:
2025-09-19 22:46:37 -     TP: 3, TN: 6
2025-09-19 22:46:37 -     FP: 3, FN: 7
2025-09-19 22:46:37 - Subject: AVO_009
2025-09-19 22:46:37 -   Accuracy: 69.231%
2025-09-19 22:46:37 -   Precision: 0.571
2025-09-19 22:46:37 -   Recall: 0.800
2025-09-19 22:46:37 -   F1 Score: 0.667
2025-09-19 22:46:37 -   AUC: 0.850
2025-09-19 22:46:37 -   Correct/Total: 9/13
2025-09-19 22:46:37 -   Confusion Matrix Stats:
2025-09-19 22:46:37 -     TP: 4, TN: 5
2025-09-19 22:46:37 -     FP: 3, FN: 1
2025-09-19 22:46:37 - Subject: AVO_010
2025-09-19 22:46:37 -   Accuracy: 60.000%
2025-09-19 22:46:37 -   Precision: 0.667
2025-09-19 22:46:37 -   Recall: 0.400
2025-09-19 22:46:37 -   F1 Score: 0.500
2025-09-19 22:46:37 -   AUC: 0.680
2025-09-19 22:46:37 -   Correct/Total: 6/10
2025-09-19 22:46:37 -   Confusion Matrix Stats:
2025-09-19 22:46:37 -     TP: 2, TN: 4
2025-09-19 22:46:37 -     FP: 1, FN: 3
2025-09-19 22:46:37 - Subject: AVO_011
2025-09-19 22:46:37 -   Accuracy: 69.231%
2025-09-19 22:46:37 -   Precision: 0.600
2025-09-19 22:46:37 -   Recall: 1.000
2025-09-19 22:46:37 -   F1 Score: 0.750
2025-09-19 22:46:37 -   AUC: 0.738
2025-09-19 22:46:37 -   Correct/Total: 9/13
2025-09-19 22:46:37 -   Confusion Matrix Stats:
2025-09-19 22:46:37 -     TP: 6, TN: 3
2025-09-19 22:46:37 -     FP: 4, FN: 0
2025-09-19 22:46:37 - Subject: AVO_012
2025-09-19 22:46:37 -   Accuracy: 76.471%
2025-09-19 22:46:37 -   Precision: 0.667
2025-09-19 22:46:37 -   Recall: 1.000
2025-09-19 22:46:37 -   F1 Score: 0.800
2025-09-19 22:46:37 -   AUC: 0.944
2025-09-19 22:46:37 -   Correct/Total: 13/17
2025-09-19 22:46:37 -   Confusion Matrix Stats:
2025-09-19 22:46:37 -     TP: 8, TN: 5
2025-09-19 22:46:37 -     FP: 4, FN: 0
2025-09-19 22:46:37 - Subject: AVO_013
2025-09-19 22:46:37 -   Accuracy: 61.111%
2025-09-19 22:46:37 -   Precision: 0.400
2025-09-19 22:46:37 -   Recall: 0.800
2025-09-19 22:46:37 -   F1 Score: 0.533
2025-09-19 22:46:37 -   AUC: 0.754
2025-09-19 22:46:37 -   Correct/Total: 11/18
2025-09-19 22:46:37 -   Confusion Matrix Stats:
2025-09-19 22:46:37 -     TP: 4, TN: 7
2025-09-19 22:46:37 -     FP: 6, FN: 1
2025-09-19 22:46:37 - Subject: AVO_014
2025-09-19 22:46:37 -   Accuracy: 54.545%
2025-09-19 22:46:37 -   Precision: 0.500
2025-09-19 22:46:37 -   Recall: 0.600
2025-09-19 22:46:37 -   F1 Score: 0.545
2025-09-19 22:46:37 -   AUC: 0.600
2025-09-19 22:46:37 -   Correct/Total: 12/22
2025-09-19 22:46:37 -   Confusion Matrix Stats:
2025-09-19 22:46:37 -     TP: 6, TN: 6
2025-09-19 22:46:37 -     FP: 6, FN: 4
2025-09-19 22:46:37 - Subject: AVO_015
2025-09-19 22:46:37 -   Accuracy: 69.231%
2025-09-19 22:46:37 -   Precision: 0.727
2025-09-19 22:46:37 -   Recall: 0.889
2025-09-19 22:46:37 -   F1 Score: 0.800
2025-09-19 22:46:37 -   AUC: 0.639
2025-09-19 22:46:37 -   Correct/Total: 9/13
2025-09-19 22:46:37 -   Confusion Matrix Stats:
2025-09-19 22:46:37 -     TP: 8, TN: 1
2025-09-19 22:46:37 -     FP: 3, FN: 1
2025-09-19 22:46:37 - Subject: AVO_016
2025-09-19 22:46:37 -   Accuracy: 46.154%
2025-09-19 22:46:37 -   Precision: 0.750
2025-09-19 22:46:37 -   Recall: 0.333
2025-09-19 22:46:37 -   F1 Score: 0.462
2025-09-19 22:46:37 -   AUC: 0.750
2025-09-19 22:46:37 -   Correct/Total: 6/13
2025-09-19 22:46:37 -   Confusion Matrix Stats:
2025-09-19 22:46:37 -     TP: 3, TN: 3
2025-09-19 22:46:37 -     FP: 1, FN: 6
2025-09-19 22:46:37 - Subject: AVO_017
2025-09-19 22:46:37 -   Accuracy: 90.000%
2025-09-19 22:46:37 -   Precision: 0.833
2025-09-19 22:46:37 -   Recall: 1.000
2025-09-19 22:46:37 -   F1 Score: 0.909
2025-09-19 22:46:37 -   AUC: 1.000
2025-09-19 22:46:37 -   Correct/Total: 9/10
2025-09-19 22:46:37 -   Confusion Matrix Stats:
2025-09-19 22:46:37 -     TP: 5, TN: 4
2025-09-19 22:46:37 -     FP: 1, FN: 0
2025-09-19 22:46:37 - Subject: AVO_018
2025-09-19 22:46:37 -   Accuracy: 71.429%
2025-09-19 22:46:37 -   Precision: 0.667
2025-09-19 22:46:37 -   Recall: 0.667
2025-09-19 22:46:37 -   F1 Score: 0.667
2025-09-19 22:46:37 -   AUC: 0.917
2025-09-19 22:46:37 -   Correct/Total: 5/7
2025-09-19 22:46:37 -   Confusion Matrix Stats:
2025-09-19 22:46:37 -     TP: 2, TN: 3
2025-09-19 22:46:37 -     FP: 1, FN: 1
2025-09-19 22:46:37 - Subject: AVO_019
2025-09-19 22:46:37 -   Accuracy: 73.684%
2025-09-19 22:46:37 -   Precision: 0.750
2025-09-19 22:46:37 -   Recall: 0.667
2025-09-19 22:46:37 -   F1 Score: 0.706
2025-09-19 22:46:37 -   AUC: 0.744
2025-09-19 22:46:37 -   Correct/Total: 14/19
2025-09-19 22:46:37 -   Confusion Matrix Stats:
2025-09-19 22:46:37 -     TP: 6, TN: 8
2025-09-19 22:46:37 -     FP: 2, FN: 3
2025-09-19 22:46:37 - Subject: AVO_020
2025-09-19 22:46:37 -   Accuracy: 68.750%
2025-09-19 22:46:37 -   Precision: 0.750
2025-09-19 22:46:37 -   Recall: 0.667
2025-09-19 22:46:37 -   F1 Score: 0.706
2025-09-19 22:46:37 -   AUC: 0.794
2025-09-19 22:46:37 -   Correct/Total: 11/16
2025-09-19 22:46:37 -   Confusion Matrix Stats:
2025-09-19 22:46:37 -     TP: 6, TN: 5
2025-09-19 22:46:37 -     FP: 2, FN: 3
2025-09-19 22:46:37 - Subject: AVO_021
2025-09-19 22:46:37 -   Accuracy: 83.333%
2025-09-19 22:46:37 -   Precision: 0.778
2025-09-19 22:46:37 -   Recall: 0.875
2025-09-19 22:46:37 -   F1 Score: 0.824
2025-09-19 22:46:37 -   AUC: 0.875
2025-09-19 22:46:37 -   Correct/Total: 15/18
2025-09-19 22:46:37 -   Confusion Matrix Stats:
2025-09-19 22:46:37 -     TP: 7, TN: 8
2025-09-19 22:46:37 -     FP: 2, FN: 1
2025-09-19 22:46:37 - Subject: AVO_022
2025-09-19 22:46:37 -   Accuracy: 53.333%
2025-09-19 22:46:37 -   Precision: 0.375
2025-09-19 22:46:37 -   Recall: 0.600
2025-09-19 22:46:37 -   F1 Score: 0.462
2025-09-19 22:46:37 -   AUC: 0.620
2025-09-19 22:46:37 -   Correct/Total: 8/15
2025-09-19 22:46:37 -   Confusion Matrix Stats:
2025-09-19 22:46:37 -     TP: 3, TN: 5
2025-09-19 22:46:37 -     FP: 5, FN: 2
2025-09-19 22:46:37 - Subject: AVO_023
2025-09-19 22:46:37 -   Accuracy: 62.500%
2025-09-19 22:46:37 -   Precision: 0.538
2025-09-19 22:46:37 -   Recall: 0.700
2025-09-19 22:46:37 -   F1 Score: 0.609
2025-09-19 22:46:37 -   AUC: 0.721
2025-09-19 22:46:37 -   Correct/Total: 15/24
2025-09-19 22:46:37 -   Confusion Matrix Stats:
2025-09-19 22:46:37 -     TP: 7, TN: 8
2025-09-19 22:46:37 -     FP: 6, FN: 3
2025-09-19 22:46:37 - Subject: AVO_024
2025-09-19 22:46:37 -   Accuracy: 65.217%
2025-09-19 22:46:37 -   Precision: 0.643
2025-09-19 22:46:37 -   Recall: 0.750
2025-09-19 22:46:37 -   F1 Score: 0.692
2025-09-19 22:46:37 -   AUC: 0.735
2025-09-19 22:46:37 -   Correct/Total: 15/23
2025-09-19 22:46:37 -   Confusion Matrix Stats:
2025-09-19 22:46:37 -     TP: 9, TN: 6
2025-09-19 22:46:37 -     FP: 5, FN: 3
2025-09-19 22:46:37 - Subject: AVO_025
2025-09-19 22:46:37 -   Accuracy: 60.000%
2025-09-19 22:46:37 -   Precision: 0.571
2025-09-19 22:46:37 -   Recall: 0.571
2025-09-19 22:46:37 -   F1 Score: 0.571
2025-09-19 22:46:37 -   AUC: 0.482
2025-09-19 22:46:37 -   Correct/Total: 9/15
2025-09-19 22:46:37 -   Confusion Matrix Stats:
2025-09-19 22:46:37 -     TP: 4, TN: 5
2025-09-19 22:46:37 -     FP: 3, FN: 3
2025-09-19 22:46:37 - Subject: AVO_026
2025-09-19 22:46:37 -   Accuracy: 82.353%
2025-09-19 22:46:37 -   Precision: 0.571
2025-09-19 22:46:37 -   Recall: 1.000
2025-09-19 22:46:37 -   F1 Score: 0.727
2025-09-19 22:46:37 -   AUC: 0.942
2025-09-19 22:46:37 -   Correct/Total: 14/17
2025-09-19 22:46:37 -   Confusion Matrix Stats:
2025-09-19 22:46:37 -     TP: 4, TN: 10
2025-09-19 22:46:37 -     FP: 3, FN: 0
2025-09-19 22:46:37 - Subject: AVO_027
2025-09-19 22:46:37 -   Accuracy: 78.571%
2025-09-19 22:46:37 -   Precision: 0.625
2025-09-19 22:46:37 -   Recall: 1.000
2025-09-19 22:46:37 -   F1 Score: 0.769
2025-09-19 22:46:37 -   AUC: 0.933
2025-09-19 22:46:37 -   Correct/Total: 11/14
2025-09-19 22:46:37 -   Confusion Matrix Stats:
2025-09-19 22:46:37 -     TP: 5, TN: 6
2025-09-19 22:46:37 -     FP: 3, FN: 0
2025-09-19 22:46:37 - Subject: AVO_028
2025-09-19 22:46:37 -   Accuracy: 78.261%
2025-09-19 22:46:37 -   Precision: 0.800
2025-09-19 22:46:37 -   Recall: 0.727
2025-09-19 22:46:37 -   F1 Score: 0.762
2025-09-19 22:46:37 -   AUC: 0.924
2025-09-19 22:46:37 -   Correct/Total: 18/23
2025-09-19 22:46:37 -   Confusion Matrix Stats:
2025-09-19 22:46:37 -     TP: 8, TN: 10
2025-09-19 22:46:37 -     FP: 2, FN: 3
2025-09-19 22:46:37 - Subject: AVO_029
2025-09-19 22:46:37 -   Accuracy: 68.182%
2025-09-19 22:46:37 -   Precision: 1.000
2025-09-19 22:46:37 -   Recall: 0.364
2025-09-19 22:46:37 -   F1 Score: 0.533
2025-09-19 22:46:37 -   AUC: 0.884
2025-09-19 22:46:37 -   Correct/Total: 15/22
2025-09-19 22:46:37 -   Confusion Matrix Stats:
2025-09-19 22:46:37 -     TP: 4, TN: 11
2025-09-19 22:46:37 -     FP: 0, FN: 7
2025-09-19 22:46:37 - Subject: AVO_030
2025-09-19 22:46:37 -   Accuracy: 66.667%
2025-09-19 22:46:37 -   Precision: 0.667
2025-09-19 22:46:37 -   Recall: 0.857
2025-09-19 22:46:37 -   F1 Score: 0.750
2025-09-19 22:46:37 -   AUC: 0.743
2025-09-19 22:46:37 -   Correct/Total: 8/12
2025-09-19 22:46:37 -   Confusion Matrix Stats:
2025-09-19 22:46:37 -     TP: 6, TN: 2
2025-09-19 22:46:37 -     FP: 3, FN: 1
2025-09-19 22:46:37 - Subject: AVO_031
2025-09-19 22:46:37 -   Accuracy: 80.769%
2025-09-19 22:46:37 -   Precision: 0.857
2025-09-19 22:46:37 -   Recall: 0.800
2025-09-19 22:46:37 -   F1 Score: 0.828
2025-09-19 22:46:37 -   AUC: 0.909
2025-09-19 22:46:37 -   Correct/Total: 21/26
2025-09-19 22:46:37 -   Confusion Matrix Stats:
2025-09-19 22:46:37 -     TP: 12, TN: 9
2025-09-19 22:46:37 -     FP: 2, FN: 3
2025-09-19 22:46:37 - Subject: AVO_032
2025-09-19 22:46:37 -   Accuracy: 91.304%
2025-09-19 22:46:37 -   Precision: 0.875
2025-09-19 22:46:37 -   Recall: 0.875
2025-09-19 22:46:37 -   F1 Score: 0.875
2025-09-19 22:46:37 -   AUC: 0.992
2025-09-19 22:46:37 -   Correct/Total: 21/23
2025-09-19 22:46:37 -   Confusion Matrix Stats:
2025-09-19 22:46:37 -     TP: 7, TN: 14
2025-09-19 22:46:37 -     FP: 1, FN: 1
2025-09-19 22:46:37 - Subject: AVO_033
2025-09-19 22:46:37 -   Accuracy: 77.273%
2025-09-19 22:46:37 -   Precision: 0.714
2025-09-19 22:46:37 -   Recall: 0.625
2025-09-19 22:46:37 -   F1 Score: 0.667
2025-09-19 22:46:37 -   AUC: 0.911
2025-09-19 22:46:37 -   Correct/Total: 17/22
2025-09-19 22:46:37 -   Confusion Matrix Stats:
2025-09-19 22:46:37 -     TP: 5, TN: 12
2025-09-19 22:46:37 -     FP: 2, FN: 3
2025-09-19 22:46:37 - Subject: AVO_034
2025-09-19 22:46:37 -   Accuracy: 70.588%
2025-09-19 22:46:37 -   Precision: 0.556
2025-09-19 22:46:37 -   Recall: 0.833
2025-09-19 22:46:37 -   F1 Score: 0.667
2025-09-19 22:46:37 -   AUC: 0.773
2025-09-19 22:46:37 -   Correct/Total: 12/17
2025-09-19 22:46:37 -   Confusion Matrix Stats:
2025-09-19 22:46:37 -     TP: 5, TN: 7
2025-09-19 22:46:37 -     FP: 4, FN: 1
2025-09-19 22:46:37 - Subject: AVO_035
2025-09-19 22:46:37 -   Accuracy: 66.667%
2025-09-19 22:46:37 -   Precision: 0.600
2025-09-19 22:46:37 -   Recall: 0.750
2025-09-19 22:46:37 -   F1 Score: 0.667
2025-09-19 22:46:37 -   AUC: 0.762
2025-09-19 22:46:37 -   Correct/Total: 12/18
2025-09-19 22:46:37 -   Confusion Matrix Stats:
2025-09-19 22:46:37 -     TP: 6, TN: 6
2025-09-19 22:46:37 -     FP: 4, FN: 2
2025-09-19 22:46:37 - Subject: AVO_036
2025-09-19 22:46:37 -   Accuracy: 70.000%
2025-09-19 22:46:37 -   Precision: 0.750
2025-09-19 22:46:37 -   Recall: 0.750
2025-09-19 22:46:37 -   F1 Score: 0.750
2025-09-19 22:46:37 -   AUC: 0.812
2025-09-19 22:46:37 -   Correct/Total: 14/20
2025-09-19 22:46:37 -   Confusion Matrix Stats:
2025-09-19 22:46:37 -     TP: 9, TN: 5
2025-09-19 22:46:37 -     FP: 3, FN: 3
2025-09-19 22:46:37 - Subject: AVO_037
2025-09-19 22:46:37 -   Accuracy: 66.667%
2025-09-19 22:46:37 -   Precision: 0.250
2025-09-19 22:46:37 -   Recall: 0.333
2025-09-19 22:46:37 -   F1 Score: 0.286
2025-09-19 22:46:37 -   AUC: 0.583
2025-09-19 22:46:37 -   Correct/Total: 10/15
2025-09-19 22:46:37 -   Confusion Matrix Stats:
2025-09-19 22:46:37 -     TP: 1, TN: 9
2025-09-19 22:46:37 -     FP: 3, FN: 2
2025-09-19 22:46:37 - Subject: AVO_038
2025-09-19 22:46:37 -   Accuracy: 72.727%
2025-09-19 22:46:37 -   Precision: 0.647
2025-09-19 22:46:37 -   Recall: 1.000
2025-09-19 22:46:37 -   F1 Score: 0.786
2025-09-19 22:46:37 -   AUC: 0.802
2025-09-19 22:46:37 -   Correct/Total: 16/22
2025-09-19 22:46:37 -   Confusion Matrix Stats:
2025-09-19 22:46:37 -     TP: 11, TN: 5
2025-09-19 22:46:37 -     FP: 6, FN: 0
2025-09-19 22:46:37 - Subject: AVO_039
2025-09-19 22:46:37 -   Accuracy: 81.250%
2025-09-19 22:46:37 -   Precision: 0.857
2025-09-19 22:46:37 -   Recall: 0.750
2025-09-19 22:46:37 -   F1 Score: 0.800
2025-09-19 22:46:37 -   AUC: 0.859
2025-09-19 22:46:37 -   Correct/Total: 13/16
2025-09-19 22:46:37 -   Confusion Matrix Stats:
2025-09-19 22:46:37 -     TP: 6, TN: 7
2025-09-19 22:46:37 -     FP: 1, FN: 2
2025-09-19 22:46:37 - Subject: AVO_040
2025-09-19 22:46:37 -   Accuracy: 86.957%
2025-09-19 22:46:37 -   Precision: 0.857
2025-09-19 22:46:37 -   Recall: 0.923
2025-09-19 22:46:37 -   F1 Score: 0.889
2025-09-19 22:46:37 -   AUC: 0.946
2025-09-19 22:46:37 -   Correct/Total: 20/23
2025-09-19 22:46:37 -   Confusion Matrix Stats:
2025-09-19 22:46:37 -     TP: 12, TN: 8
2025-09-19 22:46:37 -     FP: 2, FN: 1
2025-09-19 22:46:37 - Subject: P3_sub-001
2025-09-19 22:46:37 -   Accuracy: 75.000%
2025-09-19 22:46:37 -   Precision: 1.000
2025-09-19 22:46:37 -   Recall: 0.429
2025-09-19 22:46:37 -   F1 Score: 0.600
2025-09-19 22:46:37 -   AUC: 0.841
2025-09-19 22:46:37 -   Correct/Total: 12/16
2025-09-19 22:46:37 -   Confusion Matrix Stats:
2025-09-19 22:46:37 -     TP: 3, TN: 9
2025-09-19 22:46:37 -     FP: 0, FN: 4
2025-09-19 22:46:37 - Subject: P3_sub-002
2025-09-19 22:46:37 -   Accuracy: 64.706%
2025-09-19 22:46:37 -   Precision: 0.500
2025-09-19 22:46:37 -   Recall: 1.000
2025-09-19 22:46:37 -   F1 Score: 0.667
2025-09-19 22:46:37 -   AUC: 0.939
2025-09-19 22:46:37 -   Correct/Total: 11/17
2025-09-19 22:46:37 -   Confusion Matrix Stats:
2025-09-19 22:46:37 -     TP: 6, TN: 5
2025-09-19 22:46:37 -     FP: 6, FN: 0
2025-09-19 22:46:37 - Subject: P3_sub-003
2025-09-19 22:46:37 -   Accuracy: 68.421%
2025-09-19 22:46:37 -   Precision: 0.625
2025-09-19 22:46:37 -   Recall: 0.625
2025-09-19 22:46:37 -   F1 Score: 0.625
2025-09-19 22:46:37 -   AUC: 0.761
2025-09-19 22:46:37 -   Correct/Total: 13/19
2025-09-19 22:46:37 -   Confusion Matrix Stats:
2025-09-19 22:46:37 -     TP: 5, TN: 8
2025-09-19 22:46:37 -     FP: 3, FN: 3
2025-09-19 22:46:37 - Subject: P3_sub-004
2025-09-19 22:46:37 -   Accuracy: 83.333%
2025-09-19 22:46:37 -   Precision: 0.857
2025-09-19 22:46:37 -   Recall: 0.857
2025-09-19 22:46:37 -   F1 Score: 0.857
2025-09-19 22:46:37 -   AUC: 0.971
2025-09-19 22:46:37 -   Correct/Total: 10/12
2025-09-19 22:46:37 -   Confusion Matrix Stats:
2025-09-19 22:46:37 -     TP: 6, TN: 4
2025-09-19 22:46:37 -     FP: 1, FN: 1
2025-09-19 22:46:37 - Subject: P3_sub-005
2025-09-19 22:46:37 -   Accuracy: 52.632%
2025-09-19 22:46:37 -   Precision: 0.500
2025-09-19 22:46:37 -   Recall: 0.444
2025-09-19 22:46:37 -   F1 Score: 0.471
2025-09-19 22:46:37 -   AUC: 0.567
2025-09-19 22:46:37 -   Correct/Total: 10/19
2025-09-19 22:46:37 -   Confusion Matrix Stats:
2025-09-19 22:46:37 -     TP: 4, TN: 6
2025-09-19 22:46:37 -     FP: 4, FN: 5
2025-09-19 22:46:37 - Subject: P3_sub-006
2025-09-19 22:46:37 -   Accuracy: 38.462%
2025-09-19 22:46:37 -   Precision: 0.286
2025-09-19 22:46:37 -   Recall: 0.400
2025-09-19 22:46:37 -   F1 Score: 0.333
2025-09-19 22:46:37 -   AUC: 0.275
2025-09-19 22:46:37 -   Correct/Total: 5/13
2025-09-19 22:46:37 -   Confusion Matrix Stats:
2025-09-19 22:46:37 -     TP: 2, TN: 3
2025-09-19 22:46:37 -     FP: 5, FN: 3
2025-09-19 22:46:37 - Subject: P3_sub-007
2025-09-19 22:46:37 -   Accuracy: 81.250%
2025-09-19 22:46:37 -   Precision: 0.800
2025-09-19 22:46:37 -   Recall: 0.889
2025-09-19 22:46:37 -   F1 Score: 0.842
2025-09-19 22:46:37 -   AUC: 0.968
2025-09-19 22:46:37 -   Correct/Total: 13/16
2025-09-19 22:46:37 -   Confusion Matrix Stats:
2025-09-19 22:46:37 -     TP: 8, TN: 5
2025-09-19 22:46:37 -     FP: 2, FN: 1
2025-09-19 22:46:37 - Subject: P3_sub-008
2025-09-19 22:46:37 -   Accuracy: 58.824%
2025-09-19 22:46:37 -   Precision: 0.500
2025-09-19 22:46:37 -   Recall: 0.429
2025-09-19 22:46:37 -   F1 Score: 0.462
2025-09-19 22:46:37 -   AUC: 0.557
2025-09-19 22:46:37 -   Correct/Total: 10/17
2025-09-19 22:46:37 -   Confusion Matrix Stats:
2025-09-19 22:46:37 -     TP: 3, TN: 7
2025-09-19 22:46:37 -     FP: 3, FN: 4
2025-09-19 22:46:37 - Subject: P3_sub-009
2025-09-19 22:46:37 -   Accuracy: 64.706%
2025-09-19 22:46:37 -   Precision: 0.700
2025-09-19 22:46:37 -   Recall: 0.700
2025-09-19 22:46:37 -   F1 Score: 0.700
2025-09-19 22:46:37 -   AUC: 0.643
2025-09-19 22:46:37 -   Correct/Total: 11/17
2025-09-19 22:46:37 -   Confusion Matrix Stats:
2025-09-19 22:46:37 -     TP: 7, TN: 4
2025-09-19 22:46:37 -     FP: 3, FN: 3
2025-09-19 22:46:37 - Subject: P3_sub-010
2025-09-19 22:46:37 -   Accuracy: 77.778%
2025-09-19 22:46:37 -   Precision: 0.750
2025-09-19 22:46:37 -   Recall: 0.750
2025-09-19 22:46:37 -   F1 Score: 0.750
2025-09-19 22:46:37 -   AUC: 0.850
2025-09-19 22:46:37 -   Correct/Total: 14/18
2025-09-19 22:46:37 -   Confusion Matrix Stats:
2025-09-19 22:46:37 -     TP: 6, TN: 8
2025-09-19 22:46:37 -     FP: 2, FN: 2
2025-09-19 22:46:37 - Subject: P3_sub-011
2025-09-19 22:46:37 -   Accuracy: 57.895%
2025-09-19 22:46:37 -   Precision: 0.600
2025-09-19 22:46:37 -   Recall: 0.600
2025-09-19 22:46:37 -   F1 Score: 0.600
2025-09-19 22:46:37 -   AUC: 0.556
2025-09-19 22:46:37 -   Correct/Total: 11/19
2025-09-19 22:46:37 -   Confusion Matrix Stats:
2025-09-19 22:46:37 -     TP: 6, TN: 5
2025-09-19 22:46:37 -     FP: 4, FN: 4
2025-09-19 22:46:37 - Subject: P3_sub-012
2025-09-19 22:46:37 -   Accuracy: 80.000%
2025-09-19 22:46:37 -   Precision: 0.600
2025-09-19 22:46:37 -   Recall: 1.000
2025-09-19 22:46:37 -   F1 Score: 0.750
2025-09-19 22:46:37 -   AUC: 1.000
2025-09-19 22:46:37 -   Correct/Total: 16/20
2025-09-19 22:46:37 -   Confusion Matrix Stats:
2025-09-19 22:46:37 -     TP: 6, TN: 10
2025-09-19 22:46:37 -     FP: 4, FN: 0
2025-09-19 22:46:37 - Subject: P3_sub-013
2025-09-19 22:46:37 -   Accuracy: 62.500%
2025-09-19 22:46:37 -   Precision: 0.778
2025-09-19 22:46:37 -   Recall: 0.636
2025-09-19 22:46:37 -   F1 Score: 0.700
2025-09-19 22:46:37 -   AUC: 0.745
2025-09-19 22:46:37 -   Correct/Total: 10/16
2025-09-19 22:46:37 -   Confusion Matrix Stats:
2025-09-19 22:46:37 -     TP: 7, TN: 3
2025-09-19 22:46:37 -     FP: 2, FN: 4
2025-09-19 22:46:37 - Subject: P3_sub-014
2025-09-19 22:46:37 -   Accuracy: 66.667%
2025-09-19 22:46:37 -   Precision: 0.750
2025-09-19 22:46:37 -   Recall: 0.750
2025-09-19 22:46:37 -   F1 Score: 0.750
2025-09-19 22:46:37 -   AUC: 0.562
2025-09-19 22:46:37 -   Correct/Total: 8/12
2025-09-19 22:46:37 -   Confusion Matrix Stats:
2025-09-19 22:46:37 -     TP: 6, TN: 2
2025-09-19 22:46:37 -     FP: 2, FN: 2
2025-09-19 22:46:37 - Subject: P3_sub-015
2025-09-19 22:46:37 -   Accuracy: 71.429%
2025-09-19 22:46:37 -   Precision: 0.684
2025-09-19 22:46:37 -   Recall: 1.000
2025-09-19 22:46:37 -   F1 Score: 0.813
2025-09-19 22:46:37 -   AUC: 0.942
2025-09-19 22:46:37 -   Correct/Total: 15/21
2025-09-19 22:46:37 -   Confusion Matrix Stats:
2025-09-19 22:46:37 -     TP: 13, TN: 2
2025-09-19 22:46:37 -     FP: 6, FN: 0
2025-09-19 22:46:37 - Subject: P3_sub-016
2025-09-19 22:46:37 -   Accuracy: 64.286%
2025-09-19 22:46:37 -   Precision: 0.500
2025-09-19 22:46:37 -   Recall: 1.000
2025-09-19 22:46:37 -   F1 Score: 0.667
2025-09-19 22:46:37 -   AUC: 0.956
2025-09-19 22:46:37 -   Correct/Total: 9/14
2025-09-19 22:46:37 -   Confusion Matrix Stats:
2025-09-19 22:46:37 -     TP: 5, TN: 4
2025-09-19 22:46:37 -     FP: 5, FN: 0
2025-09-19 22:46:37 - Subject: P3_sub-017
2025-09-19 22:46:37 -   Accuracy: 69.565%
2025-09-19 22:46:37 -   Precision: 0.714
2025-09-19 22:46:37 -   Recall: 0.769
2025-09-19 22:46:37 -   F1 Score: 0.741
2025-09-19 22:46:37 -   AUC: 0.746
2025-09-19 22:46:37 -   Correct/Total: 16/23
2025-09-19 22:46:37 -   Confusion Matrix Stats:
2025-09-19 22:46:37 -     TP: 10, TN: 6
2025-09-19 22:46:37 -     FP: 4, FN: 3
2025-09-19 22:46:37 - Subject: P3_sub-018
2025-09-19 22:46:37 -   Accuracy: 80.000%
2025-09-19 22:46:37 -   Precision: 1.000
2025-09-19 22:46:37 -   Recall: 0.750
2025-09-19 22:46:37 -   F1 Score: 0.857
2025-09-19 22:46:37 -   AUC: 0.938
2025-09-19 22:46:37 -   Correct/Total: 8/10
2025-09-19 22:46:37 -   Confusion Matrix Stats:
2025-09-19 22:46:37 -     TP: 6, TN: 2
2025-09-19 22:46:37 -     FP: 0, FN: 2
2025-09-19 22:46:37 - Subject: P3_sub-019
2025-09-19 22:46:37 -   Accuracy: 63.636%
2025-09-19 22:46:37 -   Precision: 0.571
2025-09-19 22:46:37 -   Recall: 0.800
2025-09-19 22:46:37 -   F1 Score: 0.667
2025-09-19 22:46:37 -   AUC: 0.733
2025-09-19 22:46:37 -   Correct/Total: 7/11
2025-09-19 22:46:37 -   Confusion Matrix Stats:
2025-09-19 22:46:37 -     TP: 4, TN: 3
2025-09-19 22:46:37 -     FP: 3, FN: 1
2025-09-19 22:46:37 - Subject: P3_sub-020
2025-09-19 22:46:37 -   Accuracy: 76.471%
2025-09-19 22:46:37 -   Precision: 0.778
2025-09-19 22:46:37 -   Recall: 0.778
2025-09-19 22:46:37 -   F1 Score: 0.778
2025-09-19 22:46:37 -   AUC: 0.792
2025-09-19 22:46:37 -   Correct/Total: 13/17
2025-09-19 22:46:37 -   Confusion Matrix Stats:
2025-09-19 22:46:37 -     TP: 7, TN: 6
2025-09-19 22:46:37 -     FP: 2, FN: 2
2025-09-19 22:46:37 - Subject: P3_sub-021
2025-09-19 22:46:37 -   Accuracy: 78.947%
2025-09-19 22:46:37 -   Precision: 0.778
2025-09-19 22:46:37 -   Recall: 0.778
2025-09-19 22:46:37 -   F1 Score: 0.778
2025-09-19 22:46:37 -   AUC: 0.878
2025-09-19 22:46:37 -   Correct/Total: 15/19
2025-09-19 22:46:37 -   Confusion Matrix Stats:
2025-09-19 22:46:37 -     TP: 7, TN: 8
2025-09-19 22:46:37 -     FP: 2, FN: 2
2025-09-19 22:46:37 - Subject: P3_sub-022
2025-09-19 22:46:37 -   Accuracy: 78.947%
2025-09-19 22:46:37 -   Precision: 0.769
2025-09-19 22:46:37 -   Recall: 0.909
2025-09-19 22:46:37 -   F1 Score: 0.833
2025-09-19 22:46:37 -   AUC: 0.818
2025-09-19 22:46:37 -   Correct/Total: 15/19
2025-09-19 22:46:37 -   Confusion Matrix Stats:
2025-09-19 22:46:37 -     TP: 10, TN: 5
2025-09-19 22:46:37 -     FP: 3, FN: 1
2025-09-19 22:46:37 - Subject: P3_sub-023
2025-09-19 22:46:37 -   Accuracy: 87.500%
2025-09-19 22:46:37 -   Precision: 1.000
2025-09-19 22:46:37 -   Recall: 0.667
2025-09-19 22:46:37 -   F1 Score: 0.800
2025-09-19 22:46:37 -   AUC: 0.950
2025-09-19 22:46:37 -   Correct/Total: 14/16
2025-09-19 22:46:37 -   Confusion Matrix Stats:
2025-09-19 22:46:37 -     TP: 4, TN: 10
2025-09-19 22:46:37 -     FP: 0, FN: 2
2025-09-19 22:46:37 - Subject: P3_sub-024
2025-09-19 22:46:37 -   Accuracy: 77.778%
2025-09-19 22:46:37 -   Precision: 0.750
2025-09-19 22:46:37 -   Recall: 1.000
2025-09-19 22:46:37 -   F1 Score: 0.857
2025-09-19 22:46:37 -   AUC: 0.736
2025-09-19 22:46:37 -   Correct/Total: 14/18
2025-09-19 22:46:37 -   Confusion Matrix Stats:
2025-09-19 22:46:37 -     TP: 12, TN: 2
2025-09-19 22:46:37 -     FP: 4, FN: 0
2025-09-19 22:46:37 - Subject: P3_sub-025
2025-09-19 22:46:37 -   Accuracy: 55.556%
2025-09-19 22:46:37 -   Precision: 0.333
2025-09-19 22:46:37 -   Recall: 0.600
2025-09-19 22:46:37 -   F1 Score: 0.429
2025-09-19 22:46:37 -   AUC: 0.662
2025-09-19 22:46:37 -   Correct/Total: 10/18
2025-09-19 22:46:37 -   Confusion Matrix Stats:
2025-09-19 22:46:37 -     TP: 3, TN: 7
2025-09-19 22:46:37 -     FP: 6, FN: 2
2025-09-19 22:46:37 - Subject: P3_sub-026
2025-09-19 22:46:37 -   Accuracy: 58.333%
2025-09-19 22:46:37 -   Precision: 0.417
2025-09-19 22:46:37 -   Recall: 0.625
2025-09-19 22:46:37 -   F1 Score: 0.500
2025-09-19 22:46:37 -   AUC: 0.641
2025-09-19 22:46:37 -   Correct/Total: 14/24
2025-09-19 22:46:37 -   Confusion Matrix Stats:
2025-09-19 22:46:37 -     TP: 5, TN: 9
2025-09-19 22:46:37 -     FP: 7, FN: 3
2025-09-19 22:46:37 - Subject: P3_sub-027
2025-09-19 22:46:37 -   Accuracy: 68.421%
2025-09-19 22:46:37 -   Precision: 0.714
2025-09-19 22:46:37 -   Recall: 0.556
2025-09-19 22:46:37 -   F1 Score: 0.625
2025-09-19 22:46:37 -   AUC: 0.778
2025-09-19 22:46:37 -   Correct/Total: 13/19
2025-09-19 22:46:37 -   Confusion Matrix Stats:
2025-09-19 22:46:37 -     TP: 5, TN: 8
2025-09-19 22:46:37 -     FP: 2, FN: 4
2025-09-19 22:46:37 - Subject: P3_sub-028
2025-09-19 22:46:37 -   Accuracy: 57.895%
2025-09-19 22:46:37 -   Precision: 0.667
2025-09-19 22:46:37 -   Recall: 0.400
2025-09-19 22:46:37 -   F1 Score: 0.500
2025-09-19 22:46:37 -   AUC: 0.622
2025-09-19 22:46:37 -   Correct/Total: 11/19
2025-09-19 22:46:37 -   Confusion Matrix Stats:
2025-09-19 22:46:37 -     TP: 4, TN: 7
2025-09-19 22:46:37 -     FP: 2, FN: 6
2025-09-19 22:46:37 - Subject: P3_sub-029
2025-09-19 22:46:37 -   Accuracy: 72.727%
2025-09-19 22:46:37 -   Precision: 0.800
2025-09-19 22:46:37 -   Recall: 0.667
2025-09-19 22:46:37 -   F1 Score: 0.727
2025-09-19 22:46:37 -   AUC: 0.667
2025-09-19 22:46:37 -   Correct/Total: 8/11
2025-09-19 22:46:37 -   Confusion Matrix Stats:
2025-09-19 22:46:37 -     TP: 4, TN: 4
2025-09-19 22:46:37 -     FP: 1, FN: 2
2025-09-19 22:46:37 - Subject: P3_sub-030
2025-09-19 22:46:37 -   Accuracy: 68.750%
2025-09-19 22:46:37 -   Precision: 0.636
2025-09-19 22:46:37 -   Recall: 0.875
2025-09-19 22:46:37 -   F1 Score: 0.737
2025-09-19 22:46:37 -   AUC: 0.703
2025-09-19 22:46:37 -   Correct/Total: 11/16
2025-09-19 22:46:37 -   Confusion Matrix Stats:
2025-09-19 22:46:37 -     TP: 7, TN: 4
2025-09-19 22:46:37 -     FP: 4, FN: 1
2025-09-19 22:46:37 - Subject: P3_sub-031
2025-09-19 22:46:37 -   Accuracy: 69.231%
2025-09-19 22:46:37 -   Precision: 0.667
2025-09-19 22:46:37 -   Recall: 0.400
2025-09-19 22:46:37 -   F1 Score: 0.500
2025-09-19 22:46:37 -   AUC: 0.600
2025-09-19 22:46:37 -   Correct/Total: 9/13
2025-09-19 22:46:37 -   Confusion Matrix Stats:
2025-09-19 22:46:37 -     TP: 2, TN: 7
2025-09-19 22:46:37 -     FP: 1, FN: 3
2025-09-19 22:46:37 - Subject: P3_sub-032
2025-09-19 22:46:37 -   Accuracy: 50.000%
2025-09-19 22:46:37 -   Precision: 0.600
2025-09-19 22:46:37 -   Recall: 0.545
2025-09-19 22:46:37 -   F1 Score: 0.571
2025-09-19 22:46:37 -   AUC: 0.481
2025-09-19 22:46:37 -   Correct/Total: 9/18
2025-09-19 22:46:37 -   Confusion Matrix Stats:
2025-09-19 22:46:37 -     TP: 6, TN: 3
2025-09-19 22:46:37 -     FP: 4, FN: 5
2025-09-19 22:46:37 - Subject: P3_sub-033
2025-09-19 22:46:37 -   Accuracy: 57.895%
2025-09-19 22:46:37 -   Precision: 0.556
2025-09-19 22:46:37 -   Recall: 0.556
2025-09-19 22:46:37 -   F1 Score: 0.556
2025-09-19 22:46:37 -   AUC: 0.556
2025-09-19 22:46:37 -   Correct/Total: 11/19
2025-09-19 22:46:37 -   Confusion Matrix Stats:
2025-09-19 22:46:37 -     TP: 5, TN: 6
2025-09-19 22:46:37 -     FP: 4, FN: 4
2025-09-19 22:46:37 - Subject: P3_sub-034
2025-09-19 22:46:37 -   Accuracy: 94.118%
2025-09-19 22:46:37 -   Precision: 0.833
2025-09-19 22:46:37 -   Recall: 1.000
2025-09-19 22:46:37 -   F1 Score: 0.909
2025-09-19 22:46:37 -   AUC: 0.917
2025-09-19 22:46:37 -   Correct/Total: 16/17
2025-09-19 22:46:37 -   Confusion Matrix Stats:
2025-09-19 22:46:37 -     TP: 5, TN: 11
2025-09-19 22:46:37 -     FP: 1, FN: 0
2025-09-19 22:46:37 - Subject: P3_sub-035
2025-09-19 22:46:37 -   Accuracy: 67.857%
2025-09-19 22:46:37 -   Precision: 0.688
2025-09-19 22:46:37 -   Recall: 0.733
2025-09-19 22:46:37 -   F1 Score: 0.710
2025-09-19 22:46:37 -   AUC: 0.677
2025-09-19 22:46:37 -   Correct/Total: 19/28
2025-09-19 22:46:37 -   Confusion Matrix Stats:
2025-09-19 22:46:37 -     TP: 11, TN: 8
2025-09-19 22:46:37 -     FP: 5, FN: 4
2025-09-19 22:46:37 - Subject: P3_sub-036
2025-09-19 22:46:37 -   Accuracy: 72.222%
2025-09-19 22:46:37 -   Precision: 1.000
2025-09-19 22:46:37 -   Recall: 0.375
2025-09-19 22:46:37 -   F1 Score: 0.545
2025-09-19 22:46:37 -   AUC: 0.825
2025-09-19 22:46:37 -   Correct/Total: 13/18
2025-09-19 22:46:37 -   Confusion Matrix Stats:
2025-09-19 22:46:37 -     TP: 3, TN: 10
2025-09-19 22:46:37 -     FP: 0, FN: 5
2025-09-19 22:46:37 - Subject: P3_sub-037
2025-09-19 22:46:37 -   Accuracy: 72.727%
2025-09-19 22:46:37 -   Precision: 0.833
2025-09-19 22:46:37 -   Recall: 0.500
2025-09-19 22:46:37 -   F1 Score: 0.625
2025-09-19 22:46:37 -   AUC: 0.875
2025-09-19 22:46:37 -   Correct/Total: 16/22
2025-09-19 22:46:37 -   Confusion Matrix Stats:
2025-09-19 22:46:37 -     TP: 5, TN: 11
2025-09-19 22:46:37 -     FP: 1, FN: 5
2025-09-19 22:46:37 - Subject: P3_sub-038
2025-09-19 22:46:37 -   Accuracy: 73.684%
2025-09-19 22:46:37 -   Precision: 1.000
2025-09-19 22:46:37 -   Recall: 0.615
2025-09-19 22:46:37 -   F1 Score: 0.762
2025-09-19 22:46:37 -   AUC: 0.897
2025-09-19 22:46:37 -   Correct/Total: 14/19
2025-09-19 22:46:37 -   Confusion Matrix Stats:
2025-09-19 22:46:37 -     TP: 8, TN: 6
2025-09-19 22:46:37 -     FP: 0, FN: 5
2025-09-19 22:46:37 - Subject: P3_sub-039
2025-09-19 22:46:37 -   Accuracy: 50.000%
2025-09-19 22:46:37 -   Precision: 0.571
2025-09-19 22:46:37 -   Recall: 0.333
2025-09-19 22:46:37 -   F1 Score: 0.421
2025-09-19 22:46:37 -   AUC: 0.617
2025-09-19 22:46:37 -   Correct/Total: 11/22
2025-09-19 22:46:37 -   Confusion Matrix Stats:
2025-09-19 22:46:37 -     TP: 4, TN: 7
2025-09-19 22:46:37 -     FP: 3, FN: 8
2025-09-19 22:46:37 - Subject: P3_sub-040
2025-09-19 22:46:37 -   Accuracy: 65.217%
2025-09-19 22:46:37 -   Precision: 0.667
2025-09-19 22:46:37 -   Recall: 0.769
2025-09-19 22:46:37 -   F1 Score: 0.714
2025-09-19 22:46:37 -   AUC: 0.631
2025-09-19 22:46:37 -   Correct/Total: 15/23
2025-09-19 22:46:37 -   Confusion Matrix Stats:
2025-09-19 22:46:37 -     TP: 10, TN: 5
2025-09-19 22:46:37 -     FP: 5, FN: 3
2025-09-19 22:46:37 - 
Combined Model (All Subjects) Statistics:
2025-09-19 22:46:37 - 95% Confidence Interval: [0.669, 0.718]
2025-09-19 22:46:37 - Best Subject: P3_sub-034 (0.941)
2025-09-19 22:46:37 - Worst Subject: P3_sub-006 (0.385)
2025-09-19 22:46:37 - Mean Accuracy: 0.694
2025-09-19 22:46:37 - Mean Precision: 0.683
2025-09-19 22:46:37 - Mean Recall: 0.699
2025-09-19 22:46:37 - Mean F1-Score: 0.691
2025-09-19 22:46:37 - Mean AUC: 0.771
2025-09-19 22:46:37 - Mean Confusion Matrix:
2025-09-19 22:46:37 -   TP: 6, TN: 6
2025-09-19 22:46:37 -   FP: 3, FN: 3
2025-09-19 22:46:37 - 
Combined Model – P3 Subjects Statistics:
2025-09-19 22:46:37 - 95% Confidence Interval: [0.648, 0.720]
2025-09-19 22:46:37 - Best Subject: P3_sub-034 (0.941)
2025-09-19 22:46:37 - Worst Subject: P3_sub-006 (0.385)
2025-09-19 22:46:37 - Mean Accuracy: 0.681
2025-09-19 22:46:37 - Mean Precision: 0.674
2025-09-19 22:46:37 - Mean Recall: 0.688
2025-09-19 22:46:37 - Mean F1-Score: 0.681
2025-09-19 22:46:37 - Mean AUC: 0.747
2025-09-19 22:46:37 - Mean Confusion Matrix:
2025-09-19 22:46:37 -   TP: 6, TN: 6
2025-09-19 22:46:37 -   FP: 3, FN: 3
2025-09-19 22:46:37 - 
Combined Model – AVO Subjects Statistics:
2025-09-19 22:46:37 - 95% Confidence Interval: [0.669, 0.739]
2025-09-19 22:46:37 - Best Subject: AVO_032 (0.913)
2025-09-19 22:46:37 - Worst Subject: AVO_016 (0.462)
2025-09-19 22:46:37 - Mean Accuracy: 0.707
2025-09-19 22:46:37 - Mean Precision: 0.691
2025-09-19 22:46:37 - Mean Recall: 0.710
2025-09-19 22:46:37 - Mean F1-Score: 0.700
2025-09-19 22:46:37 - Mean AUC: 0.796
2025-09-19 22:46:37 - Mean Confusion Matrix:
2025-09-19 22:46:37 -   TP: 6, TN: 6
2025-09-19 22:46:37 -   FP: 3, FN: 2
