2025-09-20 12:00:47 - 
Experiment Configuration:
2025-09-20 12:00:47 - --------------------------------------------------
2025-09-20 12:00:47 - dataset: use_combined_datasets
2025-09-20 12:00:47 - use_combined_datasets: True
2025-09-20 12:00:47 - electrode_list: common
2025-09-20 12:00:47 - classifier: SepConv1D
2025-09-20 12:00:47 - separate_subject_classification: False
2025-09-20 12:00:47 - use_subject_layer: False
2025-09-20 12:00:47 - seeds: [42]
2025-09-20 12:00:47 - electrode_fusion_method: none
2025-09-20 12:00:47 - domain_adaptation_method: none
2025-09-20 12:00:47 - enable_comprehensive_evaluation: True
2025-09-20 12:00:47 - enable_domain_analysis: True
2025-09-20 12:00:47 - enable_small_sample_analysis: False
2025-09-20 12:00:47 - small_sample_sizes: [5, 10, 15, 20]
2025-09-20 12:00:47 - small_sample_subjects: [5, 10, 15]
2025-09-20 12:00:47 - --------------------------------------------------
2025-09-20 12:00:47 - 
==================================================
2025-09-20 12:00:47 - Processing Combined P3 and AVO Datasets
2025-09-20 12:00:47 - ==================================================
2025-09-20 12:00:47 - 使用传统方法（无融合）
2025-09-20 12:02:51 - 
==================================================
2025-09-20 12:02:51 - Individual Subject Results - Combined Model
2025-09-20 12:02:51 - ==================================================
2025-09-20 12:02:51 - Subject: AVO_001
2025-09-20 12:02:51 -   Accuracy: 75.000%
2025-09-20 12:02:51 -   Precision: 0.667
2025-09-20 12:02:51 -   Recall: 1.000
2025-09-20 12:02:51 -   F1 Score: 0.800
2025-09-20 12:02:51 -   AUC: 0.750
2025-09-20 12:02:51 -   Correct/Total: 6/8
2025-09-20 12:02:51 -   Confusion Matrix Stats:
2025-09-20 12:02:51 -     TP: 4, TN: 2
2025-09-20 12:02:51 -     FP: 2, FN: 0
2025-09-20 12:02:51 - Subject: AVO_002
2025-09-20 12:02:51 -   Accuracy: 62.500%
2025-09-20 12:02:51 -   Precision: 0.500
2025-09-20 12:02:51 -   Recall: 0.667
2025-09-20 12:02:51 -   F1 Score: 0.571
2025-09-20 12:02:51 -   AUC: 0.867
2025-09-20 12:02:51 -   Correct/Total: 5/8
2025-09-20 12:02:51 -   Confusion Matrix Stats:
2025-09-20 12:02:51 -     TP: 2, TN: 3
2025-09-20 12:02:51 -     FP: 2, FN: 1
2025-09-20 12:02:51 - Subject: AVO_003
2025-09-20 12:02:51 -   Accuracy: 100.000%
2025-09-20 12:02:51 -   Precision: 1.000
2025-09-20 12:02:51 -   Recall: 1.000
2025-09-20 12:02:51 -   F1 Score: 1.000
2025-09-20 12:02:51 -   AUC: 1.000
2025-09-20 12:02:51 -   Correct/Total: 10/10
2025-09-20 12:02:51 -   Confusion Matrix Stats:
2025-09-20 12:02:51 -     TP: 6, TN: 4
2025-09-20 12:02:51 -     FP: 0, FN: 0
2025-09-20 12:02:51 - Subject: AVO_004
2025-09-20 12:02:51 -   Accuracy: 72.727%
2025-09-20 12:02:51 -   Precision: 0.833
2025-09-20 12:02:51 -   Recall: 0.714
2025-09-20 12:02:51 -   F1 Score: 0.769
2025-09-20 12:02:51 -   AUC: 0.679
2025-09-20 12:02:51 -   Correct/Total: 8/11
2025-09-20 12:02:51 -   Confusion Matrix Stats:
2025-09-20 12:02:51 -     TP: 5, TN: 3
2025-09-20 12:02:51 -     FP: 1, FN: 2
2025-09-20 12:02:51 - Subject: AVO_005
2025-09-20 12:02:51 -   Accuracy: 80.000%
2025-09-20 12:02:51 -   Precision: 0.667
2025-09-20 12:02:51 -   Recall: 1.000
2025-09-20 12:02:51 -   F1 Score: 0.800
2025-09-20 12:02:51 -   AUC: 0.833
2025-09-20 12:02:51 -   Correct/Total: 4/5
2025-09-20 12:02:51 -   Confusion Matrix Stats:
2025-09-20 12:02:51 -     TP: 2, TN: 2
2025-09-20 12:02:51 -     FP: 1, FN: 0
2025-09-20 12:02:51 - Subject: AVO_006
2025-09-20 12:02:51 -   Accuracy: 33.333%
2025-09-20 12:02:51 -   Precision: 0.400
2025-09-20 12:02:51 -   Recall: 0.667
2025-09-20 12:02:51 -   F1 Score: 0.500
2025-09-20 12:02:51 -   AUC: 0.556
2025-09-20 12:02:51 -   Correct/Total: 2/6
2025-09-20 12:02:51 -   Confusion Matrix Stats:
2025-09-20 12:02:51 -     TP: 2, TN: 0
2025-09-20 12:02:51 -     FP: 3, FN: 1
2025-09-20 12:02:51 - Subject: AVO_007
2025-09-20 12:02:51 -   Accuracy: 75.000%
2025-09-20 12:02:51 -   Precision: 1.000
2025-09-20 12:02:51 -   Recall: 0.667
2025-09-20 12:02:51 -   F1 Score: 0.800
2025-09-20 12:02:51 -   AUC: 1.000
2025-09-20 12:02:51 -   Correct/Total: 3/4
2025-09-20 12:02:51 -   Confusion Matrix Stats:
2025-09-20 12:02:51 -     TP: 2, TN: 1
2025-09-20 12:02:51 -     FP: 0, FN: 1
2025-09-20 12:02:51 - Subject: AVO_008
2025-09-20 12:02:51 -   Accuracy: 50.000%
2025-09-20 12:02:51 -   Precision: 0.500
2025-09-20 12:02:51 -   Recall: 0.667
2025-09-20 12:02:51 -   F1 Score: 0.571
2025-09-20 12:02:51 -   AUC: 0.556
2025-09-20 12:02:51 -   Correct/Total: 6/12
2025-09-20 12:02:51 -   Confusion Matrix Stats:
2025-09-20 12:02:51 -     TP: 4, TN: 2
2025-09-20 12:02:51 -     FP: 4, FN: 2
2025-09-20 12:02:51 - Subject: AVO_009
2025-09-20 12:02:51 -   Accuracy: 28.571%
2025-09-20 12:02:51 -   Precision: 0.167
2025-09-20 12:02:51 -   Recall: 1.000
2025-09-20 12:02:51 -   F1 Score: 0.286
2025-09-20 12:02:51 -   AUC: 1.000
2025-09-20 12:02:51 -   Correct/Total: 2/7
2025-09-20 12:02:51 -   Confusion Matrix Stats:
2025-09-20 12:02:51 -     TP: 1, TN: 1
2025-09-20 12:02:51 -     FP: 5, FN: 0
2025-09-20 12:02:51 - Subject: AVO_010
2025-09-20 12:02:51 -   Accuracy: 100.000%
2025-09-20 12:02:51 -   Precision: 1.000
2025-09-20 12:02:51 -   Recall: 1.000
2025-09-20 12:02:51 -   F1 Score: 1.000
2025-09-20 12:02:51 -   AUC: 1.000
2025-09-20 12:02:51 -   Correct/Total: 4/4
2025-09-20 12:02:51 -   Confusion Matrix Stats:
2025-09-20 12:02:51 -     TP: 2, TN: 2
2025-09-20 12:02:51 -     FP: 0, FN: 0
2025-09-20 12:02:51 - Subject: AVO_011
2025-09-20 12:02:51 -   Accuracy: 71.429%
2025-09-20 12:02:51 -   Precision: 0.600
2025-09-20 12:02:51 -   Recall: 1.000
2025-09-20 12:02:51 -   F1 Score: 0.750
2025-09-20 12:02:51 -   AUC: 0.833
2025-09-20 12:02:51 -   Correct/Total: 5/7
2025-09-20 12:02:51 -   Confusion Matrix Stats:
2025-09-20 12:02:51 -     TP: 3, TN: 2
2025-09-20 12:02:51 -     FP: 2, FN: 0
2025-09-20 12:02:51 - Subject: AVO_012
2025-09-20 12:02:51 -   Accuracy: 62.500%
2025-09-20 12:02:51 -   Precision: 0.500
2025-09-20 12:02:51 -   Recall: 1.000
2025-09-20 12:02:51 -   F1 Score: 0.667
2025-09-20 12:02:51 -   AUC: 1.000
2025-09-20 12:02:51 -   Correct/Total: 5/8
2025-09-20 12:02:51 -   Confusion Matrix Stats:
2025-09-20 12:02:51 -     TP: 3, TN: 2
2025-09-20 12:02:51 -     FP: 3, FN: 0
2025-09-20 12:02:51 - Subject: AVO_013
2025-09-20 12:02:51 -   Accuracy: 55.556%
2025-09-20 12:02:51 -   Precision: 0.500
2025-09-20 12:02:51 -   Recall: 0.500
2025-09-20 12:02:51 -   F1 Score: 0.500
2025-09-20 12:02:51 -   AUC: 0.700
2025-09-20 12:02:51 -   Correct/Total: 5/9
2025-09-20 12:02:51 -   Confusion Matrix Stats:
2025-09-20 12:02:51 -     TP: 2, TN: 3
2025-09-20 12:02:51 -     FP: 2, FN: 2
2025-09-20 12:02:51 - Subject: AVO_014
2025-09-20 12:02:51 -   Accuracy: 40.000%
2025-09-20 12:02:51 -   Precision: 0.400
2025-09-20 12:02:51 -   Recall: 1.000
2025-09-20 12:02:51 -   F1 Score: 0.571
2025-09-20 12:02:51 -   AUC: 0.500
2025-09-20 12:02:51 -   Correct/Total: 2/5
2025-09-20 12:02:51 -   Confusion Matrix Stats:
2025-09-20 12:02:51 -     TP: 2, TN: 0
2025-09-20 12:02:51 -     FP: 3, FN: 0
2025-09-20 12:02:51 - Subject: AVO_015
2025-09-20 12:02:51 -   Accuracy: 0.000%
2025-09-20 12:02:51 -   Precision: 0.000
2025-09-20 12:02:51 -   Recall: 0.000
2025-09-20 12:02:51 -   F1 Score: 0.000
2025-09-20 12:02:51 -   AUC: 0.000
2025-09-20 12:02:51 -   Correct/Total: 0/2
2025-09-20 12:02:51 -   Confusion Matrix Stats:
2025-09-20 12:02:51 -     TP: 0, TN: 0
2025-09-20 12:02:51 -     FP: 1, FN: 1
2025-09-20 12:02:51 - Subject: AVO_016
2025-09-20 12:02:51 -   Accuracy: 25.000%
2025-09-20 12:02:51 -   Precision: 0.500
2025-09-20 12:02:51 -   Recall: 0.333
2025-09-20 12:02:51 -   F1 Score: 0.400
2025-09-20 12:02:51 -   AUC: 0.000
2025-09-20 12:02:51 -   Correct/Total: 1/4
2025-09-20 12:02:51 -   Confusion Matrix Stats:
2025-09-20 12:02:51 -     TP: 1, TN: 0
2025-09-20 12:02:51 -     FP: 1, FN: 2
2025-09-20 12:02:51 - Subject: AVO_017
2025-09-20 12:02:51 -   Accuracy: 80.000%
2025-09-20 12:02:51 -   Precision: 0.667
2025-09-20 12:02:51 -   Recall: 1.000
2025-09-20 12:02:51 -   F1 Score: 0.800
2025-09-20 12:02:51 -   AUC: 0.833
2025-09-20 12:02:51 -   Correct/Total: 4/5
2025-09-20 12:02:51 -   Confusion Matrix Stats:
2025-09-20 12:02:51 -     TP: 2, TN: 2
2025-09-20 12:02:51 -     FP: 1, FN: 0
2025-09-20 12:02:51 - Subject: AVO_018
2025-09-20 12:02:51 -   Accuracy: 100.000%
2025-09-20 12:02:51 -   Precision: 1.000
2025-09-20 12:02:51 -   Recall: 1.000
2025-09-20 12:02:51 -   F1 Score: 1.000
2025-09-20 12:02:51 -   AUC: 1.000
2025-09-20 12:02:51 -   Correct/Total: 2/2
2025-09-20 12:02:51 -   Confusion Matrix Stats:
2025-09-20 12:02:51 -     TP: 1, TN: 1
2025-09-20 12:02:51 -     FP: 0, FN: 0
2025-09-20 12:02:51 - Subject: AVO_019
2025-09-20 12:02:51 -   Accuracy: 70.000%
2025-09-20 12:02:51 -   Precision: 0.500
2025-09-20 12:02:51 -   Recall: 0.667
2025-09-20 12:02:51 -   F1 Score: 0.571
2025-09-20 12:02:51 -   AUC: 0.810
2025-09-20 12:02:51 -   Correct/Total: 7/10
2025-09-20 12:02:51 -   Confusion Matrix Stats:
2025-09-20 12:02:51 -     TP: 2, TN: 5
2025-09-20 12:02:51 -     FP: 2, FN: 1
2025-09-20 12:02:51 - Subject: AVO_020
2025-09-20 12:02:51 -   Accuracy: 66.667%
2025-09-20 12:02:51 -   Precision: 0.667
2025-09-20 12:02:51 -   Recall: 0.667
2025-09-20 12:02:51 -   F1 Score: 0.667
2025-09-20 12:02:51 -   AUC: 0.667
2025-09-20 12:02:51 -   Correct/Total: 4/6
2025-09-20 12:02:51 -   Confusion Matrix Stats:
2025-09-20 12:02:51 -     TP: 2, TN: 2
2025-09-20 12:02:51 -     FP: 1, FN: 1
2025-09-20 12:02:51 - Subject: AVO_021
2025-09-20 12:02:51 -   Accuracy: 50.000%
2025-09-20 12:02:51 -   Precision: 0.429
2025-09-20 12:02:51 -   Recall: 1.000
2025-09-20 12:02:51 -   F1 Score: 0.600
2025-09-20 12:02:51 -   AUC: 0.667
2025-09-20 12:02:51 -   Correct/Total: 4/8
2025-09-20 12:02:51 -   Confusion Matrix Stats:
2025-09-20 12:02:51 -     TP: 3, TN: 1
2025-09-20 12:02:51 -     FP: 4, FN: 0
2025-09-20 12:02:51 - Subject: AVO_022
2025-09-20 12:02:51 -   Accuracy: 28.571%
2025-09-20 12:02:51 -   Precision: 0.167
2025-09-20 12:02:51 -   Recall: 1.000
2025-09-20 12:02:51 -   F1 Score: 0.286
2025-09-20 12:02:51 -   AUC: 0.167
2025-09-20 12:02:51 -   Correct/Total: 2/7
2025-09-20 12:02:51 -   Confusion Matrix Stats:
2025-09-20 12:02:51 -     TP: 1, TN: 1
2025-09-20 12:02:51 -     FP: 5, FN: 0
2025-09-20 12:02:51 - Subject: AVO_023
2025-09-20 12:02:51 -   Accuracy: 87.500%
2025-09-20 12:02:51 -   Precision: 0.857
2025-09-20 12:02:51 -   Recall: 1.000
2025-09-20 12:02:51 -   F1 Score: 0.923
2025-09-20 12:02:51 -   AUC: 0.583
2025-09-20 12:02:51 -   Correct/Total: 7/8
2025-09-20 12:02:51 -   Confusion Matrix Stats:
2025-09-20 12:02:51 -     TP: 6, TN: 1
2025-09-20 12:02:51 -     FP: 1, FN: 0
2025-09-20 12:02:51 - Subject: AVO_024
2025-09-20 12:02:51 -   Accuracy: 37.500%
2025-09-20 12:02:51 -   Precision: 0.286
2025-09-20 12:02:51 -   Recall: 1.000
2025-09-20 12:02:51 -   F1 Score: 0.444
2025-09-20 12:02:51 -   AUC: 0.667
2025-09-20 12:02:51 -   Correct/Total: 3/8
2025-09-20 12:02:51 -   Confusion Matrix Stats:
2025-09-20 12:02:51 -     TP: 2, TN: 1
2025-09-20 12:02:51 -     FP: 5, FN: 0
2025-09-20 12:02:51 - Subject: AVO_025
2025-09-20 12:02:51 -   Accuracy: 14.286%
2025-09-20 12:02:51 -   Precision: 0.000
2025-09-20 12:02:51 -   Recall: 0.000
2025-09-20 12:02:51 -   F1 Score: 0.000
2025-09-20 12:02:51 -   AUC: 0.250
2025-09-20 12:02:51 -   Correct/Total: 1/7
2025-09-20 12:02:51 -   Confusion Matrix Stats:
2025-09-20 12:02:51 -     TP: 0, TN: 1
2025-09-20 12:02:51 -     FP: 3, FN: 3
2025-09-20 12:02:51 - Subject: AVO_026
2025-09-20 12:02:51 -   Accuracy: 85.714%
2025-09-20 12:02:51 -   Precision: 0.750
2025-09-20 12:02:51 -   Recall: 1.000
2025-09-20 12:02:51 -   F1 Score: 0.857
2025-09-20 12:02:51 -   AUC: 1.000
2025-09-20 12:02:51 -   Correct/Total: 6/7
2025-09-20 12:02:51 -   Confusion Matrix Stats:
2025-09-20 12:02:51 -     TP: 3, TN: 3
2025-09-20 12:02:51 -     FP: 1, FN: 0
2025-09-20 12:02:51 - Subject: AVO_027
2025-09-20 12:02:51 -   Accuracy: 66.667%
2025-09-20 12:02:51 -   Precision: 0.600
2025-09-20 12:02:51 -   Recall: 1.000
2025-09-20 12:02:51 -   F1 Score: 0.750
2025-09-20 12:02:51 -   AUC: 0.889
2025-09-20 12:02:51 -   Correct/Total: 4/6
2025-09-20 12:02:51 -   Confusion Matrix Stats:
2025-09-20 12:02:51 -     TP: 3, TN: 1
2025-09-20 12:02:51 -     FP: 2, FN: 0
2025-09-20 12:02:51 - Subject: AVO_028
2025-09-20 12:02:51 -   Accuracy: 75.000%
2025-09-20 12:02:51 -   Precision: 0.600
2025-09-20 12:02:51 -   Recall: 1.000
2025-09-20 12:02:51 -   F1 Score: 0.750
2025-09-20 12:02:51 -   AUC: 1.000
2025-09-20 12:02:51 -   Correct/Total: 6/8
2025-09-20 12:02:51 -   Confusion Matrix Stats:
2025-09-20 12:02:51 -     TP: 3, TN: 3
2025-09-20 12:02:51 -     FP: 2, FN: 0
2025-09-20 12:02:51 - Subject: AVO_029
2025-09-20 12:02:51 -   Accuracy: 64.286%
2025-09-20 12:02:51 -   Precision: 1.000
2025-09-20 12:02:51 -   Recall: 0.444
2025-09-20 12:02:51 -   F1 Score: 0.615
2025-09-20 12:02:51 -   AUC: 0.800
2025-09-20 12:02:51 -   Correct/Total: 9/14
2025-09-20 12:02:51 -   Confusion Matrix Stats:
2025-09-20 12:02:51 -     TP: 4, TN: 5
2025-09-20 12:02:51 -     FP: 0, FN: 5
2025-09-20 12:02:51 - Subject: AVO_030
2025-09-20 12:02:51 -   Accuracy: 85.714%
2025-09-20 12:02:51 -   Precision: 0.833
2025-09-20 12:02:51 -   Recall: 1.000
2025-09-20 12:02:51 -   F1 Score: 0.909
2025-09-20 12:02:51 -   AUC: 0.700
2025-09-20 12:02:51 -   Correct/Total: 6/7
2025-09-20 12:02:51 -   Confusion Matrix Stats:
2025-09-20 12:02:51 -     TP: 5, TN: 1
2025-09-20 12:02:51 -     FP: 1, FN: 0
2025-09-20 12:02:51 - Subject: AVO_031
2025-09-20 12:02:51 -   Accuracy: 87.500%
2025-09-20 12:02:51 -   Precision: 0.833
2025-09-20 12:02:51 -   Recall: 1.000
2025-09-20 12:02:51 -   F1 Score: 0.909
2025-09-20 12:02:51 -   AUC: 0.933
2025-09-20 12:02:51 -   Correct/Total: 7/8
2025-09-20 12:02:51 -   Confusion Matrix Stats:
2025-09-20 12:02:51 -     TP: 5, TN: 2
2025-09-20 12:02:51 -     FP: 1, FN: 0
2025-09-20 12:02:51 - Subject: AVO_032
2025-09-20 12:02:51 -   Accuracy: 70.000%
2025-09-20 12:02:51 -   Precision: 0.500
2025-09-20 12:02:51 -   Recall: 1.000
2025-09-20 12:02:51 -   F1 Score: 0.667
2025-09-20 12:02:51 -   AUC: 1.000
2025-09-20 12:02:51 -   Correct/Total: 7/10
2025-09-20 12:02:51 -   Confusion Matrix Stats:
2025-09-20 12:02:51 -     TP: 3, TN: 4
2025-09-20 12:02:51 -     FP: 3, FN: 0
2025-09-20 12:02:51 - Subject: AVO_033
2025-09-20 12:02:51 -   Accuracy: 90.909%
2025-09-20 12:02:51 -   Precision: 0.800
2025-09-20 12:02:51 -   Recall: 1.000
2025-09-20 12:02:51 -   F1 Score: 0.889
2025-09-20 12:02:51 -   AUC: 1.000
2025-09-20 12:02:51 -   Correct/Total: 10/11
2025-09-20 12:02:51 -   Confusion Matrix Stats:
2025-09-20 12:02:51 -     TP: 4, TN: 6
2025-09-20 12:02:51 -     FP: 1, FN: 0
2025-09-20 12:02:51 - Subject: AVO_034
2025-09-20 12:02:51 -   Accuracy: 71.429%
2025-09-20 12:02:51 -   Precision: 0.500
2025-09-20 12:02:51 -   Recall: 1.000
2025-09-20 12:02:51 -   F1 Score: 0.667
2025-09-20 12:02:51 -   AUC: 1.000
2025-09-20 12:02:51 -   Correct/Total: 5/7
2025-09-20 12:02:51 -   Confusion Matrix Stats:
2025-09-20 12:02:51 -     TP: 2, TN: 3
2025-09-20 12:02:51 -     FP: 2, FN: 0
2025-09-20 12:02:51 - Subject: AVO_035
2025-09-20 12:02:51 -   Accuracy: 50.000%
2025-09-20 12:02:51 -   Precision: 0.500
2025-09-20 12:02:51 -   Recall: 0.400
2025-09-20 12:02:51 -   F1 Score: 0.444
2025-09-20 12:02:51 -   AUC: 0.640
2025-09-20 12:02:51 -   Correct/Total: 5/10
2025-09-20 12:02:51 -   Confusion Matrix Stats:
2025-09-20 12:02:51 -     TP: 2, TN: 3
2025-09-20 12:02:51 -     FP: 2, FN: 3
2025-09-20 12:02:51 - Subject: AVO_036
2025-09-20 12:02:51 -   Accuracy: 80.000%
2025-09-20 12:02:51 -   Precision: 0.800
2025-09-20 12:02:51 -   Recall: 0.800
2025-09-20 12:02:51 -   F1 Score: 0.800
2025-09-20 12:02:51 -   AUC: 0.840
2025-09-20 12:02:51 -   Correct/Total: 8/10
2025-09-20 12:02:51 -   Confusion Matrix Stats:
2025-09-20 12:02:51 -     TP: 4, TN: 4
2025-09-20 12:02:51 -     FP: 1, FN: 1
2025-09-20 12:02:51 - Subject: AVO_037
2025-09-20 12:02:51 -   Accuracy: 71.429%
2025-09-20 12:02:51 -   Precision: 0.667
2025-09-20 12:02:51 -   Recall: 0.667
2025-09-20 12:02:51 -   F1 Score: 0.667
2025-09-20 12:02:51 -   AUC: 0.833
2025-09-20 12:02:51 -   Correct/Total: 5/7
2025-09-20 12:02:51 -   Confusion Matrix Stats:
2025-09-20 12:02:51 -     TP: 2, TN: 3
2025-09-20 12:02:51 -     FP: 1, FN: 1
2025-09-20 12:02:51 - Subject: AVO_038
2025-09-20 12:02:51 -   Accuracy: 75.000%
2025-09-20 12:02:51 -   Precision: 0.750
2025-09-20 12:02:51 -   Recall: 1.000
2025-09-20 12:02:51 -   F1 Score: 0.857
2025-09-20 12:02:51 -   AUC: 0.500
2025-09-20 12:02:51 -   Correct/Total: 6/8
2025-09-20 12:02:51 -   Confusion Matrix Stats:
2025-09-20 12:02:51 -     TP: 6, TN: 0
2025-09-20 12:02:51 -     FP: 2, FN: 0
2025-09-20 12:02:51 - Subject: AVO_039
2025-09-20 12:02:51 -   Accuracy: 85.714%
2025-09-20 12:02:51 -   Precision: 1.000
2025-09-20 12:02:51 -   Recall: 0.750
2025-09-20 12:02:51 -   F1 Score: 0.857
2025-09-20 12:02:51 -   AUC: 0.750
2025-09-20 12:02:51 -   Correct/Total: 6/7
2025-09-20 12:02:51 -   Confusion Matrix Stats:
2025-09-20 12:02:51 -     TP: 3, TN: 3
2025-09-20 12:02:51 -     FP: 0, FN: 1
2025-09-20 12:02:51 - Subject: AVO_040
2025-09-20 12:02:51 -   Accuracy: 80.000%
2025-09-20 12:02:51 -   Precision: 0.750
2025-09-20 12:02:51 -   Recall: 1.000
2025-09-20 12:02:51 -   F1 Score: 0.857
2025-09-20 12:02:51 -   AUC: 0.889
2025-09-20 12:02:51 -   Correct/Total: 12/15
2025-09-20 12:02:51 -   Confusion Matrix Stats:
2025-09-20 12:02:51 -     TP: 9, TN: 3
2025-09-20 12:02:51 -     FP: 3, FN: 0
2025-09-20 12:02:51 - Subject: P3_sub-001
2025-09-20 12:02:51 -   Accuracy: 75.000%
2025-09-20 12:02:51 -   Precision: 0.750
2025-09-20 12:02:51 -   Recall: 1.000
2025-09-20 12:02:51 -   F1 Score: 0.857
2025-09-20 12:02:51 -   AUC: 0.333
2025-09-20 12:02:51 -   Correct/Total: 3/4
2025-09-20 12:02:51 -   Confusion Matrix Stats:
2025-09-20 12:02:51 -     TP: 3, TN: 0
2025-09-20 12:02:51 -     FP: 1, FN: 0
2025-09-20 12:02:51 - Subject: P3_sub-002
2025-09-20 12:02:51 -   Accuracy: 55.556%
2025-09-20 12:02:51 -   Precision: 0.500
2025-09-20 12:02:51 -   Recall: 1.000
2025-09-20 12:02:51 -   F1 Score: 0.667
2025-09-20 12:02:51 -   AUC: 0.950
2025-09-20 12:02:51 -   Correct/Total: 5/9
2025-09-20 12:02:51 -   Confusion Matrix Stats:
2025-09-20 12:02:51 -     TP: 4, TN: 1
2025-09-20 12:02:51 -     FP: 4, FN: 0
2025-09-20 12:02:51 - Subject: P3_sub-003
2025-09-20 12:02:51 -   Accuracy: 66.667%
2025-09-20 12:02:51 -   Precision: 0.625
2025-09-20 12:02:51 -   Recall: 1.000
2025-09-20 12:02:51 -   F1 Score: 0.769
2025-09-20 12:02:51 -   AUC: 0.900
2025-09-20 12:02:51 -   Correct/Total: 6/9
2025-09-20 12:02:51 -   Confusion Matrix Stats:
2025-09-20 12:02:51 -     TP: 5, TN: 1
2025-09-20 12:02:51 -     FP: 3, FN: 0
2025-09-20 12:02:51 - Subject: P3_sub-004
2025-09-20 12:02:51 -   Accuracy: 75.000%
2025-09-20 12:02:51 -   Precision: 0.750
2025-09-20 12:02:51 -   Recall: 1.000
2025-09-20 12:02:51 -   F1 Score: 0.857
2025-09-20 12:02:51 -   AUC: 1.000
2025-09-20 12:02:51 -   Correct/Total: 3/4
2025-09-20 12:02:51 -   Confusion Matrix Stats:
2025-09-20 12:02:51 -     TP: 3, TN: 0
2025-09-20 12:02:51 -     FP: 1, FN: 0
2025-09-20 12:02:51 - Subject: P3_sub-005
2025-09-20 12:02:51 -   Accuracy: 60.000%
2025-09-20 12:02:51 -   Precision: 0.500
2025-09-20 12:02:51 -   Recall: 0.500
2025-09-20 12:02:51 -   F1 Score: 0.500
2025-09-20 12:02:51 -   AUC: 0.500
2025-09-20 12:02:51 -   Correct/Total: 3/5
2025-09-20 12:02:51 -   Confusion Matrix Stats:
2025-09-20 12:02:51 -     TP: 1, TN: 2
2025-09-20 12:02:51 -     FP: 1, FN: 1
2025-09-20 12:02:51 - Subject: P3_sub-006
2025-09-20 12:02:51 -   Accuracy: 25.000%
2025-09-20 12:02:51 -   Precision: 0.000
2025-09-20 12:02:51 -   Recall: 0.000
2025-09-20 12:02:51 -   F1 Score: 0.000
2025-09-20 12:02:51 -   AUC: 0.250
2025-09-20 12:02:51 -   Correct/Total: 1/4
2025-09-20 12:02:51 -   Confusion Matrix Stats:
2025-09-20 12:02:51 -     TP: 0, TN: 1
2025-09-20 12:02:51 -     FP: 1, FN: 2
2025-09-20 12:02:51 - Subject: P3_sub-007
2025-09-20 12:02:51 -   Accuracy: 50.000%
2025-09-20 12:02:51 -   Precision: 0.600
2025-09-20 12:02:51 -   Recall: 0.750
2025-09-20 12:02:51 -   F1 Score: 0.667
2025-09-20 12:02:51 -   AUC: 0.625
2025-09-20 12:02:51 -   Correct/Total: 3/6
2025-09-20 12:02:51 -   Confusion Matrix Stats:
2025-09-20 12:02:51 -     TP: 3, TN: 0
2025-09-20 12:02:51 -     FP: 2, FN: 1
2025-09-20 12:02:51 - Subject: P3_sub-008
2025-09-20 12:02:51 -   Accuracy: 46.154%
2025-09-20 12:02:51 -   Precision: 0.500
2025-09-20 12:02:51 -   Recall: 0.571
2025-09-20 12:02:51 -   F1 Score: 0.533
2025-09-20 12:02:51 -   AUC: 0.452
2025-09-20 12:02:51 -   Correct/Total: 6/13
2025-09-20 12:02:51 -   Confusion Matrix Stats:
2025-09-20 12:02:51 -     TP: 4, TN: 2
2025-09-20 12:02:51 -     FP: 4, FN: 3
2025-09-20 12:02:51 - Subject: P3_sub-009
2025-09-20 12:02:51 -   Accuracy: 50.000%
2025-09-20 12:02:51 -   Precision: 0.500
2025-09-20 12:02:51 -   Recall: 0.500
2025-09-20 12:02:51 -   F1 Score: 0.500
2025-09-20 12:02:51 -   AUC: 0.562
2025-09-20 12:02:51 -   Correct/Total: 4/8
2025-09-20 12:02:51 -   Confusion Matrix Stats:
2025-09-20 12:02:51 -     TP: 2, TN: 2
2025-09-20 12:02:51 -     FP: 2, FN: 2
2025-09-20 12:02:51 - Subject: P3_sub-010
2025-09-20 12:02:51 -   Accuracy: 85.714%
2025-09-20 12:02:51 -   Precision: 0.750
2025-09-20 12:02:51 -   Recall: 1.000
2025-09-20 12:02:51 -   F1 Score: 0.857
2025-09-20 12:02:51 -   AUC: 0.833
2025-09-20 12:02:51 -   Correct/Total: 6/7
2025-09-20 12:02:51 -   Confusion Matrix Stats:
2025-09-20 12:02:51 -     TP: 3, TN: 3
2025-09-20 12:02:51 -     FP: 1, FN: 0
2025-09-20 12:02:51 - Subject: P3_sub-011
2025-09-20 12:02:51 -   Accuracy: 45.455%
2025-09-20 12:02:51 -   Precision: 0.400
2025-09-20 12:02:51 -   Recall: 1.000
2025-09-20 12:02:51 -   F1 Score: 0.571
2025-09-20 12:02:51 -   AUC: 0.643
2025-09-20 12:02:51 -   Correct/Total: 5/11
2025-09-20 12:02:51 -   Confusion Matrix Stats:
2025-09-20 12:02:51 -     TP: 4, TN: 1
2025-09-20 12:02:51 -     FP: 6, FN: 0
2025-09-20 12:02:51 - Subject: P3_sub-012
2025-09-20 12:02:51 -   Accuracy: 100.000%
2025-09-20 12:02:51 -   Precision: 1.000
2025-09-20 12:02:51 -   Recall: 1.000
2025-09-20 12:02:51 -   F1 Score: 1.000
2025-09-20 12:02:51 -   AUC: 1.000
2025-09-20 12:02:51 -   Correct/Total: 3/3
2025-09-20 12:02:51 -   Confusion Matrix Stats:
2025-09-20 12:02:51 -     TP: 2, TN: 1
2025-09-20 12:02:51 -     FP: 0, FN: 0
2025-09-20 12:02:51 - Subject: P3_sub-013
2025-09-20 12:02:51 -   Accuracy: 75.000%
2025-09-20 12:02:51 -   Precision: 0.750
2025-09-20 12:02:51 -   Recall: 0.857
2025-09-20 12:02:51 -   F1 Score: 0.800
2025-09-20 12:02:51 -   AUC: 0.829
2025-09-20 12:02:51 -   Correct/Total: 9/12
2025-09-20 12:02:51 -   Confusion Matrix Stats:
2025-09-20 12:02:51 -     TP: 6, TN: 3
2025-09-20 12:02:51 -     FP: 2, FN: 1
2025-09-20 12:02:51 - Subject: P3_sub-014
2025-09-20 12:02:51 -   Accuracy: 55.556%
2025-09-20 12:02:51 -   Precision: 0.625
2025-09-20 12:02:51 -   Recall: 0.833
2025-09-20 12:02:51 -   F1 Score: 0.714
2025-09-20 12:02:51 -   AUC: 0.722
2025-09-20 12:02:51 -   Correct/Total: 5/9
2025-09-20 12:02:51 -   Confusion Matrix Stats:
2025-09-20 12:02:51 -     TP: 5, TN: 0
2025-09-20 12:02:51 -     FP: 3, FN: 1
2025-09-20 12:02:51 - Subject: P3_sub-015
2025-09-20 12:02:51 -   Accuracy: 70.000%
2025-09-20 12:02:51 -   Precision: 0.667
2025-09-20 12:02:51 -   Recall: 1.000
2025-09-20 12:02:51 -   F1 Score: 0.800
2025-09-20 12:02:51 -   AUC: 1.000
2025-09-20 12:02:51 -   Correct/Total: 7/10
2025-09-20 12:02:51 -   Confusion Matrix Stats:
2025-09-20 12:02:51 -     TP: 6, TN: 1
2025-09-20 12:02:51 -     FP: 3, FN: 0
2025-09-20 12:02:51 - Subject: P3_sub-016
2025-09-20 12:02:51 -   Accuracy: 25.000%
2025-09-20 12:02:51 -   Precision: 0.250
2025-09-20 12:02:51 -   Recall: 1.000
2025-09-20 12:02:51 -   F1 Score: 0.400
2025-09-20 12:02:51 -   AUC: 1.000
2025-09-20 12:02:51 -   Correct/Total: 1/4
2025-09-20 12:02:51 -   Confusion Matrix Stats:
2025-09-20 12:02:51 -     TP: 1, TN: 0
2025-09-20 12:02:51 -     FP: 3, FN: 0
2025-09-20 12:02:51 - Subject: P3_sub-017
2025-09-20 12:02:51 -   Accuracy: 60.000%
2025-09-20 12:02:51 -   Precision: 1.000
2025-09-20 12:02:51 -   Recall: 0.500
2025-09-20 12:02:51 -   F1 Score: 0.667
2025-09-20 12:02:51 -   AUC: 1.000
2025-09-20 12:02:51 -   Correct/Total: 3/5
2025-09-20 12:02:51 -   Confusion Matrix Stats:
2025-09-20 12:02:51 -     TP: 2, TN: 1
2025-09-20 12:02:51 -     FP: 0, FN: 2
2025-09-20 12:02:51 - Subject: P3_sub-018
2025-09-20 12:02:51 -   Accuracy: 75.000%
2025-09-20 12:02:51 -   Precision: 0.750
2025-09-20 12:02:51 -   Recall: 1.000
2025-09-20 12:02:51 -   F1 Score: 0.857
2025-09-20 12:02:51 -   AUC: 1.000
2025-09-20 12:02:51 -   Correct/Total: 3/4
2025-09-20 12:02:51 -   Confusion Matrix Stats:
2025-09-20 12:02:51 -     TP: 3, TN: 0
2025-09-20 12:02:51 -     FP: 1, FN: 0
2025-09-20 12:02:51 - Subject: P3_sub-019
2025-09-20 12:02:51 -   Accuracy: 50.000%
2025-09-20 12:02:51 -   Precision: 0.400
2025-09-20 12:02:51 -   Recall: 1.000
2025-09-20 12:02:51 -   F1 Score: 0.571
2025-09-20 12:02:51 -   AUC: 0.500
2025-09-20 12:02:51 -   Correct/Total: 3/6
2025-09-20 12:02:51 -   Confusion Matrix Stats:
2025-09-20 12:02:51 -     TP: 2, TN: 1
2025-09-20 12:02:51 -     FP: 3, FN: 0
2025-09-20 12:02:51 - Subject: P3_sub-020
2025-09-20 12:02:51 -   Accuracy: 75.000%
2025-09-20 12:02:51 -   Precision: 0.667
2025-09-20 12:02:51 -   Recall: 1.000
2025-09-20 12:02:51 -   F1 Score: 0.800
2025-09-20 12:02:51 -   AUC: 0.938
2025-09-20 12:02:51 -   Correct/Total: 6/8
2025-09-20 12:02:51 -   Confusion Matrix Stats:
2025-09-20 12:02:51 -     TP: 4, TN: 2
2025-09-20 12:02:51 -     FP: 2, FN: 0
2025-09-20 12:02:51 - Subject: P3_sub-021
2025-09-20 12:02:51 -   Accuracy: 62.500%
2025-09-20 12:02:51 -   Precision: 0.500
2025-09-20 12:02:51 -   Recall: 0.667
2025-09-20 12:02:51 -   F1 Score: 0.571
2025-09-20 12:02:51 -   AUC: 0.667
2025-09-20 12:02:51 -   Correct/Total: 5/8
2025-09-20 12:02:51 -   Confusion Matrix Stats:
2025-09-20 12:02:51 -     TP: 2, TN: 3
2025-09-20 12:02:51 -     FP: 2, FN: 1
2025-09-20 12:02:51 - Subject: P3_sub-022
2025-09-20 12:02:51 -   Accuracy: 61.538%
2025-09-20 12:02:51 -   Precision: 0.667
2025-09-20 12:02:51 -   Recall: 0.889
2025-09-20 12:02:51 -   F1 Score: 0.762
2025-09-20 12:02:51 -   AUC: 0.556
2025-09-20 12:02:51 -   Correct/Total: 8/13
2025-09-20 12:02:51 -   Confusion Matrix Stats:
2025-09-20 12:02:51 -     TP: 8, TN: 0
2025-09-20 12:02:51 -     FP: 4, FN: 1
2025-09-20 12:02:51 - Subject: P3_sub-023
2025-09-20 12:02:51 -   Accuracy: 83.333%
2025-09-20 12:02:51 -   Precision: 0.000
2025-09-20 12:02:51 -   Recall: 0.000
2025-09-20 12:02:51 -   F1 Score: 0.000
2025-09-20 12:02:51 -   AUC: 1.000
2025-09-20 12:02:51 -   Correct/Total: 5/6
2025-09-20 12:02:51 -   Confusion Matrix Stats:
2025-09-20 12:02:51 -     TP: 0, TN: 5
2025-09-20 12:02:51 -     FP: 0, FN: 1
2025-09-20 12:02:51 - Subject: P3_sub-024
2025-09-20 12:02:51 -   Accuracy: 80.000%
2025-09-20 12:02:51 -   Precision: 1.000
2025-09-20 12:02:51 -   Recall: 0.667
2025-09-20 12:02:51 -   F1 Score: 0.800
2025-09-20 12:02:51 -   AUC: 0.833
2025-09-20 12:02:51 -   Correct/Total: 4/5
2025-09-20 12:02:51 -   Confusion Matrix Stats:
2025-09-20 12:02:51 -     TP: 2, TN: 2
2025-09-20 12:02:51 -     FP: 0, FN: 1
2025-09-20 12:02:51 - Subject: P3_sub-025
2025-09-20 12:02:51 -   Accuracy: 71.429%
2025-09-20 12:02:51 -   Precision: 0.500
2025-09-20 12:02:51 -   Recall: 1.000
2025-09-20 12:02:51 -   F1 Score: 0.667
2025-09-20 12:02:51 -   AUC: 1.000
2025-09-20 12:02:51 -   Correct/Total: 5/7
2025-09-20 12:02:51 -   Confusion Matrix Stats:
2025-09-20 12:02:51 -     TP: 2, TN: 3
2025-09-20 12:02:51 -     FP: 2, FN: 0
2025-09-20 12:02:51 - Subject: P3_sub-026
2025-09-20 12:02:51 -   Accuracy: 45.455%
2025-09-20 12:02:51 -   Precision: 0.250
2025-09-20 12:02:51 -   Recall: 1.000
2025-09-20 12:02:51 -   F1 Score: 0.400
2025-09-20 12:02:51 -   AUC: 0.667
2025-09-20 12:02:51 -   Correct/Total: 5/11
2025-09-20 12:02:51 -   Confusion Matrix Stats:
2025-09-20 12:02:51 -     TP: 2, TN: 3
2025-09-20 12:02:51 -     FP: 6, FN: 0
2025-09-20 12:02:51 - Subject: P3_sub-027
2025-09-20 12:02:51 -   Accuracy: 100.000%
2025-09-20 12:02:51 -   Precision: 1.000
2025-09-20 12:02:51 -   Recall: 1.000
2025-09-20 12:02:51 -   F1 Score: 1.000
2025-09-20 12:02:51 -   AUC: 1.000
2025-09-20 12:02:51 -   Correct/Total: 3/3
2025-09-20 12:02:51 -   Confusion Matrix Stats:
2025-09-20 12:02:51 -     TP: 1, TN: 2
2025-09-20 12:02:51 -     FP: 0, FN: 0
2025-09-20 12:02:51 - Subject: P3_sub-028
2025-09-20 12:02:51 -   Accuracy: 75.000%
2025-09-20 12:02:51 -   Precision: 1.000
2025-09-20 12:02:51 -   Recall: 0.500
2025-09-20 12:02:51 -   F1 Score: 0.667
2025-09-20 12:02:51 -   AUC: 0.750
2025-09-20 12:02:51 -   Correct/Total: 3/4
2025-09-20 12:02:51 -   Confusion Matrix Stats:
2025-09-20 12:02:51 -     TP: 1, TN: 2
2025-09-20 12:02:51 -     FP: 0, FN: 1
2025-09-20 12:02:51 - Subject: P3_sub-029
2025-09-20 12:02:51 -   Accuracy: 100.000%
2025-09-20 12:02:51 -   Precision: 1.000
2025-09-20 12:02:51 -   Recall: 1.000
2025-09-20 12:02:51 -   F1 Score: 1.000
2025-09-20 12:02:51 -   AUC: 1.000
2025-09-20 12:02:51 -   Correct/Total: 6/6
2025-09-20 12:02:51 -   Confusion Matrix Stats:
2025-09-20 12:02:51 -     TP: 3, TN: 3
2025-09-20 12:02:51 -     FP: 0, FN: 0
2025-09-20 12:02:51 - Subject: P3_sub-030
2025-09-20 12:02:51 -   Accuracy: 83.333%
2025-09-20 12:02:51 -   Precision: 0.667
2025-09-20 12:02:51 -   Recall: 1.000
2025-09-20 12:02:51 -   F1 Score: 0.800
2025-09-20 12:02:51 -   AUC: 1.000
2025-09-20 12:02:51 -   Correct/Total: 5/6
2025-09-20 12:02:51 -   Confusion Matrix Stats:
2025-09-20 12:02:51 -     TP: 2, TN: 3
2025-09-20 12:02:51 -     FP: 1, FN: 0
2025-09-20 12:02:51 - Subject: P3_sub-031
2025-09-20 12:02:51 -   Accuracy: 33.333%
2025-09-20 12:02:51 -   Precision: 0.200
2025-09-20 12:02:51 -   Recall: 1.000
2025-09-20 12:02:51 -   F1 Score: 0.333
2025-09-20 12:02:51 -   AUC: 0.600
2025-09-20 12:02:51 -   Correct/Total: 2/6
2025-09-20 12:02:51 -   Confusion Matrix Stats:
2025-09-20 12:02:51 -     TP: 1, TN: 1
2025-09-20 12:02:51 -     FP: 4, FN: 0
2025-09-20 12:02:51 - Subject: P3_sub-032
2025-09-20 12:02:51 -   Accuracy: 60.000%
2025-09-20 12:02:51 -   Precision: 0.667
2025-09-20 12:02:51 -   Recall: 0.857
2025-09-20 12:02:51 -   F1 Score: 0.750
2025-09-20 12:02:51 -   AUC: 0.810
2025-09-20 12:02:51 -   Correct/Total: 6/10
2025-09-20 12:02:51 -   Confusion Matrix Stats:
2025-09-20 12:02:51 -     TP: 6, TN: 0
2025-09-20 12:02:51 -     FP: 3, FN: 1
2025-09-20 12:02:51 - Subject: P3_sub-033
2025-09-20 12:02:51 -   Accuracy: 44.444%
2025-09-20 12:02:51 -   Precision: 0.500
2025-09-20 12:02:51 -   Recall: 0.600
2025-09-20 12:02:51 -   F1 Score: 0.545
2025-09-20 12:02:51 -   AUC: 0.550
2025-09-20 12:02:51 -   Correct/Total: 4/9
2025-09-20 12:02:51 -   Confusion Matrix Stats:
2025-09-20 12:02:51 -     TP: 3, TN: 1
2025-09-20 12:02:51 -     FP: 3, FN: 2
2025-09-20 12:02:51 - Subject: P3_sub-034
2025-09-20 12:02:51 -   Accuracy: 66.667%
2025-09-20 12:02:51 -   Precision: 0.333
2025-09-20 12:02:51 -   Recall: 1.000
2025-09-20 12:02:51 -   F1 Score: 0.500
2025-09-20 12:02:51 -   AUC: 0.800
2025-09-20 12:02:51 -   Correct/Total: 4/6
2025-09-20 12:02:51 -   Confusion Matrix Stats:
2025-09-20 12:02:51 -     TP: 1, TN: 3
2025-09-20 12:02:51 -     FP: 2, FN: 0
2025-09-20 12:02:51 - Subject: P3_sub-035
2025-09-20 12:02:51 -   Accuracy: 53.846%
2025-09-20 12:02:51 -   Precision: 0.600
2025-09-20 12:02:51 -   Recall: 0.750
2025-09-20 12:02:51 -   F1 Score: 0.667
2025-09-20 12:02:51 -   AUC: 0.500
2025-09-20 12:02:51 -   Correct/Total: 7/13
2025-09-20 12:02:51 -   Confusion Matrix Stats:
2025-09-20 12:02:51 -     TP: 6, TN: 1
2025-09-20 12:02:51 -     FP: 4, FN: 2
2025-09-20 12:02:51 - Subject: P3_sub-036
2025-09-20 12:02:51 -   Accuracy: 90.000%
2025-09-20 12:02:51 -   Precision: 1.000
2025-09-20 12:02:51 -   Recall: 0.833
2025-09-20 12:02:51 -   F1 Score: 0.909
2025-09-20 12:02:51 -   AUC: 1.000
2025-09-20 12:02:51 -   Correct/Total: 9/10
2025-09-20 12:02:51 -   Confusion Matrix Stats:
2025-09-20 12:02:51 -     TP: 5, TN: 4
2025-09-20 12:02:51 -     FP: 0, FN: 1
2025-09-20 12:02:51 - Subject: P3_sub-037
2025-09-20 12:02:51 -   Accuracy: 77.778%
2025-09-20 12:02:51 -   Precision: 0.667
2025-09-20 12:02:51 -   Recall: 1.000
2025-09-20 12:02:51 -   F1 Score: 0.800
2025-09-20 12:02:51 -   AUC: 0.700
2025-09-20 12:02:51 -   Correct/Total: 7/9
2025-09-20 12:02:51 -   Confusion Matrix Stats:
2025-09-20 12:02:51 -     TP: 4, TN: 3
2025-09-20 12:02:51 -     FP: 2, FN: 0
2025-09-20 12:02:51 - Subject: P3_sub-038
2025-09-20 12:02:51 -   Accuracy: 80.000%
2025-09-20 12:02:51 -   Precision: 1.000
2025-09-20 12:02:51 -   Recall: 0.714
2025-09-20 12:02:51 -   F1 Score: 0.833
2025-09-20 12:02:51 -   AUC: 0.952
2025-09-20 12:02:51 -   Correct/Total: 8/10
2025-09-20 12:02:51 -   Confusion Matrix Stats:
2025-09-20 12:02:51 -     TP: 5, TN: 3
2025-09-20 12:02:51 -     FP: 0, FN: 2
2025-09-20 12:02:51 - Subject: P3_sub-039
2025-09-20 12:02:51 -   Accuracy: 60.000%
2025-09-20 12:02:51 -   Precision: 0.500
2025-09-20 12:02:51 -   Recall: 0.250
2025-09-20 12:02:51 -   F1 Score: 0.333
2025-09-20 12:02:51 -   AUC: 0.583
2025-09-20 12:02:51 -   Correct/Total: 6/10
2025-09-20 12:02:51 -   Confusion Matrix Stats:
2025-09-20 12:02:51 -     TP: 1, TN: 5
2025-09-20 12:02:51 -     FP: 1, FN: 3
2025-09-20 12:02:51 - Subject: P3_sub-040
2025-09-20 12:02:51 -   Accuracy: 46.154%
2025-09-20 12:02:51 -   Precision: 0.500
2025-09-20 12:02:51 -   Recall: 0.714
2025-09-20 12:02:51 -   F1 Score: 0.588
2025-09-20 12:02:51 -   AUC: 0.595
2025-09-20 12:02:51 -   Correct/Total: 6/13
2025-09-20 12:02:51 -   Confusion Matrix Stats:
2025-09-20 12:02:51 -     TP: 5, TN: 1
2025-09-20 12:02:51 -     FP: 5, FN: 2
2025-09-20 12:02:51 - 
Combined Model (All Subjects) Statistics:
2025-09-20 12:02:51 - 95% Confidence Interval: [0.602, 0.698]
2025-09-20 12:02:51 - Best Subject: P3_sub-012 (1.000)
2025-09-20 12:02:51 - Worst Subject: AVO_015 (0.000)
2025-09-20 12:02:51 - Mean Accuracy: 0.649
2025-09-20 12:02:51 - Mean Precision: 0.607
2025-09-20 12:02:51 - Mean Recall: 0.803
2025-09-20 12:02:51 - Mean F1-Score: 0.692
2025-09-20 12:02:51 - Mean AUC: 0.754
2025-09-20 12:02:51 - Mean Confusion Matrix:
2025-09-20 12:02:51 -   TP: 3, TN: 2
2025-09-20 12:02:51 -   FP: 2, FN: 1
2025-09-20 12:02:51 - 
Combined Model – P3 Subjects Statistics:
2025-09-20 12:02:51 - 95% Confidence Interval: [0.588, 0.709]
2025-09-20 12:02:51 - Best Subject: P3_sub-012 (1.000)
2025-09-20 12:02:51 - Worst Subject: P3_sub-006 (0.250)
2025-09-20 12:02:51 - Mean Accuracy: 0.631
2025-09-20 12:02:51 - Mean Precision: 0.600
2025-09-20 12:02:51 - Mean Recall: 0.799
2025-09-20 12:02:51 - Mean F1-Score: 0.685
2025-09-20 12:02:51 - Mean AUC: 0.765
2025-09-20 12:02:51 - Mean Confusion Matrix:
2025-09-20 12:02:51 -   TP: 3, TN: 2
2025-09-20 12:02:51 -   FP: 2, FN: 1
2025-09-20 12:02:51 - 
Combined Model – AVO Subjects Statistics:
2025-09-20 12:02:51 - 95% Confidence Interval: [0.575, 0.728]
2025-09-20 12:02:51 - Best Subject: AVO_003 (1.000)
2025-09-20 12:02:51 - Worst Subject: AVO_015 (0.000)
2025-09-20 12:02:51 - Mean Accuracy: 0.667
2025-09-20 12:02:51 - Mean Precision: 0.615
2025-09-20 12:02:51 - Mean Recall: 0.808
2025-09-20 12:02:51 - Mean F1-Score: 0.698
2025-09-20 12:02:51 - Mean AUC: 0.742
2025-09-20 12:02:51 - Mean Confusion Matrix:
2025-09-20 12:02:51 -   TP: 3, TN: 2
2025-09-20 12:02:51 -   FP: 2, FN: 1
