2025-09-19 22:03:44 - 
Experiment Configuration:
2025-09-19 22:03:44 - --------------------------------------------------
2025-09-19 22:03:44 - dataset: use_combined_datasets
2025-09-19 22:03:44 - use_combined_datasets: True
2025-09-19 22:03:44 - electrode_list: common
2025-09-19 22:03:44 - classifier: SepConv1D
2025-09-19 22:03:44 - separate_subject_classification: False
2025-09-19 22:03:44 - use_subject_layer: False
2025-09-19 22:03:44 - seeds: [42]
2025-09-19 22:03:44 - electrode_fusion_method: none
2025-09-19 22:03:44 - domain_adaptation_method: none
2025-09-19 22:03:44 - enable_comprehensive_evaluation: True
2025-09-19 22:03:44 - enable_domain_analysis: True
2025-09-19 22:03:44 - enable_small_sample_analysis: False
2025-09-19 22:03:44 - small_sample_sizes: [5, 10, 15, 20]
2025-09-19 22:03:44 - small_sample_subjects: [5, 10, 15]
2025-09-19 22:03:44 - --------------------------------------------------
2025-09-19 22:03:44 - 
==================================================
2025-09-19 22:03:44 - Processing Combined P3 and AVO Datasets
2025-09-19 22:03:44 - ==================================================
2025-09-19 22:03:44 - 使用传统方法（无融合）
2025-09-19 22:04:28 - 
==================================================
2025-09-19 22:04:28 - Individual Subject Results - Combined Model
2025-09-19 22:04:28 - ==================================================
2025-09-19 22:04:28 - Subject: AVO_001
2025-09-19 22:04:28 -   Accuracy: 83.333%
2025-09-19 22:04:28 -   Precision: 1.000
2025-09-19 22:04:28 -   Recall: 0.667
2025-09-19 22:04:28 -   F1 Score: 0.800
2025-09-19 22:04:28 -   AUC: 0.833
2025-09-19 22:04:28 -   Correct/Total: 10/12
2025-09-19 22:04:28 -   Confusion Matrix Stats:
2025-09-19 22:04:28 -     TP: 4, TN: 6
2025-09-19 22:04:28 -     FP: 0, FN: 2
2025-09-19 22:04:28 - Subject: AVO_002
2025-09-19 22:04:28 -   Accuracy: 66.667%
2025-09-19 22:04:28 -   Precision: 1.000
2025-09-19 22:04:28 -   Recall: 0.500
2025-09-19 22:04:28 -   F1 Score: 0.667
2025-09-19 22:04:28 -   AUC: 0.688
2025-09-19 22:04:28 -   Correct/Total: 8/12
2025-09-19 22:04:28 -   Confusion Matrix Stats:
2025-09-19 22:04:28 -     TP: 4, TN: 4
2025-09-19 22:04:28 -     FP: 0, FN: 4
2025-09-19 22:04:28 - Subject: AVO_003
2025-09-19 22:04:28 -   Accuracy: 64.286%
2025-09-19 22:04:28 -   Precision: 0.875
2025-09-19 22:04:28 -   Recall: 0.636
2025-09-19 22:04:28 -   F1 Score: 0.737
2025-09-19 22:04:28 -   AUC: 0.727
2025-09-19 22:04:28 -   Correct/Total: 9/14
2025-09-19 22:04:28 -   Confusion Matrix Stats:
2025-09-19 22:04:28 -     TP: 7, TN: 2
2025-09-19 22:04:28 -     FP: 1, FN: 4
2025-09-19 22:04:28 - Subject: AVO_004
2025-09-19 22:04:28 -   Accuracy: 70.000%
2025-09-19 22:04:28 -   Precision: 0.000
2025-09-19 22:04:28 -   Recall: 0.000
2025-09-19 22:04:28 -   F1 Score: 0.000
2025-09-19 22:04:28 -   AUC: 0.444
2025-09-19 22:04:28 -   Correct/Total: 7/10
2025-09-19 22:04:28 -   Confusion Matrix Stats:
2025-09-19 22:04:28 -     TP: 0, TN: 7
2025-09-19 22:04:28 -     FP: 2, FN: 1
2025-09-19 22:04:28 - Subject: AVO_005
2025-09-19 22:04:28 -   Accuracy: 45.455%
2025-09-19 22:04:28 -   Precision: 0.400
2025-09-19 22:04:28 -   Recall: 0.400
2025-09-19 22:04:28 -   F1 Score: 0.400
2025-09-19 22:04:28 -   AUC: 0.367
2025-09-19 22:04:28 -   Correct/Total: 5/11
2025-09-19 22:04:28 -   Confusion Matrix Stats:
2025-09-19 22:04:28 -     TP: 2, TN: 3
2025-09-19 22:04:28 -     FP: 3, FN: 3
2025-09-19 22:04:28 - Subject: AVO_006
2025-09-19 22:04:28 -   Accuracy: 71.429%
2025-09-19 22:04:28 -   Precision: 0.667
2025-09-19 22:04:28 -   Recall: 0.667
2025-09-19 22:04:28 -   F1 Score: 0.667
2025-09-19 22:04:28 -   AUC: 0.833
2025-09-19 22:04:28 -   Correct/Total: 5/7
2025-09-19 22:04:28 -   Confusion Matrix Stats:
2025-09-19 22:04:28 -     TP: 2, TN: 3
2025-09-19 22:04:28 -     FP: 1, FN: 1
2025-09-19 22:04:28 - Subject: AVO_007
2025-09-19 22:04:28 -   Accuracy: 33.333%
2025-09-19 22:04:28 -   Precision: 0.000
2025-09-19 22:04:28 -   Recall: 0.000
2025-09-19 22:04:28 -   F1 Score: 0.000
2025-09-19 22:04:28 -   AUC: 0.200
2025-09-19 22:04:28 -   Correct/Total: 2/6
2025-09-19 22:04:28 -   Confusion Matrix Stats:
2025-09-19 22:04:28 -     TP: 0, TN: 2
2025-09-19 22:04:28 -     FP: 3, FN: 1
2025-09-19 22:04:28 - Subject: AVO_008
2025-09-19 22:04:28 -   Accuracy: 75.000%
2025-09-19 22:04:28 -   Precision: 0.750
2025-09-19 22:04:28 -   Recall: 0.750
2025-09-19 22:04:28 -   F1 Score: 0.750
2025-09-19 22:04:28 -   AUC: 0.750
2025-09-19 22:04:28 -   Correct/Total: 6/8
2025-09-19 22:04:28 -   Confusion Matrix Stats:
2025-09-19 22:04:28 -     TP: 3, TN: 3
2025-09-19 22:04:28 -     FP: 1, FN: 1
2025-09-19 22:04:28 - Subject: AVO_009
2025-09-19 22:04:28 -   Accuracy: 70.000%
2025-09-19 22:04:28 -   Precision: 0.571
2025-09-19 22:04:28 -   Recall: 1.000
2025-09-19 22:04:28 -   F1 Score: 0.727
2025-09-19 22:04:28 -   AUC: 0.750
2025-09-19 22:04:28 -   Correct/Total: 7/10
2025-09-19 22:04:28 -   Confusion Matrix Stats:
2025-09-19 22:04:28 -     TP: 4, TN: 3
2025-09-19 22:04:28 -     FP: 3, FN: 0
2025-09-19 22:04:28 - Subject: AVO_010
2025-09-19 22:04:28 -   Accuracy: 66.667%
2025-09-19 22:04:28 -   Precision: 0.667
2025-09-19 22:04:28 -   Recall: 0.857
2025-09-19 22:04:28 -   F1 Score: 0.750
2025-09-19 22:04:28 -   AUC: 0.486
2025-09-19 22:04:28 -   Correct/Total: 8/12
2025-09-19 22:04:28 -   Confusion Matrix Stats:
2025-09-19 22:04:28 -     TP: 6, TN: 2
2025-09-19 22:04:28 -     FP: 3, FN: 1
2025-09-19 22:04:28 - Subject: AVO_011
2025-09-19 22:04:28 -   Accuracy: 50.000%
2025-09-19 22:04:28 -   Precision: 0.400
2025-09-19 22:04:28 -   Recall: 1.000
2025-09-19 22:04:28 -   F1 Score: 0.571
2025-09-19 22:04:28 -   AUC: 0.750
2025-09-19 22:04:28 -   Correct/Total: 3/6
2025-09-19 22:04:28 -   Confusion Matrix Stats:
2025-09-19 22:04:28 -     TP: 2, TN: 1
2025-09-19 22:04:28 -     FP: 3, FN: 0
2025-09-19 22:04:28 - Subject: AVO_012
2025-09-19 22:04:28 -   Accuracy: 70.000%
2025-09-19 22:04:28 -   Precision: 0.750
2025-09-19 22:04:28 -   Recall: 0.857
2025-09-19 22:04:28 -   F1 Score: 0.800
2025-09-19 22:04:28 -   AUC: 0.810
2025-09-19 22:04:28 -   Correct/Total: 7/10
2025-09-19 22:04:28 -   Confusion Matrix Stats:
2025-09-19 22:04:28 -     TP: 6, TN: 1
2025-09-19 22:04:28 -     FP: 2, FN: 1
2025-09-19 22:04:28 - Subject: AVO_013
2025-09-19 22:04:28 -   Accuracy: 72.727%
2025-09-19 22:04:28 -   Precision: 0.667
2025-09-19 22:04:28 -   Recall: 0.800
2025-09-19 22:04:28 -   F1 Score: 0.727
2025-09-19 22:04:28 -   AUC: 0.800
2025-09-19 22:04:28 -   Correct/Total: 8/11
2025-09-19 22:04:28 -   Confusion Matrix Stats:
2025-09-19 22:04:28 -     TP: 4, TN: 4
2025-09-19 22:04:28 -     FP: 2, FN: 1
2025-09-19 22:04:28 - Subject: AVO_014
2025-09-19 22:04:28 -   Accuracy: 45.455%
2025-09-19 22:04:28 -   Precision: 0.444
2025-09-19 22:04:28 -   Recall: 0.800
2025-09-19 22:04:28 -   F1 Score: 0.571
2025-09-19 22:04:28 -   AUC: 0.733
2025-09-19 22:04:28 -   Correct/Total: 5/11
2025-09-19 22:04:28 -   Confusion Matrix Stats:
2025-09-19 22:04:28 -     TP: 4, TN: 1
2025-09-19 22:04:28 -     FP: 5, FN: 1
2025-09-19 22:04:28 - Subject: AVO_015
2025-09-19 22:04:28 -   Accuracy: 62.500%
2025-09-19 22:04:28 -   Precision: 0.600
2025-09-19 22:04:28 -   Recall: 0.750
2025-09-19 22:04:28 -   F1 Score: 0.667
2025-09-19 22:04:28 -   AUC: 0.875
2025-09-19 22:04:28 -   Correct/Total: 5/8
2025-09-19 22:04:28 -   Confusion Matrix Stats:
2025-09-19 22:04:28 -     TP: 3, TN: 2
2025-09-19 22:04:28 -     FP: 2, FN: 1
2025-09-19 22:04:28 - Subject: AVO_016
2025-09-19 22:04:28 -   Accuracy: 69.231%
2025-09-19 22:04:28 -   Precision: 0.500
2025-09-19 22:04:28 -   Recall: 0.500
2025-09-19 22:04:28 -   F1 Score: 0.500
2025-09-19 22:04:28 -   AUC: 0.583
2025-09-19 22:04:28 -   Correct/Total: 9/13
2025-09-19 22:04:28 -   Confusion Matrix Stats:
2025-09-19 22:04:28 -     TP: 2, TN: 7
2025-09-19 22:04:28 -     FP: 2, FN: 2
2025-09-19 22:04:28 - Subject: AVO_017
2025-09-19 22:04:28 -   Accuracy: 76.923%
2025-09-19 22:04:28 -   Precision: 0.857
2025-09-19 22:04:28 -   Recall: 0.750
2025-09-19 22:04:28 -   F1 Score: 0.800
2025-09-19 22:04:28 -   AUC: 0.900
2025-09-19 22:04:28 -   Correct/Total: 10/13
2025-09-19 22:04:28 -   Confusion Matrix Stats:
2025-09-19 22:04:28 -     TP: 6, TN: 4
2025-09-19 22:04:28 -     FP: 1, FN: 2
2025-09-19 22:04:28 - Subject: AVO_018
2025-09-19 22:04:28 -   Accuracy: 66.667%
2025-09-19 22:04:28 -   Precision: 1.000
2025-09-19 22:04:28 -   Recall: 0.500
2025-09-19 22:04:28 -   F1 Score: 0.667
2025-09-19 22:04:28 -   AUC: 1.000
2025-09-19 22:04:28 -   Correct/Total: 2/3
2025-09-19 22:04:28 -   Confusion Matrix Stats:
2025-09-19 22:04:28 -     TP: 1, TN: 1
2025-09-19 22:04:28 -     FP: 0, FN: 1
2025-09-19 22:04:28 - Subject: AVO_019
2025-09-19 22:04:28 -   Accuracy: 57.143%
2025-09-19 22:04:28 -   Precision: 0.000
2025-09-19 22:04:28 -   Recall: 0.000
2025-09-19 22:04:28 -   F1 Score: 0.000
2025-09-19 22:04:28 -   AUC: 0.500
2025-09-19 22:04:28 -   Correct/Total: 4/7
2025-09-19 22:04:28 -   Confusion Matrix Stats:
2025-09-19 22:04:28 -     TP: 0, TN: 4
2025-09-19 22:04:28 -     FP: 0, FN: 3
2025-09-19 22:04:28 - Subject: AVO_020
2025-09-19 22:04:28 -   Accuracy: 75.000%
2025-09-19 22:04:28 -   Precision: 0.800
2025-09-19 22:04:28 -   Recall: 0.667
2025-09-19 22:04:28 -   F1 Score: 0.727
2025-09-19 22:04:28 -   AUC: 0.889
2025-09-19 22:04:28 -   Correct/Total: 9/12
2025-09-19 22:04:28 -   Confusion Matrix Stats:
2025-09-19 22:04:28 -     TP: 4, TN: 5
2025-09-19 22:04:28 -     FP: 1, FN: 2
2025-09-19 22:04:28 - Subject: AVO_021
2025-09-19 22:04:28 -   Accuracy: 81.250%
2025-09-19 22:04:28 -   Precision: 0.800
2025-09-19 22:04:28 -   Recall: 0.889
2025-09-19 22:04:28 -   F1 Score: 0.842
2025-09-19 22:04:28 -   AUC: 0.905
2025-09-19 22:04:28 -   Correct/Total: 13/16
2025-09-19 22:04:28 -   Confusion Matrix Stats:
2025-09-19 22:04:28 -     TP: 8, TN: 5
2025-09-19 22:04:28 -     FP: 2, FN: 1
2025-09-19 22:04:28 - Subject: AVO_022
2025-09-19 22:04:28 -   Accuracy: 61.538%
2025-09-19 22:04:28 -   Precision: 0.667
2025-09-19 22:04:28 -   Recall: 0.750
2025-09-19 22:04:28 -   F1 Score: 0.706
2025-09-19 22:04:28 -   AUC: 0.675
2025-09-19 22:04:28 -   Correct/Total: 8/13
2025-09-19 22:04:28 -   Confusion Matrix Stats:
2025-09-19 22:04:28 -     TP: 6, TN: 2
2025-09-19 22:04:28 -     FP: 3, FN: 2
2025-09-19 22:04:28 - Subject: AVO_023
2025-09-19 22:04:28 -   Accuracy: 87.500%
2025-09-19 22:04:28 -   Precision: 0.750
2025-09-19 22:04:28 -   Recall: 1.000
2025-09-19 22:04:28 -   F1 Score: 0.857
2025-09-19 22:04:28 -   AUC: 0.800
2025-09-19 22:04:28 -   Correct/Total: 7/8
2025-09-19 22:04:28 -   Confusion Matrix Stats:
2025-09-19 22:04:28 -     TP: 3, TN: 4
2025-09-19 22:04:28 -     FP: 1, FN: 0
2025-09-19 22:04:28 - Subject: AVO_024
2025-09-19 22:04:28 -   Accuracy: 81.250%
2025-09-19 22:04:28 -   Precision: 0.667
2025-09-19 22:04:28 -   Recall: 1.000
2025-09-19 22:04:28 -   F1 Score: 0.800
2025-09-19 22:04:28 -   AUC: 0.783
2025-09-19 22:04:28 -   Correct/Total: 13/16
2025-09-19 22:04:28 -   Confusion Matrix Stats:
2025-09-19 22:04:28 -     TP: 6, TN: 7
2025-09-19 22:04:28 -     FP: 3, FN: 0
2025-09-19 22:04:28 - Subject: AVO_025
2025-09-19 22:04:28 -   Accuracy: 40.000%
2025-09-19 22:04:28 -   Precision: 0.500
2025-09-19 22:04:28 -   Recall: 0.333
2025-09-19 22:04:28 -   F1 Score: 0.400
2025-09-19 22:04:28 -   AUC: 0.333
2025-09-19 22:04:28 -   Correct/Total: 2/5
2025-09-19 22:04:28 -   Confusion Matrix Stats:
2025-09-19 22:04:28 -     TP: 1, TN: 1
2025-09-19 22:04:28 -     FP: 1, FN: 2
2025-09-19 22:04:28 - Subject: AVO_026
2025-09-19 22:04:28 -   Accuracy: 57.143%
2025-09-19 22:04:28 -   Precision: 0.750
2025-09-19 22:04:28 -   Recall: 0.375
2025-09-19 22:04:28 -   F1 Score: 0.500
2025-09-19 22:04:28 -   AUC: 0.812
2025-09-19 22:04:28 -   Correct/Total: 8/14
2025-09-19 22:04:28 -   Confusion Matrix Stats:
2025-09-19 22:04:28 -     TP: 3, TN: 5
2025-09-19 22:04:28 -     FP: 1, FN: 5
2025-09-19 22:04:28 - Subject: AVO_027
2025-09-19 22:04:28 -   Accuracy: 80.000%
2025-09-19 22:04:28 -   Precision: 0.833
2025-09-19 22:04:28 -   Recall: 0.833
2025-09-19 22:04:28 -   F1 Score: 0.833
2025-09-19 22:04:28 -   AUC: 0.958
2025-09-19 22:04:28 -   Correct/Total: 8/10
2025-09-19 22:04:28 -   Confusion Matrix Stats:
2025-09-19 22:04:28 -     TP: 5, TN: 3
2025-09-19 22:04:28 -     FP: 1, FN: 1
2025-09-19 22:04:28 - Subject: AVO_028
2025-09-19 22:04:28 -   Accuracy: 71.429%
2025-09-19 22:04:28 -   Precision: 0.600
2025-09-19 22:04:28 -   Recall: 1.000
2025-09-19 22:04:28 -   F1 Score: 0.750
2025-09-19 22:04:28 -   AUC: 0.917
2025-09-19 22:04:28 -   Correct/Total: 5/7
2025-09-19 22:04:28 -   Confusion Matrix Stats:
2025-09-19 22:04:28 -     TP: 3, TN: 2
2025-09-19 22:04:28 -     FP: 2, FN: 0
2025-09-19 22:04:28 - Subject: AVO_029
2025-09-19 22:04:28 -   Accuracy: 57.143%
2025-09-19 22:04:28 -   Precision: 0.500
2025-09-19 22:04:28 -   Recall: 0.333
2025-09-19 22:04:28 -   F1 Score: 0.400
2025-09-19 22:04:28 -   AUC: 0.583
2025-09-19 22:04:28 -   Correct/Total: 4/7
2025-09-19 22:04:28 -   Confusion Matrix Stats:
2025-09-19 22:04:28 -     TP: 1, TN: 3
2025-09-19 22:04:28 -     FP: 1, FN: 2
2025-09-19 22:04:28 - Subject: AVO_030
2025-09-19 22:04:28 -   Accuracy: 55.556%
2025-09-19 22:04:28 -   Precision: 1.000
2025-09-19 22:04:28 -   Recall: 0.333
2025-09-19 22:04:28 -   F1 Score: 0.500
2025-09-19 22:04:28 -   AUC: 0.667
2025-09-19 22:04:28 -   Correct/Total: 5/9
2025-09-19 22:04:28 -   Confusion Matrix Stats:
2025-09-19 22:04:28 -     TP: 2, TN: 3
2025-09-19 22:04:28 -     FP: 0, FN: 4
2025-09-19 22:04:28 - Subject: AVO_031
2025-09-19 22:04:28 -   Accuracy: 57.143%
2025-09-19 22:04:28 -   Precision: 0.667
2025-09-19 22:04:28 -   Recall: 0.500
2025-09-19 22:04:28 -   F1 Score: 0.571
2025-09-19 22:04:28 -   AUC: 0.750
2025-09-19 22:04:28 -   Correct/Total: 4/7
2025-09-19 22:04:28 -   Confusion Matrix Stats:
2025-09-19 22:04:28 -     TP: 2, TN: 2
2025-09-19 22:04:28 -     FP: 1, FN: 2
2025-09-19 22:04:28 - Subject: AVO_032
2025-09-19 22:04:28 -   Accuracy: 81.250%
2025-09-19 22:04:28 -   Precision: 1.000
2025-09-19 22:04:28 -   Recall: 0.571
2025-09-19 22:04:28 -   F1 Score: 0.727
2025-09-19 22:04:28 -   AUC: 0.952
2025-09-19 22:04:28 -   Correct/Total: 13/16
2025-09-19 22:04:28 -   Confusion Matrix Stats:
2025-09-19 22:04:28 -     TP: 4, TN: 9
2025-09-19 22:04:28 -     FP: 0, FN: 3
2025-09-19 22:04:28 - Subject: AVO_033
2025-09-19 22:04:28 -   Accuracy: 58.333%
2025-09-19 22:04:28 -   Precision: 1.000
2025-09-19 22:04:28 -   Recall: 0.286
2025-09-19 22:04:28 -   F1 Score: 0.444
2025-09-19 22:04:28 -   AUC: 0.886
2025-09-19 22:04:28 -   Correct/Total: 7/12
2025-09-19 22:04:28 -   Confusion Matrix Stats:
2025-09-19 22:04:28 -     TP: 2, TN: 5
2025-09-19 22:04:28 -     FP: 0, FN: 5
2025-09-19 22:04:28 - Subject: AVO_034
2025-09-19 22:04:28 -   Accuracy: 60.000%
2025-09-19 22:04:28 -   Precision: 0.750
2025-09-19 22:04:28 -   Recall: 0.750
2025-09-19 22:04:28 -   F1 Score: 0.750
2025-09-19 22:04:28 -   AUC: 0.250
2025-09-19 22:04:28 -   Correct/Total: 3/5
2025-09-19 22:04:28 -   Confusion Matrix Stats:
2025-09-19 22:04:28 -     TP: 3, TN: 0
2025-09-19 22:04:28 -     FP: 1, FN: 1
2025-09-19 22:04:28 - Subject: AVO_035
2025-09-19 22:04:28 -   Accuracy: 46.667%
2025-09-19 22:04:28 -   Precision: 0.500
2025-09-19 22:04:28 -   Recall: 0.125
2025-09-19 22:04:28 -   F1 Score: 0.200
2025-09-19 22:04:28 -   AUC: 0.536
2025-09-19 22:04:28 -   Correct/Total: 7/15
2025-09-19 22:04:28 -   Confusion Matrix Stats:
2025-09-19 22:04:28 -     TP: 1, TN: 6
2025-09-19 22:04:28 -     FP: 1, FN: 7
2025-09-19 22:04:28 - Subject: AVO_036
2025-09-19 22:04:28 -   Accuracy: 71.429%
2025-09-19 22:04:28 -   Precision: 1.000
2025-09-19 22:04:28 -   Recall: 0.600
2025-09-19 22:04:28 -   F1 Score: 0.750
2025-09-19 22:04:28 -   AUC: 0.900
2025-09-19 22:04:28 -   Correct/Total: 5/7
2025-09-19 22:04:28 -   Confusion Matrix Stats:
2025-09-19 22:04:28 -     TP: 3, TN: 2
2025-09-19 22:04:28 -     FP: 0, FN: 2
2025-09-19 22:04:28 - Subject: AVO_037
2025-09-19 22:04:28 -   Accuracy: 22.222%
2025-09-19 22:04:28 -   Precision: 0.200
2025-09-19 22:04:28 -   Recall: 0.250
2025-09-19 22:04:28 -   F1 Score: 0.222
2025-09-19 22:04:28 -   AUC: 0.300
2025-09-19 22:04:28 -   Correct/Total: 2/9
2025-09-19 22:04:28 -   Confusion Matrix Stats:
2025-09-19 22:04:28 -     TP: 1, TN: 1
2025-09-19 22:04:28 -     FP: 4, FN: 3
2025-09-19 22:04:28 - Subject: AVO_038
2025-09-19 22:04:28 -   Accuracy: 73.333%
2025-09-19 22:04:28 -   Precision: 0.800
2025-09-19 22:04:28 -   Recall: 0.800
2025-09-19 22:04:28 -   F1 Score: 0.800
2025-09-19 22:04:28 -   AUC: 0.720
2025-09-19 22:04:28 -   Correct/Total: 11/15
2025-09-19 22:04:28 -   Confusion Matrix Stats:
2025-09-19 22:04:28 -     TP: 8, TN: 3
2025-09-19 22:04:28 -     FP: 2, FN: 2
2025-09-19 22:04:28 - Subject: AVO_039
2025-09-19 22:04:28 -   Accuracy: 54.545%
2025-09-19 22:04:28 -   Precision: 0.500
2025-09-19 22:04:28 -   Recall: 0.200
2025-09-19 22:04:28 -   F1 Score: 0.286
2025-09-19 22:04:28 -   AUC: 0.700
2025-09-19 22:04:28 -   Correct/Total: 6/11
2025-09-19 22:04:28 -   Confusion Matrix Stats:
2025-09-19 22:04:28 -     TP: 1, TN: 5
2025-09-19 22:04:28 -     FP: 1, FN: 4
2025-09-19 22:04:28 - Subject: AVO_040
2025-09-19 22:04:28 -   Accuracy: 66.667%
2025-09-19 22:04:28 -   Precision: 0.500
2025-09-19 22:04:28 -   Recall: 0.500
2025-09-19 22:04:28 -   F1 Score: 0.500
2025-09-19 22:04:28 -   AUC: 0.500
2025-09-19 22:04:28 -   Correct/Total: 4/6
2025-09-19 22:04:28 -   Confusion Matrix Stats:
2025-09-19 22:04:28 -     TP: 1, TN: 3
2025-09-19 22:04:28 -     FP: 1, FN: 1
2025-09-19 22:04:28 - Subject: P3_sub-001
2025-09-19 22:04:28 -   Accuracy: 33.333%
2025-09-19 22:04:28 -   Precision: 0.000
2025-09-19 22:04:28 -   Recall: 0.000
2025-09-19 22:04:28 -   F1 Score: 0.000
2025-09-19 22:04:28 -   AUC: 0.583
2025-09-19 22:04:28 -   Correct/Total: 4/12
2025-09-19 22:04:28 -   Confusion Matrix Stats:
2025-09-19 22:04:28 -     TP: 0, TN: 4
2025-09-19 22:04:28 -     FP: 2, FN: 6
2025-09-19 22:04:28 - Subject: P3_sub-002
2025-09-19 22:04:28 -   Accuracy: 66.667%
2025-09-19 22:04:28 -   Precision: 0.571
2025-09-19 22:04:28 -   Recall: 1.000
2025-09-19 22:04:28 -   F1 Score: 0.727
2025-09-19 22:04:28 -   AUC: 0.750
2025-09-19 22:04:28 -   Correct/Total: 6/9
2025-09-19 22:04:28 -   Confusion Matrix Stats:
2025-09-19 22:04:28 -     TP: 4, TN: 2
2025-09-19 22:04:28 -     FP: 3, FN: 0
2025-09-19 22:04:28 - Subject: P3_sub-003
2025-09-19 22:04:28 -   Accuracy: 85.714%
2025-09-19 22:04:28 -   Precision: 1.000
2025-09-19 22:04:28 -   Recall: 0.800
2025-09-19 22:04:28 -   F1 Score: 0.889
2025-09-19 22:04:28 -   AUC: 0.900
2025-09-19 22:04:28 -   Correct/Total: 6/7
2025-09-19 22:04:28 -   Confusion Matrix Stats:
2025-09-19 22:04:28 -     TP: 4, TN: 2
2025-09-19 22:04:28 -     FP: 0, FN: 1
2025-09-19 22:04:28 - Subject: P3_sub-004
2025-09-19 22:04:28 -   Accuracy: 80.000%
2025-09-19 22:04:28 -   Precision: 0.800
2025-09-19 22:04:28 -   Recall: 1.000
2025-09-19 22:04:28 -   F1 Score: 0.889
2025-09-19 22:04:28 -   AUC: 0.750
2025-09-19 22:04:28 -   Correct/Total: 4/5
2025-09-19 22:04:28 -   Confusion Matrix Stats:
2025-09-19 22:04:28 -     TP: 4, TN: 0
2025-09-19 22:04:28 -     FP: 1, FN: 0
2025-09-19 22:04:28 - Subject: P3_sub-005
2025-09-19 22:04:28 -   Accuracy: 54.545%
2025-09-19 22:04:28 -   Precision: 1.000
2025-09-19 22:04:28 -   Recall: 0.167
2025-09-19 22:04:28 -   F1 Score: 0.286
2025-09-19 22:04:28 -   AUC: 0.667
2025-09-19 22:04:28 -   Correct/Total: 6/11
2025-09-19 22:04:28 -   Confusion Matrix Stats:
2025-09-19 22:04:28 -     TP: 1, TN: 5
2025-09-19 22:04:28 -     FP: 0, FN: 5
2025-09-19 22:04:28 - Subject: P3_sub-006
2025-09-19 22:04:28 -   Accuracy: 37.500%
2025-09-19 22:04:28 -   Precision: 0.500
2025-09-19 22:04:28 -   Recall: 0.200
2025-09-19 22:04:28 -   F1 Score: 0.286
2025-09-19 22:04:28 -   AUC: 0.267
2025-09-19 22:04:28 -   Correct/Total: 3/8
2025-09-19 22:04:28 -   Confusion Matrix Stats:
2025-09-19 22:04:28 -     TP: 1, TN: 2
2025-09-19 22:04:28 -     FP: 1, FN: 4
2025-09-19 22:04:28 - Subject: P3_sub-007
2025-09-19 22:04:28 -   Accuracy: 44.444%
2025-09-19 22:04:28 -   Precision: 0.400
2025-09-19 22:04:28 -   Recall: 0.500
2025-09-19 22:04:28 -   F1 Score: 0.444
2025-09-19 22:04:28 -   AUC: 0.650
2025-09-19 22:04:28 -   Correct/Total: 4/9
2025-09-19 22:04:28 -   Confusion Matrix Stats:
2025-09-19 22:04:28 -     TP: 2, TN: 2
2025-09-19 22:04:28 -     FP: 3, FN: 2
2025-09-19 22:04:28 - Subject: P3_sub-008
2025-09-19 22:04:28 -   Accuracy: 33.333%
2025-09-19 22:04:28 -   Precision: 0.000
2025-09-19 22:04:28 -   Recall: 0.000
2025-09-19 22:04:28 -   F1 Score: 0.000
2025-09-19 22:04:28 -   AUC: 1.000
2025-09-19 22:04:28 -   Correct/Total: 1/3
2025-09-19 22:04:28 -   Confusion Matrix Stats:
2025-09-19 22:04:28 -     TP: 0, TN: 1
2025-09-19 22:04:28 -     FP: 0, FN: 2
2025-09-19 22:04:28 - Subject: P3_sub-009
2025-09-19 22:04:28 -   Accuracy: 53.333%
2025-09-19 22:04:28 -   Precision: 0.800
2025-09-19 22:04:28 -   Recall: 0.400
2025-09-19 22:04:28 -   F1 Score: 0.533
2025-09-19 22:04:28 -   AUC: 0.760
2025-09-19 22:04:28 -   Correct/Total: 8/15
2025-09-19 22:04:28 -   Confusion Matrix Stats:
2025-09-19 22:04:28 -     TP: 4, TN: 4
2025-09-19 22:04:28 -     FP: 1, FN: 6
2025-09-19 22:04:28 - Subject: P3_sub-010
2025-09-19 22:04:28 -   Accuracy: 75.000%
2025-09-19 22:04:28 -   Precision: 0.667
2025-09-19 22:04:28 -   Recall: 0.667
2025-09-19 22:04:28 -   F1 Score: 0.667
2025-09-19 22:04:28 -   AUC: 0.800
2025-09-19 22:04:28 -   Correct/Total: 6/8
2025-09-19 22:04:28 -   Confusion Matrix Stats:
2025-09-19 22:04:28 -     TP: 2, TN: 4
2025-09-19 22:04:28 -     FP: 1, FN: 1
2025-09-19 22:04:28 - Subject: P3_sub-011
2025-09-19 22:04:28 -   Accuracy: 30.000%
2025-09-19 22:04:28 -   Precision: 0.333
2025-09-19 22:04:28 -   Recall: 0.167
2025-09-19 22:04:28 -   F1 Score: 0.222
2025-09-19 22:04:28 -   AUC: 0.333
2025-09-19 22:04:28 -   Correct/Total: 3/10
2025-09-19 22:04:28 -   Confusion Matrix Stats:
2025-09-19 22:04:28 -     TP: 1, TN: 2
2025-09-19 22:04:28 -     FP: 2, FN: 5
2025-09-19 22:04:28 - Subject: P3_sub-012
2025-09-19 22:04:28 -   Accuracy: 85.714%
2025-09-19 22:04:28 -   Precision: 1.000
2025-09-19 22:04:28 -   Recall: 0.800
2025-09-19 22:04:28 -   F1 Score: 0.889
2025-09-19 22:04:28 -   AUC: 0.900
2025-09-19 22:04:28 -   Correct/Total: 6/7
2025-09-19 22:04:28 -   Confusion Matrix Stats:
2025-09-19 22:04:28 -     TP: 4, TN: 2
2025-09-19 22:04:28 -     FP: 0, FN: 1
2025-09-19 22:04:28 - Subject: P3_sub-013
2025-09-19 22:04:28 -   Accuracy: 36.364%
2025-09-19 22:04:28 -   Precision: 0.333
2025-09-19 22:04:28 -   Recall: 0.167
2025-09-19 22:04:28 -   F1 Score: 0.222
2025-09-19 22:04:28 -   AUC: 0.467
2025-09-19 22:04:28 -   Correct/Total: 4/11
2025-09-19 22:04:28 -   Confusion Matrix Stats:
2025-09-19 22:04:28 -     TP: 1, TN: 3
2025-09-19 22:04:28 -     FP: 2, FN: 5
2025-09-19 22:04:28 - Subject: P3_sub-014
2025-09-19 22:04:28 -   Accuracy: 63.636%
2025-09-19 22:04:28 -   Precision: 0.429
2025-09-19 22:04:28 -   Recall: 1.000
2025-09-19 22:04:28 -   F1 Score: 0.600
2025-09-19 22:04:28 -   AUC: 0.708
2025-09-19 22:04:28 -   Correct/Total: 7/11
2025-09-19 22:04:28 -   Confusion Matrix Stats:
2025-09-19 22:04:28 -     TP: 3, TN: 4
2025-09-19 22:04:28 -     FP: 4, FN: 0
2025-09-19 22:04:28 - Subject: P3_sub-015
2025-09-19 22:04:28 -   Accuracy: 72.727%
2025-09-19 22:04:28 -   Precision: 0.750
2025-09-19 22:04:28 -   Recall: 0.857
2025-09-19 22:04:28 -   F1 Score: 0.800
2025-09-19 22:04:28 -   AUC: 0.893
2025-09-19 22:04:28 -   Correct/Total: 8/11
2025-09-19 22:04:28 -   Confusion Matrix Stats:
2025-09-19 22:04:28 -     TP: 6, TN: 2
2025-09-19 22:04:28 -     FP: 2, FN: 1
2025-09-19 22:04:28 - Subject: P3_sub-016
2025-09-19 22:04:28 -   Accuracy: 75.000%
2025-09-19 22:04:28 -   Precision: 0.714
2025-09-19 22:04:28 -   Recall: 0.833
2025-09-19 22:04:28 -   F1 Score: 0.769
2025-09-19 22:04:28 -   AUC: 0.694
2025-09-19 22:04:28 -   Correct/Total: 9/12
2025-09-19 22:04:28 -   Confusion Matrix Stats:
2025-09-19 22:04:28 -     TP: 5, TN: 4
2025-09-19 22:04:28 -     FP: 2, FN: 1
2025-09-19 22:04:28 - Subject: P3_sub-017
2025-09-19 22:04:28 -   Accuracy: 55.556%
2025-09-19 22:04:28 -   Precision: 1.000
2025-09-19 22:04:28 -   Recall: 0.429
2025-09-19 22:04:28 -   F1 Score: 0.600
2025-09-19 22:04:28 -   AUC: 0.857
2025-09-19 22:04:28 -   Correct/Total: 5/9
2025-09-19 22:04:28 -   Confusion Matrix Stats:
2025-09-19 22:04:28 -     TP: 3, TN: 2
2025-09-19 22:04:28 -     FP: 0, FN: 4
2025-09-19 22:04:28 - Subject: P3_sub-018
2025-09-19 22:04:28 -   Accuracy: 75.000%
2025-09-19 22:04:28 -   Precision: 1.000
2025-09-19 22:04:28 -   Recall: 0.400
2025-09-19 22:04:28 -   F1 Score: 0.571
2025-09-19 22:04:28 -   AUC: 0.857
2025-09-19 22:04:28 -   Correct/Total: 9/12
2025-09-19 22:04:28 -   Confusion Matrix Stats:
2025-09-19 22:04:28 -     TP: 2, TN: 7
2025-09-19 22:04:28 -     FP: 0, FN: 3
2025-09-19 22:04:28 - Subject: P3_sub-019
2025-09-19 22:04:28 -   Accuracy: 57.143%
2025-09-19 22:04:28 -   Precision: 0.500
2025-09-19 22:04:28 -   Recall: 0.667
2025-09-19 22:04:28 -   F1 Score: 0.571
2025-09-19 22:04:28 -   AUC: 0.583
2025-09-19 22:04:28 -   Correct/Total: 8/14
2025-09-19 22:04:28 -   Confusion Matrix Stats:
2025-09-19 22:04:28 -     TP: 4, TN: 4
2025-09-19 22:04:28 -     FP: 4, FN: 2
2025-09-19 22:04:28 - Subject: P3_sub-020
2025-09-19 22:04:28 -   Accuracy: 86.667%
2025-09-19 22:04:28 -   Precision: 0.778
2025-09-19 22:04:28 -   Recall: 1.000
2025-09-19 22:04:28 -   F1 Score: 0.875
2025-09-19 22:04:28 -   AUC: 0.893
2025-09-19 22:04:28 -   Correct/Total: 13/15
2025-09-19 22:04:28 -   Confusion Matrix Stats:
2025-09-19 22:04:28 -     TP: 7, TN: 6
2025-09-19 22:04:28 -     FP: 2, FN: 0
2025-09-19 22:04:28 - Subject: P3_sub-021
2025-09-19 22:04:28 -   Accuracy: 37.500%
2025-09-19 22:04:28 -   Precision: 0.667
2025-09-19 22:04:28 -   Recall: 0.333
2025-09-19 22:04:28 -   F1 Score: 0.444
2025-09-19 22:04:28 -   AUC: 0.500
2025-09-19 22:04:28 -   Correct/Total: 3/8
2025-09-19 22:04:28 -   Confusion Matrix Stats:
2025-09-19 22:04:28 -     TP: 2, TN: 1
2025-09-19 22:04:28 -     FP: 1, FN: 4
2025-09-19 22:04:28 - Subject: P3_sub-022
2025-09-19 22:04:28 -   Accuracy: 66.667%
2025-09-19 22:04:28 -   Precision: 0.625
2025-09-19 22:04:28 -   Recall: 0.833
2025-09-19 22:04:28 -   F1 Score: 0.714
2025-09-19 22:04:28 -   AUC: 0.861
2025-09-19 22:04:28 -   Correct/Total: 8/12
2025-09-19 22:04:28 -   Confusion Matrix Stats:
2025-09-19 22:04:28 -     TP: 5, TN: 3
2025-09-19 22:04:28 -     FP: 3, FN: 1
2025-09-19 22:04:28 - Subject: P3_sub-023
2025-09-19 22:04:28 -   Accuracy: 84.615%
2025-09-19 22:04:28 -   Precision: 1.000
2025-09-19 22:04:28 -   Recall: 0.714
2025-09-19 22:04:28 -   F1 Score: 0.833
2025-09-19 22:04:28 -   AUC: 0.929
2025-09-19 22:04:28 -   Correct/Total: 11/13
2025-09-19 22:04:28 -   Confusion Matrix Stats:
2025-09-19 22:04:28 -     TP: 5, TN: 6
2025-09-19 22:04:28 -     FP: 0, FN: 2
2025-09-19 22:04:28 - Subject: P3_sub-024
2025-09-19 22:04:28 -   Accuracy: 70.000%
2025-09-19 22:04:28 -   Precision: 0.625
2025-09-19 22:04:28 -   Recall: 1.000
2025-09-19 22:04:28 -   F1 Score: 0.769
2025-09-19 22:04:28 -   AUC: 0.800
2025-09-19 22:04:28 -   Correct/Total: 7/10
2025-09-19 22:04:28 -   Confusion Matrix Stats:
2025-09-19 22:04:28 -     TP: 5, TN: 2
2025-09-19 22:04:28 -     FP: 3, FN: 0
2025-09-19 22:04:28 - Subject: P3_sub-025
2025-09-19 22:04:28 -   Accuracy: 62.500%
2025-09-19 22:04:28 -   Precision: 0.714
2025-09-19 22:04:28 -   Recall: 0.833
2025-09-19 22:04:28 -   F1 Score: 0.769
2025-09-19 22:04:28 -   AUC: 0.417
2025-09-19 22:04:28 -   Correct/Total: 5/8
2025-09-19 22:04:28 -   Confusion Matrix Stats:
2025-09-19 22:04:28 -     TP: 5, TN: 0
2025-09-19 22:04:28 -     FP: 2, FN: 1
2025-09-19 22:04:28 - Subject: P3_sub-026
2025-09-19 22:04:28 -   Accuracy: 66.667%
2025-09-19 22:04:28 -   Precision: 0.857
2025-09-19 22:04:28 -   Recall: 0.667
2025-09-19 22:04:28 -   F1 Score: 0.750
2025-09-19 22:04:28 -   AUC: 0.630
2025-09-19 22:04:28 -   Correct/Total: 8/12
2025-09-19 22:04:28 -   Confusion Matrix Stats:
2025-09-19 22:04:28 -     TP: 6, TN: 2
2025-09-19 22:04:28 -     FP: 1, FN: 3
2025-09-19 22:04:28 - Subject: P3_sub-027
2025-09-19 22:04:28 -   Accuracy: 44.444%
2025-09-19 22:04:28 -   Precision: 1.000
2025-09-19 22:04:28 -   Recall: 0.286
2025-09-19 22:04:28 -   F1 Score: 0.444
2025-09-19 22:04:28 -   AUC: 0.500
2025-09-19 22:04:28 -   Correct/Total: 4/9
2025-09-19 22:04:28 -   Confusion Matrix Stats:
2025-09-19 22:04:28 -     TP: 2, TN: 2
2025-09-19 22:04:28 -     FP: 0, FN: 5
2025-09-19 22:04:28 - Subject: P3_sub-028
2025-09-19 22:04:28 -   Accuracy: 40.000%
2025-09-19 22:04:28 -   Precision: 0.000
2025-09-19 22:04:28 -   Recall: 0.000
2025-09-19 22:04:28 -   F1 Score: 0.000
2025-09-19 22:04:28 -   AUC: 0.571
2025-09-19 22:04:28 -   Correct/Total: 4/10
2025-09-19 22:04:28 -   Confusion Matrix Stats:
2025-09-19 22:04:28 -     TP: 0, TN: 4
2025-09-19 22:04:28 -     FP: 3, FN: 3
2025-09-19 22:04:28 - Subject: P3_sub-029
2025-09-19 22:04:28 -   Accuracy: 58.333%
2025-09-19 22:04:28 -   Precision: 0.571
2025-09-19 22:04:28 -   Recall: 0.667
2025-09-19 22:04:28 -   F1 Score: 0.615
2025-09-19 22:04:28 -   AUC: 0.639
2025-09-19 22:04:28 -   Correct/Total: 7/12
2025-09-19 22:04:28 -   Confusion Matrix Stats:
2025-09-19 22:04:28 -     TP: 4, TN: 3
2025-09-19 22:04:28 -     FP: 3, FN: 2
2025-09-19 22:04:28 - Subject: P3_sub-030
2025-09-19 22:04:28 -   Accuracy: 53.846%
2025-09-19 22:04:28 -   Precision: 0.444
2025-09-19 22:04:28 -   Recall: 0.800
2025-09-19 22:04:28 -   F1 Score: 0.571
2025-09-19 22:04:28 -   AUC: 0.500
2025-09-19 22:04:28 -   Correct/Total: 7/13
2025-09-19 22:04:28 -   Confusion Matrix Stats:
2025-09-19 22:04:28 -     TP: 4, TN: 3
2025-09-19 22:04:28 -     FP: 5, FN: 1
2025-09-19 22:04:28 - Subject: P3_sub-031
2025-09-19 22:04:28 -   Accuracy: 80.000%
2025-09-19 22:04:28 -   Precision: 1.000
2025-09-19 22:04:28 -   Recall: 0.667
2025-09-19 22:04:28 -   F1 Score: 0.800
2025-09-19 22:04:28 -   AUC: 0.958
2025-09-19 22:04:28 -   Correct/Total: 8/10
2025-09-19 22:04:28 -   Confusion Matrix Stats:
2025-09-19 22:04:28 -     TP: 4, TN: 4
2025-09-19 22:04:28 -     FP: 0, FN: 2
2025-09-19 22:04:28 - Subject: P3_sub-032
2025-09-19 22:04:28 -   Accuracy: 85.714%
2025-09-19 22:04:28 -   Precision: 0.800
2025-09-19 22:04:28 -   Recall: 1.000
2025-09-19 22:04:28 -   F1 Score: 0.889
2025-09-19 22:04:28 -   AUC: 1.000
2025-09-19 22:04:28 -   Correct/Total: 6/7
2025-09-19 22:04:28 -   Confusion Matrix Stats:
2025-09-19 22:04:28 -     TP: 4, TN: 2
2025-09-19 22:04:28 -     FP: 1, FN: 0
2025-09-19 22:04:28 - Subject: P3_sub-033
2025-09-19 22:04:28 -   Accuracy: 80.000%
2025-09-19 22:04:28 -   Precision: 0.800
2025-09-19 22:04:28 -   Recall: 0.800
2025-09-19 22:04:28 -   F1 Score: 0.800
2025-09-19 22:04:28 -   AUC: 0.720
2025-09-19 22:04:28 -   Correct/Total: 8/10
2025-09-19 22:04:28 -   Confusion Matrix Stats:
2025-09-19 22:04:28 -     TP: 4, TN: 4
2025-09-19 22:04:28 -     FP: 1, FN: 1
2025-09-19 22:04:28 - Subject: P3_sub-034
2025-09-19 22:04:28 -   Accuracy: 90.000%
2025-09-19 22:04:28 -   Precision: 1.000
2025-09-19 22:04:28 -   Recall: 0.833
2025-09-19 22:04:28 -   F1 Score: 0.909
2025-09-19 22:04:28 -   AUC: 1.000
2025-09-19 22:04:28 -   Correct/Total: 9/10
2025-09-19 22:04:28 -   Confusion Matrix Stats:
2025-09-19 22:04:28 -     TP: 5, TN: 4
2025-09-19 22:04:28 -     FP: 0, FN: 1
2025-09-19 22:04:28 - Subject: P3_sub-035
2025-09-19 22:04:28 -   Accuracy: 55.556%
2025-09-19 22:04:28 -   Precision: 0.667
2025-09-19 22:04:28 -   Recall: 0.667
2025-09-19 22:04:28 -   F1 Score: 0.667
2025-09-19 22:04:28 -   AUC: 0.444
2025-09-19 22:04:28 -   Correct/Total: 5/9
2025-09-19 22:04:28 -   Confusion Matrix Stats:
2025-09-19 22:04:28 -     TP: 4, TN: 1
2025-09-19 22:04:28 -     FP: 2, FN: 2
2025-09-19 22:04:28 - Subject: P3_sub-036
2025-09-19 22:04:28 -   Accuracy: 50.000%
2025-09-19 22:04:28 -   Precision: 0.667
2025-09-19 22:04:28 -   Recall: 0.400
2025-09-19 22:04:28 -   F1 Score: 0.500
2025-09-19 22:04:28 -   AUC: 0.667
2025-09-19 22:04:28 -   Correct/Total: 4/8
2025-09-19 22:04:28 -   Confusion Matrix Stats:
2025-09-19 22:04:28 -     TP: 2, TN: 2
2025-09-19 22:04:28 -     FP: 1, FN: 3
2025-09-19 22:04:28 - Subject: P3_sub-037
2025-09-19 22:04:28 -   Accuracy: 42.857%
2025-09-19 22:04:28 -   Precision: 0.500
2025-09-19 22:04:28 -   Recall: 0.250
2025-09-19 22:04:28 -   F1 Score: 0.333
2025-09-19 22:04:28 -   AUC: 0.583
2025-09-19 22:04:28 -   Correct/Total: 3/7
2025-09-19 22:04:28 -   Confusion Matrix Stats:
2025-09-19 22:04:28 -     TP: 1, TN: 2
2025-09-19 22:04:28 -     FP: 1, FN: 3
2025-09-19 22:04:28 - Subject: P3_sub-038
2025-09-19 22:04:28 -   Accuracy: 88.889%
2025-09-19 22:04:28 -   Precision: 1.000
2025-09-19 22:04:28 -   Recall: 0.667
2025-09-19 22:04:28 -   F1 Score: 0.800
2025-09-19 22:04:28 -   AUC: 0.667
2025-09-19 22:04:28 -   Correct/Total: 8/9
2025-09-19 22:04:28 -   Confusion Matrix Stats:
2025-09-19 22:04:28 -     TP: 2, TN: 6
2025-09-19 22:04:28 -     FP: 0, FN: 1
2025-09-19 22:04:28 - Subject: P3_sub-039
2025-09-19 22:04:28 -   Accuracy: 72.727%
2025-09-19 22:04:28 -   Precision: 1.000
2025-09-19 22:04:28 -   Recall: 0.250
2025-09-19 22:04:28 -   F1 Score: 0.400
2025-09-19 22:04:28 -   AUC: 0.250
2025-09-19 22:04:28 -   Correct/Total: 8/11
2025-09-19 22:04:28 -   Confusion Matrix Stats:
2025-09-19 22:04:28 -     TP: 1, TN: 7
2025-09-19 22:04:28 -     FP: 0, FN: 3
2025-09-19 22:04:28 - Subject: P3_sub-040
2025-09-19 22:04:28 -   Accuracy: 55.556%
2025-09-19 22:04:28 -   Precision: 0.500
2025-09-19 22:04:28 -   Recall: 0.500
2025-09-19 22:04:28 -   F1 Score: 0.500
2025-09-19 22:04:28 -   AUC: 0.600
2025-09-19 22:04:28 -   Correct/Total: 5/9
2025-09-19 22:04:28 -   Confusion Matrix Stats:
2025-09-19 22:04:28 -     TP: 2, TN: 3
2025-09-19 22:04:28 -     FP: 2, FN: 2
2025-09-19 22:04:28 - 
Combined Model (All Subjects) Statistics:
2025-09-19 22:04:28 - 95% Confidence Interval: [0.595, 0.666]
2025-09-19 22:04:28 - Best Subject: P3_sub-034 (0.900)
2025-09-19 22:04:28 - Worst Subject: AVO_037 (0.222)
2025-09-19 22:04:28 - Mean Accuracy: 0.640
2025-09-19 22:04:28 - Mean Precision: 0.678
2025-09-19 22:04:28 - Mean Recall: 0.601
2025-09-19 22:04:28 - Mean F1-Score: 0.637
2025-09-19 22:04:28 - Mean AUC: 0.692
2025-09-19 22:04:28 - Mean Confusion Matrix:
2025-09-19 22:04:28 -   TP: 3, TN: 3
2025-09-19 22:04:28 -   FP: 2, FN: 2
2025-09-19 22:04:28 - 
Combined Model – P3 Subjects Statistics:
2025-09-19 22:04:28 - 95% Confidence Interval: [0.564, 0.679]
2025-09-19 22:04:28 - Best Subject: P3_sub-034 (0.900)
2025-09-19 22:04:28 - Worst Subject: P3_sub-011 (0.300)
2025-09-19 22:04:28 - Mean Accuracy: 0.626
2025-09-19 22:04:28 - Mean Precision: 0.679
2025-09-19 22:04:28 - Mean Recall: 0.584
2025-09-19 22:04:28 - Mean F1-Score: 0.628
2025-09-19 22:04:28 - Mean AUC: 0.689
2025-09-19 22:04:28 - Mean Confusion Matrix:
2025-09-19 22:04:28 -   TP: 3, TN: 3
2025-09-19 22:04:28 -   FP: 1, FN: 2
2025-09-19 22:04:28 - 
Combined Model – AVO Subjects Statistics:
2025-09-19 22:04:28 - 95% Confidence Interval: [0.594, 0.684]
2025-09-19 22:04:28 - Best Subject: AVO_023 (0.875)
2025-09-19 22:04:28 - Worst Subject: AVO_037 (0.222)
2025-09-19 22:04:28 - Mean Accuracy: 0.653
2025-09-19 22:04:28 - Mean Precision: 0.677
2025-09-19 22:04:28 - Mean Recall: 0.618
2025-09-19 22:04:28 - Mean F1-Score: 0.646
2025-09-19 22:04:28 - Mean AUC: 0.696
2025-09-19 22:04:28 - Mean Confusion Matrix:
2025-09-19 22:04:28 -   TP: 3, TN: 3
2025-09-19 22:04:28 -   FP: 2, FN: 2
