2025-09-19 20:11:14 - 
Experiment Configuration:
2025-09-19 20:11:14 - --------------------------------------------------
2025-09-19 20:11:14 - dataset: use_combined_datasets
2025-09-19 20:11:14 - use_combined_datasets: True
2025-09-19 20:11:14 - electrode_list: all
2025-09-19 20:11:14 - classifier: EEGConformer
2025-09-19 20:11:14 - separate_subject_classification: False
2025-09-19 20:11:14 - use_subject_layer: False
2025-09-19 20:11:14 - seeds: [42]
2025-09-19 20:11:14 - electrode_fusion_method: spatial_attention
2025-09-19 20:11:14 - domain_adaptation_method: none
2025-09-19 20:11:14 - enable_comprehensive_evaluation: True
2025-09-19 20:11:14 - enable_domain_analysis: True
2025-09-19 20:11:14 - enable_small_sample_analysis: False
2025-09-19 20:11:14 - small_sample_sizes: [5, 10, 15, 20]
2025-09-19 20:11:14 - small_sample_subjects: [5, 10, 15]
2025-09-19 20:11:14 - --------------------------------------------------
2025-09-19 20:11:14 - 
==================================================
2025-09-19 20:11:14 - Processing Combined P3 and AVO Datasets
2025-09-19 20:11:14 - ==================================================
2025-09-19 20:11:14 - 启用融合方法: spatial_attention, 域适应: none
2025-09-19 20:11:14 - 融合模式：使用各数据集的原生电极配置
2025-09-19 20:11:14 - Processing datasets: ['P3', 'AVO']
2025-09-19 20:11:14 - Processing dataset: P3
2025-09-19 20:11:21 - Dataset P3 processed: 1120 training samples
2025-09-19 20:11:21 - Processing dataset: AVO
2025-09-19 20:11:27 - Dataset AVO processed: 1080 training samples
2025-09-19 20:11:27 - Created data loaders for P3
2025-09-19 20:11:27 - Created data loaders for AVO
2025-09-19 20:11:27 - Training fusion model: spatial_attention with domain adaptation: none
2025-09-19 20:11:40 - Fusion experiment completed successfully
2025-09-19 20:11:40 - Final accuracy: 0.6123263888888888
