2025-09-24 21:06:37 - 
Experiment Configuration:
2025-09-24 21:06:37 - --------------------------------------------------
2025-09-24 21:06:37 - dataset: use_combined_datasets
2025-09-24 21:06:37 - use_combined_datasets: True
2025-09-24 21:06:37 - electrode_list: common
2025-09-24 21:06:37 - classifier: EEGConformer
2025-09-24 21:06:37 - separate_subject_classification: False
2025-09-24 21:06:37 - use_subject_layer: False
2025-09-24 21:06:37 - seeds: [42, 123, 456, 789, 321]
2025-09-24 21:06:37 - use_nested_cv: True
2025-09-24 21:06:37 - electrode_fusion_method: none
2025-09-24 21:06:37 - domain_adaptation_method: none
2025-09-24 21:06:37 - enable_comprehensive_evaluation: True
2025-09-24 21:06:37 - enable_domain_analysis: True
2025-09-24 21:06:37 - enable_small_sample_analysis: False
2025-09-24 21:06:37 - small_sample_sizes: [5, 10, 15, 20]
2025-09-24 21:06:37 - small_sample_subjects: [5, 10, 15]
2025-09-24 21:06:37 - --------------------------------------------------
2025-09-24 21:06:37 - 
==================================================
2025-09-24 21:06:37 - Processing Combined P3 and AVO Datasets
2025-09-24 21:06:37 - ==================================================
2025-09-24 21:06:37 - 使用传统方法（无融合）
2025-09-24 21:06:37 - Using Cross-Validation (simplified approach)
2025-09-24 21:06:37 - Configuration: 5-fold CV, 5 repeats
2025-09-24 21:06:37 - ============================================================
2025-09-24 21:06:37 - CROSS-VALIDATION CONFIGURATION
2025-09-24 21:06:37 - ============================================================
2025-09-24 21:06:37 - Datasets: ['P3', 'AVO']
2025-09-24 21:06:37 - CV folds: 5
2025-09-24 21:06:37 - Repeats: 5
2025-09-24 21:06:37 - Confidence level: 0.95
2025-09-24 21:06:37 - ============================================================
2025-09-24 21:06:37 - STRATIFIED SAMPLING CONFIGURATION
2025-09-24 21:06:37 - ============================================================
2025-09-24 21:06:37 - Nested CV Mode: Trial counts per subject by dataset
2025-09-24 21:06:37 -   P3 dataset: 20 trials per subject
2025-09-24 21:06:37 -   AVO dataset: 200 trials per subject
2025-09-24 21:06:37 - Sampling strategy: Multi-level stratified sampling
2025-09-24 21:06:37 -   - Subject-level: Stratified trial selection per subject
2025-09-24 21:06:37 -   - Dataset-level: Stratified sampling when dataset trial counts differ
2025-09-24 21:06:37 -   - Fold-level: StratifiedKFold for 5-fold CV
2025-09-24 21:06:37 -   - Train/Val split: Stratified train_test_split within each fold
2025-09-24 21:06:37 - ============================================================
2025-09-24 21:06:37 - Subject P3_sub-001: Sampled 20/80 trials
2025-09-24 21:06:37 -   Original distribution: {0: 0.5, 1: 0.5}
2025-09-24 21:06:37 -   Sampled distribution: {0: 0.5, 1: 0.5}
2025-09-24 21:06:37 - Subject P3_sub-002: Sampled 20/80 trials
2025-09-24 21:06:37 -   Original distribution: {0: 0.5, 1: 0.5}
2025-09-24 21:06:37 -   Sampled distribution: {0: 0.5, 1: 0.5}
2025-09-24 21:06:37 - Subject P3_sub-003: Sampled 20/80 trials
2025-09-24 21:06:37 -   Original distribution: {0: 0.5, 1: 0.5}
2025-09-24 21:06:37 -   Sampled distribution: {0: 0.5, 1: 0.5}
2025-09-24 21:06:38 - Subject P3_sub-004: Sampled 20/78 trials
2025-09-24 21:06:38 -   Original distribution: {0: 0.5, 1: 0.5}
2025-09-24 21:06:38 -   Sampled distribution: {0: 0.5, 1: 0.5}
2025-09-24 21:06:38 - Subject P3_sub-005: Sampled 20/80 trials
2025-09-24 21:06:38 -   Original distribution: {0: 0.5, 1: 0.5}
2025-09-24 21:06:38 -   Sampled distribution: {0: 0.5, 1: 0.5}
2025-09-24 21:06:38 - Subject P3_sub-006: Sampled 20/80 trials
2025-09-24 21:06:38 -   Original distribution: {0: 0.5, 1: 0.5}
2025-09-24 21:06:38 -   Sampled distribution: {0: 0.5, 1: 0.5}
2025-09-24 21:06:38 - Subject P3_sub-007: Sampled 20/80 trials
2025-09-24 21:06:38 -   Original distribution: {0: 0.5, 1: 0.5}
2025-09-24 21:06:38 -   Sampled distribution: {0: 0.5, 1: 0.5}
2025-09-24 21:06:38 - Subject P3_sub-008: Sampled 20/80 trials
2025-09-24 21:06:38 -   Original distribution: {0: 0.5, 1: 0.5}
2025-09-24 21:06:38 -   Sampled distribution: {0: 0.5, 1: 0.5}
2025-09-24 21:06:38 - Subject P3_sub-009: Sampled 20/80 trials
2025-09-24 21:06:38 -   Original distribution: {0: 0.5, 1: 0.5}
2025-09-24 21:06:38 -   Sampled distribution: {0: 0.5, 1: 0.5}
2025-09-24 21:06:39 - Subject P3_sub-010: Sampled 20/80 trials
2025-09-24 21:06:39 -   Original distribution: {0: 0.5, 1: 0.5}
2025-09-24 21:06:39 -   Sampled distribution: {0: 0.5, 1: 0.5}
2025-09-24 21:06:39 - Subject P3_sub-011: Sampled 20/80 trials
2025-09-24 21:06:39 -   Original distribution: {0: 0.5, 1: 0.5}
2025-09-24 21:06:39 -   Sampled distribution: {0: 0.5, 1: 0.5}
2025-09-24 21:06:39 - Subject P3_sub-012: Sampled 20/78 trials
2025-09-24 21:06:39 -   Original distribution: {0: 0.5, 1: 0.5}
2025-09-24 21:06:39 -   Sampled distribution: {0: 0.5, 1: 0.5}
2025-09-24 21:06:39 - Subject P3_sub-013: Sampled 20/80 trials
2025-09-24 21:06:39 -   Original distribution: {0: 0.5, 1: 0.5}
2025-09-24 21:06:39 -   Sampled distribution: {0: 0.5, 1: 0.5}
2025-09-24 21:06:39 - Subject P3_sub-014: Sampled 20/80 trials
2025-09-24 21:06:39 -   Original distribution: {0: 0.5, 1: 0.5}
2025-09-24 21:06:39 -   Sampled distribution: {0: 0.5, 1: 0.5}
2025-09-24 21:06:39 - Subject P3_sub-015: Sampled 20/80 trials
2025-09-24 21:06:39 -   Original distribution: {0: 0.5, 1: 0.5}
2025-09-24 21:06:39 -   Sampled distribution: {0: 0.5, 1: 0.5}
2025-09-24 21:06:40 - Subject P3_sub-016: Sampled 20/80 trials
2025-09-24 21:06:40 -   Original distribution: {0: 0.5, 1: 0.5}
2025-09-24 21:06:40 -   Sampled distribution: {0: 0.5, 1: 0.5}
2025-09-24 21:06:40 - Subject P3_sub-017: Sampled 20/80 trials
2025-09-24 21:06:40 -   Original distribution: {0: 0.5, 1: 0.5}
2025-09-24 21:06:40 -   Sampled distribution: {0: 0.5, 1: 0.5}
2025-09-24 21:06:40 - Subject P3_sub-018: Sampled 20/80 trials
2025-09-24 21:06:40 -   Original distribution: {0: 0.5, 1: 0.5}
2025-09-24 21:06:40 -   Sampled distribution: {0: 0.5, 1: 0.5}
2025-09-24 21:06:40 - Subject P3_sub-019: Sampled 20/80 trials
2025-09-24 21:06:40 -   Original distribution: {0: 0.5, 1: 0.5}
2025-09-24 21:06:40 -   Sampled distribution: {0: 0.5, 1: 0.5}
2025-09-24 21:06:40 - Subject P3_sub-020: Sampled 20/78 trials
2025-09-24 21:06:40 -   Original distribution: {0: 0.5, 1: 0.5}
2025-09-24 21:06:40 -   Sampled distribution: {0: 0.5, 1: 0.5}
2025-09-24 21:06:41 - Subject P3_sub-021: Sampled 20/80 trials
2025-09-24 21:06:41 -   Original distribution: {0: 0.5, 1: 0.5}
2025-09-24 21:06:41 -   Sampled distribution: {0: 0.5, 1: 0.5}
2025-09-24 21:06:41 - Subject P3_sub-022: Sampled 20/80 trials
2025-09-24 21:06:41 -   Original distribution: {0: 0.5, 1: 0.5}
2025-09-24 21:06:41 -   Sampled distribution: {0: 0.5, 1: 0.5}
2025-09-24 21:06:41 - Subject P3_sub-023: Sampled 20/78 trials
2025-09-24 21:06:41 -   Original distribution: {0: 0.5, 1: 0.5}
2025-09-24 21:06:41 -   Sampled distribution: {0: 0.5, 1: 0.5}
2025-09-24 21:06:41 - Subject P3_sub-024: Sampled 20/80 trials
2025-09-24 21:06:41 -   Original distribution: {0: 0.5, 1: 0.5}
2025-09-24 21:06:41 -   Sampled distribution: {0: 0.5, 1: 0.5}
2025-09-24 21:06:41 - Subject P3_sub-025: Sampled 20/80 trials
2025-09-24 21:06:41 -   Original distribution: {0: 0.5, 1: 0.5}
2025-09-24 21:06:41 -   Sampled distribution: {0: 0.5, 1: 0.5}
2025-09-24 21:06:41 - Subject P3_sub-026: Sampled 20/80 trials
2025-09-24 21:06:41 -   Original distribution: {0: 0.5, 1: 0.5}
2025-09-24 21:06:41 -   Sampled distribution: {0: 0.5, 1: 0.5}
2025-09-24 21:06:42 - Subject P3_sub-027: Sampled 20/80 trials
2025-09-24 21:06:42 -   Original distribution: {0: 0.5, 1: 0.5}
2025-09-24 21:06:42 -   Sampled distribution: {0: 0.5, 1: 0.5}
2025-09-24 21:06:42 - Subject P3_sub-028: Sampled 20/80 trials
2025-09-24 21:06:42 -   Original distribution: {0: 0.5, 1: 0.5}
2025-09-24 21:06:42 -   Sampled distribution: {0: 0.5, 1: 0.5}
2025-09-24 21:06:42 - Subject P3_sub-029: Sampled 20/80 trials
2025-09-24 21:06:42 -   Original distribution: {0: 0.5, 1: 0.5}
2025-09-24 21:06:42 -   Sampled distribution: {0: 0.5, 1: 0.5}
2025-09-24 21:06:42 - Subject P3_sub-030: Sampled 20/80 trials
2025-09-24 21:06:42 -   Original distribution: {0: 0.5, 1: 0.5}
2025-09-24 21:06:42 -   Sampled distribution: {0: 0.5, 1: 0.5}
2025-09-24 21:06:42 - Subject P3_sub-031: Sampled 20/80 trials
2025-09-24 21:06:42 -   Original distribution: {0: 0.5, 1: 0.5}
2025-09-24 21:06:42 -   Sampled distribution: {0: 0.5, 1: 0.5}
2025-09-24 21:06:42 - Subject P3_sub-032: Sampled 20/80 trials
2025-09-24 21:06:42 -   Original distribution: {0: 0.5, 1: 0.5}
2025-09-24 21:06:42 -   Sampled distribution: {0: 0.5, 1: 0.5}
2025-09-24 21:06:43 - Subject P3_sub-033: Sampled 20/80 trials
2025-09-24 21:06:43 -   Original distribution: {0: 0.5, 1: 0.5}
2025-09-24 21:06:43 -   Sampled distribution: {0: 0.5, 1: 0.5}
2025-09-24 21:06:43 - Subject P3_sub-034: Sampled 20/80 trials
2025-09-24 21:06:43 -   Original distribution: {0: 0.5, 1: 0.5}
2025-09-24 21:06:43 -   Sampled distribution: {0: 0.5, 1: 0.5}
2025-09-24 21:06:43 - Subject P3_sub-035: Sampled 20/78 trials
2025-09-24 21:06:43 -   Original distribution: {0: 0.5, 1: 0.5}
2025-09-24 21:06:43 -   Sampled distribution: {0: 0.5, 1: 0.5}
2025-09-24 21:06:43 - Subject P3_sub-036: Sampled 20/80 trials
2025-09-24 21:06:43 -   Original distribution: {0: 0.5, 1: 0.5}
2025-09-24 21:06:43 -   Sampled distribution: {0: 0.5, 1: 0.5}
2025-09-24 21:06:43 - Subject P3_sub-037: Sampled 20/78 trials
2025-09-24 21:06:43 -   Original distribution: {0: 0.5, 1: 0.5}
2025-09-24 21:06:43 -   Sampled distribution: {0: 0.5, 1: 0.5}
2025-09-24 21:06:43 - Subject P3_sub-038: Sampled 20/80 trials
2025-09-24 21:06:43 -   Original distribution: {0: 0.5, 1: 0.5}
2025-09-24 21:06:43 -   Sampled distribution: {0: 0.5, 1: 0.5}
2025-09-24 21:06:44 - Subject P3_sub-039: Sampled 20/80 trials
2025-09-24 21:06:44 -   Original distribution: {0: 0.5, 1: 0.5}
2025-09-24 21:06:44 -   Sampled distribution: {0: 0.5, 1: 0.5}
2025-09-24 21:06:44 - Subject P3_sub-040: Sampled 20/80 trials
2025-09-24 21:06:44 -   Original distribution: {0: 0.5, 1: 0.5}
2025-09-24 21:06:44 -   Sampled distribution: {0: 0.5, 1: 0.5}
2025-09-24 21:06:51 - Nested CV dataset summary:
2025-09-24 21:06:51 -   Total subjects: 80
2025-09-24 21:06:51 -   Total trials: 3824
2025-09-24 21:06:51 -   Average trials per subject: 47.8
2025-09-24 21:06:51 -   P3 dataset: 40 subjects, 800 trials (20.0 trials/subject)
2025-09-24 21:06:51 -   AVO dataset: 40 subjects, 3024 trials (75.6 trials/subject)
2025-09-24 21:06:51 -   Class distribution: {0: 1912, 1: 1912}
2025-09-24 21:06:51 -   Class proportions: [0.5 0.5]
2025-09-24 21:06:51 -   NOTE: Datasets have different trial counts - StratifiedKFold will handle balanced sampling
2025-09-24 21:06:51 - Enhanced preprocessing increased channels from 5 to 25
2025-09-24 21:06:51 - Starting Cross-Validation for EEGConformer
2025-09-24 21:06:51 - Configuration: 5-fold CV, 5 repeats
2025-09-24 21:06:51 - Data split ratios: Train=0.7, Val=0.1, Test=0.2
2025-09-24 21:06:51 - Repeat 1/5
2025-09-24 21:06:51 -   Fold 1/5
2025-09-24 21:06:51 -     Fold split: Train=2676, Val=383
2025-09-24 21:11:25 -     Test accuracy: 0.7582
2025-09-24 21:11:25 -   Fold 2/5
2025-09-24 21:11:25 -     Fold split: Train=2676, Val=383
2025-09-24 21:16:41 -     Test accuracy: 0.7621
2025-09-24 21:16:41 -   Fold 3/5
2025-09-24 21:16:41 -     Fold split: Train=2676, Val=383
2025-09-24 21:20:35 -     Test accuracy: 0.7229
2025-09-24 21:20:35 -   Fold 4/5
2025-09-24 21:20:35 -     Fold split: Train=2676, Val=383
2025-09-24 21:21:55 -     Test accuracy: 0.6980
2025-09-24 21:21:55 -   Fold 5/5
2025-09-24 21:21:55 -     Fold split: Train=2677, Val=383
2025-09-24 21:24:05 -     Test accuracy: 0.7029
2025-09-24 21:24:05 -   Repeat 1 mean accuracy: 0.7288 ± 0.0269
2025-09-24 21:24:05 - Repeat 2/5
2025-09-24 21:24:05 -   Fold 1/5
2025-09-24 21:24:05 -     Fold split: Train=2676, Val=383
2025-09-24 21:27:14 -     Test accuracy: 0.7190
2025-09-24 21:27:14 -   Fold 2/5
2025-09-24 21:27:14 -     Fold split: Train=2676, Val=383
2025-09-24 21:32:17 -     Test accuracy: 0.7869
2025-09-24 21:32:17 -   Fold 3/5
2025-09-24 21:32:17 -     Fold split: Train=2676, Val=383
2025-09-24 21:37:14 -     Test accuracy: 0.7621
2025-09-24 21:37:14 -   Fold 4/5
2025-09-24 21:37:15 -     Fold split: Train=2676, Val=383
2025-09-24 21:40:55 -     Test accuracy: 0.6680
2025-09-24 21:40:55 -   Fold 5/5
2025-09-24 21:40:55 -     Fold split: Train=2677, Val=383
2025-09-24 21:45:40 -     Test accuracy: 0.7853
2025-09-24 21:45:40 -   Repeat 2 mean accuracy: 0.7443 ± 0.0454
2025-09-24 21:45:40 - Repeat 3/5
2025-09-24 21:45:40 -   Fold 1/5
2025-09-24 21:45:40 -     Fold split: Train=2676, Val=383
2025-09-24 21:48:59 -     Test accuracy: 0.7386
2025-09-24 21:48:59 -   Fold 2/5
2025-09-24 21:48:59 -     Fold split: Train=2676, Val=383
2025-09-24 21:53:59 -     Test accuracy: 0.6876
2025-09-24 21:53:59 -   Fold 3/5
2025-09-24 21:53:59 -     Fold split: Train=2676, Val=383
2025-09-24 21:56:03 -     Test accuracy: 0.7386
2025-09-24 21:56:03 -   Fold 4/5
2025-09-24 21:56:03 -     Fold split: Train=2676, Val=383
2025-09-24 21:59:03 -     Test accuracy: 0.7268
2025-09-24 21:59:03 -   Fold 5/5
2025-09-24 21:59:03 -     Fold split: Train=2677, Val=383
2025-09-24 22:02:35 -     Test accuracy: 0.7474
2025-09-24 22:02:35 -   Repeat 3 mean accuracy: 0.7278 ± 0.0211
2025-09-24 22:02:35 - Repeat 4/5
2025-09-24 22:02:35 -   Fold 1/5
2025-09-24 22:02:35 -     Fold split: Train=2676, Val=383
2025-09-24 22:05:30 -     Test accuracy: 0.7399
2025-09-24 22:05:30 -   Fold 2/5
2025-09-24 22:05:30 -     Fold split: Train=2676, Val=383
2025-09-24 22:10:04 -     Test accuracy: 0.7320
2025-09-24 22:10:04 -   Fold 3/5
2025-09-24 22:10:05 -     Fold split: Train=2676, Val=383
2025-09-24 22:12:20 -     Test accuracy: 0.6902
2025-09-24 22:12:20 -   Fold 4/5
2025-09-24 22:12:20 -     Fold split: Train=2676, Val=383
2025-09-24 22:17:53 -     Test accuracy: 0.7791
2025-09-24 22:17:53 -   Fold 5/5
2025-09-24 22:17:53 -     Fold split: Train=2677, Val=383
2025-09-24 22:22:48 -     Test accuracy: 0.7866
2025-09-24 22:22:48 -   Repeat 4 mean accuracy: 0.7456 ± 0.0349
2025-09-24 22:22:48 - Repeat 5/5
2025-09-24 22:22:48 -   Fold 1/5
2025-09-24 22:22:48 -     Fold split: Train=2676, Val=383
2025-09-24 22:27:40 -     Test accuracy: 0.7438
2025-09-24 22:27:40 -   Fold 2/5
2025-09-24 22:27:40 -     Fold split: Train=2676, Val=383
2025-09-24 22:32:03 -     Test accuracy: 0.7608
2025-09-24 22:32:03 -   Fold 3/5
2025-09-24 22:32:03 -     Fold split: Train=2676, Val=383
2025-09-24 22:34:30 -     Test accuracy: 0.7242
2025-09-24 22:34:30 -   Fold 4/5
2025-09-24 22:34:30 -     Fold split: Train=2676, Val=383
2025-09-24 22:35:42 -     Test accuracy: 0.6693
2025-09-24 22:35:42 -   Fold 5/5
2025-09-24 22:35:42 -     Fold split: Train=2677, Val=383
2025-09-24 22:40:40 -     Test accuracy: 0.7670
2025-09-24 22:40:40 -   Repeat 5 mean accuracy: 0.7330 ± 0.0352
2025-09-24 22:40:40 - Cross-Validation completed for EEGConformer
2025-09-24 22:40:40 - Final accuracy: 0.7359 ± 0.0353
2025-09-24 22:40:40 - 95% CI: [0.7213, 0.7504]
2025-09-24 22:40:40 - 
============================================================
2025-09-24 22:40:40 - CROSS-VALIDATION RESULTS
2025-09-24 22:40:40 - ============================================================
2025-09-24 22:40:40 - Model: EEGConformer
2025-09-24 22:40:40 - Overall accuracy: 0.7359 ± 0.0353
2025-09-24 22:40:40 - 95% Confidence Interval: [0.7213, 0.7504]
2025-09-24 22:40:40 - Statistical significance: 25 evaluations
2025-09-24 22:40:40 - Precision: 0.7288 [0.7074, 0.7501]
2025-09-24 22:40:40 - Recall: 0.7673 [0.7254, 0.8092]
2025-09-24 22:40:40 - F1_Score: 0.7415 [0.7220, 0.7610]
2025-09-24 22:40:40 - Auc: 0.8051 [0.7945, 0.8156]
2025-09-24 22:40:40 - ============================================================
2025-09-24 22:40:40 - Individual subject results skipped - using Nested Cross-Validation results
2025-09-24 22:40:40 - Dataset-specific results from Nested Cross-Validation:
2025-09-24 22:40:40 - P3 Dataset - Nested CV Results:
2025-09-24 22:40:40 -   Mean Accuracy: 0.6054 ± 0.0299
2025-09-24 22:40:40 -   95% CI: [0.5930, 0.6177]
2025-09-24 22:40:40 -   AUC: 0.6429 ± 0.0370
2025-09-24 22:40:40 - AVO Dataset - Nested CV Results:
2025-09-24 22:40:40 -   Mean Accuracy: 0.7704 ± 0.0442
2025-09-24 22:40:40 -   95% CI: [0.7522, 0.7887]
2025-09-24 22:40:40 -   AUC: 0.8433 ± 0.0331
