2025-09-22 00:07:05 - 
Experiment Configuration:
2025-09-22 00:07:05 - --------------------------------------------------
2025-09-22 00:07:05 - dataset: use_combined_datasets
2025-09-22 00:07:05 - use_combined_datasets: True
2025-09-22 00:07:05 - electrode_list: common
2025-09-22 00:07:05 - classifier: EEGConformer
2025-09-22 00:07:05 - separate_subject_classification: False
2025-09-22 00:07:05 - use_subject_layer: False
2025-09-22 00:07:05 - seeds: [42, 123, 456, 789, 321]
2025-09-22 00:07:05 - use_nested_cv: True
2025-09-22 00:07:05 - electrode_fusion_method: none
2025-09-22 00:07:05 - domain_adaptation_method: none
2025-09-22 00:07:05 - enable_comprehensive_evaluation: True
2025-09-22 00:07:05 - enable_domain_analysis: True
2025-09-22 00:07:05 - enable_small_sample_analysis: False
2025-09-22 00:07:05 - small_sample_sizes: [5, 10, 15, 20]
2025-09-22 00:07:05 - small_sample_subjects: [5, 10, 15]
2025-09-22 00:07:05 - --------------------------------------------------
2025-09-22 00:07:05 - 
==================================================
2025-09-22 00:07:05 - Processing Combined P3 and AVO Datasets
2025-09-22 00:07:05 - ==================================================
2025-09-22 00:07:05 - 使用传统方法（无融合）
2025-09-22 00:07:05 - Using Cross-Validation (simplified approach)
2025-09-22 00:07:05 - Configuration: 5-fold CV, 5 repeats
2025-09-22 00:07:05 - ============================================================
2025-09-22 00:07:05 - CROSS-VALIDATION CONFIGURATION
2025-09-22 00:07:05 - ============================================================
2025-09-22 00:07:05 - Datasets: ['P3', 'AVO']
2025-09-22 00:07:05 - CV folds: 5
2025-09-22 00:07:05 - Repeats: 5
2025-09-22 00:07:05 - Confidence level: 0.95
2025-09-22 00:07:05 - ============================================================
2025-09-22 00:07:05 - STRATIFIED SAMPLING CONFIGURATION
2025-09-22 00:07:05 - ============================================================
2025-09-22 00:07:05 - Nested CV Mode: Trial counts per subject by dataset
2025-09-22 00:07:05 -   P3 dataset: 200 trials per subject
2025-09-22 00:07:05 -   AVO dataset: 20 trials per subject
2025-09-22 00:07:05 - Sampling strategy: Multi-level stratified sampling
2025-09-22 00:07:05 -   - Subject-level: Stratified trial selection per subject
2025-09-22 00:07:05 -   - Dataset-level: Stratified sampling when dataset trial counts differ
2025-09-22 00:07:05 -   - Fold-level: StratifiedKFold for 5-fold CV
2025-09-22 00:07:05 -   - Train/Val split: Stratified train_test_split within each fold
2025-09-22 00:07:05 - ============================================================
2025-09-22 00:07:12 - Subject AVO_001: Sampled 20/70 trials
2025-09-22 00:07:12 -   Original distribution: {0: 0.5, 1: 0.5}
2025-09-22 00:07:12 -   Sampled distribution: {0: 0.5, 1: 0.5}
2025-09-22 00:07:12 - Subject AVO_002: Sampled 20/70 trials
2025-09-22 00:07:12 -   Original distribution: {0: 0.5, 1: 0.5}
2025-09-22 00:07:12 -   Sampled distribution: {0: 0.5, 1: 0.5}
2025-09-22 00:07:12 - Subject AVO_003: Sampled 20/88 trials
2025-09-22 00:07:12 -   Original distribution: {0: 0.5, 1: 0.5}
2025-09-22 00:07:12 -   Sampled distribution: {0: 0.5, 1: 0.5}
2025-09-22 00:07:12 - Subject AVO_004: Sampled 20/84 trials
2025-09-22 00:07:12 -   Original distribution: {0: 0.5, 1: 0.5}
2025-09-22 00:07:12 -   Sampled distribution: {0: 0.5, 1: 0.5}
2025-09-22 00:07:12 - Subject AVO_005: Sampled 20/70 trials
2025-09-22 00:07:12 -   Original distribution: {0: 0.5, 1: 0.5}
2025-09-22 00:07:12 -   Sampled distribution: {0: 0.5, 1: 0.5}
2025-09-22 00:07:13 - Subject AVO_006: Sampled 20/74 trials
2025-09-22 00:07:13 -   Original distribution: {0: 0.5, 1: 0.5}
2025-09-22 00:07:13 -   Sampled distribution: {0: 0.5, 1: 0.5}
2025-09-22 00:07:13 - Subject AVO_007: Sampled 20/78 trials
2025-09-22 00:07:13 -   Original distribution: {0: 0.5, 1: 0.5}
2025-09-22 00:07:13 -   Sampled distribution: {0: 0.5, 1: 0.5}
2025-09-22 00:07:13 - Subject AVO_008: Sampled 20/72 trials
2025-09-22 00:07:13 -   Original distribution: {0: 0.5, 1: 0.5}
2025-09-22 00:07:13 -   Sampled distribution: {0: 0.5, 1: 0.5}
2025-09-22 00:07:13 - Subject AVO_009: Sampled 20/76 trials
2025-09-22 00:07:13 -   Original distribution: {0: 0.5, 1: 0.5}
2025-09-22 00:07:13 -   Sampled distribution: {0: 0.5, 1: 0.5}
2025-09-22 00:07:13 - Subject AVO_010: Sampled 20/70 trials
2025-09-22 00:07:13 -   Original distribution: {0: 0.5, 1: 0.5}
2025-09-22 00:07:13 -   Sampled distribution: {0: 0.5, 1: 0.5}
2025-09-22 00:07:13 - Subject AVO_011: Sampled 20/60 trials
2025-09-22 00:07:13 -   Original distribution: {0: 0.5, 1: 0.5}
2025-09-22 00:07:13 -   Sampled distribution: {0: 0.5, 1: 0.5}
2025-09-22 00:07:13 - Subject AVO_012: Sampled 20/72 trials
2025-09-22 00:07:13 -   Original distribution: {0: 0.5, 1: 0.5}
2025-09-22 00:07:13 -   Sampled distribution: {0: 0.5, 1: 0.5}
2025-09-22 00:07:14 - Subject AVO_013: Sampled 20/72 trials
2025-09-22 00:07:14 -   Original distribution: {0: 0.5, 1: 0.5}
2025-09-22 00:07:14 -   Sampled distribution: {0: 0.5, 1: 0.5}
2025-09-22 00:07:14 - Subject AVO_014: Sampled 20/72 trials
2025-09-22 00:07:14 -   Original distribution: {0: 0.5, 1: 0.5}
2025-09-22 00:07:14 -   Sampled distribution: {0: 0.5, 1: 0.5}
2025-09-22 00:07:14 - Subject AVO_015: Sampled 20/56 trials
2025-09-22 00:07:14 -   Original distribution: {0: 0.5, 1: 0.5}
2025-09-22 00:07:14 -   Sampled distribution: {0: 0.5, 1: 0.5}
2025-09-22 00:07:14 - Subject AVO_016: Sampled 20/70 trials
2025-09-22 00:07:14 -   Original distribution: {0: 0.5, 1: 0.5}
2025-09-22 00:07:14 -   Sampled distribution: {0: 0.5, 1: 0.5}
2025-09-22 00:07:14 - Subject AVO_017: Sampled 20/74 trials
2025-09-22 00:07:14 -   Original distribution: {0: 0.5, 1: 0.5}
2025-09-22 00:07:14 -   Sampled distribution: {0: 0.5, 1: 0.5}
2025-09-22 00:07:14 - Subject AVO_018: Sampled 20/22 trials
2025-09-22 00:07:14 -   Original distribution: {0: 0.5, 1: 0.5}
2025-09-22 00:07:14 -   Sampled distribution: {0: 0.5, 1: 0.5}
2025-09-22 00:07:14 - Subject AVO_019: Sampled 20/76 trials
2025-09-22 00:07:14 -   Original distribution: {0: 0.5, 1: 0.5}
2025-09-22 00:07:14 -   Sampled distribution: {0: 0.5, 1: 0.5}
2025-09-22 00:07:15 - Subject AVO_020: Sampled 20/76 trials
2025-09-22 00:07:15 -   Original distribution: {0: 0.5, 1: 0.5}
2025-09-22 00:07:15 -   Sampled distribution: {0: 0.5, 1: 0.5}
2025-09-22 00:07:15 - Subject AVO_021: Sampled 20/82 trials
2025-09-22 00:07:15 -   Original distribution: {0: 0.5, 1: 0.5}
2025-09-22 00:07:15 -   Sampled distribution: {0: 0.5, 1: 0.5}
2025-09-22 00:07:15 - Subject AVO_022: Sampled 20/72 trials
2025-09-22 00:07:15 -   Original distribution: {0: 0.5, 1: 0.5}
2025-09-22 00:07:15 -   Sampled distribution: {0: 0.5, 1: 0.5}
2025-09-22 00:07:15 - Subject AVO_023: Sampled 20/78 trials
2025-09-22 00:07:15 -   Original distribution: {0: 0.5, 1: 0.5}
2025-09-22 00:07:15 -   Sampled distribution: {0: 0.5, 1: 0.5}
2025-09-22 00:07:15 - Subject AVO_024: Sampled 20/92 trials
2025-09-22 00:07:15 -   Original distribution: {0: 0.5, 1: 0.5}
2025-09-22 00:07:15 -   Sampled distribution: {0: 0.5, 1: 0.5}
2025-09-22 00:07:15 - Subject AVO_025: Sampled 20/64 trials
2025-09-22 00:07:15 -   Original distribution: {0: 0.5, 1: 0.5}
2025-09-22 00:07:15 -   Sampled distribution: {0: 0.5, 1: 0.5}
2025-09-22 00:07:16 - Subject AVO_026: Sampled 20/80 trials
2025-09-22 00:07:16 -   Original distribution: {0: 0.5, 1: 0.5}
2025-09-22 00:07:16 -   Sampled distribution: {0: 0.5, 1: 0.5}
2025-09-22 00:07:16 - Subject AVO_027: Sampled 20/68 trials
2025-09-22 00:07:16 -   Original distribution: {0: 0.5, 1: 0.5}
2025-09-22 00:07:16 -   Sampled distribution: {0: 0.5, 1: 0.5}
2025-09-22 00:07:16 - Subject AVO_028: Sampled 20/84 trials
2025-09-22 00:07:16 -   Original distribution: {0: 0.5, 1: 0.5}
2025-09-22 00:07:16 -   Sampled distribution: {0: 0.5, 1: 0.5}
2025-09-22 00:07:16 - Subject AVO_029: Sampled 20/84 trials
2025-09-22 00:07:16 -   Original distribution: {0: 0.5, 1: 0.5}
2025-09-22 00:07:16 -   Sampled distribution: {0: 0.5, 1: 0.5}
2025-09-22 00:07:16 - Subject AVO_030: Sampled 20/72 trials
2025-09-22 00:07:16 -   Original distribution: {0: 0.5, 1: 0.5}
2025-09-22 00:07:16 -   Sampled distribution: {0: 0.5, 1: 0.5}
2025-09-22 00:07:16 - Subject AVO_031: Sampled 20/88 trials
2025-09-22 00:07:16 -   Original distribution: {0: 0.5, 1: 0.5}
2025-09-22 00:07:16 -   Sampled distribution: {0: 0.5, 1: 0.5}
2025-09-22 00:07:16 - Subject AVO_032: Sampled 20/96 trials
2025-09-22 00:07:16 -   Original distribution: {0: 0.5, 1: 0.5}
2025-09-22 00:07:16 -   Sampled distribution: {0: 0.5, 1: 0.5}
2025-09-22 00:07:17 - Subject AVO_033: Sampled 20/78 trials
2025-09-22 00:07:17 -   Original distribution: {0: 0.5, 1: 0.5}
2025-09-22 00:07:17 -   Sampled distribution: {0: 0.5, 1: 0.5}
2025-09-22 00:07:17 - Subject AVO_034: Sampled 20/72 trials
2025-09-22 00:07:17 -   Original distribution: {0: 0.5, 1: 0.5}
2025-09-22 00:07:17 -   Sampled distribution: {0: 0.5, 1: 0.5}
2025-09-22 00:07:17 - Subject AVO_035: Sampled 20/88 trials
2025-09-22 00:07:17 -   Original distribution: {0: 0.5, 1: 0.5}
2025-09-22 00:07:17 -   Sampled distribution: {0: 0.5, 1: 0.5}
2025-09-22 00:07:17 - Subject AVO_036: Sampled 20/84 trials
2025-09-22 00:07:17 -   Original distribution: {0: 0.5, 1: 0.5}
2025-09-22 00:07:17 -   Sampled distribution: {0: 0.5, 1: 0.5}
2025-09-22 00:07:17 - Subject AVO_037: Sampled 20/86 trials
2025-09-22 00:07:17 -   Original distribution: {0: 0.5, 1: 0.5}
2025-09-22 00:07:17 -   Sampled distribution: {0: 0.5, 1: 0.5}
2025-09-22 00:07:17 - Subject AVO_038: Sampled 20/100 trials
2025-09-22 00:07:17 -   Original distribution: {0: 0.5, 1: 0.5}
2025-09-22 00:07:17 -   Sampled distribution: {0: 0.5, 1: 0.5}
2025-09-22 00:07:17 - Subject AVO_039: Sampled 20/70 trials
2025-09-22 00:07:17 -   Original distribution: {0: 0.5, 1: 0.5}
2025-09-22 00:07:17 -   Sampled distribution: {0: 0.5, 1: 0.5}
2025-09-22 00:07:18 - Subject AVO_040: Sampled 20/84 trials
2025-09-22 00:07:18 -   Original distribution: {0: 0.5, 1: 0.5}
2025-09-22 00:07:18 -   Sampled distribution: {0: 0.5, 1: 0.5}
2025-09-22 00:07:18 - Nested CV dataset summary:
2025-09-22 00:07:18 -   Total subjects: 80
2025-09-22 00:07:18 -   Total trials: 3988
2025-09-22 00:07:18 -   Average trials per subject: 49.9
2025-09-22 00:07:18 -   P3 dataset: 40 subjects, 3188 trials (79.7 trials/subject)
2025-09-22 00:07:18 -   AVO dataset: 40 subjects, 800 trials (20.0 trials/subject)
2025-09-22 00:07:18 -   Class distribution: {0: 1994, 1: 1994}
2025-09-22 00:07:18 -   Class proportions: [0.5 0.5]
2025-09-22 00:07:18 -   NOTE: Datasets have different trial counts - StratifiedKFold will handle balanced sampling
2025-09-22 00:07:18 - Enhanced preprocessing increased channels from 5 to 25
2025-09-22 00:07:18 - Starting Cross-Validation for EEGConformer
2025-09-22 00:07:18 - Configuration: 5-fold CV, 5 repeats
2025-09-22 00:07:18 - Data split ratios: Train=0.7, Val=0.1, Test=0.2
2025-09-22 00:07:18 - Repeat 1/5
2025-09-22 00:07:18 -   Fold 1/5
2025-09-22 00:07:18 -     Fold split: Train=2791, Val=399
2025-09-22 00:08:08 -     Test accuracy: 0.6404
2025-09-22 00:08:08 -   Fold 2/5
2025-09-22 00:08:08 -     Fold split: Train=2791, Val=399
2025-09-22 00:09:15 -     Test accuracy: 0.6115
2025-09-22 00:09:15 -   Fold 3/5
2025-09-22 00:09:15 -     Fold split: Train=2791, Val=399
2025-09-22 00:09:53 -     Test accuracy: 0.5000
2025-09-22 00:09:53 -   Fold 4/5
2025-09-22 00:09:53 -     Fold split: Train=2792, Val=399
2025-09-22 00:11:00 -     Test accuracy: 0.6274
2025-09-22 00:11:00 -   Fold 5/5
2025-09-22 00:11:00 -     Fold split: Train=2792, Val=399
2025-09-22 00:12:03 -     Test accuracy: 0.6399
2025-09-22 00:12:03 -   Repeat 1 mean accuracy: 0.6038 ± 0.0530
2025-09-22 00:12:03 - Repeat 2/5
2025-09-22 00:12:03 -   Fold 1/5
2025-09-22 00:12:03 -     Fold split: Train=2791, Val=399
2025-09-22 00:13:19 -     Test accuracy: 0.6441
2025-09-22 00:13:19 -   Fold 2/5
2025-09-22 00:13:19 -     Fold split: Train=2791, Val=399
2025-09-22 00:14:50 -     Test accuracy: 0.6366
2025-09-22 00:14:50 -   Fold 3/5
2025-09-22 00:14:50 -     Fold split: Train=2791, Val=399
2025-09-22 00:16:03 -     Test accuracy: 0.6241
2025-09-22 00:16:03 -   Fold 4/5
2025-09-22 00:16:03 -     Fold split: Train=2792, Val=399
2025-09-22 00:16:55 -     Test accuracy: 0.6336
2025-09-22 00:16:55 -   Fold 5/5
2025-09-22 00:16:55 -     Fold split: Train=2792, Val=399
2025-09-22 00:18:41 -     Test accuracy: 0.6324
2025-09-22 00:18:41 -   Repeat 2 mean accuracy: 0.6342 ± 0.0065
2025-09-22 00:18:41 - Repeat 3/5
2025-09-22 00:18:41 -   Fold 1/5
2025-09-22 00:18:41 -     Fold split: Train=2791, Val=399
2025-09-22 00:19:44 -     Test accuracy: 0.6378
2025-09-22 00:19:44 -   Fold 2/5
2025-09-22 00:19:44 -     Fold split: Train=2791, Val=399
2025-09-22 00:20:35 -     Test accuracy: 0.6341
2025-09-22 00:20:35 -   Fold 3/5
2025-09-22 00:20:35 -     Fold split: Train=2791, Val=399
2025-09-22 00:22:20 -     Test accuracy: 0.6241
2025-09-22 00:22:20 -   Fold 4/5
2025-09-22 00:22:20 -     Fold split: Train=2792, Val=399
2025-09-22 00:23:10 -     Test accuracy: 0.6550
2025-09-22 00:23:10 -   Fold 5/5
2025-09-22 00:23:10 -     Fold split: Train=2792, Val=399
2025-09-22 00:24:06 -     Test accuracy: 0.6336
2025-09-22 00:24:06 -   Repeat 3 mean accuracy: 0.6369 ± 0.0101
2025-09-22 00:24:06 - Repeat 4/5
2025-09-22 00:24:06 -   Fold 1/5
2025-09-22 00:24:06 -     Fold split: Train=2791, Val=399
2025-09-22 00:25:42 -     Test accuracy: 0.6667
2025-09-22 00:25:42 -   Fold 2/5
2025-09-22 00:25:42 -     Fold split: Train=2791, Val=399
2025-09-22 00:27:46 -     Test accuracy: 0.6479
2025-09-22 00:27:46 -   Fold 3/5
2025-09-22 00:27:46 -     Fold split: Train=2791, Val=399
2025-09-22 00:28:41 -     Test accuracy: 0.6203
2025-09-22 00:28:41 -   Fold 4/5
2025-09-22 00:28:41 -     Fold split: Train=2792, Val=399
2025-09-22 00:29:54 -     Test accuracy: 0.6700
2025-09-22 00:29:54 -   Fold 5/5
2025-09-22 00:29:54 -     Fold split: Train=2792, Val=399
2025-09-22 00:31:10 -     Test accuracy: 0.6035
2025-09-22 00:31:10 -   Repeat 4 mean accuracy: 0.6417 ± 0.0260
2025-09-22 00:31:10 - Repeat 5/5
2025-09-22 00:31:10 -   Fold 1/5
2025-09-22 00:31:10 -     Fold split: Train=2791, Val=399
2025-09-22 00:32:03 -     Test accuracy: 0.6278
2025-09-22 00:32:03 -   Fold 2/5
2025-09-22 00:32:03 -     Fold split: Train=2791, Val=399
2025-09-22 00:33:35 -     Test accuracy: 0.6529
2025-09-22 00:33:35 -   Fold 3/5
2025-09-22 00:33:35 -     Fold split: Train=2791, Val=399
2025-09-22 00:34:56 -     Test accuracy: 0.6378
2025-09-22 00:34:56 -   Fold 4/5
2025-09-22 00:34:56 -     Fold split: Train=2792, Val=399
2025-09-22 00:36:17 -     Test accuracy: 0.6512
2025-09-22 00:36:17 -   Fold 5/5
2025-09-22 00:36:17 -     Fold split: Train=2792, Val=399
2025-09-22 00:37:57 -     Test accuracy: 0.6487
2025-09-22 00:37:57 -   Repeat 5 mean accuracy: 0.6437 ± 0.0095
2025-09-22 00:37:57 - Cross-Validation completed for EEGConformer
2025-09-22 00:37:57 - Final accuracy: 0.6320 ± 0.0315
2025-09-22 00:37:57 - 95% CI: [0.6190, 0.6451]
2025-09-22 00:37:57 - 
============================================================
2025-09-22 00:37:57 - CROSS-VALIDATION RESULTS
2025-09-22 00:37:57 - ============================================================
2025-09-22 00:37:57 - Model: EEGConformer
2025-09-22 00:37:57 - Overall accuracy: 0.6320 ± 0.0315
2025-09-22 00:37:57 - 95% Confidence Interval: [0.6190, 0.6451]
2025-09-22 00:37:57 - Statistical significance: 25 evaluations
2025-09-22 00:37:57 - Precision: 0.6253 [0.5686, 0.6820]
2025-09-22 00:37:57 - Recall: 0.6006 [0.5260, 0.6752]
2025-09-22 00:37:57 - F1_Score: 0.6010 [0.5436, 0.6583]
2025-09-22 00:37:57 - Auc: 0.6864 [0.6693, 0.7034]
2025-09-22 00:37:57 - ============================================================
2025-09-22 00:37:57 - Individual subject results skipped - using Nested Cross-Validation results
2025-09-22 00:37:57 - Dataset-specific results from Nested Cross-Validation:
2025-09-22 00:37:57 - P3 Dataset - Nested CV Results:
2025-09-22 00:37:57 -   Mean Accuracy: 0.6352 ± 0.0340
2025-09-22 00:37:57 -   95% CI: [0.6212, 0.6493]
2025-09-22 00:37:57 -   AUC: 0.6905 ± 0.0427
2025-09-22 00:37:57 - AVO Dataset - Nested CV Results:
2025-09-22 00:37:57 -   Mean Accuracy: 0.6195 ± 0.0398
2025-09-22 00:37:57 -   95% CI: [0.6030, 0.6359]
2025-09-22 00:37:57 -   AUC: 0.6714 ± 0.0524
