2025-09-20 00:29:23 - 
Experiment Configuration:
2025-09-20 00:29:23 - --------------------------------------------------
2025-09-20 00:29:23 - dataset: use_combined_datasets
2025-09-20 00:29:23 - use_combined_datasets: True
2025-09-20 00:29:23 - electrode_list: common
2025-09-20 00:29:23 - classifier: SepConv1D
2025-09-20 00:29:23 - separate_subject_classification: False
2025-09-20 00:29:23 - use_subject_layer: False
2025-09-20 00:29:23 - seeds: [42]
2025-09-20 00:29:23 - electrode_fusion_method: none
2025-09-20 00:29:23 - domain_adaptation_method: none
2025-09-20 00:29:23 - enable_comprehensive_evaluation: True
2025-09-20 00:29:23 - enable_domain_analysis: True
2025-09-20 00:29:23 - enable_small_sample_analysis: False
2025-09-20 00:29:23 - small_sample_sizes: [5, 10, 15, 20]
2025-09-20 00:29:23 - small_sample_subjects: [5, 10, 15]
2025-09-20 00:29:23 - --------------------------------------------------
2025-09-20 00:29:23 - 
==================================================
2025-09-20 00:29:23 - Processing Combined P3 and AVO Datasets
2025-09-20 00:29:23 - ==================================================
2025-09-20 00:29:23 - 使用传统方法（无融合）
2025-09-20 00:32:29 - 
==================================================
2025-09-20 00:32:29 - Individual Subject Results - Combined Model
2025-09-20 00:32:29 - ==================================================
2025-09-20 00:32:29 - Subject: AVO_001
2025-09-20 00:32:29 -   Accuracy: 73.333%
2025-09-20 00:32:29 -   Precision: 0.800
2025-09-20 00:32:29 -   Recall: 0.571
2025-09-20 00:32:29 -   F1 Score: 0.667
2025-09-20 00:32:29 -   AUC: 0.875
2025-09-20 00:32:29 -   Correct/Total: 11/15
2025-09-20 00:32:29 -   Confusion Matrix Stats:
2025-09-20 00:32:29 -     TP: 4, TN: 7
2025-09-20 00:32:29 -     FP: 1, FN: 3
2025-09-20 00:32:29 - Subject: AVO_002
2025-09-20 00:32:29 -   Accuracy: 66.667%
2025-09-20 00:32:29 -   Precision: 1.000
2025-09-20 00:32:29 -   Recall: 0.300
2025-09-20 00:32:29 -   F1 Score: 0.462
2025-09-20 00:32:29 -   AUC: 0.791
2025-09-20 00:32:29 -   Correct/Total: 14/21
2025-09-20 00:32:29 -   Confusion Matrix Stats:
2025-09-20 00:32:29 -     TP: 3, TN: 11
2025-09-20 00:32:29 -     FP: 0, FN: 7
2025-09-20 00:32:29 - Subject: AVO_003
2025-09-20 00:32:29 -   Accuracy: 100.000%
2025-09-20 00:32:29 -   Precision: 1.000
2025-09-20 00:32:29 -   Recall: 1.000
2025-09-20 00:32:29 -   F1 Score: 1.000
2025-09-20 00:32:29 -   AUC: 1.000
2025-09-20 00:32:29 -   Correct/Total: 21/21
2025-09-20 00:32:29 -   Confusion Matrix Stats:
2025-09-20 00:32:29 -     TP: 13, TN: 8
2025-09-20 00:32:29 -     FP: 0, FN: 0
2025-09-20 00:32:29 - Subject: AVO_004
2025-09-20 00:32:29 -   Accuracy: 61.538%
2025-09-20 00:32:29 -   Precision: 0.875
2025-09-20 00:32:29 -   Recall: 0.438
2025-09-20 00:32:29 -   F1 Score: 0.583
2025-09-20 00:32:29 -   AUC: 0.794
2025-09-20 00:32:29 -   Correct/Total: 16/26
2025-09-20 00:32:29 -   Confusion Matrix Stats:
2025-09-20 00:32:29 -     TP: 7, TN: 9
2025-09-20 00:32:29 -     FP: 1, FN: 9
2025-09-20 00:32:29 - Subject: AVO_005
2025-09-20 00:32:29 -   Accuracy: 64.706%
2025-09-20 00:32:29 -   Precision: 1.000
2025-09-20 00:32:29 -   Recall: 0.500
2025-09-20 00:32:29 -   F1 Score: 0.667
2025-09-20 00:32:29 -   AUC: 0.783
2025-09-20 00:32:29 -   Correct/Total: 11/17
2025-09-20 00:32:29 -   Confusion Matrix Stats:
2025-09-20 00:32:29 -     TP: 6, TN: 5
2025-09-20 00:32:29 -     FP: 0, FN: 6
2025-09-20 00:32:29 - Subject: AVO_006
2025-09-20 00:32:29 -   Accuracy: 52.632%
2025-09-20 00:32:29 -   Precision: 0.714
2025-09-20 00:32:29 -   Recall: 0.417
2025-09-20 00:32:29 -   F1 Score: 0.526
2025-09-20 00:32:29 -   AUC: 0.619
2025-09-20 00:32:29 -   Correct/Total: 10/19
2025-09-20 00:32:29 -   Confusion Matrix Stats:
2025-09-20 00:32:29 -     TP: 5, TN: 5
2025-09-20 00:32:29 -     FP: 2, FN: 7
2025-09-20 00:32:29 - Subject: AVO_007
2025-09-20 00:32:29 -   Accuracy: 76.923%
2025-09-20 00:32:29 -   Precision: 1.000
2025-09-20 00:32:29 -   Recall: 0.500
2025-09-20 00:32:29 -   F1 Score: 0.667
2025-09-20 00:32:29 -   AUC: 0.714
2025-09-20 00:32:29 -   Correct/Total: 10/13
2025-09-20 00:32:29 -   Confusion Matrix Stats:
2025-09-20 00:32:29 -     TP: 3, TN: 7
2025-09-20 00:32:29 -     FP: 0, FN: 3
2025-09-20 00:32:29 - Subject: AVO_008
2025-09-20 00:32:29 -   Accuracy: 52.632%
2025-09-20 00:32:29 -   Precision: 0.667
2025-09-20 00:32:29 -   Recall: 0.200
2025-09-20 00:32:29 -   F1 Score: 0.308
2025-09-20 00:32:29 -   AUC: 0.444
2025-09-20 00:32:29 -   Correct/Total: 10/19
2025-09-20 00:32:29 -   Confusion Matrix Stats:
2025-09-20 00:32:29 -     TP: 2, TN: 8
2025-09-20 00:32:29 -     FP: 1, FN: 8
2025-09-20 00:32:29 - Subject: AVO_009
2025-09-20 00:32:29 -   Accuracy: 61.538%
2025-09-20 00:32:29 -   Precision: 0.500
2025-09-20 00:32:29 -   Recall: 0.400
2025-09-20 00:32:29 -   F1 Score: 0.444
2025-09-20 00:32:29 -   AUC: 0.800
2025-09-20 00:32:29 -   Correct/Total: 8/13
2025-09-20 00:32:29 -   Confusion Matrix Stats:
2025-09-20 00:32:29 -     TP: 2, TN: 6
2025-09-20 00:32:29 -     FP: 2, FN: 3
2025-09-20 00:32:29 - Subject: AVO_010
2025-09-20 00:32:29 -   Accuracy: 70.000%
2025-09-20 00:32:29 -   Precision: 1.000
2025-09-20 00:32:29 -   Recall: 0.400
2025-09-20 00:32:29 -   F1 Score: 0.571
2025-09-20 00:32:29 -   AUC: 0.560
2025-09-20 00:32:29 -   Correct/Total: 7/10
2025-09-20 00:32:29 -   Confusion Matrix Stats:
2025-09-20 00:32:29 -     TP: 2, TN: 5
2025-09-20 00:32:29 -     FP: 0, FN: 3
2025-09-20 00:32:29 - Subject: AVO_011
2025-09-20 00:32:29 -   Accuracy: 38.462%
2025-09-20 00:32:29 -   Precision: 0.333
2025-09-20 00:32:29 -   Recall: 0.333
2025-09-20 00:32:29 -   F1 Score: 0.333
2025-09-20 00:32:29 -   AUC: 0.429
2025-09-20 00:32:29 -   Correct/Total: 5/13
2025-09-20 00:32:29 -   Confusion Matrix Stats:
2025-09-20 00:32:29 -     TP: 2, TN: 3
2025-09-20 00:32:29 -     FP: 4, FN: 4
2025-09-20 00:32:29 - Subject: AVO_012
2025-09-20 00:32:29 -   Accuracy: 82.353%
2025-09-20 00:32:29 -   Precision: 0.857
2025-09-20 00:32:29 -   Recall: 0.750
2025-09-20 00:32:29 -   F1 Score: 0.800
2025-09-20 00:32:29 -   AUC: 0.917
2025-09-20 00:32:29 -   Correct/Total: 14/17
2025-09-20 00:32:29 -   Confusion Matrix Stats:
2025-09-20 00:32:29 -     TP: 6, TN: 8
2025-09-20 00:32:29 -     FP: 1, FN: 2
2025-09-20 00:32:29 - Subject: AVO_013
2025-09-20 00:32:29 -   Accuracy: 66.667%
2025-09-20 00:32:29 -   Precision: 0.000
2025-09-20 00:32:29 -   Recall: 0.000
2025-09-20 00:32:29 -   F1 Score: 0.000
2025-09-20 00:32:29 -   AUC: 0.738
2025-09-20 00:32:29 -   Correct/Total: 12/18
2025-09-20 00:32:29 -   Confusion Matrix Stats:
2025-09-20 00:32:29 -     TP: 0, TN: 12
2025-09-20 00:32:29 -     FP: 1, FN: 5
2025-09-20 00:32:29 - Subject: AVO_014
2025-09-20 00:32:29 -   Accuracy: 45.455%
2025-09-20 00:32:29 -   Precision: 0.375
2025-09-20 00:32:29 -   Recall: 0.300
2025-09-20 00:32:29 -   F1 Score: 0.333
2025-09-20 00:32:29 -   AUC: 0.508
2025-09-20 00:32:29 -   Correct/Total: 10/22
2025-09-20 00:32:29 -   Confusion Matrix Stats:
2025-09-20 00:32:29 -     TP: 3, TN: 7
2025-09-20 00:32:29 -     FP: 5, FN: 7
2025-09-20 00:32:29 - Subject: AVO_015
2025-09-20 00:32:29 -   Accuracy: 30.769%
2025-09-20 00:32:29 -   Precision: 0.500
2025-09-20 00:32:29 -   Recall: 0.222
2025-09-20 00:32:29 -   F1 Score: 0.308
2025-09-20 00:32:29 -   AUC: 0.306
2025-09-20 00:32:29 -   Correct/Total: 4/13
2025-09-20 00:32:29 -   Confusion Matrix Stats:
2025-09-20 00:32:29 -     TP: 2, TN: 2
2025-09-20 00:32:29 -     FP: 2, FN: 7
2025-09-20 00:32:29 - Subject: AVO_016
2025-09-20 00:32:29 -   Accuracy: 38.462%
2025-09-20 00:32:29 -   Precision: 1.000
2025-09-20 00:32:29 -   Recall: 0.111
2025-09-20 00:32:29 -   F1 Score: 0.200
2025-09-20 00:32:29 -   AUC: 1.000
2025-09-20 00:32:29 -   Correct/Total: 5/13
2025-09-20 00:32:29 -   Confusion Matrix Stats:
2025-09-20 00:32:29 -     TP: 1, TN: 4
2025-09-20 00:32:29 -     FP: 0, FN: 8
2025-09-20 00:32:29 - Subject: AVO_017
2025-09-20 00:32:29 -   Accuracy: 90.000%
2025-09-20 00:32:29 -   Precision: 0.833
2025-09-20 00:32:29 -   Recall: 1.000
2025-09-20 00:32:29 -   F1 Score: 0.909
2025-09-20 00:32:29 -   AUC: 0.880
2025-09-20 00:32:29 -   Correct/Total: 9/10
2025-09-20 00:32:29 -   Confusion Matrix Stats:
2025-09-20 00:32:29 -     TP: 5, TN: 4
2025-09-20 00:32:29 -     FP: 1, FN: 0
2025-09-20 00:32:29 - Subject: AVO_018
2025-09-20 00:32:29 -   Accuracy: 71.429%
2025-09-20 00:32:29 -   Precision: 1.000
2025-09-20 00:32:29 -   Recall: 0.333
2025-09-20 00:32:29 -   F1 Score: 0.500
2025-09-20 00:32:29 -   AUC: 0.833
2025-09-20 00:32:29 -   Correct/Total: 5/7
2025-09-20 00:32:29 -   Confusion Matrix Stats:
2025-09-20 00:32:29 -     TP: 1, TN: 4
2025-09-20 00:32:29 -     FP: 0, FN: 2
2025-09-20 00:32:29 - Subject: AVO_019
2025-09-20 00:32:29 -   Accuracy: 73.684%
2025-09-20 00:32:29 -   Precision: 0.750
2025-09-20 00:32:29 -   Recall: 0.667
2025-09-20 00:32:29 -   F1 Score: 0.706
2025-09-20 00:32:29 -   AUC: 0.800
2025-09-20 00:32:29 -   Correct/Total: 14/19
2025-09-20 00:32:29 -   Confusion Matrix Stats:
2025-09-20 00:32:29 -     TP: 6, TN: 8
2025-09-20 00:32:29 -     FP: 2, FN: 3
2025-09-20 00:32:29 - Subject: AVO_020
2025-09-20 00:32:29 -   Accuracy: 75.000%
2025-09-20 00:32:29 -   Precision: 1.000
2025-09-20 00:32:29 -   Recall: 0.556
2025-09-20 00:32:29 -   F1 Score: 0.714
2025-09-20 00:32:29 -   AUC: 0.762
2025-09-20 00:32:29 -   Correct/Total: 12/16
2025-09-20 00:32:29 -   Confusion Matrix Stats:
2025-09-20 00:32:29 -     TP: 5, TN: 7
2025-09-20 00:32:29 -     FP: 0, FN: 4
2025-09-20 00:32:29 - Subject: AVO_021
2025-09-20 00:32:29 -   Accuracy: 77.778%
2025-09-20 00:32:29 -   Precision: 1.000
2025-09-20 00:32:29 -   Recall: 0.500
2025-09-20 00:32:29 -   F1 Score: 0.667
2025-09-20 00:32:29 -   AUC: 0.787
2025-09-20 00:32:29 -   Correct/Total: 14/18
2025-09-20 00:32:29 -   Confusion Matrix Stats:
2025-09-20 00:32:29 -     TP: 4, TN: 10
2025-09-20 00:32:29 -     FP: 0, FN: 4
2025-09-20 00:32:29 - Subject: AVO_022
2025-09-20 00:32:29 -   Accuracy: 66.667%
2025-09-20 00:32:29 -   Precision: 0.500
2025-09-20 00:32:29 -   Recall: 0.400
2025-09-20 00:32:29 -   F1 Score: 0.444
2025-09-20 00:32:29 -   AUC: 0.680
2025-09-20 00:32:29 -   Correct/Total: 10/15
2025-09-20 00:32:29 -   Confusion Matrix Stats:
2025-09-20 00:32:29 -     TP: 2, TN: 8
2025-09-20 00:32:29 -     FP: 2, FN: 3
2025-09-20 00:32:29 - Subject: AVO_023
2025-09-20 00:32:29 -   Accuracy: 62.500%
2025-09-20 00:32:29 -   Precision: 0.545
2025-09-20 00:32:29 -   Recall: 0.600
2025-09-20 00:32:29 -   F1 Score: 0.571
2025-09-20 00:32:29 -   AUC: 0.693
2025-09-20 00:32:29 -   Correct/Total: 15/24
2025-09-20 00:32:29 -   Confusion Matrix Stats:
2025-09-20 00:32:29 -     TP: 6, TN: 9
2025-09-20 00:32:29 -     FP: 5, FN: 4
2025-09-20 00:32:29 - Subject: AVO_024
2025-09-20 00:32:29 -   Accuracy: 60.870%
2025-09-20 00:32:29 -   Precision: 0.615
2025-09-20 00:32:29 -   Recall: 0.667
2025-09-20 00:32:29 -   F1 Score: 0.640
2025-09-20 00:32:29 -   AUC: 0.720
2025-09-20 00:32:29 -   Correct/Total: 14/23
2025-09-20 00:32:29 -   Confusion Matrix Stats:
2025-09-20 00:32:29 -     TP: 8, TN: 6
2025-09-20 00:32:29 -     FP: 5, FN: 4
2025-09-20 00:32:29 - Subject: AVO_025
2025-09-20 00:32:29 -   Accuracy: 46.667%
2025-09-20 00:32:29 -   Precision: 0.000
2025-09-20 00:32:29 -   Recall: 0.000
2025-09-20 00:32:29 -   F1 Score: 0.000
2025-09-20 00:32:29 -   AUC: 0.321
2025-09-20 00:32:29 -   Correct/Total: 7/15
2025-09-20 00:32:29 -   Confusion Matrix Stats:
2025-09-20 00:32:29 -     TP: 0, TN: 7
2025-09-20 00:32:29 -     FP: 1, FN: 7
2025-09-20 00:32:29 - Subject: AVO_026
2025-09-20 00:32:29 -   Accuracy: 94.118%
2025-09-20 00:32:29 -   Precision: 1.000
2025-09-20 00:32:29 -   Recall: 0.750
2025-09-20 00:32:29 -   F1 Score: 0.857
2025-09-20 00:32:29 -   AUC: 1.000
2025-09-20 00:32:29 -   Correct/Total: 16/17
2025-09-20 00:32:29 -   Confusion Matrix Stats:
2025-09-20 00:32:29 -     TP: 3, TN: 13
2025-09-20 00:32:29 -     FP: 0, FN: 1
2025-09-20 00:32:29 - Subject: AVO_027
2025-09-20 00:32:29 -   Accuracy: 71.429%
2025-09-20 00:32:29 -   Precision: 0.571
2025-09-20 00:32:29 -   Recall: 0.800
2025-09-20 00:32:29 -   F1 Score: 0.667
2025-09-20 00:32:29 -   AUC: 0.822
2025-09-20 00:32:29 -   Correct/Total: 10/14
2025-09-20 00:32:29 -   Confusion Matrix Stats:
2025-09-20 00:32:29 -     TP: 4, TN: 6
2025-09-20 00:32:29 -     FP: 3, FN: 1
2025-09-20 00:32:29 - Subject: AVO_028
2025-09-20 00:32:29 -   Accuracy: 73.913%
2025-09-20 00:32:29 -   Precision: 0.857
2025-09-20 00:32:29 -   Recall: 0.545
2025-09-20 00:32:29 -   F1 Score: 0.667
2025-09-20 00:32:29 -   AUC: 0.886
2025-09-20 00:32:29 -   Correct/Total: 17/23
2025-09-20 00:32:29 -   Confusion Matrix Stats:
2025-09-20 00:32:29 -     TP: 6, TN: 11
2025-09-20 00:32:29 -     FP: 1, FN: 5
2025-09-20 00:32:29 - Subject: AVO_029
2025-09-20 00:32:29 -   Accuracy: 54.545%
2025-09-20 00:32:29 -   Precision: 1.000
2025-09-20 00:32:29 -   Recall: 0.091
2025-09-20 00:32:29 -   F1 Score: 0.167
2025-09-20 00:32:29 -   AUC: 0.446
2025-09-20 00:32:29 -   Correct/Total: 12/22
2025-09-20 00:32:29 -   Confusion Matrix Stats:
2025-09-20 00:32:29 -     TP: 1, TN: 11
2025-09-20 00:32:29 -     FP: 0, FN: 10
2025-09-20 00:32:29 - Subject: AVO_030
2025-09-20 00:32:29 -   Accuracy: 66.667%
2025-09-20 00:32:29 -   Precision: 0.714
2025-09-20 00:32:29 -   Recall: 0.714
2025-09-20 00:32:29 -   F1 Score: 0.714
2025-09-20 00:32:29 -   AUC: 0.771
2025-09-20 00:32:29 -   Correct/Total: 8/12
2025-09-20 00:32:29 -   Confusion Matrix Stats:
2025-09-20 00:32:29 -     TP: 5, TN: 3
2025-09-20 00:32:29 -     FP: 2, FN: 2
2025-09-20 00:32:29 - Subject: AVO_031
2025-09-20 00:32:29 -   Accuracy: 73.077%
2025-09-20 00:32:29 -   Precision: 1.000
2025-09-20 00:32:29 -   Recall: 0.533
2025-09-20 00:32:29 -   F1 Score: 0.696
2025-09-20 00:32:29 -   AUC: 0.897
2025-09-20 00:32:29 -   Correct/Total: 19/26
2025-09-20 00:32:29 -   Confusion Matrix Stats:
2025-09-20 00:32:29 -     TP: 8, TN: 11
2025-09-20 00:32:29 -     FP: 0, FN: 7
2025-09-20 00:32:29 - Subject: AVO_032
2025-09-20 00:32:29 -   Accuracy: 91.304%
2025-09-20 00:32:29 -   Precision: 1.000
2025-09-20 00:32:29 -   Recall: 0.750
2025-09-20 00:32:29 -   F1 Score: 0.857
2025-09-20 00:32:29 -   AUC: 0.983
2025-09-20 00:32:29 -   Correct/Total: 21/23
2025-09-20 00:32:29 -   Confusion Matrix Stats:
2025-09-20 00:32:29 -     TP: 6, TN: 15
2025-09-20 00:32:29 -     FP: 0, FN: 2
2025-09-20 00:32:29 - Subject: AVO_033
2025-09-20 00:32:29 -   Accuracy: 68.182%
2025-09-20 00:32:29 -   Precision: 0.667
2025-09-20 00:32:29 -   Recall: 0.250
2025-09-20 00:32:29 -   F1 Score: 0.364
2025-09-20 00:32:29 -   AUC: 0.884
2025-09-20 00:32:29 -   Correct/Total: 15/22
2025-09-20 00:32:29 -   Confusion Matrix Stats:
2025-09-20 00:32:29 -     TP: 2, TN: 13
2025-09-20 00:32:29 -     FP: 1, FN: 6
2025-09-20 00:32:29 - Subject: AVO_034
2025-09-20 00:32:29 -   Accuracy: 64.706%
2025-09-20 00:32:29 -   Precision: 0.500
2025-09-20 00:32:29 -   Recall: 0.500
2025-09-20 00:32:29 -   F1 Score: 0.500
2025-09-20 00:32:29 -   AUC: 0.758
2025-09-20 00:32:29 -   Correct/Total: 11/17
2025-09-20 00:32:29 -   Confusion Matrix Stats:
2025-09-20 00:32:29 -     TP: 3, TN: 8
2025-09-20 00:32:29 -     FP: 3, FN: 3
2025-09-20 00:32:29 - Subject: AVO_035
2025-09-20 00:32:29 -   Accuracy: 61.111%
2025-09-20 00:32:29 -   Precision: 0.556
2025-09-20 00:32:29 -   Recall: 0.625
2025-09-20 00:32:29 -   F1 Score: 0.588
2025-09-20 00:32:29 -   AUC: 0.600
2025-09-20 00:32:29 -   Correct/Total: 11/18
2025-09-20 00:32:29 -   Confusion Matrix Stats:
2025-09-20 00:32:29 -     TP: 5, TN: 6
2025-09-20 00:32:29 -     FP: 4, FN: 3
2025-09-20 00:32:29 - Subject: AVO_036
2025-09-20 00:32:29 -   Accuracy: 55.000%
2025-09-20 00:32:29 -   Precision: 0.800
2025-09-20 00:32:29 -   Recall: 0.333
2025-09-20 00:32:29 -   F1 Score: 0.471
2025-09-20 00:32:29 -   AUC: 0.750
2025-09-20 00:32:29 -   Correct/Total: 11/20
2025-09-20 00:32:29 -   Confusion Matrix Stats:
2025-09-20 00:32:29 -     TP: 4, TN: 7
2025-09-20 00:32:29 -     FP: 1, FN: 8
2025-09-20 00:32:29 - Subject: AVO_037
2025-09-20 00:32:29 -   Accuracy: 80.000%
2025-09-20 00:32:29 -   Precision: 0.500
2025-09-20 00:32:29 -   Recall: 0.333
2025-09-20 00:32:29 -   F1 Score: 0.400
2025-09-20 00:32:29 -   AUC: 0.667
2025-09-20 00:32:29 -   Correct/Total: 12/15
2025-09-20 00:32:29 -   Confusion Matrix Stats:
2025-09-20 00:32:29 -     TP: 1, TN: 11
2025-09-20 00:32:29 -     FP: 1, FN: 2
2025-09-20 00:32:29 - Subject: AVO_038
2025-09-20 00:32:29 -   Accuracy: 68.182%
2025-09-20 00:32:29 -   Precision: 0.667
2025-09-20 00:32:29 -   Recall: 0.727
2025-09-20 00:32:29 -   F1 Score: 0.696
2025-09-20 00:32:29 -   AUC: 0.727
2025-09-20 00:32:29 -   Correct/Total: 15/22
2025-09-20 00:32:29 -   Confusion Matrix Stats:
2025-09-20 00:32:29 -     TP: 8, TN: 7
2025-09-20 00:32:29 -     FP: 4, FN: 3
2025-09-20 00:32:29 - Subject: AVO_039
2025-09-20 00:32:29 -   Accuracy: 62.500%
2025-09-20 00:32:29 -   Precision: 0.750
2025-09-20 00:32:29 -   Recall: 0.375
2025-09-20 00:32:29 -   F1 Score: 0.500
2025-09-20 00:32:29 -   AUC: 0.703
2025-09-20 00:32:29 -   Correct/Total: 10/16
2025-09-20 00:32:29 -   Confusion Matrix Stats:
2025-09-20 00:32:29 -     TP: 3, TN: 7
2025-09-20 00:32:29 -     FP: 1, FN: 5
2025-09-20 00:32:29 - Subject: AVO_040
2025-09-20 00:32:29 -   Accuracy: 91.304%
2025-09-20 00:32:29 -   Precision: 1.000
2025-09-20 00:32:29 -   Recall: 0.846
2025-09-20 00:32:29 -   F1 Score: 0.917
2025-09-20 00:32:29 -   AUC: 0.954
2025-09-20 00:32:29 -   Correct/Total: 21/23
2025-09-20 00:32:29 -   Confusion Matrix Stats:
2025-09-20 00:32:29 -     TP: 11, TN: 10
2025-09-20 00:32:29 -     FP: 0, FN: 2
2025-09-20 00:32:29 - Subject: P3_sub-001
2025-09-20 00:32:29 -   Accuracy: 81.250%
2025-09-20 00:32:29 -   Precision: 1.000
2025-09-20 00:32:29 -   Recall: 0.571
2025-09-20 00:32:29 -   F1 Score: 0.727
2025-09-20 00:32:29 -   AUC: 0.746
2025-09-20 00:32:29 -   Correct/Total: 13/16
2025-09-20 00:32:29 -   Confusion Matrix Stats:
2025-09-20 00:32:29 -     TP: 4, TN: 9
2025-09-20 00:32:29 -     FP: 0, FN: 3
2025-09-20 00:32:29 - Subject: P3_sub-002
2025-09-20 00:32:29 -   Accuracy: 76.471%
2025-09-20 00:32:29 -   Precision: 0.625
2025-09-20 00:32:29 -   Recall: 0.833
2025-09-20 00:32:29 -   F1 Score: 0.714
2025-09-20 00:32:29 -   AUC: 0.909
2025-09-20 00:32:29 -   Correct/Total: 13/17
2025-09-20 00:32:29 -   Confusion Matrix Stats:
2025-09-20 00:32:29 -     TP: 5, TN: 8
2025-09-20 00:32:29 -     FP: 3, FN: 1
2025-09-20 00:32:29 - Subject: P3_sub-003
2025-09-20 00:32:29 -   Accuracy: 78.947%
2025-09-20 00:32:29 -   Precision: 0.833
2025-09-20 00:32:29 -   Recall: 0.625
2025-09-20 00:32:29 -   F1 Score: 0.714
2025-09-20 00:32:29 -   AUC: 0.739
2025-09-20 00:32:29 -   Correct/Total: 15/19
2025-09-20 00:32:29 -   Confusion Matrix Stats:
2025-09-20 00:32:29 -     TP: 5, TN: 10
2025-09-20 00:32:29 -     FP: 1, FN: 3
2025-09-20 00:32:29 - Subject: P3_sub-004
2025-09-20 00:32:29 -   Accuracy: 66.667%
2025-09-20 00:32:29 -   Precision: 1.000
2025-09-20 00:32:29 -   Recall: 0.429
2025-09-20 00:32:29 -   F1 Score: 0.600
2025-09-20 00:32:29 -   AUC: 0.800
2025-09-20 00:32:29 -   Correct/Total: 8/12
2025-09-20 00:32:29 -   Confusion Matrix Stats:
2025-09-20 00:32:29 -     TP: 3, TN: 5
2025-09-20 00:32:29 -     FP: 0, FN: 4
2025-09-20 00:32:29 - Subject: P3_sub-005
2025-09-20 00:32:29 -   Accuracy: 63.158%
2025-09-20 00:32:29 -   Precision: 0.750
2025-09-20 00:32:29 -   Recall: 0.333
2025-09-20 00:32:29 -   F1 Score: 0.462
2025-09-20 00:32:29 -   AUC: 0.667
2025-09-20 00:32:29 -   Correct/Total: 12/19
2025-09-20 00:32:29 -   Confusion Matrix Stats:
2025-09-20 00:32:29 -     TP: 3, TN: 9
2025-09-20 00:32:29 -     FP: 1, FN: 6
2025-09-20 00:32:29 - Subject: P3_sub-006
2025-09-20 00:32:29 -   Accuracy: 46.154%
2025-09-20 00:32:29 -   Precision: 0.250
2025-09-20 00:32:29 -   Recall: 0.200
2025-09-20 00:32:29 -   F1 Score: 0.222
2025-09-20 00:32:29 -   AUC: 0.450
2025-09-20 00:32:29 -   Correct/Total: 6/13
2025-09-20 00:32:29 -   Confusion Matrix Stats:
2025-09-20 00:32:29 -     TP: 1, TN: 5
2025-09-20 00:32:29 -     FP: 3, FN: 4
2025-09-20 00:32:29 - Subject: P3_sub-007
2025-09-20 00:32:29 -   Accuracy: 81.250%
2025-09-20 00:32:29 -   Precision: 0.800
2025-09-20 00:32:29 -   Recall: 0.889
2025-09-20 00:32:29 -   F1 Score: 0.842
2025-09-20 00:32:29 -   AUC: 0.952
2025-09-20 00:32:29 -   Correct/Total: 13/16
2025-09-20 00:32:29 -   Confusion Matrix Stats:
2025-09-20 00:32:29 -     TP: 8, TN: 5
2025-09-20 00:32:29 -     FP: 2, FN: 1
2025-09-20 00:32:29 - Subject: P3_sub-008
2025-09-20 00:32:29 -   Accuracy: 58.824%
2025-09-20 00:32:29 -   Precision: 0.500
2025-09-20 00:32:29 -   Recall: 0.143
2025-09-20 00:32:29 -   F1 Score: 0.222
2025-09-20 00:32:29 -   AUC: 0.343
2025-09-20 00:32:29 -   Correct/Total: 10/17
2025-09-20 00:32:29 -   Confusion Matrix Stats:
2025-09-20 00:32:29 -     TP: 1, TN: 9
2025-09-20 00:32:29 -     FP: 1, FN: 6
2025-09-20 00:32:29 - Subject: P3_sub-009
2025-09-20 00:32:29 -   Accuracy: 35.294%
2025-09-20 00:32:29 -   Precision: 0.400
2025-09-20 00:32:29 -   Recall: 0.200
2025-09-20 00:32:29 -   F1 Score: 0.267
2025-09-20 00:32:29 -   AUC: 0.543
2025-09-20 00:32:29 -   Correct/Total: 6/17
2025-09-20 00:32:29 -   Confusion Matrix Stats:
2025-09-20 00:32:29 -     TP: 2, TN: 4
2025-09-20 00:32:29 -     FP: 3, FN: 8
2025-09-20 00:32:29 - Subject: P3_sub-010
2025-09-20 00:32:29 -   Accuracy: 77.778%
2025-09-20 00:32:29 -   Precision: 0.833
2025-09-20 00:32:29 -   Recall: 0.625
2025-09-20 00:32:29 -   F1 Score: 0.714
2025-09-20 00:32:29 -   AUC: 0.813
2025-09-20 00:32:29 -   Correct/Total: 14/18
2025-09-20 00:32:29 -   Confusion Matrix Stats:
2025-09-20 00:32:29 -     TP: 5, TN: 9
2025-09-20 00:32:29 -     FP: 1, FN: 3
2025-09-20 00:32:29 - Subject: P3_sub-011
2025-09-20 00:32:29 -   Accuracy: 47.368%
2025-09-20 00:32:29 -   Precision: 0.500
2025-09-20 00:32:29 -   Recall: 0.300
2025-09-20 00:32:29 -   F1 Score: 0.375
2025-09-20 00:32:29 -   AUC: 0.511
2025-09-20 00:32:29 -   Correct/Total: 9/19
2025-09-20 00:32:29 -   Confusion Matrix Stats:
2025-09-20 00:32:29 -     TP: 3, TN: 6
2025-09-20 00:32:29 -     FP: 3, FN: 7
2025-09-20 00:32:29 - Subject: P3_sub-012
2025-09-20 00:32:29 -   Accuracy: 80.000%
2025-09-20 00:32:29 -   Precision: 0.750
2025-09-20 00:32:29 -   Recall: 0.500
2025-09-20 00:32:29 -   F1 Score: 0.600
2025-09-20 00:32:29 -   AUC: 0.940
2025-09-20 00:32:29 -   Correct/Total: 16/20
2025-09-20 00:32:29 -   Confusion Matrix Stats:
2025-09-20 00:32:29 -     TP: 3, TN: 13
2025-09-20 00:32:29 -     FP: 1, FN: 3
2025-09-20 00:32:29 - Subject: P3_sub-013
2025-09-20 00:32:29 -   Accuracy: 43.750%
2025-09-20 00:32:29 -   Precision: 1.000
2025-09-20 00:32:29 -   Recall: 0.182
2025-09-20 00:32:29 -   F1 Score: 0.308
2025-09-20 00:32:29 -   AUC: 0.745
2025-09-20 00:32:29 -   Correct/Total: 7/16
2025-09-20 00:32:29 -   Confusion Matrix Stats:
2025-09-20 00:32:29 -     TP: 2, TN: 5
2025-09-20 00:32:29 -     FP: 0, FN: 9
2025-09-20 00:32:29 - Subject: P3_sub-014
2025-09-20 00:32:29 -   Accuracy: 50.000%
2025-09-20 00:32:29 -   Precision: 1.000
2025-09-20 00:32:29 -   Recall: 0.250
2025-09-20 00:32:29 -   F1 Score: 0.400
2025-09-20 00:32:29 -   AUC: 0.875
2025-09-20 00:32:29 -   Correct/Total: 6/12
2025-09-20 00:32:29 -   Confusion Matrix Stats:
2025-09-20 00:32:29 -     TP: 2, TN: 4
2025-09-20 00:32:29 -     FP: 0, FN: 6
2025-09-20 00:32:29 - Subject: P3_sub-015
2025-09-20 00:32:29 -   Accuracy: 95.238%
2025-09-20 00:32:29 -   Precision: 1.000
2025-09-20 00:32:29 -   Recall: 0.923
2025-09-20 00:32:29 -   F1 Score: 0.960
2025-09-20 00:32:29 -   AUC: 0.971
2025-09-20 00:32:29 -   Correct/Total: 20/21
2025-09-20 00:32:29 -   Confusion Matrix Stats:
2025-09-20 00:32:29 -     TP: 12, TN: 8
2025-09-20 00:32:29 -     FP: 0, FN: 1
2025-09-20 00:32:29 - Subject: P3_sub-016
2025-09-20 00:32:29 -   Accuracy: 78.571%
2025-09-20 00:32:29 -   Precision: 0.667
2025-09-20 00:32:29 -   Recall: 0.800
2025-09-20 00:32:29 -   F1 Score: 0.727
2025-09-20 00:32:29 -   AUC: 0.956
2025-09-20 00:32:29 -   Correct/Total: 11/14
2025-09-20 00:32:29 -   Confusion Matrix Stats:
2025-09-20 00:32:29 -     TP: 4, TN: 7
2025-09-20 00:32:29 -     FP: 2, FN: 1
2025-09-20 00:32:29 - Subject: P3_sub-017
2025-09-20 00:32:29 -   Accuracy: 52.174%
2025-09-20 00:32:29 -   Precision: 0.667
2025-09-20 00:32:29 -   Recall: 0.308
2025-09-20 00:32:29 -   F1 Score: 0.421
2025-09-20 00:32:29 -   AUC: 0.777
2025-09-20 00:32:29 -   Correct/Total: 12/23
2025-09-20 00:32:29 -   Confusion Matrix Stats:
2025-09-20 00:32:29 -     TP: 4, TN: 8
2025-09-20 00:32:29 -     FP: 2, FN: 9
2025-09-20 00:32:29 - Subject: P3_sub-018
2025-09-20 00:32:29 -   Accuracy: 40.000%
2025-09-20 00:32:29 -   Precision: 1.000
2025-09-20 00:32:29 -   Recall: 0.250
2025-09-20 00:32:29 -   F1 Score: 0.400
2025-09-20 00:32:29 -   AUC: 0.875
2025-09-20 00:32:29 -   Correct/Total: 4/10
2025-09-20 00:32:29 -   Confusion Matrix Stats:
2025-09-20 00:32:29 -     TP: 2, TN: 2
2025-09-20 00:32:29 -     FP: 0, FN: 6
2025-09-20 00:32:29 - Subject: P3_sub-019
2025-09-20 00:32:29 -   Accuracy: 81.818%
2025-09-20 00:32:29 -   Precision: 0.714
2025-09-20 00:32:29 -   Recall: 1.000
2025-09-20 00:32:29 -   F1 Score: 0.833
2025-09-20 00:32:29 -   AUC: 0.667
2025-09-20 00:32:29 -   Correct/Total: 9/11
2025-09-20 00:32:29 -   Confusion Matrix Stats:
2025-09-20 00:32:29 -     TP: 5, TN: 4
2025-09-20 00:32:29 -     FP: 2, FN: 0
2025-09-20 00:32:29 - Subject: P3_sub-020
2025-09-20 00:32:29 -   Accuracy: 70.588%
2025-09-20 00:32:29 -   Precision: 1.000
2025-09-20 00:32:29 -   Recall: 0.444
2025-09-20 00:32:29 -   F1 Score: 0.615
2025-09-20 00:32:29 -   AUC: 0.931
2025-09-20 00:32:29 -   Correct/Total: 12/17
2025-09-20 00:32:29 -   Confusion Matrix Stats:
2025-09-20 00:32:29 -     TP: 4, TN: 8
2025-09-20 00:32:29 -     FP: 0, FN: 5
2025-09-20 00:32:29 - Subject: P3_sub-021
2025-09-20 00:32:29 -   Accuracy: 78.947%
2025-09-20 00:32:29 -   Precision: 1.000
2025-09-20 00:32:29 -   Recall: 0.556
2025-09-20 00:32:29 -   F1 Score: 0.714
2025-09-20 00:32:29 -   AUC: 0.822
2025-09-20 00:32:29 -   Correct/Total: 15/19
2025-09-20 00:32:29 -   Confusion Matrix Stats:
2025-09-20 00:32:29 -     TP: 5, TN: 10
2025-09-20 00:32:29 -     FP: 0, FN: 4
2025-09-20 00:32:29 - Subject: P3_sub-022
2025-09-20 00:32:29 -   Accuracy: 78.947%
2025-09-20 00:32:29 -   Precision: 0.769
2025-09-20 00:32:29 -   Recall: 0.909
2025-09-20 00:32:29 -   F1 Score: 0.833
2025-09-20 00:32:29 -   AUC: 0.818
2025-09-20 00:32:29 -   Correct/Total: 15/19
2025-09-20 00:32:29 -   Confusion Matrix Stats:
2025-09-20 00:32:29 -     TP: 10, TN: 5
2025-09-20 00:32:29 -     FP: 3, FN: 1
2025-09-20 00:32:29 - Subject: P3_sub-023
2025-09-20 00:32:29 -   Accuracy: 62.500%
2025-09-20 00:32:29 -   Precision: 0.000
2025-09-20 00:32:29 -   Recall: 0.000
2025-09-20 00:32:29 -   F1 Score: 0.000
2025-09-20 00:32:29 -   AUC: 0.833
2025-09-20 00:32:29 -   Correct/Total: 10/16
2025-09-20 00:32:29 -   Confusion Matrix Stats:
2025-09-20 00:32:29 -     TP: 0, TN: 10
2025-09-20 00:32:29 -     FP: 0, FN: 6
2025-09-20 00:32:29 - Subject: P3_sub-024
2025-09-20 00:32:29 -   Accuracy: 83.333%
2025-09-20 00:32:29 -   Precision: 0.909
2025-09-20 00:32:29 -   Recall: 0.833
2025-09-20 00:32:29 -   F1 Score: 0.870
2025-09-20 00:32:29 -   AUC: 0.819
2025-09-20 00:32:29 -   Correct/Total: 15/18
2025-09-20 00:32:29 -   Confusion Matrix Stats:
2025-09-20 00:32:29 -     TP: 10, TN: 5
2025-09-20 00:32:29 -     FP: 1, FN: 2
2025-09-20 00:32:29 - Subject: P3_sub-025
2025-09-20 00:32:29 -   Accuracy: 72.222%
2025-09-20 00:32:29 -   Precision: 0.500
2025-09-20 00:32:29 -   Recall: 0.800
2025-09-20 00:32:29 -   F1 Score: 0.615
2025-09-20 00:32:29 -   AUC: 0.785
2025-09-20 00:32:29 -   Correct/Total: 13/18
2025-09-20 00:32:29 -   Confusion Matrix Stats:
2025-09-20 00:32:29 -     TP: 4, TN: 9
2025-09-20 00:32:29 -     FP: 4, FN: 1
2025-09-20 00:32:29 - Subject: P3_sub-026
2025-09-20 00:32:29 -   Accuracy: 79.167%
2025-09-20 00:32:29 -   Precision: 0.667
2025-09-20 00:32:29 -   Recall: 0.750
2025-09-20 00:32:29 -   F1 Score: 0.706
2025-09-20 00:32:29 -   AUC: 0.828
2025-09-20 00:32:29 -   Correct/Total: 19/24
2025-09-20 00:32:29 -   Confusion Matrix Stats:
2025-09-20 00:32:29 -     TP: 6, TN: 13
2025-09-20 00:32:29 -     FP: 3, FN: 2
2025-09-20 00:32:29 - Subject: P3_sub-027
2025-09-20 00:32:29 -   Accuracy: 68.421%
2025-09-20 00:32:29 -   Precision: 1.000
2025-09-20 00:32:29 -   Recall: 0.333
2025-09-20 00:32:29 -   F1 Score: 0.500
2025-09-20 00:32:29 -   AUC: 0.867
2025-09-20 00:32:29 -   Correct/Total: 13/19
2025-09-20 00:32:29 -   Confusion Matrix Stats:
2025-09-20 00:32:29 -     TP: 3, TN: 10
2025-09-20 00:32:29 -     FP: 0, FN: 6
2025-09-20 00:32:29 - Subject: P3_sub-028
2025-09-20 00:32:29 -   Accuracy: 52.632%
2025-09-20 00:32:29 -   Precision: 1.000
2025-09-20 00:32:29 -   Recall: 0.100
2025-09-20 00:32:29 -   F1 Score: 0.182
2025-09-20 00:32:29 -   AUC: 0.522
2025-09-20 00:32:29 -   Correct/Total: 10/19
2025-09-20 00:32:29 -   Confusion Matrix Stats:
2025-09-20 00:32:29 -     TP: 1, TN: 9
2025-09-20 00:32:29 -     FP: 0, FN: 9
2025-09-20 00:32:29 - Subject: P3_sub-029
2025-09-20 00:32:29 -   Accuracy: 72.727%
2025-09-20 00:32:29 -   Precision: 1.000
2025-09-20 00:32:29 -   Recall: 0.500
2025-09-20 00:32:29 -   F1 Score: 0.667
2025-09-20 00:32:29 -   AUC: 0.767
2025-09-20 00:32:29 -   Correct/Total: 8/11
2025-09-20 00:32:29 -   Confusion Matrix Stats:
2025-09-20 00:32:29 -     TP: 3, TN: 5
2025-09-20 00:32:29 -     FP: 0, FN: 3
2025-09-20 00:32:29 - Subject: P3_sub-030
2025-09-20 00:32:29 -   Accuracy: 62.500%
2025-09-20 00:32:29 -   Precision: 0.625
2025-09-20 00:32:29 -   Recall: 0.625
2025-09-20 00:32:29 -   F1 Score: 0.625
2025-09-20 00:32:29 -   AUC: 0.656
2025-09-20 00:32:29 -   Correct/Total: 10/16
2025-09-20 00:32:29 -   Confusion Matrix Stats:
2025-09-20 00:32:29 -     TP: 5, TN: 5
2025-09-20 00:32:29 -     FP: 3, FN: 3
2025-09-20 00:32:29 - Subject: P3_sub-031
2025-09-20 00:32:29 -   Accuracy: 61.538%
2025-09-20 00:32:29 -   Precision: 0.500
2025-09-20 00:32:29 -   Recall: 0.400
2025-09-20 00:32:29 -   F1 Score: 0.444
2025-09-20 00:32:29 -   AUC: 0.700
2025-09-20 00:32:29 -   Correct/Total: 8/13
2025-09-20 00:32:29 -   Confusion Matrix Stats:
2025-09-20 00:32:29 -     TP: 2, TN: 6
2025-09-20 00:32:29 -     FP: 2, FN: 3
2025-09-20 00:32:29 - Subject: P3_sub-032
2025-09-20 00:32:29 -   Accuracy: 61.111%
2025-09-20 00:32:29 -   Precision: 0.833
2025-09-20 00:32:29 -   Recall: 0.455
2025-09-20 00:32:29 -   F1 Score: 0.588
2025-09-20 00:32:29 -   AUC: 0.688
2025-09-20 00:32:29 -   Correct/Total: 11/18
2025-09-20 00:32:29 -   Confusion Matrix Stats:
2025-09-20 00:32:29 -     TP: 5, TN: 6
2025-09-20 00:32:29 -     FP: 1, FN: 6
2025-09-20 00:32:29 - Subject: P3_sub-033
2025-09-20 00:32:29 -   Accuracy: 63.158%
2025-09-20 00:32:29 -   Precision: 1.000
2025-09-20 00:32:29 -   Recall: 0.222
2025-09-20 00:32:29 -   F1 Score: 0.364
2025-09-20 00:32:29 -   AUC: 0.589
2025-09-20 00:32:29 -   Correct/Total: 12/19
2025-09-20 00:32:29 -   Confusion Matrix Stats:
2025-09-20 00:32:29 -     TP: 2, TN: 10
2025-09-20 00:32:29 -     FP: 0, FN: 7
2025-09-20 00:32:29 - Subject: P3_sub-034
2025-09-20 00:32:29 -   Accuracy: 76.471%
2025-09-20 00:32:29 -   Precision: 0.667
2025-09-20 00:32:29 -   Recall: 0.400
2025-09-20 00:32:29 -   F1 Score: 0.500
2025-09-20 00:32:29 -   AUC: 0.867
2025-09-20 00:32:29 -   Correct/Total: 13/17
2025-09-20 00:32:29 -   Confusion Matrix Stats:
2025-09-20 00:32:29 -     TP: 2, TN: 11
2025-09-20 00:32:29 -     FP: 1, FN: 3
2025-09-20 00:32:29 - Subject: P3_sub-035
2025-09-20 00:32:29 -   Accuracy: 71.429%
2025-09-20 00:32:29 -   Precision: 0.769
2025-09-20 00:32:29 -   Recall: 0.667
2025-09-20 00:32:29 -   F1 Score: 0.714
2025-09-20 00:32:29 -   AUC: 0.667
2025-09-20 00:32:29 -   Correct/Total: 20/28
2025-09-20 00:32:29 -   Confusion Matrix Stats:
2025-09-20 00:32:29 -     TP: 10, TN: 10
2025-09-20 00:32:29 -     FP: 3, FN: 5
2025-09-20 00:32:29 - Subject: P3_sub-036
2025-09-20 00:32:29 -   Accuracy: 72.222%
2025-09-20 00:32:29 -   Precision: 1.000
2025-09-20 00:32:29 -   Recall: 0.375
2025-09-20 00:32:29 -   F1 Score: 0.545
2025-09-20 00:32:29 -   AUC: 0.812
2025-09-20 00:32:29 -   Correct/Total: 13/18
2025-09-20 00:32:29 -   Confusion Matrix Stats:
2025-09-20 00:32:29 -     TP: 3, TN: 10
2025-09-20 00:32:29 -     FP: 0, FN: 5
2025-09-20 00:32:29 - Subject: P3_sub-037
2025-09-20 00:32:29 -   Accuracy: 77.273%
2025-09-20 00:32:29 -   Precision: 1.000
2025-09-20 00:32:29 -   Recall: 0.500
2025-09-20 00:32:29 -   F1 Score: 0.667
2025-09-20 00:32:29 -   AUC: 0.900
2025-09-20 00:32:29 -   Correct/Total: 17/22
2025-09-20 00:32:29 -   Confusion Matrix Stats:
2025-09-20 00:32:29 -     TP: 5, TN: 12
2025-09-20 00:32:29 -     FP: 0, FN: 5
2025-09-20 00:32:29 - Subject: P3_sub-038
2025-09-20 00:32:29 -   Accuracy: 63.158%
2025-09-20 00:32:29 -   Precision: 1.000
2025-09-20 00:32:29 -   Recall: 0.462
2025-09-20 00:32:29 -   F1 Score: 0.632
2025-09-20 00:32:29 -   AUC: 1.000
2025-09-20 00:32:29 -   Correct/Total: 12/19
2025-09-20 00:32:29 -   Confusion Matrix Stats:
2025-09-20 00:32:29 -     TP: 6, TN: 6
2025-09-20 00:32:29 -     FP: 0, FN: 7
2025-09-20 00:32:29 - Subject: P3_sub-039
2025-09-20 00:32:29 -   Accuracy: 45.455%
2025-09-20 00:32:29 -   Precision: 0.500
2025-09-20 00:32:29 -   Recall: 0.167
2025-09-20 00:32:29 -   F1 Score: 0.250
2025-09-20 00:32:29 -   AUC: 0.600
2025-09-20 00:32:29 -   Correct/Total: 10/22
2025-09-20 00:32:29 -   Confusion Matrix Stats:
2025-09-20 00:32:29 -     TP: 2, TN: 8
2025-09-20 00:32:29 -     FP: 2, FN: 10
2025-09-20 00:32:29 - Subject: P3_sub-040
2025-09-20 00:32:29 -   Accuracy: 69.565%
2025-09-20 00:32:29 -   Precision: 0.750
2025-09-20 00:32:29 -   Recall: 0.692
2025-09-20 00:32:29 -   F1 Score: 0.720
2025-09-20 00:32:29 -   AUC: 0.738
2025-09-20 00:32:29 -   Correct/Total: 16/23
2025-09-20 00:32:29 -   Confusion Matrix Stats:
2025-09-20 00:32:29 -     TP: 9, TN: 7
2025-09-20 00:32:29 -     FP: 3, FN: 4
2025-09-20 00:32:29 - 
Combined Model (All Subjects) Statistics:
2025-09-20 00:32:29 - 95% Confidence Interval: [0.638, 0.703]
2025-09-20 00:32:29 - Best Subject: AVO_003 (1.000)
2025-09-20 00:32:29 - Worst Subject: AVO_015 (0.308)
2025-09-20 00:32:29 - Mean Accuracy: 0.675
2025-09-20 00:32:29 - Mean Precision: 0.758
2025-09-20 00:32:29 - Mean Recall: 0.491
2025-09-20 00:32:29 - Mean F1-Score: 0.596
2025-09-20 00:32:29 - Mean AUC: 0.751
2025-09-20 00:32:29 - Mean Confusion Matrix:
2025-09-20 00:32:29 -   TP: 4, TN: 8
2025-09-20 00:32:29 -   FP: 1, FN: 4
2025-09-20 00:32:29 - 
Combined Model – P3 Subjects Statistics:
2025-09-20 00:32:29 - 95% Confidence Interval: [0.625, 0.714]
2025-09-20 00:32:29 - Best Subject: P3_sub-015 (0.952)
2025-09-20 00:32:29 - Worst Subject: P3_sub-009 (0.353)
2025-09-20 00:32:29 - Mean Accuracy: 0.675
2025-09-20 00:32:29 - Mean Precision: 0.770
2025-09-20 00:32:29 - Mean Recall: 0.490
2025-09-20 00:32:29 - Mean F1-Score: 0.599
2025-09-20 00:32:29 - Mean AUC: 0.762
2025-09-20 00:32:29 - Mean Confusion Matrix:
2025-09-20 00:32:29 -   TP: 4, TN: 8
2025-09-20 00:32:29 -   FP: 1, FN: 4
2025-09-20 00:32:29 - 
Combined Model – AVO Subjects Statistics:
2025-09-20 00:32:29 - 95% Confidence Interval: [0.622, 0.720]
2025-09-20 00:32:29 - Best Subject: AVO_003 (1.000)
2025-09-20 00:32:29 - Worst Subject: AVO_015 (0.308)
2025-09-20 00:32:29 - Mean Accuracy: 0.675
2025-09-20 00:32:29 - Mean Precision: 0.747
2025-09-20 00:32:29 - Mean Recall: 0.493
2025-09-20 00:32:29 - Mean F1-Score: 0.594
2025-09-20 00:32:29 - Mean AUC: 0.740
2025-09-20 00:32:29 - Mean Confusion Matrix:
2025-09-20 00:32:29 -   TP: 4, TN: 8
2025-09-20 00:32:29 -   FP: 1, FN: 4
