2025-09-20 00:14:39 - 
Experiment Configuration:
2025-09-20 00:14:39 - --------------------------------------------------
2025-09-20 00:14:39 - dataset: use_combined_datasets
2025-09-20 00:14:39 - use_combined_datasets: True
2025-09-20 00:14:39 - electrode_list: all
2025-09-20 00:14:39 - classifier: SepConv1D
2025-09-20 00:14:39 - separate_subject_classification: False
2025-09-20 00:14:39 - use_subject_layer: False
2025-09-20 00:14:39 - seeds: [42]
2025-09-20 00:14:39 - electrode_fusion_method: graph_enhanced
2025-09-20 00:14:39 - domain_adaptation_method: none
2025-09-20 00:14:39 - enable_comprehensive_evaluation: True
2025-09-20 00:14:39 - enable_domain_analysis: True
2025-09-20 00:14:39 - enable_small_sample_analysis: False
2025-09-20 00:14:39 - small_sample_sizes: [5, 10, 15, 20]
2025-09-20 00:14:39 - small_sample_subjects: [5, 10, 15]
2025-09-20 00:14:39 - --------------------------------------------------
2025-09-20 00:14:39 - 
==================================================
2025-09-20 00:14:39 - Processing Combined P3 and AVO Datasets
2025-09-20 00:14:39 - ==================================================
2025-09-20 00:14:39 - 启用融合方法: graph_enhanced, 域适应: none
2025-09-20 00:14:39 - 融合模式：使用各数据集的原生电极配置
2025-09-20 00:14:39 - Processing datasets: ['P3', 'AVO']
2025-09-20 00:14:39 - Processing dataset: P3
2025-09-20 00:14:46 - Dataset P3 processed: 1840 training samples
2025-09-20 00:14:46 - Processing dataset: AVO
2025-09-20 00:14:52 - Dataset AVO processed: 720 training samples
2025-09-20 00:14:52 - Created data loaders for P3
2025-09-20 00:14:52 - Created data loaders for AVO
2025-09-20 00:14:52 - Training fusion model: graph_enhanced with domain adaptation: none
2025-09-20 00:15:11 - Fusion experiment completed successfully
2025-09-20 00:15:11 - Final accuracy: 0.6484375
