2025-09-14 19:01:07 - 
Experiment Configuration:
2025-09-14 19:01:07 - --------------------------------------------------
2025-09-14 19:01:07 - dataset: use_combined_datasets
2025-09-14 19:01:07 - use_combined_datasets: True
2025-09-14 19:01:07 - electrode_list: common
2025-09-14 19:01:07 - classifier: EEGConformer
2025-09-14 19:01:07 - separate_subject_classification: False
2025-09-14 19:01:07 - use_subject_layer: False
2025-09-14 19:01:07 - seeds: [42]
2025-09-14 19:01:07 - --------------------------------------------------
2025-09-14 19:01:07 - 
==================================================
2025-09-14 19:01:07 - Processing Combined P3 and AVO Datasets
2025-09-14 19:01:07 - ==================================================
2025-09-14 19:01:39 - 
==================================================
2025-09-14 19:01:39 - Individual Subject Results - Combined Model
2025-09-14 19:01:39 - ==================================================
2025-09-14 19:01:39 - Subject: AVO_001
2025-09-14 19:01:39 -   Accuracy: 50.000%
2025-09-14 19:01:39 -   Precision: 0.571
2025-09-14 19:01:39 -   Recall: 0.667
2025-09-14 19:01:39 -   F1 Score: 0.615
2025-09-14 19:01:39 -   AUC: 0.500
2025-09-14 19:01:39 -   Correct/Total: 5/10
2025-09-14 19:01:39 -   Confusion Matrix Stats:
2025-09-14 19:01:39 -     TP: 4, TN: 1
2025-09-14 19:01:39 -     FP: 3, FN: 2
2025-09-14 19:01:39 - Subject: AVO_002
2025-09-14 19:01:39 -   Accuracy: 71.429%
2025-09-14 19:01:39 -   Precision: 1.000
2025-09-14 19:01:39 -   Recall: 0.333
2025-09-14 19:01:39 -   F1 Score: 0.500
2025-09-14 19:01:39 -   AUC: 0.833
2025-09-14 19:01:39 -   Correct/Total: 5/7
2025-09-14 19:01:39 -   Confusion Matrix Stats:
2025-09-14 19:01:39 -     TP: 1, TN: 4
2025-09-14 19:01:39 -     FP: 0, FN: 2
2025-09-14 19:01:39 - Subject: AVO_003
2025-09-14 19:01:39 -   Accuracy: 62.500%
2025-09-14 19:01:39 -   Precision: 0.429
2025-09-14 19:01:39 -   Recall: 0.600
2025-09-14 19:01:39 -   F1 Score: 0.500
2025-09-14 19:01:39 -   AUC: 0.745
2025-09-14 19:01:39 -   Correct/Total: 10/16
2025-09-14 19:01:39 -   Confusion Matrix Stats:
2025-09-14 19:01:39 -     TP: 3, TN: 7
2025-09-14 19:01:39 -     FP: 4, FN: 2
2025-09-14 19:01:39 - Subject: AVO_004
2025-09-14 19:01:39 -   Accuracy: 90.909%
2025-09-14 19:01:39 -   Precision: 0.875
2025-09-14 19:01:39 -   Recall: 1.000
2025-09-14 19:01:39 -   F1 Score: 0.933
2025-09-14 19:01:39 -   AUC: 0.857
2025-09-14 19:01:39 -   Correct/Total: 10/11
2025-09-14 19:01:39 -   Confusion Matrix Stats:
2025-09-14 19:01:39 -     TP: 7, TN: 3
2025-09-14 19:01:39 -     FP: 1, FN: 0
2025-09-14 19:01:39 - Subject: AVO_005
2025-09-14 19:01:39 -   Accuracy: 87.500%
2025-09-14 19:01:39 -   Precision: 1.000
2025-09-14 19:01:39 -   Recall: 0.750
2025-09-14 19:01:39 -   F1 Score: 0.857
2025-09-14 19:01:39 -   AUC: 1.000
2025-09-14 19:01:39 -   Correct/Total: 7/8
2025-09-14 19:01:39 -   Confusion Matrix Stats:
2025-09-14 19:01:39 -     TP: 3, TN: 4
2025-09-14 19:01:39 -     FP: 0, FN: 1
2025-09-14 19:01:39 - Subject: AVO_006
2025-09-14 19:01:39 -   Accuracy: 60.000%
2025-09-14 19:01:39 -   Precision: 1.000
2025-09-14 19:01:39 -   Recall: 0.333
2025-09-14 19:01:39 -   F1 Score: 0.500
2025-09-14 19:01:39 -   AUC: 0.833
2025-09-14 19:01:39 -   Correct/Total: 3/5
2025-09-14 19:01:39 -   Confusion Matrix Stats:
2025-09-14 19:01:39 -     TP: 1, TN: 2
2025-09-14 19:01:39 -     FP: 0, FN: 2
2025-09-14 19:01:39 - Subject: AVO_007
2025-09-14 19:01:39 -   Accuracy: 70.000%
2025-09-14 19:01:39 -   Precision: 0.778
2025-09-14 19:01:39 -   Recall: 0.875
2025-09-14 19:01:39 -   F1 Score: 0.824
2025-09-14 19:01:39 -   AUC: 0.500
2025-09-14 19:01:39 -   Correct/Total: 7/10
2025-09-14 19:01:39 -   Confusion Matrix Stats:
2025-09-14 19:01:39 -     TP: 7, TN: 0
2025-09-14 19:01:39 -     FP: 2, FN: 1
2025-09-14 19:01:39 - Subject: AVO_008
2025-09-14 19:01:39 -   Accuracy: 100.000%
2025-09-14 19:01:39 -   Precision: 1.000
2025-09-14 19:01:39 -   Recall: 1.000
2025-09-14 19:01:39 -   F1 Score: 1.000
2025-09-14 19:01:39 -   AUC: 1.000
2025-09-14 19:01:39 -   Correct/Total: 8/8
2025-09-14 19:01:39 -   Confusion Matrix Stats:
2025-09-14 19:01:39 -     TP: 7, TN: 1
2025-09-14 19:01:39 -     FP: 0, FN: 0
2025-09-14 19:01:39 - Subject: AVO_009
2025-09-14 19:01:39 -   Accuracy: 66.667%
2025-09-14 19:01:39 -   Precision: 0.800
2025-09-14 19:01:39 -   Recall: 0.571
2025-09-14 19:01:39 -   F1 Score: 0.667
2025-09-14 19:01:39 -   AUC: 0.771
2025-09-14 19:01:39 -   Correct/Total: 8/12
2025-09-14 19:01:39 -   Confusion Matrix Stats:
2025-09-14 19:01:39 -     TP: 4, TN: 4
2025-09-14 19:01:39 -     FP: 1, FN: 3
2025-09-14 19:01:39 - Subject: AVO_010
2025-09-14 19:01:39 -   Accuracy: 66.667%
2025-09-14 19:01:39 -   Precision: 0.571
2025-09-14 19:01:39 -   Recall: 1.000
2025-09-14 19:01:39 -   F1 Score: 0.727
2025-09-14 19:01:39 -   AUC: 1.000
2025-09-14 19:01:39 -   Correct/Total: 6/9
2025-09-14 19:01:39 -   Confusion Matrix Stats:
2025-09-14 19:01:39 -     TP: 4, TN: 2
2025-09-14 19:01:39 -     FP: 3, FN: 0
2025-09-14 19:01:39 - Subject: AVO_011
2025-09-14 19:01:39 -   Accuracy: 83.333%
2025-09-14 19:01:39 -   Precision: 0.800
2025-09-14 19:01:39 -   Recall: 1.000
2025-09-14 19:01:39 -   F1 Score: 0.889
2025-09-14 19:01:39 -   AUC: 0.875
2025-09-14 19:01:39 -   Correct/Total: 5/6
2025-09-14 19:01:39 -   Confusion Matrix Stats:
2025-09-14 19:01:39 -     TP: 4, TN: 1
2025-09-14 19:01:39 -     FP: 1, FN: 0
2025-09-14 19:01:39 - Subject: AVO_012
2025-09-14 19:01:39 -   Accuracy: 80.000%
2025-09-14 19:01:39 -   Precision: 0.667
2025-09-14 19:01:39 -   Recall: 0.667
2025-09-14 19:01:39 -   F1 Score: 0.667
2025-09-14 19:01:39 -   AUC: 0.905
2025-09-14 19:01:39 -   Correct/Total: 8/10
2025-09-14 19:01:39 -   Confusion Matrix Stats:
2025-09-14 19:01:39 -     TP: 2, TN: 6
2025-09-14 19:01:39 -     FP: 1, FN: 1
2025-09-14 19:01:39 - Subject: AVO_013
2025-09-14 19:01:39 -   Accuracy: 88.889%
2025-09-14 19:01:39 -   Precision: 0.833
2025-09-14 19:01:39 -   Recall: 1.000
2025-09-14 19:01:39 -   F1 Score: 0.909
2025-09-14 19:01:39 -   AUC: 0.800
2025-09-14 19:01:39 -   Correct/Total: 8/9
2025-09-14 19:01:39 -   Confusion Matrix Stats:
2025-09-14 19:01:39 -     TP: 5, TN: 3
2025-09-14 19:01:39 -     FP: 1, FN: 0
2025-09-14 19:01:39 - Subject: AVO_014
2025-09-14 19:01:39 -   Accuracy: 62.500%
2025-09-14 19:01:39 -   Precision: 0.667
2025-09-14 19:01:39 -   Recall: 0.500
2025-09-14 19:01:39 -   F1 Score: 0.571
2025-09-14 19:01:39 -   AUC: 0.688
2025-09-14 19:01:39 -   Correct/Total: 5/8
2025-09-14 19:01:39 -   Confusion Matrix Stats:
2025-09-14 19:01:39 -     TP: 2, TN: 3
2025-09-14 19:01:39 -     FP: 1, FN: 2
2025-09-14 19:01:39 - Subject: AVO_015
2025-09-14 19:01:39 -   Accuracy: 85.714%
2025-09-14 19:01:39 -   Precision: 1.000
2025-09-14 19:01:39 -   Recall: 0.500
2025-09-14 19:01:39 -   F1 Score: 0.667
2025-09-14 19:01:39 -   AUC: 0.800
2025-09-14 19:01:39 -   Correct/Total: 6/7
2025-09-14 19:01:39 -   Confusion Matrix Stats:
2025-09-14 19:01:39 -     TP: 1, TN: 5
2025-09-14 19:01:39 -     FP: 0, FN: 1
2025-09-14 19:01:39 - Subject: AVO_016
2025-09-14 19:01:39 -   Accuracy: 66.667%
2025-09-14 19:01:39 -   Precision: 0.714
2025-09-14 19:01:39 -   Recall: 0.625
2025-09-14 19:01:39 -   F1 Score: 0.667
2025-09-14 19:01:39 -   AUC: 0.696
2025-09-14 19:01:39 -   Correct/Total: 10/15
2025-09-14 19:01:39 -   Confusion Matrix Stats:
2025-09-14 19:01:39 -     TP: 5, TN: 5
2025-09-14 19:01:39 -     FP: 2, FN: 3
2025-09-14 19:01:39 - Subject: AVO_017
2025-09-14 19:01:39 -   Accuracy: 75.000%
2025-09-14 19:01:39 -   Precision: 0.800
2025-09-14 19:01:39 -   Recall: 0.800
2025-09-14 19:01:39 -   F1 Score: 0.800
2025-09-14 19:01:39 -   AUC: 0.867
2025-09-14 19:01:39 -   Correct/Total: 6/8
2025-09-14 19:01:39 -   Confusion Matrix Stats:
2025-09-14 19:01:39 -     TP: 4, TN: 2
2025-09-14 19:01:39 -     FP: 1, FN: 1
2025-09-14 19:01:39 - Subject: AVO_018
2025-09-14 19:01:39 -   Accuracy: 100.000%
2025-09-14 19:01:39 -   Precision: 1.000
2025-09-14 19:01:39 -   Recall: 1.000
2025-09-14 19:01:39 -   F1 Score: 1.000
2025-09-14 19:01:39 -   AUC: 1.000
2025-09-14 19:01:39 -   Correct/Total: 4/4
2025-09-14 19:01:39 -   Confusion Matrix Stats:
2025-09-14 19:01:39 -     TP: 2, TN: 2
2025-09-14 19:01:39 -     FP: 0, FN: 0
2025-09-14 19:01:39 - Subject: AVO_019
2025-09-14 19:01:39 -   Accuracy: 81.818%
2025-09-14 19:01:39 -   Precision: 0.667
2025-09-14 19:01:39 -   Recall: 1.000
2025-09-14 19:01:39 -   F1 Score: 0.800
2025-09-14 19:01:39 -   AUC: 1.000
2025-09-14 19:01:39 -   Correct/Total: 9/11
2025-09-14 19:01:39 -   Confusion Matrix Stats:
2025-09-14 19:01:39 -     TP: 4, TN: 5
2025-09-14 19:01:39 -     FP: 2, FN: 0
2025-09-14 19:01:39 - Subject: AVO_020
2025-09-14 19:01:39 -   Accuracy: 85.714%
2025-09-14 19:01:39 -   Precision: 0.800
2025-09-14 19:01:39 -   Recall: 1.000
2025-09-14 19:01:39 -   F1 Score: 0.889
2025-09-14 19:01:39 -   AUC: 0.917
2025-09-14 19:01:39 -   Correct/Total: 6/7
2025-09-14 19:01:39 -   Confusion Matrix Stats:
2025-09-14 19:01:39 -     TP: 4, TN: 2
2025-09-14 19:01:39 -     FP: 1, FN: 0
2025-09-14 19:01:39 - Subject: AVO_021
2025-09-14 19:01:39 -   Accuracy: 66.667%
2025-09-14 19:01:39 -   Precision: 0.500
2025-09-14 19:01:39 -   Recall: 0.500
2025-09-14 19:01:39 -   F1 Score: 0.500
2025-09-14 19:01:39 -   AUC: 0.875
2025-09-14 19:01:39 -   Correct/Total: 4/6
2025-09-14 19:01:39 -   Confusion Matrix Stats:
2025-09-14 19:01:39 -     TP: 1, TN: 3
2025-09-14 19:01:39 -     FP: 1, FN: 1
2025-09-14 19:01:39 - Subject: AVO_022
2025-09-14 19:01:39 -   Accuracy: 66.667%
2025-09-14 19:01:39 -   Precision: 0.500
2025-09-14 19:01:39 -   Recall: 1.000
2025-09-14 19:01:39 -   F1 Score: 0.667
2025-09-14 19:01:39 -   AUC: 1.000
2025-09-14 19:01:39 -   Correct/Total: 6/9
2025-09-14 19:01:39 -   Confusion Matrix Stats:
2025-09-14 19:01:39 -     TP: 3, TN: 3
2025-09-14 19:01:39 -     FP: 3, FN: 0
2025-09-14 19:01:39 - Subject: AVO_023
2025-09-14 19:01:39 -   Accuracy: 87.500%
2025-09-14 19:01:39 -   Precision: 0.800
2025-09-14 19:01:39 -   Recall: 1.000
2025-09-14 19:01:39 -   F1 Score: 0.889
2025-09-14 19:01:39 -   AUC: 0.875
2025-09-14 19:01:39 -   Correct/Total: 7/8
2025-09-14 19:01:39 -   Confusion Matrix Stats:
2025-09-14 19:01:39 -     TP: 4, TN: 3
2025-09-14 19:01:39 -     FP: 1, FN: 0
2025-09-14 19:01:39 - Subject: AVO_024
2025-09-14 19:01:39 -   Accuracy: 76.471%
2025-09-14 19:01:39 -   Precision: 0.750
2025-09-14 19:01:39 -   Recall: 0.900
2025-09-14 19:01:39 -   F1 Score: 0.818
2025-09-14 19:01:39 -   AUC: 0.671
2025-09-14 19:01:39 -   Correct/Total: 13/17
2025-09-14 19:01:39 -   Confusion Matrix Stats:
2025-09-14 19:01:39 -     TP: 9, TN: 4
2025-09-14 19:01:39 -     FP: 3, FN: 1
2025-09-14 19:01:39 - Subject: AVO_025
2025-09-14 19:01:39 -   Accuracy: 44.444%
2025-09-14 19:01:39 -   Precision: 0.600
2025-09-14 19:01:39 -   Recall: 0.500
2025-09-14 19:01:39 -   F1 Score: 0.545
2025-09-14 19:01:39 -   AUC: 0.389
2025-09-14 19:01:39 -   Correct/Total: 4/9
2025-09-14 19:01:39 -   Confusion Matrix Stats:
2025-09-14 19:01:39 -     TP: 3, TN: 1
2025-09-14 19:01:39 -     FP: 2, FN: 3
2025-09-14 19:01:39 - Subject: AVO_026
2025-09-14 19:01:39 -   Accuracy: 91.667%
2025-09-14 19:01:39 -   Precision: 1.000
2025-09-14 19:01:39 -   Recall: 0.857
2025-09-14 19:01:39 -   F1 Score: 0.923
2025-09-14 19:01:39 -   AUC: 1.000
2025-09-14 19:01:39 -   Correct/Total: 11/12
2025-09-14 19:01:39 -   Confusion Matrix Stats:
2025-09-14 19:01:39 -     TP: 6, TN: 5
2025-09-14 19:01:39 -     FP: 0, FN: 1
2025-09-14 19:01:39 - Subject: AVO_027
2025-09-14 19:01:39 -   Accuracy: 75.000%
2025-09-14 19:01:39 -   Precision: 1.000
2025-09-14 19:01:39 -   Recall: 0.600
2025-09-14 19:01:39 -   F1 Score: 0.750
2025-09-14 19:01:39 -   AUC: 0.600
2025-09-14 19:01:39 -   Correct/Total: 6/8
2025-09-14 19:01:39 -   Confusion Matrix Stats:
2025-09-14 19:01:39 -     TP: 3, TN: 3
2025-09-14 19:01:39 -     FP: 0, FN: 2
2025-09-14 19:01:39 - Subject: AVO_028
2025-09-14 19:01:39 -   Accuracy: 71.429%
2025-09-14 19:01:39 -   Precision: 0.667
2025-09-14 19:01:39 -   Recall: 0.667
2025-09-14 19:01:39 -   F1 Score: 0.667
2025-09-14 19:01:39 -   AUC: 0.875
2025-09-14 19:01:39 -   Correct/Total: 10/14
2025-09-14 19:01:39 -   Confusion Matrix Stats:
2025-09-14 19:01:39 -     TP: 4, TN: 6
2025-09-14 19:01:39 -     FP: 2, FN: 2
2025-09-14 19:01:39 - Subject: AVO_029
2025-09-14 19:01:39 -   Accuracy: 88.889%
2025-09-14 19:01:39 -   Precision: 1.000
2025-09-14 19:01:39 -   Recall: 0.800
2025-09-14 19:01:39 -   F1 Score: 0.889
2025-09-14 19:01:39 -   AUC: 1.000
2025-09-14 19:01:39 -   Correct/Total: 8/9
2025-09-14 19:01:39 -   Confusion Matrix Stats:
2025-09-14 19:01:39 -     TP: 4, TN: 4
2025-09-14 19:01:39 -     FP: 0, FN: 1
2025-09-14 19:01:39 - Subject: AVO_030
2025-09-14 19:01:39 -   Accuracy: 90.909%
2025-09-14 19:01:39 -   Precision: 0.875
2025-09-14 19:01:39 -   Recall: 1.000
2025-09-14 19:01:39 -   F1 Score: 0.933
2025-09-14 19:01:39 -   AUC: 0.929
2025-09-14 19:01:39 -   Correct/Total: 10/11
2025-09-14 19:01:39 -   Confusion Matrix Stats:
2025-09-14 19:01:39 -     TP: 7, TN: 3
2025-09-14 19:01:39 -     FP: 1, FN: 0
2025-09-14 19:01:39 - Subject: AVO_031
2025-09-14 19:01:39 -   Accuracy: 64.286%
2025-09-14 19:01:39 -   Precision: 0.714
2025-09-14 19:01:39 -   Recall: 0.625
2025-09-14 19:01:39 -   F1 Score: 0.667
2025-09-14 19:01:39 -   AUC: 0.729
2025-09-14 19:01:39 -   Correct/Total: 9/14
2025-09-14 19:01:39 -   Confusion Matrix Stats:
2025-09-14 19:01:39 -     TP: 5, TN: 4
2025-09-14 19:01:39 -     FP: 2, FN: 3
2025-09-14 19:01:39 - Subject: AVO_032
2025-09-14 19:01:39 -   Accuracy: 81.818%
2025-09-14 19:01:39 -   Precision: 0.875
2025-09-14 19:01:39 -   Recall: 0.875
2025-09-14 19:01:39 -   F1 Score: 0.875
2025-09-14 19:01:39 -   AUC: 0.833
2025-09-14 19:01:39 -   Correct/Total: 9/11
2025-09-14 19:01:39 -   Confusion Matrix Stats:
2025-09-14 19:01:39 -     TP: 7, TN: 2
2025-09-14 19:01:39 -     FP: 1, FN: 1
2025-09-14 19:01:39 - Subject: AVO_033
2025-09-14 19:01:39 -   Accuracy: 100.000%
2025-09-14 19:01:39 -   Precision: 1.000
2025-09-14 19:01:39 -   Recall: 1.000
2025-09-14 19:01:39 -   F1 Score: 1.000
2025-09-14 19:01:39 -   AUC: 0.500
2025-09-14 19:01:39 -   Correct/Total: 5/5
2025-09-14 19:01:39 -   Confusion Matrix Stats:
2025-09-14 19:01:39 -     TP: 5, TN: 0
2025-09-14 19:01:39 -     FP: 0, FN: 0
2025-09-14 19:01:39 - Subject: AVO_034
2025-09-14 19:01:39 -   Accuracy: 50.000%
2025-09-14 19:01:39 -   Precision: 0.571
2025-09-14 19:01:39 -   Recall: 0.667
2025-09-14 19:01:39 -   F1 Score: 0.615
2025-09-14 19:01:39 -   AUC: 0.542
2025-09-14 19:01:39 -   Correct/Total: 5/10
2025-09-14 19:01:39 -   Confusion Matrix Stats:
2025-09-14 19:01:39 -     TP: 4, TN: 1
2025-09-14 19:01:39 -     FP: 3, FN: 2
2025-09-14 19:01:39 - Subject: AVO_035
2025-09-14 19:01:39 -   Accuracy: 62.500%
2025-09-14 19:01:39 -   Precision: 0.600
2025-09-14 19:01:39 -   Recall: 0.750
2025-09-14 19:01:39 -   F1 Score: 0.667
2025-09-14 19:01:39 -   AUC: 0.375
2025-09-14 19:01:39 -   Correct/Total: 5/8
2025-09-14 19:01:39 -   Confusion Matrix Stats:
2025-09-14 19:01:39 -     TP: 3, TN: 2
2025-09-14 19:01:39 -     FP: 2, FN: 1
2025-09-14 19:01:39 - Subject: AVO_036
2025-09-14 19:01:39 -   Accuracy: 50.000%
2025-09-14 19:01:39 -   Precision: 0.500
2025-09-14 19:01:39 -   Recall: 0.667
2025-09-14 19:01:39 -   F1 Score: 0.571
2025-09-14 19:01:39 -   AUC: 0.444
2025-09-14 19:01:39 -   Correct/Total: 3/6
2025-09-14 19:01:39 -   Confusion Matrix Stats:
2025-09-14 19:01:39 -     TP: 2, TN: 1
2025-09-14 19:01:39 -     FP: 2, FN: 1
2025-09-14 19:01:39 - Subject: AVO_037
2025-09-14 19:01:39 -   Accuracy: 66.667%
2025-09-14 19:01:39 -   Precision: 1.000
2025-09-14 19:01:39 -   Recall: 0.250
2025-09-14 19:01:39 -   F1 Score: 0.400
2025-09-14 19:01:39 -   AUC: 0.600
2025-09-14 19:01:39 -   Correct/Total: 6/9
2025-09-14 19:01:39 -   Confusion Matrix Stats:
2025-09-14 19:01:39 -     TP: 1, TN: 5
2025-09-14 19:01:39 -     FP: 0, FN: 3
2025-09-14 19:01:39 - Subject: AVO_038
2025-09-14 19:01:39 -   Accuracy: 61.538%
2025-09-14 19:01:39 -   Precision: 0.667
2025-09-14 19:01:39 -   Recall: 0.571
2025-09-14 19:01:39 -   F1 Score: 0.615
2025-09-14 19:01:39 -   AUC: 0.714
2025-09-14 19:01:39 -   Correct/Total: 8/13
2025-09-14 19:01:39 -   Confusion Matrix Stats:
2025-09-14 19:01:39 -     TP: 4, TN: 4
2025-09-14 19:01:39 -     FP: 2, FN: 3
2025-09-14 19:01:39 - Subject: AVO_039
2025-09-14 19:01:39 -   Accuracy: 83.333%
2025-09-14 19:01:39 -   Precision: 0.750
2025-09-14 19:01:39 -   Recall: 1.000
2025-09-14 19:01:39 -   F1 Score: 0.857
2025-09-14 19:01:39 -   AUC: 0.889
2025-09-14 19:01:39 -   Correct/Total: 5/6
2025-09-14 19:01:39 -   Confusion Matrix Stats:
2025-09-14 19:01:39 -     TP: 3, TN: 2
2025-09-14 19:01:39 -     FP: 1, FN: 0
2025-09-14 19:01:39 - Subject: AVO_040
2025-09-14 19:01:39 -   Accuracy: 66.667%
2025-09-14 19:01:39 -   Precision: 0.250
2025-09-14 19:01:39 -   Recall: 0.500
2025-09-14 19:01:39 -   F1 Score: 0.333
2025-09-14 19:01:39 -   AUC: 0.450
2025-09-14 19:01:39 -   Correct/Total: 8/12
2025-09-14 19:01:39 -   Confusion Matrix Stats:
2025-09-14 19:01:39 -     TP: 1, TN: 7
2025-09-14 19:01:39 -     FP: 3, FN: 1
2025-09-14 19:01:39 - Subject: P3_sub-001
2025-09-14 19:01:39 -   Accuracy: 62.500%
2025-09-14 19:01:39 -   Precision: 0.000
2025-09-14 19:01:39 -   Recall: 0.000
2025-09-14 19:01:39 -   F1 Score: 0.000
2025-09-14 19:01:39 -   AUC: 0.500
2025-09-14 19:01:39 -   Correct/Total: 5/8
2025-09-14 19:01:39 -   Confusion Matrix Stats:
2025-09-14 19:01:39 -     TP: 0, TN: 5
2025-09-14 19:01:39 -     FP: 3, FN: 0
2025-09-14 19:01:39 - Subject: P3_sub-002
2025-09-14 19:01:39 -   Accuracy: 80.000%
2025-09-14 19:01:39 -   Precision: 0.750
2025-09-14 19:01:39 -   Recall: 1.000
2025-09-14 19:01:39 -   F1 Score: 0.857
2025-09-14 19:01:39 -   AUC: 1.000
2025-09-14 19:01:39 -   Correct/Total: 12/15
2025-09-14 19:01:39 -   Confusion Matrix Stats:
2025-09-14 19:01:39 -     TP: 9, TN: 3
2025-09-14 19:01:39 -     FP: 3, FN: 0
2025-09-14 19:01:39 - Subject: P3_sub-003
2025-09-14 19:01:39 -   Accuracy: 93.333%
2025-09-14 19:01:39 -   Precision: 1.000
2025-09-14 19:01:39 -   Recall: 0.875
2025-09-14 19:01:39 -   F1 Score: 0.933
2025-09-14 19:01:39 -   AUC: 1.000
2025-09-14 19:01:39 -   Correct/Total: 14/15
2025-09-14 19:01:39 -   Confusion Matrix Stats:
2025-09-14 19:01:39 -     TP: 7, TN: 7
2025-09-14 19:01:39 -     FP: 0, FN: 1
2025-09-14 19:01:39 - Subject: P3_sub-004
2025-09-14 19:01:39 -   Accuracy: 46.154%
2025-09-14 19:01:39 -   Precision: 0.250
2025-09-14 19:01:39 -   Recall: 0.667
2025-09-14 19:01:39 -   F1 Score: 0.364
2025-09-14 19:01:39 -   AUC: 0.767
2025-09-14 19:01:39 -   Correct/Total: 6/13
2025-09-14 19:01:39 -   Confusion Matrix Stats:
2025-09-14 19:01:39 -     TP: 2, TN: 4
2025-09-14 19:01:39 -     FP: 6, FN: 1
2025-09-14 19:01:39 - Subject: P3_sub-005
2025-09-14 19:01:39 -   Accuracy: 45.455%
2025-09-14 19:01:39 -   Precision: 0.750
2025-09-14 19:01:39 -   Recall: 0.375
2025-09-14 19:01:39 -   F1 Score: 0.500
2025-09-14 19:01:39 -   AUC: 0.667
2025-09-14 19:01:39 -   Correct/Total: 5/11
2025-09-14 19:01:39 -   Confusion Matrix Stats:
2025-09-14 19:01:39 -     TP: 3, TN: 2
2025-09-14 19:01:39 -     FP: 1, FN: 5
2025-09-14 19:01:39 - Subject: P3_sub-006
2025-09-14 19:01:39 -   Accuracy: 50.000%
2025-09-14 19:01:39 -   Precision: 0.500
2025-09-14 19:01:39 -   Recall: 0.250
2025-09-14 19:01:39 -   F1 Score: 0.333
2025-09-14 19:01:39 -   AUC: 0.625
2025-09-14 19:01:39 -   Correct/Total: 4/8
2025-09-14 19:01:39 -   Confusion Matrix Stats:
2025-09-14 19:01:39 -     TP: 1, TN: 3
2025-09-14 19:01:39 -     FP: 1, FN: 3
2025-09-14 19:01:39 - Subject: P3_sub-007
2025-09-14 19:01:39 -   Accuracy: 73.333%
2025-09-14 19:01:39 -   Precision: 0.800
2025-09-14 19:01:39 -   Recall: 0.800
2025-09-14 19:01:39 -   F1 Score: 0.800
2025-09-14 19:01:39 -   AUC: 0.740
2025-09-14 19:01:39 -   Correct/Total: 11/15
2025-09-14 19:01:39 -   Confusion Matrix Stats:
2025-09-14 19:01:39 -     TP: 8, TN: 3
2025-09-14 19:01:39 -     FP: 2, FN: 2
2025-09-14 19:01:39 - Subject: P3_sub-008
2025-09-14 19:01:39 -   Accuracy: 50.000%
2025-09-14 19:01:39 -   Precision: 0.600
2025-09-14 19:01:39 -   Recall: 0.429
2025-09-14 19:01:39 -   F1 Score: 0.500
2025-09-14 19:01:39 -   AUC: 0.686
2025-09-14 19:01:39 -   Correct/Total: 6/12
2025-09-14 19:01:39 -   Confusion Matrix Stats:
2025-09-14 19:01:39 -     TP: 3, TN: 3
2025-09-14 19:01:39 -     FP: 2, FN: 4
2025-09-14 19:01:39 - Subject: P3_sub-009
2025-09-14 19:01:39 -   Accuracy: 41.667%
2025-09-14 19:01:39 -   Precision: 0.500
2025-09-14 19:01:39 -   Recall: 0.143
2025-09-14 19:01:39 -   F1 Score: 0.222
2025-09-14 19:01:39 -   AUC: 0.571
2025-09-14 19:01:39 -   Correct/Total: 5/12
2025-09-14 19:01:39 -   Confusion Matrix Stats:
2025-09-14 19:01:39 -     TP: 1, TN: 4
2025-09-14 19:01:39 -     FP: 1, FN: 6
2025-09-14 19:01:39 - Subject: P3_sub-010
2025-09-14 19:01:39 -   Accuracy: 54.545%
2025-09-14 19:01:39 -   Precision: 0.800
2025-09-14 19:01:39 -   Recall: 0.500
2025-09-14 19:01:39 -   F1 Score: 0.615
2025-09-14 19:01:39 -   AUC: 0.750
2025-09-14 19:01:39 -   Correct/Total: 6/11
2025-09-14 19:01:39 -   Confusion Matrix Stats:
2025-09-14 19:01:39 -     TP: 4, TN: 2
2025-09-14 19:01:39 -     FP: 1, FN: 4
2025-09-14 19:01:39 - Subject: P3_sub-011
2025-09-14 19:01:39 -   Accuracy: 71.429%
2025-09-14 19:01:39 -   Precision: 0.667
2025-09-14 19:01:39 -   Recall: 0.400
2025-09-14 19:01:39 -   F1 Score: 0.500
2025-09-14 19:01:39 -   AUC: 0.778
2025-09-14 19:01:39 -   Correct/Total: 10/14
2025-09-14 19:01:39 -   Confusion Matrix Stats:
2025-09-14 19:01:39 -     TP: 2, TN: 8
2025-09-14 19:01:39 -     FP: 1, FN: 3
2025-09-14 19:01:39 - Subject: P3_sub-012
2025-09-14 19:01:39 -   Accuracy: 25.000%
2025-09-14 19:01:39 -   Precision: 0.250
2025-09-14 19:01:39 -   Recall: 0.250
2025-09-14 19:01:39 -   F1 Score: 0.250
2025-09-14 19:01:39 -   AUC: 0.125
2025-09-14 19:01:39 -   Correct/Total: 2/8
2025-09-14 19:01:39 -   Confusion Matrix Stats:
2025-09-14 19:01:39 -     TP: 1, TN: 1
2025-09-14 19:01:39 -     FP: 3, FN: 3
2025-09-14 19:01:39 - Subject: P3_sub-013
2025-09-14 19:01:39 -   Accuracy: 50.000%
2025-09-14 19:01:39 -   Precision: 0.000
2025-09-14 19:01:39 -   Recall: 0.000
2025-09-14 19:01:39 -   F1 Score: 0.000
2025-09-14 19:01:39 -   AUC: 0.167
2025-09-14 19:01:39 -   Correct/Total: 4/8
2025-09-14 19:01:39 -   Confusion Matrix Stats:
2025-09-14 19:01:39 -     TP: 0, TN: 4
2025-09-14 19:01:39 -     FP: 2, FN: 2
2025-09-14 19:01:39 - Subject: P3_sub-014
2025-09-14 19:01:39 -   Accuracy: 66.667%
2025-09-14 19:01:39 -   Precision: 1.000
2025-09-14 19:01:39 -   Recall: 0.500
2025-09-14 19:01:39 -   F1 Score: 0.667
2025-09-14 19:01:39 -   AUC: 0.875
2025-09-14 19:01:39 -   Correct/Total: 4/6
2025-09-14 19:01:39 -   Confusion Matrix Stats:
2025-09-14 19:01:39 -     TP: 2, TN: 2
2025-09-14 19:01:39 -     FP: 0, FN: 2
2025-09-14 19:01:39 - Subject: P3_sub-015
2025-09-14 19:01:39 -   Accuracy: 62.500%
2025-09-14 19:01:39 -   Precision: 0.500
2025-09-14 19:01:39 -   Recall: 0.667
2025-09-14 19:01:39 -   F1 Score: 0.571
2025-09-14 19:01:39 -   AUC: 0.800
2025-09-14 19:01:39 -   Correct/Total: 5/8
2025-09-14 19:01:39 -   Confusion Matrix Stats:
2025-09-14 19:01:39 -     TP: 2, TN: 3
2025-09-14 19:01:39 -     FP: 2, FN: 1
2025-09-14 19:01:39 - Subject: P3_sub-016
2025-09-14 19:01:39 -   Accuracy: 75.000%
2025-09-14 19:01:39 -   Precision: 1.000
2025-09-14 19:01:39 -   Recall: 0.571
2025-09-14 19:01:39 -   F1 Score: 0.727
2025-09-14 19:01:39 -   AUC: 0.829
2025-09-14 19:01:39 -   Correct/Total: 9/12
2025-09-14 19:01:39 -   Confusion Matrix Stats:
2025-09-14 19:01:39 -     TP: 4, TN: 5
2025-09-14 19:01:39 -     FP: 0, FN: 3
2025-09-14 19:01:39 - Subject: P3_sub-017
2025-09-14 19:01:39 -   Accuracy: 100.000%
2025-09-14 19:01:39 -   Precision: 1.000
2025-09-14 19:01:39 -   Recall: 1.000
2025-09-14 19:01:39 -   F1 Score: 1.000
2025-09-14 19:01:39 -   AUC: 1.000
2025-09-14 19:01:39 -   Correct/Total: 7/7
2025-09-14 19:01:39 -   Confusion Matrix Stats:
2025-09-14 19:01:39 -     TP: 4, TN: 3
2025-09-14 19:01:39 -     FP: 0, FN: 0
2025-09-14 19:01:39 - Subject: P3_sub-018
2025-09-14 19:01:39 -   Accuracy: 85.714%
2025-09-14 19:01:39 -   Precision: 0.800
2025-09-14 19:01:39 -   Recall: 0.800
2025-09-14 19:01:39 -   F1 Score: 0.800
2025-09-14 19:01:39 -   AUC: 0.844
2025-09-14 19:01:39 -   Correct/Total: 12/14
2025-09-14 19:01:39 -   Confusion Matrix Stats:
2025-09-14 19:01:39 -     TP: 4, TN: 8
2025-09-14 19:01:39 -     FP: 1, FN: 1
2025-09-14 19:01:39 - Subject: P3_sub-019
2025-09-14 19:01:39 -   Accuracy: 84.615%
2025-09-14 19:01:39 -   Precision: 1.000
2025-09-14 19:01:39 -   Recall: 0.750
2025-09-14 19:01:39 -   F1 Score: 0.857
2025-09-14 19:01:39 -   AUC: 0.950
2025-09-14 19:01:39 -   Correct/Total: 11/13
2025-09-14 19:01:39 -   Confusion Matrix Stats:
2025-09-14 19:01:39 -     TP: 6, TN: 5
2025-09-14 19:01:39 -     FP: 0, FN: 2
2025-09-14 19:01:39 - Subject: P3_sub-020
2025-09-14 19:01:39 -   Accuracy: 70.000%
2025-09-14 19:01:39 -   Precision: 0.714
2025-09-14 19:01:39 -   Recall: 0.833
2025-09-14 19:01:39 -   F1 Score: 0.769
2025-09-14 19:01:39 -   AUC: 0.667
2025-09-14 19:01:39 -   Correct/Total: 7/10
2025-09-14 19:01:39 -   Confusion Matrix Stats:
2025-09-14 19:01:39 -     TP: 5, TN: 2
2025-09-14 19:01:39 -     FP: 2, FN: 1
2025-09-14 19:01:39 - Subject: P3_sub-021
2025-09-14 19:01:39 -   Accuracy: 63.636%
2025-09-14 19:01:39 -   Precision: 0.600
2025-09-14 19:01:39 -   Recall: 0.600
2025-09-14 19:01:39 -   F1 Score: 0.600
2025-09-14 19:01:39 -   AUC: 0.767
2025-09-14 19:01:39 -   Correct/Total: 7/11
2025-09-14 19:01:39 -   Confusion Matrix Stats:
2025-09-14 19:01:39 -     TP: 3, TN: 4
2025-09-14 19:01:39 -     FP: 2, FN: 2
2025-09-14 19:01:39 - Subject: P3_sub-022
2025-09-14 19:01:39 -   Accuracy: 75.000%
2025-09-14 19:01:39 -   Precision: 0.667
2025-09-14 19:01:39 -   Recall: 0.667
2025-09-14 19:01:39 -   F1 Score: 0.667
2025-09-14 19:01:39 -   AUC: 0.733
2025-09-14 19:01:39 -   Correct/Total: 6/8
2025-09-14 19:01:39 -   Confusion Matrix Stats:
2025-09-14 19:01:39 -     TP: 2, TN: 4
2025-09-14 19:01:39 -     FP: 1, FN: 1
2025-09-14 19:01:39 - Subject: P3_sub-023
2025-09-14 19:01:39 -   Accuracy: 75.000%
2025-09-14 19:01:39 -   Precision: 1.000
2025-09-14 19:01:39 -   Recall: 0.600
2025-09-14 19:01:39 -   F1 Score: 0.750
2025-09-14 19:01:39 -   AUC: 0.733
2025-09-14 19:01:39 -   Correct/Total: 6/8
2025-09-14 19:01:39 -   Confusion Matrix Stats:
2025-09-14 19:01:39 -     TP: 3, TN: 3
2025-09-14 19:01:39 -     FP: 0, FN: 2
2025-09-14 19:01:39 - Subject: P3_sub-024
2025-09-14 19:01:39 -   Accuracy: 50.000%
2025-09-14 19:01:39 -   Precision: 0.333
2025-09-14 19:01:39 -   Recall: 0.667
2025-09-14 19:01:39 -   F1 Score: 0.444
2025-09-14 19:01:39 -   AUC: 0.524
2025-09-14 19:01:39 -   Correct/Total: 5/10
2025-09-14 19:01:39 -   Confusion Matrix Stats:
2025-09-14 19:01:39 -     TP: 2, TN: 3
2025-09-14 19:01:39 -     FP: 4, FN: 1
2025-09-14 19:01:39 - Subject: P3_sub-025
2025-09-14 19:01:39 -   Accuracy: 77.778%
2025-09-14 19:01:39 -   Precision: 0.750
2025-09-14 19:01:39 -   Recall: 0.750
2025-09-14 19:01:39 -   F1 Score: 0.750
2025-09-14 19:01:39 -   AUC: 0.700
2025-09-14 19:01:39 -   Correct/Total: 7/9
2025-09-14 19:01:39 -   Confusion Matrix Stats:
2025-09-14 19:01:39 -     TP: 3, TN: 4
2025-09-14 19:01:39 -     FP: 1, FN: 1
2025-09-14 19:01:39 - Subject: P3_sub-026
2025-09-14 19:01:39 -   Accuracy: 66.667%
2025-09-14 19:01:39 -   Precision: 0.667
2025-09-14 19:01:39 -   Recall: 0.667
2025-09-14 19:01:39 -   F1 Score: 0.667
2025-09-14 19:01:39 -   AUC: 0.778
2025-09-14 19:01:39 -   Correct/Total: 4/6
2025-09-14 19:01:39 -   Confusion Matrix Stats:
2025-09-14 19:01:39 -     TP: 2, TN: 2
2025-09-14 19:01:39 -     FP: 1, FN: 1
2025-09-14 19:01:39 - Subject: P3_sub-027
2025-09-14 19:01:39 -   Accuracy: 54.545%
2025-09-14 19:01:39 -   Precision: 0.750
2025-09-14 19:01:39 -   Recall: 0.429
2025-09-14 19:01:39 -   F1 Score: 0.545
2025-09-14 19:01:39 -   AUC: 0.679
2025-09-14 19:01:39 -   Correct/Total: 6/11
2025-09-14 19:01:39 -   Confusion Matrix Stats:
2025-09-14 19:01:39 -     TP: 3, TN: 3
2025-09-14 19:01:39 -     FP: 1, FN: 4
2025-09-14 19:01:39 - Subject: P3_sub-028
2025-09-14 19:01:39 -   Accuracy: 55.556%
2025-09-14 19:01:39 -   Precision: 0.333
2025-09-14 19:01:39 -   Recall: 0.333
2025-09-14 19:01:39 -   F1 Score: 0.333
2025-09-14 19:01:39 -   AUC: 0.500
2025-09-14 19:01:39 -   Correct/Total: 5/9
2025-09-14 19:01:39 -   Confusion Matrix Stats:
2025-09-14 19:01:39 -     TP: 1, TN: 4
2025-09-14 19:01:39 -     FP: 2, FN: 2
2025-09-14 19:01:39 - Subject: P3_sub-029
2025-09-14 19:01:39 -   Accuracy: 71.429%
2025-09-14 19:01:39 -   Precision: 0.667
2025-09-14 19:01:39 -   Recall: 1.000
2025-09-14 19:01:39 -   F1 Score: 0.800
2025-09-14 19:01:39 -   AUC: 0.667
2025-09-14 19:01:39 -   Correct/Total: 5/7
2025-09-14 19:01:39 -   Confusion Matrix Stats:
2025-09-14 19:01:39 -     TP: 4, TN: 1
2025-09-14 19:01:39 -     FP: 2, FN: 0
2025-09-14 19:01:39 - Subject: P3_sub-030
2025-09-14 19:01:39 -   Accuracy: 55.556%
2025-09-14 19:01:39 -   Precision: 0.667
2025-09-14 19:01:39 -   Recall: 0.400
2025-09-14 19:01:39 -   F1 Score: 0.500
2025-09-14 19:01:39 -   AUC: 0.650
2025-09-14 19:01:39 -   Correct/Total: 5/9
2025-09-14 19:01:39 -   Confusion Matrix Stats:
2025-09-14 19:01:39 -     TP: 2, TN: 3
2025-09-14 19:01:39 -     FP: 1, FN: 3
2025-09-14 19:01:39 - Subject: P3_sub-031
2025-09-14 19:01:39 -   Accuracy: 41.667%
2025-09-14 19:01:39 -   Precision: 0.333
2025-09-14 19:01:39 -   Recall: 0.167
2025-09-14 19:01:39 -   F1 Score: 0.222
2025-09-14 19:01:39 -   AUC: 0.389
2025-09-14 19:01:39 -   Correct/Total: 5/12
2025-09-14 19:01:39 -   Confusion Matrix Stats:
2025-09-14 19:01:39 -     TP: 1, TN: 4
2025-09-14 19:01:39 -     FP: 2, FN: 5
2025-09-14 19:01:39 - Subject: P3_sub-032
2025-09-14 19:01:39 -   Accuracy: 66.667%
2025-09-14 19:01:39 -   Precision: 0.625
2025-09-14 19:01:39 -   Recall: 0.714
2025-09-14 19:01:39 -   F1 Score: 0.667
2025-09-14 19:01:39 -   AUC: 0.696
2025-09-14 19:01:39 -   Correct/Total: 10/15
2025-09-14 19:01:39 -   Confusion Matrix Stats:
2025-09-14 19:01:39 -     TP: 5, TN: 5
2025-09-14 19:01:39 -     FP: 3, FN: 2
2025-09-14 19:01:39 - Subject: P3_sub-033
2025-09-14 19:01:39 -   Accuracy: 63.636%
2025-09-14 19:01:39 -   Precision: 0.750
2025-09-14 19:01:39 -   Recall: 0.500
2025-09-14 19:01:39 -   F1 Score: 0.600
2025-09-14 19:01:39 -   AUC: 0.700
2025-09-14 19:01:39 -   Correct/Total: 7/11
2025-09-14 19:01:39 -   Confusion Matrix Stats:
2025-09-14 19:01:39 -     TP: 3, TN: 4
2025-09-14 19:01:39 -     FP: 1, FN: 3
2025-09-14 19:01:39 - Subject: P3_sub-034
2025-09-14 19:01:39 -   Accuracy: 50.000%
2025-09-14 19:01:39 -   Precision: 0.400
2025-09-14 19:01:39 -   Recall: 0.333
2025-09-14 19:01:39 -   F1 Score: 0.364
2025-09-14 19:01:39 -   AUC: 0.583
2025-09-14 19:01:39 -   Correct/Total: 7/14
2025-09-14 19:01:39 -   Confusion Matrix Stats:
2025-09-14 19:01:39 -     TP: 2, TN: 5
2025-09-14 19:01:39 -     FP: 3, FN: 4
2025-09-14 19:01:39 - Subject: P3_sub-035
2025-09-14 19:01:39 -   Accuracy: 70.000%
2025-09-14 19:01:39 -   Precision: 0.667
2025-09-14 19:01:39 -   Recall: 0.800
2025-09-14 19:01:39 -   F1 Score: 0.727
2025-09-14 19:01:39 -   AUC: 0.720
2025-09-14 19:01:39 -   Correct/Total: 7/10
2025-09-14 19:01:39 -   Confusion Matrix Stats:
2025-09-14 19:01:39 -     TP: 4, TN: 3
2025-09-14 19:01:39 -     FP: 2, FN: 1
2025-09-14 19:01:39 - Subject: P3_sub-036
2025-09-14 19:01:39 -   Accuracy: 56.250%
2025-09-14 19:01:39 -   Precision: 0.500
2025-09-14 19:01:39 -   Recall: 0.429
2025-09-14 19:01:39 -   F1 Score: 0.462
2025-09-14 19:01:39 -   AUC: 0.492
2025-09-14 19:01:39 -   Correct/Total: 9/16
2025-09-14 19:01:39 -   Confusion Matrix Stats:
2025-09-14 19:01:39 -     TP: 3, TN: 6
2025-09-14 19:01:39 -     FP: 3, FN: 4
2025-09-14 19:01:39 - Subject: P3_sub-037
2025-09-14 19:01:39 -   Accuracy: 66.667%
2025-09-14 19:01:39 -   Precision: 0.667
2025-09-14 19:01:39 -   Recall: 0.571
2025-09-14 19:01:39 -   F1 Score: 0.615
2025-09-14 19:01:39 -   AUC: 0.732
2025-09-14 19:01:39 -   Correct/Total: 10/15
2025-09-14 19:01:39 -   Confusion Matrix Stats:
2025-09-14 19:01:39 -     TP: 4, TN: 6
2025-09-14 19:01:39 -     FP: 2, FN: 3
2025-09-14 19:01:39 - Subject: P3_sub-038
2025-09-14 19:01:39 -   Accuracy: 100.000%
2025-09-14 19:01:39 -   Precision: 1.000
2025-09-14 19:01:39 -   Recall: 1.000
2025-09-14 19:01:39 -   F1 Score: 1.000
2025-09-14 19:01:39 -   AUC: 1.000
2025-09-14 19:01:39 -   Correct/Total: 7/7
2025-09-14 19:01:39 -   Confusion Matrix Stats:
2025-09-14 19:01:39 -     TP: 4, TN: 3
2025-09-14 19:01:39 -     FP: 0, FN: 0
2025-09-14 19:01:39 - Subject: P3_sub-039
2025-09-14 19:01:39 -   Accuracy: 66.667%
2025-09-14 19:01:39 -   Precision: 0.500
2025-09-14 19:01:39 -   Recall: 0.500
2025-09-14 19:01:39 -   F1 Score: 0.500
2025-09-14 19:01:39 -   AUC: 0.625
2025-09-14 19:01:39 -   Correct/Total: 4/6
2025-09-14 19:01:39 -   Confusion Matrix Stats:
2025-09-14 19:01:39 -     TP: 1, TN: 3
2025-09-14 19:01:39 -     FP: 1, FN: 1
2025-09-14 19:01:39 - Subject: P3_sub-040
2025-09-14 19:01:39 -   Accuracy: 62.500%
2025-09-14 19:01:39 -   Precision: 0.400
2025-09-14 19:01:39 -   Recall: 1.000
2025-09-14 19:01:39 -   F1 Score: 0.571
2025-09-14 19:01:39 -   AUC: 0.750
2025-09-14 19:01:39 -   Correct/Total: 5/8
2025-09-14 19:01:39 -   Confusion Matrix Stats:
2025-09-14 19:01:39 -     TP: 2, TN: 3
2025-09-14 19:01:39 -     FP: 3, FN: 0
2025-09-14 19:01:39 - 
Combined Model (All Subjects) Statistics:
2025-09-14 19:01:39 - 95% Confidence Interval: [0.659, 0.730]
2025-09-14 19:01:39 - Best Subject: P3_sub-017 (1.000)
2025-09-14 19:01:39 - Worst Subject: P3_sub-012 (0.250)
2025-09-14 19:01:39 - Mean Accuracy: 0.688
2025-09-14 19:01:39 - Mean Precision: 0.698
2025-09-14 19:01:39 - Mean Recall: 0.677
2025-09-14 19:01:39 - Mean F1-Score: 0.688
2025-09-14 19:01:39 - Mean AUC: 0.733
2025-09-14 19:01:39 - Mean Confusion Matrix:
2025-09-14 19:01:39 -   TP: 3, TN: 3
2025-09-14 19:01:39 -   FP: 1, FN: 2
2025-09-14 19:01:39 - 
Combined Model – P3 Subjects Statistics:
2025-09-14 19:01:39 - 95% Confidence Interval: [0.593, 0.696]
2025-09-14 19:01:39 - Best Subject: P3_sub-017 (1.000)
2025-09-14 19:01:39 - Worst Subject: P3_sub-012 (0.250)
2025-09-14 19:01:39 - Mean Accuracy: 0.645
2025-09-14 19:01:39 - Mean Precision: 0.649
2025-09-14 19:01:39 - Mean Recall: 0.592
2025-09-14 19:01:39 - Mean F1-Score: 0.619
2025-09-14 19:01:39 - Mean AUC: 0.694
2025-09-14 19:01:39 - Mean Confusion Matrix:
2025-09-14 19:01:39 -   TP: 3, TN: 4
2025-09-14 19:01:39 -   FP: 2, FN: 2
2025-09-14 19:01:39 - 
Combined Model – AVO Subjects Statistics:
2025-09-14 19:01:39 - 95% Confidence Interval: [0.699, 0.792]
2025-09-14 19:01:39 - Best Subject: AVO_008 (1.000)
2025-09-14 19:01:39 - Worst Subject: AVO_025 (0.444)
2025-09-14 19:01:39 - Mean Accuracy: 0.735
2025-09-14 19:01:39 - Mean Precision: 0.743
2025-09-14 19:01:39 - Mean Recall: 0.765
2025-09-14 19:01:39 - Mean F1-Score: 0.754
2025-09-14 19:01:39 - Mean AUC: 0.772
2025-09-14 19:01:39 - Mean Confusion Matrix:
2025-09-14 19:01:39 -   TP: 4, TN: 3
2025-09-14 19:01:39 -   FP: 1, FN: 1
