2025-09-26 16:22:09 - 
Experiment Configuration:
2025-09-26 16:22:09 - --------------------------------------------------
2025-09-26 16:22:09 - dataset: use_combined_datasets
2025-09-26 16:22:09 - use_combined_datasets: True
2025-09-26 16:22:09 - electrode_list: common
2025-09-26 16:22:09 - classifier: EEGConformer
2025-09-26 16:22:09 - separate_subject_classification: False
2025-09-26 16:22:09 - use_subject_layer: False
2025-09-26 16:22:09 - seeds: [42, 123, 456, 789, 321]
2025-09-26 16:22:09 - use_nested_cv: True
2025-09-26 16:22:09 - electrode_fusion_method: none
2025-09-26 16:22:09 - domain_adaptation_method: none
2025-09-26 16:22:09 - enable_comprehensive_evaluation: True
2025-09-26 16:22:09 - enable_domain_analysis: True
2025-09-26 16:22:09 - enable_small_sample_analysis: False
2025-09-26 16:22:09 - small_sample_sizes: [5, 10, 15, 20]
2025-09-26 16:22:09 - small_sample_subjects: [5, 10, 15]
2025-09-26 16:22:09 - --------------------------------------------------
2025-09-26 16:22:09 - 
==================================================
2025-09-26 16:22:09 - Processing Combined P3 and AVO Datasets
2025-09-26 16:22:09 - ==================================================
2025-09-26 16:22:09 - 使用传统方法（无融合）
2025-09-26 16:22:09 - Using Cross-Validation (simplified approach)
2025-09-26 16:22:09 - Configuration: 5-fold CV, 5 repeats
2025-09-26 16:22:09 - ============================================================
2025-09-26 16:22:09 - CROSS-VALIDATION CONFIGURATION
2025-09-26 16:22:09 - ============================================================
2025-09-26 16:22:09 - Datasets: ['P3', 'AVO']
2025-09-26 16:22:09 - CV folds: 5
2025-09-26 16:22:09 - Repeats: 5
2025-09-26 16:22:09 - Confidence level: 0.95
2025-09-26 16:22:09 - ============================================================
2025-09-26 16:22:09 - STRATIFIED SAMPLING CONFIGURATION
2025-09-26 16:22:09 - ============================================================
2025-09-26 16:22:09 - Nested CV Mode: Trial counts per subject by dataset
2025-09-26 16:22:09 -   P3 dataset: 20 trials per subject
2025-09-26 16:22:09 -   AVO dataset: 200 trials per subject
2025-09-26 16:22:09 - Sampling strategy: Multi-level stratified sampling
2025-09-26 16:22:09 -   - Subject-level: Stratified trial selection per subject
2025-09-26 16:22:09 -   - Dataset-level: Stratified sampling when dataset trial counts differ
2025-09-26 16:22:09 -   - Fold-level: StratifiedKFold for 5-fold CV
2025-09-26 16:22:09 -   - Train/Val split: Stratified train_test_split within each fold
2025-09-26 16:22:09 - ============================================================
2025-09-26 16:22:10 - Subject P3_sub-001: Sampled 20/80 trials
2025-09-26 16:22:10 -   Original distribution: {0: 0.5, 1: 0.5}
2025-09-26 16:22:10 -   Sampled distribution: {0: 0.5, 1: 0.5}
2025-09-26 16:22:10 - Subject P3_sub-002: Sampled 20/80 trials
2025-09-26 16:22:10 -   Original distribution: {0: 0.5, 1: 0.5}
2025-09-26 16:22:10 -   Sampled distribution: {0: 0.5, 1: 0.5}
2025-09-26 16:22:10 - Subject P3_sub-003: Sampled 20/80 trials
2025-09-26 16:22:10 -   Original distribution: {0: 0.5, 1: 0.5}
2025-09-26 16:22:10 -   Sampled distribution: {0: 0.5, 1: 0.5}
2025-09-26 16:22:10 - Subject P3_sub-004: Sampled 20/78 trials
2025-09-26 16:22:10 -   Original distribution: {0: 0.5, 1: 0.5}
2025-09-26 16:22:10 -   Sampled distribution: {0: 0.5, 1: 0.5}
2025-09-26 16:22:10 - Subject P3_sub-005: Sampled 20/80 trials
2025-09-26 16:22:10 -   Original distribution: {0: 0.5, 1: 0.5}
2025-09-26 16:22:10 -   Sampled distribution: {0: 0.5, 1: 0.5}
2025-09-26 16:22:10 - Subject P3_sub-006: Sampled 20/80 trials
2025-09-26 16:22:10 -   Original distribution: {0: 0.5, 1: 0.5}
2025-09-26 16:22:10 -   Sampled distribution: {0: 0.5, 1: 0.5}
2025-09-26 16:22:11 - Subject P3_sub-007: Sampled 20/80 trials
2025-09-26 16:22:11 -   Original distribution: {0: 0.5, 1: 0.5}
2025-09-26 16:22:11 -   Sampled distribution: {0: 0.5, 1: 0.5}
2025-09-26 16:22:11 - Subject P3_sub-008: Sampled 20/80 trials
2025-09-26 16:22:11 -   Original distribution: {0: 0.5, 1: 0.5}
2025-09-26 16:22:11 -   Sampled distribution: {0: 0.5, 1: 0.5}
2025-09-26 16:22:11 - Subject P3_sub-009: Sampled 20/80 trials
2025-09-26 16:22:11 -   Original distribution: {0: 0.5, 1: 0.5}
2025-09-26 16:22:11 -   Sampled distribution: {0: 0.5, 1: 0.5}
2025-09-26 16:22:11 - Subject P3_sub-010: Sampled 20/80 trials
2025-09-26 16:22:11 -   Original distribution: {0: 0.5, 1: 0.5}
2025-09-26 16:22:11 -   Sampled distribution: {0: 0.5, 1: 0.5}
2025-09-26 16:22:11 - Subject P3_sub-011: Sampled 20/80 trials
2025-09-26 16:22:11 -   Original distribution: {0: 0.5, 1: 0.5}
2025-09-26 16:22:11 -   Sampled distribution: {0: 0.5, 1: 0.5}
2025-09-26 16:22:11 - Subject P3_sub-012: Sampled 20/78 trials
2025-09-26 16:22:11 -   Original distribution: {0: 0.5, 1: 0.5}
2025-09-26 16:22:11 -   Sampled distribution: {0: 0.5, 1: 0.5}
2025-09-26 16:22:12 - Subject P3_sub-013: Sampled 20/80 trials
2025-09-26 16:22:12 -   Original distribution: {0: 0.5, 1: 0.5}
2025-09-26 16:22:12 -   Sampled distribution: {0: 0.5, 1: 0.5}
2025-09-26 16:22:12 - Subject P3_sub-014: Sampled 20/80 trials
2025-09-26 16:22:12 -   Original distribution: {0: 0.5, 1: 0.5}
2025-09-26 16:22:12 -   Sampled distribution: {0: 0.5, 1: 0.5}
2025-09-26 16:22:12 - Subject P3_sub-015: Sampled 20/80 trials
2025-09-26 16:22:12 -   Original distribution: {0: 0.5, 1: 0.5}
2025-09-26 16:22:12 -   Sampled distribution: {0: 0.5, 1: 0.5}
2025-09-26 16:22:12 - Subject P3_sub-016: Sampled 20/80 trials
2025-09-26 16:22:12 -   Original distribution: {0: 0.5, 1: 0.5}
2025-09-26 16:22:12 -   Sampled distribution: {0: 0.5, 1: 0.5}
2025-09-26 16:22:12 - Subject P3_sub-017: Sampled 20/80 trials
2025-09-26 16:22:12 -   Original distribution: {0: 0.5, 1: 0.5}
2025-09-26 16:22:12 -   Sampled distribution: {0: 0.5, 1: 0.5}
2025-09-26 16:22:12 - Subject P3_sub-018: Sampled 20/80 trials
2025-09-26 16:22:12 -   Original distribution: {0: 0.5, 1: 0.5}
2025-09-26 16:22:12 -   Sampled distribution: {0: 0.5, 1: 0.5}
2025-09-26 16:22:12 - Subject P3_sub-019: Sampled 20/80 trials
2025-09-26 16:22:12 -   Original distribution: {0: 0.5, 1: 0.5}
2025-09-26 16:22:12 -   Sampled distribution: {0: 0.5, 1: 0.5}
2025-09-26 16:22:13 - Subject P3_sub-020: Sampled 20/78 trials
2025-09-26 16:22:13 -   Original distribution: {0: 0.5, 1: 0.5}
2025-09-26 16:22:13 -   Sampled distribution: {0: 0.5, 1: 0.5}
2025-09-26 16:22:13 - Subject P3_sub-021: Sampled 20/80 trials
2025-09-26 16:22:13 -   Original distribution: {0: 0.5, 1: 0.5}
2025-09-26 16:22:13 -   Sampled distribution: {0: 0.5, 1: 0.5}
2025-09-26 16:22:13 - Subject P3_sub-022: Sampled 20/80 trials
2025-09-26 16:22:13 -   Original distribution: {0: 0.5, 1: 0.5}
2025-09-26 16:22:13 -   Sampled distribution: {0: 0.5, 1: 0.5}
2025-09-26 16:22:13 - Subject P3_sub-023: Sampled 20/78 trials
2025-09-26 16:22:13 -   Original distribution: {0: 0.5, 1: 0.5}
2025-09-26 16:22:13 -   Sampled distribution: {0: 0.5, 1: 0.5}
2025-09-26 16:22:13 - Subject P3_sub-024: Sampled 20/80 trials
2025-09-26 16:22:13 -   Original distribution: {0: 0.5, 1: 0.5}
2025-09-26 16:22:13 -   Sampled distribution: {0: 0.5, 1: 0.5}
2025-09-26 16:22:13 - Subject P3_sub-025: Sampled 20/80 trials
2025-09-26 16:22:13 -   Original distribution: {0: 0.5, 1: 0.5}
2025-09-26 16:22:13 -   Sampled distribution: {0: 0.5, 1: 0.5}
2025-09-26 16:22:14 - Subject P3_sub-026: Sampled 20/80 trials
2025-09-26 16:22:14 -   Original distribution: {0: 0.5, 1: 0.5}
2025-09-26 16:22:14 -   Sampled distribution: {0: 0.5, 1: 0.5}
2025-09-26 16:22:14 - Subject P3_sub-027: Sampled 20/80 trials
2025-09-26 16:22:14 -   Original distribution: {0: 0.5, 1: 0.5}
2025-09-26 16:22:14 -   Sampled distribution: {0: 0.5, 1: 0.5}
2025-09-26 16:22:14 - Subject P3_sub-028: Sampled 20/80 trials
2025-09-26 16:22:14 -   Original distribution: {0: 0.5, 1: 0.5}
2025-09-26 16:22:14 -   Sampled distribution: {0: 0.5, 1: 0.5}
2025-09-26 16:22:14 - Subject P3_sub-029: Sampled 20/80 trials
2025-09-26 16:22:14 -   Original distribution: {0: 0.5, 1: 0.5}
2025-09-26 16:22:14 -   Sampled distribution: {0: 0.5, 1: 0.5}
2025-09-26 16:22:14 - Subject P3_sub-030: Sampled 20/80 trials
2025-09-26 16:22:14 -   Original distribution: {0: 0.5, 1: 0.5}
2025-09-26 16:22:14 -   Sampled distribution: {0: 0.5, 1: 0.5}
2025-09-26 16:22:14 - Subject P3_sub-031: Sampled 20/80 trials
2025-09-26 16:22:14 -   Original distribution: {0: 0.5, 1: 0.5}
2025-09-26 16:22:14 -   Sampled distribution: {0: 0.5, 1: 0.5}
2025-09-26 16:22:14 - Subject P3_sub-032: Sampled 20/80 trials
2025-09-26 16:22:14 -   Original distribution: {0: 0.5, 1: 0.5}
2025-09-26 16:22:14 -   Sampled distribution: {0: 0.5, 1: 0.5}
2025-09-26 16:22:15 - Subject P3_sub-033: Sampled 20/80 trials
2025-09-26 16:22:15 -   Original distribution: {0: 0.5, 1: 0.5}
2025-09-26 16:22:15 -   Sampled distribution: {0: 0.5, 1: 0.5}
2025-09-26 16:22:15 - Subject P3_sub-034: Sampled 20/80 trials
2025-09-26 16:22:15 -   Original distribution: {0: 0.5, 1: 0.5}
2025-09-26 16:22:15 -   Sampled distribution: {0: 0.5, 1: 0.5}
2025-09-26 16:22:15 - Subject P3_sub-035: Sampled 20/78 trials
2025-09-26 16:22:15 -   Original distribution: {0: 0.5, 1: 0.5}
2025-09-26 16:22:15 -   Sampled distribution: {0: 0.5, 1: 0.5}
2025-09-26 16:22:15 - Subject P3_sub-036: Sampled 20/80 trials
2025-09-26 16:22:15 -   Original distribution: {0: 0.5, 1: 0.5}
2025-09-26 16:22:15 -   Sampled distribution: {0: 0.5, 1: 0.5}
2025-09-26 16:22:15 - Subject P3_sub-037: Sampled 20/78 trials
2025-09-26 16:22:15 -   Original distribution: {0: 0.5, 1: 0.5}
2025-09-26 16:22:15 -   Sampled distribution: {0: 0.5, 1: 0.5}
2025-09-26 16:22:15 - Subject P3_sub-038: Sampled 20/80 trials
2025-09-26 16:22:15 -   Original distribution: {0: 0.5, 1: 0.5}
2025-09-26 16:22:15 -   Sampled distribution: {0: 0.5, 1: 0.5}
2025-09-26 16:22:16 - Subject P3_sub-039: Sampled 20/80 trials
2025-09-26 16:22:16 -   Original distribution: {0: 0.5, 1: 0.5}
2025-09-26 16:22:16 -   Sampled distribution: {0: 0.5, 1: 0.5}
2025-09-26 16:22:16 - Subject P3_sub-040: Sampled 20/80 trials
2025-09-26 16:22:16 -   Original distribution: {0: 0.5, 1: 0.5}
2025-09-26 16:22:16 -   Sampled distribution: {0: 0.5, 1: 0.5}
2025-09-26 16:22:22 - Nested CV dataset summary:
2025-09-26 16:22:22 -   Total subjects: 80
2025-09-26 16:22:22 -   Total trials: 3824
2025-09-26 16:22:22 -   Average trials per subject: 47.8
2025-09-26 16:22:22 -   P3 dataset: 40 subjects, 800 trials (20.0 trials/subject)
2025-09-26 16:22:22 -   AVO dataset: 40 subjects, 3024 trials (75.6 trials/subject)
2025-09-26 16:22:22 -   Class distribution: {0: 1912, 1: 1912}
2025-09-26 16:22:22 -   Class proportions: [0.5 0.5]
2025-09-26 16:22:22 -   NOTE: Datasets have different trial counts - StratifiedKFold will handle balanced sampling
2025-09-26 16:22:22 - Enhanced preprocessing increased channels from 5 to 25
2025-09-26 16:22:22 - Starting Cross-Validation for EEGConformer
2025-09-26 16:22:22 - Configuration: 5-fold CV, 5 repeats
2025-09-26 16:22:22 - Data split ratios: Train=0.7, Val=0.1, Test=0.2
2025-09-26 16:22:22 - Repeat 1/5
2025-09-26 16:22:22 -   Fold 1/5
2025-09-26 16:22:22 -     Fold split: Train=2676, Val=383
2025-09-26 16:22:25 -     Test accuracy: 0.4993
2025-09-26 16:22:25 -   Fold 2/5
2025-09-26 16:22:25 -     Fold split: Train=2676, Val=383
2025-09-26 16:22:28 -     Test accuracy: 0.4993
2025-09-26 16:22:28 -   Fold 3/5
2025-09-26 16:22:28 -     Fold split: Train=2676, Val=383
2025-09-26 16:22:32 -     Test accuracy: 0.4993
2025-09-26 16:22:32 -   Fold 4/5
2025-09-26 16:22:32 -     Fold split: Train=2676, Val=383
2025-09-26 16:22:36 -     Test accuracy: 0.5007
2025-09-26 16:22:36 -   Fold 5/5
2025-09-26 16:22:36 -     Fold split: Train=2677, Val=383
2025-09-26 16:22:39 -     Test accuracy: 0.5000
2025-09-26 16:22:39 -   Repeat 1 mean accuracy: 0.4997 ± 0.0005
2025-09-26 16:22:39 - Repeat 2/5
2025-09-26 16:22:39 -   Fold 1/5
2025-09-26 16:22:39 -     Fold split: Train=2676, Val=383
2025-09-26 16:22:42 -     Test accuracy: 0.4993
2025-09-26 16:22:42 -   Fold 2/5
2025-09-26 16:22:42 -     Fold split: Train=2676, Val=383
2025-09-26 16:22:52 -     Test accuracy: 0.6667
2025-09-26 16:22:52 -   Fold 3/5
2025-09-26 16:22:52 -     Fold split: Train=2676, Val=383
2025-09-26 16:23:04 -     Test accuracy: 0.7085
2025-09-26 16:23:04 -   Fold 4/5
2025-09-26 16:23:04 -     Fold split: Train=2676, Val=383
2025-09-26 16:23:07 -     Test accuracy: 0.4993
2025-09-26 16:23:07 -   Fold 5/5
2025-09-26 16:23:07 -     Fold split: Train=2677, Val=383
2025-09-26 16:23:11 -     Test accuracy: 0.5000
2025-09-26 16:23:11 -   Repeat 2 mean accuracy: 0.5748 ± 0.0931
2025-09-26 16:23:11 - Repeat 3/5
2025-09-26 16:23:11 -   Fold 1/5
2025-09-26 16:23:11 -     Fold split: Train=2676, Val=383
2025-09-26 16:23:14 -     Test accuracy: 0.5007
2025-09-26 16:23:14 -   Fold 2/5
2025-09-26 16:23:14 -     Fold split: Train=2676, Val=383
2025-09-26 16:23:18 -     Test accuracy: 0.5007
2025-09-26 16:23:18 -   Fold 3/5
2025-09-26 16:23:18 -     Fold split: Train=2676, Val=383
2025-09-26 16:23:34 -     Test accuracy: 0.6680
2025-09-26 16:23:34 -   Fold 4/5
2025-09-26 16:23:34 -     Fold split: Train=2676, Val=383
2025-09-26 16:23:43 -     Test accuracy: 0.6026
2025-09-26 16:23:43 -   Fold 5/5
2025-09-26 16:23:43 -     Fold split: Train=2677, Val=383
2025-09-26 16:23:46 -     Test accuracy: 0.5000
2025-09-26 16:23:46 -   Repeat 3 mean accuracy: 0.5544 ± 0.0692
2025-09-26 16:23:46 - Repeat 4/5
2025-09-26 16:23:46 -   Fold 1/5
2025-09-26 16:23:46 -     Fold split: Train=2676, Val=383
2025-09-26 16:24:00 -     Test accuracy: 0.6288
2025-09-26 16:24:00 -   Fold 2/5
2025-09-26 16:24:00 -     Fold split: Train=2676, Val=383
2025-09-26 16:24:03 -     Test accuracy: 0.4993
2025-09-26 16:24:03 -   Fold 3/5
2025-09-26 16:24:03 -     Fold split: Train=2676, Val=383
2025-09-26 16:24:06 -     Test accuracy: 0.5007
2025-09-26 16:24:06 -   Fold 4/5
2025-09-26 16:24:06 -     Fold split: Train=2676, Val=383
2025-09-26 16:24:17 -     Test accuracy: 0.6915
2025-09-26 16:24:17 -   Fold 5/5
2025-09-26 16:24:17 -     Fold split: Train=2677, Val=383
2025-09-26 16:24:20 -     Test accuracy: 0.5000
2025-09-26 16:24:20 -   Repeat 4 mean accuracy: 0.5641 ± 0.0809
2025-09-26 16:24:20 - Repeat 5/5
2025-09-26 16:24:20 -   Fold 1/5
2025-09-26 16:24:20 -     Fold split: Train=2676, Val=383
2025-09-26 16:24:23 -     Test accuracy: 0.5098
2025-09-26 16:24:23 -   Fold 2/5
2025-09-26 16:24:23 -     Fold split: Train=2676, Val=383
2025-09-26 16:24:34 -     Test accuracy: 0.6510
2025-09-26 16:24:34 -   Fold 3/5
2025-09-26 16:24:34 -     Fold split: Train=2676, Val=383
2025-09-26 16:24:38 -     Test accuracy: 0.4993
2025-09-26 16:24:38 -   Fold 4/5
2025-09-26 16:24:38 -     Fold split: Train=2676, Val=383
2025-09-26 16:24:46 -     Test accuracy: 0.6170
2025-09-26 16:24:46 -   Fold 5/5
2025-09-26 16:24:46 -     Fold split: Train=2677, Val=383
2025-09-26 16:24:49 -     Test accuracy: 0.5000
2025-09-26 16:24:49 -   Repeat 5 mean accuracy: 0.5554 ± 0.0651
2025-09-26 16:24:49 - Cross-Validation completed for EEGConformer
2025-09-26 16:24:49 - Final accuracy: 0.5497 ± 0.0759
2025-09-26 16:24:49 - 95% CI: [0.5184, 0.5810]
2025-09-26 16:24:49 - 
============================================================
2025-09-26 16:24:49 - CROSS-VALIDATION RESULTS
2025-09-26 16:24:49 - ============================================================
2025-09-26 16:24:49 - Model: EEGConformer
2025-09-26 16:24:49 - Overall accuracy: 0.5497 ± 0.0759
2025-09-26 16:24:49 - 95% Confidence Interval: [0.5184, 0.5810]
2025-09-26 16:24:49 - Statistical significance: 25 evaluations
2025-09-26 16:24:49 - Precision: 0.4099 [0.2987, 0.5212]
2025-09-26 16:24:49 - Recall: 0.6101 [0.4285, 0.7918]
2025-09-26 16:24:49 - F1_Score: 0.4634 [0.3316, 0.5952]
2025-09-26 16:24:49 - Auc: 0.6184 [0.5810, 0.6557]
2025-09-26 16:24:49 - ============================================================
2025-09-26 16:24:49 - Individual subject results skipped - using Nested Cross-Validation results
2025-09-26 16:24:49 - Detailed results saved to: main_combined_detailed_results_20250926_162449.csv
2025-09-26 16:24:49 - Summary statistics saved to: main_combined_summary_stats_20250926_162449.csv
2025-09-26 16:24:49 - Dataset-specific results from Nested Cross-Validation:
2025-09-26 16:24:49 - P3 Dataset - Nested CV Results:
2025-09-26 16:24:49 -   Mean Accuracy: 0.5290 ± 0.0697
2025-09-26 16:24:49 -   95% CI: [0.5003, 0.5578]
2025-09-26 16:24:49 -   AUC: 0.5901 ± 0.0737
2025-09-26 16:24:49 - AVO Dataset - Nested CV Results:
2025-09-26 16:24:49 -   Mean Accuracy: 0.5549 ± 0.0815
2025-09-26 16:24:49 -   95% CI: [0.5212, 0.5885]
2025-09-26 16:24:49 -   AUC: 0.6261 ± 0.0984
