2025-09-20 00:28:15 - 
Experiment Configuration:
2025-09-20 00:28:15 - --------------------------------------------------
2025-09-20 00:28:15 - dataset: use_combined_datasets
2025-09-20 00:28:15 - use_combined_datasets: True
2025-09-20 00:28:15 - electrode_list: all
2025-09-20 00:28:15 - classifier: SepConv1D
2025-09-20 00:28:15 - separate_subject_classification: False
2025-09-20 00:28:15 - use_subject_layer: False
2025-09-20 00:28:15 - seeds: [42]
2025-09-20 00:28:15 - electrode_fusion_method: graph_enhanced
2025-09-20 00:28:15 - domain_adaptation_method: none
2025-09-20 00:28:15 - enable_comprehensive_evaluation: True
2025-09-20 00:28:15 - enable_domain_analysis: True
2025-09-20 00:28:15 - enable_small_sample_analysis: False
2025-09-20 00:28:15 - small_sample_sizes: [5, 10, 15, 20]
2025-09-20 00:28:15 - small_sample_subjects: [5, 10, 15]
2025-09-20 00:28:15 - --------------------------------------------------
2025-09-20 00:28:15 - 
==================================================
2025-09-20 00:28:15 - Processing Combined P3 and AVO Datasets
2025-09-20 00:28:15 - ==================================================
2025-09-20 00:28:15 - 启用融合方法: graph_enhanced, 域适应: none
2025-09-20 00:28:15 - 融合模式：使用各数据集的原生电极配置
2025-09-20 00:28:15 - Processing datasets: ['P3', 'AVO']
2025-09-20 00:28:15 - Processing dataset: P3
2025-09-20 00:28:22 - Dataset P3 processed: 1840 training samples
2025-09-20 00:28:22 - Processing dataset: AVO
2025-09-20 00:28:28 - Dataset AVO processed: 720 training samples
2025-09-20 00:28:28 - Created data loaders for P3
2025-09-20 00:28:28 - Created data loaders for AVO
2025-09-20 00:28:28 - Training fusion model: graph_enhanced with domain adaptation: none
2025-09-20 00:28:47 - Fusion experiment completed successfully
2025-09-20 00:28:47 - Final accuracy: 0.640625
