2025-09-21 22:54:36 - 
Experiment Configuration:
2025-09-21 22:54:36 - --------------------------------------------------
2025-09-21 22:54:36 - dataset: use_combined_datasets
2025-09-21 22:54:36 - use_combined_datasets: True
2025-09-21 22:54:36 - electrode_list: common
2025-09-21 22:54:36 - classifier: EEGConformer
2025-09-21 22:54:36 - separate_subject_classification: False
2025-09-21 22:54:36 - use_subject_layer: False
2025-09-21 22:54:36 - seeds: [42, 123, 456, 789, 321]
2025-09-21 22:54:36 - use_nested_cv: True
2025-09-21 22:54:36 - electrode_fusion_method: none
2025-09-21 22:54:36 - domain_adaptation_method: none
2025-09-21 22:54:36 - enable_comprehensive_evaluation: True
2025-09-21 22:54:36 - enable_domain_analysis: True
2025-09-21 22:54:36 - enable_small_sample_analysis: False
2025-09-21 22:54:36 - small_sample_sizes: [5, 10, 15, 20]
2025-09-21 22:54:36 - small_sample_subjects: [5, 10, 15]
2025-09-21 22:54:36 - --------------------------------------------------
2025-09-21 22:54:36 - 
==================================================
2025-09-21 22:54:36 - Processing Combined P3 and AVO Datasets
2025-09-21 22:54:36 - ==================================================
2025-09-21 22:54:36 - 使用传统方法（无融合）
2025-09-21 22:54:36 - Using Cross-Validation (simplified approach)
2025-09-21 22:54:36 - Configuration: 5-fold CV, 5 repeats
2025-09-21 22:54:36 - ============================================================
2025-09-21 22:54:36 - CROSS-VALIDATION CONFIGURATION
2025-09-21 22:54:36 - ============================================================
2025-09-21 22:54:36 - Datasets: ['P3', 'AVO']
2025-09-21 22:54:36 - CV folds: 5
2025-09-21 22:54:36 - Repeats: 5
2025-09-21 22:54:36 - Confidence level: 0.95
2025-09-21 22:54:36 - ============================================================
2025-09-21 22:54:36 - STRATIFIED SAMPLING CONFIGURATION
2025-09-21 22:54:36 - ============================================================
2025-09-21 22:54:36 - Nested CV Mode: Trial counts per subject by dataset
2025-09-21 22:54:36 -   P3 dataset: 200 trials per subject
2025-09-21 22:54:36 -   AVO dataset: 20 trials per subject
2025-09-21 22:54:36 - Sampling strategy: Multi-level stratified sampling
2025-09-21 22:54:36 -   - Subject-level: Stratified trial selection per subject
2025-09-21 22:54:36 -   - Dataset-level: Stratified sampling when dataset trial counts differ
2025-09-21 22:54:36 -   - Fold-level: StratifiedKFold for 5-fold CV
2025-09-21 22:54:36 -   - Train/Val split: Stratified train_test_split within each fold
2025-09-21 22:54:36 - ============================================================
2025-09-21 22:54:43 - Subject AVO_001: Sampled 20/70 trials
2025-09-21 22:54:43 -   Original distribution: {0: 0.5, 1: 0.5}
2025-09-21 22:54:43 -   Sampled distribution: {0: 0.5, 1: 0.5}
2025-09-21 22:54:43 - Subject AVO_002: Sampled 20/70 trials
2025-09-21 22:54:43 -   Original distribution: {0: 0.5, 1: 0.5}
2025-09-21 22:54:43 -   Sampled distribution: {0: 0.5, 1: 0.5}
2025-09-21 22:54:43 - Subject AVO_003: Sampled 20/88 trials
2025-09-21 22:54:43 -   Original distribution: {0: 0.5, 1: 0.5}
2025-09-21 22:54:43 -   Sampled distribution: {0: 0.5, 1: 0.5}
2025-09-21 22:54:43 - Subject AVO_004: Sampled 20/84 trials
2025-09-21 22:54:43 -   Original distribution: {0: 0.5, 1: 0.5}
2025-09-21 22:54:43 -   Sampled distribution: {0: 0.5, 1: 0.5}
2025-09-21 22:54:44 - Subject AVO_005: Sampled 20/70 trials
2025-09-21 22:54:44 -   Original distribution: {0: 0.5, 1: 0.5}
2025-09-21 22:54:44 -   Sampled distribution: {0: 0.5, 1: 0.5}
2025-09-21 22:54:44 - Subject AVO_006: Sampled 20/74 trials
2025-09-21 22:54:44 -   Original distribution: {0: 0.5, 1: 0.5}
2025-09-21 22:54:44 -   Sampled distribution: {0: 0.5, 1: 0.5}
2025-09-21 22:54:44 - Subject AVO_007: Sampled 20/78 trials
2025-09-21 22:54:44 -   Original distribution: {0: 0.5, 1: 0.5}
2025-09-21 22:54:44 -   Sampled distribution: {0: 0.5, 1: 0.5}
2025-09-21 22:54:44 - Subject AVO_008: Sampled 20/72 trials
2025-09-21 22:54:44 -   Original distribution: {0: 0.5, 1: 0.5}
2025-09-21 22:54:44 -   Sampled distribution: {0: 0.5, 1: 0.5}
2025-09-21 22:54:44 - Subject AVO_009: Sampled 20/76 trials
2025-09-21 22:54:44 -   Original distribution: {0: 0.5, 1: 0.5}
2025-09-21 22:54:44 -   Sampled distribution: {0: 0.5, 1: 0.5}
2025-09-21 22:54:44 - Subject AVO_010: Sampled 20/70 trials
2025-09-21 22:54:44 -   Original distribution: {0: 0.5, 1: 0.5}
2025-09-21 22:54:44 -   Sampled distribution: {0: 0.5, 1: 0.5}
2025-09-21 22:54:44 - Subject AVO_011: Sampled 20/60 trials
2025-09-21 22:54:44 -   Original distribution: {0: 0.5, 1: 0.5}
2025-09-21 22:54:44 -   Sampled distribution: {0: 0.5, 1: 0.5}
2025-09-21 22:54:45 - Subject AVO_012: Sampled 20/72 trials
2025-09-21 22:54:45 -   Original distribution: {0: 0.5, 1: 0.5}
2025-09-21 22:54:45 -   Sampled distribution: {0: 0.5, 1: 0.5}
2025-09-21 22:54:45 - Subject AVO_013: Sampled 20/72 trials
2025-09-21 22:54:45 -   Original distribution: {0: 0.5, 1: 0.5}
2025-09-21 22:54:45 -   Sampled distribution: {0: 0.5, 1: 0.5}
2025-09-21 22:54:45 - Subject AVO_014: Sampled 20/72 trials
2025-09-21 22:54:45 -   Original distribution: {0: 0.5, 1: 0.5}
2025-09-21 22:54:45 -   Sampled distribution: {0: 0.5, 1: 0.5}
2025-09-21 22:54:45 - Subject AVO_015: Sampled 20/56 trials
2025-09-21 22:54:45 -   Original distribution: {0: 0.5, 1: 0.5}
2025-09-21 22:54:45 -   Sampled distribution: {0: 0.5, 1: 0.5}
2025-09-21 22:54:45 - Subject AVO_016: Sampled 20/70 trials
2025-09-21 22:54:45 -   Original distribution: {0: 0.5, 1: 0.5}
2025-09-21 22:54:45 -   Sampled distribution: {0: 0.5, 1: 0.5}
2025-09-21 22:54:45 - Subject AVO_017: Sampled 20/74 trials
2025-09-21 22:54:45 -   Original distribution: {0: 0.5, 1: 0.5}
2025-09-21 22:54:45 -   Sampled distribution: {0: 0.5, 1: 0.5}
2025-09-21 22:54:46 - Subject AVO_018: Sampled 20/22 trials
2025-09-21 22:54:46 -   Original distribution: {0: 0.5, 1: 0.5}
2025-09-21 22:54:46 -   Sampled distribution: {0: 0.5, 1: 0.5}
2025-09-21 22:54:46 - Subject AVO_019: Sampled 20/76 trials
2025-09-21 22:54:46 -   Original distribution: {0: 0.5, 1: 0.5}
2025-09-21 22:54:46 -   Sampled distribution: {0: 0.5, 1: 0.5}
2025-09-21 22:54:46 - Subject AVO_020: Sampled 20/76 trials
2025-09-21 22:54:46 -   Original distribution: {0: 0.5, 1: 0.5}
2025-09-21 22:54:46 -   Sampled distribution: {0: 0.5, 1: 0.5}
2025-09-21 22:54:46 - Subject AVO_021: Sampled 20/82 trials
2025-09-21 22:54:46 -   Original distribution: {0: 0.5, 1: 0.5}
2025-09-21 22:54:46 -   Sampled distribution: {0: 0.5, 1: 0.5}
2025-09-21 22:54:46 - Subject AVO_022: Sampled 20/72 trials
2025-09-21 22:54:46 -   Original distribution: {0: 0.5, 1: 0.5}
2025-09-21 22:54:46 -   Sampled distribution: {0: 0.5, 1: 0.5}
2025-09-21 22:54:46 - Subject AVO_023: Sampled 20/78 trials
2025-09-21 22:54:46 -   Original distribution: {0: 0.5, 1: 0.5}
2025-09-21 22:54:46 -   Sampled distribution: {0: 0.5, 1: 0.5}
2025-09-21 22:54:46 - Subject AVO_024: Sampled 20/92 trials
2025-09-21 22:54:46 -   Original distribution: {0: 0.5, 1: 0.5}
2025-09-21 22:54:46 -   Sampled distribution: {0: 0.5, 1: 0.5}
2025-09-21 22:54:47 - Subject AVO_025: Sampled 20/64 trials
2025-09-21 22:54:47 -   Original distribution: {0: 0.5, 1: 0.5}
2025-09-21 22:54:47 -   Sampled distribution: {0: 0.5, 1: 0.5}
2025-09-21 22:54:47 - Subject AVO_026: Sampled 20/80 trials
2025-09-21 22:54:47 -   Original distribution: {0: 0.5, 1: 0.5}
2025-09-21 22:54:47 -   Sampled distribution: {0: 0.5, 1: 0.5}
2025-09-21 22:54:47 - Subject AVO_027: Sampled 20/68 trials
2025-09-21 22:54:47 -   Original distribution: {0: 0.5, 1: 0.5}
2025-09-21 22:54:47 -   Sampled distribution: {0: 0.5, 1: 0.5}
2025-09-21 22:54:47 - Subject AVO_028: Sampled 20/84 trials
2025-09-21 22:54:47 -   Original distribution: {0: 0.5, 1: 0.5}
2025-09-21 22:54:47 -   Sampled distribution: {0: 0.5, 1: 0.5}
2025-09-21 22:54:47 - Subject AVO_029: Sampled 20/84 trials
2025-09-21 22:54:47 -   Original distribution: {0: 0.5, 1: 0.5}
2025-09-21 22:54:47 -   Sampled distribution: {0: 0.5, 1: 0.5}
2025-09-21 22:54:47 - Subject AVO_030: Sampled 20/72 trials
2025-09-21 22:54:47 -   Original distribution: {0: 0.5, 1: 0.5}
2025-09-21 22:54:47 -   Sampled distribution: {0: 0.5, 1: 0.5}
2025-09-21 22:54:48 - Subject AVO_031: Sampled 20/88 trials
2025-09-21 22:54:48 -   Original distribution: {0: 0.5, 1: 0.5}
2025-09-21 22:54:48 -   Sampled distribution: {0: 0.5, 1: 0.5}
2025-09-21 22:54:48 - Subject AVO_032: Sampled 20/96 trials
2025-09-21 22:54:48 -   Original distribution: {0: 0.5, 1: 0.5}
2025-09-21 22:54:48 -   Sampled distribution: {0: 0.5, 1: 0.5}
2025-09-21 22:54:48 - Subject AVO_033: Sampled 20/78 trials
2025-09-21 22:54:48 -   Original distribution: {0: 0.5, 1: 0.5}
2025-09-21 22:54:48 -   Sampled distribution: {0: 0.5, 1: 0.5}
2025-09-21 22:54:48 - Subject AVO_034: Sampled 20/72 trials
2025-09-21 22:54:48 -   Original distribution: {0: 0.5, 1: 0.5}
2025-09-21 22:54:48 -   Sampled distribution: {0: 0.5, 1: 0.5}
2025-09-21 22:54:48 - Subject AVO_035: Sampled 20/88 trials
2025-09-21 22:54:48 -   Original distribution: {0: 0.5, 1: 0.5}
2025-09-21 22:54:48 -   Sampled distribution: {0: 0.5, 1: 0.5}
2025-09-21 22:54:48 - Subject AVO_036: Sampled 20/84 trials
2025-09-21 22:54:48 -   Original distribution: {0: 0.5, 1: 0.5}
2025-09-21 22:54:48 -   Sampled distribution: {0: 0.5, 1: 0.5}
2025-09-21 22:54:48 - Subject AVO_037: Sampled 20/86 trials
2025-09-21 22:54:48 -   Original distribution: {0: 0.5, 1: 0.5}
2025-09-21 22:54:48 -   Sampled distribution: {0: 0.5, 1: 0.5}
2025-09-21 22:54:49 - Subject AVO_038: Sampled 20/100 trials
2025-09-21 22:54:49 -   Original distribution: {0: 0.5, 1: 0.5}
2025-09-21 22:54:49 -   Sampled distribution: {0: 0.5, 1: 0.5}
2025-09-21 22:54:49 - Subject AVO_039: Sampled 20/70 trials
2025-09-21 22:54:49 -   Original distribution: {0: 0.5, 1: 0.5}
2025-09-21 22:54:49 -   Sampled distribution: {0: 0.5, 1: 0.5}
2025-09-21 22:54:49 - Subject AVO_040: Sampled 20/84 trials
2025-09-21 22:54:49 -   Original distribution: {0: 0.5, 1: 0.5}
2025-09-21 22:54:49 -   Sampled distribution: {0: 0.5, 1: 0.5}
2025-09-21 22:54:49 - Nested CV dataset summary:
2025-09-21 22:54:49 -   Total subjects: 80
2025-09-21 22:54:49 -   Total trials: 3988
2025-09-21 22:54:49 -   Average trials per subject: 49.9
2025-09-21 22:54:49 -   P3 dataset: 40 subjects, 3188 trials (79.7 trials/subject)
2025-09-21 22:54:49 -   AVO dataset: 40 subjects, 800 trials (20.0 trials/subject)
2025-09-21 22:54:49 -   Class distribution: {0: 1994, 1: 1994}
2025-09-21 22:54:49 -   Class proportions: [0.5 0.5]
2025-09-21 22:54:49 -   NOTE: Datasets have different trial counts - StratifiedKFold will handle balanced sampling
2025-09-21 22:54:49 - Enhanced preprocessing increased channels from 5 to 25
2025-09-21 22:54:49 - Starting Cross-Validation for EEGConformer
2025-09-21 22:54:49 - Configuration: 5-fold CV, 5 repeats
2025-09-21 22:54:49 - Data split ratios: Train=0.7, Val=0.1, Test=0.2
2025-09-21 22:54:49 - Repeat 1/5
2025-09-21 22:54:49 -   Fold 1/5
2025-09-21 22:54:49 -     Fold split: Train=2791, Val=399
2025-09-21 22:55:34 -     Test accuracy: 0.6115
2025-09-21 22:55:34 -   Fold 2/5
2025-09-21 22:55:34 -     Fold split: Train=2791, Val=399
2025-09-21 22:56:17 -     Test accuracy: 0.6479
2025-09-21 22:56:17 -   Fold 3/5
2025-09-21 22:56:17 -     Fold split: Train=2791, Val=399
2025-09-21 22:57:21 -     Test accuracy: 0.6429
2025-09-21 22:57:21 -   Fold 4/5
2025-09-21 22:57:21 -     Fold split: Train=2792, Val=399
2025-09-21 22:59:01 -     Test accuracy: 0.6236
2025-09-21 22:59:01 -   Fold 5/5
2025-09-21 22:59:01 -     Fold split: Train=2792, Val=399
2025-09-21 23:00:04 -     Test accuracy: 0.6499
2025-09-21 23:00:04 -   Repeat 1 mean accuracy: 0.6352 ± 0.0150
2025-09-21 23:00:04 - Repeat 2/5
2025-09-21 23:00:04 -   Fold 1/5
2025-09-21 23:00:04 -     Fold split: Train=2791, Val=399
2025-09-21 23:01:20 -     Test accuracy: 0.6391
2025-09-21 23:01:20 -   Fold 2/5
2025-09-21 23:01:20 -     Fold split: Train=2791, Val=399
2025-09-21 23:02:09 -     Test accuracy: 0.6366
2025-09-21 23:02:09 -   Fold 3/5
2025-09-21 23:02:09 -     Fold split: Train=2791, Val=399
2025-09-21 23:03:11 -     Test accuracy: 0.6692
2025-09-21 23:03:11 -   Fold 4/5
2025-09-21 23:03:11 -     Fold split: Train=2792, Val=399
2025-09-21 23:04:07 -     Test accuracy: 0.6412
2025-09-21 23:04:07 -   Fold 5/5
2025-09-21 23:04:07 -     Fold split: Train=2792, Val=399
2025-09-21 23:05:21 -     Test accuracy: 0.6261
2025-09-21 23:05:21 -   Repeat 2 mean accuracy: 0.6424 ± 0.0143
2025-09-21 23:05:21 - Repeat 3/5
2025-09-21 23:05:21 -   Fold 1/5
2025-09-21 23:05:21 -     Fold split: Train=2791, Val=399
2025-09-21 23:06:02 -     Test accuracy: 0.6353
2025-09-21 23:06:02 -   Fold 2/5
2025-09-21 23:06:02 -     Fold split: Train=2791, Val=399
2025-09-21 23:07:01 -     Test accuracy: 0.6504
2025-09-21 23:07:01 -   Fold 3/5
2025-09-21 23:07:01 -     Fold split: Train=2791, Val=399
2025-09-21 23:08:16 -     Test accuracy: 0.6454
2025-09-21 23:08:16 -   Fold 4/5
2025-09-21 23:08:16 -     Fold split: Train=2792, Val=399
2025-09-21 23:09:21 -     Test accuracy: 0.6524
2025-09-21 23:09:21 -   Fold 5/5
2025-09-21 23:09:21 -     Fold split: Train=2792, Val=399
2025-09-21 23:10:09 -     Test accuracy: 0.6399
2025-09-21 23:10:09 -   Repeat 3 mean accuracy: 0.6447 ± 0.0064
2025-09-21 23:10:09 - Repeat 4/5
2025-09-21 23:10:09 -   Fold 1/5
2025-09-21 23:10:09 -     Fold split: Train=2791, Val=399
2025-09-21 23:11:28 -     Test accuracy: 0.6103
2025-09-21 23:11:28 -   Fold 2/5
2025-09-21 23:11:28 -     Fold split: Train=2791, Val=399
2025-09-21 23:12:28 -     Test accuracy: 0.6479
2025-09-21 23:12:28 -   Fold 3/5
2025-09-21 23:12:28 -     Fold split: Train=2791, Val=399
2025-09-21 23:13:52 -     Test accuracy: 0.6241
2025-09-21 23:13:52 -   Fold 4/5
2025-09-21 23:13:52 -     Fold split: Train=2792, Val=399
2025-09-21 23:14:47 -     Test accuracy: 0.6437
2025-09-21 23:14:47 -   Fold 5/5
2025-09-21 23:14:47 -     Fold split: Train=2792, Val=399
2025-09-21 23:16:14 -     Test accuracy: 0.6336
2025-09-21 23:16:14 -   Repeat 4 mean accuracy: 0.6319 ± 0.0136
2025-09-21 23:16:14 - Repeat 5/5
2025-09-21 23:16:14 -   Fold 1/5
2025-09-21 23:16:14 -     Fold split: Train=2791, Val=399
2025-09-21 23:17:05 -     Test accuracy: 0.5865
2025-09-21 23:17:05 -   Fold 2/5
2025-09-21 23:17:05 -     Fold split: Train=2791, Val=399
2025-09-21 23:18:03 -     Test accuracy: 0.6353
2025-09-21 23:18:03 -   Fold 3/5
2025-09-21 23:18:03 -     Fold split: Train=2791, Val=399
2025-09-21 23:18:53 -     Test accuracy: 0.6692
2025-09-21 23:18:53 -   Fold 4/5
2025-09-21 23:18:53 -     Fold split: Train=2792, Val=399
2025-09-21 23:20:19 -     Test accuracy: 0.6675
2025-09-21 23:20:19 -   Fold 5/5
2025-09-21 23:20:19 -     Fold split: Train=2792, Val=399
2025-09-21 23:21:19 -     Test accuracy: 0.6286
2025-09-21 23:21:19 -   Repeat 5 mean accuracy: 0.6374 ± 0.0303
2025-09-21 23:21:19 - Cross-Validation completed for EEGConformer
2025-09-21 23:21:19 - Final accuracy: 0.6383 ± 0.0187
2025-09-21 23:21:19 - 95% CI: [0.6306, 0.6461]
2025-09-21 23:21:19 - 
============================================================
2025-09-21 23:21:19 - CROSS-VALIDATION RESULTS
2025-09-21 23:21:19 - ============================================================
2025-09-21 23:21:19 - Model: EEGConformer
2025-09-21 23:21:19 - Overall accuracy: 0.6383 ± 0.0187
2025-09-21 23:21:19 - 95% Confidence Interval: [0.6306, 0.6461]
2025-09-21 23:21:19 - Statistical significance: 25 evaluations
2025-09-21 23:21:19 - Precision: 0.6449 [0.6314, 0.6584]
2025-09-21 23:21:19 - Recall: 0.6362 [0.5878, 0.6846]
2025-09-21 23:21:19 - F1_Score: 0.6317 [0.6061, 0.6573]
2025-09-21 23:21:19 - Auc: 0.6928 [0.6846, 0.7010]
2025-09-21 23:21:19 - ============================================================
2025-09-21 23:21:19 - Individual subject results skipped - using Nested Cross-Validation results
2025-09-21 23:21:19 - Dataset-specific results from Nested Cross-Validation:
2025-09-21 23:21:19 - P3 Dataset - Nested CV Results:
2025-09-21 23:21:19 -   Mean Accuracy: 0.6404 ± 0.0206
2025-09-21 23:21:19 -   95% CI: [0.6319, 0.6490]
2025-09-21 23:21:19 -   AUC: 0.6931 ± 0.0218
2025-09-21 23:21:19 - AVO Dataset - Nested CV Results:
2025-09-21 23:21:19 -   Mean Accuracy: 0.6294 ± 0.0435
2025-09-21 23:21:19 -   95% CI: [0.6114, 0.6473]
2025-09-21 23:21:19 -   AUC: 0.6921 ± 0.0479
