2025-09-21 18:07:01 - 
Experiment Configuration:
2025-09-21 18:07:01 - --------------------------------------------------
2025-09-21 18:07:01 - dataset: P3 Raw Data BIDS-Compatible
2025-09-21 18:07:01 - use_combined_datasets: False
2025-09-21 18:07:01 - electrode_list: all
2025-09-21 18:07:01 - classifier: EEGConformer
2025-09-21 18:07:01 - separate_subject_classification: False
2025-09-21 18:07:01 - use_subject_layer: False
2025-09-21 18:07:01 - seeds: [42]
2025-09-21 18:07:01 - use_nested_cv: True
2025-09-21 18:07:01 - electrode_fusion_method: none
2025-09-21 18:07:01 - domain_adaptation_method: none
2025-09-21 18:07:01 - enable_comprehensive_evaluation: True
2025-09-21 18:07:01 - enable_domain_analysis: True
2025-09-21 18:07:01 - enable_small_sample_analysis: False
2025-09-21 18:07:01 - small_sample_sizes: [5, 10, 15, 20]
2025-09-21 18:07:01 - small_sample_subjects: [5, 10, 15]
2025-09-21 18:07:01 - --------------------------------------------------
2025-09-21 18:07:01 - 
==================================================
2025-09-21 18:07:01 - Processing P3 Dataset
2025-09-21 18:07:01 - ==================================================
2025-09-21 18:07:01 - Using Cross-Validation (simplified approach)
2025-09-21 18:07:01 - Configuration: 5-fold CV, 1 repeats
2025-09-21 18:07:01 - ============================================================
2025-09-21 18:07:01 - CROSS-VALIDATION CONFIGURATION
2025-09-21 18:07:01 - ============================================================
2025-09-21 18:07:01 - Datasets: ['P3']
2025-09-21 18:07:01 - CV folds: 5
2025-09-21 18:07:01 - Repeats: 1
2025-09-21 18:07:01 - Confidence level: 0.95
2025-09-21 18:07:01 - ============================================================
2025-09-21 18:07:01 - STRATIFIED SAMPLING CONFIGURATION
2025-09-21 18:07:01 - ============================================================
2025-09-21 18:07:01 - Nested CV Mode: Trial counts per subject by dataset
2025-09-21 18:07:01 -   P3 dataset: 200 trials per subject
2025-09-21 18:07:01 - Sampling strategy: Multi-level stratified sampling
2025-09-21 18:07:01 -   - Subject-level: Stratified trial selection per subject
2025-09-21 18:07:01 -   - Dataset-level: Stratified sampling when dataset trial counts differ
2025-09-21 18:07:01 -   - Fold-level: StratifiedKFold for 5-fold CV
2025-09-21 18:07:01 -   - Train/Val split: Stratified train_test_split within each fold
2025-09-21 18:07:01 - ============================================================
2025-09-21 18:07:09 - Nested CV dataset summary:
2025-09-21 18:07:09 -   Total subjects: 40
2025-09-21 18:07:09 -   Total trials: 3188
2025-09-21 18:07:09 -   Average trials per subject: 79.7
2025-09-21 18:07:09 -   P3 dataset: 0 subjects, 3188 trials (inf trials/subject)
2025-09-21 18:07:09 -   Class distribution: {0: 1594, 1: 1594}
2025-09-21 18:07:09 -   Class proportions: [0.5 0.5]
2025-09-21 18:07:09 - Enhanced preprocessing increased channels from 8 to 40
2025-09-21 18:07:09 - Starting Cross-Validation for EEGConformer
2025-09-21 18:07:09 - Configuration: 5-fold CV, 1 repeats
2025-09-21 18:07:09 - Data split ratios: Train=0.7, Val=0.1, Test=0.2
2025-09-21 18:07:09 - Repeat 1/1
2025-09-21 18:07:09 -   Fold 1/5
2025-09-21 18:07:09 -     Fold split: Train=2231, Val=319
2025-09-21 18:10:29 -     Test accuracy: 0.6583
2025-09-21 18:10:29 -   Fold 2/5
2025-09-21 18:10:29 -     Fold split: Train=2231, Val=319
2025-09-21 18:12:26 -     Test accuracy: 0.6599
2025-09-21 18:12:26 -   Fold 3/5
2025-09-21 18:12:26 -     Fold split: Train=2231, Val=319
2025-09-21 18:13:49 -     Test accuracy: 0.6693
2025-09-21 18:13:49 -   Fold 4/5
2025-09-21 18:13:49 -     Fold split: Train=2232, Val=319
2025-09-21 18:14:44 -     Test accuracy: 0.6546
2025-09-21 18:14:44 -   Fold 5/5
2025-09-21 18:14:44 -     Fold split: Train=2232, Val=319
2025-09-21 18:16:56 -     Test accuracy: 0.6405
2025-09-21 18:16:56 -   Repeat 1 mean accuracy: 0.6565 ± 0.0094
2025-09-21 18:16:56 - Cross-Validation completed for EEGConformer
2025-09-21 18:16:56 - Final accuracy: 0.6565 ± 0.0105
2025-09-21 18:16:56 - 95% CI: [0.6435, 0.6695]
2025-09-21 18:16:56 - 
============================================================
2025-09-21 18:16:56 - CROSS-VALIDATION RESULTS
2025-09-21 18:16:56 - ============================================================
2025-09-21 18:16:56 - Model: EEGConformer
2025-09-21 18:16:56 - Overall accuracy: 0.6565 ± 0.0105
2025-09-21 18:16:56 - 95% Confidence Interval: [0.6435, 0.6695]
2025-09-21 18:16:56 - Statistical significance: 5 evaluations
2025-09-21 18:16:56 - Precision: 0.6669 [0.6072, 0.7266]
2025-09-21 18:16:56 - Recall: 0.6506 [0.5143, 0.7869]
2025-09-21 18:16:56 - F1_Score: 0.6512 [0.6059, 0.6965]
2025-09-21 18:16:56 - Auc: 0.7287 [0.7128, 0.7445]
2025-09-21 18:16:56 - ============================================================
2025-09-21 18:16:56 - Individual subject results skipped - using Nested Cross-Validation results
