2025-09-14 11:05:00 - 
Experiment Configuration:
2025-09-14 11:05:00 - --------------------------------------------------
2025-09-14 11:05:00 - dataset: P3 Raw Data BIDS-Compatible
2025-09-14 11:05:00 - use_combined_datasets: False
2025-09-14 11:05:00 - electrode_list: common
2025-09-14 11:05:00 - classifier: EEGChannelNet
2025-09-14 11:05:00 - separate_subject_classification: False
2025-09-14 11:05:00 - use_subject_layer: False
2025-09-14 11:05:00 - seeds: [42]
2025-09-14 11:05:00 - --------------------------------------------------
2025-09-14 11:05:00 - 
==================================================
2025-09-14 11:05:00 - Processing P3 Dataset
2025-09-14 11:05:00 - ==================================================
2025-09-14 11:16:57 - 
==================================================
2025-09-14 11:16:57 - Individual Subject Results - P3
2025-09-14 11:16:57 - ==================================================
2025-09-14 11:16:57 - Subject: sub-001
2025-09-14 11:16:57 -   Accuracy: 61.111%
2025-09-14 11:16:57 -   Precision: 0.455
2025-09-14 11:16:57 -   Recall: 0.833
2025-09-14 11:16:57 -   F1 Score: 0.588
2025-09-14 11:16:57 -   AUC: 0.806
2025-09-14 11:16:57 -   Correct/Total: 11/18
2025-09-14 11:16:57 -   Confusion Matrix Stats:
2025-09-14 11:16:57 -     TP: 5, TN: 6
2025-09-14 11:16:57 -     FP: 6, FN: 1
2025-09-14 11:16:57 - Subject: sub-002
2025-09-14 11:16:57 -   Accuracy: 90.000%
2025-09-14 11:16:57 -   Precision: 0.833
2025-09-14 11:16:57 -   Recall: 1.000
2025-09-14 11:16:57 -   F1 Score: 0.909
2025-09-14 11:16:57 -   AUC: 1.000
2025-09-14 11:16:57 -   Correct/Total: 9/10
2025-09-14 11:16:57 -   Confusion Matrix Stats:
2025-09-14 11:16:57 -     TP: 5, TN: 4
2025-09-14 11:16:57 -     FP: 1, FN: 0
2025-09-14 11:16:57 - Subject: sub-003
2025-09-14 11:16:57 -   Accuracy: 88.235%
2025-09-14 11:16:57 -   Precision: 1.000
2025-09-14 11:16:57 -   Recall: 0.800
2025-09-14 11:16:57 -   F1 Score: 0.889
2025-09-14 11:16:57 -   AUC: 0.900
2025-09-14 11:16:57 -   Correct/Total: 15/17
2025-09-14 11:16:57 -   Confusion Matrix Stats:
2025-09-14 11:16:57 -     TP: 8, TN: 7
2025-09-14 11:16:57 -     FP: 0, FN: 2
2025-09-14 11:16:57 - Subject: sub-004
2025-09-14 11:16:57 -   Accuracy: 77.778%
2025-09-14 11:16:57 -   Precision: 0.857
2025-09-14 11:16:57 -   Recall: 0.667
2025-09-14 11:16:57 -   F1 Score: 0.750
2025-09-14 11:16:57 -   AUC: 0.864
2025-09-14 11:16:57 -   Correct/Total: 14/18
2025-09-14 11:16:57 -   Confusion Matrix Stats:
2025-09-14 11:16:57 -     TP: 6, TN: 8
2025-09-14 11:16:57 -     FP: 1, FN: 3
2025-09-14 11:16:57 - Subject: sub-005
2025-09-14 11:16:57 -   Accuracy: 69.231%
2025-09-14 11:16:57 -   Precision: 0.500
2025-09-14 11:16:57 -   Recall: 0.500
2025-09-14 11:16:57 -   F1 Score: 0.500
2025-09-14 11:16:57 -   AUC: 0.778
2025-09-14 11:16:57 -   Correct/Total: 9/13
2025-09-14 11:16:57 -   Confusion Matrix Stats:
2025-09-14 11:16:57 -     TP: 2, TN: 7
2025-09-14 11:16:57 -     FP: 2, FN: 2
2025-09-14 11:16:57 - Subject: sub-006
2025-09-14 11:16:57 -   Accuracy: 62.500%
2025-09-14 11:16:57 -   Precision: 0.500
2025-09-14 11:16:57 -   Recall: 0.333
2025-09-14 11:16:57 -   F1 Score: 0.400
2025-09-14 11:16:57 -   AUC: 0.667
2025-09-14 11:16:57 -   Correct/Total: 5/8
2025-09-14 11:16:57 -   Confusion Matrix Stats:
2025-09-14 11:16:57 -     TP: 1, TN: 4
2025-09-14 11:16:57 -     FP: 1, FN: 2
2025-09-14 11:16:57 - Subject: sub-007
2025-09-14 11:16:57 -   Accuracy: 90.909%
2025-09-14 11:16:57 -   Precision: 0.800
2025-09-14 11:16:57 -   Recall: 1.000
2025-09-14 11:16:57 -   F1 Score: 0.889
2025-09-14 11:16:57 -   AUC: 0.893
2025-09-14 11:16:57 -   Correct/Total: 10/11
2025-09-14 11:16:57 -   Confusion Matrix Stats:
2025-09-14 11:16:57 -     TP: 4, TN: 6
2025-09-14 11:16:57 -     FP: 1, FN: 0
2025-09-14 11:16:57 - Subject: sub-008
2025-09-14 11:16:57 -   Accuracy: 38.095%
2025-09-14 11:16:57 -   Precision: 0.857
2025-09-14 11:16:57 -   Recall: 0.333
2025-09-14 11:16:57 -   F1 Score: 0.480
2025-09-14 11:16:57 -   AUC: 0.556
2025-09-14 11:16:57 -   Correct/Total: 8/21
2025-09-14 11:16:57 -   Confusion Matrix Stats:
2025-09-14 11:16:57 -     TP: 6, TN: 2
2025-09-14 11:16:57 -     FP: 1, FN: 12
2025-09-14 11:16:57 - Subject: sub-009
2025-09-14 11:16:57 -   Accuracy: 42.857%
2025-09-14 11:16:57 -   Precision: 0.600
2025-09-14 11:16:57 -   Recall: 0.333
2025-09-14 11:16:57 -   F1 Score: 0.429
2025-09-14 11:16:57 -   AUC: 0.556
2025-09-14 11:16:57 -   Correct/Total: 6/14
2025-09-14 11:16:57 -   Confusion Matrix Stats:
2025-09-14 11:16:57 -     TP: 3, TN: 3
2025-09-14 11:16:57 -     FP: 2, FN: 6
2025-09-14 11:16:57 - Subject: sub-010
2025-09-14 11:16:57 -   Accuracy: 50.000%
2025-09-14 11:16:57 -   Precision: 0.500
2025-09-14 11:16:57 -   Recall: 0.200
2025-09-14 11:16:57 -   F1 Score: 0.286
2025-09-14 11:16:57 -   AUC: 0.600
2025-09-14 11:16:57 -   Correct/Total: 5/10
2025-09-14 11:16:57 -   Confusion Matrix Stats:
2025-09-14 11:16:57 -     TP: 1, TN: 4
2025-09-14 11:16:57 -     FP: 1, FN: 4
2025-09-14 11:16:57 - Subject: sub-011
2025-09-14 11:16:57 -   Accuracy: 80.000%
2025-09-14 11:16:57 -   Precision: 1.000
2025-09-14 11:16:57 -   Recall: 0.667
2025-09-14 11:16:57 -   F1 Score: 0.800
2025-09-14 11:16:57 -   AUC: 0.958
2025-09-14 11:16:57 -   Correct/Total: 8/10
2025-09-14 11:16:57 -   Confusion Matrix Stats:
2025-09-14 11:16:57 -     TP: 4, TN: 4
2025-09-14 11:16:57 -     FP: 0, FN: 2
2025-09-14 11:16:57 - Subject: sub-012
2025-09-14 11:16:57 -   Accuracy: 75.000%
2025-09-14 11:16:57 -   Precision: 0.800
2025-09-14 11:16:57 -   Recall: 0.727
2025-09-14 11:16:57 -   F1 Score: 0.762
2025-09-14 11:16:57 -   AUC: 0.818
2025-09-14 11:16:57 -   Correct/Total: 15/20
2025-09-14 11:16:57 -   Confusion Matrix Stats:
2025-09-14 11:16:57 -     TP: 8, TN: 7
2025-09-14 11:16:57 -     FP: 2, FN: 3
2025-09-14 11:16:57 - Subject: sub-013
2025-09-14 11:16:57 -   Accuracy: 50.000%
2025-09-14 11:16:57 -   Precision: 0.400
2025-09-14 11:16:57 -   Recall: 0.222
2025-09-14 11:16:57 -   F1 Score: 0.286
2025-09-14 11:16:57 -   AUC: 0.525
2025-09-14 11:16:57 -   Correct/Total: 10/20
2025-09-14 11:16:57 -   Confusion Matrix Stats:
2025-09-14 11:16:57 -     TP: 2, TN: 8
2025-09-14 11:16:57 -     FP: 3, FN: 7
2025-09-14 11:16:57 - Subject: sub-014
2025-09-14 11:16:57 -   Accuracy: 60.000%
2025-09-14 11:16:57 -   Precision: 0.800
2025-09-14 11:16:57 -   Recall: 0.571
2025-09-14 11:16:57 -   F1 Score: 0.667
2025-09-14 11:16:57 -   AUC: 0.571
2025-09-14 11:16:57 -   Correct/Total: 6/10
2025-09-14 11:16:57 -   Confusion Matrix Stats:
2025-09-14 11:16:57 -     TP: 4, TN: 2
2025-09-14 11:16:57 -     FP: 1, FN: 3
2025-09-14 11:16:57 - Subject: sub-015
2025-09-14 11:16:57 -   Accuracy: 76.471%
2025-09-14 11:16:57 -   Precision: 1.000
2025-09-14 11:16:57 -   Recall: 0.556
2025-09-14 11:16:57 -   F1 Score: 0.714
2025-09-14 11:16:57 -   AUC: 0.764
2025-09-14 11:16:57 -   Correct/Total: 13/17
2025-09-14 11:16:57 -   Confusion Matrix Stats:
2025-09-14 11:16:57 -     TP: 5, TN: 8
2025-09-14 11:16:57 -     FP: 0, FN: 4
2025-09-14 11:16:57 - Subject: sub-016
2025-09-14 11:16:57 -   Accuracy: 69.231%
2025-09-14 11:16:57 -   Precision: 0.714
2025-09-14 11:16:57 -   Recall: 0.714
2025-09-14 11:16:57 -   F1 Score: 0.714
2025-09-14 11:16:57 -   AUC: 0.714
2025-09-14 11:16:57 -   Correct/Total: 9/13
2025-09-14 11:16:57 -   Confusion Matrix Stats:
2025-09-14 11:16:57 -     TP: 5, TN: 4
2025-09-14 11:16:57 -     FP: 2, FN: 2
2025-09-14 11:16:57 - Subject: sub-017
2025-09-14 11:16:57 -   Accuracy: 70.588%
2025-09-14 11:16:57 -   Precision: 0.714
2025-09-14 11:16:57 -   Recall: 0.625
2025-09-14 11:16:57 -   F1 Score: 0.667
2025-09-14 11:16:57 -   AUC: 0.778
2025-09-14 11:16:57 -   Correct/Total: 12/17
2025-09-14 11:16:57 -   Confusion Matrix Stats:
2025-09-14 11:16:57 -     TP: 5, TN: 7
2025-09-14 11:16:57 -     FP: 2, FN: 3
2025-09-14 11:16:57 - Subject: sub-018
2025-09-14 11:16:57 -   Accuracy: 72.222%
2025-09-14 11:16:57 -   Precision: 0.778
2025-09-14 11:16:57 -   Recall: 0.700
2025-09-14 11:16:57 -   F1 Score: 0.737
2025-09-14 11:16:57 -   AUC: 0.850
2025-09-14 11:16:57 -   Correct/Total: 13/18
2025-09-14 11:16:57 -   Confusion Matrix Stats:
2025-09-14 11:16:57 -     TP: 7, TN: 6
2025-09-14 11:16:57 -     FP: 2, FN: 3
2025-09-14 11:16:57 - Subject: sub-019
2025-09-14 11:16:57 -   Accuracy: 77.778%
2025-09-14 11:16:57 -   Precision: 1.000
2025-09-14 11:16:57 -   Recall: 0.600
2025-09-14 11:16:57 -   F1 Score: 0.750
2025-09-14 11:16:57 -   AUC: 0.775
2025-09-14 11:16:57 -   Correct/Total: 14/18
2025-09-14 11:16:57 -   Confusion Matrix Stats:
2025-09-14 11:16:57 -     TP: 6, TN: 8
2025-09-14 11:16:57 -     FP: 0, FN: 4
2025-09-14 11:16:57 - Subject: sub-020
2025-09-14 11:16:57 -   Accuracy: 71.429%
2025-09-14 11:16:57 -   Precision: 0.667
2025-09-14 11:16:57 -   Recall: 0.400
2025-09-14 11:16:57 -   F1 Score: 0.500
2025-09-14 11:16:57 -   AUC: 0.822
2025-09-14 11:16:57 -   Correct/Total: 10/14
2025-09-14 11:16:57 -   Confusion Matrix Stats:
2025-09-14 11:16:57 -     TP: 2, TN: 8
2025-09-14 11:16:57 -     FP: 1, FN: 3
2025-09-14 11:16:57 - Subject: sub-021
2025-09-14 11:16:57 -   Accuracy: 72.222%
2025-09-14 11:16:57 -   Precision: 0.750
2025-09-14 11:16:57 -   Recall: 0.429
2025-09-14 11:16:57 -   F1 Score: 0.545
2025-09-14 11:16:57 -   AUC: 0.701
2025-09-14 11:16:57 -   Correct/Total: 13/18
2025-09-14 11:16:57 -   Confusion Matrix Stats:
2025-09-14 11:16:57 -     TP: 3, TN: 10
2025-09-14 11:16:57 -     FP: 1, FN: 4
2025-09-14 11:16:57 - Subject: sub-022
2025-09-14 11:16:57 -   Accuracy: 80.000%
2025-09-14 11:16:57 -   Precision: 0.857
2025-09-14 11:16:57 -   Recall: 0.750
2025-09-14 11:16:57 -   F1 Score: 0.800
2025-09-14 11:16:57 -   AUC: 0.946
2025-09-14 11:16:57 -   Correct/Total: 12/15
2025-09-14 11:16:57 -   Confusion Matrix Stats:
2025-09-14 11:16:57 -     TP: 6, TN: 6
2025-09-14 11:16:57 -     FP: 1, FN: 2
2025-09-14 11:16:57 - Subject: sub-023
2025-09-14 11:16:57 -   Accuracy: 64.706%
2025-09-14 11:16:57 -   Precision: 0.600
2025-09-14 11:16:57 -   Recall: 0.429
2025-09-14 11:16:57 -   F1 Score: 0.500
2025-09-14 11:16:57 -   AUC: 0.729
2025-09-14 11:16:57 -   Correct/Total: 11/17
2025-09-14 11:16:57 -   Confusion Matrix Stats:
2025-09-14 11:16:57 -     TP: 3, TN: 8
2025-09-14 11:16:57 -     FP: 2, FN: 4
2025-09-14 11:16:57 - Subject: sub-024
2025-09-14 11:16:57 -   Accuracy: 61.538%
2025-09-14 11:16:57 -   Precision: 0.500
2025-09-14 11:16:57 -   Recall: 0.800
2025-09-14 11:16:57 -   F1 Score: 0.615
2025-09-14 11:16:57 -   AUC: 0.850
2025-09-14 11:16:57 -   Correct/Total: 8/13
2025-09-14 11:16:57 -   Confusion Matrix Stats:
2025-09-14 11:16:57 -     TP: 4, TN: 4
2025-09-14 11:16:57 -     FP: 4, FN: 1
2025-09-14 11:16:57 - Subject: sub-025
2025-09-14 11:16:57 -   Accuracy: 77.273%
2025-09-14 11:16:57 -   Precision: 0.818
2025-09-14 11:16:57 -   Recall: 0.750
2025-09-14 11:16:57 -   F1 Score: 0.783
2025-09-14 11:16:57 -   AUC: 0.842
2025-09-14 11:16:57 -   Correct/Total: 17/22
2025-09-14 11:16:57 -   Confusion Matrix Stats:
2025-09-14 11:16:57 -     TP: 9, TN: 8
2025-09-14 11:16:57 -     FP: 2, FN: 3
2025-09-14 11:16:57 - Subject: sub-026
2025-09-14 11:16:57 -   Accuracy: 78.947%
2025-09-14 11:16:57 -   Precision: 0.857
2025-09-14 11:16:57 -   Recall: 0.667
2025-09-14 11:16:57 -   F1 Score: 0.750
2025-09-14 11:16:57 -   AUC: 0.867
2025-09-14 11:16:57 -   Correct/Total: 15/19
2025-09-14 11:16:57 -   Confusion Matrix Stats:
2025-09-14 11:16:57 -     TP: 6, TN: 9
2025-09-14 11:16:57 -     FP: 1, FN: 3
2025-09-14 11:16:57 - Subject: sub-027
2025-09-14 11:16:57 -   Accuracy: 72.727%
2025-09-14 11:16:57 -   Precision: 0.500
2025-09-14 11:16:57 -   Recall: 0.333
2025-09-14 11:16:57 -   F1 Score: 0.400
2025-09-14 11:16:57 -   AUC: 0.542
2025-09-14 11:16:57 -   Correct/Total: 8/11
2025-09-14 11:16:57 -   Confusion Matrix Stats:
2025-09-14 11:16:57 -     TP: 1, TN: 7
2025-09-14 11:16:57 -     FP: 1, FN: 2
2025-09-14 11:16:57 - Subject: sub-028
2025-09-14 11:16:57 -   Accuracy: 62.500%
2025-09-14 11:16:57 -   Precision: 0.667
2025-09-14 11:16:57 -   Recall: 0.286
2025-09-14 11:16:57 -   F1 Score: 0.400
2025-09-14 11:16:57 -   AUC: 0.683
2025-09-14 11:16:57 -   Correct/Total: 10/16
2025-09-14 11:16:57 -   Confusion Matrix Stats:
2025-09-14 11:16:57 -     TP: 2, TN: 8
2025-09-14 11:16:57 -     FP: 1, FN: 5
2025-09-14 11:16:57 - Subject: sub-029
2025-09-14 11:16:57 -   Accuracy: 58.333%
2025-09-14 11:16:57 -   Precision: 0.500
2025-09-14 11:16:57 -   Recall: 0.600
2025-09-14 11:16:57 -   F1 Score: 0.545
2025-09-14 11:16:57 -   AUC: 0.757
2025-09-14 11:16:57 -   Correct/Total: 14/24
2025-09-14 11:16:57 -   Confusion Matrix Stats:
2025-09-14 11:16:57 -     TP: 6, TN: 8
2025-09-14 11:16:57 -     FP: 6, FN: 4
2025-09-14 11:16:57 - Subject: sub-030
2025-09-14 11:16:57 -   Accuracy: 70.588%
2025-09-14 11:16:57 -   Precision: 0.700
2025-09-14 11:16:57 -   Recall: 0.778
2025-09-14 11:16:57 -   F1 Score: 0.737
2025-09-14 11:16:57 -   AUC: 0.681
2025-09-14 11:16:57 -   Correct/Total: 12/17
2025-09-14 11:16:57 -   Confusion Matrix Stats:
2025-09-14 11:16:57 -     TP: 7, TN: 5
2025-09-14 11:16:57 -     FP: 3, FN: 2
2025-09-14 11:16:57 - Subject: sub-031
2025-09-14 11:16:57 -   Accuracy: 64.706%
2025-09-14 11:16:57 -   Precision: 0.600
2025-09-14 11:16:57 -   Recall: 0.429
2025-09-14 11:16:57 -   F1 Score: 0.500
2025-09-14 11:16:57 -   AUC: 0.543
2025-09-14 11:16:57 -   Correct/Total: 11/17
2025-09-14 11:16:57 -   Confusion Matrix Stats:
2025-09-14 11:16:57 -     TP: 3, TN: 8
2025-09-14 11:16:57 -     FP: 2, FN: 4
2025-09-14 11:16:57 - Subject: sub-032
2025-09-14 11:16:57 -   Accuracy: 70.588%
2025-09-14 11:16:57 -   Precision: 0.875
2025-09-14 11:16:57 -   Recall: 0.636
2025-09-14 11:16:57 -   F1 Score: 0.737
2025-09-14 11:16:57 -   AUC: 0.788
2025-09-14 11:16:57 -   Correct/Total: 12/17
2025-09-14 11:16:57 -   Confusion Matrix Stats:
2025-09-14 11:16:57 -     TP: 7, TN: 5
2025-09-14 11:16:57 -     FP: 1, FN: 4
2025-09-14 11:16:57 - Subject: sub-033
2025-09-14 11:16:57 -   Accuracy: 58.333%
2025-09-14 11:16:57 -   Precision: 0.600
2025-09-14 11:16:57 -   Recall: 0.500
2025-09-14 11:16:57 -   F1 Score: 0.545
2025-09-14 11:16:57 -   AUC: 0.667
2025-09-14 11:16:57 -   Correct/Total: 7/12
2025-09-14 11:16:57 -   Confusion Matrix Stats:
2025-09-14 11:16:57 -     TP: 3, TN: 4
2025-09-14 11:16:57 -     FP: 2, FN: 3
2025-09-14 11:16:57 - Subject: sub-034
2025-09-14 11:16:57 -   Accuracy: 64.706%
2025-09-14 11:16:57 -   Precision: 0.625
2025-09-14 11:16:57 -   Recall: 0.625
2025-09-14 11:16:57 -   F1 Score: 0.625
2025-09-14 11:16:57 -   AUC: 0.778
2025-09-14 11:16:57 -   Correct/Total: 11/17
2025-09-14 11:16:57 -   Confusion Matrix Stats:
2025-09-14 11:16:57 -     TP: 5, TN: 6
2025-09-14 11:16:57 -     FP: 3, FN: 3
2025-09-14 11:16:57 - Subject: sub-035
2025-09-14 11:16:57 -   Accuracy: 62.500%
2025-09-14 11:16:57 -   Precision: 0.750
2025-09-14 11:16:57 -   Recall: 0.600
2025-09-14 11:16:57 -   F1 Score: 0.667
2025-09-14 11:16:57 -   AUC: 0.633
2025-09-14 11:16:57 -   Correct/Total: 10/16
2025-09-14 11:16:57 -   Confusion Matrix Stats:
2025-09-14 11:16:57 -     TP: 6, TN: 4
2025-09-14 11:16:57 -     FP: 2, FN: 4
2025-09-14 11:16:57 - Subject: sub-036
2025-09-14 11:16:57 -   Accuracy: 76.923%
2025-09-14 11:16:57 -   Precision: 1.000
2025-09-14 11:16:57 -   Recall: 0.500
2025-09-14 11:16:57 -   F1 Score: 0.667
2025-09-14 11:16:57 -   AUC: 1.000
2025-09-14 11:16:57 -   Correct/Total: 10/13
2025-09-14 11:16:57 -   Confusion Matrix Stats:
2025-09-14 11:16:57 -     TP: 3, TN: 7
2025-09-14 11:16:57 -     FP: 0, FN: 3
2025-09-14 11:16:57 - Subject: sub-037
2025-09-14 11:16:57 -   Accuracy: 65.000%
2025-09-14 11:16:57 -   Precision: 0.750
2025-09-14 11:16:57 -   Recall: 0.545
2025-09-14 11:16:57 -   F1 Score: 0.632
2025-09-14 11:16:57 -   AUC: 0.788
2025-09-14 11:16:57 -   Correct/Total: 13/20
2025-09-14 11:16:57 -   Confusion Matrix Stats:
2025-09-14 11:16:57 -     TP: 6, TN: 7
2025-09-14 11:16:57 -     FP: 2, FN: 5
2025-09-14 11:16:57 - Subject: sub-038
2025-09-14 11:16:57 -   Accuracy: 83.333%
2025-09-14 11:16:57 -   Precision: 0.714
2025-09-14 11:16:57 -   Recall: 0.833
2025-09-14 11:16:57 -   F1 Score: 0.769
2025-09-14 11:16:57 -   AUC: 0.944
2025-09-14 11:16:57 -   Correct/Total: 15/18
2025-09-14 11:16:57 -   Confusion Matrix Stats:
2025-09-14 11:16:57 -     TP: 5, TN: 10
2025-09-14 11:16:57 -     FP: 2, FN: 1
2025-09-14 11:16:57 - Subject: sub-039
2025-09-14 11:16:57 -   Accuracy: 75.000%
2025-09-14 11:16:57 -   Precision: 1.000
2025-09-14 11:16:57 -   Recall: 0.500
2025-09-14 11:16:57 -   F1 Score: 0.667
2025-09-14 11:16:57 -   AUC: 0.800
2025-09-14 11:16:57 -   Correct/Total: 15/20
2025-09-14 11:16:57 -   Confusion Matrix Stats:
2025-09-14 11:16:57 -     TP: 5, TN: 10
2025-09-14 11:16:57 -     FP: 0, FN: 5
2025-09-14 11:16:57 - Subject: sub-040
2025-09-14 11:16:57 -   Accuracy: 63.158%
2025-09-14 11:16:57 -   Precision: 0.778
2025-09-14 11:16:57 -   Recall: 0.583
2025-09-14 11:16:57 -   F1 Score: 0.667
2025-09-14 11:16:57 -   AUC: 0.690
2025-09-14 11:16:57 -   Correct/Total: 12/19
2025-09-14 11:16:57 -   Confusion Matrix Stats:
2025-09-14 11:16:57 -     TP: 7, TN: 5
2025-09-14 11:16:57 -     FP: 2, FN: 5
2025-09-14 11:16:57 - 
P3 Pooled Model Statistics:
2025-09-14 11:16:57 - Mean Accuracy: 0.689
2025-09-14 11:16:57 - 95% Confidence Interval: [0.652, 0.726]
2025-09-14 11:16:57 - Best Subject: sub-007 (0.909)
2025-09-14 11:16:57 - Worst Subject: sub-008 (0.381)
2025-09-14 11:16:57 - Mean Precision: 0.735
2025-09-14 11:16:57 - Mean Recall: 0.583
2025-09-14 11:16:57 - Mean F1-Score: 0.650
2025-09-14 11:16:57 - Mean AUC: 0.761
2025-09-14 11:16:57 - Mean Confusion Matrix:
2025-09-14 11:16:57 -   TP: 5, TN: 6
2025-09-14 11:16:57 -   FP: 2, FN: 3
