2025-09-14 11:17:59 - 
Experiment Configuration:
2025-09-14 11:17:59 - --------------------------------------------------
2025-09-14 11:17:59 - dataset: P3 Raw Data BIDS-Compatible
2025-09-14 11:17:59 - use_combined_datasets: False
2025-09-14 11:17:59 - electrode_list: all
2025-09-14 11:17:59 - classifier: EEGConformer
2025-09-14 11:17:59 - separate_subject_classification: False
2025-09-14 11:17:59 - use_subject_layer: False
2025-09-14 11:17:59 - seeds: [42, 123, 456, 789, 321]
2025-09-14 11:17:59 - --------------------------------------------------
2025-09-14 11:17:59 - 
==================================================
2025-09-14 11:17:59 - Processing P3 Dataset
2025-09-14 11:17:59 - ==================================================
2025-09-14 11:40:52 - 
==================================================
2025-09-14 11:40:52 - Individual Subject Results - P3
2025-09-14 11:40:52 - ==================================================
2025-09-14 11:40:52 - Subject: sub-001
2025-09-14 11:40:52 -   Accuracy: 68.889%
2025-09-14 11:40:52 -   Precision: 0.525
2025-09-14 11:40:52 -   Recall: 0.733
2025-09-14 11:40:52 -   F1 Score: 0.610
2025-09-14 11:40:52 -   AUC: 0.822
2025-09-14 11:40:52 -   Correct/Total: 12/18
2025-09-14 11:40:52 -   Confusion Matrix Stats:
2025-09-14 11:40:52 -     TP: 4, TN: 8
2025-09-14 11:40:52 -     FP: 4, FN: 2
2025-09-14 11:40:52 - Subject: sub-002
2025-09-14 11:40:52 -   Accuracy: 82.000%
2025-09-14 11:40:52 -   Precision: 0.738
2025-09-14 11:40:52 -   Recall: 1.000
2025-09-14 11:40:52 -   F1 Score: 0.848
2025-09-14 11:40:52 -   AUC: 0.992
2025-09-14 11:40:52 -   Correct/Total: 8/10
2025-09-14 11:40:52 -   Confusion Matrix Stats:
2025-09-14 11:40:52 -     TP: 5, TN: 3
2025-09-14 11:40:52 -     FP: 2, FN: 0
2025-09-14 11:40:52 - Subject: sub-003
2025-09-14 11:40:52 -   Accuracy: 74.118%
2025-09-14 11:40:52 -   Precision: 0.878
2025-09-14 11:40:52 -   Recall: 0.640
2025-09-14 11:40:52 -   F1 Score: 0.730
2025-09-14 11:40:52 -   AUC: 0.891
2025-09-14 11:40:52 -   Correct/Total: 13/17
2025-09-14 11:40:52 -   Confusion Matrix Stats:
2025-09-14 11:40:52 -     TP: 6, TN: 6
2025-09-14 11:40:52 -     FP: 1, FN: 4
2025-09-14 11:40:52 - Subject: sub-004
2025-09-14 11:40:52 -   Accuracy: 81.111%
2025-09-14 11:40:52 -   Precision: 0.821
2025-09-14 11:40:52 -   Recall: 0.800
2025-09-14 11:40:52 -   F1 Score: 0.809
2025-09-14 11:40:52 -   AUC: 0.869
2025-09-14 11:40:52 -   Correct/Total: 15/18
2025-09-14 11:40:52 -   Confusion Matrix Stats:
2025-09-14 11:40:52 -     TP: 7, TN: 7
2025-09-14 11:40:52 -     FP: 2, FN: 2
2025-09-14 11:40:52 - Subject: sub-005
2025-09-14 11:40:52 -   Accuracy: 67.692%
2025-09-14 11:40:52 -   Precision: 0.467
2025-09-14 11:40:52 -   Recall: 0.400
2025-09-14 11:40:52 -   F1 Score: 0.415
2025-09-14 11:40:52 -   AUC: 0.794
2025-09-14 11:40:52 -   Correct/Total: 9/13
2025-09-14 11:40:52 -   Confusion Matrix Stats:
2025-09-14 11:40:52 -     TP: 2, TN: 7
2025-09-14 11:40:52 -     FP: 2, FN: 2
2025-09-14 11:40:52 - Subject: sub-006
2025-09-14 11:40:52 -   Accuracy: 65.000%
2025-09-14 11:40:52 -   Precision: 0.520
2025-09-14 11:40:52 -   Recall: 0.867
2025-09-14 11:40:52 -   F1 Score: 0.645
2025-09-14 11:40:52 -   AUC: 0.693
2025-09-14 11:40:52 -   Correct/Total: 5/8
2025-09-14 11:40:52 -   Confusion Matrix Stats:
2025-09-14 11:40:52 -     TP: 3, TN: 3
2025-09-14 11:40:52 -     FP: 2, FN: 0
2025-09-14 11:40:52 - Subject: sub-007
2025-09-14 11:40:52 -   Accuracy: 69.091%
2025-09-14 11:40:52 -   Precision: 0.548
2025-09-14 11:40:52 -   Recall: 0.750
2025-09-14 11:40:52 -   F1 Score: 0.628
2025-09-14 11:40:52 -   AUC: 0.757
2025-09-14 11:40:52 -   Correct/Total: 8/11
2025-09-14 11:40:52 -   Confusion Matrix Stats:
2025-09-14 11:40:52 -     TP: 3, TN: 5
2025-09-14 11:40:52 -     FP: 2, FN: 1
2025-09-14 11:40:52 - Subject: sub-008
2025-09-14 11:40:52 -   Accuracy: 46.667%
2025-09-14 11:40:52 -   Precision: 1.000
2025-09-14 11:40:52 -   Recall: 0.378
2025-09-14 11:40:52 -   F1 Score: 0.545
2025-09-14 11:40:52 -   AUC: 0.711
2025-09-14 11:40:52 -   Correct/Total: 10/21
2025-09-14 11:40:52 -   Confusion Matrix Stats:
2025-09-14 11:40:52 -     TP: 7, TN: 3
2025-09-14 11:40:52 -     FP: 0, FN: 11
2025-09-14 11:40:52 - Subject: sub-009
2025-09-14 11:40:52 -   Accuracy: 51.429%
2025-09-14 11:40:52 -   Precision: 0.641
2025-09-14 11:40:52 -   Recall: 0.600
2025-09-14 11:40:52 -   F1 Score: 0.612
2025-09-14 11:40:52 -   AUC: 0.578
2025-09-14 11:40:52 -   Correct/Total: 7/14
2025-09-14 11:40:52 -   Confusion Matrix Stats:
2025-09-14 11:40:52 -     TP: 5, TN: 2
2025-09-14 11:40:52 -     FP: 3, FN: 4
2025-09-14 11:40:52 - Subject: sub-010
2025-09-14 11:40:52 -   Accuracy: 52.000%
2025-09-14 11:40:52 -   Precision: 0.533
2025-09-14 11:40:52 -   Recall: 0.400
2025-09-14 11:40:52 -   F1 Score: 0.446
2025-09-14 11:40:52 -   AUC: 0.640
2025-09-14 11:40:52 -   Correct/Total: 5/10
2025-09-14 11:40:52 -   Confusion Matrix Stats:
2025-09-14 11:40:52 -     TP: 2, TN: 3
2025-09-14 11:40:52 -     FP: 2, FN: 3
2025-09-14 11:40:52 - Subject: sub-011
2025-09-14 11:40:52 -   Accuracy: 80.000%
2025-09-14 11:40:52 -   Precision: 0.893
2025-09-14 11:40:52 -   Recall: 0.767
2025-09-14 11:40:52 -   F1 Score: 0.821
2025-09-14 11:40:52 -   AUC: 0.825
2025-09-14 11:40:52 -   Correct/Total: 8/10
2025-09-14 11:40:52 -   Confusion Matrix Stats:
2025-09-14 11:40:52 -     TP: 5, TN: 3
2025-09-14 11:40:52 -     FP: 1, FN: 1
2025-09-14 11:40:52 - Subject: sub-012
2025-09-14 11:40:52 -   Accuracy: 79.000%
2025-09-14 11:40:52 -   Precision: 0.843
2025-09-14 11:40:52 -   Recall: 0.764
2025-09-14 11:40:52 -   F1 Score: 0.798
2025-09-14 11:40:52 -   AUC: 0.875
2025-09-14 11:40:52 -   Correct/Total: 16/20
2025-09-14 11:40:52 -   Confusion Matrix Stats:
2025-09-14 11:40:52 -     TP: 8, TN: 7
2025-09-14 11:40:52 -     FP: 2, FN: 3
2025-09-14 11:40:52 - Subject: sub-013
2025-09-14 11:40:52 -   Accuracy: 60.000%
2025-09-14 11:40:52 -   Precision: 0.573
2025-09-14 11:40:52 -   Recall: 0.511
2025-09-14 11:40:52 -   F1 Score: 0.537
2025-09-14 11:40:52 -   AUC: 0.612
2025-09-14 11:40:52 -   Correct/Total: 12/20
2025-09-14 11:40:52 -   Confusion Matrix Stats:
2025-09-14 11:40:52 -     TP: 5, TN: 7
2025-09-14 11:40:52 -     FP: 4, FN: 4
2025-09-14 11:40:52 - Subject: sub-014
2025-09-14 11:40:52 -   Accuracy: 56.000%
2025-09-14 11:40:52 -   Precision: 0.793
2025-09-14 11:40:52 -   Recall: 0.514
2025-09-14 11:40:52 -   F1 Score: 0.620
2025-09-14 11:40:52 -   AUC: 0.590
2025-09-14 11:40:52 -   Correct/Total: 6/10
2025-09-14 11:40:52 -   Confusion Matrix Stats:
2025-09-14 11:40:52 -     TP: 4, TN: 2
2025-09-14 11:40:52 -     FP: 1, FN: 3
2025-09-14 11:40:52 - Subject: sub-015
2025-09-14 11:40:52 -   Accuracy: 80.000%
2025-09-14 11:40:52 -   Precision: 0.785
2025-09-14 11:40:52 -   Recall: 0.867
2025-09-14 11:40:52 -   F1 Score: 0.820
2025-09-14 11:40:52 -   AUC: 0.897
2025-09-14 11:40:52 -   Correct/Total: 14/17
2025-09-14 11:40:52 -   Confusion Matrix Stats:
2025-09-14 11:40:52 -     TP: 8, TN: 6
2025-09-14 11:40:52 -     FP: 2, FN: 1
2025-09-14 11:40:52 - Subject: sub-016
2025-09-14 11:40:52 -   Accuracy: 80.000%
2025-09-14 11:40:52 -   Precision: 0.852
2025-09-14 11:40:52 -   Recall: 0.771
2025-09-14 11:40:52 -   F1 Score: 0.806
2025-09-14 11:40:52 -   AUC: 0.876
2025-09-14 11:40:52 -   Correct/Total: 10/13
2025-09-14 11:40:52 -   Confusion Matrix Stats:
2025-09-14 11:40:52 -     TP: 5, TN: 5
2025-09-14 11:40:52 -     FP: 1, FN: 2
2025-09-14 11:40:52 - Subject: sub-017
2025-09-14 11:40:52 -   Accuracy: 63.529%
2025-09-14 11:40:52 -   Precision: 0.577
2025-09-14 11:40:52 -   Recall: 0.850
2025-09-14 11:40:52 -   F1 Score: 0.687
2025-09-14 11:40:52 -   AUC: 0.761
2025-09-14 11:40:52 -   Correct/Total: 11/17
2025-09-14 11:40:52 -   Confusion Matrix Stats:
2025-09-14 11:40:52 -     TP: 7, TN: 4
2025-09-14 11:40:52 -     FP: 5, FN: 1
2025-09-14 11:40:52 - Subject: sub-018
2025-09-14 11:40:52 -   Accuracy: 76.667%
2025-09-14 11:40:52 -   Precision: 0.832
2025-09-14 11:40:52 -   Recall: 0.740
2025-09-14 11:40:52 -   F1 Score: 0.773
2025-09-14 11:40:52 -   AUC: 0.840
2025-09-14 11:40:52 -   Correct/Total: 14/18
2025-09-14 11:40:52 -   Confusion Matrix Stats:
2025-09-14 11:40:52 -     TP: 7, TN: 6
2025-09-14 11:40:52 -     FP: 2, FN: 3
2025-09-14 11:40:52 - Subject: sub-019
2025-09-14 11:40:52 -   Accuracy: 71.111%
2025-09-14 11:40:52 -   Precision: 0.779
2025-09-14 11:40:52 -   Recall: 0.680
2025-09-14 11:40:52 -   F1 Score: 0.725
2025-09-14 11:40:52 -   AUC: 0.775
2025-09-14 11:40:52 -   Correct/Total: 13/18
2025-09-14 11:40:52 -   Confusion Matrix Stats:
2025-09-14 11:40:52 -     TP: 7, TN: 6
2025-09-14 11:40:52 -     FP: 2, FN: 3
2025-09-14 11:40:52 - Subject: sub-020
2025-09-14 11:40:52 -   Accuracy: 82.857%
2025-09-14 11:40:52 -   Precision: 0.743
2025-09-14 11:40:52 -   Recall: 0.800
2025-09-14 11:40:52 -   F1 Score: 0.766
2025-09-14 11:40:52 -   AUC: 0.920
2025-09-14 11:40:52 -   Correct/Total: 12/14
2025-09-14 11:40:52 -   Confusion Matrix Stats:
2025-09-14 11:40:52 -     TP: 4, TN: 8
2025-09-14 11:40:52 -     FP: 1, FN: 1
2025-09-14 11:40:52 - Subject: sub-021
2025-09-14 11:40:52 -   Accuracy: 52.222%
2025-09-14 11:40:52 -   Precision: 0.439
2025-09-14 11:40:52 -   Recall: 0.714
2025-09-14 11:40:52 -   F1 Score: 0.540
2025-09-14 11:40:52 -   AUC: 0.587
2025-09-14 11:40:52 -   Correct/Total: 9/18
2025-09-14 11:40:52 -   Confusion Matrix Stats:
2025-09-14 11:40:52 -     TP: 5, TN: 4
2025-09-14 11:40:52 -     FP: 7, FN: 2
2025-09-14 11:40:52 - Subject: sub-022
2025-09-14 11:40:52 -   Accuracy: 73.333%
2025-09-14 11:40:52 -   Precision: 0.744
2025-09-14 11:40:52 -   Recall: 0.775
2025-09-14 11:40:52 -   F1 Score: 0.757
2025-09-14 11:40:52 -   AUC: 0.807
2025-09-14 11:40:52 -   Correct/Total: 11/15
2025-09-14 11:40:52 -   Confusion Matrix Stats:
2025-09-14 11:40:52 -     TP: 6, TN: 5
2025-09-14 11:40:52 -     FP: 2, FN: 2
2025-09-14 11:40:52 - Subject: sub-023
2025-09-14 11:40:52 -   Accuracy: 71.765%
2025-09-14 11:40:52 -   Precision: 0.633
2025-09-14 11:40:52 -   Recall: 0.743
2025-09-14 11:40:52 -   F1 Score: 0.681
2025-09-14 11:40:52 -   AUC: 0.860
2025-09-14 11:40:52 -   Correct/Total: 12/17
2025-09-14 11:40:52 -   Confusion Matrix Stats:
2025-09-14 11:40:52 -     TP: 5, TN: 7
2025-09-14 11:40:52 -     FP: 3, FN: 2
2025-09-14 11:40:52 - Subject: sub-024
2025-09-14 11:40:52 -   Accuracy: 84.615%
2025-09-14 11:40:52 -   Precision: 0.720
2025-09-14 11:40:52 -   Recall: 1.000
2025-09-14 11:40:52 -   F1 Score: 0.836
2025-09-14 11:40:52 -   AUC: 0.990
2025-09-14 11:40:52 -   Correct/Total: 11/13
2025-09-14 11:40:52 -   Confusion Matrix Stats:
2025-09-14 11:40:52 -     TP: 5, TN: 6
2025-09-14 11:40:52 -     FP: 2, FN: 0
2025-09-14 11:40:52 - Subject: sub-025
2025-09-14 11:40:52 -   Accuracy: 76.364%
2025-09-14 11:40:52 -   Precision: 0.886
2025-09-14 11:40:52 -   Recall: 0.667
2025-09-14 11:40:52 -   F1 Score: 0.750
2025-09-14 11:40:52 -   AUC: 0.837
2025-09-14 11:40:52 -   Correct/Total: 17/22
2025-09-14 11:40:52 -   Confusion Matrix Stats:
2025-09-14 11:40:52 -     TP: 8, TN: 9
2025-09-14 11:40:52 -     FP: 1, FN: 4
2025-09-14 11:40:52 - Subject: sub-026
2025-09-14 11:40:52 -   Accuracy: 76.842%
2025-09-14 11:40:52 -   Precision: 0.696
2025-09-14 11:40:52 -   Recall: 0.911
2025-09-14 11:40:52 -   F1 Score: 0.788
2025-09-14 11:40:52 -   AUC: 0.871
2025-09-14 11:40:52 -   Correct/Total: 15/19
2025-09-14 11:40:52 -   Confusion Matrix Stats:
2025-09-14 11:40:52 -     TP: 8, TN: 6
2025-09-14 11:40:52 -     FP: 4, FN: 1
2025-09-14 11:40:52 - Subject: sub-027
2025-09-14 11:40:52 -   Accuracy: 60.000%
2025-09-14 11:40:52 -   Precision: 0.250
2025-09-14 11:40:52 -   Recall: 0.267
2025-09-14 11:40:52 -   F1 Score: 0.257
2025-09-14 11:40:52 -   AUC: 0.500
2025-09-14 11:40:52 -   Correct/Total: 7/11
2025-09-14 11:40:52 -   Confusion Matrix Stats:
2025-09-14 11:40:52 -     TP: 1, TN: 6
2025-09-14 11:40:52 -     FP: 2, FN: 2
2025-09-14 11:40:52 - Subject: sub-028
2025-09-14 11:40:52 -   Accuracy: 70.000%
2025-09-14 11:40:52 -   Precision: 0.655
2025-09-14 11:40:52 -   Recall: 0.686
2025-09-14 11:40:52 -   F1 Score: 0.667
2025-09-14 11:40:52 -   AUC: 0.702
2025-09-14 11:40:52 -   Correct/Total: 11/16
2025-09-14 11:40:52 -   Confusion Matrix Stats:
2025-09-14 11:40:52 -     TP: 5, TN: 6
2025-09-14 11:40:52 -     FP: 3, FN: 2
2025-09-14 11:40:52 - Subject: sub-029
2025-09-14 11:40:52 -   Accuracy: 71.667%
2025-09-14 11:40:52 -   Precision: 0.652
2025-09-14 11:40:52 -   Recall: 0.700
2025-09-14 11:40:52 -   F1 Score: 0.673
2025-09-14 11:40:52 -   AUC: 0.760
2025-09-14 11:40:52 -   Correct/Total: 17/24
2025-09-14 11:40:52 -   Confusion Matrix Stats:
2025-09-14 11:40:52 -     TP: 7, TN: 10
2025-09-14 11:40:52 -     FP: 4, FN: 3
2025-09-14 11:40:52 - Subject: sub-030
2025-09-14 11:40:52 -   Accuracy: 71.765%
2025-09-14 11:40:52 -   Precision: 0.762
2025-09-14 11:40:52 -   Recall: 0.711
2025-09-14 11:40:52 -   F1 Score: 0.730
2025-09-14 11:40:52 -   AUC: 0.767
2025-09-14 11:40:52 -   Correct/Total: 12/17
2025-09-14 11:40:52 -   Confusion Matrix Stats:
2025-09-14 11:40:52 -     TP: 6, TN: 6
2025-09-14 11:40:52 -     FP: 2, FN: 3
2025-09-14 11:40:52 - Subject: sub-031
2025-09-14 11:40:52 -   Accuracy: 47.059%
2025-09-14 11:40:52 -   Precision: 0.354
2025-09-14 11:40:52 -   Recall: 0.343
2025-09-14 11:40:52 -   F1 Score: 0.342
2025-09-14 11:40:52 -   AUC: 0.460
2025-09-14 11:40:52 -   Correct/Total: 8/17
2025-09-14 11:40:52 -   Confusion Matrix Stats:
2025-09-14 11:40:52 -     TP: 2, TN: 6
2025-09-14 11:40:52 -     FP: 4, FN: 5
2025-09-14 11:40:52 - Subject: sub-032
2025-09-14 11:40:52 -   Accuracy: 67.059%
2025-09-14 11:40:52 -   Precision: 0.825
2025-09-14 11:40:52 -   Recall: 0.618
2025-09-14 11:40:52 -   F1 Score: 0.699
2025-09-14 11:40:52 -   AUC: 0.761
2025-09-14 11:40:52 -   Correct/Total: 11/17
2025-09-14 11:40:52 -   Confusion Matrix Stats:
2025-09-14 11:40:52 -     TP: 7, TN: 5
2025-09-14 11:40:52 -     FP: 1, FN: 4
2025-09-14 11:40:52 - Subject: sub-033
2025-09-14 11:40:52 -   Accuracy: 65.000%
2025-09-14 11:40:52 -   Precision: 0.652
2025-09-14 11:40:52 -   Recall: 0.667
2025-09-14 11:40:52 -   F1 Score: 0.655
2025-09-14 11:40:52 -   AUC: 0.711
2025-09-14 11:40:52 -   Correct/Total: 8/12
2025-09-14 11:40:52 -   Confusion Matrix Stats:
2025-09-14 11:40:52 -     TP: 4, TN: 4
2025-09-14 11:40:52 -     FP: 2, FN: 2
2025-09-14 11:40:52 - Subject: sub-034
2025-09-14 11:40:52 -   Accuracy: 62.353%
2025-09-14 11:40:52 -   Precision: 0.581
2025-09-14 11:40:52 -   Recall: 0.800
2025-09-14 11:40:52 -   F1 Score: 0.669
2025-09-14 11:40:52 -   AUC: 0.825
2025-09-14 11:40:52 -   Correct/Total: 11/17
2025-09-14 11:40:52 -   Confusion Matrix Stats:
2025-09-14 11:40:52 -     TP: 6, TN: 4
2025-09-14 11:40:52 -     FP: 5, FN: 2
2025-09-14 11:40:52 - Subject: sub-035
2025-09-14 11:40:52 -   Accuracy: 56.250%
2025-09-14 11:40:52 -   Precision: 0.634
2025-09-14 11:40:52 -   Recall: 0.720
2025-09-14 11:40:52 -   F1 Score: 0.672
2025-09-14 11:40:52 -   AUC: 0.673
2025-09-14 11:40:52 -   Correct/Total: 9/16
2025-09-14 11:40:52 -   Confusion Matrix Stats:
2025-09-14 11:40:52 -     TP: 7, TN: 2
2025-09-14 11:40:52 -     FP: 4, FN: 3
2025-09-14 11:40:52 - Subject: sub-036
2025-09-14 11:40:52 -   Accuracy: 73.846%
2025-09-14 11:40:52 -   Precision: 0.850
2025-09-14 11:40:52 -   Recall: 0.533
2025-09-14 11:40:52 -   F1 Score: 0.633
2025-09-14 11:40:52 -   AUC: 0.910
2025-09-14 11:40:52 -   Correct/Total: 10/13
2025-09-14 11:40:52 -   Confusion Matrix Stats:
2025-09-14 11:40:52 -     TP: 3, TN: 6
2025-09-14 11:40:52 -     FP: 1, FN: 3
2025-09-14 11:40:52 - Subject: sub-037
2025-09-14 11:40:52 -   Accuracy: 75.000%
2025-09-14 11:40:52 -   Precision: 0.812
2025-09-14 11:40:52 -   Recall: 0.709
2025-09-14 11:40:52 -   F1 Score: 0.752
2025-09-14 11:40:52 -   AUC: 0.832
2025-09-14 11:40:52 -   Correct/Total: 15/20
2025-09-14 11:40:52 -   Confusion Matrix Stats:
2025-09-14 11:40:52 -     TP: 8, TN: 7
2025-09-14 11:40:52 -     FP: 2, FN: 3
2025-09-14 11:40:52 - Subject: sub-038
2025-09-14 11:40:52 -   Accuracy: 67.778%
2025-09-14 11:40:52 -   Precision: 0.517
2025-09-14 11:40:52 -   Recall: 0.900
2025-09-14 11:40:52 -   F1 Score: 0.653
2025-09-14 11:40:52 -   AUC: 0.900
2025-09-14 11:40:52 -   Correct/Total: 12/18
2025-09-14 11:40:52 -   Confusion Matrix Stats:
2025-09-14 11:40:52 -     TP: 5, TN: 7
2025-09-14 11:40:52 -     FP: 5, FN: 1
2025-09-14 11:40:52 - Subject: sub-039
2025-09-14 11:40:52 -   Accuracy: 63.000%
2025-09-14 11:40:52 -   Precision: 0.660
2025-09-14 11:40:52 -   Recall: 0.580
2025-09-14 11:40:52 -   F1 Score: 0.613
2025-09-14 11:40:52 -   AUC: 0.696
2025-09-14 11:40:52 -   Correct/Total: 13/20
2025-09-14 11:40:52 -   Confusion Matrix Stats:
2025-09-14 11:40:52 -     TP: 6, TN: 7
2025-09-14 11:40:52 -     FP: 3, FN: 4
2025-09-14 11:40:52 - Subject: sub-040
2025-09-14 11:40:52 -   Accuracy: 71.579%
2025-09-14 11:40:52 -   Precision: 0.813
2025-09-14 11:40:52 -   Recall: 0.717
2025-09-14 11:40:52 -   F1 Score: 0.761
2025-09-14 11:40:52 -   AUC: 0.771
2025-09-14 11:40:52 -   Correct/Total: 14/19
2025-09-14 11:40:52 -   Confusion Matrix Stats:
2025-09-14 11:40:52 -     TP: 9, TN: 5
2025-09-14 11:40:52 -     FP: 2, FN: 3
2025-09-14 11:40:52 - 
P3 Pooled Model Statistics:
2025-09-14 11:40:52 - Mean Accuracy: 0.686
2025-09-14 11:40:52 - 95% Confidence Interval: [0.654, 0.719]
2025-09-14 11:40:52 - Best Subject: sub-024 (0.846)
2025-09-14 11:40:52 - Worst Subject: sub-008 (0.467)
2025-09-14 11:40:52 - Mean Precision: 0.685
2025-09-14 11:40:52 - Mean Recall: 0.680
2025-09-14 11:40:52 - Mean F1-Score: 0.682
2025-09-14 11:40:52 - Mean AUC: 0.773
2025-09-14 11:40:52 - Mean Confusion Matrix:
2025-09-14 11:40:52 -   TP: 5, TN: 5
2025-09-14 11:40:52 -   FP: 2, FN: 3
