2025-09-21 12:07:44 - 
Experiment Configuration:
2025-09-21 12:07:44 - --------------------------------------------------
2025-09-21 12:07:44 - dataset: P3 Raw Data BIDS-Compatible
2025-09-21 12:07:44 - use_combined_datasets: False
2025-09-21 12:07:44 - electrode_list: all
2025-09-21 12:07:44 - classifier: SepConv1D
2025-09-21 12:07:44 - separate_subject_classification: False
2025-09-21 12:07:44 - use_subject_layer: False
2025-09-21 12:07:44 - seeds: [42]
2025-09-21 12:07:44 - use_nested_cv: False
2025-09-21 12:07:44 - electrode_fusion_method: none
2025-09-21 12:07:44 - domain_adaptation_method: none
2025-09-21 12:07:44 - enable_comprehensive_evaluation: True
2025-09-21 12:07:44 - enable_domain_analysis: True
2025-09-21 12:07:44 - enable_small_sample_analysis: False
2025-09-21 12:07:44 - small_sample_sizes: [5, 10, 15, 20]
2025-09-21 12:07:44 - small_sample_subjects: [5, 10, 15]
2025-09-21 12:07:44 - --------------------------------------------------
2025-09-21 12:07:44 - 
==================================================
2025-09-21 12:07:44 - Processing P3 Dataset
2025-09-21 12:07:44 - ==================================================
2025-09-21 12:07:44 - Using traditional train/validation/test split
2025-09-21 12:09:06 - 
==================================================
2025-09-21 12:09:06 - Individual Subject Results - P3
2025-09-21 12:09:06 - ==================================================
2025-09-21 12:09:06 - Subject: sub-001
2025-09-21 12:09:06 -   Accuracy: 28.571%
2025-09-21 12:09:06 -   Precision: 0.000
2025-09-21 12:09:06 -   Recall: 0.000
2025-09-21 12:09:06 -   F1 Score: 0.000
2025-09-21 12:09:06 -   AUC: 0.500
2025-09-21 12:09:06 -   Correct/Total: 2/7
2025-09-21 12:09:06 -   Confusion Matrix Stats:
2025-09-21 12:09:06 -     TP: 0, TN: 2
2025-09-21 12:09:06 -     FP: 1, FN: 4
2025-09-21 12:09:06 - Subject: sub-002
2025-09-21 12:09:06 -   Accuracy: 68.750%
2025-09-21 12:09:06 -   Precision: 0.636
2025-09-21 12:09:06 -   Recall: 0.875
2025-09-21 12:09:06 -   F1 Score: 0.737
2025-09-21 12:09:06 -   AUC: 0.781
2025-09-21 12:09:06 -   Correct/Total: 11/16
2025-09-21 12:09:06 -   Confusion Matrix Stats:
2025-09-21 12:09:06 -     TP: 7, TN: 4
2025-09-21 12:09:06 -     FP: 4, FN: 1
2025-09-21 12:09:06 - Subject: sub-003
2025-09-21 12:09:06 -   Accuracy: 66.667%
2025-09-21 12:09:06 -   Precision: 0.500
2025-09-21 12:09:06 -   Recall: 0.333
2025-09-21 12:09:06 -   F1 Score: 0.400
2025-09-21 12:09:06 -   AUC: 0.722
2025-09-21 12:09:06 -   Correct/Total: 6/9
2025-09-21 12:09:06 -   Confusion Matrix Stats:
2025-09-21 12:09:06 -     TP: 1, TN: 5
2025-09-21 12:09:06 -     FP: 1, FN: 2
2025-09-21 12:09:06 - Subject: sub-004
2025-09-21 12:09:06 -   Accuracy: 33.333%
2025-09-21 12:09:06 -   Precision: 0.250
2025-09-21 12:09:06 -   Recall: 0.750
2025-09-21 12:09:06 -   F1 Score: 0.375
2025-09-21 12:09:06 -   AUC: 0.705
2025-09-21 12:09:06 -   Correct/Total: 5/15
2025-09-21 12:09:06 -   Confusion Matrix Stats:
2025-09-21 12:09:06 -     TP: 3, TN: 2
2025-09-21 12:09:06 -     FP: 9, FN: 1
2025-09-21 12:09:06 - Subject: sub-005
2025-09-21 12:09:06 -   Accuracy: 88.889%
2025-09-21 12:09:06 -   Precision: 0.500
2025-09-21 12:09:06 -   Recall: 1.000
2025-09-21 12:09:06 -   F1 Score: 0.667
2025-09-21 12:09:06 -   AUC: 1.000
2025-09-21 12:09:06 -   Correct/Total: 8/9
2025-09-21 12:09:06 -   Confusion Matrix Stats:
2025-09-21 12:09:06 -     TP: 1, TN: 7
2025-09-21 12:09:06 -     FP: 1, FN: 0
2025-09-21 12:09:06 - Subject: sub-006
2025-09-21 12:09:06 -   Accuracy: 14.286%
2025-09-21 12:09:06 -   Precision: 0.000
2025-09-21 12:09:06 -   Recall: 0.000
2025-09-21 12:09:06 -   F1 Score: 0.000
2025-09-21 12:09:06 -   AUC: 0.083
2025-09-21 12:09:06 -   Correct/Total: 1/7
2025-09-21 12:09:06 -   Confusion Matrix Stats:
2025-09-21 12:09:06 -     TP: 0, TN: 1
2025-09-21 12:09:06 -     FP: 2, FN: 4
2025-09-21 12:09:06 - Subject: sub-007
2025-09-21 12:09:06 -   Accuracy: 66.667%
2025-09-21 12:09:06 -   Precision: 0.667
2025-09-21 12:09:06 -   Recall: 0.857
2025-09-21 12:09:06 -   F1 Score: 0.750
2025-09-21 12:09:06 -   AUC: 0.571
2025-09-21 12:09:06 -   Correct/Total: 8/12
2025-09-21 12:09:06 -   Confusion Matrix Stats:
2025-09-21 12:09:06 -     TP: 6, TN: 2
2025-09-21 12:09:06 -     FP: 3, FN: 1
2025-09-21 12:09:06 - Subject: sub-008
2025-09-21 12:09:06 -   Accuracy: 77.778%
2025-09-21 12:09:06 -   Precision: 1.000
2025-09-21 12:09:06 -   Recall: 0.667
2025-09-21 12:09:06 -   F1 Score: 0.800
2025-09-21 12:09:06 -   AUC: 1.000
2025-09-21 12:09:06 -   Correct/Total: 7/9
2025-09-21 12:09:06 -   Confusion Matrix Stats:
2025-09-21 12:09:06 -     TP: 4, TN: 3
2025-09-21 12:09:06 -     FP: 0, FN: 2
2025-09-21 12:09:06 - Subject: sub-009
2025-09-21 12:09:06 -   Accuracy: 42.857%
2025-09-21 12:09:06 -   Precision: 0.333
2025-09-21 12:09:06 -   Recall: 0.333
2025-09-21 12:09:06 -   F1 Score: 0.333
2025-09-21 12:09:06 -   AUC: 0.667
2025-09-21 12:09:06 -   Correct/Total: 3/7
2025-09-21 12:09:06 -   Confusion Matrix Stats:
2025-09-21 12:09:06 -     TP: 1, TN: 2
2025-09-21 12:09:06 -     FP: 2, FN: 2
2025-09-21 12:09:06 - Subject: sub-010
2025-09-21 12:09:06 -   Accuracy: 28.571%
2025-09-21 12:09:06 -   Precision: 0.500
2025-09-21 12:09:06 -   Recall: 0.200
2025-09-21 12:09:06 -   F1 Score: 0.286
2025-09-21 12:09:06 -   AUC: 0.600
2025-09-21 12:09:06 -   Correct/Total: 2/7
2025-09-21 12:09:06 -   Confusion Matrix Stats:
2025-09-21 12:09:06 -     TP: 1, TN: 1
2025-09-21 12:09:06 -     FP: 1, FN: 4
2025-09-21 12:09:06 - Subject: sub-011
2025-09-21 12:09:06 -   Accuracy: 50.000%
2025-09-21 12:09:06 -   Precision: 0.333
2025-09-21 12:09:06 -   Recall: 0.333
2025-09-21 12:09:06 -   F1 Score: 0.333
2025-09-21 12:09:06 -   AUC: 0.600
2025-09-21 12:09:06 -   Correct/Total: 4/8
2025-09-21 12:09:06 -   Confusion Matrix Stats:
2025-09-21 12:09:06 -     TP: 1, TN: 3
2025-09-21 12:09:06 -     FP: 2, FN: 2
2025-09-21 12:09:06 - Subject: sub-012
2025-09-21 12:09:06 -   Accuracy: 47.059%
2025-09-21 12:09:06 -   Precision: 1.000
2025-09-21 12:09:06 -   Recall: 0.250
2025-09-21 12:09:06 -   F1 Score: 0.400
2025-09-21 12:09:06 -   AUC: 0.867
2025-09-21 12:09:06 -   Correct/Total: 8/17
2025-09-21 12:09:06 -   Confusion Matrix Stats:
2025-09-21 12:09:06 -     TP: 3, TN: 5
2025-09-21 12:09:06 -     FP: 0, FN: 9
2025-09-21 12:09:06 - Subject: sub-013
2025-09-21 12:09:06 -   Accuracy: 58.333%
2025-09-21 12:09:06 -   Precision: 0.571
2025-09-21 12:09:06 -   Recall: 0.667
2025-09-21 12:09:06 -   F1 Score: 0.615
2025-09-21 12:09:06 -   AUC: 0.556
2025-09-21 12:09:06 -   Correct/Total: 7/12
2025-09-21 12:09:06 -   Confusion Matrix Stats:
2025-09-21 12:09:06 -     TP: 4, TN: 3
2025-09-21 12:09:06 -     FP: 3, FN: 2
2025-09-21 12:09:06 - Subject: sub-014
2025-09-21 12:09:06 -   Accuracy: 71.429%
2025-09-21 12:09:06 -   Precision: 0.667
2025-09-21 12:09:06 -   Recall: 0.667
2025-09-21 12:09:06 -   F1 Score: 0.667
2025-09-21 12:09:06 -   AUC: 0.750
2025-09-21 12:09:06 -   Correct/Total: 5/7
2025-09-21 12:09:06 -   Confusion Matrix Stats:
2025-09-21 12:09:06 -     TP: 2, TN: 3
2025-09-21 12:09:06 -     FP: 1, FN: 1
2025-09-21 12:09:06 - Subject: sub-015
2025-09-21 12:09:06 -   Accuracy: 75.000%
2025-09-21 12:09:06 -   Precision: 0.500
2025-09-21 12:09:06 -   Recall: 1.000
2025-09-21 12:09:06 -   F1 Score: 0.667
2025-09-21 12:09:06 -   AUC: 1.000
2025-09-21 12:09:06 -   Correct/Total: 3/4
2025-09-21 12:09:06 -   Confusion Matrix Stats:
2025-09-21 12:09:06 -     TP: 1, TN: 2
2025-09-21 12:09:06 -     FP: 1, FN: 0
2025-09-21 12:09:06 - Subject: sub-016
2025-09-21 12:09:06 -   Accuracy: 80.000%
2025-09-21 12:09:06 -   Precision: 1.000
2025-09-21 12:09:06 -   Recall: 0.571
2025-09-21 12:09:06 -   F1 Score: 0.727
2025-09-21 12:09:06 -   AUC: 0.964
2025-09-21 12:09:06 -   Correct/Total: 12/15
2025-09-21 12:09:06 -   Confusion Matrix Stats:
2025-09-21 12:09:06 -     TP: 4, TN: 8
2025-09-21 12:09:06 -     FP: 0, FN: 3
2025-09-21 12:09:06 - Subject: sub-017
2025-09-21 12:09:06 -   Accuracy: 71.429%
2025-09-21 12:09:06 -   Precision: 0.667
2025-09-21 12:09:06 -   Recall: 0.667
2025-09-21 12:09:06 -   F1 Score: 0.667
2025-09-21 12:09:06 -   AUC: 0.750
2025-09-21 12:09:06 -   Correct/Total: 5/7
2025-09-21 12:09:06 -   Confusion Matrix Stats:
2025-09-21 12:09:06 -     TP: 2, TN: 3
2025-09-21 12:09:06 -     FP: 1, FN: 1
2025-09-21 12:09:06 - Subject: sub-018
2025-09-21 12:09:06 -   Accuracy: 75.000%
2025-09-21 12:09:06 -   Precision: 0.500
2025-09-21 12:09:06 -   Recall: 0.333
2025-09-21 12:09:06 -   F1 Score: 0.400
2025-09-21 12:09:06 -   AUC: 0.815
2025-09-21 12:09:06 -   Correct/Total: 9/12
2025-09-21 12:09:06 -   Confusion Matrix Stats:
2025-09-21 12:09:06 -     TP: 1, TN: 8
2025-09-21 12:09:06 -     FP: 1, FN: 2
2025-09-21 12:09:06 - Subject: sub-019
2025-09-21 12:09:06 -   Accuracy: 33.333%
2025-09-21 12:09:06 -   Precision: 0.000
2025-09-21 12:09:06 -   Recall: 0.000
2025-09-21 12:09:06 -   F1 Score: 0.000
2025-09-21 12:09:06 -   AUC: 0.429
2025-09-21 12:09:06 -   Correct/Total: 3/9
2025-09-21 12:09:06 -   Confusion Matrix Stats:
2025-09-21 12:09:06 -     TP: 0, TN: 3
2025-09-21 12:09:06 -     FP: 4, FN: 2
2025-09-21 12:09:06 - Subject: sub-020
2025-09-21 12:09:06 -   Accuracy: 85.714%
2025-09-21 12:09:06 -   Precision: 0.667
2025-09-21 12:09:06 -   Recall: 1.000
2025-09-21 12:09:06 -   F1 Score: 0.800
2025-09-21 12:09:06 -   AUC: 0.800
2025-09-21 12:09:06 -   Correct/Total: 6/7
2025-09-21 12:09:06 -   Confusion Matrix Stats:
2025-09-21 12:09:06 -     TP: 2, TN: 4
2025-09-21 12:09:06 -     FP: 1, FN: 0
2025-09-21 12:09:06 - Subject: sub-021
2025-09-21 12:09:06 -   Accuracy: 60.000%
2025-09-21 12:09:06 -   Precision: 0.625
2025-09-21 12:09:06 -   Recall: 0.833
2025-09-21 12:09:06 -   F1 Score: 0.714
2025-09-21 12:09:06 -   AUC: 0.625
2025-09-21 12:09:06 -   Correct/Total: 6/10
2025-09-21 12:09:06 -   Confusion Matrix Stats:
2025-09-21 12:09:06 -     TP: 5, TN: 1
2025-09-21 12:09:06 -     FP: 3, FN: 1
2025-09-21 12:09:06 - Subject: sub-022
2025-09-21 12:09:06 -   Accuracy: 76.923%
2025-09-21 12:09:06 -   Precision: 0.600
2025-09-21 12:09:06 -   Recall: 0.750
2025-09-21 12:09:06 -   F1 Score: 0.667
2025-09-21 12:09:06 -   AUC: 0.750
2025-09-21 12:09:06 -   Correct/Total: 10/13
2025-09-21 12:09:06 -   Confusion Matrix Stats:
2025-09-21 12:09:06 -     TP: 3, TN: 7
2025-09-21 12:09:06 -     FP: 2, FN: 1
2025-09-21 12:09:06 - Subject: sub-023
2025-09-21 12:09:06 -   Accuracy: 88.889%
2025-09-21 12:09:06 -   Precision: 1.000
2025-09-21 12:09:06 -   Recall: 0.750
2025-09-21 12:09:06 -   F1 Score: 0.857
2025-09-21 12:09:06 -   AUC: 0.850
2025-09-21 12:09:06 -   Correct/Total: 8/9
2025-09-21 12:09:06 -   Confusion Matrix Stats:
2025-09-21 12:09:06 -     TP: 3, TN: 5
2025-09-21 12:09:06 -     FP: 0, FN: 1
2025-09-21 12:09:06 - Subject: sub-024
2025-09-21 12:09:06 -   Accuracy: 100.000%
2025-09-21 12:09:06 -   Precision: 1.000
2025-09-21 12:09:06 -   Recall: 1.000
2025-09-21 12:09:06 -   F1 Score: 1.000
2025-09-21 12:09:06 -   AUC: 1.000
2025-09-21 12:09:06 -   Correct/Total: 8/8
2025-09-21 12:09:06 -   Confusion Matrix Stats:
2025-09-21 12:09:06 -     TP: 5, TN: 3
2025-09-21 12:09:06 -     FP: 0, FN: 0
2025-09-21 12:09:06 - Subject: sub-025
2025-09-21 12:09:06 -   Accuracy: 88.889%
2025-09-21 12:09:06 -   Precision: 0.800
2025-09-21 12:09:06 -   Recall: 1.000
2025-09-21 12:09:06 -   F1 Score: 0.889
2025-09-21 12:09:06 -   AUC: 0.950
2025-09-21 12:09:06 -   Correct/Total: 8/9
2025-09-21 12:09:06 -   Confusion Matrix Stats:
2025-09-21 12:09:06 -     TP: 4, TN: 4
2025-09-21 12:09:06 -     FP: 1, FN: 0
2025-09-21 12:09:06 - Subject: sub-026
2025-09-21 12:09:06 -   Accuracy: 58.333%
2025-09-21 12:09:06 -   Precision: 0.625
2025-09-21 12:09:06 -   Recall: 0.714
2025-09-21 12:09:06 -   F1 Score: 0.667
2025-09-21 12:09:06 -   AUC: 0.714
2025-09-21 12:09:06 -   Correct/Total: 7/12
2025-09-21 12:09:06 -   Confusion Matrix Stats:
2025-09-21 12:09:06 -     TP: 5, TN: 2
2025-09-21 12:09:06 -     FP: 3, FN: 2
2025-09-21 12:09:06 - Subject: sub-027
2025-09-21 12:09:06 -   Accuracy: 44.444%
2025-09-21 12:09:06 -   Precision: 0.000
2025-09-21 12:09:06 -   Recall: 0.000
2025-09-21 12:09:06 -   F1 Score: 0.000
2025-09-21 12:09:06 -   AUC: 0.450
2025-09-21 12:09:06 -   Correct/Total: 4/9
2025-09-21 12:09:06 -   Confusion Matrix Stats:
2025-09-21 12:09:06 -     TP: 0, TN: 4
2025-09-21 12:09:06 -     FP: 0, FN: 5
2025-09-21 12:09:06 - Subject: sub-028
2025-09-21 12:09:06 -   Accuracy: 27.273%
2025-09-21 12:09:06 -   Precision: 0.000
2025-09-21 12:09:06 -   Recall: 0.000
2025-09-21 12:09:06 -   F1 Score: 0.000
2025-09-21 12:09:06 -   AUC: 0.679
2025-09-21 12:09:06 -   Correct/Total: 3/11
2025-09-21 12:09:06 -   Confusion Matrix Stats:
2025-09-21 12:09:06 -     TP: 0, TN: 3
2025-09-21 12:09:06 -     FP: 1, FN: 7
2025-09-21 12:09:06 - Subject: sub-029
2025-09-21 12:09:06 -   Accuracy: 33.333%
2025-09-21 12:09:06 -   Precision: 0.400
2025-09-21 12:09:06 -   Recall: 0.667
2025-09-21 12:09:06 -   F1 Score: 0.500
2025-09-21 12:09:06 -   AUC: 0.333
2025-09-21 12:09:06 -   Correct/Total: 2/6
2025-09-21 12:09:06 -   Confusion Matrix Stats:
2025-09-21 12:09:06 -     TP: 2, TN: 0
2025-09-21 12:09:06 -     FP: 3, FN: 1
2025-09-21 12:09:06 - Subject: sub-030
2025-09-21 12:09:06 -   Accuracy: 69.231%
2025-09-21 12:09:06 -   Precision: 0.500
2025-09-21 12:09:06 -   Recall: 0.500
2025-09-21 12:09:06 -   F1 Score: 0.500
2025-09-21 12:09:06 -   AUC: 0.833
2025-09-21 12:09:06 -   Correct/Total: 9/13
2025-09-21 12:09:06 -   Confusion Matrix Stats:
2025-09-21 12:09:06 -     TP: 2, TN: 7
2025-09-21 12:09:06 -     FP: 2, FN: 2
2025-09-21 12:09:06 - Subject: sub-031
2025-09-21 12:09:06 -   Accuracy: 77.778%
2025-09-21 12:09:06 -   Precision: 1.000
2025-09-21 12:09:06 -   Recall: 0.714
2025-09-21 12:09:06 -   F1 Score: 0.833
2025-09-21 12:09:06 -   AUC: 0.857
2025-09-21 12:09:06 -   Correct/Total: 7/9
2025-09-21 12:09:06 -   Confusion Matrix Stats:
2025-09-21 12:09:06 -     TP: 5, TN: 2
2025-09-21 12:09:06 -     FP: 0, FN: 2
2025-09-21 12:09:06 - Subject: sub-032
2025-09-21 12:09:06 -   Accuracy: 80.000%
2025-09-21 12:09:06 -   Precision: 0.600
2025-09-21 12:09:06 -   Recall: 1.000
2025-09-21 12:09:06 -   F1 Score: 0.750
2025-09-21 12:09:06 -   AUC: 0.952
2025-09-21 12:09:06 -   Correct/Total: 8/10
2025-09-21 12:09:06 -   Confusion Matrix Stats:
2025-09-21 12:09:06 -     TP: 3, TN: 5
2025-09-21 12:09:06 -     FP: 2, FN: 0
2025-09-21 12:09:06 - Subject: sub-033
2025-09-21 12:09:06 -   Accuracy: 37.500%
2025-09-21 12:09:06 -   Precision: 0.400
2025-09-21 12:09:06 -   Recall: 0.500
2025-09-21 12:09:06 -   F1 Score: 0.444
2025-09-21 12:09:06 -   AUC: 0.562
2025-09-21 12:09:06 -   Correct/Total: 3/8
2025-09-21 12:09:06 -   Confusion Matrix Stats:
2025-09-21 12:09:06 -     TP: 2, TN: 1
2025-09-21 12:09:06 -     FP: 3, FN: 2
2025-09-21 12:09:06 - Subject: sub-034
2025-09-21 12:09:06 -   Accuracy: 85.714%
2025-09-21 12:09:06 -   Precision: 0.889
2025-09-21 12:09:06 -   Recall: 0.889
2025-09-21 12:09:06 -   F1 Score: 0.889
2025-09-21 12:09:06 -   AUC: 0.933
2025-09-21 12:09:06 -   Correct/Total: 12/14
2025-09-21 12:09:06 -   Confusion Matrix Stats:
2025-09-21 12:09:06 -     TP: 8, TN: 4
2025-09-21 12:09:06 -     FP: 1, FN: 1
2025-09-21 12:09:06 - Subject: sub-035
2025-09-21 12:09:06 -   Accuracy: 45.455%
2025-09-21 12:09:06 -   Precision: 0.500
2025-09-21 12:09:06 -   Recall: 0.667
2025-09-21 12:09:06 -   F1 Score: 0.571
2025-09-21 12:09:06 -   AUC: 0.267
2025-09-21 12:09:06 -   Correct/Total: 5/11
2025-09-21 12:09:06 -   Confusion Matrix Stats:
2025-09-21 12:09:06 -     TP: 4, TN: 1
2025-09-21 12:09:06 -     FP: 4, FN: 2
2025-09-21 12:09:06 - Subject: sub-036
2025-09-21 12:09:06 -   Accuracy: 81.818%
2025-09-21 12:09:06 -   Precision: 0.800
2025-09-21 12:09:06 -   Recall: 0.800
2025-09-21 12:09:06 -   F1 Score: 0.800
2025-09-21 12:09:06 -   AUC: 0.767
2025-09-21 12:09:06 -   Correct/Total: 9/11
2025-09-21 12:09:06 -   Confusion Matrix Stats:
2025-09-21 12:09:06 -     TP: 4, TN: 5
2025-09-21 12:09:06 -     FP: 1, FN: 1
2025-09-21 12:09:06 - Subject: sub-037
2025-09-21 12:09:06 -   Accuracy: 76.923%
2025-09-21 12:09:06 -   Precision: 1.000
2025-09-21 12:09:06 -   Recall: 0.400
2025-09-21 12:09:06 -   F1 Score: 0.571
2025-09-21 12:09:06 -   AUC: 0.825
2025-09-21 12:09:06 -   Correct/Total: 10/13
2025-09-21 12:09:06 -   Confusion Matrix Stats:
2025-09-21 12:09:06 -     TP: 2, TN: 8
2025-09-21 12:09:06 -     FP: 0, FN: 3
2025-09-21 12:09:06 - Subject: sub-038
2025-09-21 12:09:06 -   Accuracy: 50.000%
2025-09-21 12:09:06 -   Precision: 1.000
2025-09-21 12:09:06 -   Recall: 0.250
2025-09-21 12:09:06 -   F1 Score: 0.400
2025-09-21 12:09:06 -   AUC: 0.875
2025-09-21 12:09:06 -   Correct/Total: 3/6
2025-09-21 12:09:06 -   Confusion Matrix Stats:
2025-09-21 12:09:06 -     TP: 1, TN: 2
2025-09-21 12:09:06 -     FP: 0, FN: 3
2025-09-21 12:09:06 - Subject: sub-039
2025-09-21 12:09:06 -   Accuracy: 33.333%
2025-09-21 12:09:06 -   Precision: 0.000
2025-09-21 12:09:06 -   Recall: 0.000
2025-09-21 12:09:06 -   F1 Score: 0.000
2025-09-21 12:09:06 -   AUC: 0.250
2025-09-21 12:09:06 -   Correct/Total: 2/6
2025-09-21 12:09:06 -   Confusion Matrix Stats:
2025-09-21 12:09:06 -     TP: 0, TN: 2
2025-09-21 12:09:06 -     FP: 2, FN: 2
2025-09-21 12:09:06 - Subject: sub-040
2025-09-21 12:09:06 -   Accuracy: 56.250%
2025-09-21 12:09:06 -   Precision: 0.556
2025-09-21 12:09:06 -   Recall: 0.625
2025-09-21 12:09:06 -   F1 Score: 0.588
2025-09-21 12:09:06 -   AUC: 0.641
2025-09-21 12:09:06 -   Correct/Total: 9/16
2025-09-21 12:09:06 -   Confusion Matrix Stats:
2025-09-21 12:09:06 -     TP: 5, TN: 4
2025-09-21 12:09:06 -     FP: 4, FN: 3
2025-09-21 12:09:06 - 
P3 Pooled Model Statistics:
2025-09-21 12:09:06 - 95% Confidence Interval: [0.539, 0.679]
2025-09-21 12:09:06 - Best Subject: sub-024 (1.000)
2025-09-21 12:09:06 - Worst Subject: sub-006 (0.143)
2025-09-21 12:09:06 - Mean Accuracy: 0.620
2025-09-21 12:09:06 - Mean Precision: 0.605
2025-09-21 12:09:06 - Mean Recall: 0.566
2025-09-21 12:09:06 - Mean F1-Score: 0.585
2025-09-21 12:09:06 - Mean AUC: 0.707
2025-09-21 12:09:06 - Mean Confusion Matrix:
2025-09-21 12:09:06 -   TP: 3, TN: 4
2025-09-21 12:09:06 -   FP: 2, FN: 2
