2025-09-14 10:56:21 - 
Experiment Configuration:
2025-09-14 10:56:21 - --------------------------------------------------
2025-09-14 10:56:21 - dataset: P3 Raw Data BIDS-Compatible
2025-09-14 10:56:21 - use_combined_datasets: False
2025-09-14 10:56:21 - electrode_list: common
2025-09-14 10:56:21 - classifier: EEGChannelNet
2025-09-14 10:56:21 - separate_subject_classification: False
2025-09-14 10:56:21 - use_subject_layer: False
2025-09-14 10:56:21 - seeds: [42]
2025-09-14 10:56:21 - --------------------------------------------------
2025-09-14 10:56:21 - 
==================================================
2025-09-14 10:56:21 - Processing P3 Dataset
2025-09-14 10:56:21 - ==================================================
2025-09-14 10:57:16 - 
==================================================
2025-09-14 10:57:16 - Individual Subject Results - P3
2025-09-14 10:57:16 - ==================================================
2025-09-14 10:57:16 - Subject: sub-001
2025-09-14 10:57:16 -   Accuracy: 50.000%
2025-09-14 10:57:16 -   Precision: 0.333
2025-09-14 10:57:16 -   Recall: 0.500
2025-09-14 10:57:16 -   F1 Score: 0.400
2025-09-14 10:57:16 -   AUC: 0.500
2025-09-14 10:57:16 -   Correct/Total: 9/18
2025-09-14 10:57:16 -   Confusion Matrix Stats:
2025-09-14 10:57:16 -     TP: 3, TN: 6
2025-09-14 10:57:16 -     FP: 6, FN: 3
2025-09-14 10:57:16 - Subject: sub-002
2025-09-14 10:57:16 -   Accuracy: 70.000%
2025-09-14 10:57:16 -   Precision: 0.667
2025-09-14 10:57:16 -   Recall: 0.800
2025-09-14 10:57:16 -   F1 Score: 0.727
2025-09-14 10:57:16 -   AUC: 0.920
2025-09-14 10:57:16 -   Correct/Total: 7/10
2025-09-14 10:57:16 -   Confusion Matrix Stats:
2025-09-14 10:57:16 -     TP: 4, TN: 3
2025-09-14 10:57:16 -     FP: 2, FN: 1
2025-09-14 10:57:16 - Subject: sub-003
2025-09-14 10:57:16 -   Accuracy: 76.471%
2025-09-14 10:57:16 -   Precision: 0.800
2025-09-14 10:57:16 -   Recall: 0.800
2025-09-14 10:57:16 -   F1 Score: 0.800
2025-09-14 10:57:16 -   AUC: 0.871
2025-09-14 10:57:16 -   Correct/Total: 13/17
2025-09-14 10:57:16 -   Confusion Matrix Stats:
2025-09-14 10:57:16 -     TP: 8, TN: 5
2025-09-14 10:57:16 -     FP: 2, FN: 2
2025-09-14 10:57:16 - Subject: sub-004
2025-09-14 10:57:16 -   Accuracy: 88.889%
2025-09-14 10:57:16 -   Precision: 0.818
2025-09-14 10:57:16 -   Recall: 1.000
2025-09-14 10:57:16 -   F1 Score: 0.900
2025-09-14 10:57:16 -   AUC: 0.963
2025-09-14 10:57:16 -   Correct/Total: 16/18
2025-09-14 10:57:16 -   Confusion Matrix Stats:
2025-09-14 10:57:16 -     TP: 9, TN: 7
2025-09-14 10:57:16 -     FP: 2, FN: 0
2025-09-14 10:57:16 - Subject: sub-005
2025-09-14 10:57:16 -   Accuracy: 76.923%
2025-09-14 10:57:16 -   Precision: 0.667
2025-09-14 10:57:16 -   Recall: 0.500
2025-09-14 10:57:16 -   F1 Score: 0.571
2025-09-14 10:57:16 -   AUC: 0.667
2025-09-14 10:57:16 -   Correct/Total: 10/13
2025-09-14 10:57:16 -   Confusion Matrix Stats:
2025-09-14 10:57:16 -     TP: 2, TN: 8
2025-09-14 10:57:16 -     FP: 1, FN: 2
2025-09-14 10:57:16 - Subject: sub-006
2025-09-14 10:57:16 -   Accuracy: 50.000%
2025-09-14 10:57:16 -   Precision: 0.000
2025-09-14 10:57:16 -   Recall: 0.000
2025-09-14 10:57:16 -   F1 Score: 0.000
2025-09-14 10:57:16 -   AUC: 0.533
2025-09-14 10:57:16 -   Correct/Total: 4/8
2025-09-14 10:57:16 -   Confusion Matrix Stats:
2025-09-14 10:57:16 -     TP: 0, TN: 4
2025-09-14 10:57:16 -     FP: 1, FN: 3
2025-09-14 10:57:16 - Subject: sub-007
2025-09-14 10:57:16 -   Accuracy: 63.636%
2025-09-14 10:57:16 -   Precision: 0.500
2025-09-14 10:57:16 -   Recall: 0.750
2025-09-14 10:57:16 -   F1 Score: 0.600
2025-09-14 10:57:16 -   AUC: 0.679
2025-09-14 10:57:16 -   Correct/Total: 7/11
2025-09-14 10:57:16 -   Confusion Matrix Stats:
2025-09-14 10:57:16 -     TP: 3, TN: 4
2025-09-14 10:57:16 -     FP: 3, FN: 1
2025-09-14 10:57:16 - Subject: sub-008
2025-09-14 10:57:16 -   Accuracy: 47.619%
2025-09-14 10:57:16 -   Precision: 0.889
2025-09-14 10:57:16 -   Recall: 0.444
2025-09-14 10:57:16 -   F1 Score: 0.593
2025-09-14 10:57:16 -   AUC: 0.611
2025-09-14 10:57:16 -   Correct/Total: 10/21
2025-09-14 10:57:16 -   Confusion Matrix Stats:
2025-09-14 10:57:16 -     TP: 8, TN: 2
2025-09-14 10:57:16 -     FP: 1, FN: 10
2025-09-14 10:57:16 - Subject: sub-009
2025-09-14 10:57:16 -   Accuracy: 35.714%
2025-09-14 10:57:16 -   Precision: 0.500
2025-09-14 10:57:16 -   Recall: 0.333
2025-09-14 10:57:16 -   F1 Score: 0.400
2025-09-14 10:57:16 -   AUC: 0.556
2025-09-14 10:57:16 -   Correct/Total: 5/14
2025-09-14 10:57:16 -   Confusion Matrix Stats:
2025-09-14 10:57:16 -     TP: 3, TN: 2
2025-09-14 10:57:16 -     FP: 3, FN: 6
2025-09-14 10:57:16 - Subject: sub-010
2025-09-14 10:57:16 -   Accuracy: 50.000%
2025-09-14 10:57:16 -   Precision: 0.500
2025-09-14 10:57:16 -   Recall: 0.400
2025-09-14 10:57:16 -   F1 Score: 0.444
2025-09-14 10:57:16 -   AUC: 0.520
2025-09-14 10:57:16 -   Correct/Total: 5/10
2025-09-14 10:57:16 -   Confusion Matrix Stats:
2025-09-14 10:57:16 -     TP: 2, TN: 3
2025-09-14 10:57:16 -     FP: 2, FN: 3
2025-09-14 10:57:16 - Subject: sub-011
2025-09-14 10:57:16 -   Accuracy: 60.000%
2025-09-14 10:57:16 -   Precision: 0.750
2025-09-14 10:57:16 -   Recall: 0.500
2025-09-14 10:57:16 -   F1 Score: 0.600
2025-09-14 10:57:16 -   AUC: 0.792
2025-09-14 10:57:16 -   Correct/Total: 6/10
2025-09-14 10:57:16 -   Confusion Matrix Stats:
2025-09-14 10:57:16 -     TP: 3, TN: 3
2025-09-14 10:57:16 -     FP: 1, FN: 3
2025-09-14 10:57:16 - Subject: sub-012
2025-09-14 10:57:16 -   Accuracy: 65.000%
2025-09-14 10:57:16 -   Precision: 0.750
2025-09-14 10:57:16 -   Recall: 0.545
2025-09-14 10:57:16 -   F1 Score: 0.632
2025-09-14 10:57:16 -   AUC: 0.788
2025-09-14 10:57:16 -   Correct/Total: 13/20
2025-09-14 10:57:16 -   Confusion Matrix Stats:
2025-09-14 10:57:16 -     TP: 6, TN: 7
2025-09-14 10:57:16 -     FP: 2, FN: 5
2025-09-14 10:57:16 - Subject: sub-013
2025-09-14 10:57:16 -   Accuracy: 60.000%
2025-09-14 10:57:16 -   Precision: 0.556
2025-09-14 10:57:16 -   Recall: 0.556
2025-09-14 10:57:16 -   F1 Score: 0.556
2025-09-14 10:57:16 -   AUC: 0.717
2025-09-14 10:57:16 -   Correct/Total: 12/20
2025-09-14 10:57:16 -   Confusion Matrix Stats:
2025-09-14 10:57:16 -     TP: 5, TN: 7
2025-09-14 10:57:16 -     FP: 4, FN: 4
2025-09-14 10:57:16 - Subject: sub-014
2025-09-14 10:57:16 -   Accuracy: 60.000%
2025-09-14 10:57:16 -   Precision: 0.800
2025-09-14 10:57:16 -   Recall: 0.571
2025-09-14 10:57:16 -   F1 Score: 0.667
2025-09-14 10:57:16 -   AUC: 0.571
2025-09-14 10:57:16 -   Correct/Total: 6/10
2025-09-14 10:57:16 -   Confusion Matrix Stats:
2025-09-14 10:57:16 -     TP: 4, TN: 2
2025-09-14 10:57:16 -     FP: 1, FN: 3
2025-09-14 10:57:16 - Subject: sub-015
2025-09-14 10:57:16 -   Accuracy: 64.706%
2025-09-14 10:57:16 -   Precision: 0.667
2025-09-14 10:57:16 -   Recall: 0.667
2025-09-14 10:57:16 -   F1 Score: 0.667
2025-09-14 10:57:16 -   AUC: 0.694
2025-09-14 10:57:16 -   Correct/Total: 11/17
2025-09-14 10:57:16 -   Confusion Matrix Stats:
2025-09-14 10:57:16 -     TP: 6, TN: 5
2025-09-14 10:57:16 -     FP: 3, FN: 3
2025-09-14 10:57:16 - Subject: sub-016
2025-09-14 10:57:16 -   Accuracy: 53.846%
2025-09-14 10:57:16 -   Precision: 0.600
2025-09-14 10:57:16 -   Recall: 0.429
2025-09-14 10:57:16 -   F1 Score: 0.500
2025-09-14 10:57:16 -   AUC: 0.690
2025-09-14 10:57:16 -   Correct/Total: 7/13
2025-09-14 10:57:16 -   Confusion Matrix Stats:
2025-09-14 10:57:16 -     TP: 3, TN: 4
2025-09-14 10:57:16 -     FP: 2, FN: 4
2025-09-14 10:57:16 - Subject: sub-017
2025-09-14 10:57:16 -   Accuracy: 41.176%
2025-09-14 10:57:16 -   Precision: 0.400
2025-09-14 10:57:16 -   Recall: 0.500
2025-09-14 10:57:16 -   F1 Score: 0.444
2025-09-14 10:57:16 -   AUC: 0.486
2025-09-14 10:57:16 -   Correct/Total: 7/17
2025-09-14 10:57:16 -   Confusion Matrix Stats:
2025-09-14 10:57:16 -     TP: 4, TN: 3
2025-09-14 10:57:16 -     FP: 6, FN: 4
2025-09-14 10:57:16 - Subject: sub-018
2025-09-14 10:57:16 -   Accuracy: 83.333%
2025-09-14 10:57:16 -   Precision: 0.889
2025-09-14 10:57:16 -   Recall: 0.800
2025-09-14 10:57:16 -   F1 Score: 0.842
2025-09-14 10:57:16 -   AUC: 0.788
2025-09-14 10:57:16 -   Correct/Total: 15/18
2025-09-14 10:57:16 -   Confusion Matrix Stats:
2025-09-14 10:57:16 -     TP: 8, TN: 7
2025-09-14 10:57:16 -     FP: 1, FN: 2
2025-09-14 10:57:16 - Subject: sub-019
2025-09-14 10:57:16 -   Accuracy: 66.667%
2025-09-14 10:57:16 -   Precision: 0.667
2025-09-14 10:57:16 -   Recall: 0.800
2025-09-14 10:57:16 -   F1 Score: 0.727
2025-09-14 10:57:16 -   AUC: 0.863
2025-09-14 10:57:16 -   Correct/Total: 12/18
2025-09-14 10:57:16 -   Confusion Matrix Stats:
2025-09-14 10:57:16 -     TP: 8, TN: 4
2025-09-14 10:57:16 -     FP: 4, FN: 2
2025-09-14 10:57:16 - Subject: sub-020
2025-09-14 10:57:16 -   Accuracy: 64.286%
2025-09-14 10:57:16 -   Precision: 0.500
2025-09-14 10:57:16 -   Recall: 0.600
2025-09-14 10:57:16 -   F1 Score: 0.545
2025-09-14 10:57:16 -   AUC: 0.800
2025-09-14 10:57:16 -   Correct/Total: 9/14
2025-09-14 10:57:16 -   Confusion Matrix Stats:
2025-09-14 10:57:16 -     TP: 3, TN: 6
2025-09-14 10:57:16 -     FP: 3, FN: 2
2025-09-14 10:57:16 - Subject: sub-021
2025-09-14 10:57:16 -   Accuracy: 72.222%
2025-09-14 10:57:16 -   Precision: 0.600
2025-09-14 10:57:16 -   Recall: 0.857
2025-09-14 10:57:16 -   F1 Score: 0.706
2025-09-14 10:57:16 -   AUC: 0.753
2025-09-14 10:57:16 -   Correct/Total: 13/18
2025-09-14 10:57:16 -   Confusion Matrix Stats:
2025-09-14 10:57:16 -     TP: 6, TN: 7
2025-09-14 10:57:16 -     FP: 4, FN: 1
2025-09-14 10:57:16 - Subject: sub-022
2025-09-14 10:57:16 -   Accuracy: 73.333%
2025-09-14 10:57:16 -   Precision: 0.750
2025-09-14 10:57:16 -   Recall: 0.750
2025-09-14 10:57:16 -   F1 Score: 0.750
2025-09-14 10:57:16 -   AUC: 0.696
2025-09-14 10:57:16 -   Correct/Total: 11/15
2025-09-14 10:57:16 -   Confusion Matrix Stats:
2025-09-14 10:57:16 -     TP: 6, TN: 5
2025-09-14 10:57:16 -     FP: 2, FN: 2
2025-09-14 10:57:16 - Subject: sub-023
2025-09-14 10:57:16 -   Accuracy: 76.471%
2025-09-14 10:57:16 -   Precision: 0.667
2025-09-14 10:57:16 -   Recall: 0.857
2025-09-14 10:57:16 -   F1 Score: 0.750
2025-09-14 10:57:16 -   AUC: 0.857
2025-09-14 10:57:16 -   Correct/Total: 13/17
2025-09-14 10:57:16 -   Confusion Matrix Stats:
2025-09-14 10:57:16 -     TP: 6, TN: 7
2025-09-14 10:57:16 -     FP: 3, FN: 1
2025-09-14 10:57:16 - Subject: sub-024
2025-09-14 10:57:16 -   Accuracy: 69.231%
2025-09-14 10:57:16 -   Precision: 0.556
2025-09-14 10:57:16 -   Recall: 1.000
2025-09-14 10:57:16 -   F1 Score: 0.714
2025-09-14 10:57:16 -   AUC: 0.725
2025-09-14 10:57:16 -   Correct/Total: 9/13
2025-09-14 10:57:16 -   Confusion Matrix Stats:
2025-09-14 10:57:16 -     TP: 5, TN: 4
2025-09-14 10:57:16 -     FP: 4, FN: 0
2025-09-14 10:57:16 - Subject: sub-025
2025-09-14 10:57:16 -   Accuracy: 72.727%
2025-09-14 10:57:16 -   Precision: 0.750
2025-09-14 10:57:16 -   Recall: 0.750
2025-09-14 10:57:16 -   F1 Score: 0.750
2025-09-14 10:57:16 -   AUC: 0.792
2025-09-14 10:57:16 -   Correct/Total: 16/22
2025-09-14 10:57:16 -   Confusion Matrix Stats:
2025-09-14 10:57:16 -     TP: 9, TN: 7
2025-09-14 10:57:16 -     FP: 3, FN: 3
2025-09-14 10:57:16 - Subject: sub-026
2025-09-14 10:57:16 -   Accuracy: 63.158%
2025-09-14 10:57:16 -   Precision: 0.600
2025-09-14 10:57:16 -   Recall: 0.667
2025-09-14 10:57:16 -   F1 Score: 0.632
2025-09-14 10:57:16 -   AUC: 0.811
2025-09-14 10:57:16 -   Correct/Total: 12/19
2025-09-14 10:57:16 -   Confusion Matrix Stats:
2025-09-14 10:57:16 -     TP: 6, TN: 6
2025-09-14 10:57:16 -     FP: 4, FN: 3
2025-09-14 10:57:16 - Subject: sub-027
2025-09-14 10:57:16 -   Accuracy: 72.727%
2025-09-14 10:57:16 -   Precision: 0.500
2025-09-14 10:57:16 -   Recall: 0.667
2025-09-14 10:57:16 -   F1 Score: 0.571
2025-09-14 10:57:16 -   AUC: 0.792
2025-09-14 10:57:16 -   Correct/Total: 8/11
2025-09-14 10:57:16 -   Confusion Matrix Stats:
2025-09-14 10:57:16 -     TP: 2, TN: 6
2025-09-14 10:57:16 -     FP: 2, FN: 1
2025-09-14 10:57:16 - Subject: sub-028
2025-09-14 10:57:16 -   Accuracy: 75.000%
2025-09-14 10:57:16 -   Precision: 0.800
2025-09-14 10:57:16 -   Recall: 0.571
2025-09-14 10:57:16 -   F1 Score: 0.667
2025-09-14 10:57:16 -   AUC: 0.794
2025-09-14 10:57:16 -   Correct/Total: 12/16
2025-09-14 10:57:16 -   Confusion Matrix Stats:
2025-09-14 10:57:16 -     TP: 4, TN: 8
2025-09-14 10:57:16 -     FP: 1, FN: 3
2025-09-14 10:57:16 - Subject: sub-029
2025-09-14 10:57:16 -   Accuracy: 45.833%
2025-09-14 10:57:16 -   Precision: 0.400
2025-09-14 10:57:16 -   Recall: 0.600
2025-09-14 10:57:16 -   F1 Score: 0.480
2025-09-14 10:57:16 -   AUC: 0.521
2025-09-14 10:57:16 -   Correct/Total: 11/24
2025-09-14 10:57:16 -   Confusion Matrix Stats:
2025-09-14 10:57:16 -     TP: 6, TN: 5
2025-09-14 10:57:16 -     FP: 9, FN: 4
2025-09-14 10:57:16 - Subject: sub-030
2025-09-14 10:57:16 -   Accuracy: 64.706%
2025-09-14 10:57:16 -   Precision: 0.714
2025-09-14 10:57:16 -   Recall: 0.556
2025-09-14 10:57:16 -   F1 Score: 0.625
2025-09-14 10:57:16 -   AUC: 0.611
2025-09-14 10:57:16 -   Correct/Total: 11/17
2025-09-14 10:57:16 -   Confusion Matrix Stats:
2025-09-14 10:57:16 -     TP: 5, TN: 6
2025-09-14 10:57:16 -     FP: 2, FN: 4
2025-09-14 10:57:16 - Subject: sub-031
2025-09-14 10:57:16 -   Accuracy: 76.471%
2025-09-14 10:57:16 -   Precision: 0.714
2025-09-14 10:57:16 -   Recall: 0.714
2025-09-14 10:57:16 -   F1 Score: 0.714
2025-09-14 10:57:16 -   AUC: 0.800
2025-09-14 10:57:16 -   Correct/Total: 13/17
2025-09-14 10:57:16 -   Confusion Matrix Stats:
2025-09-14 10:57:16 -     TP: 5, TN: 8
2025-09-14 10:57:16 -     FP: 2, FN: 2
2025-09-14 10:57:16 - Subject: sub-032
2025-09-14 10:57:16 -   Accuracy: 52.941%
2025-09-14 10:57:16 -   Precision: 0.667
2025-09-14 10:57:16 -   Recall: 0.545
2025-09-14 10:57:16 -   F1 Score: 0.600
2025-09-14 10:57:16 -   AUC: 0.636
2025-09-14 10:57:16 -   Correct/Total: 9/17
2025-09-14 10:57:16 -   Confusion Matrix Stats:
2025-09-14 10:57:16 -     TP: 6, TN: 3
2025-09-14 10:57:16 -     FP: 3, FN: 5
2025-09-14 10:57:16 - Subject: sub-033
2025-09-14 10:57:16 -   Accuracy: 75.000%
2025-09-14 10:57:16 -   Precision: 0.714
2025-09-14 10:57:16 -   Recall: 0.833
2025-09-14 10:57:16 -   F1 Score: 0.769
2025-09-14 10:57:16 -   AUC: 0.833
2025-09-14 10:57:16 -   Correct/Total: 9/12
2025-09-14 10:57:16 -   Confusion Matrix Stats:
2025-09-14 10:57:16 -     TP: 5, TN: 4
2025-09-14 10:57:16 -     FP: 2, FN: 1
2025-09-14 10:57:16 - Subject: sub-034
2025-09-14 10:57:16 -   Accuracy: 64.706%
2025-09-14 10:57:16 -   Precision: 0.600
2025-09-14 10:57:16 -   Recall: 0.750
2025-09-14 10:57:16 -   F1 Score: 0.667
2025-09-14 10:57:16 -   AUC: 0.778
2025-09-14 10:57:16 -   Correct/Total: 11/17
2025-09-14 10:57:16 -   Confusion Matrix Stats:
2025-09-14 10:57:16 -     TP: 6, TN: 5
2025-09-14 10:57:16 -     FP: 4, FN: 2
2025-09-14 10:57:16 - Subject: sub-035
2025-09-14 10:57:16 -   Accuracy: 62.500%
2025-09-14 10:57:16 -   Precision: 0.667
2025-09-14 10:57:16 -   Recall: 0.800
2025-09-14 10:57:16 -   F1 Score: 0.727
2025-09-14 10:57:16 -   AUC: 0.633
2025-09-14 10:57:16 -   Correct/Total: 10/16
2025-09-14 10:57:16 -   Confusion Matrix Stats:
2025-09-14 10:57:16 -     TP: 8, TN: 2
2025-09-14 10:57:16 -     FP: 4, FN: 2
2025-09-14 10:57:16 - Subject: sub-036
2025-09-14 10:57:16 -   Accuracy: 61.538%
2025-09-14 10:57:16 -   Precision: 0.600
2025-09-14 10:57:16 -   Recall: 0.500
2025-09-14 10:57:16 -   F1 Score: 0.545
2025-09-14 10:57:16 -   AUC: 0.643
2025-09-14 10:57:16 -   Correct/Total: 8/13
2025-09-14 10:57:16 -   Confusion Matrix Stats:
2025-09-14 10:57:16 -     TP: 3, TN: 5
2025-09-14 10:57:16 -     FP: 2, FN: 3
2025-09-14 10:57:16 - Subject: sub-037
2025-09-14 10:57:16 -   Accuracy: 70.000%
2025-09-14 10:57:16 -   Precision: 0.778
2025-09-14 10:57:16 -   Recall: 0.636
2025-09-14 10:57:16 -   F1 Score: 0.700
2025-09-14 10:57:16 -   AUC: 0.768
2025-09-14 10:57:16 -   Correct/Total: 14/20
2025-09-14 10:57:16 -   Confusion Matrix Stats:
2025-09-14 10:57:16 -     TP: 7, TN: 7
2025-09-14 10:57:16 -     FP: 2, FN: 4
2025-09-14 10:57:16 - Subject: sub-038
2025-09-14 10:57:16 -   Accuracy: 83.333%
2025-09-14 10:57:16 -   Precision: 0.667
2025-09-14 10:57:16 -   Recall: 1.000
2025-09-14 10:57:16 -   F1 Score: 0.800
2025-09-14 10:57:16 -   AUC: 0.972
2025-09-14 10:57:16 -   Correct/Total: 15/18
2025-09-14 10:57:16 -   Confusion Matrix Stats:
2025-09-14 10:57:16 -     TP: 6, TN: 9
2025-09-14 10:57:16 -     FP: 3, FN: 0
2025-09-14 10:57:16 - Subject: sub-039
2025-09-14 10:57:16 -   Accuracy: 55.000%
2025-09-14 10:57:16 -   Precision: 0.556
2025-09-14 10:57:16 -   Recall: 0.500
2025-09-14 10:57:16 -   F1 Score: 0.526
2025-09-14 10:57:16 -   AUC: 0.600
2025-09-14 10:57:16 -   Correct/Total: 11/20
2025-09-14 10:57:16 -   Confusion Matrix Stats:
2025-09-14 10:57:16 -     TP: 5, TN: 6
2025-09-14 10:57:16 -     FP: 4, FN: 5
2025-09-14 10:57:16 - Subject: sub-040
2025-09-14 10:57:16 -   Accuracy: 78.947%
2025-09-14 10:57:16 -   Precision: 0.833
2025-09-14 10:57:16 -   Recall: 0.833
2025-09-14 10:57:16 -   F1 Score: 0.833
2025-09-14 10:57:16 -   AUC: 0.833
2025-09-14 10:57:16 -   Correct/Total: 15/19
2025-09-14 10:57:16 -   Confusion Matrix Stats:
2025-09-14 10:57:16 -     TP: 10, TN: 5
2025-09-14 10:57:16 -     FP: 2, FN: 2
2025-09-14 10:57:16 - 
P3 Pooled Model Statistics:
2025-09-14 10:57:16 - Mean Accuracy: 0.649
2025-09-14 10:57:16 - 95% Confidence Interval: [0.610, 0.687]
2025-09-14 10:57:16 - Best Subject: sub-004 (0.889)
2025-09-14 10:57:16 - Worst Subject: sub-009 (0.357)
2025-09-14 10:57:16 - Mean Precision: 0.650
2025-09-14 10:57:16 - Mean Recall: 0.652
2025-09-14 10:57:16 - Mean F1-Score: 0.651
2025-09-14 10:57:16 - Mean AUC: 0.721
2025-09-14 10:57:16 - Mean Confusion Matrix:
2025-09-14 10:57:16 -   TP: 5, TN: 5
2025-09-14 10:57:16 -   FP: 3, FN: 3
