2025-09-14 17:35:00 - 
Experiment Configuration:
2025-09-14 17:35:00 - --------------------------------------------------
2025-09-14 17:35:00 - dataset: P3 Raw Data BIDS-Compatible
2025-09-14 17:35:00 - use_combined_datasets: False
2025-09-14 17:35:00 - electrode_list: all
2025-09-14 17:35:00 - classifier: EEGConformer
2025-09-14 17:35:00 - separate_subject_classification: False
2025-09-14 17:35:00 - use_subject_layer: False
2025-09-14 17:35:00 - seeds: [42]
2025-09-14 17:35:00 - --------------------------------------------------
2025-09-14 17:35:00 - 
==================================================
2025-09-14 17:35:00 - Processing P3 Dataset
2025-09-14 17:35:00 - ==================================================
2025-09-14 17:35:21 - 
==================================================
2025-09-14 17:35:21 - Individual Subject Results - P3
2025-09-14 17:35:21 - ==================================================
2025-09-14 17:35:21 - Subject: sub-001
2025-09-14 17:35:21 -   Accuracy: 40.000%
2025-09-14 17:35:21 -   Precision: 0.000
2025-09-14 17:35:21 -   Recall: 0.000
2025-09-14 17:35:21 -   F1 Score: 0.000
2025-09-14 17:35:21 -   AUC: 0.667
2025-09-14 17:35:21 -   Correct/Total: 2/5
2025-09-14 17:35:21 -   Confusion Matrix Stats:
2025-09-14 17:35:21 -     TP: 0, TN: 2
2025-09-14 17:35:21 -     FP: 1, FN: 2
2025-09-14 17:35:21 - Subject: sub-002
2025-09-14 17:35:21 -   Accuracy: 100.000%
2025-09-14 17:35:21 -   Precision: 1.000
2025-09-14 17:35:21 -   Recall: 1.000
2025-09-14 17:35:21 -   F1 Score: 1.000
2025-09-14 17:35:21 -   AUC: 1.000
2025-09-14 17:35:21 -   Correct/Total: 6/6
2025-09-14 17:35:21 -   Confusion Matrix Stats:
2025-09-14 17:35:21 -     TP: 3, TN: 3
2025-09-14 17:35:21 -     FP: 0, FN: 0
2025-09-14 17:35:21 - Subject: sub-003
2025-09-14 17:35:21 -   Accuracy: 83.333%
2025-09-14 17:35:21 -   Precision: 0.750
2025-09-14 17:35:21 -   Recall: 1.000
2025-09-14 17:35:21 -   F1 Score: 0.857
2025-09-14 17:35:21 -   AUC: 1.000
2025-09-14 17:35:21 -   Correct/Total: 5/6
2025-09-14 17:35:21 -   Confusion Matrix Stats:
2025-09-14 17:35:21 -     TP: 3, TN: 2
2025-09-14 17:35:21 -     FP: 1, FN: 0
2025-09-14 17:35:21 - Subject: sub-004
2025-09-14 17:35:21 -   Accuracy: 72.727%
2025-09-14 17:35:21 -   Precision: 0.714
2025-09-14 17:35:21 -   Recall: 0.833
2025-09-14 17:35:21 -   F1 Score: 0.769
2025-09-14 17:35:21 -   AUC: 0.933
2025-09-14 17:35:21 -   Correct/Total: 8/11
2025-09-14 17:35:21 -   Confusion Matrix Stats:
2025-09-14 17:35:21 -     TP: 5, TN: 3
2025-09-14 17:35:21 -     FP: 2, FN: 1
2025-09-14 17:35:21 - Subject: sub-005
2025-09-14 17:35:21 -   Accuracy: 57.143%
2025-09-14 17:35:21 -   Precision: 1.000
2025-09-14 17:35:21 -   Recall: 0.400
2025-09-14 17:35:21 -   F1 Score: 0.571
2025-09-14 17:35:21 -   AUC: 0.700
2025-09-14 17:35:21 -   Correct/Total: 4/7
2025-09-14 17:35:21 -   Confusion Matrix Stats:
2025-09-14 17:35:21 -     TP: 2, TN: 2
2025-09-14 17:35:21 -     FP: 0, FN: 3
2025-09-14 17:35:21 - Subject: sub-006
2025-09-14 17:35:21 -   Accuracy: 66.667%
2025-09-14 17:35:21 -   Precision: 0.600
2025-09-14 17:35:21 -   Recall: 0.750
2025-09-14 17:35:21 -   F1 Score: 0.667
2025-09-14 17:35:21 -   AUC: 0.700
2025-09-14 17:35:21 -   Correct/Total: 6/9
2025-09-14 17:35:21 -   Confusion Matrix Stats:
2025-09-14 17:35:21 -     TP: 3, TN: 3
2025-09-14 17:35:21 -     FP: 2, FN: 1
2025-09-14 17:35:21 - Subject: sub-007
2025-09-14 17:35:21 -   Accuracy: 70.000%
2025-09-14 17:35:21 -   Precision: 0.667
2025-09-14 17:35:21 -   Recall: 0.800
2025-09-14 17:35:21 -   F1 Score: 0.727
2025-09-14 17:35:21 -   AUC: 0.880
2025-09-14 17:35:21 -   Correct/Total: 7/10
2025-09-14 17:35:21 -   Confusion Matrix Stats:
2025-09-14 17:35:21 -     TP: 4, TN: 3
2025-09-14 17:35:21 -     FP: 2, FN: 1
2025-09-14 17:35:21 - Subject: sub-008
2025-09-14 17:35:21 -   Accuracy: 66.667%
2025-09-14 17:35:21 -   Precision: 0.000
2025-09-14 17:35:21 -   Recall: 0.000
2025-09-14 17:35:21 -   F1 Score: 0.000
2025-09-14 17:35:21 -   AUC: 0.438
2025-09-14 17:35:21 -   Correct/Total: 8/12
2025-09-14 17:35:21 -   Confusion Matrix Stats:
2025-09-14 17:35:21 -     TP: 0, TN: 8
2025-09-14 17:35:21 -     FP: 0, FN: 4
2025-09-14 17:35:21 - Subject: sub-009
2025-09-14 17:35:21 -   Accuracy: 58.333%
2025-09-14 17:35:21 -   Precision: 1.000
2025-09-14 17:35:21 -   Recall: 0.500
2025-09-14 17:35:21 -   F1 Score: 0.667
2025-09-14 17:35:21 -   AUC: 0.900
2025-09-14 17:35:21 -   Correct/Total: 7/12
2025-09-14 17:35:21 -   Confusion Matrix Stats:
2025-09-14 17:35:21 -     TP: 5, TN: 2
2025-09-14 17:35:21 -     FP: 0, FN: 5
2025-09-14 17:35:21 - Subject: sub-010
2025-09-14 17:35:21 -   Accuracy: 63.636%
2025-09-14 17:35:21 -   Precision: 0.500
2025-09-14 17:35:21 -   Recall: 0.500
2025-09-14 17:35:21 -   F1 Score: 0.500
2025-09-14 17:35:21 -   AUC: 0.536
2025-09-14 17:35:21 -   Correct/Total: 7/11
2025-09-14 17:35:21 -   Confusion Matrix Stats:
2025-09-14 17:35:21 -     TP: 2, TN: 5
2025-09-14 17:35:21 -     FP: 2, FN: 2
2025-09-14 17:35:21 - Subject: sub-011
2025-09-14 17:35:21 -   Accuracy: 61.538%
2025-09-14 17:35:21 -   Precision: 0.500
2025-09-14 17:35:21 -   Recall: 0.400
2025-09-14 17:35:21 -   F1 Score: 0.444
2025-09-14 17:35:21 -   AUC: 0.575
2025-09-14 17:35:21 -   Correct/Total: 8/13
2025-09-14 17:35:21 -   Confusion Matrix Stats:
2025-09-14 17:35:21 -     TP: 2, TN: 6
2025-09-14 17:35:21 -     FP: 2, FN: 3
2025-09-14 17:35:21 - Subject: sub-012
2025-09-14 17:35:21 -   Accuracy: 40.000%
2025-09-14 17:35:21 -   Precision: 1.000
2025-09-14 17:35:21 -   Recall: 0.250
2025-09-14 17:35:21 -   F1 Score: 0.400
2025-09-14 17:35:21 -   AUC: 1.000
2025-09-14 17:35:21 -   Correct/Total: 2/5
2025-09-14 17:35:21 -   Confusion Matrix Stats:
2025-09-14 17:35:21 -     TP: 1, TN: 1
2025-09-14 17:35:21 -     FP: 0, FN: 3
2025-09-14 17:35:21 - Subject: sub-013
2025-09-14 17:35:21 -   Accuracy: 54.545%
2025-09-14 17:35:21 -   Precision: 0.500
2025-09-14 17:35:21 -   Recall: 0.200
2025-09-14 17:35:21 -   F1 Score: 0.286
2025-09-14 17:35:21 -   AUC: 0.700
2025-09-14 17:35:21 -   Correct/Total: 6/11
2025-09-14 17:35:21 -   Confusion Matrix Stats:
2025-09-14 17:35:21 -     TP: 1, TN: 5
2025-09-14 17:35:21 -     FP: 1, FN: 4
2025-09-14 17:35:21 - Subject: sub-014
2025-09-14 17:35:21 -   Accuracy: 38.462%
2025-09-14 17:35:21 -   Precision: 0.667
2025-09-14 17:35:21 -   Recall: 0.222
2025-09-14 17:35:21 -   F1 Score: 0.333
2025-09-14 17:35:21 -   AUC: 0.167
2025-09-14 17:35:21 -   Correct/Total: 5/13
2025-09-14 17:35:21 -   Confusion Matrix Stats:
2025-09-14 17:35:21 -     TP: 2, TN: 3
2025-09-14 17:35:21 -     FP: 1, FN: 7
2025-09-14 17:35:21 - Subject: sub-015
2025-09-14 17:35:21 -   Accuracy: 62.500%
2025-09-14 17:35:21 -   Precision: 0.625
2025-09-14 17:35:21 -   Recall: 1.000
2025-09-14 17:35:21 -   F1 Score: 0.769
2025-09-14 17:35:21 -   AUC: 0.400
2025-09-14 17:35:21 -   Correct/Total: 5/8
2025-09-14 17:35:21 -   Confusion Matrix Stats:
2025-09-14 17:35:21 -     TP: 5, TN: 0
2025-09-14 17:35:21 -     FP: 3, FN: 0
2025-09-14 17:35:21 - Subject: sub-016
2025-09-14 17:35:21 -   Accuracy: 100.000%
2025-09-14 17:35:21 -   Precision: 1.000
2025-09-14 17:35:21 -   Recall: 1.000
2025-09-14 17:35:21 -   F1 Score: 1.000
2025-09-14 17:35:21 -   AUC: 1.000
2025-09-14 17:35:21 -   Correct/Total: 7/7
2025-09-14 17:35:21 -   Confusion Matrix Stats:
2025-09-14 17:35:21 -     TP: 3, TN: 4
2025-09-14 17:35:21 -     FP: 0, FN: 0
2025-09-14 17:35:21 - Subject: sub-017
2025-09-14 17:35:21 -   Accuracy: 80.000%
2025-09-14 17:35:21 -   Precision: 0.800
2025-09-14 17:35:21 -   Recall: 0.800
2025-09-14 17:35:21 -   F1 Score: 0.800
2025-09-14 17:35:21 -   AUC: 0.800
2025-09-14 17:35:21 -   Correct/Total: 8/10
2025-09-14 17:35:21 -   Confusion Matrix Stats:
2025-09-14 17:35:21 -     TP: 4, TN: 4
2025-09-14 17:35:21 -     FP: 1, FN: 1
2025-09-14 17:35:21 - Subject: sub-018
2025-09-14 17:35:21 -   Accuracy: 66.667%
2025-09-14 17:35:21 -   Precision: 1.000
2025-09-14 17:35:21 -   Recall: 0.444
2025-09-14 17:35:21 -   F1 Score: 0.615
2025-09-14 17:35:21 -   AUC: 0.889
2025-09-14 17:35:21 -   Correct/Total: 10/15
2025-09-14 17:35:21 -   Confusion Matrix Stats:
2025-09-14 17:35:21 -     TP: 4, TN: 6
2025-09-14 17:35:21 -     FP: 0, FN: 5
2025-09-14 17:35:21 - Subject: sub-019
2025-09-14 17:35:21 -   Accuracy: 56.250%
2025-09-14 17:35:21 -   Precision: 0.727
2025-09-14 17:35:21 -   Recall: 0.667
2025-09-14 17:35:21 -   F1 Score: 0.696
2025-09-14 17:35:21 -   AUC: 0.500
2025-09-14 17:35:21 -   Correct/Total: 9/16
2025-09-14 17:35:21 -   Confusion Matrix Stats:
2025-09-14 17:35:21 -     TP: 8, TN: 1
2025-09-14 17:35:21 -     FP: 3, FN: 4
2025-09-14 17:35:21 - Subject: sub-020
2025-09-14 17:35:21 -   Accuracy: 66.667%
2025-09-14 17:35:21 -   Precision: 0.333
2025-09-14 17:35:21 -   Recall: 0.500
2025-09-14 17:35:21 -   F1 Score: 0.400
2025-09-14 17:35:21 -   AUC: 0.714
2025-09-14 17:35:21 -   Correct/Total: 6/9
2025-09-14 17:35:21 -   Confusion Matrix Stats:
2025-09-14 17:35:21 -     TP: 1, TN: 5
2025-09-14 17:35:21 -     FP: 2, FN: 1
2025-09-14 17:35:21 - Subject: sub-021
2025-09-14 17:35:21 -   Accuracy: 71.429%
2025-09-14 17:35:21 -   Precision: 0.714
2025-09-14 17:35:21 -   Recall: 0.714
2025-09-14 17:35:21 -   F1 Score: 0.714
2025-09-14 17:35:21 -   AUC: 0.755
2025-09-14 17:35:21 -   Correct/Total: 10/14
2025-09-14 17:35:21 -   Confusion Matrix Stats:
2025-09-14 17:35:21 -     TP: 5, TN: 5
2025-09-14 17:35:21 -     FP: 2, FN: 2
2025-09-14 17:35:21 - Subject: sub-022
2025-09-14 17:35:21 -   Accuracy: 75.000%
2025-09-14 17:35:21 -   Precision: 0.833
2025-09-14 17:35:21 -   Recall: 0.833
2025-09-14 17:35:21 -   F1 Score: 0.833
2025-09-14 17:35:21 -   AUC: 0.833
2025-09-14 17:35:21 -   Correct/Total: 6/8
2025-09-14 17:35:21 -   Confusion Matrix Stats:
2025-09-14 17:35:21 -     TP: 5, TN: 1
2025-09-14 17:35:21 -     FP: 1, FN: 1
2025-09-14 17:35:21 - Subject: sub-023
2025-09-14 17:35:21 -   Accuracy: 80.000%
2025-09-14 17:35:21 -   Precision: 1.000
2025-09-14 17:35:21 -   Recall: 0.500
2025-09-14 17:35:21 -   F1 Score: 0.667
2025-09-14 17:35:21 -   AUC: 0.833
2025-09-14 17:35:21 -   Correct/Total: 4/5
2025-09-14 17:35:21 -   Confusion Matrix Stats:
2025-09-14 17:35:21 -     TP: 1, TN: 3
2025-09-14 17:35:21 -     FP: 0, FN: 1
2025-09-14 17:35:21 - Subject: sub-024
2025-09-14 17:35:21 -   Accuracy: 86.667%
2025-09-14 17:35:21 -   Precision: 0.889
2025-09-14 17:35:21 -   Recall: 0.889
2025-09-14 17:35:21 -   F1 Score: 0.889
2025-09-14 17:35:21 -   AUC: 0.944
2025-09-14 17:35:21 -   Correct/Total: 13/15
2025-09-14 17:35:21 -   Confusion Matrix Stats:
2025-09-14 17:35:21 -     TP: 8, TN: 5
2025-09-14 17:35:21 -     FP: 1, FN: 1
2025-09-14 17:35:21 - Subject: sub-025
2025-09-14 17:35:21 -   Accuracy: 58.333%
2025-09-14 17:35:21 -   Precision: 0.600
2025-09-14 17:35:21 -   Recall: 0.500
2025-09-14 17:35:21 -   F1 Score: 0.545
2025-09-14 17:35:21 -   AUC: 0.528
2025-09-14 17:35:21 -   Correct/Total: 7/12
2025-09-14 17:35:21 -   Confusion Matrix Stats:
2025-09-14 17:35:21 -     TP: 3, TN: 4
2025-09-14 17:35:21 -     FP: 2, FN: 3
2025-09-14 17:35:21 - Subject: sub-026
2025-09-14 17:35:21 -   Accuracy: 100.000%
2025-09-14 17:35:21 -   Precision: 1.000
2025-09-14 17:35:21 -   Recall: 1.000
2025-09-14 17:35:21 -   F1 Score: 1.000
2025-09-14 17:35:21 -   AUC: 1.000
2025-09-14 17:35:21 -   Correct/Total: 7/7
2025-09-14 17:35:21 -   Confusion Matrix Stats:
2025-09-14 17:35:21 -     TP: 3, TN: 4
2025-09-14 17:35:21 -     FP: 0, FN: 0
2025-09-14 17:35:21 - Subject: sub-027
2025-09-14 17:35:21 -   Accuracy: 55.556%
2025-09-14 17:35:21 -   Precision: 0.000
2025-09-14 17:35:21 -   Recall: 0.000
2025-09-14 17:35:21 -   F1 Score: 0.000
2025-09-14 17:35:21 -   AUC: 0.750
2025-09-14 17:35:21 -   Correct/Total: 5/9
2025-09-14 17:35:21 -   Confusion Matrix Stats:
2025-09-14 17:35:21 -     TP: 0, TN: 5
2025-09-14 17:35:21 -     FP: 0, FN: 4
2025-09-14 17:35:21 - Subject: sub-028
2025-09-14 17:35:21 -   Accuracy: 69.231%
2025-09-14 17:35:21 -   Precision: 0.500
2025-09-14 17:35:21 -   Recall: 0.500
2025-09-14 17:35:21 -   F1 Score: 0.500
2025-09-14 17:35:21 -   AUC: 0.833
2025-09-14 17:35:21 -   Correct/Total: 9/13
2025-09-14 17:35:21 -   Confusion Matrix Stats:
2025-09-14 17:35:21 -     TP: 2, TN: 7
2025-09-14 17:35:21 -     FP: 2, FN: 2
2025-09-14 17:35:21 - Subject: sub-029
2025-09-14 17:35:21 -   Accuracy: 80.000%
2025-09-14 17:35:21 -   Precision: 1.000
2025-09-14 17:35:21 -   Recall: 0.714
2025-09-14 17:35:21 -   F1 Score: 0.833
2025-09-14 17:35:21 -   AUC: 0.952
2025-09-14 17:35:21 -   Correct/Total: 8/10
2025-09-14 17:35:21 -   Confusion Matrix Stats:
2025-09-14 17:35:21 -     TP: 5, TN: 3
2025-09-14 17:35:21 -     FP: 0, FN: 2
2025-09-14 17:35:21 - Subject: sub-030
2025-09-14 17:35:21 -   Accuracy: 33.333%
2025-09-14 17:35:21 -   Precision: 0.250
2025-09-14 17:35:21 -   Recall: 0.500
2025-09-14 17:35:21 -   F1 Score: 0.333
2025-09-14 17:35:21 -   AUC: 0.375
2025-09-14 17:35:21 -   Correct/Total: 2/6
2025-09-14 17:35:21 -   Confusion Matrix Stats:
2025-09-14 17:35:21 -     TP: 1, TN: 1
2025-09-14 17:35:21 -     FP: 3, FN: 1
2025-09-14 17:35:21 - Subject: sub-031
2025-09-14 17:35:21 -   Accuracy: 87.500%
2025-09-14 17:35:21 -   Precision: 0.833
2025-09-14 17:35:21 -   Recall: 1.000
2025-09-14 17:35:21 -   F1 Score: 0.909
2025-09-14 17:35:21 -   AUC: 1.000
2025-09-14 17:35:21 -   Correct/Total: 7/8
2025-09-14 17:35:21 -   Confusion Matrix Stats:
2025-09-14 17:35:21 -     TP: 5, TN: 2
2025-09-14 17:35:21 -     FP: 1, FN: 0
2025-09-14 17:35:21 - Subject: sub-032
2025-09-14 17:35:21 -   Accuracy: 81.818%
2025-09-14 17:35:21 -   Precision: 0.800
2025-09-14 17:35:21 -   Recall: 0.800
2025-09-14 17:35:21 -   F1 Score: 0.800
2025-09-14 17:35:21 -   AUC: 0.867
2025-09-14 17:35:21 -   Correct/Total: 9/11
2025-09-14 17:35:21 -   Confusion Matrix Stats:
2025-09-14 17:35:21 -     TP: 4, TN: 5
2025-09-14 17:35:21 -     FP: 1, FN: 1
2025-09-14 17:35:21 - Subject: sub-033
2025-09-14 17:35:21 -   Accuracy: 84.615%
2025-09-14 17:35:21 -   Precision: 0.857
2025-09-14 17:35:21 -   Recall: 0.857
2025-09-14 17:35:21 -   F1 Score: 0.857
2025-09-14 17:35:21 -   AUC: 0.881
2025-09-14 17:35:21 -   Correct/Total: 11/13
2025-09-14 17:35:21 -   Confusion Matrix Stats:
2025-09-14 17:35:21 -     TP: 6, TN: 5
2025-09-14 17:35:21 -     FP: 1, FN: 1
2025-09-14 17:35:21 - Subject: sub-034
2025-09-14 17:35:21 -   Accuracy: 75.000%
2025-09-14 17:35:21 -   Precision: 0.500
2025-09-14 17:35:21 -   Recall: 1.000
2025-09-14 17:35:21 -   F1 Score: 0.667
2025-09-14 17:35:21 -   AUC: 1.000
2025-09-14 17:35:21 -   Correct/Total: 3/4
2025-09-14 17:35:21 -   Confusion Matrix Stats:
2025-09-14 17:35:21 -     TP: 1, TN: 2
2025-09-14 17:35:21 -     FP: 1, FN: 0
2025-09-14 17:35:21 - Subject: sub-035
2025-09-14 17:35:21 -   Accuracy: 40.000%
2025-09-14 17:35:21 -   Precision: 1.000
2025-09-14 17:35:21 -   Recall: 0.250
2025-09-14 17:35:21 -   F1 Score: 0.400
2025-09-14 17:35:21 -   AUC: 0.938
2025-09-14 17:35:21 -   Correct/Total: 4/10
2025-09-14 17:35:21 -   Confusion Matrix Stats:
2025-09-14 17:35:21 -     TP: 2, TN: 2
2025-09-14 17:35:21 -     FP: 0, FN: 6
2025-09-14 17:35:21 - Subject: sub-036
2025-09-14 17:35:21 -   Accuracy: 45.455%
2025-09-14 17:35:21 -   Precision: 1.000
2025-09-14 17:35:21 -   Recall: 0.250
2025-09-14 17:35:21 -   F1 Score: 0.400
2025-09-14 17:35:21 -   AUC: 0.833
2025-09-14 17:35:21 -   Correct/Total: 5/11
2025-09-14 17:35:21 -   Confusion Matrix Stats:
2025-09-14 17:35:21 -     TP: 2, TN: 3
2025-09-14 17:35:21 -     FP: 0, FN: 6
2025-09-14 17:35:21 - Subject: sub-037
2025-09-14 17:35:21 -   Accuracy: 64.706%
2025-09-14 17:35:21 -   Precision: 0.857
2025-09-14 17:35:21 -   Recall: 0.545
2025-09-14 17:35:21 -   F1 Score: 0.667
2025-09-14 17:35:21 -   AUC: 0.848
2025-09-14 17:35:21 -   Correct/Total: 11/17
2025-09-14 17:35:21 -   Confusion Matrix Stats:
2025-09-14 17:35:21 -     TP: 6, TN: 5
2025-09-14 17:35:21 -     FP: 1, FN: 5
2025-09-14 17:35:21 - Subject: sub-038
2025-09-14 17:35:21 -   Accuracy: 75.000%
2025-09-14 17:35:21 -   Precision: 0.500
2025-09-14 17:35:21 -   Recall: 1.000
2025-09-14 17:35:21 -   F1 Score: 0.667
2025-09-14 17:35:21 -   AUC: 1.000
2025-09-14 17:35:21 -   Correct/Total: 6/8
2025-09-14 17:35:21 -   Confusion Matrix Stats:
2025-09-14 17:35:21 -     TP: 2, TN: 4
2025-09-14 17:35:21 -     FP: 2, FN: 0
2025-09-14 17:35:21 - Subject: sub-039
2025-09-14 17:35:21 -   Accuracy: 60.000%
2025-09-14 17:35:21 -   Precision: 0.500
2025-09-14 17:35:21 -   Recall: 0.250
2025-09-14 17:35:21 -   F1 Score: 0.333
2025-09-14 17:35:21 -   AUC: 0.458
2025-09-14 17:35:21 -   Correct/Total: 6/10
2025-09-14 17:35:21 -   Confusion Matrix Stats:
2025-09-14 17:35:21 -     TP: 1, TN: 5
2025-09-14 17:35:21 -     FP: 1, FN: 3
2025-09-14 17:35:21 - Subject: sub-040
2025-09-14 17:35:21 -   Accuracy: 69.231%
2025-09-14 17:35:21 -   Precision: 0.556
2025-09-14 17:35:21 -   Recall: 1.000
2025-09-14 17:35:21 -   F1 Score: 0.714
2025-09-14 17:35:21 -   AUC: 0.825
2025-09-14 17:35:21 -   Correct/Total: 9/13
2025-09-14 17:35:21 -   Confusion Matrix Stats:
2025-09-14 17:35:21 -     TP: 5, TN: 4
2025-09-14 17:35:21 -     FP: 4, FN: 0
2025-09-14 17:35:21 - 
P3 Pooled Model Statistics:
2025-09-14 17:35:21 - 95% Confidence Interval: [0.621, 0.728]
2025-09-14 17:35:21 - Best Subject: sub-002 (1.000)
2025-09-14 17:35:21 - Worst Subject: sub-030 (0.333)
2025-09-14 17:35:21 - Mean Accuracy: 0.670
2025-09-14 17:35:21 - Mean Precision: 0.731
2025-09-14 17:35:21 - Mean Recall: 0.592
2025-09-14 17:35:21 - Mean F1-Score: 0.654
2025-09-14 17:35:21 - Mean AUC: 0.774
2025-09-14 17:35:21 - Mean Confusion Matrix:
2025-09-14 17:35:21 -   TP: 3, TN: 4
2025-09-14 17:35:21 -   FP: 1, FN: 2
