2025-09-20 13:09:39 - 
Experiment Configuration:
2025-09-20 13:09:39 - --------------------------------------------------
2025-09-20 13:09:39 - dataset: P3 Raw Data BIDS-Compatible
2025-09-20 13:09:39 - use_combined_datasets: False
2025-09-20 13:09:39 - electrode_list: all
2025-09-20 13:09:39 - classifier: SepConv1D
2025-09-20 13:09:39 - separate_subject_classification: False
2025-09-20 13:09:39 - use_subject_layer: False
2025-09-20 13:09:39 - seeds: [42]
2025-09-20 13:09:39 - electrode_fusion_method: none
2025-09-20 13:09:39 - domain_adaptation_method: none
2025-09-20 13:09:39 - enable_comprehensive_evaluation: True
2025-09-20 13:09:39 - enable_domain_analysis: True
2025-09-20 13:09:39 - enable_small_sample_analysis: False
2025-09-20 13:09:39 - small_sample_sizes: [5, 10, 15, 20]
2025-09-20 13:09:39 - small_sample_subjects: [5, 10, 15]
2025-09-20 13:09:39 - --------------------------------------------------
2025-09-20 13:09:39 - 
==================================================
2025-09-20 13:09:39 - Processing P3 Dataset
2025-09-20 13:09:39 - ==================================================
2025-09-20 13:09:40 - Using Nested Cross-Validation (politically correct approach)
2025-09-20 13:09:40 - Configuration: 5-fold outer, 3-fold inner, 10 repeats
2025-09-20 13:09:40 - ============================================================
2025-09-20 13:09:40 - NESTED CROSS-VALIDATION CONFIGURATION
2025-09-20 13:09:40 - ============================================================
2025-09-20 13:09:40 - Datasets: ['P3']
2025-09-20 13:09:40 - Outer folds: 5
2025-09-20 13:09:40 - Inner folds: 3
2025-09-20 13:09:40 - Repeats: 10
2025-09-20 13:09:40 - Confidence level: 0.95
2025-09-20 13:09:40 - ============================================================
2025-09-20 13:09:46 - Nested CV dataset summary:
2025-09-20 13:09:46 -   Total subjects: 40
2025-09-20 13:09:46 -   Total trials: 3188
2025-09-20 13:09:46 -   Average trials per subject: 79.7
2025-09-20 13:09:46 - Enhanced preprocessing increased channels from 30 to 150
2025-09-20 13:09:46 - Starting Nested Cross-Validation for SepConv1D
2025-09-20 13:09:46 - Configuration: 5-fold outer, 3-fold inner, 10 repeats
2025-09-20 13:09:46 - Repeat 1/10
2025-09-20 13:09:46 -   Outer fold 1/5
