2025-09-19 22:49:37 - 
Experiment Configuration:
2025-09-19 22:49:37 - --------------------------------------------------
2025-09-19 22:49:37 - dataset: P3 Raw Data BIDS-Compatible
2025-09-19 22:49:37 - use_combined_datasets: False
2025-09-19 22:49:37 - electrode_list: all
2025-09-19 22:49:37 - classifier: SepConv1D
2025-09-19 22:49:37 - separate_subject_classification: False
2025-09-19 22:49:37 - use_subject_layer: False
2025-09-19 22:49:37 - seeds: [42]
2025-09-19 22:49:37 - electrode_fusion_method: none
2025-09-19 22:49:37 - domain_adaptation_method: none
2025-09-19 22:49:37 - enable_comprehensive_evaluation: True
2025-09-19 22:49:37 - enable_domain_analysis: True
2025-09-19 22:49:37 - enable_small_sample_analysis: False
2025-09-19 22:49:37 - small_sample_sizes: [5, 10, 15, 20]
2025-09-19 22:49:37 - small_sample_subjects: [5, 10, 15]
2025-09-19 22:49:37 - --------------------------------------------------
2025-09-19 22:49:37 - 
==================================================
2025-09-19 22:49:37 - Processing P3 Dataset
2025-09-19 22:49:37 - ==================================================
2025-09-19 22:50:16 - 
==================================================
2025-09-19 22:50:16 - Individual Subject Results - P3
2025-09-19 22:50:16 - ==================================================
2025-09-19 22:50:16 - Subject: sub-001
2025-09-19 22:50:16 -   Accuracy: 70.000%
2025-09-19 22:50:16 -   Precision: 0.778
2025-09-19 22:50:16 -   Recall: 0.636
2025-09-19 22:50:16 -   F1 Score: 0.700
2025-09-19 22:50:16 -   AUC: 0.879
2025-09-19 22:50:16 -   Correct/Total: 14/20
2025-09-19 22:50:16 -   Confusion Matrix Stats:
2025-09-19 22:50:16 -     TP: 7, TN: 7
2025-09-19 22:50:16 -     FP: 2, FN: 4
2025-09-19 22:50:16 - Subject: sub-002
2025-09-19 22:50:16 -   Accuracy: 78.947%
2025-09-19 22:50:16 -   Precision: 0.714
2025-09-19 22:50:16 -   Recall: 1.000
2025-09-19 22:50:16 -   F1 Score: 0.833
2025-09-19 22:50:16 -   AUC: 0.944
2025-09-19 22:50:16 -   Correct/Total: 15/19
2025-09-19 22:50:16 -   Confusion Matrix Stats:
2025-09-19 22:50:16 -     TP: 10, TN: 5
2025-09-19 22:50:16 -     FP: 4, FN: 0
2025-09-19 22:50:16 - Subject: sub-003
2025-09-19 22:50:16 -   Accuracy: 84.211%
2025-09-19 22:50:16 -   Precision: 0.875
2025-09-19 22:50:16 -   Recall: 0.778
2025-09-19 22:50:16 -   F1 Score: 0.824
2025-09-19 22:50:16 -   AUC: 0.944
2025-09-19 22:50:16 -   Correct/Total: 16/19
2025-09-19 22:50:16 -   Confusion Matrix Stats:
2025-09-19 22:50:16 -     TP: 7, TN: 9
2025-09-19 22:50:16 -     FP: 1, FN: 2
2025-09-19 22:50:16 - Subject: sub-004
2025-09-19 22:50:16 -   Accuracy: 73.333%
2025-09-19 22:50:16 -   Precision: 0.800
2025-09-19 22:50:16 -   Recall: 0.800
2025-09-19 22:50:16 -   F1 Score: 0.800
2025-09-19 22:50:16 -   AUC: 0.840
2025-09-19 22:50:16 -   Correct/Total: 11/15
2025-09-19 22:50:16 -   Confusion Matrix Stats:
2025-09-19 22:50:16 -     TP: 8, TN: 3
2025-09-19 22:50:16 -     FP: 2, FN: 2
2025-09-19 22:50:16 - Subject: sub-005
2025-09-19 22:50:16 -   Accuracy: 84.211%
2025-09-19 22:50:16 -   Precision: 1.000
2025-09-19 22:50:16 -   Recall: 0.400
2025-09-19 22:50:16 -   F1 Score: 0.571
2025-09-19 22:50:16 -   AUC: 0.843
2025-09-19 22:50:16 -   Correct/Total: 16/19
2025-09-19 22:50:16 -   Confusion Matrix Stats:
2025-09-19 22:50:16 -     TP: 2, TN: 14
2025-09-19 22:50:16 -     FP: 0, FN: 3
2025-09-19 22:50:16 - Subject: sub-006
2025-09-19 22:50:16 -   Accuracy: 52.632%
2025-09-19 22:50:16 -   Precision: 0.500
2025-09-19 22:50:16 -   Recall: 0.667
2025-09-19 22:50:16 -   F1 Score: 0.571
2025-09-19 22:50:16 -   AUC: 0.422
2025-09-19 22:50:16 -   Correct/Total: 10/19
2025-09-19 22:50:16 -   Confusion Matrix Stats:
2025-09-19 22:50:16 -     TP: 6, TN: 4
2025-09-19 22:50:16 -     FP: 6, FN: 3
2025-09-19 22:50:16 - Subject: sub-007
2025-09-19 22:50:16 -   Accuracy: 72.222%
2025-09-19 22:50:16 -   Precision: 0.800
2025-09-19 22:50:16 -   Recall: 0.727
2025-09-19 22:50:16 -   F1 Score: 0.762
2025-09-19 22:50:16 -   AUC: 0.896
2025-09-19 22:50:16 -   Correct/Total: 13/18
2025-09-19 22:50:16 -   Confusion Matrix Stats:
2025-09-19 22:50:16 -     TP: 8, TN: 5
2025-09-19 22:50:16 -     FP: 2, FN: 3
2025-09-19 22:50:16 - Subject: sub-008
2025-09-19 22:50:16 -   Accuracy: 61.111%
2025-09-19 22:50:16 -   Precision: 0.667
2025-09-19 22:50:16 -   Recall: 0.444
2025-09-19 22:50:16 -   F1 Score: 0.533
2025-09-19 22:50:16 -   AUC: 0.815
2025-09-19 22:50:16 -   Correct/Total: 11/18
2025-09-19 22:50:16 -   Confusion Matrix Stats:
2025-09-19 22:50:16 -     TP: 4, TN: 7
2025-09-19 22:50:16 -     FP: 2, FN: 5
2025-09-19 22:50:16 - Subject: sub-009
2025-09-19 22:50:16 -   Accuracy: 64.286%
2025-09-19 22:50:16 -   Precision: 0.778
2025-09-19 22:50:16 -   Recall: 0.467
2025-09-19 22:50:16 -   F1 Score: 0.583
2025-09-19 22:50:16 -   AUC: 0.656
2025-09-19 22:50:16 -   Correct/Total: 18/28
2025-09-19 22:50:16 -   Confusion Matrix Stats:
2025-09-19 22:50:16 -     TP: 7, TN: 11
2025-09-19 22:50:16 -     FP: 2, FN: 8
2025-09-19 22:50:16 - Subject: sub-010
2025-09-19 22:50:16 -   Accuracy: 72.727%
2025-09-19 22:50:16 -   Precision: 0.556
2025-09-19 22:50:16 -   Recall: 0.714
2025-09-19 22:50:16 -   F1 Score: 0.625
2025-09-19 22:50:16 -   AUC: 0.790
2025-09-19 22:50:16 -   Correct/Total: 16/22
2025-09-19 22:50:16 -   Confusion Matrix Stats:
2025-09-19 22:50:16 -     TP: 5, TN: 11
2025-09-19 22:50:16 -     FP: 4, FN: 2
2025-09-19 22:50:16 - Subject: sub-011
2025-09-19 22:50:16 -   Accuracy: 63.636%
2025-09-19 22:50:16 -   Precision: 0.600
2025-09-19 22:50:16 -   Recall: 0.600
2025-09-19 22:50:16 -   F1 Score: 0.600
2025-09-19 22:50:16 -   AUC: 0.725
2025-09-19 22:50:16 -   Correct/Total: 14/22
2025-09-19 22:50:16 -   Confusion Matrix Stats:
2025-09-19 22:50:16 -     TP: 6, TN: 8
2025-09-19 22:50:16 -     FP: 4, FN: 4
2025-09-19 22:50:16 - Subject: sub-012
2025-09-19 22:50:16 -   Accuracy: 78.571%
2025-09-19 22:50:16 -   Precision: 0.700
2025-09-19 22:50:16 -   Recall: 1.000
2025-09-19 22:50:16 -   F1 Score: 0.824
2025-09-19 22:50:16 -   AUC: 0.755
2025-09-19 22:50:16 -   Correct/Total: 11/14
2025-09-19 22:50:16 -   Confusion Matrix Stats:
2025-09-19 22:50:16 -     TP: 7, TN: 4
2025-09-19 22:50:16 -     FP: 3, FN: 0
2025-09-19 22:50:16 - Subject: sub-013
2025-09-19 22:50:16 -   Accuracy: 58.333%
2025-09-19 22:50:16 -   Precision: 0.636
2025-09-19 22:50:16 -   Recall: 0.538
2025-09-19 22:50:16 -   F1 Score: 0.583
2025-09-19 22:50:16 -   AUC: 0.699
2025-09-19 22:50:16 -   Correct/Total: 14/24
2025-09-19 22:50:16 -   Confusion Matrix Stats:
2025-09-19 22:50:16 -     TP: 7, TN: 7
2025-09-19 22:50:16 -     FP: 4, FN: 6
2025-09-19 22:50:16 - Subject: sub-014
2025-09-19 22:50:16 -   Accuracy: 68.750%
2025-09-19 22:50:16 -   Precision: 0.700
2025-09-19 22:50:16 -   Recall: 0.778
2025-09-19 22:50:16 -   F1 Score: 0.737
2025-09-19 22:50:16 -   AUC: 0.651
2025-09-19 22:50:16 -   Correct/Total: 11/16
2025-09-19 22:50:16 -   Confusion Matrix Stats:
2025-09-19 22:50:16 -     TP: 7, TN: 4
2025-09-19 22:50:16 -     FP: 3, FN: 2
2025-09-19 22:50:16 - Subject: sub-015
2025-09-19 22:50:16 -   Accuracy: 75.000%
2025-09-19 22:50:16 -   Precision: 0.778
2025-09-19 22:50:16 -   Recall: 0.824
2025-09-19 22:50:16 -   F1 Score: 0.800
2025-09-19 22:50:16 -   AUC: 0.834
2025-09-19 22:50:16 -   Correct/Total: 21/28
2025-09-19 22:50:16 -   Confusion Matrix Stats:
2025-09-19 22:50:16 -     TP: 14, TN: 7
2025-09-19 22:50:16 -     FP: 4, FN: 3
2025-09-19 22:50:16 - Subject: sub-016
2025-09-19 22:50:16 -   Accuracy: 71.429%
2025-09-19 22:50:16 -   Precision: 0.692
2025-09-19 22:50:16 -   Recall: 0.818
2025-09-19 22:50:16 -   F1 Score: 0.750
2025-09-19 22:50:16 -   AUC: 0.827
2025-09-19 22:50:16 -   Correct/Total: 15/21
2025-09-19 22:50:16 -   Confusion Matrix Stats:
2025-09-19 22:50:16 -     TP: 9, TN: 6
2025-09-19 22:50:16 -     FP: 4, FN: 2
2025-09-19 22:50:16 - Subject: sub-017
2025-09-19 22:50:16 -   Accuracy: 68.750%
2025-09-19 22:50:16 -   Precision: 0.714
2025-09-19 22:50:16 -   Recall: 0.625
2025-09-19 22:50:16 -   F1 Score: 0.667
2025-09-19 22:50:16 -   AUC: 0.781
2025-09-19 22:50:16 -   Correct/Total: 11/16
2025-09-19 22:50:16 -   Confusion Matrix Stats:
2025-09-19 22:50:16 -     TP: 5, TN: 6
2025-09-19 22:50:16 -     FP: 2, FN: 3
2025-09-19 22:50:16 - Subject: sub-018
2025-09-19 22:50:16 -   Accuracy: 75.000%
2025-09-19 22:50:16 -   Precision: 0.857
2025-09-19 22:50:16 -   Recall: 0.667
2025-09-19 22:50:16 -   F1 Score: 0.750
2025-09-19 22:50:16 -   AUC: 0.873
2025-09-19 22:50:16 -   Correct/Total: 12/16
2025-09-19 22:50:16 -   Confusion Matrix Stats:
2025-09-19 22:50:16 -     TP: 6, TN: 6
2025-09-19 22:50:16 -     FP: 1, FN: 3
2025-09-19 22:50:16 - Subject: sub-019
2025-09-19 22:50:16 -   Accuracy: 65.000%
2025-09-19 22:50:16 -   Precision: 0.571
2025-09-19 22:50:16 -   Recall: 0.889
2025-09-19 22:50:16 -   F1 Score: 0.696
2025-09-19 22:50:16 -   AUC: 0.747
2025-09-19 22:50:16 -   Correct/Total: 13/20
2025-09-19 22:50:16 -   Confusion Matrix Stats:
2025-09-19 22:50:16 -     TP: 8, TN: 5
2025-09-19 22:50:16 -     FP: 6, FN: 1
2025-09-19 22:50:16 - Subject: sub-020
2025-09-19 22:50:16 -   Accuracy: 68.182%
2025-09-19 22:50:16 -   Precision: 1.000
2025-09-19 22:50:16 -   Recall: 0.462
2025-09-19 22:50:16 -   F1 Score: 0.632
2025-09-19 22:50:16 -   AUC: 0.726
2025-09-19 22:50:16 -   Correct/Total: 15/22
2025-09-19 22:50:16 -   Confusion Matrix Stats:
2025-09-19 22:50:16 -     TP: 6, TN: 9
2025-09-19 22:50:16 -     FP: 0, FN: 7
2025-09-19 22:50:16 - Subject: sub-021
2025-09-19 22:50:16 -   Accuracy: 78.947%
2025-09-19 22:50:16 -   Precision: 0.700
2025-09-19 22:50:16 -   Recall: 0.875
2025-09-19 22:50:16 -   F1 Score: 0.778
2025-09-19 22:50:16 -   AUC: 0.864
2025-09-19 22:50:16 -   Correct/Total: 15/19
2025-09-19 22:50:16 -   Confusion Matrix Stats:
2025-09-19 22:50:16 -     TP: 7, TN: 8
2025-09-19 22:50:16 -     FP: 3, FN: 1
2025-09-19 22:50:16 - Subject: sub-022
2025-09-19 22:50:16 -   Accuracy: 69.565%
2025-09-19 22:50:16 -   Precision: 0.750
2025-09-19 22:50:16 -   Recall: 0.882
2025-09-19 22:50:16 -   F1 Score: 0.811
2025-09-19 22:50:16 -   AUC: 0.608
2025-09-19 22:50:16 -   Correct/Total: 16/23
2025-09-19 22:50:16 -   Confusion Matrix Stats:
2025-09-19 22:50:16 -     TP: 15, TN: 1
2025-09-19 22:50:16 -     FP: 5, FN: 2
2025-09-19 22:50:16 - Subject: sub-023
2025-09-19 22:50:16 -   Accuracy: 76.190%
2025-09-19 22:50:16 -   Precision: 1.000
2025-09-19 22:50:16 -   Recall: 0.444
2025-09-19 22:50:16 -   F1 Score: 0.615
2025-09-19 22:50:16 -   AUC: 0.778
2025-09-19 22:50:16 -   Correct/Total: 16/21
2025-09-19 22:50:16 -   Confusion Matrix Stats:
2025-09-19 22:50:16 -     TP: 4, TN: 12
2025-09-19 22:50:16 -     FP: 0, FN: 5
2025-09-19 22:50:16 - Subject: sub-024
2025-09-19 22:50:16 -   Accuracy: 60.000%
2025-09-19 22:50:16 -   Precision: 0.500
2025-09-19 22:50:16 -   Recall: 0.875
2025-09-19 22:50:16 -   F1 Score: 0.636
2025-09-19 22:50:16 -   AUC: 0.708
2025-09-19 22:50:16 -   Correct/Total: 12/20
2025-09-19 22:50:16 -   Confusion Matrix Stats:
2025-09-19 22:50:16 -     TP: 7, TN: 5
2025-09-19 22:50:16 -     FP: 7, FN: 1
2025-09-19 22:50:16 - Subject: sub-025
2025-09-19 22:50:16 -   Accuracy: 75.000%
2025-09-19 22:50:16 -   Precision: 0.667
2025-09-19 22:50:16 -   Recall: 0.857
2025-09-19 22:50:16 -   F1 Score: 0.750
2025-09-19 22:50:16 -   AUC: 0.714
2025-09-19 22:50:16 -   Correct/Total: 12/16
2025-09-19 22:50:16 -   Confusion Matrix Stats:
2025-09-19 22:50:16 -     TP: 6, TN: 6
2025-09-19 22:50:16 -     FP: 3, FN: 1
2025-09-19 22:50:16 - Subject: sub-026
2025-09-19 22:50:16 -   Accuracy: 63.158%
2025-09-19 22:50:16 -   Precision: 0.500
2025-09-19 22:50:16 -   Recall: 0.857
2025-09-19 22:50:16 -   F1 Score: 0.632
2025-09-19 22:50:16 -   AUC: 0.762
2025-09-19 22:50:16 -   Correct/Total: 12/19
2025-09-19 22:50:16 -   Confusion Matrix Stats:
2025-09-19 22:50:16 -     TP: 6, TN: 6
2025-09-19 22:50:16 -     FP: 6, FN: 1
2025-09-19 22:50:16 - Subject: sub-027
2025-09-19 22:50:16 -   Accuracy: 71.429%
2025-09-19 22:50:16 -   Precision: 0.778
2025-09-19 22:50:16 -   Recall: 0.636
2025-09-19 22:50:16 -   F1 Score: 0.700
2025-09-19 22:50:16 -   AUC: 0.682
2025-09-19 22:50:16 -   Correct/Total: 15/21
2025-09-19 22:50:16 -   Confusion Matrix Stats:
2025-09-19 22:50:16 -     TP: 7, TN: 8
2025-09-19 22:50:16 -     FP: 2, FN: 4
2025-09-19 22:50:16 - Subject: sub-028
2025-09-19 22:50:16 -   Accuracy: 65.217%
2025-09-19 22:50:16 -   Precision: 0.625
2025-09-19 22:50:16 -   Recall: 0.500
2025-09-19 22:50:16 -   F1 Score: 0.556
2025-09-19 22:50:16 -   AUC: 0.638
2025-09-19 22:50:16 -   Correct/Total: 15/23
2025-09-19 22:50:16 -   Confusion Matrix Stats:
2025-09-19 22:50:16 -     TP: 5, TN: 10
2025-09-19 22:50:16 -     FP: 3, FN: 5
2025-09-19 22:50:16 - Subject: sub-029
2025-09-19 22:50:16 -   Accuracy: 80.000%
2025-09-19 22:50:16 -   Precision: 0.857
2025-09-19 22:50:16 -   Recall: 0.750
2025-09-19 22:50:16 -   F1 Score: 0.800
2025-09-19 22:50:16 -   AUC: 0.857
2025-09-19 22:50:16 -   Correct/Total: 12/15
2025-09-19 22:50:16 -   Confusion Matrix Stats:
2025-09-19 22:50:16 -     TP: 6, TN: 6
2025-09-19 22:50:16 -     FP: 1, FN: 2
2025-09-19 22:50:16 - Subject: sub-030
2025-09-19 22:50:16 -   Accuracy: 93.333%
2025-09-19 22:50:16 -   Precision: 0.875
2025-09-19 22:50:16 -   Recall: 1.000
2025-09-19 22:50:16 -   F1 Score: 0.933
2025-09-19 22:50:16 -   AUC: 0.964
2025-09-19 22:50:16 -   Correct/Total: 14/15
2025-09-19 22:50:16 -   Confusion Matrix Stats:
2025-09-19 22:50:16 -     TP: 7, TN: 7
2025-09-19 22:50:16 -     FP: 1, FN: 0
2025-09-19 22:50:16 - Subject: sub-031
2025-09-19 22:50:16 -   Accuracy: 40.000%
2025-09-19 22:50:16 -   Precision: 0.250
2025-09-19 22:50:16 -   Recall: 1.000
2025-09-19 22:50:16 -   F1 Score: 0.400
2025-09-19 22:50:16 -   AUC: 0.861
2025-09-19 22:50:16 -   Correct/Total: 6/15
2025-09-19 22:50:16 -   Confusion Matrix Stats:
2025-09-19 22:50:16 -     TP: 3, TN: 3
2025-09-19 22:50:16 -     FP: 9, FN: 0
2025-09-19 22:50:16 - Subject: sub-032
2025-09-19 22:50:16 -   Accuracy: 60.870%
2025-09-19 22:50:16 -   Precision: 0.533
2025-09-19 22:50:16 -   Recall: 0.800
2025-09-19 22:50:16 -   F1 Score: 0.640
2025-09-19 22:50:16 -   AUC: 0.823
2025-09-19 22:50:16 -   Correct/Total: 14/23
2025-09-19 22:50:16 -   Confusion Matrix Stats:
2025-09-19 22:50:16 -     TP: 8, TN: 6
2025-09-19 22:50:16 -     FP: 7, FN: 2
2025-09-19 22:50:16 - Subject: sub-033
2025-09-19 22:50:16 -   Accuracy: 50.000%
2025-09-19 22:50:16 -   Precision: 0.667
2025-09-19 22:50:16 -   Recall: 0.182
2025-09-19 22:50:16 -   F1 Score: 0.286
2025-09-19 22:50:16 -   AUC: 0.606
2025-09-19 22:50:16 -   Correct/Total: 10/20
2025-09-19 22:50:16 -   Confusion Matrix Stats:
2025-09-19 22:50:16 -     TP: 2, TN: 8
2025-09-19 22:50:16 -     FP: 1, FN: 9
2025-09-19 22:50:16 - Subject: sub-034
2025-09-19 22:50:16 -   Accuracy: 78.947%
2025-09-19 22:50:16 -   Precision: 0.667
2025-09-19 22:50:16 -   Recall: 1.000
2025-09-19 22:50:16 -   F1 Score: 0.800
2025-09-19 22:50:16 -   AUC: 0.943
2025-09-19 22:50:16 -   Correct/Total: 15/19
2025-09-19 22:50:16 -   Confusion Matrix Stats:
2025-09-19 22:50:16 -     TP: 8, TN: 7
2025-09-19 22:50:16 -     FP: 4, FN: 0
2025-09-19 22:50:16 - Subject: sub-035
2025-09-19 22:50:16 -   Accuracy: 63.636%
2025-09-19 22:50:16 -   Precision: 0.643
2025-09-19 22:50:16 -   Recall: 0.750
2025-09-19 22:50:16 -   F1 Score: 0.692
2025-09-19 22:50:16 -   AUC: 0.633
2025-09-19 22:50:16 -   Correct/Total: 14/22
2025-09-19 22:50:16 -   Confusion Matrix Stats:
2025-09-19 22:50:16 -     TP: 9, TN: 5
2025-09-19 22:50:16 -     FP: 5, FN: 3
2025-09-19 22:50:16 - Subject: sub-036
2025-09-19 22:50:16 -   Accuracy: 44.444%
2025-09-19 22:50:16 -   Precision: 0.333
2025-09-19 22:50:16 -   Recall: 0.250
2025-09-19 22:50:16 -   F1 Score: 0.286
2025-09-19 22:50:16 -   AUC: 0.550
2025-09-19 22:50:16 -   Correct/Total: 8/18
2025-09-19 22:50:16 -   Confusion Matrix Stats:
2025-09-19 22:50:16 -     TP: 2, TN: 6
2025-09-19 22:50:16 -     FP: 4, FN: 6
2025-09-19 22:50:16 - Subject: sub-037
2025-09-19 22:50:16 -   Accuracy: 83.333%
2025-09-19 22:50:16 -   Precision: 0.778
2025-09-19 22:50:16 -   Recall: 0.875
2025-09-19 22:50:16 -   F1 Score: 0.824
2025-09-19 22:50:16 -   AUC: 0.887
2025-09-19 22:50:16 -   Correct/Total: 15/18
2025-09-19 22:50:16 -   Confusion Matrix Stats:
2025-09-19 22:50:16 -     TP: 7, TN: 8
2025-09-19 22:50:16 -     FP: 2, FN: 1
2025-09-19 22:50:16 - Subject: sub-038
2025-09-19 22:50:16 -   Accuracy: 84.211%
2025-09-19 22:50:16 -   Precision: 0.818
2025-09-19 22:50:16 -   Recall: 0.900
2025-09-19 22:50:16 -   F1 Score: 0.857
2025-09-19 22:50:16 -   AUC: 0.967
2025-09-19 22:50:16 -   Correct/Total: 16/19
2025-09-19 22:50:16 -   Confusion Matrix Stats:
2025-09-19 22:50:16 -     TP: 9, TN: 7
2025-09-19 22:50:16 -     FP: 2, FN: 1
2025-09-19 22:50:16 - Subject: sub-039
2025-09-19 22:50:16 -   Accuracy: 75.000%
2025-09-19 22:50:16 -   Precision: 1.000
2025-09-19 22:50:16 -   Recall: 0.500
2025-09-19 22:50:16 -   F1 Score: 0.667
2025-09-19 22:50:16 -   AUC: 0.847
2025-09-19 22:50:16 -   Correct/Total: 18/24
2025-09-19 22:50:16 -   Confusion Matrix Stats:
2025-09-19 22:50:16 -     TP: 6, TN: 12
2025-09-19 22:50:16 -     FP: 0, FN: 6
2025-09-19 22:50:16 - Subject: sub-040
2025-09-19 22:50:16 -   Accuracy: 59.091%
2025-09-19 22:50:16 -   Precision: 0.583
2025-09-19 22:50:16 -   Recall: 0.636
2025-09-19 22:50:16 -   F1 Score: 0.609
2025-09-19 22:50:16 -   AUC: 0.595
2025-09-19 22:50:16 -   Correct/Total: 13/22
2025-09-19 22:50:16 -   Confusion Matrix Stats:
2025-09-19 22:50:16 -     TP: 7, TN: 6
2025-09-19 22:50:16 -     FP: 5, FN: 4
2025-09-19 22:50:16 - 
P3 Pooled Model Statistics:
2025-09-19 22:50:16 - 95% Confidence Interval: [0.659, 0.730]
2025-09-19 22:50:16 - Best Subject: sub-030 (0.933)
2025-09-19 22:50:16 - Worst Subject: sub-031 (0.400)
2025-09-19 22:50:16 - Mean Accuracy: 0.692
2025-09-19 22:50:16 - Mean Precision: 0.682
2025-09-19 22:50:16 - Mean Recall: 0.698
2025-09-19 22:50:16 - Mean F1-Score: 0.690
2025-09-19 22:50:16 - Mean AUC: 0.773
2025-09-19 22:50:16 - Mean Confusion Matrix:
2025-09-19 22:50:16 -   TP: 7, TN: 7
2025-09-19 22:50:16 -   FP: 3, FN: 3
