2025-09-12 16:08:58 - 
Experiment Configuration:
2025-09-12 16:08:58 - --------------------------------------------------
2025-09-12 16:08:58 - dataset: P3 Raw Data BIDS-Compatible
2025-09-12 16:08:58 - use_combined_datasets: False
2025-09-12 16:08:58 - electrode_list: all
2025-09-12 16:08:58 - classifier: EEGNet
2025-09-12 16:08:58 - separate_subject_classification: False
2025-09-12 16:08:58 - use_subject_layer: False
2025-09-12 16:08:58 - seeds: [42, 123, 456, 789, 321]
2025-09-12 16:08:58 - --------------------------------------------------
2025-09-12 16:08:58 - 
==================================================
2025-09-12 16:08:58 - Processing P3 Dataset
2025-09-12 16:08:58 - ==================================================
2025-09-12 16:22:58 - 
==================================================
2025-09-12 16:22:58 - Individual Subject Results - P3
2025-09-12 16:22:58 - ==================================================
2025-09-12 16:22:58 - Subject: sub-001
2025-09-12 16:22:58 -   Accuracy: 71.429%
2025-09-12 16:22:58 -   Precision: 0.808
2025-09-12 16:22:58 -   Recall: 0.787
2025-09-12 16:22:58 -   F1 Score: 0.797
2025-09-12 16:22:58 -   AUC: 0.733
2025-09-12 16:22:58 -   Correct/Total: 15/21
2025-09-12 16:22:58 -   Confusion Matrix Stats:
2025-09-12 16:22:58 -     TP: 12, TN: 3
2025-09-12 16:22:58 -     FP: 3, FN: 3
2025-09-12 16:22:58 - Subject: sub-002
2025-09-12 16:22:58 -   Accuracy: 83.810%
2025-09-12 16:22:58 -   Precision: 0.809
2025-09-12 16:22:58 -   Recall: 1.000
2025-09-12 16:22:58 -   F1 Score: 0.893
2025-09-12 16:22:58 -   AUC: 1.000
2025-09-12 16:22:58 -   Correct/Total: 18/21
2025-09-12 16:22:58 -   Confusion Matrix Stats:
2025-09-12 16:22:58 -     TP: 14, TN: 4
2025-09-12 16:22:58 -     FP: 3, FN: 0
2025-09-12 16:22:58 - Subject: sub-003
2025-09-12 16:22:58 -   Accuracy: 81.250%
2025-09-12 16:22:58 -   Precision: 0.906
2025-09-12 16:22:58 -   Recall: 0.756
2025-09-12 16:22:58 -   F1 Score: 0.820
2025-09-12 16:22:58 -   AUC: 0.860
2025-09-12 16:22:58 -   Correct/Total: 13/16
2025-09-12 16:22:58 -   Confusion Matrix Stats:
2025-09-12 16:22:58 -     TP: 7, TN: 6
2025-09-12 16:22:58 -     FP: 1, FN: 2
2025-09-12 16:22:58 - Subject: sub-004
2025-09-12 16:22:58 -   Accuracy: 80.000%
2025-09-12 16:22:58 -   Precision: 0.700
2025-09-12 16:22:58 -   Recall: 1.000
2025-09-12 16:22:58 -   F1 Score: 0.823
2025-09-12 16:22:58 -   AUC: 0.986
2025-09-12 16:22:58 -   Correct/Total: 10/13
2025-09-12 16:22:58 -   Confusion Matrix Stats:
2025-09-12 16:22:58 -     TP: 6, TN: 4
2025-09-12 16:22:58 -     FP: 3, FN: 0
2025-09-12 16:22:58 - Subject: sub-005
2025-09-12 16:22:58 -   Accuracy: 61.111%
2025-09-12 16:22:58 -   Precision: 0.496
2025-09-12 16:22:58 -   Recall: 0.600
2025-09-12 16:22:58 -   F1 Score: 0.540
2025-09-12 16:22:58 -   AUC: 0.660
2025-09-12 16:22:58 -   Correct/Total: 11/18
2025-09-12 16:22:58 -   Confusion Matrix Stats:
2025-09-12 16:22:58 -     TP: 4, TN: 7
2025-09-12 16:22:58 -     FP: 4, FN: 3
2025-09-12 16:22:58 - Subject: sub-006
2025-09-12 16:22:58 -   Accuracy: 36.471%
2025-09-12 16:22:58 -   Precision: 0.520
2025-09-12 16:22:58 -   Recall: 0.273
2025-09-12 16:22:58 -   F1 Score: 0.345
2025-09-12 16:22:58 -   AUC: 0.439
2025-09-12 16:22:58 -   Correct/Total: 6/17
2025-09-12 16:22:58 -   Confusion Matrix Stats:
2025-09-12 16:22:58 -     TP: 3, TN: 3
2025-09-12 16:22:58 -     FP: 3, FN: 8
2025-09-12 16:22:58 - Subject: sub-007
2025-09-12 16:22:58 -   Accuracy: 76.842%
2025-09-12 16:22:58 -   Precision: 0.676
2025-09-12 16:22:58 -   Recall: 0.900
2025-09-12 16:22:58 -   F1 Score: 0.769
2025-09-12 16:22:58 -   AUC: 0.895
2025-09-12 16:22:58 -   Correct/Total: 15/19
2025-09-12 16:22:58 -   Confusion Matrix Stats:
2025-09-12 16:22:58 -     TP: 7, TN: 7
2025-09-12 16:22:58 -     FP: 4, FN: 1
2025-09-12 16:22:58 - Subject: sub-008
2025-09-12 16:22:58 -   Accuracy: 48.000%
2025-09-12 16:22:58 -   Precision: 0.950
2025-09-12 16:22:58 -   Recall: 0.240
2025-09-12 16:22:58 -   F1 Score: 0.358
2025-09-12 16:22:58 -   AUC: 0.644
2025-09-12 16:22:58 -   Correct/Total: 7/15
2025-09-12 16:22:58 -   Confusion Matrix Stats:
2025-09-12 16:22:58 -     TP: 2, TN: 5
2025-09-12 16:22:58 -     FP: 0, FN: 8
2025-09-12 16:22:58 - Subject: sub-009
2025-09-12 16:22:58 -   Accuracy: 76.842%
2025-09-12 16:22:58 -   Precision: 0.700
2025-09-12 16:22:58 -   Recall: 0.657
2025-09-12 16:22:58 -   F1 Score: 0.674
2025-09-12 16:22:58 -   AUC: 0.838
2025-09-12 16:22:58 -   Correct/Total: 15/19
2025-09-12 16:22:58 -   Confusion Matrix Stats:
2025-09-12 16:22:58 -     TP: 5, TN: 10
2025-09-12 16:22:58 -     FP: 2, FN: 2
2025-09-12 16:22:58 - Subject: sub-010
2025-09-12 16:22:58 -   Accuracy: 60.000%
2025-09-12 16:22:58 -   Precision: 0.648
2025-09-12 16:22:58 -   Recall: 0.600
2025-09-12 16:22:58 -   F1 Score: 0.614
2025-09-12 16:22:58 -   AUC: 0.680
2025-09-12 16:22:58 -   Correct/Total: 7/11
2025-09-12 16:22:58 -   Confusion Matrix Stats:
2025-09-12 16:22:58 -     TP: 4, TN: 3
2025-09-12 16:22:58 -     FP: 2, FN: 2
2025-09-12 16:22:58 - Subject: sub-011
2025-09-12 16:22:58 -   Accuracy: 83.077%
2025-09-12 16:22:58 -   Precision: 0.852
2025-09-12 16:22:58 -   Recall: 0.829
2025-09-12 16:22:58 -   F1 Score: 0.840
2025-09-12 16:22:58 -   AUC: 0.829
2025-09-12 16:22:58 -   Correct/Total: 11/13
2025-09-12 16:22:58 -   Confusion Matrix Stats:
2025-09-12 16:22:58 -     TP: 6, TN: 5
2025-09-12 16:22:58 -     FP: 1, FN: 1
2025-09-12 16:22:58 - Subject: sub-012
2025-09-12 16:22:58 -   Accuracy: 81.429%
2025-09-12 16:22:58 -   Precision: 0.690
2025-09-12 16:22:58 -   Recall: 0.700
2025-09-12 16:22:58 -   F1 Score: 0.688
2025-09-12 16:22:58 -   AUC: 0.825
2025-09-12 16:22:58 -   Correct/Total: 11/14
2025-09-12 16:22:58 -   Confusion Matrix Stats:
2025-09-12 16:22:58 -     TP: 3, TN: 9
2025-09-12 16:22:58 -     FP: 1, FN: 1
2025-09-12 16:22:58 - Subject: sub-013
2025-09-12 16:22:58 -   Accuracy: 58.750%
2025-09-12 16:22:58 -   Precision: 0.466
2025-09-12 16:22:58 -   Recall: 0.833
2025-09-12 16:22:58 -   F1 Score: 0.596
2025-09-12 16:22:58 -   AUC: 0.637
2025-09-12 16:22:58 -   Correct/Total: 9/16
2025-09-12 16:22:58 -   Confusion Matrix Stats:
2025-09-12 16:22:58 -     TP: 5, TN: 4
2025-09-12 16:22:58 -     FP: 6, FN: 1
2025-09-12 16:22:58 - Subject: sub-014
2025-09-12 16:22:58 -   Accuracy: 61.250%
2025-09-12 16:22:58 -   Precision: 0.637
2025-09-12 16:22:58 -   Recall: 0.733
2025-09-12 16:22:58 -   F1 Score: 0.680
2025-09-12 16:22:58 -   AUC: 0.625
2025-09-12 16:22:58 -   Correct/Total: 10/16
2025-09-12 16:22:58 -   Confusion Matrix Stats:
2025-09-12 16:22:58 -     TP: 7, TN: 3
2025-09-12 16:22:58 -     FP: 4, FN: 2
2025-09-12 16:22:58 - Subject: sub-015
2025-09-12 16:22:58 -   Accuracy: 66.250%
2025-09-12 16:22:58 -   Precision: 0.538
2025-09-12 16:22:58 -   Recall: 0.933
2025-09-12 16:22:58 -   F1 Score: 0.677
2025-09-12 16:22:58 -   AUC: 0.840
2025-09-12 16:22:58 -   Correct/Total: 11/16
2025-09-12 16:22:58 -   Confusion Matrix Stats:
2025-09-12 16:22:58 -     TP: 6, TN: 5
2025-09-12 16:22:58 -     FP: 5, FN: 0
2025-09-12 16:22:58 - Subject: sub-016
2025-09-12 16:22:58 -   Accuracy: 75.000%
2025-09-12 16:22:58 -   Precision: 0.829
2025-09-12 16:22:58 -   Recall: 0.708
2025-09-12 16:22:58 -   F1 Score: 0.755
2025-09-12 16:22:58 -   AUC: 0.803
2025-09-12 16:22:58 -   Correct/Total: 18/24
2025-09-12 16:22:58 -   Confusion Matrix Stats:
2025-09-12 16:22:58 -     TP: 9, TN: 9
2025-09-12 16:22:58 -     FP: 2, FN: 4
2025-09-12 16:22:58 - Subject: sub-017
2025-09-12 16:22:58 -   Accuracy: 95.000%
2025-09-12 16:22:58 -   Precision: 0.893
2025-09-12 16:22:58 -   Recall: 1.000
2025-09-12 16:22:58 -   F1 Score: 0.938
2025-09-12 16:22:58 -   AUC: 1.000
2025-09-12 16:22:58 -   Correct/Total: 11/12
2025-09-12 16:22:58 -   Confusion Matrix Stats:
2025-09-12 16:22:58 -     TP: 4, TN: 7
2025-09-12 16:22:58 -     FP: 1, FN: 0
2025-09-12 16:22:58 - Subject: sub-018
2025-09-12 16:22:58 -   Accuracy: 72.222%
2025-09-12 16:22:58 -   Precision: 0.913
2025-09-12 16:22:58 -   Recall: 0.560
2025-09-12 16:22:58 -   F1 Score: 0.686
2025-09-12 16:22:58 -   AUC: 0.823
2025-09-12 16:22:58 -   Correct/Total: 13/18
2025-09-12 16:22:58 -   Confusion Matrix Stats:
2025-09-12 16:22:58 -     TP: 6, TN: 7
2025-09-12 16:22:58 -     FP: 1, FN: 4
2025-09-12 16:22:58 - Subject: sub-019
2025-09-12 16:22:58 -   Accuracy: 44.444%
2025-09-12 16:22:58 -   Precision: 0.364
2025-09-12 16:22:58 -   Recall: 0.571
2025-09-12 16:22:58 -   F1 Score: 0.443
2025-09-12 16:22:58 -   AUC: 0.478
2025-09-12 16:22:58 -   Correct/Total: 8/18
2025-09-12 16:22:58 -   Confusion Matrix Stats:
2025-09-12 16:22:58 -     TP: 4, TN: 4
2025-09-12 16:22:58 -     FP: 7, FN: 3
2025-09-12 16:22:58 - Subject: sub-020
2025-09-12 16:22:58 -   Accuracy: 73.750%
2025-09-12 16:22:58 -   Precision: 0.751
2025-09-12 16:22:58 -   Recall: 0.800
2025-09-12 16:22:58 -   F1 Score: 0.774
2025-09-12 16:22:58 -   AUC: 0.854
2025-09-12 16:22:58 -   Correct/Total: 12/16
2025-09-12 16:22:58 -   Confusion Matrix Stats:
2025-09-12 16:22:58 -     TP: 7, TN: 5
2025-09-12 16:22:58 -     FP: 2, FN: 2
2025-09-12 16:22:58 - Subject: sub-021
2025-09-12 16:22:58 -   Accuracy: 74.444%
2025-09-12 16:22:58 -   Precision: 0.849
2025-09-12 16:22:58 -   Recall: 0.709
2025-09-12 16:22:58 -   F1 Score: 0.772
2025-09-12 16:22:58 -   AUC: 0.834
2025-09-12 16:22:58 -   Correct/Total: 13/18
2025-09-12 16:22:58 -   Confusion Matrix Stats:
2025-09-12 16:22:58 -     TP: 8, TN: 6
2025-09-12 16:22:58 -     FP: 1, FN: 3
2025-09-12 16:22:58 - Subject: sub-022
2025-09-12 16:22:58 -   Accuracy: 73.333%
2025-09-12 16:22:58 -   Precision: 0.599
2025-09-12 16:22:58 -   Recall: 0.971
2025-09-12 16:22:58 -   F1 Score: 0.740
2025-09-12 16:22:58 -   AUC: 0.839
2025-09-12 16:22:58 -   Correct/Total: 13/18
2025-09-12 16:22:58 -   Confusion Matrix Stats:
2025-09-12 16:22:58 -     TP: 7, TN: 6
2025-09-12 16:22:58 -     FP: 5, FN: 0
2025-09-12 16:22:58 - Subject: sub-023
2025-09-12 16:22:58 -   Accuracy: 94.118%
2025-09-12 16:22:58 -   Precision: 1.000
2025-09-12 16:22:58 -   Recall: 0.800
2025-09-12 16:22:58 -   F1 Score: 0.889
2025-09-12 16:22:58 -   AUC: 0.957
2025-09-12 16:22:58 -   Correct/Total: 16/17
2025-09-12 16:22:58 -   Confusion Matrix Stats:
2025-09-12 16:22:58 -     TP: 4, TN: 12
2025-09-12 16:22:58 -     FP: 0, FN: 1
2025-09-12 16:22:58 - Subject: sub-024
2025-09-12 16:22:58 -   Accuracy: 73.846%
2025-09-12 16:22:58 -   Precision: 0.771
2025-09-12 16:22:58 -   Recall: 0.889
2025-09-12 16:22:58 -   F1 Score: 0.822
2025-09-12 16:22:58 -   AUC: 0.856
2025-09-12 16:22:58 -   Correct/Total: 10/13
2025-09-12 16:22:58 -   Confusion Matrix Stats:
2025-09-12 16:22:58 -     TP: 8, TN: 2
2025-09-12 16:22:58 -     FP: 2, FN: 1
2025-09-12 16:22:58 - Subject: sub-025
2025-09-12 16:22:58 -   Accuracy: 71.765%
2025-09-12 16:22:58 -   Precision: 0.722
2025-09-12 16:22:58 -   Recall: 0.756
2025-09-12 16:22:58 -   F1 Score: 0.734
2025-09-12 16:22:58 -   AUC: 0.825
2025-09-12 16:22:58 -   Correct/Total: 12/17
2025-09-12 16:22:58 -   Confusion Matrix Stats:
2025-09-12 16:22:58 -     TP: 7, TN: 5
2025-09-12 16:22:58 -     FP: 3, FN: 2
2025-09-12 16:22:58 - Subject: sub-026
2025-09-12 16:22:58 -   Accuracy: 62.667%
2025-09-12 16:22:58 -   Precision: 0.566
2025-09-12 16:22:58 -   Recall: 0.914
2025-09-12 16:22:58 -   F1 Score: 0.697
2025-09-12 16:22:58 -   AUC: 0.814
2025-09-12 16:22:58 -   Correct/Total: 9/15
2025-09-12 16:22:58 -   Confusion Matrix Stats:
2025-09-12 16:22:58 -     TP: 6, TN: 3
2025-09-12 16:22:58 -     FP: 5, FN: 1
2025-09-12 16:22:58 - Subject: sub-027
2025-09-12 16:22:58 -   Accuracy: 77.500%
2025-09-12 16:22:58 -   Precision: 0.647
2025-09-12 16:22:58 -   Recall: 0.600
2025-09-12 16:22:58 -   F1 Score: 0.614
2025-09-12 16:22:58 -   AUC: 0.855
2025-09-12 16:22:58 -   Correct/Total: 12/16
2025-09-12 16:22:58 -   Confusion Matrix Stats:
2025-09-12 16:22:58 -     TP: 3, TN: 9
2025-09-12 16:22:58 -     FP: 2, FN: 2
2025-09-12 16:22:58 - Subject: sub-028
2025-09-12 16:22:58 -   Accuracy: 67.143%
2025-09-12 16:22:58 -   Precision: 0.790
2025-09-12 16:22:58 -   Recall: 0.667
2025-09-12 16:22:58 -   F1 Score: 0.720
2025-09-12 16:22:58 -   AUC: 0.742
2025-09-12 16:22:58 -   Correct/Total: 9/14
2025-09-12 16:22:58 -   Confusion Matrix Stats:
2025-09-12 16:22:58 -     TP: 6, TN: 3
2025-09-12 16:22:58 -     FP: 2, FN: 3
2025-09-12 16:22:58 - Subject: sub-029
2025-09-12 16:22:58 -   Accuracy: 56.364%
2025-09-12 16:22:58 -   Precision: 0.520
2025-09-12 16:22:58 -   Recall: 0.640
2025-09-12 16:22:58 -   F1 Score: 0.572
2025-09-12 16:22:58 -   AUC: 0.620
2025-09-12 16:22:58 -   Correct/Total: 6/11
2025-09-12 16:22:58 -   Confusion Matrix Stats:
2025-09-12 16:22:58 -     TP: 3, TN: 3
2025-09-12 16:22:58 -     FP: 3, FN: 2
2025-09-12 16:22:58 - Subject: sub-030
2025-09-12 16:22:58 -   Accuracy: 91.111%
2025-09-12 16:22:58 -   Precision: 0.896
2025-09-12 16:22:58 -   Recall: 0.933
2025-09-12 16:22:58 -   F1 Score: 0.913
2025-09-12 16:22:58 -   AUC: 0.975
2025-09-12 16:22:58 -   Correct/Total: 16/18
2025-09-12 16:22:58 -   Confusion Matrix Stats:
2025-09-12 16:22:58 -     TP: 8, TN: 8
2025-09-12 16:22:58 -     FP: 1, FN: 1
2025-09-12 16:22:58 - Subject: sub-031
2025-09-12 16:22:58 -   Accuracy: 65.333%
2025-09-12 16:22:58 -   Precision: 0.835
2025-09-12 16:22:58 -   Recall: 0.600
2025-09-12 16:22:58 -   F1 Score: 0.696
2025-09-12 16:22:58 -   AUC: 0.624
2025-09-12 16:22:58 -   Correct/Total: 10/15
2025-09-12 16:22:58 -   Confusion Matrix Stats:
2025-09-12 16:22:58 -     TP: 6, TN: 4
2025-09-12 16:22:58 -     FP: 1, FN: 4
2025-09-12 16:22:58 - Subject: sub-032
2025-09-12 16:22:58 -   Accuracy: 64.444%
2025-09-12 16:22:58 -   Precision: 0.684
2025-09-12 16:22:58 -   Recall: 0.800
2025-09-12 16:22:58 -   F1 Score: 0.734
2025-09-12 16:22:58 -   AUC: 0.725
2025-09-12 16:22:58 -   Correct/Total: 12/18
2025-09-12 16:22:58 -   Confusion Matrix Stats:
2025-09-12 16:22:58 -     TP: 9, TN: 3
2025-09-12 16:22:58 -     FP: 4, FN: 2
2025-09-12 16:22:58 - Subject: sub-033
2025-09-12 16:22:58 -   Accuracy: 71.429%
2025-09-12 16:22:58 -   Precision: 0.576
2025-09-12 16:22:58 -   Recall: 0.800
2025-09-12 16:22:58 -   F1 Score: 0.660
2025-09-12 16:22:58 -   AUC: 0.769
2025-09-12 16:22:58 -   Correct/Total: 10/14
2025-09-12 16:22:58 -   Confusion Matrix Stats:
2025-09-12 16:22:58 -     TP: 4, TN: 6
2025-09-12 16:22:58 -     FP: 3, FN: 1
2025-09-12 16:22:58 - Subject: sub-034
2025-09-12 16:22:58 -   Accuracy: 78.947%
2025-09-12 16:22:58 -   Precision: 0.703
2025-09-12 16:22:58 -   Recall: 0.875
2025-09-12 16:22:58 -   F1 Score: 0.779
2025-09-12 16:22:58 -   AUC: 0.880
2025-09-12 16:22:58 -   Correct/Total: 15/19
2025-09-12 16:22:58 -   Confusion Matrix Stats:
2025-09-12 16:22:58 -     TP: 7, TN: 8
2025-09-12 16:22:58 -     FP: 3, FN: 1
2025-09-12 16:22:58 - Subject: sub-035
2025-09-12 16:22:58 -   Accuracy: 62.000%
2025-09-12 16:22:58 -   Precision: 0.796
2025-09-12 16:22:58 -   Recall: 0.629
2025-09-12 16:22:58 -   F1 Score: 0.695
2025-09-12 16:22:58 -   AUC: 0.657
2025-09-12 16:22:58 -   Correct/Total: 6/10
2025-09-12 16:22:58 -   Confusion Matrix Stats:
2025-09-12 16:22:58 -     TP: 4, TN: 2
2025-09-12 16:22:58 -     FP: 1, FN: 3
2025-09-12 16:22:58 - Subject: sub-036
2025-09-12 16:22:58 -   Accuracy: 62.500%
2025-09-12 16:22:58 -   Precision: 0.731
2025-09-12 16:22:58 -   Recall: 0.533
2025-09-12 16:22:58 -   F1 Score: 0.614
2025-09-12 16:22:58 -   AUC: 0.705
2025-09-12 16:22:58 -   Correct/Total: 10/16
2025-09-12 16:22:58 -   Confusion Matrix Stats:
2025-09-12 16:22:58 -     TP: 5, TN: 5
2025-09-12 16:22:58 -     FP: 2, FN: 4
2025-09-12 16:22:58 - Subject: sub-037
2025-09-12 16:22:58 -   Accuracy: 84.444%
2025-09-12 16:22:58 -   Precision: 0.837
2025-09-12 16:22:58 -   Recall: 0.900
2025-09-12 16:22:58 -   F1 Score: 0.866
2025-09-12 16:22:58 -   AUC: 0.920
2025-09-12 16:22:58 -   Correct/Total: 15/18
2025-09-12 16:22:58 -   Confusion Matrix Stats:
2025-09-12 16:22:58 -     TP: 9, TN: 6
2025-09-12 16:22:58 -     FP: 2, FN: 1
2025-09-12 16:22:58 - Subject: sub-038
2025-09-12 16:22:58 -   Accuracy: 72.308%
2025-09-12 16:22:58 -   Precision: 0.540
2025-09-12 16:22:58 -   Recall: 1.000
2025-09-12 16:22:58 -   F1 Score: 0.697
2025-09-12 16:22:58 -   AUC: 1.000
2025-09-12 16:22:58 -   Correct/Total: 9/13
2025-09-12 16:22:58 -   Confusion Matrix Stats:
2025-09-12 16:22:58 -     TP: 4, TN: 5
2025-09-12 16:22:58 -     FP: 4, FN: 0
2025-09-12 16:22:58 - Subject: sub-039
2025-09-12 16:22:58 -   Accuracy: 51.667%
2025-09-12 16:22:58 -   Precision: 0.536
2025-09-12 16:22:58 -   Recall: 0.333
2025-09-12 16:22:58 -   F1 Score: 0.396
2025-09-12 16:22:58 -   AUC: 0.550
2025-09-12 16:22:58 -   Correct/Total: 6/12
2025-09-12 16:22:58 -   Confusion Matrix Stats:
2025-09-12 16:22:58 -     TP: 2, TN: 4
2025-09-12 16:22:58 -     FP: 2, FN: 4
2025-09-12 16:22:58 - Subject: sub-040
2025-09-12 16:22:58 -   Accuracy: 52.308%
2025-09-12 16:22:58 -   Precision: 0.423
2025-09-12 16:22:58 -   Recall: 0.640
2025-09-12 16:22:58 -   F1 Score: 0.507
2025-09-12 16:22:58 -   AUC: 0.585
2025-09-12 16:22:58 -   Correct/Total: 7/13
2025-09-12 16:22:58 -   Confusion Matrix Stats:
2025-09-12 16:22:58 -     TP: 3, TN: 4
2025-09-12 16:22:58 -     FP: 4, FN: 2
2025-09-12 16:22:58 - 
P3 Pooled Model Statistics:
2025-09-12 16:22:58 - Mean Accuracy: 0.699
2025-09-12 16:22:58 - 95% Confidence Interval: [0.657, 0.740]
2025-09-12 16:22:58 - Best Subject: sub-017 (0.950)
2025-09-12 16:22:58 - Worst Subject: sub-006 (0.365)
2025-09-12 16:22:58 - Mean Precision: 0.690
2025-09-12 16:22:58 - Mean Recall: 0.734
2025-09-12 16:22:58 - Mean F1-Score: 0.711
2025-09-12 16:22:58 - Mean AUC: 0.779
2025-09-12 16:22:58 - Mean Confusion Matrix:
2025-09-12 16:22:58 -   TP: 6, TN: 5
2025-09-12 16:22:58 -   FP: 3, FN: 2
