2025-09-14 10:14:32 - 
Experiment Configuration:
2025-09-14 10:14:32 - --------------------------------------------------
2025-09-14 10:14:32 - dataset: P3 Raw Data BIDS-Compatible
2025-09-14 10:14:32 - use_combined_datasets: False
2025-09-14 10:14:32 - electrode_list: common
2025-09-14 10:14:32 - classifier: EEGConformer
2025-09-14 10:14:32 - separate_subject_classification: False
2025-09-14 10:14:32 - use_subject_layer: False
2025-09-14 10:14:32 - seeds: [42]
2025-09-14 10:14:32 - --------------------------------------------------
2025-09-14 10:14:32 - 
==================================================
2025-09-14 10:14:32 - Processing P3 Dataset
2025-09-14 10:14:32 - ==================================================
2025-09-14 10:15:22 - 
==================================================
2025-09-14 10:15:22 - Individual Subject Results - P3
2025-09-14 10:15:22 - ==================================================
2025-09-14 10:15:22 - Subject: sub-001
2025-09-14 10:15:22 -   Accuracy: 58.824%
2025-09-14 10:15:22 -   Precision: 0.455
2025-09-14 10:15:22 -   Recall: 0.833
2025-09-14 10:15:22 -   F1 Score: 0.588
2025-09-14 10:15:22 -   AUC: 0.712
2025-09-14 10:15:22 -   Correct/Total: 10/17
2025-09-14 10:15:22 -   Confusion Matrix Stats:
2025-09-14 10:15:22 -     TP: 5, TN: 5
2025-09-14 10:15:22 -     FP: 6, FN: 1
2025-09-14 10:15:22 - Subject: sub-002
2025-09-14 10:15:22 -   Accuracy: 87.500%
2025-09-14 10:15:22 -   Precision: 0.889
2025-09-14 10:15:22 -   Recall: 0.889
2025-09-14 10:15:22 -   F1 Score: 0.889
2025-09-14 10:15:22 -   AUC: 0.921
2025-09-14 10:15:22 -   Correct/Total: 14/16
2025-09-14 10:15:22 -   Confusion Matrix Stats:
2025-09-14 10:15:22 -     TP: 8, TN: 6
2025-09-14 10:15:22 -     FP: 1, FN: 1
2025-09-14 10:15:22 - Subject: sub-003
2025-09-14 10:15:22 -   Accuracy: 75.000%
2025-09-14 10:15:22 -   Precision: 0.700
2025-09-14 10:15:22 -   Recall: 0.778
2025-09-14 10:15:22 -   F1 Score: 0.737
2025-09-14 10:15:22 -   AUC: 0.848
2025-09-14 10:15:22 -   Correct/Total: 15/20
2025-09-14 10:15:22 -   Confusion Matrix Stats:
2025-09-14 10:15:22 -     TP: 7, TN: 8
2025-09-14 10:15:22 -     FP: 3, FN: 2
2025-09-14 10:15:22 - Subject: sub-004
2025-09-14 10:15:22 -   Accuracy: 85.000%
2025-09-14 10:15:22 -   Precision: 0.800
2025-09-14 10:15:22 -   Recall: 0.889
2025-09-14 10:15:22 -   F1 Score: 0.842
2025-09-14 10:15:22 -   AUC: 0.909
2025-09-14 10:15:22 -   Correct/Total: 17/20
2025-09-14 10:15:22 -   Confusion Matrix Stats:
2025-09-14 10:15:22 -     TP: 8, TN: 9
2025-09-14 10:15:22 -     FP: 2, FN: 1
2025-09-14 10:15:22 - Subject: sub-005
2025-09-14 10:15:22 -   Accuracy: 81.250%
2025-09-14 10:15:22 -   Precision: 0.500
2025-09-14 10:15:22 -   Recall: 0.667
2025-09-14 10:15:22 -   F1 Score: 0.571
2025-09-14 10:15:22 -   AUC: 0.821
2025-09-14 10:15:22 -   Correct/Total: 13/16
2025-09-14 10:15:22 -   Confusion Matrix Stats:
2025-09-14 10:15:22 -     TP: 2, TN: 11
2025-09-14 10:15:22 -     FP: 2, FN: 1
2025-09-14 10:15:22 - Subject: sub-006
2025-09-14 10:15:22 -   Accuracy: 42.105%
2025-09-14 10:15:22 -   Precision: 0.400
2025-09-14 10:15:22 -   Recall: 0.200
2025-09-14 10:15:22 -   F1 Score: 0.267
2025-09-14 10:15:22 -   AUC: 0.578
2025-09-14 10:15:22 -   Correct/Total: 8/19
2025-09-14 10:15:22 -   Confusion Matrix Stats:
2025-09-14 10:15:22 -     TP: 2, TN: 6
2025-09-14 10:15:22 -     FP: 3, FN: 8
2025-09-14 10:15:22 - Subject: sub-007
2025-09-14 10:15:22 -   Accuracy: 92.308%
2025-09-14 10:15:22 -   Precision: 0.857
2025-09-14 10:15:22 -   Recall: 1.000
2025-09-14 10:15:22 -   F1 Score: 0.923
2025-09-14 10:15:22 -   AUC: 0.976
2025-09-14 10:15:22 -   Correct/Total: 12/13
2025-09-14 10:15:22 -   Confusion Matrix Stats:
2025-09-14 10:15:22 -     TP: 6, TN: 6
2025-09-14 10:15:22 -     FP: 1, FN: 0
2025-09-14 10:15:22 - Subject: sub-008
2025-09-14 10:15:22 -   Accuracy: 61.538%
2025-09-14 10:15:22 -   Precision: 0.667
2025-09-14 10:15:22 -   Recall: 0.333
2025-09-14 10:15:22 -   F1 Score: 0.444
2025-09-14 10:15:22 -   AUC: 0.714
2025-09-14 10:15:22 -   Correct/Total: 8/13
2025-09-14 10:15:22 -   Confusion Matrix Stats:
2025-09-14 10:15:22 -     TP: 2, TN: 6
2025-09-14 10:15:22 -     FP: 1, FN: 4
2025-09-14 10:15:22 - Subject: sub-009
2025-09-14 10:15:22 -   Accuracy: 64.286%
2025-09-14 10:15:22 -   Precision: 0.667
2025-09-14 10:15:22 -   Recall: 0.571
2025-09-14 10:15:22 -   F1 Score: 0.615
2025-09-14 10:15:22 -   AUC: 0.633
2025-09-14 10:15:22 -   Correct/Total: 9/14
2025-09-14 10:15:22 -   Confusion Matrix Stats:
2025-09-14 10:15:22 -     TP: 4, TN: 5
2025-09-14 10:15:22 -     FP: 2, FN: 3
2025-09-14 10:15:22 - Subject: sub-010
2025-09-14 10:15:22 -   Accuracy: 64.286%
2025-09-14 10:15:22 -   Precision: 0.875
2025-09-14 10:15:22 -   Recall: 0.636
2025-09-14 10:15:22 -   F1 Score: 0.737
2025-09-14 10:15:22 -   AUC: 0.818
2025-09-14 10:15:22 -   Correct/Total: 9/14
2025-09-14 10:15:22 -   Confusion Matrix Stats:
2025-09-14 10:15:22 -     TP: 7, TN: 2
2025-09-14 10:15:22 -     FP: 1, FN: 4
2025-09-14 10:15:22 - Subject: sub-011
2025-09-14 10:15:22 -   Accuracy: 69.231%
2025-09-14 10:15:22 -   Precision: 0.750
2025-09-14 10:15:22 -   Recall: 0.500
2025-09-14 10:15:22 -   F1 Score: 0.600
2025-09-14 10:15:22 -   AUC: 0.738
2025-09-14 10:15:22 -   Correct/Total: 9/13
2025-09-14 10:15:22 -   Confusion Matrix Stats:
2025-09-14 10:15:22 -     TP: 3, TN: 6
2025-09-14 10:15:22 -     FP: 1, FN: 3
2025-09-14 10:15:22 - Subject: sub-012
2025-09-14 10:15:22 -   Accuracy: 86.667%
2025-09-14 10:15:22 -   Precision: 1.000
2025-09-14 10:15:22 -   Recall: 0.667
2025-09-14 10:15:22 -   F1 Score: 0.800
2025-09-14 10:15:22 -   AUC: 0.926
2025-09-14 10:15:22 -   Correct/Total: 13/15
2025-09-14 10:15:22 -   Confusion Matrix Stats:
2025-09-14 10:15:22 -     TP: 4, TN: 9
2025-09-14 10:15:22 -     FP: 0, FN: 2
2025-09-14 10:15:22 - Subject: sub-013
2025-09-14 10:15:22 -   Accuracy: 85.714%
2025-09-14 10:15:22 -   Precision: 0.889
2025-09-14 10:15:22 -   Recall: 0.800
2025-09-14 10:15:22 -   F1 Score: 0.842
2025-09-14 10:15:22 -   AUC: 0.864
2025-09-14 10:15:22 -   Correct/Total: 18/21
2025-09-14 10:15:22 -   Confusion Matrix Stats:
2025-09-14 10:15:22 -     TP: 8, TN: 10
2025-09-14 10:15:22 -     FP: 1, FN: 2
2025-09-14 10:15:22 - Subject: sub-014
2025-09-14 10:15:22 -   Accuracy: 58.333%
2025-09-14 10:15:22 -   Precision: 0.400
2025-09-14 10:15:22 -   Recall: 0.500
2025-09-14 10:15:22 -   F1 Score: 0.444
2025-09-14 10:15:22 -   AUC: 0.531
2025-09-14 10:15:22 -   Correct/Total: 7/12
2025-09-14 10:15:22 -   Confusion Matrix Stats:
2025-09-14 10:15:22 -     TP: 2, TN: 5
2025-09-14 10:15:22 -     FP: 3, FN: 2
2025-09-14 10:15:22 - Subject: sub-015
2025-09-14 10:15:22 -   Accuracy: 75.000%
2025-09-14 10:15:22 -   Precision: 0.800
2025-09-14 10:15:22 -   Recall: 0.571
2025-09-14 10:15:22 -   F1 Score: 0.667
2025-09-14 10:15:22 -   AUC: 0.810
2025-09-14 10:15:22 -   Correct/Total: 12/16
2025-09-14 10:15:22 -   Confusion Matrix Stats:
2025-09-14 10:15:22 -     TP: 4, TN: 8
2025-09-14 10:15:22 -     FP: 1, FN: 3
2025-09-14 10:15:22 - Subject: sub-016
2025-09-14 10:15:22 -   Accuracy: 81.250%
2025-09-14 10:15:22 -   Precision: 0.750
2025-09-14 10:15:22 -   Recall: 0.857
2025-09-14 10:15:22 -   F1 Score: 0.800
2025-09-14 10:15:22 -   AUC: 0.841
2025-09-14 10:15:22 -   Correct/Total: 13/16
2025-09-14 10:15:22 -   Confusion Matrix Stats:
2025-09-14 10:15:22 -     TP: 6, TN: 7
2025-09-14 10:15:22 -     FP: 2, FN: 1
2025-09-14 10:15:22 - Subject: sub-017
2025-09-14 10:15:22 -   Accuracy: 87.500%
2025-09-14 10:15:22 -   Precision: 0.875
2025-09-14 10:15:22 -   Recall: 0.875
2025-09-14 10:15:22 -   F1 Score: 0.875
2025-09-14 10:15:22 -   AUC: 0.953
2025-09-14 10:15:22 -   Correct/Total: 14/16
2025-09-14 10:15:22 -   Confusion Matrix Stats:
2025-09-14 10:15:22 -     TP: 7, TN: 7
2025-09-14 10:15:22 -     FP: 1, FN: 1
2025-09-14 10:15:22 - Subject: sub-018
2025-09-14 10:15:22 -   Accuracy: 90.000%
2025-09-14 10:15:22 -   Precision: 0.833
2025-09-14 10:15:22 -   Recall: 1.000
2025-09-14 10:15:22 -   F1 Score: 0.909
2025-09-14 10:15:22 -   AUC: 0.960
2025-09-14 10:15:22 -   Correct/Total: 9/10
2025-09-14 10:15:22 -   Confusion Matrix Stats:
2025-09-14 10:15:22 -     TP: 5, TN: 4
2025-09-14 10:15:22 -     FP: 1, FN: 0
2025-09-14 10:15:22 - Subject: sub-019
2025-09-14 10:15:22 -   Accuracy: 66.667%
2025-09-14 10:15:22 -   Precision: 0.857
2025-09-14 10:15:22 -   Recall: 0.545
2025-09-14 10:15:22 -   F1 Score: 0.667
2025-09-14 10:15:22 -   AUC: 0.805
2025-09-14 10:15:22 -   Correct/Total: 12/18
2025-09-14 10:15:22 -   Confusion Matrix Stats:
2025-09-14 10:15:22 -     TP: 6, TN: 6
2025-09-14 10:15:22 -     FP: 1, FN: 5
2025-09-14 10:15:22 - Subject: sub-020
2025-09-14 10:15:22 -   Accuracy: 80.000%
2025-09-14 10:15:22 -   Precision: 0.714
2025-09-14 10:15:22 -   Recall: 0.833
2025-09-14 10:15:22 -   F1 Score: 0.769
2025-09-14 10:15:22 -   AUC: 0.796
2025-09-14 10:15:22 -   Correct/Total: 12/15
2025-09-14 10:15:22 -   Confusion Matrix Stats:
2025-09-14 10:15:22 -     TP: 5, TN: 7
2025-09-14 10:15:22 -     FP: 2, FN: 1
2025-09-14 10:15:22 - Subject: sub-021
2025-09-14 10:15:22 -   Accuracy: 61.538%
2025-09-14 10:15:22 -   Precision: 1.000
2025-09-14 10:15:22 -   Recall: 0.375
2025-09-14 10:15:22 -   F1 Score: 0.545
2025-09-14 10:15:22 -   AUC: 0.725
2025-09-14 10:15:22 -   Correct/Total: 8/13
2025-09-14 10:15:22 -   Confusion Matrix Stats:
2025-09-14 10:15:22 -     TP: 3, TN: 5
2025-09-14 10:15:22 -     FP: 0, FN: 5
2025-09-14 10:15:22 - Subject: sub-022
2025-09-14 10:15:22 -   Accuracy: 83.333%
2025-09-14 10:15:22 -   Precision: 1.000
2025-09-14 10:15:22 -   Recall: 0.750
2025-09-14 10:15:22 -   F1 Score: 0.857
2025-09-14 10:15:22 -   AUC: 0.875
2025-09-14 10:15:22 -   Correct/Total: 15/18
2025-09-14 10:15:22 -   Confusion Matrix Stats:
2025-09-14 10:15:22 -     TP: 9, TN: 6
2025-09-14 10:15:22 -     FP: 0, FN: 3
2025-09-14 10:15:22 - Subject: sub-023
2025-09-14 10:15:22 -   Accuracy: 50.000%
2025-09-14 10:15:22 -   Precision: 0.000
2025-09-14 10:15:22 -   Recall: 0.000
2025-09-14 10:15:22 -   F1 Score: 0.000
2025-09-14 10:15:22 -   AUC: 0.653
2025-09-14 10:15:22 -   Correct/Total: 7/14
2025-09-14 10:15:22 -   Confusion Matrix Stats:
2025-09-14 10:15:22 -     TP: 0, TN: 7
2025-09-14 10:15:22 -     FP: 0, FN: 7
2025-09-14 10:15:22 - Subject: sub-024
2025-09-14 10:15:22 -   Accuracy: 63.636%
2025-09-14 10:15:22 -   Precision: 0.500
2025-09-14 10:15:22 -   Recall: 0.250
2025-09-14 10:15:22 -   F1 Score: 0.333
2025-09-14 10:15:22 -   AUC: 0.821
2025-09-14 10:15:22 -   Correct/Total: 7/11
2025-09-14 10:15:22 -   Confusion Matrix Stats:
2025-09-14 10:15:22 -     TP: 1, TN: 6
2025-09-14 10:15:22 -     FP: 1, FN: 3
2025-09-14 10:15:22 - Subject: sub-025
2025-09-14 10:15:22 -   Accuracy: 73.684%
2025-09-14 10:15:22 -   Precision: 1.000
2025-09-14 10:15:22 -   Recall: 0.583
2025-09-14 10:15:22 -   F1 Score: 0.737
2025-09-14 10:15:22 -   AUC: 1.000
2025-09-14 10:15:22 -   Correct/Total: 14/19
2025-09-14 10:15:22 -   Confusion Matrix Stats:
2025-09-14 10:15:22 -     TP: 7, TN: 7
2025-09-14 10:15:22 -     FP: 0, FN: 5
2025-09-14 10:15:22 - Subject: sub-026
2025-09-14 10:15:22 -   Accuracy: 75.000%
2025-09-14 10:15:22 -   Precision: 1.000
2025-09-14 10:15:22 -   Recall: 0.615
2025-09-14 10:15:22 -   F1 Score: 0.762
2025-09-14 10:15:22 -   AUC: 0.956
2025-09-14 10:15:22 -   Correct/Total: 15/20
2025-09-14 10:15:22 -   Confusion Matrix Stats:
2025-09-14 10:15:22 -     TP: 8, TN: 7
2025-09-14 10:15:22 -     FP: 0, FN: 5
2025-09-14 10:15:22 - Subject: sub-027
2025-09-14 10:15:22 -   Accuracy: 61.111%
2025-09-14 10:15:22 -   Precision: 1.000
2025-09-14 10:15:22 -   Recall: 0.417
2025-09-14 10:15:22 -   F1 Score: 0.588
2025-09-14 10:15:22 -   AUC: 0.708
2025-09-14 10:15:22 -   Correct/Total: 11/18
2025-09-14 10:15:22 -   Confusion Matrix Stats:
2025-09-14 10:15:22 -     TP: 5, TN: 6
2025-09-14 10:15:22 -     FP: 0, FN: 7
2025-09-14 10:15:22 - Subject: sub-028
2025-09-14 10:15:22 -   Accuracy: 72.222%
2025-09-14 10:15:22 -   Precision: 1.000
2025-09-14 10:15:22 -   Recall: 0.444
2025-09-14 10:15:22 -   F1 Score: 0.615
2025-09-14 10:15:22 -   AUC: 0.951
2025-09-14 10:15:22 -   Correct/Total: 13/18
2025-09-14 10:15:22 -   Confusion Matrix Stats:
2025-09-14 10:15:22 -     TP: 4, TN: 9
2025-09-14 10:15:22 -     FP: 0, FN: 5
2025-09-14 10:15:22 - Subject: sub-029
2025-09-14 10:15:22 -   Accuracy: 87.500%
2025-09-14 10:15:22 -   Precision: 1.000
2025-09-14 10:15:22 -   Recall: 0.778
2025-09-14 10:15:22 -   F1 Score: 0.875
2025-09-14 10:15:22 -   AUC: 0.921
2025-09-14 10:15:22 -   Correct/Total: 14/16
2025-09-14 10:15:22 -   Confusion Matrix Stats:
2025-09-14 10:15:22 -     TP: 7, TN: 7
2025-09-14 10:15:22 -     FP: 0, FN: 2
2025-09-14 10:15:22 - Subject: sub-030
2025-09-14 10:15:22 -   Accuracy: 89.474%
2025-09-14 10:15:22 -   Precision: 1.000
2025-09-14 10:15:22 -   Recall: 0.500
2025-09-14 10:15:22 -   F1 Score: 0.667
2025-09-14 10:15:22 -   AUC: 0.850
2025-09-14 10:15:22 -   Correct/Total: 17/19
2025-09-14 10:15:22 -   Confusion Matrix Stats:
2025-09-14 10:15:22 -     TP: 2, TN: 15
2025-09-14 10:15:22 -     FP: 0, FN: 2
2025-09-14 10:15:22 - Subject: sub-031
2025-09-14 10:15:22 -   Accuracy: 58.333%
2025-09-14 10:15:22 -   Precision: 0.625
2025-09-14 10:15:22 -   Recall: 0.714
2025-09-14 10:15:22 -   F1 Score: 0.667
2025-09-14 10:15:22 -   AUC: 0.829
2025-09-14 10:15:22 -   Correct/Total: 7/12
2025-09-14 10:15:22 -   Confusion Matrix Stats:
2025-09-14 10:15:22 -     TP: 5, TN: 2
2025-09-14 10:15:22 -     FP: 3, FN: 2
2025-09-14 10:15:22 - Subject: sub-032
2025-09-14 10:15:22 -   Accuracy: 78.571%
2025-09-14 10:15:22 -   Precision: 0.833
2025-09-14 10:15:22 -   Recall: 0.714
2025-09-14 10:15:22 -   F1 Score: 0.769
2025-09-14 10:15:22 -   AUC: 0.857
2025-09-14 10:15:22 -   Correct/Total: 11/14
2025-09-14 10:15:22 -   Confusion Matrix Stats:
2025-09-14 10:15:22 -     TP: 5, TN: 6
2025-09-14 10:15:22 -     FP: 1, FN: 2
2025-09-14 10:15:22 - Subject: sub-033
2025-09-14 10:15:22 -   Accuracy: 60.000%
2025-09-14 10:15:22 -   Precision: 0.800
2025-09-14 10:15:22 -   Recall: 0.444
2025-09-14 10:15:22 -   F1 Score: 0.571
2025-09-14 10:15:22 -   AUC: 0.759
2025-09-14 10:15:22 -   Correct/Total: 9/15
2025-09-14 10:15:22 -   Confusion Matrix Stats:
2025-09-14 10:15:22 -     TP: 4, TN: 5
2025-09-14 10:15:22 -     FP: 1, FN: 5
2025-09-14 10:15:22 - Subject: sub-034
2025-09-14 10:15:22 -   Accuracy: 73.333%
2025-09-14 10:15:22 -   Precision: 0.750
2025-09-14 10:15:22 -   Recall: 0.750
2025-09-14 10:15:22 -   F1 Score: 0.750
2025-09-14 10:15:22 -   AUC: 0.804
2025-09-14 10:15:22 -   Correct/Total: 11/15
2025-09-14 10:15:22 -   Confusion Matrix Stats:
2025-09-14 10:15:22 -     TP: 6, TN: 5
2025-09-14 10:15:22 -     FP: 2, FN: 2
2025-09-14 10:15:22 - Subject: sub-035
2025-09-14 10:15:22 -   Accuracy: 66.667%
2025-09-14 10:15:22 -   Precision: 0.800
2025-09-14 10:15:22 -   Recall: 0.500
2025-09-14 10:15:22 -   F1 Score: 0.615
2025-09-14 10:15:22 -   AUC: 0.696
2025-09-14 10:15:22 -   Correct/Total: 10/15
2025-09-14 10:15:22 -   Confusion Matrix Stats:
2025-09-14 10:15:22 -     TP: 4, TN: 6
2025-09-14 10:15:22 -     FP: 1, FN: 4
2025-09-14 10:15:22 - Subject: sub-036
2025-09-14 10:15:22 -   Accuracy: 41.667%
2025-09-14 10:15:22 -   Precision: 0.000
2025-09-14 10:15:22 -   Recall: 0.000
2025-09-14 10:15:22 -   F1 Score: 0.000
2025-09-14 10:15:22 -   AUC: 0.714
2025-09-14 10:15:22 -   Correct/Total: 5/12
2025-09-14 10:15:22 -   Confusion Matrix Stats:
2025-09-14 10:15:22 -     TP: 0, TN: 5
2025-09-14 10:15:22 -     FP: 2, FN: 5
2025-09-14 10:15:22 - Subject: sub-037
2025-09-14 10:15:22 -   Accuracy: 66.667%
2025-09-14 10:15:22 -   Precision: 0.750
2025-09-14 10:15:22 -   Recall: 0.333
2025-09-14 10:15:22 -   F1 Score: 0.462
2025-09-14 10:15:22 -   AUC: 0.815
2025-09-14 10:15:22 -   Correct/Total: 14/21
2025-09-14 10:15:22 -   Confusion Matrix Stats:
2025-09-14 10:15:22 -     TP: 3, TN: 11
2025-09-14 10:15:22 -     FP: 1, FN: 6
2025-09-14 10:15:22 - Subject: sub-038
2025-09-14 10:15:22 -   Accuracy: 87.500%
2025-09-14 10:15:22 -   Precision: 0.778
2025-09-14 10:15:22 -   Recall: 1.000
2025-09-14 10:15:22 -   F1 Score: 0.875
2025-09-14 10:15:22 -   AUC: 1.000
2025-09-14 10:15:22 -   Correct/Total: 14/16
2025-09-14 10:15:22 -   Confusion Matrix Stats:
2025-09-14 10:15:22 -     TP: 7, TN: 7
2025-09-14 10:15:22 -     FP: 2, FN: 0
2025-09-14 10:15:22 - Subject: sub-039
2025-09-14 10:15:22 -   Accuracy: 53.333%
2025-09-14 10:15:22 -   Precision: 0.667
2025-09-14 10:15:22 -   Recall: 0.444
2025-09-14 10:15:22 -   F1 Score: 0.533
2025-09-14 10:15:22 -   AUC: 0.704
2025-09-14 10:15:22 -   Correct/Total: 8/15
2025-09-14 10:15:22 -   Confusion Matrix Stats:
2025-09-14 10:15:22 -     TP: 4, TN: 4
2025-09-14 10:15:22 -     FP: 2, FN: 5
2025-09-14 10:15:22 - Subject: sub-040
2025-09-14 10:15:22 -   Accuracy: 73.913%
2025-09-14 10:15:22 -   Precision: 0.786
2025-09-14 10:15:22 -   Recall: 0.786
2025-09-14 10:15:22 -   F1 Score: 0.786
2025-09-14 10:15:22 -   AUC: 0.849
2025-09-14 10:15:22 -   Correct/Total: 17/23
2025-09-14 10:15:22 -   Confusion Matrix Stats:
2025-09-14 10:15:22 -     TP: 11, TN: 6
2025-09-14 10:15:22 -     FP: 3, FN: 3
2025-09-14 10:15:22 - 
P3 Pooled Model Statistics:
2025-09-14 10:15:22 - Mean Accuracy: 0.717
2025-09-14 10:15:22 - 95% Confidence Interval: [0.675, 0.760]
2025-09-14 10:15:22 - Best Subject: sub-007 (0.923)
2025-09-14 10:15:22 - Worst Subject: sub-036 (0.417)
2025-09-14 10:15:22 - Mean Precision: 0.784
2025-09-14 10:15:22 - Mean Recall: 0.614
2025-09-14 10:15:22 - Mean F1-Score: 0.689
2025-09-14 10:15:22 - Mean AUC: 0.816
2025-09-14 10:15:22 - Mean Confusion Matrix:
2025-09-14 10:15:22 -   TP: 5, TN: 7
2025-09-14 10:15:22 -   FP: 1, FN: 3
