2025-09-30 18:59:49 - 
Experiment Configuration:
2025-09-30 18:59:49 - --------------------------------------------------
2025-09-30 18:59:49 - dataset: P3 Raw Data BIDS-Compatible
2025-09-30 18:59:49 - use_combined_datasets: False
2025-09-30 18:59:49 - electrode_list: all
2025-09-30 18:59:49 - classifier: EEGConformer
2025-09-30 18:59:49 - separate_subject_classification: False
2025-09-30 18:59:49 - use_subject_layer: False
2025-09-30 18:59:49 - seeds: [42, 123, 456, 789, 321]
2025-09-30 18:59:49 - use_nested_cv: True
2025-09-30 18:59:49 - electrode_fusion_method: none
2025-09-30 18:59:49 - domain_adaptation_method: none
2025-09-30 18:59:49 - enable_comprehensive_evaluation: True
2025-09-30 18:59:49 - enable_domain_analysis: True
2025-09-30 18:59:49 - enable_small_sample_analysis: False
2025-09-30 18:59:49 - small_sample_sizes: [5, 10, 15, 20]
2025-09-30 18:59:49 - small_sample_subjects: [5, 10, 15]
2025-09-30 18:59:49 - --------------------------------------------------
2025-09-30 18:59:49 - 
==================================================
2025-09-30 18:59:49 - Processing P3 Dataset
2025-09-30 18:59:49 - ==================================================
2025-09-30 18:59:49 - Using Cross-Validation (simplified approach)
2025-09-30 18:59:49 - Configuration: 5-fold CV, 5 repeats
2025-09-30 18:59:49 - ============================================================
2025-09-30 18:59:49 - CROSS-VALIDATION CONFIGURATION
2025-09-30 18:59:49 - ============================================================
2025-09-30 18:59:49 - Datasets: ['P3']
2025-09-30 18:59:49 - CV folds: 5
2025-09-30 18:59:49 - Repeats: 5
2025-09-30 18:59:49 - Confidence level: 0.95
2025-09-30 18:59:49 - ============================================================
2025-09-30 18:59:49 - STRATIFIED SAMPLING CONFIGURATION
2025-09-30 18:59:49 - ============================================================
2025-09-30 18:59:49 - Nested CV Mode: Trial counts per subject by dataset
2025-09-30 18:59:49 -   P3 dataset: 10 trials per subject
2025-09-30 18:59:49 - Sampling strategy: Multi-level stratified sampling
2025-09-30 18:59:49 -   - Subject-level: Stratified trial selection per subject
2025-09-30 18:59:49 -   - Dataset-level: Stratified sampling when dataset trial counts differ
2025-09-30 18:59:49 -   - Fold-level: StratifiedKFold for 5-fold CV
2025-09-30 18:59:49 -   - Train/Val split: Stratified train_test_split within each fold
2025-09-30 18:59:49 - ============================================================
2025-09-30 18:59:49 - Subject sub-001: Sampled 10/80 trials
2025-09-30 18:59:49 -   Original distribution: {0: 0.5, 1: 0.5}
2025-09-30 18:59:49 -   Sampled distribution: {0: 0.5, 1: 0.5}
2025-09-30 18:59:49 - Subject sub-002: Sampled 10/80 trials
2025-09-30 18:59:49 -   Original distribution: {0: 0.5, 1: 0.5}
2025-09-30 18:59:49 -   Sampled distribution: {0: 0.5, 1: 0.5}
2025-09-30 18:59:50 - Subject sub-003: Sampled 10/80 trials
2025-09-30 18:59:50 -   Original distribution: {0: 0.5, 1: 0.5}
2025-09-30 18:59:50 -   Sampled distribution: {0: 0.5, 1: 0.5}
2025-09-30 18:59:50 - Subject sub-004: Sampled 10/78 trials
2025-09-30 18:59:50 -   Original distribution: {0: 0.5, 1: 0.5}
2025-09-30 18:59:50 -   Sampled distribution: {0: 0.5, 1: 0.5}
2025-09-30 18:59:50 - Subject sub-005: Sampled 10/80 trials
2025-09-30 18:59:50 -   Original distribution: {0: 0.5, 1: 0.5}
2025-09-30 18:59:50 -   Sampled distribution: {0: 0.5, 1: 0.5}
2025-09-30 18:59:50 - Subject sub-006: Sampled 10/80 trials
2025-09-30 18:59:50 -   Original distribution: {0: 0.5, 1: 0.5}
2025-09-30 18:59:50 -   Sampled distribution: {0: 0.5, 1: 0.5}
2025-09-30 18:59:50 - Subject sub-007: Sampled 10/80 trials
2025-09-30 18:59:50 -   Original distribution: {0: 0.5, 1: 0.5}
2025-09-30 18:59:50 -   Sampled distribution: {0: 0.5, 1: 0.5}
2025-09-30 18:59:50 - Subject sub-008: Sampled 10/80 trials
2025-09-30 18:59:50 -   Original distribution: {0: 0.5, 1: 0.5}
2025-09-30 18:59:50 -   Sampled distribution: {0: 0.5, 1: 0.5}
2025-09-30 18:59:51 - Subject sub-009: Sampled 10/80 trials
2025-09-30 18:59:51 -   Original distribution: {0: 0.5, 1: 0.5}
2025-09-30 18:59:51 -   Sampled distribution: {0: 0.5, 1: 0.5}
2025-09-30 18:59:51 - Subject sub-010: Sampled 10/80 trials
2025-09-30 18:59:51 -   Original distribution: {0: 0.5, 1: 0.5}
2025-09-30 18:59:51 -   Sampled distribution: {0: 0.5, 1: 0.5}
2025-09-30 18:59:51 - Subject sub-011: Sampled 10/80 trials
2025-09-30 18:59:51 -   Original distribution: {0: 0.5, 1: 0.5}
2025-09-30 18:59:51 -   Sampled distribution: {0: 0.5, 1: 0.5}
2025-09-30 18:59:51 - Subject sub-012: Sampled 10/78 trials
2025-09-30 18:59:51 -   Original distribution: {0: 0.5, 1: 0.5}
2025-09-30 18:59:51 -   Sampled distribution: {0: 0.5, 1: 0.5}
2025-09-30 18:59:51 - Subject sub-013: Sampled 10/80 trials
2025-09-30 18:59:51 -   Original distribution: {0: 0.5, 1: 0.5}
2025-09-30 18:59:51 -   Sampled distribution: {0: 0.5, 1: 0.5}
2025-09-30 18:59:51 - Subject sub-014: Sampled 10/80 trials
2025-09-30 18:59:51 -   Original distribution: {0: 0.5, 1: 0.5}
2025-09-30 18:59:51 -   Sampled distribution: {0: 0.5, 1: 0.5}
2025-09-30 18:59:51 - Subject sub-015: Sampled 10/80 trials
2025-09-30 18:59:51 -   Original distribution: {0: 0.5, 1: 0.5}
2025-09-30 18:59:51 -   Sampled distribution: {0: 0.5, 1: 0.5}
2025-09-30 18:59:52 - Subject sub-016: Sampled 10/80 trials
2025-09-30 18:59:52 -   Original distribution: {0: 0.5, 1: 0.5}
2025-09-30 18:59:52 -   Sampled distribution: {0: 0.5, 1: 0.5}
2025-09-30 18:59:52 - Subject sub-017: Sampled 10/80 trials
2025-09-30 18:59:52 -   Original distribution: {0: 0.5, 1: 0.5}
2025-09-30 18:59:52 -   Sampled distribution: {0: 0.5, 1: 0.5}
2025-09-30 18:59:52 - Subject sub-018: Sampled 10/80 trials
2025-09-30 18:59:52 -   Original distribution: {0: 0.5, 1: 0.5}
2025-09-30 18:59:52 -   Sampled distribution: {0: 0.5, 1: 0.5}
2025-09-30 18:59:52 - Subject sub-019: Sampled 10/80 trials
2025-09-30 18:59:52 -   Original distribution: {0: 0.5, 1: 0.5}
2025-09-30 18:59:52 -   Sampled distribution: {0: 0.5, 1: 0.5}
2025-09-30 18:59:52 - Subject sub-020: Sampled 10/78 trials
2025-09-30 18:59:52 -   Original distribution: {0: 0.5, 1: 0.5}
2025-09-30 18:59:52 -   Sampled distribution: {0: 0.5, 1: 0.5}
2025-09-30 18:59:52 - Subject sub-021: Sampled 10/80 trials
2025-09-30 18:59:52 -   Original distribution: {0: 0.5, 1: 0.5}
2025-09-30 18:59:52 -   Sampled distribution: {0: 0.5, 1: 0.5}
2025-09-30 18:59:53 - Subject sub-022: Sampled 10/80 trials
2025-09-30 18:59:53 -   Original distribution: {0: 0.5, 1: 0.5}
2025-09-30 18:59:53 -   Sampled distribution: {0: 0.5, 1: 0.5}
2025-09-30 18:59:53 - Subject sub-023: Sampled 10/78 trials
2025-09-30 18:59:53 -   Original distribution: {0: 0.5, 1: 0.5}
2025-09-30 18:59:53 -   Sampled distribution: {0: 0.5, 1: 0.5}
2025-09-30 18:59:53 - Subject sub-024: Sampled 10/80 trials
2025-09-30 18:59:53 -   Original distribution: {0: 0.5, 1: 0.5}
2025-09-30 18:59:53 -   Sampled distribution: {0: 0.5, 1: 0.5}
2025-09-30 18:59:53 - Subject sub-025: Sampled 10/80 trials
2025-09-30 18:59:53 -   Original distribution: {0: 0.5, 1: 0.5}
2025-09-30 18:59:53 -   Sampled distribution: {0: 0.5, 1: 0.5}
2025-09-30 18:59:53 - Subject sub-026: Sampled 10/80 trials
2025-09-30 18:59:53 -   Original distribution: {0: 0.5, 1: 0.5}
2025-09-30 18:59:53 -   Sampled distribution: {0: 0.5, 1: 0.5}
2025-09-30 18:59:53 - Subject sub-027: Sampled 10/80 trials
2025-09-30 18:59:53 -   Original distribution: {0: 0.5, 1: 0.5}
2025-09-30 18:59:53 -   Sampled distribution: {0: 0.5, 1: 0.5}
2025-09-30 18:59:53 - Subject sub-028: Sampled 10/80 trials
2025-09-30 18:59:53 -   Original distribution: {0: 0.5, 1: 0.5}
2025-09-30 18:59:53 -   Sampled distribution: {0: 0.5, 1: 0.5}
2025-09-30 18:59:54 - Subject sub-029: Sampled 10/80 trials
2025-09-30 18:59:54 -   Original distribution: {0: 0.5, 1: 0.5}
2025-09-30 18:59:54 -   Sampled distribution: {0: 0.5, 1: 0.5}
2025-09-30 18:59:54 - Subject sub-030: Sampled 10/80 trials
2025-09-30 18:59:54 -   Original distribution: {0: 0.5, 1: 0.5}
2025-09-30 18:59:54 -   Sampled distribution: {0: 0.5, 1: 0.5}
2025-09-30 18:59:54 - Subject sub-031: Sampled 10/80 trials
2025-09-30 18:59:54 -   Original distribution: {0: 0.5, 1: 0.5}
2025-09-30 18:59:54 -   Sampled distribution: {0: 0.5, 1: 0.5}
2025-09-30 18:59:54 - Subject sub-032: Sampled 10/80 trials
2025-09-30 18:59:54 -   Original distribution: {0: 0.5, 1: 0.5}
2025-09-30 18:59:54 -   Sampled distribution: {0: 0.5, 1: 0.5}
2025-09-30 18:59:54 - Subject sub-033: Sampled 10/80 trials
2025-09-30 18:59:54 -   Original distribution: {0: 0.5, 1: 0.5}
2025-09-30 18:59:54 -   Sampled distribution: {0: 0.5, 1: 0.5}
2025-09-30 18:59:54 - Subject sub-034: Sampled 10/80 trials
2025-09-30 18:59:54 -   Original distribution: {0: 0.5, 1: 0.5}
2025-09-30 18:59:54 -   Sampled distribution: {0: 0.5, 1: 0.5}
2025-09-30 18:59:55 - Subject sub-035: Sampled 10/78 trials
2025-09-30 18:59:55 -   Original distribution: {0: 0.5, 1: 0.5}
2025-09-30 18:59:55 -   Sampled distribution: {0: 0.5, 1: 0.5}
2025-09-30 18:59:55 - Subject sub-036: Sampled 10/80 trials
2025-09-30 18:59:55 -   Original distribution: {0: 0.5, 1: 0.5}
2025-09-30 18:59:55 -   Sampled distribution: {0: 0.5, 1: 0.5}
2025-09-30 18:59:55 - Subject sub-037: Sampled 10/78 trials
2025-09-30 18:59:55 -   Original distribution: {0: 0.5, 1: 0.5}
2025-09-30 18:59:55 -   Sampled distribution: {0: 0.5, 1: 0.5}
2025-09-30 18:59:55 - Subject sub-038: Sampled 10/80 trials
2025-09-30 18:59:55 -   Original distribution: {0: 0.5, 1: 0.5}
2025-09-30 18:59:55 -   Sampled distribution: {0: 0.5, 1: 0.5}
2025-09-30 18:59:55 - Subject sub-039: Sampled 10/80 trials
2025-09-30 18:59:55 -   Original distribution: {0: 0.5, 1: 0.5}
2025-09-30 18:59:55 -   Sampled distribution: {0: 0.5, 1: 0.5}
2025-09-30 18:59:55 - Subject sub-040: Sampled 10/80 trials
2025-09-30 18:59:55 -   Original distribution: {0: 0.5, 1: 0.5}
2025-09-30 18:59:55 -   Sampled distribution: {0: 0.5, 1: 0.5}
2025-09-30 18:59:55 - Nested CV dataset summary:
2025-09-30 18:59:55 -   Total subjects: 40
2025-09-30 18:59:55 -   Total trials: 400
2025-09-30 18:59:55 -   Average trials per subject: 10.0
2025-09-30 18:59:55 -   P3 dataset: 0 subjects, 400 trials (inf trials/subject)
2025-09-30 18:59:55 -   Class distribution: {0: 200, 1: 200}
2025-09-30 18:59:55 -   Class proportions: [0.5 0.5]
2025-09-30 18:59:55 - Enhanced preprocessing increased channels from 8 to 40
2025-09-30 18:59:55 - Starting Cross-Validation for EEGConformer
2025-09-30 18:59:55 - Configuration: 5-fold CV, 5 repeats
2025-09-30 18:59:55 - Data split ratios: Train=0.7, Val=0.1, Test=0.2
2025-09-30 18:59:55 - Repeat 1/5
2025-09-30 18:59:55 -   Fold 1/5
2025-09-30 18:59:55 -     Fold split: Train=280, Val=40
2025-09-30 18:59:57 -     Test accuracy: 0.5000
2025-09-30 18:59:57 -   Fold 2/5
2025-09-30 18:59:57 -     Fold split: Train=280, Val=40
2025-09-30 19:00:01 -     Test accuracy: 0.5125
2025-09-30 19:00:01 -   Fold 3/5
2025-09-30 19:00:01 -     Fold split: Train=280, Val=40
2025-09-30 19:00:03 -     Test accuracy: 0.5000
2025-09-30 19:00:03 -   Fold 4/5
2025-09-30 19:00:03 -     Fold split: Train=280, Val=40
2025-09-30 19:00:08 -     Test accuracy: 0.6250
2025-09-30 19:00:08 -   Fold 5/5
2025-09-30 19:00:08 -     Fold split: Train=280, Val=40
2025-09-30 19:00:11 -     Test accuracy: 0.5000
2025-09-30 19:00:11 -   Repeat 1 mean accuracy: 0.5275 ± 0.0490
2025-09-30 19:00:11 - Repeat 2/5
2025-09-30 19:00:11 -   Fold 1/5
2025-09-30 19:00:11 -     Fold split: Train=280, Val=40
2025-09-30 19:00:15 -     Test accuracy: 0.6000
2025-09-30 19:00:15 -   Fold 2/5
2025-09-30 19:00:15 -     Fold split: Train=280, Val=40
2025-09-30 19:00:20 -     Test accuracy: 0.6000
2025-09-30 19:00:20 -   Fold 3/5
2025-09-30 19:00:20 -     Fold split: Train=280, Val=40
2025-09-30 19:00:22 -     Test accuracy: 0.5000
2025-09-30 19:00:22 -   Fold 4/5
2025-09-30 19:00:22 -     Fold split: Train=280, Val=40
2025-09-30 19:00:26 -     Test accuracy: 0.5250
2025-09-30 19:00:26 -   Fold 5/5
2025-09-30 19:00:26 -     Fold split: Train=280, Val=40
2025-09-30 19:00:29 -     Test accuracy: 0.6625
2025-09-30 19:00:29 -   Repeat 2 mean accuracy: 0.5775 ± 0.0583
2025-09-30 19:00:29 - Repeat 3/5
2025-09-30 19:00:29 -   Fold 1/5
2025-09-30 19:00:29 -     Fold split: Train=280, Val=40
2025-09-30 19:00:31 -     Test accuracy: 0.5000
2025-09-30 19:00:31 -   Fold 2/5
2025-09-30 19:00:31 -     Fold split: Train=280, Val=40
2025-09-30 19:00:33 -     Test accuracy: 0.5000
2025-09-30 19:00:33 -   Fold 3/5
2025-09-30 19:00:33 -     Fold split: Train=280, Val=40
2025-09-30 19:00:34 -     Test accuracy: 0.5000
2025-09-30 19:00:34 -   Fold 4/5
2025-09-30 19:00:34 -     Fold split: Train=280, Val=40
2025-09-30 19:00:39 -     Test accuracy: 0.5750
2025-09-30 19:00:39 -   Fold 5/5
2025-09-30 19:00:39 -     Fold split: Train=280, Val=40
2025-09-30 19:00:42 -     Test accuracy: 0.4750
2025-09-30 19:00:42 -   Repeat 3 mean accuracy: 0.5100 ± 0.0339
2025-09-30 19:00:42 - Repeat 4/5
2025-09-30 19:00:42 -   Fold 1/5
2025-09-30 19:00:42 -     Fold split: Train=280, Val=40
2025-09-30 19:00:44 -     Test accuracy: 0.5000
2025-09-30 19:00:44 -   Fold 2/5
2025-09-30 19:00:44 -     Fold split: Train=280, Val=40
2025-09-30 19:00:48 -     Test accuracy: 0.5250
2025-09-30 19:00:48 -   Fold 3/5
2025-09-30 19:00:48 -     Fold split: Train=280, Val=40
2025-09-30 19:00:49 -     Test accuracy: 0.5000
2025-09-30 19:00:49 -   Fold 4/5
2025-09-30 19:00:49 -     Fold split: Train=280, Val=40
2025-09-30 19:00:52 -     Test accuracy: 0.5500
2025-09-30 19:00:52 -   Fold 5/5
2025-09-30 19:00:52 -     Fold split: Train=280, Val=40
2025-09-30 19:00:53 -     Test accuracy: 0.5000
2025-09-30 19:00:53 -   Repeat 4 mean accuracy: 0.5150 ± 0.0200
2025-09-30 19:00:53 - Repeat 5/5
2025-09-30 19:00:53 -   Fold 1/5
2025-09-30 19:00:53 -     Fold split: Train=280, Val=40
2025-09-30 19:00:58 -     Test accuracy: 0.5375
2025-09-30 19:00:58 -   Fold 2/5
2025-09-30 19:00:58 -     Fold split: Train=280, Val=40
2025-09-30 19:00:59 -     Test accuracy: 0.5000
2025-09-30 19:00:59 -   Fold 3/5
2025-09-30 19:00:59 -     Fold split: Train=280, Val=40
2025-09-30 19:01:01 -     Test accuracy: 0.5000
2025-09-30 19:01:01 -   Fold 4/5
2025-09-30 19:01:01 -     Fold split: Train=280, Val=40
2025-09-30 19:01:06 -     Test accuracy: 0.6125
2025-09-30 19:01:06 -   Fold 5/5
2025-09-30 19:01:06 -     Fold split: Train=280, Val=40
2025-09-30 19:01:10 -     Test accuracy: 0.5375
2025-09-30 19:01:10 -   Repeat 5 mean accuracy: 0.5375 ± 0.0411
2025-09-30 19:01:10 - Cross-Validation completed for EEGConformer
2025-09-30 19:01:10 - Final accuracy: 0.5335 ± 0.0498
2025-09-30 19:01:10 - 95% CI: [0.5129, 0.5541]
2025-09-30 19:01:10 - 
============================================================
2025-09-30 19:01:10 - CROSS-VALIDATION RESULTS
2025-09-30 19:01:10 - ============================================================
2025-09-30 19:01:10 - Model: EEGConformer
2025-09-30 19:01:10 - Overall accuracy: 0.5335 ± 0.0498
2025-09-30 19:01:10 - 95% Confidence Interval: [0.5129, 0.5541]
2025-09-30 19:01:10 - Statistical significance: 25 evaluations
2025-09-30 19:01:10 - Precision: 0.3833 [0.2696, 0.4971]
2025-09-30 19:01:10 - Recall: 0.4260 [0.2800, 0.5720]
2025-09-30 19:01:10 - F1_Score: 0.3854 [0.2709, 0.4999]
2025-09-30 19:01:10 - Auc: 0.5844 [0.5564, 0.6124]
2025-09-30 19:01:10 - ============================================================
2025-09-30 19:01:10 - Individual subject results skipped - using Nested Cross-Validation results
2025-09-30 19:01:10 - Detailed results saved to: main_P3_detailed_results_20250930_190110.csv
2025-09-30 19:01:10 - Summary statistics saved to: main_P3_summary_stats_20250930_190110.csv
