2025-09-26 17:55:42 - 
Experiment Configuration:
2025-09-26 17:55:42 - --------------------------------------------------
2025-09-26 17:55:42 - dataset: P3 Raw Data BIDS-Compatible
2025-09-26 17:55:42 - use_combined_datasets: False
2025-09-26 17:55:42 - electrode_list: all
2025-09-26 17:55:42 - classifier: EEGConformer
2025-09-26 17:55:42 - separate_subject_classification: False
2025-09-26 17:55:42 - use_subject_layer: False
2025-09-26 17:55:42 - seeds: [42, 123, 456, 789, 321]
2025-09-26 17:55:42 - use_nested_cv: True
2025-09-26 17:55:42 - electrode_fusion_method: none
2025-09-26 17:55:42 - domain_adaptation_method: none
2025-09-26 17:55:42 - enable_comprehensive_evaluation: True
2025-09-26 17:55:42 - enable_domain_analysis: True
2025-09-26 17:55:42 - enable_small_sample_analysis: False
2025-09-26 17:55:42 - small_sample_sizes: [5, 10, 15, 20]
2025-09-26 17:55:42 - small_sample_subjects: [5, 10, 15]
2025-09-26 17:55:42 - --------------------------------------------------
2025-09-26 17:55:42 - 
==================================================
2025-09-26 17:55:42 - Processing P3 Dataset
2025-09-26 17:55:42 - ==================================================
2025-09-26 17:55:42 - Using Cross-Validation (simplified approach)
2025-09-26 17:55:42 - Configuration: 5-fold CV, 5 repeats
2025-09-26 17:55:42 - ============================================================
2025-09-26 17:55:42 - CROSS-VALIDATION CONFIGURATION
2025-09-26 17:55:42 - ============================================================
2025-09-26 17:55:42 - Datasets: ['P3']
2025-09-26 17:55:42 - CV folds: 5
2025-09-26 17:55:42 - Repeats: 5
2025-09-26 17:55:42 - Confidence level: 0.95
2025-09-26 17:55:42 - ============================================================
2025-09-26 17:55:42 - STRATIFIED SAMPLING CONFIGURATION
2025-09-26 17:55:42 - ============================================================
2025-09-26 17:55:42 - Nested CV Mode: Trial counts per subject by dataset
2025-09-26 17:55:42 -   P3 dataset: 20 trials per subject
2025-09-26 17:55:42 - Sampling strategy: Multi-level stratified sampling
2025-09-26 17:55:42 -   - Subject-level: Stratified trial selection per subject
2025-09-26 17:55:42 -   - Dataset-level: Stratified sampling when dataset trial counts differ
2025-09-26 17:55:42 -   - Fold-level: StratifiedKFold for 5-fold CV
2025-09-26 17:55:42 -   - Train/Val split: Stratified train_test_split within each fold
2025-09-26 17:55:42 - ============================================================
2025-09-26 17:55:42 - Subject sub-001: Sampled 20/80 trials
2025-09-26 17:55:42 -   Original distribution: {0: 0.5, 1: 0.5}
2025-09-26 17:55:42 -   Sampled distribution: {0: 0.5, 1: 0.5}
2025-09-26 17:55:42 - Subject sub-002: Sampled 20/80 trials
2025-09-26 17:55:42 -   Original distribution: {0: 0.5, 1: 0.5}
2025-09-26 17:55:42 -   Sampled distribution: {0: 0.5, 1: 0.5}
2025-09-26 17:55:42 - Subject sub-003: Sampled 20/80 trials
2025-09-26 17:55:42 -   Original distribution: {0: 0.5, 1: 0.5}
2025-09-26 17:55:42 -   Sampled distribution: {0: 0.5, 1: 0.5}
2025-09-26 17:55:42 - Subject sub-004: Sampled 20/78 trials
2025-09-26 17:55:42 -   Original distribution: {0: 0.5, 1: 0.5}
2025-09-26 17:55:42 -   Sampled distribution: {0: 0.5, 1: 0.5}
2025-09-26 17:55:43 - Subject sub-005: Sampled 20/80 trials
2025-09-26 17:55:43 -   Original distribution: {0: 0.5, 1: 0.5}
2025-09-26 17:55:43 -   Sampled distribution: {0: 0.5, 1: 0.5}
2025-09-26 17:55:43 - Subject sub-006: Sampled 20/80 trials
2025-09-26 17:55:43 -   Original distribution: {0: 0.5, 1: 0.5}
2025-09-26 17:55:43 -   Sampled distribution: {0: 0.5, 1: 0.5}
2025-09-26 17:55:43 - Subject sub-007: Sampled 20/80 trials
2025-09-26 17:55:43 -   Original distribution: {0: 0.5, 1: 0.5}
2025-09-26 17:55:43 -   Sampled distribution: {0: 0.5, 1: 0.5}
2025-09-26 17:55:43 - Subject sub-008: Sampled 20/80 trials
2025-09-26 17:55:43 -   Original distribution: {0: 0.5, 1: 0.5}
2025-09-26 17:55:43 -   Sampled distribution: {0: 0.5, 1: 0.5}
2025-09-26 17:55:43 - Subject sub-009: Sampled 20/80 trials
2025-09-26 17:55:43 -   Original distribution: {0: 0.5, 1: 0.5}
2025-09-26 17:55:43 -   Sampled distribution: {0: 0.5, 1: 0.5}
2025-09-26 17:55:43 - Subject sub-010: Sampled 20/80 trials
2025-09-26 17:55:43 -   Original distribution: {0: 0.5, 1: 0.5}
2025-09-26 17:55:43 -   Sampled distribution: {0: 0.5, 1: 0.5}
2025-09-26 17:55:43 - Subject sub-011: Sampled 20/80 trials
2025-09-26 17:55:43 -   Original distribution: {0: 0.5, 1: 0.5}
2025-09-26 17:55:43 -   Sampled distribution: {0: 0.5, 1: 0.5}
2025-09-26 17:55:44 - Subject sub-012: Sampled 20/78 trials
2025-09-26 17:55:44 -   Original distribution: {0: 0.5, 1: 0.5}
2025-09-26 17:55:44 -   Sampled distribution: {0: 0.5, 1: 0.5}
2025-09-26 17:55:44 - Subject sub-013: Sampled 20/80 trials
2025-09-26 17:55:44 -   Original distribution: {0: 0.5, 1: 0.5}
2025-09-26 17:55:44 -   Sampled distribution: {0: 0.5, 1: 0.5}
2025-09-26 17:55:44 - Subject sub-014: Sampled 20/80 trials
2025-09-26 17:55:44 -   Original distribution: {0: 0.5, 1: 0.5}
2025-09-26 17:55:44 -   Sampled distribution: {0: 0.5, 1: 0.5}
2025-09-26 17:55:44 - Subject sub-015: Sampled 20/80 trials
2025-09-26 17:55:44 -   Original distribution: {0: 0.5, 1: 0.5}
2025-09-26 17:55:44 -   Sampled distribution: {0: 0.5, 1: 0.5}
2025-09-26 17:55:44 - Subject sub-016: Sampled 20/80 trials
2025-09-26 17:55:44 -   Original distribution: {0: 0.5, 1: 0.5}
2025-09-26 17:55:44 -   Sampled distribution: {0: 0.5, 1: 0.5}
2025-09-26 17:55:44 - Subject sub-017: Sampled 20/80 trials
2025-09-26 17:55:44 -   Original distribution: {0: 0.5, 1: 0.5}
2025-09-26 17:55:44 -   Sampled distribution: {0: 0.5, 1: 0.5}
2025-09-26 17:55:45 - Subject sub-018: Sampled 20/80 trials
2025-09-26 17:55:45 -   Original distribution: {0: 0.5, 1: 0.5}
2025-09-26 17:55:45 -   Sampled distribution: {0: 0.5, 1: 0.5}
2025-09-26 17:55:45 - Subject sub-019: Sampled 20/80 trials
2025-09-26 17:55:45 -   Original distribution: {0: 0.5, 1: 0.5}
2025-09-26 17:55:45 -   Sampled distribution: {0: 0.5, 1: 0.5}
2025-09-26 17:55:45 - Subject sub-020: Sampled 20/78 trials
2025-09-26 17:55:45 -   Original distribution: {0: 0.5, 1: 0.5}
2025-09-26 17:55:45 -   Sampled distribution: {0: 0.5, 1: 0.5}
2025-09-26 17:55:45 - Subject sub-021: Sampled 20/80 trials
2025-09-26 17:55:45 -   Original distribution: {0: 0.5, 1: 0.5}
2025-09-26 17:55:45 -   Sampled distribution: {0: 0.5, 1: 0.5}
2025-09-26 17:55:45 - Subject sub-022: Sampled 20/80 trials
2025-09-26 17:55:45 -   Original distribution: {0: 0.5, 1: 0.5}
2025-09-26 17:55:45 -   Sampled distribution: {0: 0.5, 1: 0.5}
2025-09-26 17:55:45 - Subject sub-023: Sampled 20/78 trials
2025-09-26 17:55:45 -   Original distribution: {0: 0.5, 1: 0.5}
2025-09-26 17:55:45 -   Sampled distribution: {0: 0.5, 1: 0.5}
2025-09-26 17:55:45 - Subject sub-024: Sampled 20/80 trials
2025-09-26 17:55:45 -   Original distribution: {0: 0.5, 1: 0.5}
2025-09-26 17:55:45 -   Sampled distribution: {0: 0.5, 1: 0.5}
2025-09-26 17:55:46 - Subject sub-025: Sampled 20/80 trials
2025-09-26 17:55:46 -   Original distribution: {0: 0.5, 1: 0.5}
2025-09-26 17:55:46 -   Sampled distribution: {0: 0.5, 1: 0.5}
2025-09-26 17:55:46 - Subject sub-026: Sampled 20/80 trials
2025-09-26 17:55:46 -   Original distribution: {0: 0.5, 1: 0.5}
2025-09-26 17:55:46 -   Sampled distribution: {0: 0.5, 1: 0.5}
2025-09-26 17:55:46 - Subject sub-027: Sampled 20/80 trials
2025-09-26 17:55:46 -   Original distribution: {0: 0.5, 1: 0.5}
2025-09-26 17:55:46 -   Sampled distribution: {0: 0.5, 1: 0.5}
2025-09-26 17:55:46 - Subject sub-028: Sampled 20/80 trials
2025-09-26 17:55:46 -   Original distribution: {0: 0.5, 1: 0.5}
2025-09-26 17:55:46 -   Sampled distribution: {0: 0.5, 1: 0.5}
2025-09-26 17:55:46 - Subject sub-029: Sampled 20/80 trials
2025-09-26 17:55:46 -   Original distribution: {0: 0.5, 1: 0.5}
2025-09-26 17:55:46 -   Sampled distribution: {0: 0.5, 1: 0.5}
2025-09-26 17:55:46 - Subject sub-030: Sampled 20/80 trials
2025-09-26 17:55:46 -   Original distribution: {0: 0.5, 1: 0.5}
2025-09-26 17:55:46 -   Sampled distribution: {0: 0.5, 1: 0.5}
2025-09-26 17:55:47 - Subject sub-031: Sampled 20/80 trials
2025-09-26 17:55:47 -   Original distribution: {0: 0.5, 1: 0.5}
2025-09-26 17:55:47 -   Sampled distribution: {0: 0.5, 1: 0.5}
2025-09-26 17:55:47 - Subject sub-032: Sampled 20/80 trials
2025-09-26 17:55:47 -   Original distribution: {0: 0.5, 1: 0.5}
2025-09-26 17:55:47 -   Sampled distribution: {0: 0.5, 1: 0.5}
2025-09-26 17:55:47 - Subject sub-033: Sampled 20/80 trials
2025-09-26 17:55:47 -   Original distribution: {0: 0.5, 1: 0.5}
2025-09-26 17:55:47 -   Sampled distribution: {0: 0.5, 1: 0.5}
2025-09-26 17:55:47 - Subject sub-034: Sampled 20/80 trials
2025-09-26 17:55:47 -   Original distribution: {0: 0.5, 1: 0.5}
2025-09-26 17:55:47 -   Sampled distribution: {0: 0.5, 1: 0.5}
2025-09-26 17:55:47 - Subject sub-035: Sampled 20/78 trials
2025-09-26 17:55:47 -   Original distribution: {0: 0.5, 1: 0.5}
2025-09-26 17:55:47 -   Sampled distribution: {0: 0.5, 1: 0.5}
2025-09-26 17:55:47 - Subject sub-036: Sampled 20/80 trials
2025-09-26 17:55:47 -   Original distribution: {0: 0.5, 1: 0.5}
2025-09-26 17:55:47 -   Sampled distribution: {0: 0.5, 1: 0.5}
2025-09-26 17:55:48 - Subject sub-037: Sampled 20/78 trials
2025-09-26 17:55:48 -   Original distribution: {0: 0.5, 1: 0.5}
2025-09-26 17:55:48 -   Sampled distribution: {0: 0.5, 1: 0.5}
2025-09-26 17:55:48 - Subject sub-038: Sampled 20/80 trials
2025-09-26 17:55:48 -   Original distribution: {0: 0.5, 1: 0.5}
2025-09-26 17:55:48 -   Sampled distribution: {0: 0.5, 1: 0.5}
2025-09-26 17:55:48 - Subject sub-039: Sampled 20/80 trials
2025-09-26 17:55:48 -   Original distribution: {0: 0.5, 1: 0.5}
2025-09-26 17:55:48 -   Sampled distribution: {0: 0.5, 1: 0.5}
2025-09-26 17:55:48 - Subject sub-040: Sampled 20/80 trials
2025-09-26 17:55:48 -   Original distribution: {0: 0.5, 1: 0.5}
2025-09-26 17:55:48 -   Sampled distribution: {0: 0.5, 1: 0.5}
2025-09-26 17:55:48 - Nested CV dataset summary:
2025-09-26 17:55:48 -   Total subjects: 40
2025-09-26 17:55:48 -   Total trials: 800
2025-09-26 17:55:48 -   Average trials per subject: 20.0
2025-09-26 17:55:48 -   P3 dataset: 0 subjects, 800 trials (inf trials/subject)
2025-09-26 17:55:48 -   Class distribution: {0: 400, 1: 400}
2025-09-26 17:55:48 -   Class proportions: [0.5 0.5]
2025-09-26 17:55:48 - Enhanced preprocessing increased channels from 8 to 40
2025-09-26 17:55:48 - Starting Cross-Validation for EEGConformer
2025-09-26 17:55:48 - Configuration: 5-fold CV, 5 repeats
2025-09-26 17:55:48 - Data split ratios: Train=0.7, Val=0.1, Test=0.2
2025-09-26 17:55:48 - Repeat 1/5
2025-09-26 17:55:48 -   Fold 1/5
2025-09-26 17:55:48 -     Fold split: Train=560, Val=80
2025-09-26 17:55:52 -     Test accuracy: 0.5000
2025-09-26 17:55:52 -   Fold 2/5
2025-09-26 17:55:52 -     Fold split: Train=560, Val=80
2025-09-26 17:56:01 -     Test accuracy: 0.6312
2025-09-26 17:56:01 -   Fold 3/5
2025-09-26 17:56:01 -     Fold split: Train=560, Val=80
2025-09-26 17:56:14 -     Test accuracy: 0.5938
2025-09-26 17:56:14 -   Fold 4/5
2025-09-26 17:56:14 -     Fold split: Train=560, Val=80
2025-09-26 17:56:25 -     Test accuracy: 0.5563
2025-09-26 17:56:25 -   Fold 5/5
2025-09-26 17:56:25 -     Fold split: Train=560, Val=80
2025-09-26 17:56:31 -     Test accuracy: 0.6125
2025-09-26 17:56:31 -   Repeat 1 mean accuracy: 0.5787 ± 0.0465
2025-09-26 17:56:31 - Repeat 2/5
2025-09-26 17:56:31 -   Fold 1/5
2025-09-26 17:56:31 -     Fold split: Train=560, Val=80
2025-09-26 17:56:37 -     Test accuracy: 0.5375
2025-09-26 17:56:37 -   Fold 2/5
2025-09-26 17:56:37 -     Fold split: Train=560, Val=80
2025-09-26 17:56:41 -     Test accuracy: 0.5625
2025-09-26 17:56:41 -   Fold 3/5
2025-09-26 17:56:41 -     Fold split: Train=560, Val=80
2025-09-26 17:56:44 -     Test accuracy: 0.5000
2025-09-26 17:56:44 -   Fold 4/5
2025-09-26 17:56:44 -     Fold split: Train=560, Val=80
2025-09-26 17:56:50 -     Test accuracy: 0.5437
2025-09-26 17:56:50 -   Fold 5/5
2025-09-26 17:56:50 -     Fold split: Train=560, Val=80
2025-09-26 17:56:56 -     Test accuracy: 0.6188
2025-09-26 17:56:56 -   Repeat 2 mean accuracy: 0.5525 ± 0.0389
2025-09-26 17:56:56 - Repeat 3/5
2025-09-26 17:56:56 -   Fold 1/5
2025-09-26 17:56:56 -     Fold split: Train=560, Val=80
2025-09-26 17:57:01 -     Test accuracy: 0.6125
2025-09-26 17:57:01 -   Fold 2/5
2025-09-26 17:57:01 -     Fold split: Train=560, Val=80
2025-09-26 17:57:07 -     Test accuracy: 0.5625
2025-09-26 17:57:07 -   Fold 3/5
2025-09-26 17:57:07 -     Fold split: Train=560, Val=80
2025-09-26 17:57:11 -     Test accuracy: 0.6312
2025-09-26 17:57:11 -   Fold 4/5
2025-09-26 17:57:11 -     Fold split: Train=560, Val=80
2025-09-26 17:57:16 -     Test accuracy: 0.5875
2025-09-26 17:57:16 -   Fold 5/5
2025-09-26 17:57:16 -     Fold split: Train=560, Val=80
2025-09-26 17:57:24 -     Test accuracy: 0.5500
2025-09-26 17:57:24 -   Repeat 3 mean accuracy: 0.5887 ± 0.0302
2025-09-26 17:57:24 - Repeat 4/5
2025-09-26 17:57:24 -   Fold 1/5
2025-09-26 17:57:24 -     Fold split: Train=560, Val=80
2025-09-26 17:57:27 -     Test accuracy: 0.5000
2025-09-26 17:57:27 -   Fold 2/5
2025-09-26 17:57:27 -     Fold split: Train=560, Val=80
2025-09-26 17:57:31 -     Test accuracy: 0.5750
2025-09-26 17:57:31 -   Fold 3/5
2025-09-26 17:57:31 -     Fold split: Train=560, Val=80
2025-09-26 17:57:38 -     Test accuracy: 0.5437
2025-09-26 17:57:38 -   Fold 4/5
2025-09-26 17:57:38 -     Fold split: Train=560, Val=80
2025-09-26 17:57:41 -     Test accuracy: 0.5000
2025-09-26 17:57:41 -   Fold 5/5
2025-09-26 17:57:41 -     Fold split: Train=560, Val=80
2025-09-26 17:57:45 -     Test accuracy: 0.5000
2025-09-26 17:57:45 -   Repeat 4 mean accuracy: 0.5237 ± 0.0307
2025-09-26 17:57:45 - Repeat 5/5
2025-09-26 17:57:45 -   Fold 1/5
2025-09-26 17:57:45 -     Fold split: Train=560, Val=80
2025-09-26 17:57:48 -     Test accuracy: 0.5000
2025-09-26 17:57:48 -   Fold 2/5
2025-09-26 17:57:48 -     Fold split: Train=560, Val=80
2025-09-26 17:57:56 -     Test accuracy: 0.6000
2025-09-26 17:57:56 -   Fold 3/5
2025-09-26 17:57:56 -     Fold split: Train=560, Val=80
2025-09-26 17:58:03 -     Test accuracy: 0.5563
2025-09-26 17:58:03 -   Fold 4/5
2025-09-26 17:58:03 -     Fold split: Train=560, Val=80
2025-09-26 17:58:09 -     Test accuracy: 0.5000
2025-09-26 17:58:09 -   Fold 5/5
2025-09-26 17:58:09 -     Fold split: Train=560, Val=80
2025-09-26 17:58:18 -     Test accuracy: 0.5000
2025-09-26 17:58:18 -   Repeat 5 mean accuracy: 0.5312 ± 0.0407
2025-09-26 17:58:18 - Cross-Validation completed for EEGConformer
2025-09-26 17:58:18 - Final accuracy: 0.5550 ± 0.0466
2025-09-26 17:58:18 - 95% CI: [0.5358, 0.5742]
2025-09-26 17:58:18 - 
============================================================
2025-09-26 17:58:18 - CROSS-VALIDATION RESULTS
2025-09-26 17:58:18 - ============================================================
2025-09-26 17:58:18 - Model: EEGConformer
2025-09-26 17:58:18 - Overall accuracy: 0.5550 ± 0.0466
2025-09-26 17:58:18 - 95% Confidence Interval: [0.5358, 0.5742]
2025-09-26 17:58:18 - Statistical significance: 25 evaluations
2025-09-26 17:58:18 - Precision: 0.4642 [0.3645, 0.5639]
2025-09-26 17:58:18 - Recall: 0.4735 [0.3508, 0.5962]
2025-09-26 17:58:18 - F1_Score: 0.4523 [0.3522, 0.5524]
2025-09-26 17:58:18 - Auc: 0.5951 [0.5767, 0.6135]
2025-09-26 17:58:18 - ============================================================
2025-09-26 17:58:18 - Individual subject results skipped - using Nested Cross-Validation results
2025-09-26 17:58:18 - Detailed results saved to: main_P3_detailed_results_20250926_175818.csv
2025-09-26 17:58:18 - Summary statistics saved to: main_P3_summary_stats_20250926_175818.csv
