2025-09-12 16:27:20 - 
Experiment Configuration:
2025-09-12 16:27:20 - --------------------------------------------------
2025-09-12 16:27:20 - dataset: P3 Raw Data BIDS-Compatible
2025-09-12 16:27:20 - use_combined_datasets: False
2025-09-12 16:27:20 - electrode_list: all
2025-09-12 16:27:20 - classifier: EEGConformer
2025-09-12 16:27:20 - separate_subject_classification: False
2025-09-12 16:27:20 - use_subject_layer: False
2025-09-12 16:27:20 - seeds: [42]
2025-09-12 16:27:20 - --------------------------------------------------
2025-09-12 16:27:20 - 
==================================================
2025-09-12 16:27:20 - Processing P3 Dataset
2025-09-12 16:27:20 - ==================================================
2025-09-12 16:29:39 - 
==================================================
2025-09-12 16:29:39 - Individual Subject Results - P3
2025-09-12 16:29:39 - ==================================================
2025-09-12 16:29:39 - Subject: sub-001
2025-09-12 16:29:39 -   Accuracy: 81.818%
2025-09-12 16:29:39 -   Precision: 0.833
2025-09-12 16:29:39 -   Recall: 0.833
2025-09-12 16:29:39 -   F1 Score: 0.833
2025-09-12 16:29:39 -   AUC: 0.800
2025-09-12 16:29:39 -   Correct/Total: 9/11
2025-09-12 16:29:39 -   Confusion Matrix Stats:
2025-09-12 16:29:39 -     TP: 5, TN: 4
2025-09-12 16:29:39 -     FP: 1, FN: 1
2025-09-12 16:29:39 - Subject: sub-002
2025-09-12 16:29:39 -   Accuracy: 66.667%
2025-09-12 16:29:39 -   Precision: 0.667
2025-09-12 16:29:39 -   Recall: 0.857
2025-09-12 16:29:39 -   F1 Score: 0.750
2025-09-12 16:29:39 -   AUC: 0.543
2025-09-12 16:29:39 -   Correct/Total: 8/12
2025-09-12 16:29:39 -   Confusion Matrix Stats:
2025-09-12 16:29:39 -     TP: 6, TN: 2
2025-09-12 16:29:39 -     FP: 3, FN: 1
2025-09-12 16:29:39 - Subject: sub-003
2025-09-12 16:29:39 -   Accuracy: 79.167%
2025-09-12 16:29:39 -   Precision: 0.818
2025-09-12 16:29:39 -   Recall: 0.750
2025-09-12 16:29:39 -   F1 Score: 0.783
2025-09-12 16:29:39 -   AUC: 0.840
2025-09-12 16:29:39 -   Correct/Total: 19/24
2025-09-12 16:29:39 -   Confusion Matrix Stats:
2025-09-12 16:29:39 -     TP: 9, TN: 10
2025-09-12 16:29:39 -     FP: 2, FN: 3
2025-09-12 16:29:39 - Subject: sub-004
2025-09-12 16:29:39 -   Accuracy: 80.000%
2025-09-12 16:29:39 -   Precision: 0.700
2025-09-12 16:29:39 -   Recall: 1.000
2025-09-12 16:29:39 -   F1 Score: 0.824
2025-09-12 16:29:39 -   AUC: 0.964
2025-09-12 16:29:39 -   Correct/Total: 12/15
2025-09-12 16:29:39 -   Confusion Matrix Stats:
2025-09-12 16:29:39 -     TP: 7, TN: 5
2025-09-12 16:29:39 -     FP: 3, FN: 0
2025-09-12 16:29:39 - Subject: sub-005
2025-09-12 16:29:39 -   Accuracy: 63.636%
2025-09-12 16:29:39 -   Precision: 0.556
2025-09-12 16:29:39 -   Recall: 1.000
2025-09-12 16:29:39 -   F1 Score: 0.714
2025-09-12 16:29:39 -   AUC: 0.967
2025-09-12 16:29:39 -   Correct/Total: 7/11
2025-09-12 16:29:39 -   Confusion Matrix Stats:
2025-09-12 16:29:39 -     TP: 5, TN: 2
2025-09-12 16:29:39 -     FP: 4, FN: 0
2025-09-12 16:29:39 - Subject: sub-006
2025-09-12 16:29:39 -   Accuracy: 65.000%
2025-09-12 16:29:39 -   Precision: 0.636
2025-09-12 16:29:39 -   Recall: 0.700
2025-09-12 16:29:39 -   F1 Score: 0.667
2025-09-12 16:29:39 -   AUC: 0.660
2025-09-12 16:29:39 -   Correct/Total: 13/20
2025-09-12 16:29:39 -   Confusion Matrix Stats:
2025-09-12 16:29:39 -     TP: 7, TN: 6
2025-09-12 16:29:39 -     FP: 4, FN: 3
2025-09-12 16:29:39 - Subject: sub-007
2025-09-12 16:29:39 -   Accuracy: 63.158%
2025-09-12 16:29:39 -   Precision: 0.800
2025-09-12 16:29:39 -   Recall: 0.400
2025-09-12 16:29:39 -   F1 Score: 0.533
2025-09-12 16:29:39 -   AUC: 0.567
2025-09-12 16:29:39 -   Correct/Total: 12/19
2025-09-12 16:29:39 -   Confusion Matrix Stats:
2025-09-12 16:29:39 -     TP: 4, TN: 8
2025-09-12 16:29:39 -     FP: 1, FN: 6
2025-09-12 16:29:39 - Subject: sub-008
2025-09-12 16:29:39 -   Accuracy: 76.190%
2025-09-12 16:29:39 -   Precision: 0.778
2025-09-12 16:29:39 -   Recall: 0.700
2025-09-12 16:29:39 -   F1 Score: 0.737
2025-09-12 16:29:39 -   AUC: 0.755
2025-09-12 16:29:39 -   Correct/Total: 16/21
2025-09-12 16:29:39 -   Confusion Matrix Stats:
2025-09-12 16:29:39 -     TP: 7, TN: 9
2025-09-12 16:29:39 -     FP: 2, FN: 3
2025-09-12 16:29:39 - Subject: sub-009
2025-09-12 16:29:39 -   Accuracy: 64.286%
2025-09-12 16:29:39 -   Precision: 0.600
2025-09-12 16:29:39 -   Recall: 0.500
2025-09-12 16:29:39 -   F1 Score: 0.545
2025-09-12 16:29:39 -   AUC: 0.833
2025-09-12 16:29:39 -   Correct/Total: 9/14
2025-09-12 16:29:39 -   Confusion Matrix Stats:
2025-09-12 16:29:39 -     TP: 3, TN: 6
2025-09-12 16:29:39 -     FP: 2, FN: 3
2025-09-12 16:29:39 - Subject: sub-010
2025-09-12 16:29:39 -   Accuracy: 75.000%
2025-09-12 16:29:39 -   Precision: 0.600
2025-09-12 16:29:39 -   Recall: 0.600
2025-09-12 16:29:39 -   F1 Score: 0.600
2025-09-12 16:29:39 -   AUC: 0.836
2025-09-12 16:29:39 -   Correct/Total: 12/16
2025-09-12 16:29:39 -   Confusion Matrix Stats:
2025-09-12 16:29:39 -     TP: 3, TN: 9
2025-09-12 16:29:39 -     FP: 2, FN: 2
2025-09-12 16:29:39 - Subject: sub-011
2025-09-12 16:29:39 -   Accuracy: 68.750%
2025-09-12 16:29:39 -   Precision: 0.500
2025-09-12 16:29:39 -   Recall: 0.600
2025-09-12 16:29:39 -   F1 Score: 0.545
2025-09-12 16:29:39 -   AUC: 0.800
2025-09-12 16:29:39 -   Correct/Total: 11/16
2025-09-12 16:29:39 -   Confusion Matrix Stats:
2025-09-12 16:29:39 -     TP: 3, TN: 8
2025-09-12 16:29:39 -     FP: 3, FN: 2
2025-09-12 16:29:39 - Subject: sub-012
2025-09-12 16:29:39 -   Accuracy: 82.353%
2025-09-12 16:29:39 -   Precision: 1.000
2025-09-12 16:29:39 -   Recall: 0.625
2025-09-12 16:29:39 -   F1 Score: 0.769
2025-09-12 16:29:39 -   AUC: 0.903
2025-09-12 16:29:39 -   Correct/Total: 14/17
2025-09-12 16:29:39 -   Confusion Matrix Stats:
2025-09-12 16:29:39 -     TP: 5, TN: 9
2025-09-12 16:29:39 -     FP: 0, FN: 3
2025-09-12 16:29:39 - Subject: sub-013
2025-09-12 16:29:39 -   Accuracy: 76.923%
2025-09-12 16:29:39 -   Precision: 0.889
2025-09-12 16:29:39 -   Recall: 0.800
2025-09-12 16:29:39 -   F1 Score: 0.842
2025-09-12 16:29:39 -   AUC: 0.800
2025-09-12 16:29:39 -   Correct/Total: 10/13
2025-09-12 16:29:39 -   Confusion Matrix Stats:
2025-09-12 16:29:39 -     TP: 8, TN: 2
2025-09-12 16:29:39 -     FP: 1, FN: 2
2025-09-12 16:29:39 - Subject: sub-014
2025-09-12 16:29:39 -   Accuracy: 50.000%
2025-09-12 16:29:39 -   Precision: 0.750
2025-09-12 16:29:39 -   Recall: 0.231
2025-09-12 16:29:39 -   F1 Score: 0.353
2025-09-12 16:29:39 -   AUC: 0.573
2025-09-12 16:29:39 -   Correct/Total: 11/22
2025-09-12 16:29:39 -   Confusion Matrix Stats:
2025-09-12 16:29:39 -     TP: 3, TN: 8
2025-09-12 16:29:39 -     FP: 1, FN: 10
2025-09-12 16:29:39 - Subject: sub-015
2025-09-12 16:29:39 -   Accuracy: 86.667%
2025-09-12 16:29:39 -   Precision: 1.000
2025-09-12 16:29:39 -   Recall: 0.778
2025-09-12 16:29:39 -   F1 Score: 0.875
2025-09-12 16:29:39 -   AUC: 0.852
2025-09-12 16:29:39 -   Correct/Total: 13/15
2025-09-12 16:29:39 -   Confusion Matrix Stats:
2025-09-12 16:29:39 -     TP: 7, TN: 6
2025-09-12 16:29:39 -     FP: 0, FN: 2
2025-09-12 16:29:39 - Subject: sub-016
2025-09-12 16:29:39 -   Accuracy: 78.947%
2025-09-12 16:29:39 -   Precision: 1.000
2025-09-12 16:29:39 -   Recall: 0.636
2025-09-12 16:29:39 -   F1 Score: 0.778
2025-09-12 16:29:39 -   AUC: 0.886
2025-09-12 16:29:39 -   Correct/Total: 15/19
2025-09-12 16:29:39 -   Confusion Matrix Stats:
2025-09-12 16:29:39 -     TP: 7, TN: 8
2025-09-12 16:29:39 -     FP: 0, FN: 4
2025-09-12 16:29:39 - Subject: sub-017
2025-09-12 16:29:39 -   Accuracy: 82.609%
2025-09-12 16:29:39 -   Precision: 0.769
2025-09-12 16:29:39 -   Recall: 0.909
2025-09-12 16:29:39 -   F1 Score: 0.833
2025-09-12 16:29:39 -   AUC: 0.909
2025-09-12 16:29:39 -   Correct/Total: 19/23
2025-09-12 16:29:39 -   Confusion Matrix Stats:
2025-09-12 16:29:39 -     TP: 10, TN: 9
2025-09-12 16:29:39 -     FP: 3, FN: 1
2025-09-12 16:29:39 - Subject: sub-018
2025-09-12 16:29:39 -   Accuracy: 54.545%
2025-09-12 16:29:39 -   Precision: 0.500
2025-09-12 16:29:39 -   Recall: 0.200
2025-09-12 16:29:39 -   F1 Score: 0.286
2025-09-12 16:29:39 -   AUC: 0.733
2025-09-12 16:29:39 -   Correct/Total: 6/11
2025-09-12 16:29:39 -   Confusion Matrix Stats:
2025-09-12 16:29:39 -     TP: 1, TN: 5
2025-09-12 16:29:39 -     FP: 1, FN: 4
2025-09-12 16:29:39 - Subject: sub-019
2025-09-12 16:29:39 -   Accuracy: 56.250%
2025-09-12 16:29:39 -   Precision: 0.667
2025-09-12 16:29:39 -   Recall: 0.600
2025-09-12 16:29:39 -   F1 Score: 0.632
2025-09-12 16:29:39 -   AUC: 0.750
2025-09-12 16:29:39 -   Correct/Total: 9/16
2025-09-12 16:29:39 -   Confusion Matrix Stats:
2025-09-12 16:29:39 -     TP: 6, TN: 3
2025-09-12 16:29:39 -     FP: 3, FN: 4
2025-09-12 16:29:39 - Subject: sub-020
2025-09-12 16:29:39 -   Accuracy: 66.667%
2025-09-12 16:29:39 -   Precision: 0.750
2025-09-12 16:29:39 -   Recall: 0.600
2025-09-12 16:29:39 -   F1 Score: 0.667
2025-09-12 16:29:39 -   AUC: 0.812
2025-09-12 16:29:39 -   Correct/Total: 12/18
2025-09-12 16:29:39 -   Confusion Matrix Stats:
2025-09-12 16:29:39 -     TP: 6, TN: 6
2025-09-12 16:29:39 -     FP: 2, FN: 4
2025-09-12 16:29:39 - Subject: sub-021
2025-09-12 16:29:39 -   Accuracy: 64.286%
2025-09-12 16:29:39 -   Precision: 0.429
2025-09-12 16:29:39 -   Recall: 0.750
2025-09-12 16:29:39 -   F1 Score: 0.545
2025-09-12 16:29:39 -   AUC: 0.725
2025-09-12 16:29:39 -   Correct/Total: 9/14
2025-09-12 16:29:39 -   Confusion Matrix Stats:
2025-09-12 16:29:39 -     TP: 3, TN: 6
2025-09-12 16:29:39 -     FP: 4, FN: 1
2025-09-12 16:29:39 - Subject: sub-022
2025-09-12 16:29:39 -   Accuracy: 80.000%
2025-09-12 16:29:39 -   Precision: 1.000
2025-09-12 16:29:39 -   Recall: 0.571
2025-09-12 16:29:39 -   F1 Score: 0.727
2025-09-12 16:29:39 -   AUC: 0.857
2025-09-12 16:29:39 -   Correct/Total: 12/15
2025-09-12 16:29:39 -   Confusion Matrix Stats:
2025-09-12 16:29:39 -     TP: 4, TN: 8
2025-09-12 16:29:39 -     FP: 0, FN: 3
2025-09-12 16:29:39 - Subject: sub-023
2025-09-12 16:29:39 -   Accuracy: 89.474%
2025-09-12 16:29:39 -   Precision: 0.875
2025-09-12 16:29:39 -   Recall: 0.875
2025-09-12 16:29:39 -   F1 Score: 0.875
2025-09-12 16:29:39 -   AUC: 0.920
2025-09-12 16:29:39 -   Correct/Total: 17/19
2025-09-12 16:29:39 -   Confusion Matrix Stats:
2025-09-12 16:29:39 -     TP: 7, TN: 10
2025-09-12 16:29:39 -     FP: 1, FN: 1
2025-09-12 16:29:39 - Subject: sub-024
2025-09-12 16:29:39 -   Accuracy: 78.571%
2025-09-12 16:29:39 -   Precision: 0.750
2025-09-12 16:29:39 -   Recall: 0.600
2025-09-12 16:29:39 -   F1 Score: 0.667
2025-09-12 16:29:39 -   AUC: 0.844
2025-09-12 16:29:39 -   Correct/Total: 11/14
2025-09-12 16:29:39 -   Confusion Matrix Stats:
2025-09-12 16:29:39 -     TP: 3, TN: 8
2025-09-12 16:29:39 -     FP: 1, FN: 2
2025-09-12 16:29:39 - Subject: sub-025
2025-09-12 16:29:39 -   Accuracy: 83.333%
2025-09-12 16:29:39 -   Precision: 0.750
2025-09-12 16:29:39 -   Recall: 0.750
2025-09-12 16:29:39 -   F1 Score: 0.750
2025-09-12 16:29:39 -   AUC: 0.875
2025-09-12 16:29:39 -   Correct/Total: 10/12
2025-09-12 16:29:39 -   Confusion Matrix Stats:
2025-09-12 16:29:39 -     TP: 3, TN: 7
2025-09-12 16:29:39 -     FP: 1, FN: 1
2025-09-12 16:29:39 - Subject: sub-026
2025-09-12 16:29:39 -   Accuracy: 75.000%
2025-09-12 16:29:39 -   Precision: 0.857
2025-09-12 16:29:39 -   Recall: 0.667
2025-09-12 16:29:39 -   F1 Score: 0.750
2025-09-12 16:29:39 -   AUC: 0.952
2025-09-12 16:29:39 -   Correct/Total: 12/16
2025-09-12 16:29:39 -   Confusion Matrix Stats:
2025-09-12 16:29:39 -     TP: 6, TN: 6
2025-09-12 16:29:39 -     FP: 1, FN: 3
2025-09-12 16:29:39 - Subject: sub-027
2025-09-12 16:29:39 -   Accuracy: 65.217%
2025-09-12 16:29:39 -   Precision: 0.700
2025-09-12 16:29:39 -   Recall: 0.583
2025-09-12 16:29:39 -   F1 Score: 0.636
2025-09-12 16:29:39 -   AUC: 0.697
2025-09-12 16:29:39 -   Correct/Total: 15/23
2025-09-12 16:29:39 -   Confusion Matrix Stats:
2025-09-12 16:29:39 -     TP: 7, TN: 8
2025-09-12 16:29:39 -     FP: 3, FN: 5
2025-09-12 16:29:39 - Subject: sub-028
2025-09-12 16:29:39 -   Accuracy: 72.727%
2025-09-12 16:29:39 -   Precision: 0.667
2025-09-12 16:29:39 -   Recall: 0.500
2025-09-12 16:29:39 -   F1 Score: 0.571
2025-09-12 16:29:39 -   AUC: 0.750
2025-09-12 16:29:39 -   Correct/Total: 8/11
2025-09-12 16:29:39 -   Confusion Matrix Stats:
2025-09-12 16:29:39 -     TP: 2, TN: 6
2025-09-12 16:29:39 -     FP: 1, FN: 2
2025-09-12 16:29:39 - Subject: sub-029
2025-09-12 16:29:39 -   Accuracy: 61.538%
2025-09-12 16:29:39 -   Precision: 1.000
2025-09-12 16:29:39 -   Recall: 0.500
2025-09-12 16:29:39 -   F1 Score: 0.667
2025-09-12 16:29:39 -   AUC: 0.967
2025-09-12 16:29:39 -   Correct/Total: 8/13
2025-09-12 16:29:39 -   Confusion Matrix Stats:
2025-09-12 16:29:39 -     TP: 5, TN: 3
2025-09-12 16:29:39 -     FP: 0, FN: 5
2025-09-12 16:29:39 - Subject: sub-030
2025-09-12 16:29:39 -   Accuracy: 72.727%
2025-09-12 16:29:39 -   Precision: 1.000
2025-09-12 16:29:39 -   Recall: 0.250
2025-09-12 16:29:39 -   F1 Score: 0.400
2025-09-12 16:29:39 -   AUC: 0.786
2025-09-12 16:29:39 -   Correct/Total: 8/11
2025-09-12 16:29:39 -   Confusion Matrix Stats:
2025-09-12 16:29:39 -     TP: 1, TN: 7
2025-09-12 16:29:39 -     FP: 0, FN: 3
2025-09-12 16:29:39 - Subject: sub-031
2025-09-12 16:29:39 -   Accuracy: 71.429%
2025-09-12 16:29:39 -   Precision: 0.875
2025-09-12 16:29:39 -   Recall: 0.700
2025-09-12 16:29:39 -   F1 Score: 0.778
2025-09-12 16:29:39 -   AUC: 0.775
2025-09-12 16:29:39 -   Correct/Total: 10/14
2025-09-12 16:29:39 -   Confusion Matrix Stats:
2025-09-12 16:29:39 -     TP: 7, TN: 3
2025-09-12 16:29:39 -     FP: 1, FN: 3
2025-09-12 16:29:39 - Subject: sub-032
2025-09-12 16:29:39 -   Accuracy: 62.500%
2025-09-12 16:29:39 -   Precision: 0.556
2025-09-12 16:29:39 -   Recall: 0.714
2025-09-12 16:29:39 -   F1 Score: 0.625
2025-09-12 16:29:39 -   AUC: 0.730
2025-09-12 16:29:39 -   Correct/Total: 10/16
2025-09-12 16:29:39 -   Confusion Matrix Stats:
2025-09-12 16:29:39 -     TP: 5, TN: 5
2025-09-12 16:29:39 -     FP: 4, FN: 2
2025-09-12 16:29:39 - Subject: sub-033
2025-09-12 16:29:39 -   Accuracy: 71.429%
2025-09-12 16:29:39 -   Precision: 0.750
2025-09-12 16:29:39 -   Recall: 0.750
2025-09-12 16:29:39 -   F1 Score: 0.750
2025-09-12 16:29:39 -   AUC: 0.750
2025-09-12 16:29:39 -   Correct/Total: 15/21
2025-09-12 16:29:39 -   Confusion Matrix Stats:
2025-09-12 16:29:39 -     TP: 9, TN: 6
2025-09-12 16:29:39 -     FP: 3, FN: 3
2025-09-12 16:29:39 - Subject: sub-034
2025-09-12 16:29:39 -   Accuracy: 87.500%
2025-09-12 16:29:39 -   Precision: 1.000
2025-09-12 16:29:39 -   Recall: 0.750
2025-09-12 16:29:39 -   F1 Score: 0.857
2025-09-12 16:29:39 -   AUC: 0.922
2025-09-12 16:29:39 -   Correct/Total: 14/16
2025-09-12 16:29:39 -   Confusion Matrix Stats:
2025-09-12 16:29:39 -     TP: 6, TN: 8
2025-09-12 16:29:39 -     FP: 0, FN: 2
2025-09-12 16:29:39 - Subject: sub-035
2025-09-12 16:29:39 -   Accuracy: 78.261%
2025-09-12 16:29:39 -   Precision: 0.818
2025-09-12 16:29:39 -   Recall: 0.750
2025-09-12 16:29:39 -   F1 Score: 0.783
2025-09-12 16:29:39 -   AUC: 0.727
2025-09-12 16:29:39 -   Correct/Total: 18/23
2025-09-12 16:29:39 -   Confusion Matrix Stats:
2025-09-12 16:29:39 -     TP: 9, TN: 9
2025-09-12 16:29:39 -     FP: 2, FN: 3
2025-09-12 16:29:39 - Subject: sub-036
2025-09-12 16:29:39 -   Accuracy: 66.667%
2025-09-12 16:29:39 -   Precision: 1.000
2025-09-12 16:29:39 -   Recall: 0.500
2025-09-12 16:29:39 -   F1 Score: 0.667
2025-09-12 16:29:39 -   AUC: 0.980
2025-09-12 16:29:39 -   Correct/Total: 10/15
2025-09-12 16:29:39 -   Confusion Matrix Stats:
2025-09-12 16:29:39 -     TP: 5, TN: 5
2025-09-12 16:29:39 -     FP: 0, FN: 5
2025-09-12 16:29:39 - Subject: sub-037
2025-09-12 16:29:39 -   Accuracy: 72.727%
2025-09-12 16:29:39 -   Precision: 0.750
2025-09-12 16:29:39 -   Recall: 0.600
2025-09-12 16:29:39 -   F1 Score: 0.667
2025-09-12 16:29:39 -   AUC: 0.900
2025-09-12 16:29:39 -   Correct/Total: 8/11
2025-09-12 16:29:39 -   Confusion Matrix Stats:
2025-09-12 16:29:39 -     TP: 3, TN: 5
2025-09-12 16:29:39 -     FP: 1, FN: 2
2025-09-12 16:29:39 - Subject: sub-038
2025-09-12 16:29:39 -   Accuracy: 100.000%
2025-09-12 16:29:39 -   Precision: 1.000
2025-09-12 16:29:39 -   Recall: 1.000
2025-09-12 16:29:39 -   F1 Score: 1.000
2025-09-12 16:29:39 -   AUC: 1.000
2025-09-12 16:29:39 -   Correct/Total: 10/10
2025-09-12 16:29:39 -   Confusion Matrix Stats:
2025-09-12 16:29:39 -     TP: 3, TN: 7
2025-09-12 16:29:39 -     FP: 0, FN: 0
2025-09-12 16:29:39 - Subject: sub-039
2025-09-12 16:29:39 -   Accuracy: 65.000%
2025-09-12 16:29:39 -   Precision: 0.750
2025-09-12 16:29:39 -   Recall: 0.545
2025-09-12 16:29:39 -   F1 Score: 0.632
2025-09-12 16:29:39 -   AUC: 0.788
2025-09-12 16:29:39 -   Correct/Total: 13/20
2025-09-12 16:29:39 -   Confusion Matrix Stats:
2025-09-12 16:29:39 -     TP: 6, TN: 7
2025-09-12 16:29:39 -     FP: 2, FN: 5
2025-09-12 16:29:39 - Subject: sub-040
2025-09-12 16:29:39 -   Accuracy: 72.727%
2025-09-12 16:29:39 -   Precision: 0.600
2025-09-12 16:29:39 -   Recall: 0.750
2025-09-12 16:29:39 -   F1 Score: 0.667
2025-09-12 16:29:39 -   AUC: 0.821
2025-09-12 16:29:39 -   Correct/Total: 8/11
2025-09-12 16:29:39 -   Confusion Matrix Stats:
2025-09-12 16:29:39 -     TP: 3, TN: 5
2025-09-12 16:29:39 -     FP: 2, FN: 1
2025-09-12 16:29:39 - 
P3 Pooled Model Statistics:
2025-09-12 16:29:39 - Mean Accuracy: 0.727
2025-09-12 16:29:39 - 95% Confidence Interval: [0.695, 0.760]
2025-09-12 16:29:39 - Best Subject: sub-038 (1.000)
2025-09-12 16:29:39 - Worst Subject: sub-014 (0.500)
2025-09-12 16:29:39 - Mean Precision: 0.763
2025-09-12 16:29:39 - Mean Recall: 0.655
2025-09-12 16:29:39 - Mean F1-Score: 0.705
2025-09-12 16:29:39 - Mean AUC: 0.814
2025-09-12 16:29:39 - Mean Confusion Matrix:
2025-09-12 16:29:39 -   TP: 5, TN: 6
2025-09-12 16:29:39 -   FP: 2, FN: 3
