2025-09-14 12:05:30 - 
Experiment Configuration:
2025-09-14 12:05:30 - --------------------------------------------------
2025-09-14 12:05:30 - dataset: P3 Raw Data BIDS-Compatible
2025-09-14 12:05:30 - use_combined_datasets: False
2025-09-14 12:05:30 - electrode_list: all
2025-09-14 12:05:30 - classifier: EEGConformer
2025-09-14 12:05:30 - separate_subject_classification: False
2025-09-14 12:05:30 - use_subject_layer: False
2025-09-14 12:05:30 - seeds: [42, 123, 456, 789, 321]
2025-09-14 12:05:30 - --------------------------------------------------
2025-09-14 12:05:30 - 
==================================================
2025-09-14 12:05:30 - Processing P3 Dataset
2025-09-14 12:05:30 - ==================================================
2025-09-14 12:21:33 - 
==================================================
2025-09-14 12:21:33 - Individual Subject Results - P3
2025-09-14 12:21:33 - ==================================================
2025-09-14 12:21:33 - Subject: sub-001
2025-09-14 12:21:33 -   Accuracy: 84.615%
2025-09-14 12:21:33 -   Precision: 0.653
2025-09-14 12:21:33 -   Recall: 0.867
2025-09-14 12:21:33 -   F1 Score: 0.731
2025-09-14 12:21:33 -   AUC: 0.953
2025-09-14 12:21:33 -   Correct/Total: 11/13
2025-09-14 12:21:33 -   Confusion Matrix Stats:
2025-09-14 12:21:33 -     TP: 3, TN: 8
2025-09-14 12:21:33 -     FP: 2, FN: 0
2025-09-14 12:21:33 - Subject: sub-002
2025-09-14 12:21:33 -   Accuracy: 85.714%
2025-09-14 12:21:33 -   Precision: 0.720
2025-09-14 12:21:33 -   Recall: 1.000
2025-09-14 12:21:33 -   F1 Score: 0.836
2025-09-14 12:21:33 -   AUC: 0.987
2025-09-14 12:21:33 -   Correct/Total: 12/14
2025-09-14 12:21:33 -   Confusion Matrix Stats:
2025-09-14 12:21:33 -     TP: 5, TN: 7
2025-09-14 12:21:33 -     FP: 2, FN: 0
2025-09-14 12:21:33 - Subject: sub-003
2025-09-14 12:21:33 -   Accuracy: 82.857%
2025-09-14 12:21:33 -   Precision: 0.963
2025-09-14 12:21:33 -   Recall: 0.754
2025-09-14 12:21:33 -   F1 Score: 0.844
2025-09-14 12:21:33 -   AUC: 0.931
2025-09-14 12:21:33 -   Correct/Total: 17/21
2025-09-14 12:21:33 -   Confusion Matrix Stats:
2025-09-14 12:21:33 -     TP: 10, TN: 8
2025-09-14 12:21:33 -     FP: 0, FN: 3
2025-09-14 12:21:33 - Subject: sub-004
2025-09-14 12:21:33 -   Accuracy: 82.667%
2025-09-14 12:21:33 -   Precision: 0.850
2025-09-14 12:21:33 -   Recall: 0.850
2025-09-14 12:21:33 -   F1 Score: 0.835
2025-09-14 12:21:33 -   AUC: 0.907
2025-09-14 12:21:33 -   Correct/Total: 12/15
2025-09-14 12:21:33 -   Confusion Matrix Stats:
2025-09-14 12:21:33 -     TP: 7, TN: 6
2025-09-14 12:21:33 -     FP: 1, FN: 1
2025-09-14 12:21:33 - Subject: sub-005
2025-09-14 12:21:33 -   Accuracy: 56.667%
2025-09-14 12:21:33 -   Precision: 0.671
2025-09-14 12:21:33 -   Recall: 0.618
2025-09-14 12:21:33 -   F1 Score: 0.629
2025-09-14 12:21:33 -   AUC: 0.634
2025-09-14 12:21:33 -   Correct/Total: 10/18
2025-09-14 12:21:33 -   Confusion Matrix Stats:
2025-09-14 12:21:33 -     TP: 7, TN: 3
2025-09-14 12:21:33 -     FP: 4, FN: 4
2025-09-14 12:21:33 - Subject: sub-006
2025-09-14 12:21:33 -   Accuracy: 50.588%
2025-09-14 12:21:33 -   Precision: 0.399
2025-09-14 12:21:33 -   Recall: 0.457
2025-09-14 12:21:33 -   F1 Score: 0.424
2025-09-14 12:21:33 -   AUC: 0.577
2025-09-14 12:21:33 -   Correct/Total: 9/17
2025-09-14 12:21:33 -   Confusion Matrix Stats:
2025-09-14 12:21:33 -     TP: 3, TN: 5
2025-09-14 12:21:33 -     FP: 5, FN: 4
2025-09-14 12:21:33 - Subject: sub-007
2025-09-14 12:21:33 -   Accuracy: 79.000%
2025-09-14 12:21:33 -   Precision: 0.737
2025-09-14 12:21:33 -   Recall: 0.844
2025-09-14 12:21:33 -   F1 Score: 0.785
2025-09-14 12:21:33 -   AUC: 0.848
2025-09-14 12:21:33 -   Correct/Total: 16/20
2025-09-14 12:21:33 -   Confusion Matrix Stats:
2025-09-14 12:21:33 -     TP: 8, TN: 8
2025-09-14 12:21:33 -     FP: 3, FN: 1
2025-09-14 12:21:33 - Subject: sub-008
2025-09-14 12:21:33 -   Accuracy: 65.882%
2025-09-14 12:21:33 -   Precision: 0.713
2025-09-14 12:21:33 -   Recall: 0.644
2025-09-14 12:21:33 -   F1 Score: 0.666
2025-09-14 12:21:33 -   AUC: 0.747
2025-09-14 12:21:33 -   Correct/Total: 11/17
2025-09-14 12:21:33 -   Confusion Matrix Stats:
2025-09-14 12:21:33 -     TP: 6, TN: 5
2025-09-14 12:21:33 -     FP: 3, FN: 3
2025-09-14 12:21:33 - Subject: sub-009
2025-09-14 12:21:33 -   Accuracy: 64.615%
2025-09-14 12:21:33 -   Precision: 0.681
2025-09-14 12:21:33 -   Recall: 0.500
2025-09-14 12:21:33 -   F1 Score: 0.559
2025-09-14 12:21:33 -   AUC: 0.705
2025-09-14 12:21:33 -   Correct/Total: 8/13
2025-09-14 12:21:33 -   Confusion Matrix Stats:
2025-09-14 12:21:33 -     TP: 3, TN: 5
2025-09-14 12:21:33 -     FP: 2, FN: 3
2025-09-14 12:21:33 - Subject: sub-010
2025-09-14 12:21:33 -   Accuracy: 69.231%
2025-09-14 12:21:33 -   Precision: 0.519
2025-09-14 12:21:33 -   Recall: 0.750
2025-09-14 12:21:33 -   F1 Score: 0.602
2025-09-14 12:21:33 -   AUC: 0.789
2025-09-14 12:21:33 -   Correct/Total: 9/13
2025-09-14 12:21:33 -   Confusion Matrix Stats:
2025-09-14 12:21:33 -     TP: 3, TN: 6
2025-09-14 12:21:33 -     FP: 3, FN: 1
2025-09-14 12:21:33 - Subject: sub-011
2025-09-14 12:21:33 -   Accuracy: 58.333%
2025-09-14 12:21:33 -   Precision: 0.493
2025-09-14 12:21:33 -   Recall: 0.480
2025-09-14 12:21:33 -   F1 Score: 0.483
2025-09-14 12:21:33 -   AUC: 0.709
2025-09-14 12:21:33 -   Correct/Total: 7/12
2025-09-14 12:21:33 -   Confusion Matrix Stats:
2025-09-14 12:21:33 -     TP: 2, TN: 5
2025-09-14 12:21:33 -     FP: 2, FN: 3
2025-09-14 12:21:33 - Subject: sub-012
2025-09-14 12:21:33 -   Accuracy: 60.000%
2025-09-14 12:21:33 -   Precision: 0.760
2025-09-14 12:21:33 -   Recall: 0.543
2025-09-14 12:21:33 -   F1 Score: 0.628
2025-09-14 12:21:33 -   AUC: 0.664
2025-09-14 12:21:33 -   Correct/Total: 7/11
2025-09-14 12:21:33 -   Confusion Matrix Stats:
2025-09-14 12:21:33 -     TP: 4, TN: 3
2025-09-14 12:21:33 -     FP: 1, FN: 3
2025-09-14 12:21:33 - Subject: sub-013
2025-09-14 12:21:33 -   Accuracy: 58.824%
2025-09-14 12:21:33 -   Precision: 0.383
2025-09-14 12:21:33 -   Recall: 0.720
2025-09-14 12:21:33 -   F1 Score: 0.493
2025-09-14 12:21:33 -   AUC: 0.617
2025-09-14 12:21:33 -   Correct/Total: 10/17
2025-09-14 12:21:33 -   Confusion Matrix Stats:
2025-09-14 12:21:33 -     TP: 4, TN: 6
2025-09-14 12:21:33 -     FP: 6, FN: 1
2025-09-14 12:21:33 - Subject: sub-014
2025-09-14 12:21:33 -   Accuracy: 52.500%
2025-09-14 12:21:33 -   Precision: 0.307
2025-09-14 12:21:33 -   Recall: 0.360
2025-09-14 12:21:33 -   F1 Score: 0.325
2025-09-14 12:21:33 -   AUC: 0.476
2025-09-14 12:21:33 -   Correct/Total: 8/16
2025-09-14 12:21:33 -   Confusion Matrix Stats:
2025-09-14 12:21:33 -     TP: 2, TN: 7
2025-09-14 12:21:33 -     FP: 4, FN: 3
2025-09-14 12:21:33 - Subject: sub-015
2025-09-14 12:21:33 -   Accuracy: 71.429%
2025-09-14 12:21:33 -   Precision: 1.000
2025-09-14 12:21:33 -   Recall: 0.667
2025-09-14 12:21:33 -   F1 Score: 0.796
2025-09-14 12:21:33 -   AUC: 0.917
2025-09-14 12:21:33 -   Correct/Total: 10/14
2025-09-14 12:21:33 -   Confusion Matrix Stats:
2025-09-14 12:21:33 -     TP: 8, TN: 2
2025-09-14 12:21:33 -     FP: 0, FN: 4
2025-09-14 12:21:33 - Subject: sub-016
2025-09-14 12:21:33 -   Accuracy: 85.455%
2025-09-14 12:21:33 -   Precision: 0.893
2025-09-14 12:21:33 -   Recall: 0.836
2025-09-14 12:21:33 -   F1 Score: 0.856
2025-09-14 12:21:33 -   AUC: 0.927
2025-09-14 12:21:33 -   Correct/Total: 19/22
2025-09-14 12:21:33 -   Confusion Matrix Stats:
2025-09-14 12:21:33 -     TP: 9, TN: 10
2025-09-14 12:21:33 -     FP: 1, FN: 2
2025-09-14 12:21:33 - Subject: sub-017
2025-09-14 12:21:33 -   Accuracy: 74.118%
2025-09-14 12:21:33 -   Precision: 0.570
2025-09-14 12:21:33 -   Recall: 0.600
2025-09-14 12:21:33 -   F1 Score: 0.581
2025-09-14 12:21:33 -   AUC: 0.680
2025-09-14 12:21:33 -   Correct/Total: 13/17
2025-09-14 12:21:33 -   Confusion Matrix Stats:
2025-09-14 12:21:33 -     TP: 3, TN: 10
2025-09-14 12:21:33 -     FP: 2, FN: 2
2025-09-14 12:21:33 - Subject: sub-018
2025-09-14 12:21:33 -   Accuracy: 67.778%
2025-09-14 12:21:33 -   Precision: 0.670
2025-09-14 12:21:33 -   Recall: 0.733
2025-09-14 12:21:33 -   F1 Score: 0.682
2025-09-14 12:21:33 -   AUC: 0.760
2025-09-14 12:21:33 -   Correct/Total: 12/18
2025-09-14 12:21:33 -   Confusion Matrix Stats:
2025-09-14 12:21:33 -     TP: 7, TN: 6
2025-09-14 12:21:33 -     FP: 3, FN: 2
2025-09-14 12:21:33 - Subject: sub-019
2025-09-14 12:21:33 -   Accuracy: 62.222%
2025-09-14 12:21:33 -   Precision: 0.460
2025-09-14 12:21:33 -   Recall: 0.600
2025-09-14 12:21:33 -   F1 Score: 0.514
2025-09-14 12:21:33 -   AUC: 0.578
2025-09-14 12:21:33 -   Correct/Total: 6/9
2025-09-14 12:21:33 -   Confusion Matrix Stats:
2025-09-14 12:21:33 -     TP: 2, TN: 4
2025-09-14 12:21:33 -     FP: 2, FN: 1
2025-09-14 12:21:33 - Subject: sub-020
2025-09-14 12:21:33 -   Accuracy: 57.333%
2025-09-14 12:21:33 -   Precision: 0.704
2025-09-14 12:21:33 -   Recall: 0.533
2025-09-14 12:21:33 -   F1 Score: 0.595
2025-09-14 12:21:33 -   AUC: 0.563
2025-09-14 12:21:33 -   Correct/Total: 9/15
2025-09-14 12:21:33 -   Confusion Matrix Stats:
2025-09-14 12:21:33 -     TP: 5, TN: 4
2025-09-14 12:21:33 -     FP: 2, FN: 4
2025-09-14 12:21:33 - Subject: sub-021
2025-09-14 12:21:33 -   Accuracy: 76.923%
2025-09-14 12:21:33 -   Precision: 0.891
2025-09-14 12:21:33 -   Recall: 0.778
2025-09-14 12:21:33 -   F1 Score: 0.820
2025-09-14 12:21:33 -   AUC: 0.922
2025-09-14 12:21:33 -   Correct/Total: 10/13
2025-09-14 12:21:33 -   Confusion Matrix Stats:
2025-09-14 12:21:33 -     TP: 7, TN: 3
2025-09-14 12:21:33 -     FP: 1, FN: 2
2025-09-14 12:21:33 - Subject: sub-022
2025-09-14 12:21:33 -   Accuracy: 92.632%
2025-09-14 12:21:33 -   Precision: 0.951
2025-09-14 12:21:33 -   Recall: 0.927
2025-09-14 12:21:33 -   F1 Score: 0.937
2025-09-14 12:21:33 -   AUC: 0.957
2025-09-14 12:21:33 -   Correct/Total: 18/19
2025-09-14 12:21:33 -   Confusion Matrix Stats:
2025-09-14 12:21:33 -     TP: 10, TN: 7
2025-09-14 12:21:33 -     FP: 1, FN: 1
2025-09-14 12:21:33 - Subject: sub-023
2025-09-14 12:21:33 -   Accuracy: 81.429%
2025-09-14 12:21:33 -   Precision: 0.850
2025-09-14 12:21:33 -   Recall: 0.700
2025-09-14 12:21:33 -   F1 Score: 0.762
2025-09-14 12:21:33 -   AUC: 0.846
2025-09-14 12:21:33 -   Correct/Total: 11/14
2025-09-14 12:21:33 -   Confusion Matrix Stats:
2025-09-14 12:21:33 -     TP: 4, TN: 7
2025-09-14 12:21:33 -     FP: 1, FN: 2
2025-09-14 12:21:33 - Subject: sub-024
2025-09-14 12:21:33 -   Accuracy: 82.105%
2025-09-14 12:21:33 -   Precision: 0.755
2025-09-14 12:21:33 -   Recall: 0.956
2025-09-14 12:21:33 -   F1 Score: 0.838
2025-09-14 12:21:33 -   AUC: 0.938
2025-09-14 12:21:33 -   Correct/Total: 16/19
2025-09-14 12:21:33 -   Confusion Matrix Stats:
2025-09-14 12:21:33 -     TP: 9, TN: 7
2025-09-14 12:21:33 -     FP: 3, FN: 0
2025-09-14 12:21:33 - Subject: sub-025
2025-09-14 12:21:33 -   Accuracy: 78.182%
2025-09-14 12:21:33 -   Precision: 0.739
2025-09-14 12:21:33 -   Recall: 0.820
2025-09-14 12:21:33 -   F1 Score: 0.769
2025-09-14 12:21:33 -   AUC: 0.877
2025-09-14 12:21:33 -   Correct/Total: 17/22
2025-09-14 12:21:33 -   Confusion Matrix Stats:
2025-09-14 12:21:33 -     TP: 8, TN: 9
2025-09-14 12:21:33 -     FP: 3, FN: 2
2025-09-14 12:21:33 - Subject: sub-026
2025-09-14 12:21:33 -   Accuracy: 65.333%
2025-09-14 12:21:33 -   Precision: 0.563
2025-09-14 12:21:33 -   Recall: 0.600
2025-09-14 12:21:33 -   F1 Score: 0.578
2025-09-14 12:21:33 -   AUC: 0.748
2025-09-14 12:21:33 -   Correct/Total: 10/15
2025-09-14 12:21:33 -   Confusion Matrix Stats:
2025-09-14 12:21:33 -     TP: 4, TN: 6
2025-09-14 12:21:33 -     FP: 3, FN: 2
2025-09-14 12:21:33 - Subject: sub-027
2025-09-14 12:21:33 -   Accuracy: 68.333%
2025-09-14 12:21:33 -   Precision: 0.762
2025-09-14 12:21:33 -   Recall: 0.567
2025-09-14 12:21:33 -   F1 Score: 0.631
2025-09-14 12:21:33 -   AUC: 0.757
2025-09-14 12:21:33 -   Correct/Total: 16/24
2025-09-14 12:21:33 -   Confusion Matrix Stats:
2025-09-14 12:21:33 -     TP: 7, TN: 10
2025-09-14 12:21:33 -     FP: 2, FN: 5
2025-09-14 12:21:33 - Subject: sub-028
2025-09-14 12:21:33 -   Accuracy: 69.231%
2025-09-14 12:21:33 -   Precision: 0.665
2025-09-14 12:21:33 -   Recall: 0.857
2025-09-14 12:21:33 -   F1 Score: 0.748
2025-09-14 12:21:33 -   AUC: 0.781
2025-09-14 12:21:33 -   Correct/Total: 9/13
2025-09-14 12:21:33 -   Confusion Matrix Stats:
2025-09-14 12:21:33 -     TP: 6, TN: 3
2025-09-14 12:21:33 -     FP: 3, FN: 1
2025-09-14 12:21:33 - Subject: sub-029
2025-09-14 12:21:33 -   Accuracy: 81.429%
2025-09-14 12:21:33 -   Precision: 0.714
2025-09-14 12:21:33 -   Recall: 1.000
2025-09-14 12:21:33 -   F1 Score: 0.829
2025-09-14 12:21:33 -   AUC: 0.983
2025-09-14 12:21:33 -   Correct/Total: 11/14
2025-09-14 12:21:33 -   Confusion Matrix Stats:
2025-09-14 12:21:33 -     TP: 6, TN: 5
2025-09-14 12:21:33 -     FP: 3, FN: 0
2025-09-14 12:21:33 - Subject: sub-030
2025-09-14 12:21:33 -   Accuracy: 73.846%
2025-09-14 12:21:33 -   Precision: 0.871
2025-09-14 12:21:33 -   Recall: 0.700
2025-09-14 12:21:33 -   F1 Score: 0.768
2025-09-14 12:21:33 -   AUC: 0.845
2025-09-14 12:21:33 -   Correct/Total: 10/13
2025-09-14 12:21:33 -   Confusion Matrix Stats:
2025-09-14 12:21:33 -     TP: 6, TN: 4
2025-09-14 12:21:33 -     FP: 1, FN: 2
2025-09-14 12:21:33 - Subject: sub-031
2025-09-14 12:21:33 -   Accuracy: 68.750%
2025-09-14 12:21:33 -   Precision: 0.862
2025-09-14 12:21:33 -   Recall: 0.620
2025-09-14 12:21:33 -   F1 Score: 0.690
2025-09-14 12:21:33 -   AUC: 0.817
2025-09-14 12:21:33 -   Correct/Total: 11/16
2025-09-14 12:21:33 -   Confusion Matrix Stats:
2025-09-14 12:21:33 -     TP: 6, TN: 5
2025-09-14 12:21:33 -     FP: 1, FN: 4
2025-09-14 12:21:33 - Subject: sub-032
2025-09-14 12:21:33 -   Accuracy: 84.706%
2025-09-14 12:21:33 -   Precision: 0.864
2025-09-14 12:21:33 -   Recall: 0.927
2025-09-14 12:21:33 -   F1 Score: 0.890
2025-09-14 12:21:33 -   AUC: 0.948
2025-09-14 12:21:33 -   Correct/Total: 14/17
2025-09-14 12:21:33 -   Confusion Matrix Stats:
2025-09-14 12:21:33 -     TP: 10, TN: 4
2025-09-14 12:21:33 -     FP: 2, FN: 1
2025-09-14 12:21:33 - Subject: sub-033
2025-09-14 12:21:33 -   Accuracy: 67.500%
2025-09-14 12:21:33 -   Precision: 0.750
2025-09-14 12:21:33 -   Recall: 0.525
2025-09-14 12:21:33 -   F1 Score: 0.615
2025-09-14 12:21:33 -   AUC: 0.800
2025-09-14 12:21:33 -   Correct/Total: 11/16
2025-09-14 12:21:33 -   Confusion Matrix Stats:
2025-09-14 12:21:33 -     TP: 4, TN: 7
2025-09-14 12:21:33 -     FP: 1, FN: 4
2025-09-14 12:21:33 - Subject: sub-034
2025-09-14 12:21:33 -   Accuracy: 75.238%
2025-09-14 12:21:33 -   Precision: 0.818
2025-09-14 12:21:33 -   Recall: 0.785
2025-09-14 12:21:33 -   F1 Score: 0.799
2025-09-14 12:21:33 -   AUC: 0.804
2025-09-14 12:21:33 -   Correct/Total: 16/21
2025-09-14 12:21:33 -   Confusion Matrix Stats:
2025-09-14 12:21:33 -     TP: 10, TN: 6
2025-09-14 12:21:33 -     FP: 2, FN: 3
2025-09-14 12:21:33 - Subject: sub-035
2025-09-14 12:21:33 -   Accuracy: 60.000%
2025-09-14 12:21:33 -   Precision: 0.459
2025-09-14 12:21:33 -   Recall: 0.900
2025-09-14 12:21:33 -   F1 Score: 0.606
2025-09-14 12:21:33 -   AUC: 0.812
2025-09-14 12:21:33 -   Correct/Total: 7/12
2025-09-14 12:21:33 -   Confusion Matrix Stats:
2025-09-14 12:21:33 -     TP: 4, TN: 4
2025-09-14 12:21:33 -     FP: 4, FN: 0
2025-09-14 12:21:33 - Subject: sub-036
2025-09-14 12:21:33 -   Accuracy: 64.211%
2025-09-14 12:21:33 -   Precision: 0.663
2025-09-14 12:21:33 -   Recall: 0.556
2025-09-14 12:21:33 -   F1 Score: 0.589
2025-09-14 12:21:33 -   AUC: 0.698
2025-09-14 12:21:33 -   Correct/Total: 12/19
2025-09-14 12:21:33 -   Confusion Matrix Stats:
2025-09-14 12:21:33 -     TP: 5, TN: 7
2025-09-14 12:21:33 -     FP: 3, FN: 4
2025-09-14 12:21:33 - Subject: sub-037
2025-09-14 12:21:33 -   Accuracy: 83.077%
2025-09-14 12:21:33 -   Precision: 0.890
2025-09-14 12:21:33 -   Recall: 0.867
2025-09-14 12:21:33 -   F1 Score: 0.876
2025-09-14 12:21:33 -   AUC: 0.878
2025-09-14 12:21:33 -   Correct/Total: 11/13
2025-09-14 12:21:33 -   Confusion Matrix Stats:
2025-09-14 12:21:33 -     TP: 8, TN: 3
2025-09-14 12:21:33 -     FP: 1, FN: 1
2025-09-14 12:21:33 - Subject: sub-038
2025-09-14 12:21:33 -   Accuracy: 68.750%
2025-09-14 12:21:33 -   Precision: 0.967
2025-09-14 12:21:33 -   Recall: 0.520
2025-09-14 12:21:33 -   F1 Score: 0.675
2025-09-14 12:21:33 -   AUC: 0.897
2025-09-14 12:21:33 -   Correct/Total: 11/16
2025-09-14 12:21:33 -   Confusion Matrix Stats:
2025-09-14 12:21:33 -     TP: 5, TN: 6
2025-09-14 12:21:33 -     FP: 0, FN: 5
2025-09-14 12:21:33 - Subject: sub-039
2025-09-14 12:21:33 -   Accuracy: 68.571%
2025-09-14 12:21:33 -   Precision: 0.598
2025-09-14 12:21:33 -   Recall: 0.967
2025-09-14 12:21:33 -   F1 Score: 0.731
2025-09-14 12:21:33 -   AUC: 0.908
2025-09-14 12:21:33 -   Correct/Total: 10/14
2025-09-14 12:21:33 -   Confusion Matrix Stats:
2025-09-14 12:21:33 -     TP: 6, TN: 4
2025-09-14 12:21:33 -     FP: 4, FN: 0
2025-09-14 12:21:33 - Subject: sub-040
2025-09-14 12:21:33 -   Accuracy: 76.250%
2025-09-14 12:21:33 -   Precision: 0.835
2025-09-14 12:21:33 -   Recall: 0.733
2025-09-14 12:21:33 -   F1 Score: 0.775
2025-09-14 12:21:33 -   AUC: 0.857
2025-09-14 12:21:33 -   Correct/Total: 12/16
2025-09-14 12:21:33 -   Confusion Matrix Stats:
2025-09-14 12:21:33 -     TP: 7, TN: 6
2025-09-14 12:21:33 -     FP: 1, FN: 2
2025-09-14 12:21:33 - 
P3 Pooled Model Statistics:
2025-09-14 12:21:33 - Mean Accuracy: 0.714
2025-09-14 12:21:33 - 95% Confidence Interval: [0.681, 0.747]
2025-09-14 12:21:33 - Best Subject: sub-022 (0.926)
2025-09-14 12:21:33 - Worst Subject: sub-006 (0.506)
2025-09-14 12:21:33 - Mean Precision: 0.726
2025-09-14 12:21:33 - Mean Recall: 0.730
2025-09-14 12:21:33 - Mean F1-Score: 0.728
2025-09-14 12:21:33 - Mean AUC: 0.801
2025-09-14 12:21:33 - Mean Confusion Matrix:
2025-09-14 12:21:33 -   TP: 6, TN: 6
2025-09-14 12:21:33 -   FP: 2, FN: 2
