2025-09-21 23:54:33 - 
Experiment Configuration:
2025-09-21 23:54:33 - --------------------------------------------------
2025-09-21 23:54:33 - dataset: P3 Raw Data BIDS-Compatible
2025-09-21 23:54:33 - use_combined_datasets: False
2025-09-21 23:54:33 - electrode_list: all
2025-09-21 23:54:33 - classifier: EEGConformer
2025-09-21 23:54:33 - separate_subject_classification: False
2025-09-21 23:54:33 - use_subject_layer: False
2025-09-21 23:54:33 - seeds: [42, 123, 456, 789, 321]
2025-09-21 23:54:33 - use_nested_cv: True
2025-09-21 23:54:33 - electrode_fusion_method: none
2025-09-21 23:54:33 - domain_adaptation_method: none
2025-09-21 23:54:33 - enable_comprehensive_evaluation: True
2025-09-21 23:54:33 - enable_domain_analysis: True
2025-09-21 23:54:33 - enable_small_sample_analysis: False
2025-09-21 23:54:33 - small_sample_sizes: [5, 10, 15, 20]
2025-09-21 23:54:33 - small_sample_subjects: [5, 10, 15]
2025-09-21 23:54:33 - --------------------------------------------------
2025-09-21 23:54:33 - 
==================================================
2025-09-21 23:54:33 - Processing P3 Dataset
2025-09-21 23:54:33 - ==================================================
2025-09-21 23:54:33 - Using Cross-Validation (simplified approach)
2025-09-21 23:54:33 - Configuration: 5-fold CV, 5 repeats
2025-09-21 23:54:33 - ============================================================
2025-09-21 23:54:33 - CROSS-VALIDATION CONFIGURATION
2025-09-21 23:54:33 - ============================================================
2025-09-21 23:54:33 - Datasets: ['P3']
2025-09-21 23:54:33 - CV folds: 5
2025-09-21 23:54:33 - Repeats: 5
2025-09-21 23:54:33 - Confidence level: 0.95
2025-09-21 23:54:33 - ============================================================
2025-09-21 23:54:33 - STRATIFIED SAMPLING CONFIGURATION
2025-09-21 23:54:33 - ============================================================
2025-09-21 23:54:33 - Nested CV Mode: Trial counts per subject by dataset
2025-09-21 23:54:33 -   P3 dataset: 20 trials per subject
2025-09-21 23:54:33 - Sampling strategy: Multi-level stratified sampling
2025-09-21 23:54:33 -   - Subject-level: Stratified trial selection per subject
2025-09-21 23:54:33 -   - Dataset-level: Stratified sampling when dataset trial counts differ
2025-09-21 23:54:33 -   - Fold-level: StratifiedKFold for 5-fold CV
2025-09-21 23:54:33 -   - Train/Val split: Stratified train_test_split within each fold
2025-09-21 23:54:33 - ============================================================
2025-09-21 23:54:33 - Subject sub-001: Sampled 20/80 trials
2025-09-21 23:54:33 -   Original distribution: {0: 0.5, 1: 0.5}
2025-09-21 23:54:33 -   Sampled distribution: {0: 0.5, 1: 0.5}
2025-09-21 23:54:33 - Subject sub-002: Sampled 20/80 trials
2025-09-21 23:54:33 -   Original distribution: {0: 0.5, 1: 0.5}
2025-09-21 23:54:33 -   Sampled distribution: {0: 0.5, 1: 0.5}
2025-09-21 23:54:33 - Subject sub-003: Sampled 20/80 trials
2025-09-21 23:54:33 -   Original distribution: {0: 0.5, 1: 0.5}
2025-09-21 23:54:33 -   Sampled distribution: {0: 0.5, 1: 0.5}
2025-09-21 23:54:34 - Subject sub-004: Sampled 20/78 trials
2025-09-21 23:54:34 -   Original distribution: {0: 0.5, 1: 0.5}
2025-09-21 23:54:34 -   Sampled distribution: {0: 0.5, 1: 0.5}
2025-09-21 23:54:34 - Subject sub-005: Sampled 20/80 trials
2025-09-21 23:54:34 -   Original distribution: {0: 0.5, 1: 0.5}
2025-09-21 23:54:34 -   Sampled distribution: {0: 0.5, 1: 0.5}
2025-09-21 23:54:34 - Subject sub-006: Sampled 20/80 trials
2025-09-21 23:54:34 -   Original distribution: {0: 0.5, 1: 0.5}
2025-09-21 23:54:34 -   Sampled distribution: {0: 0.5, 1: 0.5}
2025-09-21 23:54:34 - Subject sub-007: Sampled 20/80 trials
2025-09-21 23:54:34 -   Original distribution: {0: 0.5, 1: 0.5}
2025-09-21 23:54:34 -   Sampled distribution: {0: 0.5, 1: 0.5}
2025-09-21 23:54:34 - Subject sub-008: Sampled 20/80 trials
2025-09-21 23:54:34 -   Original distribution: {0: 0.5, 1: 0.5}
2025-09-21 23:54:34 -   Sampled distribution: {0: 0.5, 1: 0.5}
2025-09-21 23:54:34 - Subject sub-009: Sampled 20/80 trials
2025-09-21 23:54:34 -   Original distribution: {0: 0.5, 1: 0.5}
2025-09-21 23:54:34 -   Sampled distribution: {0: 0.5, 1: 0.5}
2025-09-21 23:54:35 - Subject sub-010: Sampled 20/80 trials
2025-09-21 23:54:35 -   Original distribution: {0: 0.5, 1: 0.5}
2025-09-21 23:54:35 -   Sampled distribution: {0: 0.5, 1: 0.5}
2025-09-21 23:54:35 - Subject sub-011: Sampled 20/80 trials
2025-09-21 23:54:35 -   Original distribution: {0: 0.5, 1: 0.5}
2025-09-21 23:54:35 -   Sampled distribution: {0: 0.5, 1: 0.5}
2025-09-21 23:54:35 - Subject sub-012: Sampled 20/78 trials
2025-09-21 23:54:35 -   Original distribution: {0: 0.5, 1: 0.5}
2025-09-21 23:54:35 -   Sampled distribution: {0: 0.5, 1: 0.5}
2025-09-21 23:54:35 - Subject sub-013: Sampled 20/80 trials
2025-09-21 23:54:35 -   Original distribution: {0: 0.5, 1: 0.5}
2025-09-21 23:54:35 -   Sampled distribution: {0: 0.5, 1: 0.5}
2025-09-21 23:54:35 - Subject sub-014: Sampled 20/80 trials
2025-09-21 23:54:35 -   Original distribution: {0: 0.5, 1: 0.5}
2025-09-21 23:54:35 -   Sampled distribution: {0: 0.5, 1: 0.5}
2025-09-21 23:54:35 - Subject sub-015: Sampled 20/80 trials
2025-09-21 23:54:35 -   Original distribution: {0: 0.5, 1: 0.5}
2025-09-21 23:54:35 -   Sampled distribution: {0: 0.5, 1: 0.5}
2025-09-21 23:54:35 - Subject sub-016: Sampled 20/80 trials
2025-09-21 23:54:35 -   Original distribution: {0: 0.5, 1: 0.5}
2025-09-21 23:54:35 -   Sampled distribution: {0: 0.5, 1: 0.5}
2025-09-21 23:54:36 - Subject sub-017: Sampled 20/80 trials
2025-09-21 23:54:36 -   Original distribution: {0: 0.5, 1: 0.5}
2025-09-21 23:54:36 -   Sampled distribution: {0: 0.5, 1: 0.5}
2025-09-21 23:54:36 - Subject sub-018: Sampled 20/80 trials
2025-09-21 23:54:36 -   Original distribution: {0: 0.5, 1: 0.5}
2025-09-21 23:54:36 -   Sampled distribution: {0: 0.5, 1: 0.5}
2025-09-21 23:54:36 - Subject sub-019: Sampled 20/80 trials
2025-09-21 23:54:36 -   Original distribution: {0: 0.5, 1: 0.5}
2025-09-21 23:54:36 -   Sampled distribution: {0: 0.5, 1: 0.5}
2025-09-21 23:54:36 - Subject sub-020: Sampled 20/78 trials
2025-09-21 23:54:36 -   Original distribution: {0: 0.5, 1: 0.5}
2025-09-21 23:54:36 -   Sampled distribution: {0: 0.5, 1: 0.5}
2025-09-21 23:54:36 - Subject sub-021: Sampled 20/80 trials
2025-09-21 23:54:36 -   Original distribution: {0: 0.5, 1: 0.5}
2025-09-21 23:54:36 -   Sampled distribution: {0: 0.5, 1: 0.5}
2025-09-21 23:54:36 - Subject sub-022: Sampled 20/80 trials
2025-09-21 23:54:36 -   Original distribution: {0: 0.5, 1: 0.5}
2025-09-21 23:54:36 -   Sampled distribution: {0: 0.5, 1: 0.5}
2025-09-21 23:54:37 - Subject sub-023: Sampled 20/78 trials
2025-09-21 23:54:37 -   Original distribution: {0: 0.5, 1: 0.5}
2025-09-21 23:54:37 -   Sampled distribution: {0: 0.5, 1: 0.5}
2025-09-21 23:54:37 - Subject sub-024: Sampled 20/80 trials
2025-09-21 23:54:37 -   Original distribution: {0: 0.5, 1: 0.5}
2025-09-21 23:54:37 -   Sampled distribution: {0: 0.5, 1: 0.5}
2025-09-21 23:54:37 - Subject sub-025: Sampled 20/80 trials
2025-09-21 23:54:37 -   Original distribution: {0: 0.5, 1: 0.5}
2025-09-21 23:54:37 -   Sampled distribution: {0: 0.5, 1: 0.5}
2025-09-21 23:54:37 - Subject sub-026: Sampled 20/80 trials
2025-09-21 23:54:37 -   Original distribution: {0: 0.5, 1: 0.5}
2025-09-21 23:54:37 -   Sampled distribution: {0: 0.5, 1: 0.5}
2025-09-21 23:54:37 - Subject sub-027: Sampled 20/80 trials
2025-09-21 23:54:37 -   Original distribution: {0: 0.5, 1: 0.5}
2025-09-21 23:54:37 -   Sampled distribution: {0: 0.5, 1: 0.5}
2025-09-21 23:54:37 - Subject sub-028: Sampled 20/80 trials
2025-09-21 23:54:37 -   Original distribution: {0: 0.5, 1: 0.5}
2025-09-21 23:54:37 -   Sampled distribution: {0: 0.5, 1: 0.5}
2025-09-21 23:54:38 - Subject sub-029: Sampled 20/80 trials
2025-09-21 23:54:38 -   Original distribution: {0: 0.5, 1: 0.5}
2025-09-21 23:54:38 -   Sampled distribution: {0: 0.5, 1: 0.5}
2025-09-21 23:54:38 - Subject sub-030: Sampled 20/80 trials
2025-09-21 23:54:38 -   Original distribution: {0: 0.5, 1: 0.5}
2025-09-21 23:54:38 -   Sampled distribution: {0: 0.5, 1: 0.5}
2025-09-21 23:54:38 - Subject sub-031: Sampled 20/80 trials
2025-09-21 23:54:38 -   Original distribution: {0: 0.5, 1: 0.5}
2025-09-21 23:54:38 -   Sampled distribution: {0: 0.5, 1: 0.5}
2025-09-21 23:54:38 - Subject sub-032: Sampled 20/80 trials
2025-09-21 23:54:38 -   Original distribution: {0: 0.5, 1: 0.5}
2025-09-21 23:54:38 -   Sampled distribution: {0: 0.5, 1: 0.5}
2025-09-21 23:54:38 - Subject sub-033: Sampled 20/80 trials
2025-09-21 23:54:38 -   Original distribution: {0: 0.5, 1: 0.5}
2025-09-21 23:54:38 -   Sampled distribution: {0: 0.5, 1: 0.5}
2025-09-21 23:54:38 - Subject sub-034: Sampled 20/80 trials
2025-09-21 23:54:38 -   Original distribution: {0: 0.5, 1: 0.5}
2025-09-21 23:54:38 -   Sampled distribution: {0: 0.5, 1: 0.5}
2025-09-21 23:54:38 - Subject sub-035: Sampled 20/78 trials
2025-09-21 23:54:38 -   Original distribution: {0: 0.5, 1: 0.5}
2025-09-21 23:54:38 -   Sampled distribution: {0: 0.5, 1: 0.5}
2025-09-21 23:54:39 - Subject sub-036: Sampled 20/80 trials
2025-09-21 23:54:39 -   Original distribution: {0: 0.5, 1: 0.5}
2025-09-21 23:54:39 -   Sampled distribution: {0: 0.5, 1: 0.5}
2025-09-21 23:54:39 - Subject sub-037: Sampled 20/78 trials
2025-09-21 23:54:39 -   Original distribution: {0: 0.5, 1: 0.5}
2025-09-21 23:54:39 -   Sampled distribution: {0: 0.5, 1: 0.5}
2025-09-21 23:54:39 - Subject sub-038: Sampled 20/80 trials
2025-09-21 23:54:39 -   Original distribution: {0: 0.5, 1: 0.5}
2025-09-21 23:54:39 -   Sampled distribution: {0: 0.5, 1: 0.5}
2025-09-21 23:54:39 - Subject sub-039: Sampled 20/80 trials
2025-09-21 23:54:39 -   Original distribution: {0: 0.5, 1: 0.5}
2025-09-21 23:54:39 -   Sampled distribution: {0: 0.5, 1: 0.5}
2025-09-21 23:54:39 - Subject sub-040: Sampled 20/80 trials
2025-09-21 23:54:39 -   Original distribution: {0: 0.5, 1: 0.5}
2025-09-21 23:54:39 -   Sampled distribution: {0: 0.5, 1: 0.5}
2025-09-21 23:54:39 - Nested CV dataset summary:
2025-09-21 23:54:39 -   Total subjects: 40
2025-09-21 23:54:39 -   Total trials: 800
2025-09-21 23:54:39 -   Average trials per subject: 20.0
2025-09-21 23:54:39 -   P3 dataset: 0 subjects, 800 trials (inf trials/subject)
2025-09-21 23:54:39 -   Class distribution: {0: 400, 1: 400}
2025-09-21 23:54:39 -   Class proportions: [0.5 0.5]
2025-09-21 23:54:39 - Enhanced preprocessing increased channels from 8 to 40
2025-09-21 23:54:39 - Starting Cross-Validation for EEGConformer
2025-09-21 23:54:39 - Configuration: 5-fold CV, 5 repeats
2025-09-21 23:54:39 - Data split ratios: Train=0.7, Val=0.1, Test=0.2
2025-09-21 23:54:39 - Repeat 1/5
2025-09-21 23:54:39 -   Fold 1/5
2025-09-21 23:54:39 -     Fold split: Train=560, Val=80
2025-09-21 23:54:51 -     Test accuracy: 0.6312
2025-09-21 23:54:51 -   Fold 2/5
2025-09-21 23:54:51 -     Fold split: Train=560, Val=80
2025-09-21 23:54:57 -     Test accuracy: 0.5000
2025-09-21 23:54:57 -   Fold 3/5
2025-09-21 23:54:57 -     Fold split: Train=560, Val=80
2025-09-21 23:55:07 -     Test accuracy: 0.6188
2025-09-21 23:55:07 -   Fold 4/5
2025-09-21 23:55:07 -     Fold split: Train=560, Val=80
2025-09-21 23:55:23 -     Test accuracy: 0.6125
2025-09-21 23:55:23 -   Fold 5/5
2025-09-21 23:55:23 -     Fold split: Train=560, Val=80
2025-09-21 23:55:32 -     Test accuracy: 0.5000
2025-09-21 23:55:32 -   Repeat 1 mean accuracy: 0.5725 ± 0.0595
2025-09-21 23:55:32 - Repeat 2/5
2025-09-21 23:55:32 -   Fold 1/5
2025-09-21 23:55:32 -     Fold split: Train=560, Val=80
2025-09-21 23:55:53 -     Test accuracy: 0.6125
2025-09-21 23:55:53 -   Fold 2/5
2025-09-21 23:55:53 -     Fold split: Train=560, Val=80
2025-09-21 23:56:01 -     Test accuracy: 0.5000
2025-09-21 23:56:01 -   Fold 3/5
2025-09-21 23:56:01 -     Fold split: Train=560, Val=80
2025-09-21 23:56:19 -     Test accuracy: 0.5875
2025-09-21 23:56:19 -   Fold 4/5
2025-09-21 23:56:19 -     Fold split: Train=560, Val=80
2025-09-21 23:56:30 -     Test accuracy: 0.6250
2025-09-21 23:56:30 -   Fold 5/5
2025-09-21 23:56:30 -     Fold split: Train=560, Val=80
2025-09-21 23:56:39 -     Test accuracy: 0.5000
2025-09-21 23:56:39 -   Repeat 2 mean accuracy: 0.5650 ± 0.0544
2025-09-21 23:56:39 - Repeat 3/5
2025-09-21 23:56:39 -   Fold 1/5
2025-09-21 23:56:39 -     Fold split: Train=560, Val=80
2025-09-21 23:56:58 -     Test accuracy: 0.6375
2025-09-21 23:56:58 -   Fold 2/5
2025-09-21 23:56:58 -     Fold split: Train=560, Val=80
2025-09-21 23:57:22 -     Test accuracy: 0.5750
2025-09-21 23:57:22 -   Fold 3/5
2025-09-21 23:57:22 -     Fold split: Train=560, Val=80
2025-09-21 23:57:36 -     Test accuracy: 0.5813
2025-09-21 23:57:36 -   Fold 4/5
2025-09-21 23:57:36 -     Fold split: Train=560, Val=80
2025-09-21 23:57:47 -     Test accuracy: 0.6000
2025-09-21 23:57:47 -   Fold 5/5
2025-09-21 23:57:47 -     Fold split: Train=560, Val=80
2025-09-21 23:58:15 -     Test accuracy: 0.6375
2025-09-21 23:58:15 -   Repeat 3 mean accuracy: 0.6062 ± 0.0268
2025-09-21 23:58:15 - Repeat 4/5
2025-09-21 23:58:15 -   Fold 1/5
2025-09-21 23:58:15 -     Fold split: Train=560, Val=80
2025-09-21 23:58:39 -     Test accuracy: 0.6000
2025-09-21 23:58:39 -   Fold 2/5
2025-09-21 23:58:39 -     Fold split: Train=560, Val=80
2025-09-21 23:58:53 -     Test accuracy: 0.5000
2025-09-21 23:58:53 -   Fold 3/5
2025-09-21 23:58:53 -     Fold split: Train=560, Val=80
2025-09-21 23:59:04 -     Test accuracy: 0.6000
2025-09-21 23:59:04 -   Fold 4/5
2025-09-21 23:59:04 -     Fold split: Train=560, Val=80
2025-09-21 23:59:23 -     Test accuracy: 0.6375
2025-09-21 23:59:23 -   Fold 5/5
2025-09-21 23:59:23 -     Fold split: Train=560, Val=80
2025-09-21 23:59:41 -     Test accuracy: 0.6125
2025-09-21 23:59:41 -   Repeat 4 mean accuracy: 0.5900 ± 0.0470
2025-09-21 23:59:41 - Repeat 5/5
2025-09-21 23:59:41 -   Fold 1/5
2025-09-21 23:59:41 -     Fold split: Train=560, Val=80
2025-09-21 23:59:58 -     Test accuracy: 0.5813
2025-09-21 23:59:58 -   Fold 2/5
2025-09-21 23:59:58 -     Fold split: Train=560, Val=80
2025-09-22 00:00:13 -     Test accuracy: 0.5687
2025-09-22 00:00:13 -   Fold 3/5
2025-09-22 00:00:13 -     Fold split: Train=560, Val=80
2025-09-22 00:00:31 -     Test accuracy: 0.6562
2025-09-22 00:00:31 -   Fold 4/5
2025-09-22 00:00:31 -     Fold split: Train=560, Val=80
2025-09-22 00:00:40 -     Test accuracy: 0.5000
2025-09-22 00:00:40 -   Fold 5/5
2025-09-22 00:00:40 -     Fold split: Train=560, Val=80
2025-09-22 00:00:49 -     Test accuracy: 0.5000
2025-09-22 00:00:49 -   Repeat 5 mean accuracy: 0.5613 ± 0.0583
2025-09-22 00:00:49 - Cross-Validation completed for EEGConformer
2025-09-22 00:00:49 - Final accuracy: 0.5790 ± 0.0545
2025-09-22 00:00:49 - 95% CI: [0.5565, 0.6015]
2025-09-22 00:00:49 - 
============================================================
2025-09-22 00:00:49 - CROSS-VALIDATION RESULTS
2025-09-22 00:00:49 - ============================================================
2025-09-22 00:00:49 - Model: EEGConformer
2025-09-22 00:00:49 - Overall accuracy: 0.5790 ± 0.0545
2025-09-22 00:00:49 - 95% Confidence Interval: [0.5565, 0.6015]
2025-09-22 00:00:49 - Statistical significance: 25 evaluations
2025-09-22 00:00:49 - Precision: 0.4908 [0.3854, 0.5963]
2025-09-22 00:00:49 - Recall: 0.4970 [0.3712, 0.6228]
2025-09-22 00:00:49 - F1_Score: 0.4775 [0.3737, 0.5812]
2025-09-22 00:00:49 - Auc: 0.6492 [0.6324, 0.6659]
2025-09-22 00:00:49 - ============================================================
2025-09-22 00:00:49 - Individual subject results skipped - using Nested Cross-Validation results
