2025-09-20 12:10:34 - 
Experiment Configuration:
2025-09-20 12:10:34 - --------------------------------------------------
2025-09-20 12:10:34 - dataset: P3 Raw Data BIDS-Compatible
2025-09-20 12:10:34 - use_combined_datasets: False
2025-09-20 12:10:34 - electrode_list: all
2025-09-20 12:10:34 - classifier: SepConv1D
2025-09-20 12:10:34 - separate_subject_classification: False
2025-09-20 12:10:34 - use_subject_layer: False
2025-09-20 12:10:34 - seeds: [42]
2025-09-20 12:10:34 - electrode_fusion_method: none
2025-09-20 12:10:34 - domain_adaptation_method: none
2025-09-20 12:10:34 - enable_comprehensive_evaluation: True
2025-09-20 12:10:34 - enable_domain_analysis: True
2025-09-20 12:10:34 - enable_small_sample_analysis: False
2025-09-20 12:10:34 - small_sample_sizes: [5, 10, 15, 20]
2025-09-20 12:10:34 - small_sample_subjects: [5, 10, 15]
2025-09-20 12:10:34 - --------------------------------------------------
2025-09-20 12:10:34 - 
==================================================
2025-09-20 12:10:34 - Processing P3 Dataset
2025-09-20 12:10:34 - ==================================================
2025-09-20 12:11:24 - 
==================================================
2025-09-20 12:11:24 - Individual Subject Results - P3
2025-09-20 12:11:24 - ==================================================
2025-09-20 12:11:24 - Subject: sub-001
2025-09-20 12:11:24 -   Accuracy: 70.000%
2025-09-20 12:11:24 -   Precision: 0.778
2025-09-20 12:11:24 -   Recall: 0.636
2025-09-20 12:11:24 -   F1 Score: 0.700
2025-09-20 12:11:24 -   AUC: 0.848
2025-09-20 12:11:24 -   Correct/Total: 14/20
2025-09-20 12:11:24 -   Confusion Matrix Stats:
2025-09-20 12:11:24 -     TP: 7, TN: 7
2025-09-20 12:11:24 -     FP: 2, FN: 4
2025-09-20 12:11:24 - Subject: sub-002
2025-09-20 12:11:24 -   Accuracy: 78.947%
2025-09-20 12:11:24 -   Precision: 0.714
2025-09-20 12:11:24 -   Recall: 1.000
2025-09-20 12:11:24 -   F1 Score: 0.833
2025-09-20 12:11:24 -   AUC: 0.967
2025-09-20 12:11:24 -   Correct/Total: 15/19
2025-09-20 12:11:24 -   Confusion Matrix Stats:
2025-09-20 12:11:24 -     TP: 10, TN: 5
2025-09-20 12:11:24 -     FP: 4, FN: 0
2025-09-20 12:11:24 - Subject: sub-003
2025-09-20 12:11:24 -   Accuracy: 78.947%
2025-09-20 12:11:24 -   Precision: 0.857
2025-09-20 12:11:24 -   Recall: 0.667
2025-09-20 12:11:24 -   F1 Score: 0.750
2025-09-20 12:11:24 -   AUC: 0.856
2025-09-20 12:11:24 -   Correct/Total: 15/19
2025-09-20 12:11:24 -   Confusion Matrix Stats:
2025-09-20 12:11:24 -     TP: 6, TN: 9
2025-09-20 12:11:24 -     FP: 1, FN: 3
2025-09-20 12:11:24 - Subject: sub-004
2025-09-20 12:11:24 -   Accuracy: 73.333%
2025-09-20 12:11:24 -   Precision: 0.800
2025-09-20 12:11:24 -   Recall: 0.800
2025-09-20 12:11:24 -   F1 Score: 0.800
2025-09-20 12:11:24 -   AUC: 0.860
2025-09-20 12:11:24 -   Correct/Total: 11/15
2025-09-20 12:11:24 -   Confusion Matrix Stats:
2025-09-20 12:11:24 -     TP: 8, TN: 3
2025-09-20 12:11:24 -     FP: 2, FN: 2
2025-09-20 12:11:24 - Subject: sub-005
2025-09-20 12:11:24 -   Accuracy: 73.684%
2025-09-20 12:11:24 -   Precision: 0.500
2025-09-20 12:11:24 -   Recall: 0.400
2025-09-20 12:11:24 -   F1 Score: 0.444
2025-09-20 12:11:24 -   AUC: 0.771
2025-09-20 12:11:24 -   Correct/Total: 14/19
2025-09-20 12:11:24 -   Confusion Matrix Stats:
2025-09-20 12:11:24 -     TP: 2, TN: 12
2025-09-20 12:11:24 -     FP: 2, FN: 3
2025-09-20 12:11:24 - Subject: sub-006
2025-09-20 12:11:24 -   Accuracy: 52.632%
2025-09-20 12:11:24 -   Precision: 0.500
2025-09-20 12:11:24 -   Recall: 0.556
2025-09-20 12:11:24 -   F1 Score: 0.526
2025-09-20 12:11:24 -   AUC: 0.489
2025-09-20 12:11:24 -   Correct/Total: 10/19
2025-09-20 12:11:24 -   Confusion Matrix Stats:
2025-09-20 12:11:24 -     TP: 5, TN: 5
2025-09-20 12:11:24 -     FP: 5, FN: 4
2025-09-20 12:11:24 - Subject: sub-007
2025-09-20 12:11:24 -   Accuracy: 66.667%
2025-09-20 12:11:24 -   Precision: 0.857
2025-09-20 12:11:24 -   Recall: 0.545
2025-09-20 12:11:24 -   F1 Score: 0.667
2025-09-20 12:11:24 -   AUC: 0.844
2025-09-20 12:11:24 -   Correct/Total: 12/18
2025-09-20 12:11:24 -   Confusion Matrix Stats:
2025-09-20 12:11:24 -     TP: 6, TN: 6
2025-09-20 12:11:24 -     FP: 1, FN: 5
2025-09-20 12:11:24 - Subject: sub-008
2025-09-20 12:11:24 -   Accuracy: 83.333%
2025-09-20 12:11:24 -   Precision: 0.875
2025-09-20 12:11:24 -   Recall: 0.778
2025-09-20 12:11:24 -   F1 Score: 0.824
2025-09-20 12:11:24 -   AUC: 0.852
2025-09-20 12:11:24 -   Correct/Total: 15/18
2025-09-20 12:11:24 -   Confusion Matrix Stats:
2025-09-20 12:11:24 -     TP: 7, TN: 8
2025-09-20 12:11:24 -     FP: 1, FN: 2
2025-09-20 12:11:24 - Subject: sub-009
2025-09-20 12:11:24 -   Accuracy: 57.143%
2025-09-20 12:11:24 -   Precision: 0.600
2025-09-20 12:11:24 -   Recall: 0.600
2025-09-20 12:11:24 -   F1 Score: 0.600
2025-09-20 12:11:24 -   AUC: 0.574
2025-09-20 12:11:24 -   Correct/Total: 16/28
2025-09-20 12:11:24 -   Confusion Matrix Stats:
2025-09-20 12:11:24 -     TP: 9, TN: 7
2025-09-20 12:11:24 -     FP: 6, FN: 6
2025-09-20 12:11:24 - Subject: sub-010
2025-09-20 12:11:24 -   Accuracy: 63.636%
2025-09-20 12:11:24 -   Precision: 0.455
2025-09-20 12:11:24 -   Recall: 0.714
2025-09-20 12:11:24 -   F1 Score: 0.556
2025-09-20 12:11:24 -   AUC: 0.800
2025-09-20 12:11:24 -   Correct/Total: 14/22
2025-09-20 12:11:24 -   Confusion Matrix Stats:
2025-09-20 12:11:24 -     TP: 5, TN: 9
2025-09-20 12:11:24 -     FP: 6, FN: 2
2025-09-20 12:11:24 - Subject: sub-011
2025-09-20 12:11:24 -   Accuracy: 68.182%
2025-09-20 12:11:24 -   Precision: 0.615
2025-09-20 12:11:24 -   Recall: 0.800
2025-09-20 12:11:24 -   F1 Score: 0.696
2025-09-20 12:11:24 -   AUC: 0.792
2025-09-20 12:11:24 -   Correct/Total: 15/22
2025-09-20 12:11:24 -   Confusion Matrix Stats:
2025-09-20 12:11:24 -     TP: 8, TN: 7
2025-09-20 12:11:24 -     FP: 5, FN: 2
2025-09-20 12:11:24 - Subject: sub-012
2025-09-20 12:11:24 -   Accuracy: 71.429%
2025-09-20 12:11:24 -   Precision: 0.667
2025-09-20 12:11:24 -   Recall: 0.857
2025-09-20 12:11:24 -   F1 Score: 0.750
2025-09-20 12:11:24 -   AUC: 0.857
2025-09-20 12:11:24 -   Correct/Total: 10/14
2025-09-20 12:11:24 -   Confusion Matrix Stats:
2025-09-20 12:11:24 -     TP: 6, TN: 4
2025-09-20 12:11:24 -     FP: 3, FN: 1
2025-09-20 12:11:24 - Subject: sub-013
2025-09-20 12:11:24 -   Accuracy: 62.500%
2025-09-20 12:11:24 -   Precision: 0.667
2025-09-20 12:11:24 -   Recall: 0.615
2025-09-20 12:11:24 -   F1 Score: 0.640
2025-09-20 12:11:24 -   AUC: 0.678
2025-09-20 12:11:24 -   Correct/Total: 15/24
2025-09-20 12:11:24 -   Confusion Matrix Stats:
2025-09-20 12:11:24 -     TP: 8, TN: 7
2025-09-20 12:11:24 -     FP: 4, FN: 5
2025-09-20 12:11:24 - Subject: sub-014
2025-09-20 12:11:24 -   Accuracy: 62.500%
2025-09-20 12:11:24 -   Precision: 0.667
2025-09-20 12:11:24 -   Recall: 0.667
2025-09-20 12:11:24 -   F1 Score: 0.667
2025-09-20 12:11:24 -   AUC: 0.571
2025-09-20 12:11:24 -   Correct/Total: 10/16
2025-09-20 12:11:24 -   Confusion Matrix Stats:
2025-09-20 12:11:24 -     TP: 6, TN: 4
2025-09-20 12:11:24 -     FP: 3, FN: 3
2025-09-20 12:11:24 - Subject: sub-015
2025-09-20 12:11:24 -   Accuracy: 71.429%
2025-09-20 12:11:24 -   Precision: 0.765
2025-09-20 12:11:24 -   Recall: 0.765
2025-09-20 12:11:24 -   F1 Score: 0.765
2025-09-20 12:11:24 -   AUC: 0.813
2025-09-20 12:11:24 -   Correct/Total: 20/28
2025-09-20 12:11:24 -   Confusion Matrix Stats:
2025-09-20 12:11:24 -     TP: 13, TN: 7
2025-09-20 12:11:24 -     FP: 4, FN: 4
2025-09-20 12:11:24 - Subject: sub-016
2025-09-20 12:11:24 -   Accuracy: 80.952%
2025-09-20 12:11:24 -   Precision: 0.769
2025-09-20 12:11:24 -   Recall: 0.909
2025-09-20 12:11:24 -   F1 Score: 0.833
2025-09-20 12:11:24 -   AUC: 0.855
2025-09-20 12:11:24 -   Correct/Total: 17/21
2025-09-20 12:11:24 -   Confusion Matrix Stats:
2025-09-20 12:11:24 -     TP: 10, TN: 7
2025-09-20 12:11:24 -     FP: 3, FN: 1
2025-09-20 12:11:24 - Subject: sub-017
2025-09-20 12:11:24 -   Accuracy: 68.750%
2025-09-20 12:11:24 -   Precision: 0.667
2025-09-20 12:11:24 -   Recall: 0.750
2025-09-20 12:11:24 -   F1 Score: 0.706
2025-09-20 12:11:24 -   AUC: 0.734
2025-09-20 12:11:24 -   Correct/Total: 11/16
2025-09-20 12:11:24 -   Confusion Matrix Stats:
2025-09-20 12:11:24 -     TP: 6, TN: 5
2025-09-20 12:11:24 -     FP: 3, FN: 2
2025-09-20 12:11:24 - Subject: sub-018
2025-09-20 12:11:24 -   Accuracy: 68.750%
2025-09-20 12:11:24 -   Precision: 0.750
2025-09-20 12:11:24 -   Recall: 0.667
2025-09-20 12:11:24 -   F1 Score: 0.706
2025-09-20 12:11:24 -   AUC: 0.825
2025-09-20 12:11:24 -   Correct/Total: 11/16
2025-09-20 12:11:24 -   Confusion Matrix Stats:
2025-09-20 12:11:24 -     TP: 6, TN: 5
2025-09-20 12:11:24 -     FP: 2, FN: 3
2025-09-20 12:11:24 - Subject: sub-019
2025-09-20 12:11:24 -   Accuracy: 60.000%
2025-09-20 12:11:24 -   Precision: 0.538
2025-09-20 12:11:24 -   Recall: 0.778
2025-09-20 12:11:24 -   F1 Score: 0.636
2025-09-20 12:11:24 -   AUC: 0.667
2025-09-20 12:11:24 -   Correct/Total: 12/20
2025-09-20 12:11:24 -   Confusion Matrix Stats:
2025-09-20 12:11:24 -     TP: 7, TN: 5
2025-09-20 12:11:24 -     FP: 6, FN: 2
2025-09-20 12:11:24 - Subject: sub-020
2025-09-20 12:11:24 -   Accuracy: 68.182%
2025-09-20 12:11:24 -   Precision: 0.875
2025-09-20 12:11:24 -   Recall: 0.538
2025-09-20 12:11:24 -   F1 Score: 0.667
2025-09-20 12:11:24 -   AUC: 0.769
2025-09-20 12:11:24 -   Correct/Total: 15/22
2025-09-20 12:11:24 -   Confusion Matrix Stats:
2025-09-20 12:11:24 -     TP: 7, TN: 8
2025-09-20 12:11:24 -     FP: 1, FN: 6
2025-09-20 12:11:24 - Subject: sub-021
2025-09-20 12:11:24 -   Accuracy: 78.947%
2025-09-20 12:11:24 -   Precision: 0.700
2025-09-20 12:11:24 -   Recall: 0.875
2025-09-20 12:11:24 -   F1 Score: 0.778
2025-09-20 12:11:24 -   AUC: 0.852
2025-09-20 12:11:24 -   Correct/Total: 15/19
2025-09-20 12:11:24 -   Confusion Matrix Stats:
2025-09-20 12:11:24 -     TP: 7, TN: 8
2025-09-20 12:11:24 -     FP: 3, FN: 1
2025-09-20 12:11:24 - Subject: sub-022
2025-09-20 12:11:24 -   Accuracy: 65.217%
2025-09-20 12:11:24 -   Precision: 0.737
2025-09-20 12:11:24 -   Recall: 0.824
2025-09-20 12:11:24 -   F1 Score: 0.778
2025-09-20 12:11:24 -   AUC: 0.608
2025-09-20 12:11:24 -   Correct/Total: 15/23
2025-09-20 12:11:24 -   Confusion Matrix Stats:
2025-09-20 12:11:24 -     TP: 14, TN: 1
2025-09-20 12:11:24 -     FP: 5, FN: 3
2025-09-20 12:11:24 - Subject: sub-023
2025-09-20 12:11:24 -   Accuracy: 66.667%
2025-09-20 12:11:24 -   Precision: 0.667
2025-09-20 12:11:24 -   Recall: 0.444
2025-09-20 12:11:24 -   F1 Score: 0.533
2025-09-20 12:11:24 -   AUC: 0.648
2025-09-20 12:11:24 -   Correct/Total: 14/21
2025-09-20 12:11:24 -   Confusion Matrix Stats:
2025-09-20 12:11:24 -     TP: 4, TN: 10
2025-09-20 12:11:24 -     FP: 2, FN: 5
2025-09-20 12:11:24 - Subject: sub-024
2025-09-20 12:11:24 -   Accuracy: 55.000%
2025-09-20 12:11:24 -   Precision: 0.462
2025-09-20 12:11:24 -   Recall: 0.750
2025-09-20 12:11:24 -   F1 Score: 0.571
2025-09-20 12:11:24 -   AUC: 0.677
2025-09-20 12:11:24 -   Correct/Total: 11/20
2025-09-20 12:11:24 -   Confusion Matrix Stats:
2025-09-20 12:11:24 -     TP: 6, TN: 5
2025-09-20 12:11:24 -     FP: 7, FN: 2
2025-09-20 12:11:24 - Subject: sub-025
2025-09-20 12:11:24 -   Accuracy: 68.750%
2025-09-20 12:11:24 -   Precision: 0.600
2025-09-20 12:11:24 -   Recall: 0.857
2025-09-20 12:11:24 -   F1 Score: 0.706
2025-09-20 12:11:24 -   AUC: 0.778
2025-09-20 12:11:24 -   Correct/Total: 11/16
2025-09-20 12:11:24 -   Confusion Matrix Stats:
2025-09-20 12:11:24 -     TP: 6, TN: 5
2025-09-20 12:11:24 -     FP: 4, FN: 1
2025-09-20 12:11:24 - Subject: sub-026
2025-09-20 12:11:24 -   Accuracy: 57.895%
2025-09-20 12:11:24 -   Precision: 0.462
2025-09-20 12:11:24 -   Recall: 0.857
2025-09-20 12:11:24 -   F1 Score: 0.600
2025-09-20 12:11:24 -   AUC: 0.762
2025-09-20 12:11:24 -   Correct/Total: 11/19
2025-09-20 12:11:24 -   Confusion Matrix Stats:
2025-09-20 12:11:24 -     TP: 6, TN: 5
2025-09-20 12:11:24 -     FP: 7, FN: 1
2025-09-20 12:11:24 - Subject: sub-027
2025-09-20 12:11:24 -   Accuracy: 52.381%
2025-09-20 12:11:24 -   Precision: 0.571
2025-09-20 12:11:24 -   Recall: 0.364
2025-09-20 12:11:24 -   F1 Score: 0.444
2025-09-20 12:11:24 -   AUC: 0.591
2025-09-20 12:11:24 -   Correct/Total: 11/21
2025-09-20 12:11:24 -   Confusion Matrix Stats:
2025-09-20 12:11:24 -     TP: 4, TN: 7
2025-09-20 12:11:24 -     FP: 3, FN: 7
2025-09-20 12:11:24 - Subject: sub-028
2025-09-20 12:11:24 -   Accuracy: 52.174%
2025-09-20 12:11:24 -   Precision: 0.444
2025-09-20 12:11:24 -   Recall: 0.400
2025-09-20 12:11:24 -   F1 Score: 0.421
2025-09-20 12:11:24 -   AUC: 0.554
2025-09-20 12:11:24 -   Correct/Total: 12/23
2025-09-20 12:11:24 -   Confusion Matrix Stats:
2025-09-20 12:11:24 -     TP: 4, TN: 8
2025-09-20 12:11:24 -     FP: 5, FN: 6
2025-09-20 12:11:24 - Subject: sub-029
2025-09-20 12:11:24 -   Accuracy: 66.667%
2025-09-20 12:11:24 -   Precision: 0.667
2025-09-20 12:11:24 -   Recall: 0.750
2025-09-20 12:11:24 -   F1 Score: 0.706
2025-09-20 12:11:24 -   AUC: 0.857
2025-09-20 12:11:24 -   Correct/Total: 10/15
2025-09-20 12:11:24 -   Confusion Matrix Stats:
2025-09-20 12:11:24 -     TP: 6, TN: 4
2025-09-20 12:11:24 -     FP: 3, FN: 2
2025-09-20 12:11:24 - Subject: sub-030
2025-09-20 12:11:24 -   Accuracy: 93.333%
2025-09-20 12:11:24 -   Precision: 0.875
2025-09-20 12:11:24 -   Recall: 1.000
2025-09-20 12:11:24 -   F1 Score: 0.933
2025-09-20 12:11:24 -   AUC: 0.875
2025-09-20 12:11:24 -   Correct/Total: 14/15
2025-09-20 12:11:24 -   Confusion Matrix Stats:
2025-09-20 12:11:24 -     TP: 7, TN: 7
2025-09-20 12:11:24 -     FP: 1, FN: 0
2025-09-20 12:11:24 - Subject: sub-031
2025-09-20 12:11:24 -   Accuracy: 33.333%
2025-09-20 12:11:24 -   Precision: 0.231
2025-09-20 12:11:24 -   Recall: 1.000
2025-09-20 12:11:24 -   F1 Score: 0.375
2025-09-20 12:11:24 -   AUC: 0.889
2025-09-20 12:11:24 -   Correct/Total: 5/15
2025-09-20 12:11:24 -   Confusion Matrix Stats:
2025-09-20 12:11:24 -     TP: 3, TN: 2
2025-09-20 12:11:24 -     FP: 10, FN: 0
2025-09-20 12:11:24 - Subject: sub-032
2025-09-20 12:11:24 -   Accuracy: 69.565%
2025-09-20 12:11:24 -   Precision: 0.615
2025-09-20 12:11:24 -   Recall: 0.800
2025-09-20 12:11:24 -   F1 Score: 0.696
2025-09-20 12:11:24 -   AUC: 0.831
2025-09-20 12:11:24 -   Correct/Total: 16/23
2025-09-20 12:11:24 -   Confusion Matrix Stats:
2025-09-20 12:11:24 -     TP: 8, TN: 8
2025-09-20 12:11:24 -     FP: 5, FN: 2
2025-09-20 12:11:24 - Subject: sub-033
2025-09-20 12:11:24 -   Accuracy: 45.000%
2025-09-20 12:11:24 -   Precision: 0.500
2025-09-20 12:11:24 -   Recall: 0.273
2025-09-20 12:11:24 -   F1 Score: 0.353
2025-09-20 12:11:24 -   AUC: 0.505
2025-09-20 12:11:24 -   Correct/Total: 9/20
2025-09-20 12:11:24 -   Confusion Matrix Stats:
2025-09-20 12:11:24 -     TP: 3, TN: 6
2025-09-20 12:11:24 -     FP: 3, FN: 8
2025-09-20 12:11:24 - Subject: sub-034
2025-09-20 12:11:24 -   Accuracy: 68.421%
2025-09-20 12:11:24 -   Precision: 0.600
2025-09-20 12:11:24 -   Recall: 0.750
2025-09-20 12:11:24 -   F1 Score: 0.667
2025-09-20 12:11:24 -   AUC: 0.830
2025-09-20 12:11:24 -   Correct/Total: 13/19
2025-09-20 12:11:24 -   Confusion Matrix Stats:
2025-09-20 12:11:24 -     TP: 6, TN: 7
2025-09-20 12:11:24 -     FP: 4, FN: 2
2025-09-20 12:11:24 - Subject: sub-035
2025-09-20 12:11:24 -   Accuracy: 59.091%
2025-09-20 12:11:24 -   Precision: 0.636
2025-09-20 12:11:24 -   Recall: 0.583
2025-09-20 12:11:24 -   F1 Score: 0.609
2025-09-20 12:11:24 -   AUC: 0.667
2025-09-20 12:11:24 -   Correct/Total: 13/22
2025-09-20 12:11:24 -   Confusion Matrix Stats:
2025-09-20 12:11:24 -     TP: 7, TN: 6
2025-09-20 12:11:24 -     FP: 4, FN: 5
2025-09-20 12:11:24 - Subject: sub-036
2025-09-20 12:11:24 -   Accuracy: 66.667%
2025-09-20 12:11:24 -   Precision: 0.600
2025-09-20 12:11:24 -   Recall: 0.750
2025-09-20 12:11:24 -   F1 Score: 0.667
2025-09-20 12:11:24 -   AUC: 0.737
2025-09-20 12:11:24 -   Correct/Total: 12/18
2025-09-20 12:11:24 -   Confusion Matrix Stats:
2025-09-20 12:11:24 -     TP: 6, TN: 6
2025-09-20 12:11:24 -     FP: 4, FN: 2
2025-09-20 12:11:24 - Subject: sub-037
2025-09-20 12:11:24 -   Accuracy: 77.778%
2025-09-20 12:11:24 -   Precision: 0.750
2025-09-20 12:11:24 -   Recall: 0.750
2025-09-20 12:11:24 -   F1 Score: 0.750
2025-09-20 12:11:24 -   AUC: 0.813
2025-09-20 12:11:24 -   Correct/Total: 14/18
2025-09-20 12:11:24 -   Confusion Matrix Stats:
2025-09-20 12:11:24 -     TP: 6, TN: 8
2025-09-20 12:11:24 -     FP: 2, FN: 2
2025-09-20 12:11:24 - Subject: sub-038
2025-09-20 12:11:24 -   Accuracy: 84.211%
2025-09-20 12:11:24 -   Precision: 0.818
2025-09-20 12:11:24 -   Recall: 0.900
2025-09-20 12:11:24 -   F1 Score: 0.857
2025-09-20 12:11:24 -   AUC: 0.967
2025-09-20 12:11:24 -   Correct/Total: 16/19
2025-09-20 12:11:24 -   Confusion Matrix Stats:
2025-09-20 12:11:24 -     TP: 9, TN: 7
2025-09-20 12:11:24 -     FP: 2, FN: 1
2025-09-20 12:11:24 - Subject: sub-039
2025-09-20 12:11:24 -   Accuracy: 79.167%
2025-09-20 12:11:24 -   Precision: 0.818
2025-09-20 12:11:24 -   Recall: 0.750
2025-09-20 12:11:24 -   F1 Score: 0.783
2025-09-20 12:11:24 -   AUC: 0.875
2025-09-20 12:11:24 -   Correct/Total: 19/24
2025-09-20 12:11:24 -   Confusion Matrix Stats:
2025-09-20 12:11:24 -     TP: 9, TN: 10
2025-09-20 12:11:24 -     FP: 2, FN: 3
2025-09-20 12:11:24 - Subject: sub-040
2025-09-20 12:11:24 -   Accuracy: 59.091%
2025-09-20 12:11:24 -   Precision: 0.583
2025-09-20 12:11:24 -   Recall: 0.636
2025-09-20 12:11:24 -   F1 Score: 0.609
2025-09-20 12:11:24 -   AUC: 0.645
2025-09-20 12:11:24 -   Correct/Total: 13/22
2025-09-20 12:11:24 -   Confusion Matrix Stats:
2025-09-20 12:11:24 -     TP: 7, TN: 6
2025-09-20 12:11:24 -     FP: 5, FN: 4
2025-09-20 12:11:24 - 
P3 Pooled Model Statistics:
2025-09-20 12:11:24 - 95% Confidence Interval: [0.633, 0.707]
2025-09-20 12:11:24 - Best Subject: sub-030 (0.933)
2025-09-20 12:11:24 - Worst Subject: sub-031 (0.333)
2025-09-20 12:11:24 - Mean Accuracy: 0.668
2025-09-20 12:11:24 - Mean Precision: 0.651
2025-09-20 12:11:24 - Mean Recall: 0.698
2025-09-20 12:11:24 - Mean F1-Score: 0.673
2025-09-20 12:11:24 - Mean AUC: 0.760
2025-09-20 12:11:24 - Mean Confusion Matrix:
2025-09-20 12:11:24 -   TP: 7, TN: 6
2025-09-20 12:11:24 -   FP: 4, FN: 3
