2025-09-21 12:48:30 - 
Experiment Configuration:
2025-09-21 12:48:30 - --------------------------------------------------
2025-09-21 12:48:30 - dataset: P3 Raw Data BIDS-Compatible
2025-09-21 12:48:30 - use_combined_datasets: False
2025-09-21 12:48:30 - electrode_list: all
2025-09-21 12:48:30 - classifier: SepConv1D
2025-09-21 12:48:30 - separate_subject_classification: False
2025-09-21 12:48:30 - use_subject_layer: False
2025-09-21 12:48:30 - seeds: [42]
2025-09-21 12:48:30 - use_nested_cv: True
2025-09-21 12:48:30 - electrode_fusion_method: none
2025-09-21 12:48:30 - domain_adaptation_method: none
2025-09-21 12:48:30 - enable_comprehensive_evaluation: True
2025-09-21 12:48:30 - enable_domain_analysis: True
2025-09-21 12:48:30 - enable_small_sample_analysis: False
2025-09-21 12:48:30 - small_sample_sizes: [5, 10, 15, 20]
2025-09-21 12:48:30 - small_sample_subjects: [5, 10, 15]
2025-09-21 12:48:30 - --------------------------------------------------
2025-09-21 12:48:30 - 
==================================================
2025-09-21 12:48:30 - Processing P3 Dataset
2025-09-21 12:48:30 - ==================================================
2025-09-21 12:48:30 - Using Cross-Validation (simplified approach)
2025-09-21 12:48:30 - Configuration: 5-fold CV, 1 repeats
2025-09-21 12:48:30 - ============================================================
2025-09-21 12:48:30 - CROSS-VALIDATION CONFIGURATION
2025-09-21 12:48:30 - ============================================================
2025-09-21 12:48:30 - Datasets: ['P3']
2025-09-21 12:48:30 - CV folds: 5
2025-09-21 12:48:30 - Repeats: 1
2025-09-21 12:48:30 - Confidence level: 0.95
2025-09-21 12:48:30 - ============================================================
2025-09-21 12:48:30 - STRATIFIED SAMPLING CONFIGURATION
2025-09-21 12:48:30 - ============================================================
2025-09-21 12:48:30 - Nested CV Mode: Trial counts per subject by dataset
2025-09-21 12:48:30 -   P3 dataset: 20 trials per subject
2025-09-21 12:48:30 - Sampling strategy: Multi-level stratified sampling
2025-09-21 12:48:30 -   - Subject-level: Stratified trial selection per subject
2025-09-21 12:48:30 -   - Dataset-level: Stratified sampling when dataset trial counts differ
2025-09-21 12:48:30 -   - Fold-level: StratifiedKFold for 5-fold CV
2025-09-21 12:48:30 -   - Train/Val split: Stratified train_test_split within each fold
2025-09-21 12:48:30 - ============================================================
2025-09-21 12:48:30 - Subject sub-001: Sampled 20/80 trials
2025-09-21 12:48:30 -   Original distribution: {0: 0.5, 1: 0.5}
2025-09-21 12:48:30 -   Sampled distribution: {0: 0.5, 1: 0.5}
2025-09-21 12:48:30 - Subject sub-002: Sampled 20/80 trials
2025-09-21 12:48:30 -   Original distribution: {0: 0.5, 1: 0.5}
2025-09-21 12:48:30 -   Sampled distribution: {0: 0.5, 1: 0.5}
2025-09-21 12:48:30 - Subject sub-003: Sampled 20/80 trials
2025-09-21 12:48:30 -   Original distribution: {0: 0.5, 1: 0.5}
2025-09-21 12:48:30 -   Sampled distribution: {0: 0.5, 1: 0.5}
2025-09-21 12:48:31 - Subject sub-004: Sampled 20/78 trials
2025-09-21 12:48:31 -   Original distribution: {0: 0.5, 1: 0.5}
2025-09-21 12:48:31 -   Sampled distribution: {0: 0.5, 1: 0.5}
2025-09-21 12:48:31 - Subject sub-005: Sampled 20/80 trials
2025-09-21 12:48:31 -   Original distribution: {0: 0.5, 1: 0.5}
2025-09-21 12:48:31 -   Sampled distribution: {0: 0.5, 1: 0.5}
2025-09-21 12:48:31 - Subject sub-006: Sampled 20/80 trials
2025-09-21 12:48:31 -   Original distribution: {0: 0.5, 1: 0.5}
2025-09-21 12:48:31 -   Sampled distribution: {0: 0.5, 1: 0.5}
2025-09-21 12:48:31 - Subject sub-007: Sampled 20/80 trials
2025-09-21 12:48:31 -   Original distribution: {0: 0.5, 1: 0.5}
2025-09-21 12:48:31 -   Sampled distribution: {0: 0.5, 1: 0.5}
2025-09-21 12:48:31 - Subject sub-008: Sampled 20/80 trials
2025-09-21 12:48:31 -   Original distribution: {0: 0.5, 1: 0.5}
2025-09-21 12:48:31 -   Sampled distribution: {0: 0.5, 1: 0.5}
2025-09-21 12:48:31 - Subject sub-009: Sampled 20/80 trials
2025-09-21 12:48:31 -   Original distribution: {0: 0.5, 1: 0.5}
2025-09-21 12:48:31 -   Sampled distribution: {0: 0.5, 1: 0.5}
2025-09-21 12:48:32 - Subject sub-010: Sampled 20/80 trials
2025-09-21 12:48:32 -   Original distribution: {0: 0.5, 1: 0.5}
2025-09-21 12:48:32 -   Sampled distribution: {0: 0.5, 1: 0.5}
2025-09-21 12:48:32 - Subject sub-011: Sampled 20/80 trials
2025-09-21 12:48:32 -   Original distribution: {0: 0.5, 1: 0.5}
2025-09-21 12:48:32 -   Sampled distribution: {0: 0.5, 1: 0.5}
2025-09-21 12:48:32 - Subject sub-012: Sampled 20/78 trials
2025-09-21 12:48:32 -   Original distribution: {0: 0.5, 1: 0.5}
2025-09-21 12:48:32 -   Sampled distribution: {0: 0.5, 1: 0.5}
2025-09-21 12:48:32 - Subject sub-013: Sampled 20/80 trials
2025-09-21 12:48:32 -   Original distribution: {0: 0.5, 1: 0.5}
2025-09-21 12:48:32 -   Sampled distribution: {0: 0.5, 1: 0.5}
2025-09-21 12:48:32 - Subject sub-014: Sampled 20/80 trials
2025-09-21 12:48:32 -   Original distribution: {0: 0.5, 1: 0.5}
2025-09-21 12:48:32 -   Sampled distribution: {0: 0.5, 1: 0.5}
2025-09-21 12:48:32 - Subject sub-015: Sampled 20/80 trials
2025-09-21 12:48:32 -   Original distribution: {0: 0.5, 1: 0.5}
2025-09-21 12:48:32 -   Sampled distribution: {0: 0.5, 1: 0.5}
2025-09-21 12:48:32 - Subject sub-016: Sampled 20/80 trials
2025-09-21 12:48:32 -   Original distribution: {0: 0.5, 1: 0.5}
2025-09-21 12:48:32 -   Sampled distribution: {0: 0.5, 1: 0.5}
2025-09-21 12:48:33 - Subject sub-017: Sampled 20/80 trials
2025-09-21 12:48:33 -   Original distribution: {0: 0.5, 1: 0.5}
2025-09-21 12:48:33 -   Sampled distribution: {0: 0.5, 1: 0.5}
2025-09-21 12:48:33 - Subject sub-018: Sampled 20/80 trials
2025-09-21 12:48:33 -   Original distribution: {0: 0.5, 1: 0.5}
2025-09-21 12:48:33 -   Sampled distribution: {0: 0.5, 1: 0.5}
2025-09-21 12:48:33 - Subject sub-019: Sampled 20/80 trials
2025-09-21 12:48:33 -   Original distribution: {0: 0.5, 1: 0.5}
2025-09-21 12:48:33 -   Sampled distribution: {0: 0.5, 1: 0.5}
2025-09-21 12:48:33 - Subject sub-020: Sampled 20/78 trials
2025-09-21 12:48:33 -   Original distribution: {0: 0.5, 1: 0.5}
2025-09-21 12:48:33 -   Sampled distribution: {0: 0.5, 1: 0.5}
2025-09-21 12:48:33 - Subject sub-021: Sampled 20/80 trials
2025-09-21 12:48:33 -   Original distribution: {0: 0.5, 1: 0.5}
2025-09-21 12:48:33 -   Sampled distribution: {0: 0.5, 1: 0.5}
2025-09-21 12:48:33 - Subject sub-022: Sampled 20/80 trials
2025-09-21 12:48:33 -   Original distribution: {0: 0.5, 1: 0.5}
2025-09-21 12:48:33 -   Sampled distribution: {0: 0.5, 1: 0.5}
2025-09-21 12:48:34 - Subject sub-023: Sampled 20/78 trials
2025-09-21 12:48:34 -   Original distribution: {0: 0.5, 1: 0.5}
2025-09-21 12:48:34 -   Sampled distribution: {0: 0.5, 1: 0.5}
2025-09-21 12:48:34 - Subject sub-024: Sampled 20/80 trials
2025-09-21 12:48:34 -   Original distribution: {0: 0.5, 1: 0.5}
2025-09-21 12:48:34 -   Sampled distribution: {0: 0.5, 1: 0.5}
2025-09-21 12:48:34 - Subject sub-025: Sampled 20/80 trials
2025-09-21 12:48:34 -   Original distribution: {0: 0.5, 1: 0.5}
2025-09-21 12:48:34 -   Sampled distribution: {0: 0.5, 1: 0.5}
2025-09-21 12:48:34 - Subject sub-026: Sampled 20/80 trials
2025-09-21 12:48:34 -   Original distribution: {0: 0.5, 1: 0.5}
2025-09-21 12:48:34 -   Sampled distribution: {0: 0.5, 1: 0.5}
2025-09-21 12:48:34 - Subject sub-027: Sampled 20/80 trials
2025-09-21 12:48:34 -   Original distribution: {0: 0.5, 1: 0.5}
2025-09-21 12:48:34 -   Sampled distribution: {0: 0.5, 1: 0.5}
2025-09-21 12:48:34 - Subject sub-028: Sampled 20/80 trials
2025-09-21 12:48:34 -   Original distribution: {0: 0.5, 1: 0.5}
2025-09-21 12:48:34 -   Sampled distribution: {0: 0.5, 1: 0.5}
2025-09-21 12:48:34 - Subject sub-029: Sampled 20/80 trials
2025-09-21 12:48:34 -   Original distribution: {0: 0.5, 1: 0.5}
2025-09-21 12:48:34 -   Sampled distribution: {0: 0.5, 1: 0.5}
2025-09-21 12:48:35 - Subject sub-030: Sampled 20/80 trials
2025-09-21 12:48:35 -   Original distribution: {0: 0.5, 1: 0.5}
2025-09-21 12:48:35 -   Sampled distribution: {0: 0.5, 1: 0.5}
2025-09-21 12:48:35 - Subject sub-031: Sampled 20/80 trials
2025-09-21 12:48:35 -   Original distribution: {0: 0.5, 1: 0.5}
2025-09-21 12:48:35 -   Sampled distribution: {0: 0.5, 1: 0.5}
2025-09-21 12:48:35 - Subject sub-032: Sampled 20/80 trials
2025-09-21 12:48:35 -   Original distribution: {0: 0.5, 1: 0.5}
2025-09-21 12:48:35 -   Sampled distribution: {0: 0.5, 1: 0.5}
2025-09-21 12:48:35 - Subject sub-033: Sampled 20/80 trials
2025-09-21 12:48:35 -   Original distribution: {0: 0.5, 1: 0.5}
2025-09-21 12:48:35 -   Sampled distribution: {0: 0.5, 1: 0.5}
2025-09-21 12:48:35 - Subject sub-034: Sampled 20/80 trials
2025-09-21 12:48:35 -   Original distribution: {0: 0.5, 1: 0.5}
2025-09-21 12:48:35 -   Sampled distribution: {0: 0.5, 1: 0.5}
2025-09-21 12:48:35 - Subject sub-035: Sampled 20/78 trials
2025-09-21 12:48:35 -   Original distribution: {0: 0.5, 1: 0.5}
2025-09-21 12:48:35 -   Sampled distribution: {0: 0.5, 1: 0.5}
2025-09-21 12:48:36 - Subject sub-036: Sampled 20/80 trials
2025-09-21 12:48:36 -   Original distribution: {0: 0.5, 1: 0.5}
2025-09-21 12:48:36 -   Sampled distribution: {0: 0.5, 1: 0.5}
2025-09-21 12:48:36 - Subject sub-037: Sampled 20/78 trials
2025-09-21 12:48:36 -   Original distribution: {0: 0.5, 1: 0.5}
2025-09-21 12:48:36 -   Sampled distribution: {0: 0.5, 1: 0.5}
2025-09-21 12:48:36 - Subject sub-038: Sampled 20/80 trials
2025-09-21 12:48:36 -   Original distribution: {0: 0.5, 1: 0.5}
2025-09-21 12:48:36 -   Sampled distribution: {0: 0.5, 1: 0.5}
2025-09-21 12:48:36 - Subject sub-039: Sampled 20/80 trials
2025-09-21 12:48:36 -   Original distribution: {0: 0.5, 1: 0.5}
2025-09-21 12:48:36 -   Sampled distribution: {0: 0.5, 1: 0.5}
2025-09-21 12:48:36 - Subject sub-040: Sampled 20/80 trials
2025-09-21 12:48:36 -   Original distribution: {0: 0.5, 1: 0.5}
2025-09-21 12:48:36 -   Sampled distribution: {0: 0.5, 1: 0.5}
2025-09-21 12:48:36 - Nested CV dataset summary:
2025-09-21 12:48:36 -   Total subjects: 40
2025-09-21 12:48:36 -   Total trials: 800
2025-09-21 12:48:36 -   Average trials per subject: 20.0
2025-09-21 12:48:36 -   P3 dataset: 0 subjects, 800 trials (inf trials/subject)
2025-09-21 12:48:36 -   Class distribution: {0: 400, 1: 400}
2025-09-21 12:48:36 -   Class proportions: [0.5 0.5]
2025-09-21 12:48:36 - Enhanced preprocessing increased channels from 8 to 40
2025-09-21 12:48:36 - Starting Cross-Validation for SepConv1D
2025-09-21 12:48:36 - Configuration: 5-fold CV, 1 repeats
2025-09-21 12:48:36 - Data split ratios: Train=0.7, Val=0.1, Test=0.2
2025-09-21 12:48:36 - Repeat 1/1
2025-09-21 12:48:36 -   Fold 1/5
2025-09-21 12:48:36 -     Fold split: Train=560, Val=80
2025-09-21 12:48:40 -     Test accuracy: 0.5687
2025-09-21 12:48:40 -   Fold 2/5
2025-09-21 12:48:40 -     Fold split: Train=560, Val=80
2025-09-21 12:48:43 -     Test accuracy: 0.6375
2025-09-21 12:48:43 -   Fold 3/5
2025-09-21 12:48:43 -     Fold split: Train=560, Val=80
2025-09-21 12:48:48 -     Test accuracy: 0.5750
2025-09-21 12:48:48 -   Fold 4/5
2025-09-21 12:48:48 -     Fold split: Train=560, Val=80
2025-09-21 12:48:52 -     Test accuracy: 0.6375
2025-09-21 12:48:52 -   Fold 5/5
2025-09-21 12:48:52 -     Fold split: Train=560, Val=80
2025-09-21 12:48:55 -     Test accuracy: 0.5500
2025-09-21 12:48:55 -   Repeat 1 mean accuracy: 0.5938 ± 0.0367
2025-09-21 12:48:55 - Cross-Validation completed for SepConv1D
2025-09-21 12:48:55 - Final accuracy: 0.5938 ± 0.0410
2025-09-21 12:48:55 - 95% CI: [0.5429, 0.6446]
2025-09-21 12:48:55 - 
============================================================
2025-09-21 12:48:55 - CROSS-VALIDATION RESULTS
2025-09-21 12:48:55 - ============================================================
2025-09-21 12:48:55 - Model: SepConv1D
2025-09-21 12:48:55 - Overall accuracy: 0.5938 ± 0.0410
2025-09-21 12:48:55 - 95% Confidence Interval: [0.5429, 0.6446]
2025-09-21 12:48:55 - Statistical significance: 5 evaluations
2025-09-21 12:48:55 - Precision: 0.5931 [0.5383, 0.6480]
2025-09-21 12:48:55 - Recall: 0.6100 [0.5062, 0.7138]
2025-09-21 12:48:55 - F1_Score: 0.5987 [0.5413, 0.6561]
2025-09-21 12:48:55 - Auc: 0.6377 [0.5873, 0.6880]
2025-09-21 12:48:55 - ============================================================
2025-09-21 12:48:55 - Individual subject results skipped - using Nested Cross-Validation results
