2025-09-21 16:57:19 - 
Experiment Configuration:
2025-09-21 16:57:19 - --------------------------------------------------
2025-09-21 16:57:19 - dataset: P3 Raw Data BIDS-Compatible
2025-09-21 16:57:19 - use_combined_datasets: False
2025-09-21 16:57:19 - electrode_list: all
2025-09-21 16:57:19 - classifier: SepConv1D
2025-09-21 16:57:19 - separate_subject_classification: False
2025-09-21 16:57:19 - use_subject_layer: False
2025-09-21 16:57:19 - seeds: [42]
2025-09-21 16:57:19 - use_nested_cv: False
2025-09-21 16:57:19 - electrode_fusion_method: none
2025-09-21 16:57:19 - domain_adaptation_method: none
2025-09-21 16:57:19 - enable_comprehensive_evaluation: True
2025-09-21 16:57:19 - enable_domain_analysis: True
2025-09-21 16:57:19 - enable_small_sample_analysis: False
2025-09-21 16:57:19 - small_sample_sizes: [5, 10, 15, 20]
2025-09-21 16:57:19 - small_sample_subjects: [5, 10, 15]
2025-09-21 16:57:19 - --------------------------------------------------
2025-09-21 16:57:19 - 
==================================================
2025-09-21 16:57:19 - Processing P3 Dataset
2025-09-21 16:57:19 - ==================================================
2025-09-21 16:57:19 - Using traditional train/validation/test split
2025-09-21 17:03:02 - 
==================================================
2025-09-21 17:03:02 - Individual Subject Results - P3
2025-09-21 17:03:02 - ==================================================
2025-09-21 17:03:02 - 
P3 Pooled Model Statistics:
2025-09-21 17:03:02 - 95% Confidence Interval: [nan, nan]
2025-09-21 17:03:02 - Best Subject: sub-001 (0.000)
2025-09-21 17:03:02 - Worst Subject: sub-001 (0.000)
