2025-09-08 22:07:41 - 
Experiment Configuration:
2025-09-08 22:07:41 - --------------------------------------------------
2025-09-08 22:07:41 - dataset: P3 Raw Data BIDS-Compatible
2025-09-08 22:07:41 - use_combined_datasets: False
2025-09-08 22:07:41 - electrode_list: all
2025-09-08 22:07:41 - classifier: ShallowFBCSPNet
2025-09-08 22:07:41 - separate_subject_classification: False
2025-09-08 22:07:41 - use_subject_layer: False
2025-09-08 22:07:41 - seeds: [42, 123, 456, 789, 321]
2025-09-08 22:07:41 - --------------------------------------------------
2025-09-08 22:07:41 - 
==================================================
2025-09-08 22:07:41 - Processing P3 Dataset
2025-09-08 22:07:41 - ==================================================
2025-09-08 22:10:23 - 
==================================================
2025-09-08 22:10:23 - Individual Subject Results - P3
2025-09-08 22:10:23 - ==================================================
2025-09-08 22:10:23 - Subject: sub-001
2025-09-08 22:10:23 -   Accuracy: 0.000%
2025-09-08 22:10:23 -   Precision: 0.660
2025-09-08 22:10:23 -   Recall: 0.543
2025-09-08 22:10:23 -   F1 Score: 0.595
2025-09-08 22:10:23 -   AUC: 0.671
2025-09-08 22:10:23 -   Correct/Total: 10/15
2025-09-08 22:10:23 -   Confusion Matrix Stats:
2025-09-08 22:10:23 -     TP: 4, TN: 6
2025-09-08 22:10:23 -     FP: 2, FN: 3
2025-09-08 22:10:23 - Subject: sub-002
2025-09-08 22:10:23 -   Accuracy: 0.000%
2025-09-08 22:10:23 -   Precision: 0.654
2025-09-08 22:10:23 -   Recall: 0.967
2025-09-08 22:10:23 -   F1 Score: 0.777
2025-09-08 22:10:23 -   AUC: 0.917
2025-09-08 22:10:23 -   Correct/Total: 13/16
2025-09-08 22:10:23 -   Confusion Matrix Stats:
2025-09-08 22:10:23 -     TP: 6, TN: 7
2025-09-08 22:10:23 -     FP: 3, FN: 0
2025-09-08 22:10:23 - Subject: sub-003
2025-09-08 22:10:23 -   Accuracy: 0.000%
2025-09-08 22:10:23 -   Precision: 0.867
2025-09-08 22:10:23 -   Recall: 0.891
2025-09-08 22:10:23 -   F1 Score: 0.875
2025-09-08 22:10:23 -   AUC: 0.972
2025-09-08 22:10:23 -   Correct/Total: 17/20
2025-09-08 22:10:23 -   Confusion Matrix Stats:
2025-09-08 22:10:23 -     TP: 10, TN: 7
2025-09-08 22:10:23 -     FP: 2, FN: 1
2025-09-08 22:10:23 - Subject: sub-004
2025-09-08 22:10:23 -   Accuracy: 0.000%
2025-09-08 22:10:23 -   Precision: 0.794
2025-09-08 22:10:23 -   Recall: 0.933
2025-09-08 22:10:23 -   F1 Score: 0.857
2025-09-08 22:10:23 -   AUC: 0.785
2025-09-08 22:10:23 -   Correct/Total: 12/15
2025-09-08 22:10:23 -   Confusion Matrix Stats:
2025-09-08 22:10:23 -     TP: 8, TN: 4
2025-09-08 22:10:23 -     FP: 2, FN: 1
2025-09-08 22:10:23 - Subject: sub-005
2025-09-08 22:10:23 -   Accuracy: 0.000%
2025-09-08 22:10:23 -   Precision: 0.666
2025-09-08 22:10:23 -   Recall: 0.840
2025-09-08 22:10:23 -   F1 Score: 0.738
2025-09-08 22:10:23 -   AUC: 0.787
2025-09-08 22:10:23 -   Correct/Total: 8/11
2025-09-08 22:10:23 -   Confusion Matrix Stats:
2025-09-08 22:10:23 -     TP: 4, TN: 4
2025-09-08 22:10:23 -     FP: 2, FN: 1
2025-09-08 22:10:23 - Subject: sub-006
2025-09-08 22:10:23 -   Accuracy: 0.000%
2025-09-08 22:10:23 -   Precision: 0.235
2025-09-08 22:10:23 -   Recall: 0.400
2025-09-08 22:10:23 -   F1 Score: 0.293
2025-09-08 22:10:23 -   AUC: 0.410
2025-09-08 22:10:23 -   Correct/Total: 4/10
2025-09-08 22:10:23 -   Confusion Matrix Stats:
2025-09-08 22:10:23 -     TP: 1, TN: 3
2025-09-08 22:10:23 -     FP: 4, FN: 2
2025-09-08 22:10:23 - Subject: sub-007
2025-09-08 22:10:23 -   Accuracy: 0.000%
2025-09-08 22:10:23 -   Precision: 0.782
2025-09-08 22:10:23 -   Recall: 0.667
2025-09-08 22:10:23 -   F1 Score: 0.672
2025-09-08 22:10:23 -   AUC: 0.781
2025-09-08 22:10:23 -   Correct/Total: 11/15
2025-09-08 22:10:23 -   Confusion Matrix Stats:
2025-09-08 22:10:23 -     TP: 4, TN: 7
2025-09-08 22:10:23 -     FP: 2, FN: 2
2025-09-08 22:10:23 - Subject: sub-008
2025-09-08 22:10:23 -   Accuracy: 0.000%
2025-09-08 22:10:23 -   Precision: 1.000
2025-09-08 22:10:23 -   Recall: 0.311
2025-09-08 22:10:23 -   F1 Score: 0.473
2025-09-08 22:10:23 -   AUC: 0.878
2025-09-08 22:10:23 -   Correct/Total: 5/11
2025-09-08 22:10:23 -   Confusion Matrix Stats:
2025-09-08 22:10:23 -     TP: 3, TN: 2
2025-09-08 22:10:23 -     FP: 0, FN: 6
2025-09-08 22:10:23 - Subject: sub-009
2025-09-08 22:10:23 -   Accuracy: 0.000%
2025-09-08 22:10:23 -   Precision: 0.777
2025-09-08 22:10:23 -   Recall: 0.543
2025-09-08 22:10:23 -   F1 Score: 0.630
2025-09-08 22:10:23 -   AUC: 0.703
2025-09-08 22:10:23 -   Correct/Total: 8/12
2025-09-08 22:10:23 -   Confusion Matrix Stats:
2025-09-08 22:10:23 -     TP: 4, TN: 4
2025-09-08 22:10:23 -     FP: 1, FN: 3
2025-09-08 22:10:23 - Subject: sub-010
2025-09-08 22:10:23 -   Accuracy: 0.000%
2025-09-08 22:10:23 -   Precision: 0.743
2025-09-08 22:10:23 -   Recall: 0.400
2025-09-08 22:10:23 -   F1 Score: 0.515
2025-09-08 22:10:23 -   AUC: 0.714
2025-09-08 22:10:23 -   Correct/Total: 7/12
2025-09-08 22:10:23 -   Confusion Matrix Stats:
2025-09-08 22:10:23 -     TP: 3, TN: 4
2025-09-08 22:10:23 -     FP: 1, FN: 4
2025-09-08 22:10:23 - Subject: sub-011
2025-09-08 22:10:23 -   Accuracy: 0.000%
2025-09-08 22:10:23 -   Precision: 0.861
2025-09-08 22:10:23 -   Recall: 0.850
2025-09-08 22:10:23 -   F1 Score: 0.851
2025-09-08 22:10:23 -   AUC: 0.900
2025-09-08 22:10:23 -   Correct/Total: 12/14
2025-09-08 22:10:23 -   Confusion Matrix Stats:
2025-09-08 22:10:23 -     TP: 7, TN: 5
2025-09-08 22:10:23 -     FP: 1, FN: 1
2025-09-08 22:10:23 - Subject: sub-012
2025-09-08 22:10:23 -   Accuracy: 0.000%
2025-09-08 22:10:23 -   Precision: 0.888
2025-09-08 22:10:23 -   Recall: 0.600
2025-09-08 22:10:23 -   F1 Score: 0.714
2025-09-08 22:10:23 -   AUC: 0.878
2025-09-08 22:10:23 -   Correct/Total: 14/19
2025-09-08 22:10:23 -   Confusion Matrix Stats:
2025-09-08 22:10:23 -     TP: 6, TN: 8
2025-09-08 22:10:23 -     FP: 1, FN: 4
2025-09-08 22:10:23 - Subject: sub-013
2025-09-08 22:10:23 -   Accuracy: 0.000%
2025-09-08 22:10:23 -   Precision: 0.651
2025-09-08 22:10:23 -   Recall: 0.618
2025-09-08 22:10:23 -   F1 Score: 0.631
2025-09-08 22:10:23 -   AUC: 0.723
2025-09-08 22:10:23 -   Correct/Total: 16/24
2025-09-08 22:10:23 -   Confusion Matrix Stats:
2025-09-08 22:10:23 -     TP: 7, TN: 9
2025-09-08 22:10:23 -     FP: 4, FN: 4
2025-09-08 22:10:23 - Subject: sub-014
2025-09-08 22:10:23 -   Accuracy: 0.000%
2025-09-08 22:10:23 -   Precision: 0.724
2025-09-08 22:10:23 -   Recall: 0.486
2025-09-08 22:10:23 -   F1 Score: 0.575
2025-09-08 22:10:23 -   AUC: 0.759
2025-09-08 22:10:23 -   Correct/Total: 9/14
2025-09-08 22:10:23 -   Confusion Matrix Stats:
2025-09-08 22:10:23 -     TP: 3, TN: 6
2025-09-08 22:10:23 -     FP: 1, FN: 4
2025-09-08 22:10:23 - Subject: sub-015
2025-09-08 22:10:23 -   Accuracy: 0.000%
2025-09-08 22:10:23 -   Precision: 0.757
2025-09-08 22:10:23 -   Recall: 0.800
2025-09-08 22:10:23 -   F1 Score: 0.777
2025-09-08 22:10:23 -   AUC: 0.902
2025-09-08 22:10:23 -   Correct/Total: 11/14
2025-09-08 22:10:23 -   Confusion Matrix Stats:
2025-09-08 22:10:23 -     TP: 6, TN: 5
2025-09-08 22:10:23 -     FP: 2, FN: 1
2025-09-08 22:10:23 - Subject: sub-016
2025-09-08 22:10:23 -   Accuracy: 0.000%
2025-09-08 22:10:23 -   Precision: 0.805
2025-09-08 22:10:23 -   Recall: 0.880
2025-09-08 22:10:23 -   F1 Score: 0.840
2025-09-08 22:10:23 -   AUC: 0.817
2025-09-08 22:10:23 -   Correct/Total: 13/16
2025-09-08 22:10:23 -   Confusion Matrix Stats:
2025-09-08 22:10:23 -     TP: 9, TN: 4
2025-09-08 22:10:23 -     FP: 2, FN: 1
2025-09-08 22:10:23 - Subject: sub-017
2025-09-08 22:10:23 -   Accuracy: 0.000%
2025-09-08 22:10:23 -   Precision: 0.769
2025-09-08 22:10:23 -   Recall: 0.829
2025-09-08 22:10:23 -   F1 Score: 0.796
2025-09-08 22:10:23 -   AUC: 0.804
2025-09-08 22:10:23 -   Correct/Total: 11/14
2025-09-08 22:10:23 -   Confusion Matrix Stats:
2025-09-08 22:10:23 -     TP: 6, TN: 5
2025-09-08 22:10:23 -     FP: 2, FN: 1
2025-09-08 22:10:23 - Subject: sub-018
2025-09-08 22:10:23 -   Accuracy: 0.000%
2025-09-08 22:10:23 -   Precision: 0.520
2025-09-08 22:10:23 -   Recall: 0.714
2025-09-08 22:10:23 -   F1 Score: 0.601
2025-09-08 22:10:23 -   AUC: 0.795
2025-09-08 22:10:23 -   Correct/Total: 12/19
2025-09-08 22:10:23 -   Confusion Matrix Stats:
2025-09-08 22:10:23 -     TP: 5, TN: 7
2025-09-08 22:10:23 -     FP: 5, FN: 2
2025-09-08 22:10:23 - Subject: sub-019
2025-09-08 22:10:23 -   Accuracy: 0.000%
2025-09-08 22:10:23 -   Precision: 0.597
2025-09-08 22:10:23 -   Recall: 0.250
2025-09-08 22:10:23 -   F1 Score: 0.347
2025-09-08 22:10:23 -   AUC: 0.589
2025-09-08 22:10:23 -   Correct/Total: 10/17
2025-09-08 22:10:23 -   Confusion Matrix Stats:
2025-09-08 22:10:23 -     TP: 2, TN: 8
2025-09-08 22:10:23 -     FP: 1, FN: 6
2025-09-08 22:10:23 - Subject: sub-020
2025-09-08 22:10:23 -   Accuracy: 0.000%
2025-09-08 22:10:23 -   Precision: 0.819
2025-09-08 22:10:23 -   Recall: 0.833
2025-09-08 22:10:23 -   F1 Score: 0.823
2025-09-08 22:10:23 -   AUC: 0.891
2025-09-08 22:10:23 -   Correct/Total: 15/17
2025-09-08 22:10:23 -   Confusion Matrix Stats:
2025-09-08 22:10:23 -     TP: 5, TN: 10
2025-09-08 22:10:23 -     FP: 1, FN: 1
2025-09-08 22:10:23 - Subject: sub-021
2025-09-08 22:10:23 -   Accuracy: 0.000%
2025-09-08 22:10:23 -   Precision: 0.701
2025-09-08 22:10:23 -   Recall: 0.657
2025-09-08 22:10:23 -   F1 Score: 0.676
2025-09-08 22:10:23 -   AUC: 0.755
2025-09-08 22:10:23 -   Correct/Total: 10/14
2025-09-08 22:10:23 -   Confusion Matrix Stats:
2025-09-08 22:10:23 -     TP: 5, TN: 5
2025-09-08 22:10:23 -     FP: 2, FN: 2
2025-09-08 22:10:23 - Subject: sub-022
2025-09-08 22:10:23 -   Accuracy: 0.000%
2025-09-08 22:10:23 -   Precision: 0.849
2025-09-08 22:10:23 -   Recall: 0.800
2025-09-08 22:10:23 -   F1 Score: 0.820
2025-09-08 22:10:23 -   AUC: 0.919
2025-09-08 22:10:23 -   Correct/Total: 16/20
2025-09-08 22:10:23 -   Confusion Matrix Stats:
2025-09-08 22:10:23 -     TP: 9, TN: 7
2025-09-08 22:10:23 -     FP: 2, FN: 2
2025-09-08 22:10:23 - Subject: sub-023
2025-09-08 22:10:23 -   Accuracy: 0.000%
2025-09-08 22:10:23 -   Precision: 0.600
2025-09-08 22:10:23 -   Recall: 0.750
2025-09-08 22:10:23 -   F1 Score: 0.667
2025-09-08 22:10:23 -   AUC: 0.836
2025-09-08 22:10:23 -   Correct/Total: 8/11
2025-09-08 22:10:23 -   Confusion Matrix Stats:
2025-09-08 22:10:23 -     TP: 3, TN: 5
2025-09-08 22:10:23 -     FP: 2, FN: 1
2025-09-08 22:10:23 - Subject: sub-024
2025-09-08 22:10:23 -   Accuracy: 0.000%
2025-09-08 22:10:23 -   Precision: 0.672
2025-09-08 22:10:23 -   Recall: 0.971
2025-09-08 22:10:23 -   F1 Score: 0.793
2025-09-08 22:10:23 -   AUC: 0.861
2025-09-08 22:10:23 -   Correct/Total: 10/14
2025-09-08 22:10:23 -   Confusion Matrix Stats:
2025-09-08 22:10:23 -     TP: 7, TN: 4
2025-09-08 22:10:23 -     FP: 3, FN: 0
2025-09-08 22:10:23 - Subject: sub-025
2025-09-08 22:10:23 -   Accuracy: 0.000%
2025-09-08 22:10:23 -   Precision: 0.897
2025-09-08 22:10:23 -   Recall: 0.667
2025-09-08 22:10:23 -   F1 Score: 0.761
2025-09-08 22:10:23 -   AUC: 0.869
2025-09-08 22:10:23 -   Correct/Total: 15/20
2025-09-08 22:10:23 -   Confusion Matrix Stats:
2025-09-08 22:10:23 -     TP: 8, TN: 7
2025-09-08 22:10:23 -     FP: 1, FN: 4
2025-09-08 22:10:23 - Subject: sub-026
2025-09-08 22:10:23 -   Accuracy: 0.000%
2025-09-08 22:10:23 -   Precision: 0.774
2025-09-08 22:10:23 -   Recall: 0.822
2025-09-08 22:10:23 -   F1 Score: 0.793
2025-09-08 22:10:23 -   AUC: 0.872
2025-09-08 22:10:23 -   Correct/Total: 14/18
2025-09-08 22:10:23 -   Confusion Matrix Stats:
2025-09-08 22:10:23 -     TP: 7, TN: 7
2025-09-08 22:10:23 -     FP: 2, FN: 2
2025-09-08 22:10:23 - Subject: sub-027
2025-09-08 22:10:23 -   Accuracy: 0.000%
2025-09-08 22:10:23 -   Precision: 0.967
2025-09-08 22:10:23 -   Recall: 0.600
2025-09-08 22:10:23 -   F1 Score: 0.738
2025-09-08 22:10:23 -   AUC: 0.762
2025-09-08 22:10:23 -   Correct/Total: 9/12
2025-09-08 22:10:23 -   Confusion Matrix Stats:
2025-09-08 22:10:23 -     TP: 5, TN: 4
2025-09-08 22:10:23 -     FP: 0, FN: 3
2025-09-08 22:10:23 - Subject: sub-028
2025-09-08 22:10:23 -   Accuracy: 0.000%
2025-09-08 22:10:23 -   Precision: 0.761
2025-09-08 22:10:23 -   Recall: 0.667
2025-09-08 22:10:23 -   F1 Score: 0.691
2025-09-08 22:10:23 -   AUC: 0.858
2025-09-08 22:10:23 -   Correct/Total: 15/18
2025-09-08 22:10:23 -   Confusion Matrix Stats:
2025-09-08 22:10:23 -     TP: 4, TN: 11
2025-09-08 22:10:23 -     FP: 1, FN: 2
2025-09-08 22:10:23 - Subject: sub-029
2025-09-08 22:10:23 -   Accuracy: 0.000%
2025-09-08 22:10:23 -   Precision: 0.630
2025-09-08 22:10:23 -   Recall: 0.867
2025-09-08 22:10:23 -   F1 Score: 0.729
2025-09-08 22:10:23 -   AUC: 0.836
2025-09-08 22:10:23 -   Correct/Total: 16/22
2025-09-08 22:10:23 -   Confusion Matrix Stats:
2025-09-08 22:10:23 -     TP: 8, TN: 8
2025-09-08 22:10:23 -     FP: 5, FN: 1
2025-09-08 22:10:23 - Subject: sub-030
2025-09-08 22:10:23 -   Accuracy: 0.000%
2025-09-08 22:10:23 -   Precision: 0.696
2025-09-08 22:10:23 -   Recall: 0.873
2025-09-08 22:10:23 -   F1 Score: 0.774
2025-09-08 22:10:23 -   AUC: 0.785
2025-09-08 22:10:23 -   Correct/Total: 15/21
2025-09-08 22:10:23 -   Confusion Matrix Stats:
2025-09-08 22:10:23 -     TP: 10, TN: 6
2025-09-08 22:10:23 -     FP: 4, FN: 1
2025-09-08 22:10:23 - Subject: sub-031
2025-09-08 22:10:23 -   Accuracy: 0.000%
2025-09-08 22:10:23 -   Precision: 0.629
2025-09-08 22:10:23 -   Recall: 0.629
2025-09-08 22:10:23 -   F1 Score: 0.619
2025-09-08 22:10:23 -   AUC: 0.747
2025-09-08 22:10:23 -   Correct/Total: 9/14
2025-09-08 22:10:23 -   Confusion Matrix Stats:
2025-09-08 22:10:23 -     TP: 4, TN: 4
2025-09-08 22:10:23 -     FP: 3, FN: 3
2025-09-08 22:10:23 - Subject: sub-032
2025-09-08 22:10:23 -   Accuracy: 0.000%
2025-09-08 22:10:23 -   Precision: 0.762
2025-09-08 22:10:23 -   Recall: 0.680
2025-09-08 22:10:23 -   F1 Score: 0.712
2025-09-08 22:10:23 -   AUC: 0.793
2025-09-08 22:10:23 -   Correct/Total: 13/18
2025-09-08 22:10:23 -   Confusion Matrix Stats:
2025-09-08 22:10:23 -     TP: 7, TN: 6
2025-09-08 22:10:23 -     FP: 2, FN: 3
2025-09-08 22:10:23 - Subject: sub-033
2025-09-08 22:10:23 -   Accuracy: 0.000%
2025-09-08 22:10:23 -   Precision: 0.546
2025-09-08 22:10:23 -   Recall: 0.725
2025-09-08 22:10:23 -   F1 Score: 0.619
2025-09-08 22:10:23 -   AUC: 0.647
2025-09-08 22:10:23 -   Correct/Total: 10/17
2025-09-08 22:10:23 -   Confusion Matrix Stats:
2025-09-08 22:10:23 -     TP: 6, TN: 4
2025-09-08 22:10:23 -     FP: 5, FN: 2
2025-09-08 22:10:23 - Subject: sub-034
2025-09-08 22:10:23 -   Accuracy: 0.000%
2025-09-08 22:10:23 -   Precision: 0.831
2025-09-08 22:10:23 -   Recall: 0.800
2025-09-08 22:10:23 -   F1 Score: 0.813
2025-09-08 22:10:23 -   AUC: 0.903
2025-09-08 22:10:23 -   Correct/Total: 16/20
2025-09-08 22:10:23 -   Confusion Matrix Stats:
2025-09-08 22:10:23 -     TP: 9, TN: 7
2025-09-08 22:10:23 -     FP: 2, FN: 2
2025-09-08 22:10:23 - Subject: sub-035
2025-09-08 22:10:23 -   Accuracy: 0.000%
2025-09-08 22:10:23 -   Precision: 0.716
2025-09-08 22:10:23 -   Recall: 0.375
2025-09-08 22:10:23 -   F1 Score: 0.475
2025-09-08 22:10:23 -   AUC: 0.525
2025-09-08 22:10:23 -   Correct/Total: 7/14
2025-09-08 22:10:23 -   Confusion Matrix Stats:
2025-09-08 22:10:23 -     TP: 3, TN: 4
2025-09-08 22:10:23 -     FP: 2, FN: 5
2025-09-08 22:10:23 - Subject: sub-036
2025-09-08 22:10:23 -   Accuracy: 0.000%
2025-09-08 22:10:23 -   Precision: 0.713
2025-09-08 22:10:23 -   Recall: 0.750
2025-09-08 22:10:23 -   F1 Score: 0.709
2025-09-08 22:10:23 -   AUC: 0.893
2025-09-08 22:10:23 -   Correct/Total: 9/11
2025-09-08 22:10:23 -   Confusion Matrix Stats:
2025-09-08 22:10:23 -     TP: 3, TN: 6
2025-09-08 22:10:23 -     FP: 1, FN: 1
2025-09-08 22:10:23 - Subject: sub-037
2025-09-08 22:10:23 -   Accuracy: 0.000%
2025-09-08 22:10:23 -   Precision: 0.943
2025-09-08 22:10:23 -   Recall: 0.545
2025-09-08 22:10:23 -   F1 Score: 0.688
2025-09-08 22:10:23 -   AUC: 0.876
2025-09-08 22:10:23 -   Correct/Total: 12/17
2025-09-08 22:10:23 -   Confusion Matrix Stats:
2025-09-08 22:10:23 -     TP: 6, TN: 6
2025-09-08 22:10:23 -     FP: 0, FN: 5
2025-09-08 22:10:23 - Subject: sub-038
2025-09-08 22:10:23 -   Accuracy: 0.000%
2025-09-08 22:10:23 -   Precision: 0.857
2025-09-08 22:10:23 -   Recall: 0.940
2025-09-08 22:10:23 -   F1 Score: 0.895
2025-09-08 22:10:23 -   AUC: 0.933
2025-09-08 22:10:23 -   Correct/Total: 17/19
2025-09-08 22:10:23 -   Confusion Matrix Stats:
2025-09-08 22:10:23 -     TP: 9, TN: 7
2025-09-08 22:10:23 -     FP: 2, FN: 1
2025-09-08 22:10:23 - Subject: sub-039
2025-09-08 22:10:23 -   Accuracy: 0.000%
2025-09-08 22:10:23 -   Precision: 0.712
2025-09-08 22:10:23 -   Recall: 0.750
2025-09-08 22:10:23 -   F1 Score: 0.724
2025-09-08 22:10:23 -   AUC: 0.853
2025-09-08 22:10:23 -   Correct/Total: 13/18
2025-09-08 22:10:23 -   Confusion Matrix Stats:
2025-09-08 22:10:23 -     TP: 6, TN: 7
2025-09-08 22:10:23 -     FP: 3, FN: 2
2025-09-08 22:10:23 - Subject: sub-040
2025-09-08 22:10:23 -   Accuracy: 0.000%
2025-09-08 22:10:23 -   Precision: 0.914
2025-09-08 22:10:23 -   Recall: 0.829
2025-09-08 22:10:23 -   F1 Score: 0.866
2025-09-08 22:10:23 -   AUC: 0.889
2025-09-08 22:10:23 -   Correct/Total: 13/15
2025-09-08 22:10:23 -   Confusion Matrix Stats:
2025-09-08 22:10:23 -     TP: 6, TN: 7
2025-09-08 22:10:23 -     FP: 1, FN: 1
2025-09-08 22:10:23 - 
P3 Pooled Model Statistics:
2025-09-08 22:10:23 - Mean Accuracy: 0.718
2025-09-08 22:10:23 - 95% Confidence Interval: [0.682, 0.753]
2025-09-08 22:10:23 - Best Subject: sub-038 (0.884)
2025-09-08 22:10:23 - Worst Subject: sub-006 (0.420)
2025-09-08 22:10:23 - Mean Precision: 0.735
2025-09-08 22:10:23 - Mean Recall: 0.715
2025-09-08 22:10:23 - Mean F1-Score: 0.725
2025-09-08 22:10:23 - Mean AUC: 0.802
2025-09-08 22:10:23 - Mean Confusion Matrix:
2025-09-08 22:10:23 -   TP: 6, TN: 6
2025-09-08 22:10:23 -   FP: 2, FN: 2
