2025-09-30 19:04:38 - 
Experiment Configuration:
2025-09-30 19:04:38 - --------------------------------------------------
2025-09-30 19:04:38 - dataset: P3 Raw Data BIDS-Compatible
2025-09-30 19:04:38 - use_combined_datasets: False
2025-09-30 19:04:38 - electrode_list: all
2025-09-30 19:04:38 - classifier: EEGConformer
2025-09-30 19:04:38 - separate_subject_classification: False
2025-09-30 19:04:38 - use_subject_layer: False
2025-09-30 19:04:38 - seeds: [42, 123, 456, 789, 321]
2025-09-30 19:04:38 - use_nested_cv: True
2025-09-30 19:04:38 - electrode_fusion_method: none
2025-09-30 19:04:38 - domain_adaptation_method: none
2025-09-30 19:04:38 - enable_comprehensive_evaluation: True
2025-09-30 19:04:38 - enable_domain_analysis: True
2025-09-30 19:04:38 - enable_small_sample_analysis: False
2025-09-30 19:04:38 - small_sample_sizes: [5, 10, 15, 20]
2025-09-30 19:04:38 - small_sample_subjects: [5, 10, 15]
2025-09-30 19:04:38 - --------------------------------------------------
2025-09-30 19:04:38 - 
==================================================
2025-09-30 19:04:38 - Processing P3 Dataset
2025-09-30 19:04:38 - ==================================================
2025-09-30 19:04:38 - Using Cross-Validation (simplified approach)
2025-09-30 19:04:38 - Configuration: 5-fold CV, 5 repeats
2025-09-30 19:04:38 - ============================================================
2025-09-30 19:04:38 - CROSS-VALIDATION CONFIGURATION
2025-09-30 19:04:38 - ============================================================
2025-09-30 19:04:38 - Datasets: ['P3']
2025-09-30 19:04:38 - CV folds: 5
2025-09-30 19:04:38 - Repeats: 5
2025-09-30 19:04:38 - Confidence level: 0.95
2025-09-30 19:04:38 - ============================================================
2025-09-30 19:04:38 - STRATIFIED SAMPLING CONFIGURATION
2025-09-30 19:04:38 - ============================================================
2025-09-30 19:04:38 - Nested CV Mode: Trial counts per subject by dataset
2025-09-30 19:04:38 -   P3 dataset: 10 trials per subject
2025-09-30 19:04:38 - Sampling strategy: Multi-level stratified sampling
2025-09-30 19:04:38 -   - Subject-level: Stratified trial selection per subject
2025-09-30 19:04:38 -   - Dataset-level: Stratified sampling when dataset trial counts differ
2025-09-30 19:04:38 -   - Fold-level: StratifiedKFold for 5-fold CV
2025-09-30 19:04:38 -   - Train/Val split: Stratified train_test_split within each fold
2025-09-30 19:04:38 - ============================================================
2025-09-30 19:04:38 - Subject sub-001: Sampled 10/80 trials
2025-09-30 19:04:38 -   Original distribution: {0: 0.5, 1: 0.5}
2025-09-30 19:04:38 -   Sampled distribution: {0: 0.5, 1: 0.5}
2025-09-30 19:04:38 - Subject sub-002: Sampled 10/80 trials
2025-09-30 19:04:38 -   Original distribution: {0: 0.5, 1: 0.5}
2025-09-30 19:04:38 -   Sampled distribution: {0: 0.5, 1: 0.5}
2025-09-30 19:04:38 - Subject sub-003: Sampled 10/80 trials
2025-09-30 19:04:38 -   Original distribution: {0: 0.5, 1: 0.5}
2025-09-30 19:04:38 -   Sampled distribution: {0: 0.5, 1: 0.5}
2025-09-30 19:04:39 - Subject sub-004: Sampled 10/78 trials
2025-09-30 19:04:39 -   Original distribution: {0: 0.5, 1: 0.5}
2025-09-30 19:04:39 -   Sampled distribution: {0: 0.5, 1: 0.5}
2025-09-30 19:04:39 - Subject sub-005: Sampled 10/80 trials
2025-09-30 19:04:39 -   Original distribution: {0: 0.5, 1: 0.5}
2025-09-30 19:04:39 -   Sampled distribution: {0: 0.5, 1: 0.5}
2025-09-30 19:04:39 - Subject sub-006: Sampled 10/80 trials
2025-09-30 19:04:39 -   Original distribution: {0: 0.5, 1: 0.5}
2025-09-30 19:04:39 -   Sampled distribution: {0: 0.5, 1: 0.5}
2025-09-30 19:04:39 - Subject sub-007: Sampled 10/80 trials
2025-09-30 19:04:39 -   Original distribution: {0: 0.5, 1: 0.5}
2025-09-30 19:04:39 -   Sampled distribution: {0: 0.5, 1: 0.5}
2025-09-30 19:04:39 - Subject sub-008: Sampled 10/80 trials
2025-09-30 19:04:39 -   Original distribution: {0: 0.5, 1: 0.5}
2025-09-30 19:04:39 -   Sampled distribution: {0: 0.5, 1: 0.5}
2025-09-30 19:04:39 - Subject sub-009: Sampled 10/80 trials
2025-09-30 19:04:39 -   Original distribution: {0: 0.5, 1: 0.5}
2025-09-30 19:04:39 -   Sampled distribution: {0: 0.5, 1: 0.5}
2025-09-30 19:04:39 - Subject sub-010: Sampled 10/80 trials
2025-09-30 19:04:39 -   Original distribution: {0: 0.5, 1: 0.5}
2025-09-30 19:04:39 -   Sampled distribution: {0: 0.5, 1: 0.5}
2025-09-30 19:04:40 - Subject sub-011: Sampled 10/80 trials
2025-09-30 19:04:40 -   Original distribution: {0: 0.5, 1: 0.5}
2025-09-30 19:04:40 -   Sampled distribution: {0: 0.5, 1: 0.5}
2025-09-30 19:04:40 - Subject sub-012: Sampled 10/78 trials
2025-09-30 19:04:40 -   Original distribution: {0: 0.5, 1: 0.5}
2025-09-30 19:04:40 -   Sampled distribution: {0: 0.5, 1: 0.5}
2025-09-30 19:04:40 - Subject sub-013: Sampled 10/80 trials
2025-09-30 19:04:40 -   Original distribution: {0: 0.5, 1: 0.5}
2025-09-30 19:04:40 -   Sampled distribution: {0: 0.5, 1: 0.5}
2025-09-30 19:04:40 - Subject sub-014: Sampled 10/80 trials
2025-09-30 19:04:40 -   Original distribution: {0: 0.5, 1: 0.5}
2025-09-30 19:04:40 -   Sampled distribution: {0: 0.5, 1: 0.5}
2025-09-30 19:04:40 - Subject sub-015: Sampled 10/80 trials
2025-09-30 19:04:40 -   Original distribution: {0: 0.5, 1: 0.5}
2025-09-30 19:04:40 -   Sampled distribution: {0: 0.5, 1: 0.5}
2025-09-30 19:04:40 - Subject sub-016: Sampled 10/80 trials
2025-09-30 19:04:40 -   Original distribution: {0: 0.5, 1: 0.5}
2025-09-30 19:04:40 -   Sampled distribution: {0: 0.5, 1: 0.5}
2025-09-30 19:04:41 - Subject sub-017: Sampled 10/80 trials
2025-09-30 19:04:41 -   Original distribution: {0: 0.5, 1: 0.5}
2025-09-30 19:04:41 -   Sampled distribution: {0: 0.5, 1: 0.5}
2025-09-30 19:04:41 - Subject sub-018: Sampled 10/80 trials
2025-09-30 19:04:41 -   Original distribution: {0: 0.5, 1: 0.5}
2025-09-30 19:04:41 -   Sampled distribution: {0: 0.5, 1: 0.5}
2025-09-30 19:04:41 - Subject sub-019: Sampled 10/80 trials
2025-09-30 19:04:41 -   Original distribution: {0: 0.5, 1: 0.5}
2025-09-30 19:04:41 -   Sampled distribution: {0: 0.5, 1: 0.5}
2025-09-30 19:04:41 - Subject sub-020: Sampled 10/78 trials
2025-09-30 19:04:41 -   Original distribution: {0: 0.5, 1: 0.5}
2025-09-30 19:04:41 -   Sampled distribution: {0: 0.5, 1: 0.5}
2025-09-30 19:04:41 - Subject sub-021: Sampled 10/80 trials
2025-09-30 19:04:41 -   Original distribution: {0: 0.5, 1: 0.5}
2025-09-30 19:04:41 -   Sampled distribution: {0: 0.5, 1: 0.5}
2025-09-30 19:04:41 - Subject sub-022: Sampled 10/80 trials
2025-09-30 19:04:41 -   Original distribution: {0: 0.5, 1: 0.5}
2025-09-30 19:04:41 -   Sampled distribution: {0: 0.5, 1: 0.5}
2025-09-30 19:04:42 - Subject sub-023: Sampled 10/78 trials
2025-09-30 19:04:42 -   Original distribution: {0: 0.5, 1: 0.5}
2025-09-30 19:04:42 -   Sampled distribution: {0: 0.5, 1: 0.5}
2025-09-30 19:04:42 - Subject sub-024: Sampled 10/80 trials
2025-09-30 19:04:42 -   Original distribution: {0: 0.5, 1: 0.5}
2025-09-30 19:04:42 -   Sampled distribution: {0: 0.5, 1: 0.5}
2025-09-30 19:04:42 - Subject sub-025: Sampled 10/80 trials
2025-09-30 19:04:42 -   Original distribution: {0: 0.5, 1: 0.5}
2025-09-30 19:04:42 -   Sampled distribution: {0: 0.5, 1: 0.5}
2025-09-30 19:04:42 - Subject sub-026: Sampled 10/80 trials
2025-09-30 19:04:42 -   Original distribution: {0: 0.5, 1: 0.5}
2025-09-30 19:04:42 -   Sampled distribution: {0: 0.5, 1: 0.5}
2025-09-30 19:04:42 - Subject sub-027: Sampled 10/80 trials
2025-09-30 19:04:42 -   Original distribution: {0: 0.5, 1: 0.5}
2025-09-30 19:04:42 -   Sampled distribution: {0: 0.5, 1: 0.5}
2025-09-30 19:04:42 - Subject sub-028: Sampled 10/80 trials
2025-09-30 19:04:42 -   Original distribution: {0: 0.5, 1: 0.5}
2025-09-30 19:04:42 -   Sampled distribution: {0: 0.5, 1: 0.5}
2025-09-30 19:04:42 - Subject sub-029: Sampled 10/80 trials
2025-09-30 19:04:42 -   Original distribution: {0: 0.5, 1: 0.5}
2025-09-30 19:04:42 -   Sampled distribution: {0: 0.5, 1: 0.5}
2025-09-30 19:04:43 - Subject sub-030: Sampled 10/80 trials
2025-09-30 19:04:43 -   Original distribution: {0: 0.5, 1: 0.5}
2025-09-30 19:04:43 -   Sampled distribution: {0: 0.5, 1: 0.5}
2025-09-30 19:04:43 - Subject sub-031: Sampled 10/80 trials
2025-09-30 19:04:43 -   Original distribution: {0: 0.5, 1: 0.5}
2025-09-30 19:04:43 -   Sampled distribution: {0: 0.5, 1: 0.5}
2025-09-30 19:04:43 - Subject sub-032: Sampled 10/80 trials
2025-09-30 19:04:43 -   Original distribution: {0: 0.5, 1: 0.5}
2025-09-30 19:04:43 -   Sampled distribution: {0: 0.5, 1: 0.5}
2025-09-30 19:04:43 - Subject sub-033: Sampled 10/80 trials
2025-09-30 19:04:43 -   Original distribution: {0: 0.5, 1: 0.5}
2025-09-30 19:04:43 -   Sampled distribution: {0: 0.5, 1: 0.5}
2025-09-30 19:04:43 - Subject sub-034: Sampled 10/80 trials
2025-09-30 19:04:43 -   Original distribution: {0: 0.5, 1: 0.5}
2025-09-30 19:04:43 -   Sampled distribution: {0: 0.5, 1: 0.5}
2025-09-30 19:04:43 - Subject sub-035: Sampled 10/78 trials
2025-09-30 19:04:43 -   Original distribution: {0: 0.5, 1: 0.5}
2025-09-30 19:04:43 -   Sampled distribution: {0: 0.5, 1: 0.5}
2025-09-30 19:04:43 - Subject sub-036: Sampled 10/80 trials
2025-09-30 19:04:43 -   Original distribution: {0: 0.5, 1: 0.5}
2025-09-30 19:04:43 -   Sampled distribution: {0: 0.5, 1: 0.5}
2025-09-30 19:04:44 - Subject sub-037: Sampled 10/78 trials
2025-09-30 19:04:44 -   Original distribution: {0: 0.5, 1: 0.5}
2025-09-30 19:04:44 -   Sampled distribution: {0: 0.5, 1: 0.5}
2025-09-30 19:04:44 - Subject sub-038: Sampled 10/80 trials
2025-09-30 19:04:44 -   Original distribution: {0: 0.5, 1: 0.5}
2025-09-30 19:04:44 -   Sampled distribution: {0: 0.5, 1: 0.5}
2025-09-30 19:04:44 - Subject sub-039: Sampled 10/80 trials
2025-09-30 19:04:44 -   Original distribution: {0: 0.5, 1: 0.5}
2025-09-30 19:04:44 -   Sampled distribution: {0: 0.5, 1: 0.5}
2025-09-30 19:04:44 - Subject sub-040: Sampled 10/80 trials
2025-09-30 19:04:44 -   Original distribution: {0: 0.5, 1: 0.5}
2025-09-30 19:04:44 -   Sampled distribution: {0: 0.5, 1: 0.5}
2025-09-30 19:04:44 - Nested CV dataset summary:
2025-09-30 19:04:44 -   Total subjects: 40
2025-09-30 19:04:44 -   Total trials: 400
2025-09-30 19:04:44 -   Average trials per subject: 10.0
2025-09-30 19:04:44 -   P3 dataset: 0 subjects, 400 trials (inf trials/subject)
2025-09-30 19:04:44 -   Class distribution: {0: 200, 1: 200}
2025-09-30 19:04:44 -   Class proportions: [0.5 0.5]
2025-09-30 19:04:44 - Enhanced preprocessing increased channels from 8 to 40
2025-09-30 19:04:44 - Starting Cross-Validation for EEGConformer
2025-09-30 19:04:44 - Configuration: 5-fold CV, 5 repeats
2025-09-30 19:04:44 - Data split ratios: Train=0.7, Val=0.1, Test=0.2
2025-09-30 19:04:44 - Repeat 1/5
2025-09-30 19:04:44 -   Fold 1/5
2025-09-30 19:04:44 -     Fold split: Train=280, Val=40
2025-09-30 19:04:46 -     Test accuracy: 0.5000
2025-09-30 19:04:46 -   Fold 2/5
2025-09-30 19:04:46 -     Fold split: Train=280, Val=40
2025-09-30 19:04:49 -     Test accuracy: 0.5375
2025-09-30 19:04:49 -   Fold 3/5
2025-09-30 19:04:49 -     Fold split: Train=280, Val=40
2025-09-30 19:04:51 -     Test accuracy: 0.5000
2025-09-30 19:04:51 -   Fold 4/5
2025-09-30 19:04:51 -     Fold split: Train=280, Val=40
2025-09-30 19:04:53 -     Test accuracy: 0.5000
2025-09-30 19:04:53 -   Fold 5/5
2025-09-30 19:04:53 -     Fold split: Train=280, Val=40
2025-09-30 19:04:55 -     Test accuracy: 0.5000
2025-09-30 19:04:55 -   Repeat 1 mean accuracy: 0.5075 ± 0.0150
2025-09-30 19:04:55 - Repeat 2/5
2025-09-30 19:04:55 -   Fold 1/5
2025-09-30 19:04:55 -     Fold split: Train=280, Val=40
2025-09-30 19:04:59 -     Test accuracy: 0.4750
2025-09-30 19:04:59 -   Fold 2/5
2025-09-30 19:04:59 -     Fold split: Train=280, Val=40
2025-09-30 19:05:02 -     Test accuracy: 0.5875
2025-09-30 19:05:02 -   Fold 3/5
2025-09-30 19:05:02 -     Fold split: Train=280, Val=40
2025-09-30 19:05:04 -     Test accuracy: 0.4875
2025-09-30 19:05:04 -   Fold 4/5
2025-09-30 19:05:04 -     Fold split: Train=280, Val=40
2025-09-30 19:05:06 -     Test accuracy: 0.5000
2025-09-30 19:05:06 -   Fold 5/5
2025-09-30 19:05:06 -     Fold split: Train=280, Val=40
2025-09-30 19:05:08 -     Test accuracy: 0.5000
2025-09-30 19:05:08 -   Repeat 2 mean accuracy: 0.5100 ± 0.0398
2025-09-30 19:05:08 - Repeat 3/5
2025-09-30 19:05:08 -   Fold 1/5
2025-09-30 19:05:08 -     Fold split: Train=280, Val=40
2025-09-30 19:05:11 -     Test accuracy: 0.4500
2025-09-30 19:05:11 -   Fold 2/5
2025-09-30 19:05:11 -     Fold split: Train=280, Val=40
2025-09-30 19:05:16 -     Test accuracy: 0.5375
2025-09-30 19:05:16 -   Fold 3/5
2025-09-30 19:05:16 -     Fold split: Train=280, Val=40
2025-09-30 19:05:19 -     Test accuracy: 0.5375
2025-09-30 19:05:19 -   Fold 4/5
2025-09-30 19:05:19 -     Fold split: Train=280, Val=40
2025-09-30 19:05:21 -     Test accuracy: 0.5000
2025-09-30 19:05:21 -   Fold 5/5
2025-09-30 19:05:21 -     Fold split: Train=280, Val=40
2025-09-30 19:05:23 -     Test accuracy: 0.5000
2025-09-30 19:05:23 -   Repeat 3 mean accuracy: 0.5050 ± 0.0322
2025-09-30 19:05:23 - Repeat 4/5
2025-09-30 19:05:23 -   Fold 1/5
2025-09-30 19:05:23 -     Fold split: Train=280, Val=40
2025-09-30 19:05:25 -     Test accuracy: 0.5000
2025-09-30 19:05:25 -   Fold 2/5
2025-09-30 19:05:25 -     Fold split: Train=280, Val=40
2025-09-30 19:05:28 -     Test accuracy: 0.5375
2025-09-30 19:05:28 -   Fold 3/5
2025-09-30 19:05:28 -     Fold split: Train=280, Val=40
2025-09-30 19:05:31 -     Test accuracy: 0.5000
2025-09-30 19:05:31 -   Fold 4/5
2025-09-30 19:05:31 -     Fold split: Train=280, Val=40
2025-09-30 19:05:33 -     Test accuracy: 0.5000
2025-09-30 19:05:33 -   Fold 5/5
2025-09-30 19:05:33 -     Fold split: Train=280, Val=40
2025-09-30 19:05:38 -     Test accuracy: 0.6625
2025-09-30 19:05:38 -   Repeat 4 mean accuracy: 0.5400 ± 0.0629
2025-09-30 19:05:38 - Repeat 5/5
2025-09-30 19:05:38 -   Fold 1/5
2025-09-30 19:05:38 -     Fold split: Train=280, Val=40
2025-09-30 19:05:40 -     Test accuracy: 0.5000
2025-09-30 19:05:40 -   Fold 2/5
2025-09-30 19:05:40 -     Fold split: Train=280, Val=40
2025-09-30 19:05:42 -     Test accuracy: 0.5000
2025-09-30 19:05:42 -   Fold 3/5
2025-09-30 19:05:42 -     Fold split: Train=280, Val=40
2025-09-30 19:05:44 -     Test accuracy: 0.5000
2025-09-30 19:05:44 -   Fold 4/5
2025-09-30 19:05:44 -     Fold split: Train=280, Val=40
2025-09-30 19:05:48 -     Test accuracy: 0.6125
2025-09-30 19:05:48 -   Fold 5/5
2025-09-30 19:05:48 -     Fold split: Train=280, Val=40
2025-09-30 19:05:50 -     Test accuracy: 0.5000
2025-09-30 19:05:50 -   Repeat 5 mean accuracy: 0.5225 ± 0.0450
2025-09-30 19:05:50 - Cross-Validation completed for EEGConformer
2025-09-30 19:05:50 - Final accuracy: 0.5170 ± 0.0449
2025-09-30 19:05:50 - 95% CI: [0.4985, 0.5355]
2025-09-30 19:05:50 - 
============================================================
2025-09-30 19:05:50 - CROSS-VALIDATION RESULTS
2025-09-30 19:05:50 - ============================================================
2025-09-30 19:05:50 - Model: EEGConformer
2025-09-30 19:05:50 - Overall accuracy: 0.5170 ± 0.0449
2025-09-30 19:05:50 - 95% Confidence Interval: [0.4985, 0.5355]
2025-09-30 19:05:50 - Statistical significance: 25 evaluations
2025-09-30 19:05:50 - Precision: 0.3451 [0.2323, 0.4580]
2025-09-30 19:05:50 - Recall: 0.4730 [0.3016, 0.6444]
2025-09-30 19:05:50 - F1_Score: 0.3796 [0.2563, 0.5029]
2025-09-30 19:05:50 - Auc: 0.5545 [0.5278, 0.5813]
2025-09-30 19:05:50 - ============================================================
2025-09-30 19:05:50 - Individual subject results skipped - using Nested Cross-Validation results
2025-09-30 19:05:50 - Detailed results saved to: main_P3_detailed_results_20250930_190550.csv
2025-09-30 19:05:50 - Summary statistics saved to: main_P3_summary_stats_20250930_190550.csv
