2025-09-21 18:03:41 - 
Experiment Configuration:
2025-09-21 18:03:41 - --------------------------------------------------
2025-09-21 18:03:41 - dataset: P3 Raw Data BIDS-Compatible
2025-09-21 18:03:41 - use_combined_datasets: False
2025-09-21 18:03:41 - electrode_list: all
2025-09-21 18:03:41 - classifier: EEGConformer
2025-09-21 18:03:41 - separate_subject_classification: False
2025-09-21 18:03:41 - use_subject_layer: False
2025-09-21 18:03:41 - seeds: [42]
2025-09-21 18:03:41 - use_nested_cv: True
2025-09-21 18:03:41 - electrode_fusion_method: none
2025-09-21 18:03:41 - domain_adaptation_method: none
2025-09-21 18:03:41 - enable_comprehensive_evaluation: True
2025-09-21 18:03:41 - enable_domain_analysis: True
2025-09-21 18:03:41 - enable_small_sample_analysis: False
2025-09-21 18:03:41 - small_sample_sizes: [5, 10, 15, 20]
2025-09-21 18:03:41 - small_sample_subjects: [5, 10, 15]
2025-09-21 18:03:41 - --------------------------------------------------
2025-09-21 18:03:41 - 
==================================================
2025-09-21 18:03:41 - Processing P3 Dataset
2025-09-21 18:03:41 - ==================================================
2025-09-21 18:03:41 - Using Cross-Validation (simplified approach)
2025-09-21 18:03:41 - Configuration: 5-fold CV, 1 repeats
2025-09-21 18:03:41 - ============================================================
2025-09-21 18:03:41 - CROSS-VALIDATION CONFIGURATION
2025-09-21 18:03:41 - ============================================================
2025-09-21 18:03:41 - Datasets: ['P3']
2025-09-21 18:03:41 - CV folds: 5
2025-09-21 18:03:41 - Repeats: 1
2025-09-21 18:03:41 - Confidence level: 0.95
2025-09-21 18:03:41 - ============================================================
2025-09-21 18:03:41 - STRATIFIED SAMPLING CONFIGURATION
2025-09-21 18:03:41 - ============================================================
2025-09-21 18:03:41 - Nested CV Mode: Trial counts per subject by dataset
2025-09-21 18:03:41 -   P3 dataset: 200 trials per subject
2025-09-21 18:03:41 - Sampling strategy: Multi-level stratified sampling
2025-09-21 18:03:41 -   - Subject-level: Stratified trial selection per subject
2025-09-21 18:03:41 -   - Dataset-level: Stratified sampling when dataset trial counts differ
2025-09-21 18:03:41 -   - Fold-level: StratifiedKFold for 5-fold CV
2025-09-21 18:03:41 -   - Train/Val split: Stratified train_test_split within each fold
2025-09-21 18:03:41 - ============================================================
2025-09-21 18:03:48 - Nested CV dataset summary:
2025-09-21 18:03:48 -   Total subjects: 40
2025-09-21 18:03:48 -   Total trials: 3188
2025-09-21 18:03:48 -   Average trials per subject: 79.7
2025-09-21 18:03:48 -   P3 dataset: 0 subjects, 3188 trials (inf trials/subject)
2025-09-21 18:03:48 -   Class distribution: {0: 1594, 1: 1594}
2025-09-21 18:03:48 -   Class proportions: [0.5 0.5]
2025-09-21 18:03:48 - Enhanced preprocessing increased channels from 8 to 40
2025-09-21 18:03:48 - Starting Cross-Validation for EEGConformer
2025-09-21 18:03:48 - Configuration: 5-fold CV, 1 repeats
2025-09-21 18:03:48 - Data split ratios: Train=0.7, Val=0.1, Test=0.2
2025-09-21 18:03:48 - Repeat 1/1
2025-09-21 18:03:48 -   Fold 1/5
2025-09-21 18:03:49 -     Fold split: Train=2231, Val=319
