2025-09-20 13:52:12 - 
Experiment Configuration:
2025-09-20 13:52:12 - --------------------------------------------------
2025-09-20 13:52:12 - dataset: P3 Raw Data BIDS-Compatible
2025-09-20 13:52:12 - use_combined_datasets: False
2025-09-20 13:52:12 - electrode_list: all
2025-09-20 13:52:12 - classifier: SepConv1D
2025-09-20 13:52:12 - separate_subject_classification: False
2025-09-20 13:52:12 - use_subject_layer: False
2025-09-20 13:52:12 - seeds: [42, 123, 456, 789, 321]
2025-09-20 13:52:12 - electrode_fusion_method: none
2025-09-20 13:52:12 - domain_adaptation_method: none
2025-09-20 13:52:12 - enable_comprehensive_evaluation: True
2025-09-20 13:52:12 - enable_domain_analysis: True
2025-09-20 13:52:12 - enable_small_sample_analysis: False
2025-09-20 13:52:12 - small_sample_sizes: [5, 10, 15, 20]
2025-09-20 13:52:12 - small_sample_subjects: [5, 10, 15]
2025-09-20 13:52:12 - --------------------------------------------------
2025-09-20 13:52:12 - 
==================================================
2025-09-20 13:52:12 - Processing P3 Dataset
2025-09-20 13:52:12 - ==================================================
2025-09-20 13:52:12 - Using Cross-Validation (simplified approach)
2025-09-20 13:52:12 - Configuration: 5-fold CV, 5 repeats
2025-09-20 13:52:12 - ============================================================
2025-09-20 13:52:12 - CROSS-VALIDATION CONFIGURATION
2025-09-20 13:52:12 - ============================================================
2025-09-20 13:52:12 - Datasets: ['P3']
2025-09-20 13:52:12 - CV folds: 5
2025-09-20 13:52:12 - Repeats: 5
2025-09-20 13:52:12 - Confidence level: 0.95
2025-09-20 13:52:12 - ============================================================
2025-09-20 13:52:19 - Nested CV dataset summary:
2025-09-20 13:52:19 -   Total subjects: 40
2025-09-20 13:52:19 -   Total trials: 3188
2025-09-20 13:52:19 -   Average trials per subject: 79.7
2025-09-20 13:52:19 - Enhanced preprocessing increased channels from 30 to 150
2025-09-20 13:52:19 - Starting Cross-Validation for SepConv1D
2025-09-20 13:52:19 - Configuration: 5-fold CV, 5 repeats
2025-09-20 13:52:19 - Data split ratios: Train=0.7, Val=0.1, Test=0.2
2025-09-20 13:52:19 - Repeat 1/5
2025-09-20 13:52:19 -   Fold 1/5
2025-09-20 13:52:19 -     Fold split: Train=2231, Val=319
2025-09-20 13:52:56 -     Test accuracy: 0.6897
2025-09-20 13:52:56 -   Fold 2/5
2025-09-20 13:52:56 -     Fold split: Train=2231, Val=319
2025-09-20 13:53:24 -     Test accuracy: 0.6912
2025-09-20 13:53:24 -   Fold 3/5
2025-09-20 13:53:24 -     Fold split: Train=2231, Val=319
2025-09-20 13:56:58 -     Test accuracy: 0.7241
2025-09-20 13:56:58 -   Fold 4/5
2025-09-20 13:56:58 -     Fold split: Train=2232, Val=319
2025-09-20 13:58:25 -     Test accuracy: 0.6327
2025-09-20 13:58:25 -   Fold 5/5
2025-09-20 13:58:26 -     Fold split: Train=2232, Val=319
2025-09-20 13:59:24 -     Test accuracy: 0.6593
2025-09-20 13:59:24 -   Repeat 1 mean accuracy: 0.6794 ± 0.0311
2025-09-20 13:59:24 - Repeat 2/5
2025-09-20 13:59:24 -   Fold 1/5
2025-09-20 13:59:24 -     Fold split: Train=2231, Val=319
2025-09-20 14:00:05 -     Test accuracy: 0.6991
2025-09-20 14:00:05 -   Fold 2/5
2025-09-20 14:00:06 -     Fold split: Train=2231, Val=319
2025-09-20 14:01:02 -     Test accuracy: 0.6552
2025-09-20 14:01:02 -   Fold 3/5
2025-09-20 14:01:02 -     Fold split: Train=2231, Val=319
2025-09-20 14:02:16 -     Test accuracy: 0.6536
2025-09-20 14:02:16 -   Fold 4/5
2025-09-20 14:02:16 -     Fold split: Train=2232, Val=319
2025-09-20 14:02:40 -     Test accuracy: 0.6295
2025-09-20 14:02:40 -   Fold 5/5
2025-09-20 14:02:40 -     Fold split: Train=2232, Val=319
2025-09-20 14:03:34 -     Test accuracy: 0.6750
2025-09-20 14:03:34 -   Repeat 2 mean accuracy: 0.6625 ± 0.0233
2025-09-20 14:03:34 - Repeat 3/5
2025-09-20 14:03:34 -   Fold 1/5
2025-09-20 14:03:34 -     Fold split: Train=2231, Val=319
2025-09-20 14:04:21 -     Test accuracy: 0.6661
2025-09-20 14:04:21 -   Fold 2/5
2025-09-20 14:04:21 -     Fold split: Train=2231, Val=319
2025-09-20 14:05:09 -     Test accuracy: 0.6708
2025-09-20 14:05:09 -   Fold 3/5
2025-09-20 14:05:09 -     Fold split: Train=2231, Val=319
2025-09-20 14:05:39 -     Test accuracy: 0.6944
2025-09-20 14:05:39 -   Fold 4/5
2025-09-20 14:05:39 -     Fold split: Train=2232, Val=319
2025-09-20 14:06:06 -     Test accuracy: 0.7049
2025-09-20 14:06:06 -   Fold 5/5
2025-09-20 14:06:06 -     Fold split: Train=2232, Val=319
2025-09-20 14:07:10 -     Test accuracy: 0.6672
2025-09-20 14:07:10 -   Repeat 3 mean accuracy: 0.6807 ± 0.0159
2025-09-20 14:07:10 - Repeat 4/5
2025-09-20 14:07:10 -   Fold 1/5
2025-09-20 14:07:10 -     Fold split: Train=2231, Val=319
2025-09-20 14:08:23 -     Test accuracy: 0.6520
2025-09-20 14:08:23 -   Fold 2/5
2025-09-20 14:08:23 -     Fold split: Train=2231, Val=319
2025-09-20 14:09:07 -     Test accuracy: 0.6724
2025-09-20 14:09:07 -   Fold 3/5
2025-09-20 14:09:07 -     Fold split: Train=2231, Val=319
2025-09-20 14:09:49 -     Test accuracy: 0.6928
2025-09-20 14:09:49 -   Fold 4/5
2025-09-20 14:09:49 -     Fold split: Train=2232, Val=319
2025-09-20 14:10:30 -     Test accuracy: 0.6641
2025-09-20 14:10:30 -   Fold 5/5
2025-09-20 14:10:30 -     Fold split: Train=2232, Val=319
2025-09-20 14:11:32 -     Test accuracy: 0.6892
2025-09-20 14:11:32 -   Repeat 4 mean accuracy: 0.6741 ± 0.0153
2025-09-20 14:11:32 - Repeat 5/5
2025-09-20 14:11:32 -   Fold 1/5
2025-09-20 14:11:32 -     Fold split: Train=2231, Val=319
2025-09-20 14:12:18 -     Test accuracy: 0.6803
2025-09-20 14:12:18 -   Fold 2/5
2025-09-20 14:12:18 -     Fold split: Train=2231, Val=319
2025-09-20 14:13:03 -     Test accuracy: 0.6144
2025-09-20 14:13:03 -   Fold 3/5
2025-09-20 14:13:03 -     Fold split: Train=2231, Val=319
2025-09-20 14:13:48 -     Test accuracy: 0.6803
2025-09-20 14:13:48 -   Fold 4/5
2025-09-20 14:13:48 -     Fold split: Train=2232, Val=319
2025-09-20 14:14:32 -     Test accuracy: 0.6829
2025-09-20 14:14:32 -   Fold 5/5
2025-09-20 14:14:32 -     Fold split: Train=2232, Val=319
2025-09-20 14:15:14 -     Test accuracy: 0.6562
2025-09-20 14:15:14 -   Repeat 5 mean accuracy: 0.6628 ± 0.0261
2025-09-20 14:15:14 - Cross-Validation completed for SepConv1D
2025-09-20 14:15:14 - Final accuracy: 0.6719 ± 0.0249
2025-09-20 14:15:14 - 95% CI: [0.6616, 0.6822]
2025-09-20 14:15:14 - 
============================================================
2025-09-20 14:15:14 - CROSS-VALIDATION RESULTS
2025-09-20 14:15:14 - ============================================================
2025-09-20 14:15:14 - Model: SepConv1D
2025-09-20 14:15:14 - Overall accuracy: 0.6719 ± 0.0249
2025-09-20 14:15:14 - 95% Confidence Interval: [0.6616, 0.6822]
2025-09-20 14:15:14 - Statistical significance: 25 evaluations
2025-09-20 14:15:14 - Precision: 0.6860 [0.6651, 0.7070]
2025-09-20 14:15:14 - Recall: 0.6652 [0.6083, 0.7220]
2025-09-20 14:15:14 - F1_Score: 0.6626 [0.6358, 0.6894]
2025-09-20 14:15:14 - Auc: 0.7498 [0.7424, 0.7572]
2025-09-20 14:15:14 - ============================================================
