2025-09-19 22:12:06 - 
Experiment Configuration:
2025-09-19 22:12:06 - --------------------------------------------------
2025-09-19 22:12:06 - dataset: P3 Raw Data BIDS-Compatible
2025-09-19 22:12:06 - use_combined_datasets: False
2025-09-19 22:12:06 - electrode_list: all
2025-09-19 22:12:06 - classifier: SepConv1D
2025-09-19 22:12:06 - separate_subject_classification: False
2025-09-19 22:12:06 - use_subject_layer: False
2025-09-19 22:12:06 - seeds: [42]
2025-09-19 22:12:06 - electrode_fusion_method: none
2025-09-19 22:12:06 - domain_adaptation_method: none
2025-09-19 22:12:06 - enable_comprehensive_evaluation: True
2025-09-19 22:12:06 - enable_domain_analysis: True
2025-09-19 22:12:06 - enable_small_sample_analysis: False
2025-09-19 22:12:06 - small_sample_sizes: [5, 10, 15, 20]
2025-09-19 22:12:06 - small_sample_subjects: [5, 10, 15]
2025-09-19 22:12:06 - --------------------------------------------------
2025-09-19 22:12:06 - 
==================================================
2025-09-19 22:12:06 - Processing P3 Dataset
2025-09-19 22:12:06 - ==================================================
2025-09-19 22:12:32 - 
==================================================
2025-09-19 22:12:32 - Individual Subject Results - P3
2025-09-19 22:12:32 - ==================================================
2025-09-19 22:12:32 - Subject: sub-001
2025-09-19 22:12:32 -   Accuracy: 80.000%
2025-09-19 22:12:32 -   Precision: 1.000
2025-09-19 22:12:32 -   Recall: 0.500
2025-09-19 22:12:32 -   F1 Score: 0.667
2025-09-19 22:12:32 -   AUC: 0.833
2025-09-19 22:12:32 -   Correct/Total: 4/5
2025-09-19 22:12:32 -   Confusion Matrix Stats:
2025-09-19 22:12:32 -     TP: 1, TN: 3
2025-09-19 22:12:32 -     FP: 0, FN: 1
2025-09-19 22:12:32 - Subject: sub-002
2025-09-19 22:12:32 -   Accuracy: 83.333%
2025-09-19 22:12:32 -   Precision: 0.750
2025-09-19 22:12:32 -   Recall: 1.000
2025-09-19 22:12:32 -   F1 Score: 0.857
2025-09-19 22:12:32 -   AUC: 1.000
2025-09-19 22:12:32 -   Correct/Total: 5/6
2025-09-19 22:12:32 -   Confusion Matrix Stats:
2025-09-19 22:12:32 -     TP: 3, TN: 2
2025-09-19 22:12:32 -     FP: 1, FN: 0
2025-09-19 22:12:32 - Subject: sub-003
2025-09-19 22:12:32 -   Accuracy: 83.333%
2025-09-19 22:12:32 -   Precision: 0.750
2025-09-19 22:12:32 -   Recall: 1.000
2025-09-19 22:12:32 -   F1 Score: 0.857
2025-09-19 22:12:32 -   AUC: 1.000
2025-09-19 22:12:32 -   Correct/Total: 5/6
2025-09-19 22:12:32 -   Confusion Matrix Stats:
2025-09-19 22:12:32 -     TP: 3, TN: 2
2025-09-19 22:12:32 -     FP: 1, FN: 0
2025-09-19 22:12:32 - Subject: sub-004
2025-09-19 22:12:32 -   Accuracy: 72.727%
2025-09-19 22:12:32 -   Precision: 0.667
2025-09-19 22:12:32 -   Recall: 1.000
2025-09-19 22:12:32 -   F1 Score: 0.800
2025-09-19 22:12:32 -   AUC: 0.933
2025-09-19 22:12:32 -   Correct/Total: 8/11
2025-09-19 22:12:32 -   Confusion Matrix Stats:
2025-09-19 22:12:32 -     TP: 6, TN: 2
2025-09-19 22:12:32 -     FP: 3, FN: 0
2025-09-19 22:12:32 - Subject: sub-005
2025-09-19 22:12:32 -   Accuracy: 57.143%
2025-09-19 22:12:32 -   Precision: 1.000
2025-09-19 22:12:32 -   Recall: 0.400
2025-09-19 22:12:32 -   F1 Score: 0.571
2025-09-19 22:12:32 -   AUC: 0.900
2025-09-19 22:12:32 -   Correct/Total: 4/7
2025-09-19 22:12:32 -   Confusion Matrix Stats:
2025-09-19 22:12:32 -     TP: 2, TN: 2
2025-09-19 22:12:32 -     FP: 0, FN: 3
2025-09-19 22:12:32 - Subject: sub-006
2025-09-19 22:12:32 -   Accuracy: 66.667%
2025-09-19 22:12:32 -   Precision: 0.571
2025-09-19 22:12:32 -   Recall: 1.000
2025-09-19 22:12:32 -   F1 Score: 0.727
2025-09-19 22:12:32 -   AUC: 0.800
2025-09-19 22:12:32 -   Correct/Total: 6/9
2025-09-19 22:12:32 -   Confusion Matrix Stats:
2025-09-19 22:12:32 -     TP: 4, TN: 2
2025-09-19 22:12:32 -     FP: 3, FN: 0
2025-09-19 22:12:32 - Subject: sub-007
2025-09-19 22:12:32 -   Accuracy: 80.000%
2025-09-19 22:12:32 -   Precision: 0.714
2025-09-19 22:12:32 -   Recall: 1.000
2025-09-19 22:12:32 -   F1 Score: 0.833
2025-09-19 22:12:32 -   AUC: 0.760
2025-09-19 22:12:32 -   Correct/Total: 8/10
2025-09-19 22:12:32 -   Confusion Matrix Stats:
2025-09-19 22:12:32 -     TP: 5, TN: 3
2025-09-19 22:12:32 -     FP: 2, FN: 0
2025-09-19 22:12:32 - Subject: sub-008
2025-09-19 22:12:32 -   Accuracy: 25.000%
2025-09-19 22:12:32 -   Precision: 0.000
2025-09-19 22:12:32 -   Recall: 0.000
2025-09-19 22:12:32 -   F1 Score: 0.000
2025-09-19 22:12:32 -   AUC: 0.062
2025-09-19 22:12:32 -   Correct/Total: 3/12
2025-09-19 22:12:32 -   Confusion Matrix Stats:
2025-09-19 22:12:32 -     TP: 0, TN: 3
2025-09-19 22:12:32 -     FP: 5, FN: 4
2025-09-19 22:12:32 - Subject: sub-009
2025-09-19 22:12:32 -   Accuracy: 75.000%
2025-09-19 22:12:32 -   Precision: 0.889
2025-09-19 22:12:32 -   Recall: 0.800
2025-09-19 22:12:32 -   F1 Score: 0.842
2025-09-19 22:12:32 -   AUC: 0.450
2025-09-19 22:12:32 -   Correct/Total: 9/12
2025-09-19 22:12:32 -   Confusion Matrix Stats:
2025-09-19 22:12:32 -     TP: 8, TN: 1
2025-09-19 22:12:32 -     FP: 1, FN: 2
2025-09-19 22:12:32 - Subject: sub-010
2025-09-19 22:12:32 -   Accuracy: 72.727%
2025-09-19 22:12:32 -   Precision: 1.000
2025-09-19 22:12:32 -   Recall: 0.250
2025-09-19 22:12:32 -   F1 Score: 0.400
2025-09-19 22:12:32 -   AUC: 0.571
2025-09-19 22:12:32 -   Correct/Total: 8/11
2025-09-19 22:12:32 -   Confusion Matrix Stats:
2025-09-19 22:12:32 -     TP: 1, TN: 7
2025-09-19 22:12:32 -     FP: 0, FN: 3
2025-09-19 22:12:32 - Subject: sub-011
2025-09-19 22:12:32 -   Accuracy: 61.538%
2025-09-19 22:12:32 -   Precision: 0.500
2025-09-19 22:12:32 -   Recall: 0.800
2025-09-19 22:12:32 -   F1 Score: 0.615
2025-09-19 22:12:32 -   AUC: 0.600
2025-09-19 22:12:32 -   Correct/Total: 8/13
2025-09-19 22:12:32 -   Confusion Matrix Stats:
2025-09-19 22:12:32 -     TP: 4, TN: 4
2025-09-19 22:12:32 -     FP: 4, FN: 1
2025-09-19 22:12:32 - Subject: sub-012
2025-09-19 22:12:32 -   Accuracy: 100.000%
2025-09-19 22:12:32 -   Precision: 1.000
2025-09-19 22:12:32 -   Recall: 1.000
2025-09-19 22:12:32 -   F1 Score: 1.000
2025-09-19 22:12:32 -   AUC: 1.000
2025-09-19 22:12:32 -   Correct/Total: 5/5
2025-09-19 22:12:32 -   Confusion Matrix Stats:
2025-09-19 22:12:32 -     TP: 4, TN: 1
2025-09-19 22:12:32 -     FP: 0, FN: 0
2025-09-19 22:12:32 - Subject: sub-013
2025-09-19 22:12:32 -   Accuracy: 54.545%
2025-09-19 22:12:32 -   Precision: 0.500
2025-09-19 22:12:32 -   Recall: 0.200
2025-09-19 22:12:32 -   F1 Score: 0.286
2025-09-19 22:12:32 -   AUC: 0.600
2025-09-19 22:12:32 -   Correct/Total: 6/11
2025-09-19 22:12:32 -   Confusion Matrix Stats:
2025-09-19 22:12:32 -     TP: 1, TN: 5
2025-09-19 22:12:32 -     FP: 1, FN: 4
2025-09-19 22:12:32 - Subject: sub-014
2025-09-19 22:12:32 -   Accuracy: 46.154%
2025-09-19 22:12:32 -   Precision: 0.750
2025-09-19 22:12:32 -   Recall: 0.333
2025-09-19 22:12:32 -   F1 Score: 0.462
2025-09-19 22:12:32 -   AUC: 0.528
2025-09-19 22:12:32 -   Correct/Total: 6/13
2025-09-19 22:12:32 -   Confusion Matrix Stats:
2025-09-19 22:12:32 -     TP: 3, TN: 3
2025-09-19 22:12:32 -     FP: 1, FN: 6
2025-09-19 22:12:32 - Subject: sub-015
2025-09-19 22:12:32 -   Accuracy: 75.000%
2025-09-19 22:12:32 -   Precision: 0.714
2025-09-19 22:12:32 -   Recall: 1.000
2025-09-19 22:12:32 -   F1 Score: 0.833
2025-09-19 22:12:32 -   AUC: 0.600
2025-09-19 22:12:32 -   Correct/Total: 6/8
2025-09-19 22:12:32 -   Confusion Matrix Stats:
2025-09-19 22:12:32 -     TP: 5, TN: 1
2025-09-19 22:12:32 -     FP: 2, FN: 0
2025-09-19 22:12:32 - Subject: sub-016
2025-09-19 22:12:32 -   Accuracy: 85.714%
2025-09-19 22:12:32 -   Precision: 0.750
2025-09-19 22:12:32 -   Recall: 1.000
2025-09-19 22:12:32 -   F1 Score: 0.857
2025-09-19 22:12:32 -   AUC: 0.833
2025-09-19 22:12:32 -   Correct/Total: 6/7
2025-09-19 22:12:32 -   Confusion Matrix Stats:
2025-09-19 22:12:32 -     TP: 3, TN: 3
2025-09-19 22:12:32 -     FP: 1, FN: 0
2025-09-19 22:12:32 - Subject: sub-017
2025-09-19 22:12:32 -   Accuracy: 60.000%
2025-09-19 22:12:32 -   Precision: 0.667
2025-09-19 22:12:32 -   Recall: 0.400
2025-09-19 22:12:32 -   F1 Score: 0.500
2025-09-19 22:12:32 -   AUC: 0.520
2025-09-19 22:12:32 -   Correct/Total: 6/10
2025-09-19 22:12:32 -   Confusion Matrix Stats:
2025-09-19 22:12:32 -     TP: 2, TN: 4
2025-09-19 22:12:32 -     FP: 1, FN: 3
2025-09-19 22:12:32 - Subject: sub-018
2025-09-19 22:12:32 -   Accuracy: 80.000%
2025-09-19 22:12:32 -   Precision: 1.000
2025-09-19 22:12:32 -   Recall: 0.667
2025-09-19 22:12:32 -   F1 Score: 0.800
2025-09-19 22:12:32 -   AUC: 1.000
2025-09-19 22:12:32 -   Correct/Total: 12/15
2025-09-19 22:12:32 -   Confusion Matrix Stats:
2025-09-19 22:12:32 -     TP: 6, TN: 6
2025-09-19 22:12:32 -     FP: 0, FN: 3
2025-09-19 22:12:32 - Subject: sub-019
2025-09-19 22:12:32 -   Accuracy: 75.000%
2025-09-19 22:12:32 -   Precision: 0.833
2025-09-19 22:12:32 -   Recall: 0.833
2025-09-19 22:12:32 -   F1 Score: 0.833
2025-09-19 22:12:32 -   AUC: 0.583
2025-09-19 22:12:32 -   Correct/Total: 12/16
2025-09-19 22:12:32 -   Confusion Matrix Stats:
2025-09-19 22:12:32 -     TP: 10, TN: 2
2025-09-19 22:12:32 -     FP: 2, FN: 2
2025-09-19 22:12:32 - Subject: sub-020
2025-09-19 22:12:32 -   Accuracy: 44.444%
2025-09-19 22:12:32 -   Precision: 0.286
2025-09-19 22:12:32 -   Recall: 1.000
2025-09-19 22:12:32 -   F1 Score: 0.444
2025-09-19 22:12:32 -   AUC: 0.786
2025-09-19 22:12:32 -   Correct/Total: 4/9
2025-09-19 22:12:32 -   Confusion Matrix Stats:
2025-09-19 22:12:32 -     TP: 2, TN: 2
2025-09-19 22:12:32 -     FP: 5, FN: 0
2025-09-19 22:12:32 - Subject: sub-021
2025-09-19 22:12:32 -   Accuracy: 85.714%
2025-09-19 22:12:32 -   Precision: 0.857
2025-09-19 22:12:32 -   Recall: 0.857
2025-09-19 22:12:32 -   F1 Score: 0.857
2025-09-19 22:12:32 -   AUC: 0.857
2025-09-19 22:12:32 -   Correct/Total: 12/14
2025-09-19 22:12:32 -   Confusion Matrix Stats:
2025-09-19 22:12:32 -     TP: 6, TN: 6
2025-09-19 22:12:32 -     FP: 1, FN: 1
2025-09-19 22:12:32 - Subject: sub-022
2025-09-19 22:12:32 -   Accuracy: 62.500%
2025-09-19 22:12:32 -   Precision: 0.800
2025-09-19 22:12:32 -   Recall: 0.667
2025-09-19 22:12:32 -   F1 Score: 0.727
2025-09-19 22:12:32 -   AUC: 0.833
2025-09-19 22:12:32 -   Correct/Total: 5/8
2025-09-19 22:12:32 -   Confusion Matrix Stats:
2025-09-19 22:12:32 -     TP: 4, TN: 1
2025-09-19 22:12:32 -     FP: 1, FN: 2
2025-09-19 22:12:32 - Subject: sub-023
2025-09-19 22:12:32 -   Accuracy: 80.000%
2025-09-19 22:12:32 -   Precision: 1.000
2025-09-19 22:12:32 -   Recall: 0.500
2025-09-19 22:12:32 -   F1 Score: 0.667
2025-09-19 22:12:32 -   AUC: 0.833
2025-09-19 22:12:32 -   Correct/Total: 4/5
2025-09-19 22:12:32 -   Confusion Matrix Stats:
2025-09-19 22:12:32 -     TP: 1, TN: 3
2025-09-19 22:12:32 -     FP: 0, FN: 1
2025-09-19 22:12:32 - Subject: sub-024
2025-09-19 22:12:32 -   Accuracy: 86.667%
2025-09-19 22:12:32 -   Precision: 0.889
2025-09-19 22:12:32 -   Recall: 0.889
2025-09-19 22:12:32 -   F1 Score: 0.889
2025-09-19 22:12:32 -   AUC: 0.907
2025-09-19 22:12:32 -   Correct/Total: 13/15
2025-09-19 22:12:32 -   Confusion Matrix Stats:
2025-09-19 22:12:32 -     TP: 8, TN: 5
2025-09-19 22:12:32 -     FP: 1, FN: 1
2025-09-19 22:12:32 - Subject: sub-025
2025-09-19 22:12:32 -   Accuracy: 66.667%
2025-09-19 22:12:32 -   Precision: 0.625
2025-09-19 22:12:32 -   Recall: 0.833
2025-09-19 22:12:32 -   F1 Score: 0.714
2025-09-19 22:12:32 -   AUC: 0.806
2025-09-19 22:12:32 -   Correct/Total: 8/12
2025-09-19 22:12:32 -   Confusion Matrix Stats:
2025-09-19 22:12:32 -     TP: 5, TN: 3
2025-09-19 22:12:32 -     FP: 3, FN: 1
2025-09-19 22:12:32 - Subject: sub-026
2025-09-19 22:12:32 -   Accuracy: 71.429%
2025-09-19 22:12:32 -   Precision: 0.600
2025-09-19 22:12:32 -   Recall: 1.000
2025-09-19 22:12:32 -   F1 Score: 0.750
2025-09-19 22:12:32 -   AUC: 0.833
2025-09-19 22:12:32 -   Correct/Total: 5/7
2025-09-19 22:12:32 -   Confusion Matrix Stats:
2025-09-19 22:12:32 -     TP: 3, TN: 2
2025-09-19 22:12:32 -     FP: 2, FN: 0
2025-09-19 22:12:32 - Subject: sub-027
2025-09-19 22:12:32 -   Accuracy: 55.556%
2025-09-19 22:12:32 -   Precision: 0.000
2025-09-19 22:12:32 -   Recall: 0.000
2025-09-19 22:12:32 -   F1 Score: 0.000
2025-09-19 22:12:32 -   AUC: 0.350
2025-09-19 22:12:32 -   Correct/Total: 5/9
2025-09-19 22:12:32 -   Confusion Matrix Stats:
2025-09-19 22:12:32 -     TP: 0, TN: 5
2025-09-19 22:12:32 -     FP: 0, FN: 4
2025-09-19 22:12:32 - Subject: sub-028
2025-09-19 22:12:32 -   Accuracy: 69.231%
2025-09-19 22:12:32 -   Precision: 0.500
2025-09-19 22:12:32 -   Recall: 0.750
2025-09-19 22:12:32 -   F1 Score: 0.600
2025-09-19 22:12:32 -   AUC: 0.667
2025-09-19 22:12:32 -   Correct/Total: 9/13
2025-09-19 22:12:32 -   Confusion Matrix Stats:
2025-09-19 22:12:32 -     TP: 3, TN: 6
2025-09-19 22:12:32 -     FP: 3, FN: 1
2025-09-19 22:12:32 - Subject: sub-029
2025-09-19 22:12:32 -   Accuracy: 80.000%
2025-09-19 22:12:32 -   Precision: 1.000
2025-09-19 22:12:32 -   Recall: 0.714
2025-09-19 22:12:32 -   F1 Score: 0.833
2025-09-19 22:12:32 -   AUC: 0.952
2025-09-19 22:12:32 -   Correct/Total: 8/10
2025-09-19 22:12:32 -   Confusion Matrix Stats:
2025-09-19 22:12:32 -     TP: 5, TN: 3
2025-09-19 22:12:32 -     FP: 0, FN: 2
2025-09-19 22:12:32 - Subject: sub-030
2025-09-19 22:12:32 -   Accuracy: 16.667%
2025-09-19 22:12:32 -   Precision: 0.200
2025-09-19 22:12:32 -   Recall: 0.500
2025-09-19 22:12:32 -   F1 Score: 0.286
2025-09-19 22:12:32 -   AUC: 0.375
2025-09-19 22:12:32 -   Correct/Total: 1/6
2025-09-19 22:12:32 -   Confusion Matrix Stats:
2025-09-19 22:12:32 -     TP: 1, TN: 0
2025-09-19 22:12:32 -     FP: 4, FN: 1
2025-09-19 22:12:32 - Subject: sub-031
2025-09-19 22:12:32 -   Accuracy: 50.000%
2025-09-19 22:12:32 -   Precision: 0.571
2025-09-19 22:12:32 -   Recall: 0.800
2025-09-19 22:12:32 -   F1 Score: 0.667
2025-09-19 22:12:32 -   AUC: 0.733
2025-09-19 22:12:32 -   Correct/Total: 4/8
2025-09-19 22:12:32 -   Confusion Matrix Stats:
2025-09-19 22:12:32 -     TP: 4, TN: 0
2025-09-19 22:12:32 -     FP: 3, FN: 1
2025-09-19 22:12:32 - Subject: sub-032
2025-09-19 22:12:32 -   Accuracy: 81.818%
2025-09-19 22:12:32 -   Precision: 0.800
2025-09-19 22:12:32 -   Recall: 0.800
2025-09-19 22:12:32 -   F1 Score: 0.800
2025-09-19 22:12:32 -   AUC: 0.933
2025-09-19 22:12:32 -   Correct/Total: 9/11
2025-09-19 22:12:32 -   Confusion Matrix Stats:
2025-09-19 22:12:32 -     TP: 4, TN: 5
2025-09-19 22:12:32 -     FP: 1, FN: 1
2025-09-19 22:12:32 - Subject: sub-033
2025-09-19 22:12:32 -   Accuracy: 69.231%
2025-09-19 22:12:32 -   Precision: 0.714
2025-09-19 22:12:32 -   Recall: 0.714
2025-09-19 22:12:32 -   F1 Score: 0.714
2025-09-19 22:12:32 -   AUC: 0.714
2025-09-19 22:12:32 -   Correct/Total: 9/13
2025-09-19 22:12:32 -   Confusion Matrix Stats:
2025-09-19 22:12:32 -     TP: 5, TN: 4
2025-09-19 22:12:32 -     FP: 2, FN: 2
2025-09-19 22:12:32 - Subject: sub-034
2025-09-19 22:12:32 -   Accuracy: 100.000%
2025-09-19 22:12:32 -   Precision: 1.000
2025-09-19 22:12:32 -   Recall: 1.000
2025-09-19 22:12:32 -   F1 Score: 1.000
2025-09-19 22:12:32 -   AUC: 1.000
2025-09-19 22:12:32 -   Correct/Total: 4/4
2025-09-19 22:12:32 -   Confusion Matrix Stats:
2025-09-19 22:12:32 -     TP: 1, TN: 3
2025-09-19 22:12:32 -     FP: 0, FN: 0
2025-09-19 22:12:32 - Subject: sub-035
2025-09-19 22:12:32 -   Accuracy: 60.000%
2025-09-19 22:12:32 -   Precision: 1.000
2025-09-19 22:12:32 -   Recall: 0.500
2025-09-19 22:12:32 -   F1 Score: 0.667
2025-09-19 22:12:32 -   AUC: 0.688
2025-09-19 22:12:32 -   Correct/Total: 6/10
2025-09-19 22:12:32 -   Confusion Matrix Stats:
2025-09-19 22:12:32 -     TP: 4, TN: 2
2025-09-19 22:12:32 -     FP: 0, FN: 4
2025-09-19 22:12:32 - Subject: sub-036
2025-09-19 22:12:32 -   Accuracy: 54.545%
2025-09-19 22:12:32 -   Precision: 0.800
2025-09-19 22:12:32 -   Recall: 0.500
2025-09-19 22:12:32 -   F1 Score: 0.615
2025-09-19 22:12:32 -   AUC: 0.750
2025-09-19 22:12:32 -   Correct/Total: 6/11
2025-09-19 22:12:32 -   Confusion Matrix Stats:
2025-09-19 22:12:32 -     TP: 4, TN: 2
2025-09-19 22:12:32 -     FP: 1, FN: 4
2025-09-19 22:12:32 - Subject: sub-037
2025-09-19 22:12:32 -   Accuracy: 94.118%
2025-09-19 22:12:32 -   Precision: 1.000
2025-09-19 22:12:32 -   Recall: 0.909
2025-09-19 22:12:32 -   F1 Score: 0.952
2025-09-19 22:12:32 -   AUC: 0.985
2025-09-19 22:12:32 -   Correct/Total: 16/17
2025-09-19 22:12:32 -   Confusion Matrix Stats:
2025-09-19 22:12:32 -     TP: 10, TN: 6
2025-09-19 22:12:32 -     FP: 0, FN: 1
2025-09-19 22:12:32 - Subject: sub-038
2025-09-19 22:12:32 -   Accuracy: 75.000%
2025-09-19 22:12:32 -   Precision: 0.500
2025-09-19 22:12:32 -   Recall: 0.500
2025-09-19 22:12:32 -   F1 Score: 0.500
2025-09-19 22:12:32 -   AUC: 0.750
2025-09-19 22:12:32 -   Correct/Total: 6/8
2025-09-19 22:12:32 -   Confusion Matrix Stats:
2025-09-19 22:12:32 -     TP: 1, TN: 5
2025-09-19 22:12:32 -     FP: 1, FN: 1
2025-09-19 22:12:32 - Subject: sub-039
2025-09-19 22:12:32 -   Accuracy: 70.000%
2025-09-19 22:12:32 -   Precision: 1.000
2025-09-19 22:12:32 -   Recall: 0.250
2025-09-19 22:12:32 -   F1 Score: 0.400
2025-09-19 22:12:32 -   AUC: 0.708
2025-09-19 22:12:32 -   Correct/Total: 7/10
2025-09-19 22:12:32 -   Confusion Matrix Stats:
2025-09-19 22:12:32 -     TP: 1, TN: 6
2025-09-19 22:12:32 -     FP: 0, FN: 3
2025-09-19 22:12:32 - Subject: sub-040
2025-09-19 22:12:32 -   Accuracy: 69.231%
2025-09-19 22:12:32 -   Precision: 0.571
2025-09-19 22:12:32 -   Recall: 0.800
2025-09-19 22:12:32 -   F1 Score: 0.667
2025-09-19 22:12:32 -   AUC: 0.800
2025-09-19 22:12:32 -   Correct/Total: 9/13
2025-09-19 22:12:32 -   Confusion Matrix Stats:
2025-09-19 22:12:32 -     TP: 4, TN: 5
2025-09-19 22:12:32 -     FP: 3, FN: 1
2025-09-19 22:12:32 - 
P3 Pooled Model Statistics:
2025-09-19 22:12:32 - 95% Confidence Interval: [0.638, 0.750]
2025-09-19 22:12:32 - Best Subject: sub-012 (1.000)
2025-09-19 22:12:32 - Worst Subject: sub-030 (0.167)
2025-09-19 22:12:32 - Mean Accuracy: 0.693
2025-09-19 22:12:32 - Mean Precision: 0.714
2025-09-19 22:12:32 - Mean Recall: 0.697
2025-09-19 22:12:32 - Mean F1-Score: 0.705
2025-09-19 22:12:32 - Mean AUC: 0.746
2025-09-19 22:12:32 - Mean Confusion Matrix:
2025-09-19 22:12:32 -   TP: 4, TN: 3
2025-09-19 22:12:32 -   FP: 1, FN: 2
