2025-09-08 22:11:42 - 
Experiment Configuration:
2025-09-08 22:11:42 - --------------------------------------------------
2025-09-08 22:11:42 - dataset: P3 Raw Data BIDS-Compatible
2025-09-08 22:11:42 - use_combined_datasets: False
2025-09-08 22:11:42 - electrode_list: all
2025-09-08 22:11:42 - classifier: lda
2025-09-08 22:11:42 - separate_subject_classification: False
2025-09-08 22:11:42 - use_subject_layer: False
2025-09-08 22:11:42 - seeds: [42, 123, 456, 789, 321]
2025-09-08 22:11:42 - --------------------------------------------------
2025-09-08 22:11:42 - 
==================================================
2025-09-08 22:11:42 - Processing P3 Dataset
2025-09-08 22:11:42 - ==================================================
2025-09-08 22:12:50 - 
==================================================
2025-09-08 22:12:50 - Individual Subject Results - P3
2025-09-08 22:12:50 - ==================================================
2025-09-08 22:12:50 - Subject: sub-001
2025-09-08 22:12:50 -   Accuracy: 0.000%
2025-09-08 22:12:50 -   Precision: 0.444
2025-09-08 22:12:50 -   Recall: 0.571
2025-09-08 22:12:50 -   F1 Score: 0.500
2025-09-08 22:12:50 -   AUC: 0.455
2025-09-08 22:12:50 -   Correct/Total: 7/15
2025-09-08 22:12:50 -   Confusion Matrix Stats:
2025-09-08 22:12:50 -     TP: 4, TN: 3
2025-09-08 22:12:50 -     FP: 5, FN: 3
2025-09-08 22:12:50 - Subject: sub-002
2025-09-08 22:12:50 -   Accuracy: 0.000%
2025-09-08 22:12:50 -   Precision: 0.500
2025-09-08 22:12:50 -   Recall: 0.667
2025-09-08 22:12:50 -   F1 Score: 0.571
2025-09-08 22:12:50 -   AUC: 0.692
2025-09-08 22:12:50 -   Correct/Total: 10/16
2025-09-08 22:12:50 -   Confusion Matrix Stats:
2025-09-08 22:12:50 -     TP: 4, TN: 6
2025-09-08 22:12:50 -     FP: 4, FN: 2
2025-09-08 22:12:50 - Subject: sub-003
2025-09-08 22:12:50 -   Accuracy: 0.000%
2025-09-08 22:12:50 -   Precision: 0.714
2025-09-08 22:12:50 -   Recall: 0.455
2025-09-08 22:12:50 -   F1 Score: 0.556
2025-09-08 22:12:50 -   AUC: 0.646
2025-09-08 22:12:50 -   Correct/Total: 12/20
2025-09-08 22:12:50 -   Confusion Matrix Stats:
2025-09-08 22:12:50 -     TP: 5, TN: 7
2025-09-08 22:12:50 -     FP: 2, FN: 6
2025-09-08 22:12:50 - Subject: sub-004
2025-09-08 22:12:50 -   Accuracy: 0.000%
2025-09-08 22:12:50 -   Precision: 0.700
2025-09-08 22:12:50 -   Recall: 0.778
2025-09-08 22:12:50 -   F1 Score: 0.737
2025-09-08 22:12:50 -   AUC: 0.722
2025-09-08 22:12:50 -   Correct/Total: 10/15
2025-09-08 22:12:50 -   Confusion Matrix Stats:
2025-09-08 22:12:50 -     TP: 7, TN: 3
2025-09-08 22:12:50 -     FP: 3, FN: 2
2025-09-08 22:12:50 - Subject: sub-005
2025-09-08 22:12:50 -   Accuracy: 0.000%
2025-09-08 22:12:50 -   Precision: 0.500
2025-09-08 22:12:50 -   Recall: 0.600
2025-09-08 22:12:50 -   F1 Score: 0.545
2025-09-08 22:12:50 -   AUC: 0.700
2025-09-08 22:12:50 -   Correct/Total: 6/11
2025-09-08 22:12:50 -   Confusion Matrix Stats:
2025-09-08 22:12:50 -     TP: 3, TN: 3
2025-09-08 22:12:50 -     FP: 3, FN: 2
2025-09-08 22:12:50 - Subject: sub-006
2025-09-08 22:12:50 -   Accuracy: 0.000%
2025-09-08 22:12:50 -   Precision: 0.333
2025-09-08 22:12:50 -   Recall: 0.667
2025-09-08 22:12:50 -   F1 Score: 0.444
2025-09-08 22:12:50 -   AUC: 0.381
2025-09-08 22:12:50 -   Correct/Total: 5/10
2025-09-08 22:12:50 -   Confusion Matrix Stats:
2025-09-08 22:12:50 -     TP: 2, TN: 3
2025-09-08 22:12:50 -     FP: 4, FN: 1
2025-09-08 22:12:50 - Subject: sub-007
2025-09-08 22:12:50 -   Accuracy: 0.000%
2025-09-08 22:12:50 -   Precision: 0.375
2025-09-08 22:12:50 -   Recall: 0.500
2025-09-08 22:12:50 -   F1 Score: 0.429
2025-09-08 22:12:50 -   AUC: 0.491
2025-09-08 22:12:50 -   Correct/Total: 7/15
2025-09-08 22:12:50 -   Confusion Matrix Stats:
2025-09-08 22:12:50 -     TP: 3, TN: 4
2025-09-08 22:12:50 -     FP: 5, FN: 3
2025-09-08 22:12:50 - Subject: sub-008
2025-09-08 22:12:50 -   Accuracy: 0.000%
2025-09-08 22:12:50 -   Precision: 0.833
2025-09-08 22:12:50 -   Recall: 0.556
2025-09-08 22:12:50 -   F1 Score: 0.667
2025-09-08 22:12:50 -   AUC: 0.583
2025-09-08 22:12:50 -   Correct/Total: 6/11
2025-09-08 22:12:50 -   Confusion Matrix Stats:
2025-09-08 22:12:50 -     TP: 5, TN: 1
2025-09-08 22:12:50 -     FP: 1, FN: 4
2025-09-08 22:12:50 - Subject: sub-009
2025-09-08 22:12:50 -   Accuracy: 0.000%
2025-09-08 22:12:50 -   Precision: 0.750
2025-09-08 22:12:50 -   Recall: 0.429
2025-09-08 22:12:50 -   F1 Score: 0.545
2025-09-08 22:12:50 -   AUC: 0.700
2025-09-08 22:12:50 -   Correct/Total: 7/12
2025-09-08 22:12:50 -   Confusion Matrix Stats:
2025-09-08 22:12:50 -     TP: 3, TN: 4
2025-09-08 22:12:50 -     FP: 1, FN: 4
2025-09-08 22:12:50 - Subject: sub-010
2025-09-08 22:12:50 -   Accuracy: 0.000%
2025-09-08 22:12:50 -   Precision: 0.833
2025-09-08 22:12:50 -   Recall: 0.714
2025-09-08 22:12:50 -   F1 Score: 0.769
2025-09-08 22:12:50 -   AUC: 0.786
2025-09-08 22:12:50 -   Correct/Total: 9/12
2025-09-08 22:12:50 -   Confusion Matrix Stats:
2025-09-08 22:12:50 -     TP: 5, TN: 4
2025-09-08 22:12:50 -     FP: 1, FN: 2
2025-09-08 22:12:50 - Subject: sub-011
2025-09-08 22:12:50 -   Accuracy: 0.000%
2025-09-08 22:12:50 -   Precision: 0.857
2025-09-08 22:12:50 -   Recall: 0.750
2025-09-08 22:12:50 -   F1 Score: 0.800
2025-09-08 22:12:50 -   AUC: 0.812
2025-09-08 22:12:50 -   Correct/Total: 11/14
2025-09-08 22:12:50 -   Confusion Matrix Stats:
2025-09-08 22:12:50 -     TP: 6, TN: 5
2025-09-08 22:12:50 -     FP: 1, FN: 2
2025-09-08 22:12:50 - Subject: sub-012
2025-09-08 22:12:50 -   Accuracy: 0.000%
2025-09-08 22:12:50 -   Precision: 0.556
2025-09-08 22:12:50 -   Recall: 0.500
2025-09-08 22:12:50 -   F1 Score: 0.526
2025-09-08 22:12:50 -   AUC: 0.544
2025-09-08 22:12:50 -   Correct/Total: 10/19
2025-09-08 22:12:50 -   Confusion Matrix Stats:
2025-09-08 22:12:50 -     TP: 5, TN: 5
2025-09-08 22:12:50 -     FP: 4, FN: 5
2025-09-08 22:12:50 - Subject: sub-013
2025-09-08 22:12:50 -   Accuracy: 0.000%
2025-09-08 22:12:50 -   Precision: 0.417
2025-09-08 22:12:50 -   Recall: 0.455
2025-09-08 22:12:50 -   F1 Score: 0.435
2025-09-08 22:12:50 -   AUC: 0.437
2025-09-08 22:12:50 -   Correct/Total: 11/24
2025-09-08 22:12:50 -   Confusion Matrix Stats:
2025-09-08 22:12:50 -     TP: 5, TN: 6
2025-09-08 22:12:50 -     FP: 7, FN: 6
2025-09-08 22:12:50 - Subject: sub-014
2025-09-08 22:12:50 -   Accuracy: 0.000%
2025-09-08 22:12:50 -   Precision: 0.571
2025-09-08 22:12:50 -   Recall: 0.571
2025-09-08 22:12:50 -   F1 Score: 0.571
2025-09-08 22:12:50 -   AUC: 0.612
2025-09-08 22:12:50 -   Correct/Total: 8/14
2025-09-08 22:12:50 -   Confusion Matrix Stats:
2025-09-08 22:12:50 -     TP: 4, TN: 4
2025-09-08 22:12:50 -     FP: 3, FN: 3
2025-09-08 22:12:50 - Subject: sub-015
2025-09-08 22:12:50 -   Accuracy: 0.000%
2025-09-08 22:12:50 -   Precision: 0.750
2025-09-08 22:12:50 -   Recall: 0.429
2025-09-08 22:12:50 -   F1 Score: 0.545
2025-09-08 22:12:50 -   AUC: 0.704
2025-09-08 22:12:50 -   Correct/Total: 9/14
2025-09-08 22:12:50 -   Confusion Matrix Stats:
2025-09-08 22:12:50 -     TP: 3, TN: 6
2025-09-08 22:12:50 -     FP: 1, FN: 4
2025-09-08 22:12:50 - Subject: sub-016
2025-09-08 22:12:50 -   Accuracy: 0.000%
2025-09-08 22:12:50 -   Precision: 0.625
2025-09-08 22:12:50 -   Recall: 0.500
2025-09-08 22:12:50 -   F1 Score: 0.556
2025-09-08 22:12:50 -   AUC: 0.667
2025-09-08 22:12:50 -   Correct/Total: 8/16
2025-09-08 22:12:50 -   Confusion Matrix Stats:
2025-09-08 22:12:50 -     TP: 5, TN: 3
2025-09-08 22:12:50 -     FP: 3, FN: 5
2025-09-08 22:12:50 - Subject: sub-017
2025-09-08 22:12:50 -   Accuracy: 0.000%
2025-09-08 22:12:50 -   Precision: 0.500
2025-09-08 22:12:50 -   Recall: 0.571
2025-09-08 22:12:50 -   F1 Score: 0.533
2025-09-08 22:12:50 -   AUC: 0.633
2025-09-08 22:12:50 -   Correct/Total: 7/14
2025-09-08 22:12:50 -   Confusion Matrix Stats:
2025-09-08 22:12:50 -     TP: 4, TN: 3
2025-09-08 22:12:50 -     FP: 4, FN: 3
2025-09-08 22:12:50 - Subject: sub-018
2025-09-08 22:12:50 -   Accuracy: 0.000%
2025-09-08 22:12:50 -   Precision: 0.000
2025-09-08 22:12:50 -   Recall: 0.000
2025-09-08 22:12:50 -   F1 Score: 0.000
2025-09-08 22:12:50 -   AUC: 0.500
2025-09-08 22:12:50 -   Correct/Total: 8/19
2025-09-08 22:12:50 -   Confusion Matrix Stats:
2025-09-08 22:12:50 -     TP: 0, TN: 8
2025-09-08 22:12:50 -     FP: 4, FN: 7
2025-09-08 22:12:50 - Subject: sub-019
2025-09-08 22:12:50 -   Accuracy: 0.000%
2025-09-08 22:12:50 -   Precision: 0.600
2025-09-08 22:12:50 -   Recall: 0.750
2025-09-08 22:12:50 -   F1 Score: 0.667
2025-09-08 22:12:50 -   AUC: 0.750
2025-09-08 22:12:50 -   Correct/Total: 11/17
2025-09-08 22:12:50 -   Confusion Matrix Stats:
2025-09-08 22:12:50 -     TP: 6, TN: 5
2025-09-08 22:12:50 -     FP: 4, FN: 2
2025-09-08 22:12:50 - Subject: sub-020
2025-09-08 22:12:50 -   Accuracy: 0.000%
2025-09-08 22:12:50 -   Precision: 0.500
2025-09-08 22:12:50 -   Recall: 0.333
2025-09-08 22:12:50 -   F1 Score: 0.400
2025-09-08 22:12:50 -   AUC: 0.523
2025-09-08 22:12:50 -   Correct/Total: 11/17
2025-09-08 22:12:50 -   Confusion Matrix Stats:
2025-09-08 22:12:50 -     TP: 2, TN: 9
2025-09-08 22:12:50 -     FP: 2, FN: 4
2025-09-08 22:12:50 - Subject: sub-021
2025-09-08 22:12:50 -   Accuracy: 0.000%
2025-09-08 22:12:50 -   Precision: 0.429
2025-09-08 22:12:50 -   Recall: 0.429
2025-09-08 22:12:50 -   F1 Score: 0.429
2025-09-08 22:12:50 -   AUC: 0.459
2025-09-08 22:12:50 -   Correct/Total: 6/14
2025-09-08 22:12:50 -   Confusion Matrix Stats:
2025-09-08 22:12:50 -     TP: 3, TN: 3
2025-09-08 22:12:50 -     FP: 4, FN: 4
2025-09-08 22:12:50 - Subject: sub-022
2025-09-08 22:12:50 -   Accuracy: 0.000%
2025-09-08 22:12:50 -   Precision: 0.400
2025-09-08 22:12:50 -   Recall: 0.364
2025-09-08 22:12:50 -   F1 Score: 0.381
2025-09-08 22:12:50 -   AUC: 0.354
2025-09-08 22:12:50 -   Correct/Total: 7/20
2025-09-08 22:12:50 -   Confusion Matrix Stats:
2025-09-08 22:12:50 -     TP: 4, TN: 3
2025-09-08 22:12:50 -     FP: 6, FN: 7
2025-09-08 22:12:50 - Subject: sub-023
2025-09-08 22:12:50 -   Accuracy: 0.000%
2025-09-08 22:12:50 -   Precision: 0.000
2025-09-08 22:12:50 -   Recall: 0.000
2025-09-08 22:12:50 -   F1 Score: 0.000
2025-09-08 22:12:50 -   AUC: 0.500
2025-09-08 22:12:50 -   Correct/Total: 5/11
2025-09-08 22:12:50 -   Confusion Matrix Stats:
2025-09-08 22:12:50 -     TP: 0, TN: 5
2025-09-08 22:12:50 -     FP: 2, FN: 4
2025-09-08 22:12:50 - Subject: sub-024
2025-09-08 22:12:50 -   Accuracy: 0.000%
2025-09-08 22:12:50 -   Precision: 0.667
2025-09-08 22:12:50 -   Recall: 0.286
2025-09-08 22:12:50 -   F1 Score: 0.400
2025-09-08 22:12:50 -   AUC: 0.469
2025-09-08 22:12:50 -   Correct/Total: 8/14
2025-09-08 22:12:50 -   Confusion Matrix Stats:
2025-09-08 22:12:50 -     TP: 2, TN: 6
2025-09-08 22:12:50 -     FP: 1, FN: 5
2025-09-08 22:12:50 - Subject: sub-025
2025-09-08 22:12:50 -   Accuracy: 0.000%
2025-09-08 22:12:50 -   Precision: 0.700
2025-09-08 22:12:50 -   Recall: 0.583
2025-09-08 22:12:50 -   F1 Score: 0.636
2025-09-08 22:12:50 -   AUC: 0.688
2025-09-08 22:12:50 -   Correct/Total: 12/20
2025-09-08 22:12:50 -   Confusion Matrix Stats:
2025-09-08 22:12:50 -     TP: 7, TN: 5
2025-09-08 22:12:50 -     FP: 3, FN: 5
2025-09-08 22:12:50 - Subject: sub-026
2025-09-08 22:12:50 -   Accuracy: 0.000%
2025-09-08 22:12:50 -   Precision: 0.583
2025-09-08 22:12:50 -   Recall: 0.778
2025-09-08 22:12:50 -   F1 Score: 0.667
2025-09-08 22:12:50 -   AUC: 0.556
2025-09-08 22:12:50 -   Correct/Total: 11/18
2025-09-08 22:12:50 -   Confusion Matrix Stats:
2025-09-08 22:12:50 -     TP: 7, TN: 4
2025-09-08 22:12:50 -     FP: 5, FN: 2
2025-09-08 22:12:50 - Subject: sub-027
2025-09-08 22:12:50 -   Accuracy: 0.000%
2025-09-08 22:12:50 -   Precision: 1.000
2025-09-08 22:12:50 -   Recall: 0.250
2025-09-08 22:12:50 -   F1 Score: 0.400
2025-09-08 22:12:50 -   AUC: 0.719
2025-09-08 22:12:50 -   Correct/Total: 6/12
2025-09-08 22:12:50 -   Confusion Matrix Stats:
2025-09-08 22:12:50 -     TP: 2, TN: 4
2025-09-08 22:12:50 -     FP: 0, FN: 6
2025-09-08 22:12:50 - Subject: sub-028
2025-09-08 22:12:50 -   Accuracy: 0.000%
2025-09-08 22:12:50 -   Precision: 0.308
2025-09-08 22:12:50 -   Recall: 0.667
2025-09-08 22:12:50 -   F1 Score: 0.421
2025-09-08 22:12:50 -   AUC: 0.403
2025-09-08 22:12:50 -   Correct/Total: 7/18
2025-09-08 22:12:50 -   Confusion Matrix Stats:
2025-09-08 22:12:50 -     TP: 4, TN: 3
2025-09-08 22:12:50 -     FP: 9, FN: 2
2025-09-08 22:12:50 - Subject: sub-029
2025-09-08 22:12:50 -   Accuracy: 0.000%
2025-09-08 22:12:50 -   Precision: 0.556
2025-09-08 22:12:50 -   Recall: 0.556
2025-09-08 22:12:50 -   F1 Score: 0.556
2025-09-08 22:12:50 -   AUC: 0.744
2025-09-08 22:12:50 -   Correct/Total: 14/22
2025-09-08 22:12:50 -   Confusion Matrix Stats:
2025-09-08 22:12:50 -     TP: 5, TN: 9
2025-09-08 22:12:50 -     FP: 4, FN: 4
2025-09-08 22:12:50 - Subject: sub-030
2025-09-08 22:12:50 -   Accuracy: 0.000%
2025-09-08 22:12:50 -   Precision: 0.700
2025-09-08 22:12:50 -   Recall: 0.636
2025-09-08 22:12:50 -   F1 Score: 0.667
2025-09-08 22:12:50 -   AUC: 0.682
2025-09-08 22:12:50 -   Correct/Total: 14/21
2025-09-08 22:12:50 -   Confusion Matrix Stats:
2025-09-08 22:12:50 -     TP: 7, TN: 7
2025-09-08 22:12:50 -     FP: 3, FN: 4
2025-09-08 22:12:50 - Subject: sub-031
2025-09-08 22:12:50 -   Accuracy: 0.000%
2025-09-08 22:12:50 -   Precision: 0.714
2025-09-08 22:12:50 -   Recall: 0.714
2025-09-08 22:12:50 -   F1 Score: 0.714
2025-09-08 22:12:50 -   AUC: 0.867
2025-09-08 22:12:50 -   Correct/Total: 10/14
2025-09-08 22:12:50 -   Confusion Matrix Stats:
2025-09-08 22:12:50 -     TP: 5, TN: 5
2025-09-08 22:12:50 -     FP: 2, FN: 2
2025-09-08 22:12:50 - Subject: sub-032
2025-09-08 22:12:50 -   Accuracy: 0.000%
2025-09-08 22:12:50 -   Precision: 0.857
2025-09-08 22:12:50 -   Recall: 0.600
2025-09-08 22:12:50 -   F1 Score: 0.706
2025-09-08 22:12:50 -   AUC: 0.825
2025-09-08 22:12:50 -   Correct/Total: 13/18
2025-09-08 22:12:50 -   Confusion Matrix Stats:
2025-09-08 22:12:50 -     TP: 6, TN: 7
2025-09-08 22:12:50 -     FP: 1, FN: 4
2025-09-08 22:12:50 - Subject: sub-033
2025-09-08 22:12:50 -   Accuracy: 0.000%
2025-09-08 22:12:50 -   Precision: 0.500
2025-09-08 22:12:50 -   Recall: 0.500
2025-09-08 22:12:50 -   F1 Score: 0.500
2025-09-08 22:12:50 -   AUC: 0.625
2025-09-08 22:12:50 -   Correct/Total: 9/17
2025-09-08 22:12:50 -   Confusion Matrix Stats:
2025-09-08 22:12:50 -     TP: 4, TN: 5
2025-09-08 22:12:50 -     FP: 4, FN: 4
2025-09-08 22:12:50 - Subject: sub-034
2025-09-08 22:12:50 -   Accuracy: 0.000%
2025-09-08 22:12:50 -   Precision: 0.692
2025-09-08 22:12:50 -   Recall: 0.818
2025-09-08 22:12:50 -   F1 Score: 0.750
2025-09-08 22:12:50 -   AUC: 0.737
2025-09-08 22:12:50 -   Correct/Total: 14/20
2025-09-08 22:12:50 -   Confusion Matrix Stats:
2025-09-08 22:12:50 -     TP: 9, TN: 5
2025-09-08 22:12:50 -     FP: 4, FN: 2
2025-09-08 22:12:50 - Subject: sub-035
2025-09-08 22:12:50 -   Accuracy: 0.000%
2025-09-08 22:12:50 -   Precision: 0.500
2025-09-08 22:12:50 -   Recall: 0.375
2025-09-08 22:12:50 -   F1 Score: 0.429
2025-09-08 22:12:50 -   AUC: 0.490
2025-09-08 22:12:50 -   Correct/Total: 6/14
2025-09-08 22:12:50 -   Confusion Matrix Stats:
2025-09-08 22:12:50 -     TP: 3, TN: 3
2025-09-08 22:12:50 -     FP: 3, FN: 5
2025-09-08 22:12:50 - Subject: sub-036
2025-09-08 22:12:50 -   Accuracy: 0.000%
2025-09-08 22:12:50 -   Precision: 0.250
2025-09-08 22:12:50 -   Recall: 0.250
2025-09-08 22:12:50 -   F1 Score: 0.250
2025-09-08 22:12:50 -   AUC: 0.393
2025-09-08 22:12:50 -   Correct/Total: 5/11
2025-09-08 22:12:50 -   Confusion Matrix Stats:
2025-09-08 22:12:50 -     TP: 1, TN: 4
2025-09-08 22:12:50 -     FP: 3, FN: 3
2025-09-08 22:12:50 - Subject: sub-037
2025-09-08 22:12:50 -   Accuracy: 0.000%
2025-09-08 22:12:50 -   Precision: 0.800
2025-09-08 22:12:50 -   Recall: 0.364
2025-09-08 22:12:50 -   F1 Score: 0.500
2025-09-08 22:12:50 -   AUC: 0.735
2025-09-08 22:12:50 -   Correct/Total: 9/17
2025-09-08 22:12:50 -   Confusion Matrix Stats:
2025-09-08 22:12:50 -     TP: 4, TN: 5
2025-09-08 22:12:50 -     FP: 1, FN: 7
2025-09-08 22:12:50 - Subject: sub-038
2025-09-08 22:12:50 -   Accuracy: 0.000%
2025-09-08 22:12:50 -   Precision: 0.571
2025-09-08 22:12:50 -   Recall: 0.800
2025-09-08 22:12:50 -   F1 Score: 0.667
2025-09-08 22:12:50 -   AUC: 0.606
2025-09-08 22:12:50 -   Correct/Total: 11/19
2025-09-08 22:12:50 -   Confusion Matrix Stats:
2025-09-08 22:12:50 -     TP: 8, TN: 3
2025-09-08 22:12:50 -     FP: 6, FN: 2
2025-09-08 22:12:50 - Subject: sub-039
2025-09-08 22:12:50 -   Accuracy: 0.000%
2025-09-08 22:12:50 -   Precision: 0.500
2025-09-08 22:12:50 -   Recall: 0.750
2025-09-08 22:12:50 -   F1 Score: 0.600
2025-09-08 22:12:50 -   AUC: 0.562
2025-09-08 22:12:50 -   Correct/Total: 10/18
2025-09-08 22:12:50 -   Confusion Matrix Stats:
2025-09-08 22:12:50 -     TP: 6, TN: 4
2025-09-08 22:12:50 -     FP: 6, FN: 2
2025-09-08 22:12:50 - Subject: sub-040
2025-09-08 22:12:50 -   Accuracy: 0.000%
2025-09-08 22:12:50 -   Precision: 0.625
2025-09-08 22:12:50 -   Recall: 0.714
2025-09-08 22:12:50 -   F1 Score: 0.667
2025-09-08 22:12:50 -   AUC: 0.675
2025-09-08 22:12:50 -   Correct/Total: 10/15
2025-09-08 22:12:50 -   Confusion Matrix Stats:
2025-09-08 22:12:50 -     TP: 5, TN: 5
2025-09-08 22:12:50 -     FP: 3, FN: 2
2025-09-08 22:12:50 - 
P3 Pooled Model Statistics:
2025-09-08 22:12:50 - Mean Accuracy: 0.563
2025-09-08 22:12:50 - 95% Confidence Interval: [0.530, 0.597]
2025-09-08 22:12:50 - Best Subject: sub-011 (0.786)
2025-09-08 22:12:50 - Worst Subject: sub-022 (0.350)
2025-09-08 22:12:50 - Mean Precision: 0.567
2025-09-08 22:12:50 - Mean Recall: 0.542
2025-09-08 22:12:50 - Mean F1-Score: 0.554
2025-09-08 22:12:50 - Mean AUC: 0.611
2025-09-08 22:12:50 - Mean Confusion Matrix:
2025-09-08 22:12:50 -   TP: 4, TN: 5
2025-09-08 22:12:50 -   FP: 3, FN: 4
