2025-09-12 10:52:15 - 
Experiment Configuration:
2025-09-12 10:52:15 - --------------------------------------------------
2025-09-12 10:52:15 - dataset: P3 Raw Data BIDS-Compatible
2025-09-12 10:52:15 - use_combined_datasets: False
2025-09-12 10:52:15 - electrode_list: all
2025-09-12 10:52:15 - classifier: ShallowFBCSPNet
2025-09-12 10:52:15 - separate_subject_classification: False
2025-09-12 10:52:15 - use_subject_layer: False
2025-09-12 10:52:15 - seeds: [42, 123, 456, 789, 321]
2025-09-12 10:52:15 - --------------------------------------------------
2025-09-12 10:52:15 - 
==================================================
2025-09-12 10:52:15 - Processing P3 Dataset
2025-09-12 10:52:15 - ==================================================
2025-09-12 10:53:06 - 
==================================================
2025-09-12 10:53:06 - Individual Subject Results - P3
2025-09-12 10:53:06 - ==================================================
2025-09-12 10:53:06 - Subject: sub-001
2025-09-12 10:53:06 -   Accuracy: 0.000%
2025-09-12 10:53:06 -   Precision: 0.569
2025-09-12 10:53:06 -   Recall: 0.867
2025-09-12 10:53:06 -   F1 Score: 0.682
2025-09-12 10:53:06 -   AUC: 0.833
2025-09-12 10:53:06 -   Correct/Total: 13/18
2025-09-12 10:53:06 -   Confusion Matrix Stats:
2025-09-12 10:53:06 -     TP: 5, TN: 8
2025-09-12 10:53:06 -     FP: 4, FN: 1
2025-09-12 10:53:06 - Subject: sub-002
2025-09-12 10:53:06 -   Accuracy: 0.000%
2025-09-12 10:53:06 -   Precision: 0.786
2025-09-12 10:53:06 -   Recall: 1.000
2025-09-12 10:53:06 -   F1 Score: 0.879
2025-09-12 10:53:06 -   AUC: 0.952
2025-09-12 10:53:06 -   Correct/Total: 9/10
2025-09-12 10:53:06 -   Confusion Matrix Stats:
2025-09-12 10:53:06 -     TP: 5, TN: 4
2025-09-12 10:53:06 -     FP: 1, FN: 0
2025-09-12 10:53:06 - Subject: sub-003
2025-09-12 10:53:06 -   Accuracy: 0.000%
2025-09-12 10:53:06 -   Precision: 0.950
2025-09-12 10:53:06 -   Recall: 0.500
2025-09-12 10:53:06 -   F1 Score: 0.640
2025-09-12 10:53:06 -   AUC: 0.837
2025-09-12 10:53:06 -   Correct/Total: 12/17
2025-09-12 10:53:06 -   Confusion Matrix Stats:
2025-09-12 10:53:06 -     TP: 5, TN: 7
2025-09-12 10:53:06 -     FP: 0, FN: 5
2025-09-12 10:53:06 - Subject: sub-004
2025-09-12 10:53:06 -   Accuracy: 0.000%
2025-09-12 10:53:06 -   Precision: 0.859
2025-09-12 10:53:06 -   Recall: 0.911
2025-09-12 10:53:06 -   F1 Score: 0.878
2025-09-12 10:53:06 -   AUC: 0.960
2025-09-12 10:53:06 -   Correct/Total: 16/18
2025-09-12 10:53:06 -   Confusion Matrix Stats:
2025-09-12 10:53:06 -     TP: 8, TN: 7
2025-09-12 10:53:06 -     FP: 2, FN: 1
2025-09-12 10:53:06 - Subject: sub-005
2025-09-12 10:53:06 -   Accuracy: 0.000%
2025-09-12 10:53:06 -   Precision: 0.537
2025-09-12 10:53:06 -   Recall: 1.000
2025-09-12 10:53:06 -   F1 Score: 0.695
2025-09-12 10:53:06 -   AUC: 0.906
2025-09-12 10:53:06 -   Correct/Total: 9/13
2025-09-12 10:53:06 -   Confusion Matrix Stats:
2025-09-12 10:53:06 -     TP: 4, TN: 5
2025-09-12 10:53:06 -     FP: 4, FN: 0
2025-09-12 10:53:06 - Subject: sub-006
2025-09-12 10:53:06 -   Accuracy: 0.000%
2025-09-12 10:53:06 -   Precision: 0.123
2025-09-12 10:53:06 -   Recall: 0.200
2025-09-12 10:53:06 -   F1 Score: 0.152
2025-09-12 10:53:06 -   AUC: 0.160
2025-09-12 10:53:06 -   Correct/Total: 2/8
2025-09-12 10:53:06 -   Confusion Matrix Stats:
2025-09-12 10:53:06 -     TP: 1, TN: 1
2025-09-12 10:53:06 -     FP: 4, FN: 2
2025-09-12 10:53:06 - Subject: sub-007
2025-09-12 10:53:06 -   Accuracy: 0.000%
2025-09-12 10:53:06 -   Precision: 0.447
2025-09-12 10:53:06 -   Recall: 0.500
2025-09-12 10:53:06 -   F1 Score: 0.465
2025-09-12 10:53:06 -   AUC: 0.607
2025-09-12 10:53:06 -   Correct/Total: 6/11
2025-09-12 10:53:06 -   Confusion Matrix Stats:
2025-09-12 10:53:06 -     TP: 2, TN: 4
2025-09-12 10:53:06 -     FP: 3, FN: 2
2025-09-12 10:53:06 - Subject: sub-008
2025-09-12 10:53:06 -   Accuracy: 0.000%
2025-09-12 10:53:06 -   Precision: 0.909
2025-09-12 10:53:06 -   Recall: 0.422
2025-09-12 10:53:06 -   F1 Score: 0.557
2025-09-12 10:53:06 -   AUC: 0.719
2025-09-12 10:53:06 -   Correct/Total: 10/21
2025-09-12 10:53:06 -   Confusion Matrix Stats:
2025-09-12 10:53:06 -     TP: 8, TN: 2
2025-09-12 10:53:06 -     FP: 1, FN: 10
2025-09-12 10:53:06 - Subject: sub-009
2025-09-12 10:53:06 -   Accuracy: 0.000%
2025-09-12 10:53:06 -   Precision: 0.767
2025-09-12 10:53:06 -   Recall: 0.778
2025-09-12 10:53:06 -   F1 Score: 0.767
2025-09-12 10:53:06 -   AUC: 0.693
2025-09-12 10:53:06 -   Correct/Total: 10/14
2025-09-12 10:53:06 -   Confusion Matrix Stats:
2025-09-12 10:53:06 -     TP: 7, TN: 3
2025-09-12 10:53:06 -     FP: 2, FN: 2
2025-09-12 10:53:06 - Subject: sub-010
2025-09-12 10:53:06 -   Accuracy: 0.000%
2025-09-12 10:53:06 -   Precision: 0.333
2025-09-12 10:53:06 -   Recall: 0.280
2025-09-12 10:53:06 -   F1 Score: 0.300
2025-09-12 10:53:06 -   AUC: 0.400
2025-09-12 10:53:06 -   Correct/Total: 4/10
2025-09-12 10:53:06 -   Confusion Matrix Stats:
2025-09-12 10:53:06 -     TP: 1, TN: 2
2025-09-12 10:53:06 -     FP: 3, FN: 4
2025-09-12 10:53:06 - Subject: sub-011
2025-09-12 10:53:06 -   Accuracy: 0.000%
2025-09-12 10:53:06 -   Precision: 0.745
2025-09-12 10:53:06 -   Recall: 0.867
2025-09-12 10:53:06 -   F1 Score: 0.800
2025-09-12 10:53:06 -   AUC: 0.792
2025-09-12 10:53:06 -   Correct/Total: 7/10
2025-09-12 10:53:06 -   Confusion Matrix Stats:
2025-09-12 10:53:06 -     TP: 5, TN: 2
2025-09-12 10:53:06 -     FP: 2, FN: 1
2025-09-12 10:53:06 - Subject: sub-012
2025-09-12 10:53:06 -   Accuracy: 0.000%
2025-09-12 10:53:06 -   Precision: 0.794
2025-09-12 10:53:06 -   Recall: 0.764
2025-09-12 10:53:06 -   F1 Score: 0.777
2025-09-12 10:53:06 -   AUC: 0.865
2025-09-12 10:53:06 -   Correct/Total: 15/20
2025-09-12 10:53:06 -   Confusion Matrix Stats:
2025-09-12 10:53:06 -     TP: 8, TN: 7
2025-09-12 10:53:06 -     FP: 2, FN: 3
2025-09-12 10:53:06 - Subject: sub-013
2025-09-12 10:53:06 -   Accuracy: 0.000%
2025-09-12 10:53:06 -   Precision: 0.672
2025-09-12 10:53:06 -   Recall: 0.644
2025-09-12 10:53:06 -   F1 Score: 0.644
2025-09-12 10:53:06 -   AUC: 0.727
2025-09-12 10:53:06 -   Correct/Total: 14/20
2025-09-12 10:53:06 -   Confusion Matrix Stats:
2025-09-12 10:53:06 -     TP: 6, TN: 8
2025-09-12 10:53:06 -     FP: 3, FN: 3
2025-09-12 10:53:06 - Subject: sub-014
2025-09-12 10:53:06 -   Accuracy: 0.000%
2025-09-12 10:53:06 -   Precision: 0.803
2025-09-12 10:53:06 -   Recall: 0.543
2025-09-12 10:53:06 -   F1 Score: 0.644
2025-09-12 10:53:06 -   AUC: 0.648
2025-09-12 10:53:06 -   Correct/Total: 6/10
2025-09-12 10:53:06 -   Confusion Matrix Stats:
2025-09-12 10:53:06 -     TP: 4, TN: 2
2025-09-12 10:53:06 -     FP: 1, FN: 3
2025-09-12 10:53:06 - Subject: sub-015
2025-09-12 10:53:06 -   Accuracy: 0.000%
2025-09-12 10:53:06 -   Precision: 0.716
2025-09-12 10:53:06 -   Recall: 0.756
2025-09-12 10:53:06 -   F1 Score: 0.733
2025-09-12 10:53:06 -   AUC: 0.783
2025-09-12 10:53:06 -   Correct/Total: 12/17
2025-09-12 10:53:06 -   Confusion Matrix Stats:
2025-09-12 10:53:06 -     TP: 7, TN: 5
2025-09-12 10:53:06 -     FP: 3, FN: 2
2025-09-12 10:53:06 - Subject: sub-016
2025-09-12 10:53:06 -   Accuracy: 0.000%
2025-09-12 10:53:06 -   Precision: 0.779
2025-09-12 10:53:06 -   Recall: 0.743
2025-09-12 10:53:06 -   F1 Score: 0.755
2025-09-12 10:53:06 -   AUC: 0.790
2025-09-12 10:53:06 -   Correct/Total: 10/13
2025-09-12 10:53:06 -   Confusion Matrix Stats:
2025-09-12 10:53:06 -     TP: 5, TN: 4
2025-09-12 10:53:06 -     FP: 2, FN: 2
2025-09-12 10:53:06 - Subject: sub-017
2025-09-12 10:53:06 -   Accuracy: 0.000%
2025-09-12 10:53:06 -   Precision: 0.554
2025-09-12 10:53:06 -   Recall: 0.925
2025-09-12 10:53:06 -   F1 Score: 0.692
2025-09-12 10:53:06 -   AUC: 0.650
2025-09-12 10:53:06 -   Correct/Total: 10/17
2025-09-12 10:53:06 -   Confusion Matrix Stats:
2025-09-12 10:53:06 -     TP: 7, TN: 3
2025-09-12 10:53:06 -     FP: 6, FN: 1
2025-09-12 10:53:06 - Subject: sub-018
2025-09-12 10:53:06 -   Accuracy: 0.000%
2025-09-12 10:53:06 -   Precision: 0.769
2025-09-12 10:53:06 -   Recall: 0.780
2025-09-12 10:53:06 -   F1 Score: 0.765
2025-09-12 10:53:06 -   AUC: 0.838
2025-09-12 10:53:06 -   Correct/Total: 13/18
2025-09-12 10:53:06 -   Confusion Matrix Stats:
2025-09-12 10:53:06 -     TP: 8, TN: 6
2025-09-12 10:53:06 -     FP: 2, FN: 2
2025-09-12 10:53:06 - Subject: sub-019
2025-09-12 10:53:06 -   Accuracy: 0.000%
2025-09-12 10:53:06 -   Precision: 0.686
2025-09-12 10:53:06 -   Recall: 0.600
2025-09-12 10:53:06 -   F1 Score: 0.635
2025-09-12 10:53:06 -   AUC: 0.695
2025-09-12 10:53:06 -   Correct/Total: 11/18
2025-09-12 10:53:06 -   Confusion Matrix Stats:
2025-09-12 10:53:06 -     TP: 6, TN: 5
2025-09-12 10:53:06 -     FP: 3, FN: 4
2025-09-12 10:53:06 - Subject: sub-020
2025-09-12 10:53:06 -   Accuracy: 0.000%
2025-09-12 10:53:06 -   Precision: 0.589
2025-09-12 10:53:06 -   Recall: 0.680
2025-09-12 10:53:06 -   F1 Score: 0.627
2025-09-12 10:53:06 -   AUC: 0.782
2025-09-12 10:53:06 -   Correct/Total: 10/14
2025-09-12 10:53:06 -   Confusion Matrix Stats:
2025-09-12 10:53:06 -     TP: 3, TN: 7
2025-09-12 10:53:06 -     FP: 2, FN: 2
2025-09-12 10:53:06 - Subject: sub-021
2025-09-12 10:53:06 -   Accuracy: 0.000%
2025-09-12 10:53:06 -   Precision: 0.415
2025-09-12 10:53:06 -   Recall: 0.771
2025-09-12 10:53:06 -   F1 Score: 0.538
2025-09-12 10:53:06 -   AUC: 0.595
2025-09-12 10:53:06 -   Correct/Total: 9/18
2025-09-12 10:53:06 -   Confusion Matrix Stats:
2025-09-12 10:53:06 -     TP: 5, TN: 4
2025-09-12 10:53:06 -     FP: 7, FN: 2
2025-09-12 10:53:06 - Subject: sub-022
2025-09-12 10:53:06 -   Accuracy: 0.000%
2025-09-12 10:53:06 -   Precision: 0.906
2025-09-12 10:53:06 -   Recall: 0.900
2025-09-12 10:53:06 -   F1 Score: 0.898
2025-09-12 10:53:06 -   AUC: 0.950
2025-09-12 10:53:06 -   Correct/Total: 13/15
2025-09-12 10:53:06 -   Confusion Matrix Stats:
2025-09-12 10:53:06 -     TP: 7, TN: 6
2025-09-12 10:53:06 -     FP: 1, FN: 1
2025-09-12 10:53:06 - Subject: sub-023
2025-09-12 10:53:06 -   Accuracy: 0.000%
2025-09-12 10:53:06 -   Precision: 0.700
2025-09-12 10:53:06 -   Recall: 0.743
2025-09-12 10:53:06 -   F1 Score: 0.717
2025-09-12 10:53:06 -   AUC: 0.834
2025-09-12 10:53:06 -   Correct/Total: 13/17
2025-09-12 10:53:06 -   Confusion Matrix Stats:
2025-09-12 10:53:06 -     TP: 5, TN: 8
2025-09-12 10:53:06 -     FP: 2, FN: 2
2025-09-12 10:53:06 - Subject: sub-024
2025-09-12 10:53:06 -   Accuracy: 0.000%
2025-09-12 10:53:06 -   Precision: 0.533
2025-09-12 10:53:06 -   Recall: 0.880
2025-09-12 10:53:06 -   F1 Score: 0.659
2025-09-12 10:53:06 -   AUC: 0.855
2025-09-12 10:53:06 -   Correct/Total: 8/13
2025-09-12 10:53:06 -   Confusion Matrix Stats:
2025-09-12 10:53:06 -     TP: 4, TN: 4
2025-09-12 10:53:06 -     FP: 4, FN: 1
2025-09-12 10:53:06 - Subject: sub-025
2025-09-12 10:53:06 -   Accuracy: 0.000%
2025-09-12 10:53:06 -   Precision: 0.982
2025-09-12 10:53:06 -   Recall: 0.667
2025-09-12 10:53:06 -   F1 Score: 0.783
2025-09-12 10:53:06 -   AUC: 0.937
2025-09-12 10:53:06 -   Correct/Total: 18/22
2025-09-12 10:53:06 -   Confusion Matrix Stats:
2025-09-12 10:53:06 -     TP: 8, TN: 10
2025-09-12 10:53:06 -     FP: 0, FN: 4
2025-09-12 10:53:06 - Subject: sub-026
2025-09-12 10:53:06 -   Accuracy: 0.000%
2025-09-12 10:53:06 -   Precision: 0.670
2025-09-12 10:53:06 -   Recall: 0.844
2025-09-12 10:53:06 -   F1 Score: 0.745
2025-09-12 10:53:06 -   AUC: 0.867
2025-09-12 10:53:06 -   Correct/Total: 14/19
2025-09-12 10:53:06 -   Confusion Matrix Stats:
2025-09-12 10:53:06 -     TP: 8, TN: 6
2025-09-12 10:53:06 -     FP: 4, FN: 1
2025-09-12 10:53:06 - Subject: sub-027
2025-09-12 10:53:06 -   Accuracy: 0.000%
2025-09-12 10:53:06 -   Precision: 0.347
2025-09-12 10:53:06 -   Recall: 0.533
2025-09-12 10:53:06 -   F1 Score: 0.411
2025-09-12 10:53:06 -   AUC: 0.525
2025-09-12 10:53:06 -   Correct/Total: 7/11
2025-09-12 10:53:06 -   Confusion Matrix Stats:
2025-09-12 10:53:06 -     TP: 2, TN: 5
2025-09-12 10:53:06 -     FP: 3, FN: 1
2025-09-12 10:53:06 - Subject: sub-028
2025-09-12 10:53:06 -   Accuracy: 0.000%
2025-09-12 10:53:06 -   Precision: 0.660
2025-09-12 10:53:06 -   Recall: 0.657
2025-09-12 10:53:06 -   F1 Score: 0.654
2025-09-12 10:53:06 -   AUC: 0.714
2025-09-12 10:53:06 -   Correct/Total: 11/16
2025-09-12 10:53:06 -   Confusion Matrix Stats:
2025-09-12 10:53:06 -     TP: 5, TN: 7
2025-09-12 10:53:06 -     FP: 2, FN: 2
2025-09-12 10:53:06 - Subject: sub-029
2025-09-12 10:53:06 -   Accuracy: 0.000%
2025-09-12 10:53:06 -   Precision: 0.531
2025-09-12 10:53:06 -   Recall: 0.860
2025-09-12 10:53:06 -   F1 Score: 0.654
2025-09-12 10:53:06 -   AUC: 0.741
2025-09-12 10:53:06 -   Correct/Total: 15/24
2025-09-12 10:53:06 -   Confusion Matrix Stats:
2025-09-12 10:53:06 -     TP: 9, TN: 6
2025-09-12 10:53:06 -     FP: 8, FN: 1
2025-09-12 10:53:06 - Subject: sub-030
2025-09-12 10:53:06 -   Accuracy: 0.000%
2025-09-12 10:53:06 -   Precision: 0.727
2025-09-12 10:53:06 -   Recall: 0.911
2025-09-12 10:53:06 -   F1 Score: 0.806
2025-09-12 10:53:06 -   AUC: 0.828
2025-09-12 10:53:06 -   Correct/Total: 13/17
2025-09-12 10:53:06 -   Confusion Matrix Stats:
2025-09-12 10:53:06 -     TP: 8, TN: 5
2025-09-12 10:53:06 -     FP: 3, FN: 1
2025-09-12 10:53:06 - Subject: sub-031
2025-09-12 10:53:06 -   Accuracy: 0.000%
2025-09-12 10:53:06 -   Precision: 0.394
2025-09-12 10:53:06 -   Recall: 0.286
2025-09-12 10:53:06 -   F1 Score: 0.326
2025-09-12 10:53:06 -   AUC: 0.491
2025-09-12 10:53:06 -   Correct/Total: 9/17
2025-09-12 10:53:06 -   Confusion Matrix Stats:
2025-09-12 10:53:06 -     TP: 2, TN: 7
2025-09-12 10:53:06 -     FP: 3, FN: 5
2025-09-12 10:53:06 - Subject: sub-032
2025-09-12 10:53:06 -   Accuracy: 0.000%
2025-09-12 10:53:06 -   Precision: 0.829
2025-09-12 10:53:06 -   Recall: 0.655
2025-09-12 10:53:06 -   F1 Score: 0.700
2025-09-12 10:53:06 -   AUC: 0.791
2025-09-12 10:53:06 -   Correct/Total: 11/17
2025-09-12 10:53:06 -   Confusion Matrix Stats:
2025-09-12 10:53:06 -     TP: 7, TN: 4
2025-09-12 10:53:06 -     FP: 2, FN: 4
2025-09-12 10:53:06 - Subject: sub-033
2025-09-12 10:53:06 -   Accuracy: 0.000%
2025-09-12 10:53:06 -   Precision: 0.679
2025-09-12 10:53:06 -   Recall: 0.667
2025-09-12 10:53:06 -   F1 Score: 0.666
2025-09-12 10:53:06 -   AUC: 0.678
2025-09-12 10:53:06 -   Correct/Total: 8/12
2025-09-12 10:53:06 -   Confusion Matrix Stats:
2025-09-12 10:53:06 -     TP: 4, TN: 4
2025-09-12 10:53:06 -     FP: 2, FN: 2
2025-09-12 10:53:06 - Subject: sub-034
2025-09-12 10:53:06 -   Accuracy: 0.000%
2025-09-12 10:53:06 -   Precision: 0.596
2025-09-12 10:53:06 -   Recall: 0.875
2025-09-12 10:53:06 -   F1 Score: 0.708
2025-09-12 10:53:06 -   AUC: 0.786
2025-09-12 10:53:06 -   Correct/Total: 11/17
2025-09-12 10:53:06 -   Confusion Matrix Stats:
2025-09-12 10:53:06 -     TP: 7, TN: 4
2025-09-12 10:53:06 -     FP: 5, FN: 1
2025-09-12 10:53:06 - Subject: sub-035
2025-09-12 10:53:06 -   Accuracy: 0.000%
2025-09-12 10:53:06 -   Precision: 0.624
2025-09-12 10:53:06 -   Recall: 0.540
2025-09-12 10:53:06 -   F1 Score: 0.577
2025-09-12 10:53:06 -   AUC: 0.483
2025-09-12 10:53:06 -   Correct/Total: 8/16
2025-09-12 10:53:06 -   Confusion Matrix Stats:
2025-09-12 10:53:06 -     TP: 5, TN: 3
2025-09-12 10:53:06 -     FP: 3, FN: 5
2025-09-12 10:53:06 - Subject: sub-036
2025-09-12 10:53:06 -   Accuracy: 0.000%
2025-09-12 10:53:06 -   Precision: 0.652
2025-09-12 10:53:06 -   Recall: 0.833
2025-09-12 10:53:06 -   F1 Score: 0.726
2025-09-12 10:53:06 -   AUC: 0.757
2025-09-12 10:53:06 -   Correct/Total: 9/13
2025-09-12 10:53:06 -   Confusion Matrix Stats:
2025-09-12 10:53:06 -     TP: 5, TN: 4
2025-09-12 10:53:06 -     FP: 3, FN: 1
2025-09-12 10:53:06 - Subject: sub-037
2025-09-12 10:53:06 -   Accuracy: 0.000%
2025-09-12 10:53:06 -   Precision: 0.837
2025-09-12 10:53:06 -   Recall: 0.727
2025-09-12 10:53:06 -   F1 Score: 0.777
2025-09-12 10:53:06 -   AUC: 0.859
2025-09-12 10:53:06 -   Correct/Total: 15/20
2025-09-12 10:53:06 -   Confusion Matrix Stats:
2025-09-12 10:53:06 -     TP: 8, TN: 7
2025-09-12 10:53:06 -     FP: 2, FN: 3
2025-09-12 10:53:06 - Subject: sub-038
2025-09-12 10:53:06 -   Accuracy: 0.000%
2025-09-12 10:53:06 -   Precision: 0.573
2025-09-12 10:53:06 -   Recall: 0.700
2025-09-12 10:53:06 -   F1 Score: 0.628
2025-09-12 10:53:06 -   AUC: 0.764
2025-09-12 10:53:06 -   Correct/Total: 13/18
2025-09-12 10:53:06 -   Confusion Matrix Stats:
2025-09-12 10:53:06 -     TP: 4, TN: 9
2025-09-12 10:53:06 -     FP: 3, FN: 2
2025-09-12 10:53:06 - Subject: sub-039
2025-09-12 10:53:06 -   Accuracy: 0.000%
2025-09-12 10:53:06 -   Precision: 0.573
2025-09-12 10:53:06 -   Recall: 0.840
2025-09-12 10:53:06 -   F1 Score: 0.670
2025-09-12 10:53:06 -   AUC: 0.722
2025-09-12 10:53:06 -   Correct/Total: 12/20
2025-09-12 10:53:06 -   Confusion Matrix Stats:
2025-09-12 10:53:06 -     TP: 8, TN: 3
2025-09-12 10:53:06 -     FP: 7, FN: 2
2025-09-12 10:53:06 - Subject: sub-040
2025-09-12 10:53:06 -   Accuracy: 0.000%
2025-09-12 10:53:06 -   Precision: 0.799
2025-09-12 10:53:06 -   Recall: 0.883
2025-09-12 10:53:06 -   F1 Score: 0.835
2025-09-12 10:53:06 -   AUC: 0.864
2025-09-12 10:53:06 -   Correct/Total: 15/19
2025-09-12 10:53:06 -   Confusion Matrix Stats:
2025-09-12 10:53:06 -     TP: 11, TN: 4
2025-09-12 10:53:06 -     FP: 3, FN: 1
2025-09-12 10:53:06 - 
P3 Pooled Model Statistics:
2025-09-12 10:53:06 - Mean Accuracy: 0.666
2025-09-12 10:53:06 - 95% Confidence Interval: [0.624, 0.709]
2025-09-12 10:53:06 - Best Subject: sub-022 (0.893)
2025-09-12 10:53:06 - Worst Subject: sub-006 (0.225)
2025-09-12 10:53:06 - Mean Precision: 0.660
2025-09-12 10:53:06 - Mean Recall: 0.712
2025-09-12 10:53:06 - Mean F1-Score: 0.685
2025-09-12 10:53:06 - Mean AUC: 0.742
2025-09-12 10:53:06 - Mean Confusion Matrix:
2025-09-12 10:53:06 -   TP: 6, TN: 5
2025-09-12 10:53:06 -   FP: 3, FN: 2
