2025-09-12 10:57:53 - 
Experiment Configuration:
2025-09-12 10:57:53 - --------------------------------------------------
2025-09-12 10:57:53 - dataset: P3 Raw Data BIDS-Compatible
2025-09-12 10:57:53 - use_combined_datasets: False
2025-09-12 10:57:53 - electrode_list: all
2025-09-12 10:57:53 - classifier: ShallowFBCSPNet
2025-09-12 10:57:53 - separate_subject_classification: False
2025-09-12 10:57:53 - use_subject_layer: False
2025-09-12 10:57:53 - seeds: [42, 123, 456, 789, 321]
2025-09-12 10:57:53 - --------------------------------------------------
2025-09-12 10:57:53 - 
==================================================
2025-09-12 10:57:53 - Processing P3 Dataset
2025-09-12 10:57:53 - ==================================================
2025-09-12 10:58:31 - 
==================================================
2025-09-12 10:58:31 - Individual Subject Results - P3
2025-09-12 10:58:31 - ==================================================
2025-09-12 10:58:31 - Subject: sub-001
2025-09-12 10:58:31 -   Accuracy: 70.000%
2025-09-12 10:58:31 -   Precision: 0.931
2025-09-12 10:58:31 -   Recall: 0.525
2025-09-12 10:58:31 -   F1 Score: 0.659
2025-09-12 10:58:31 -   AUC: 0.875
2025-09-12 10:58:31 -   Correct/Total: 10/14
2025-09-12 10:58:31 -   Confusion Matrix Stats:
2025-09-12 10:58:31 -     TP: 4, TN: 6
2025-09-12 10:58:31 -     FP: 0, FN: 4
2025-09-12 10:58:31 - Subject: sub-002
2025-09-12 10:58:31 -   Accuracy: 90.588%
2025-09-12 10:58:31 -   Precision: 1.000
2025-09-12 10:58:31 -   Recall: 0.867
2025-09-12 10:58:31 -   F1 Score: 0.928
2025-09-12 10:58:31 -   AUC: 0.993
2025-09-12 10:58:31 -   Correct/Total: 15/17
2025-09-12 10:58:31 -   Confusion Matrix Stats:
2025-09-12 10:58:31 -     TP: 10, TN: 5
2025-09-12 10:58:31 -     FP: 0, FN: 2
2025-09-12 10:58:31 - Subject: sub-003
2025-09-12 10:58:31 -   Accuracy: 62.667%
2025-09-12 10:58:31 -   Precision: 0.681
2025-09-12 10:58:31 -   Recall: 0.575
2025-09-12 10:58:31 -   F1 Score: 0.612
2025-09-12 10:58:31 -   AUC: 0.693
2025-09-12 10:58:31 -   Correct/Total: 9/15
2025-09-12 10:58:31 -   Confusion Matrix Stats:
2025-09-12 10:58:31 -     TP: 5, TN: 5
2025-09-12 10:58:31 -     FP: 2, FN: 3
2025-09-12 10:58:31 - Subject: sub-004
2025-09-12 10:58:31 -   Accuracy: 86.667%
2025-09-12 10:58:31 -   Precision: 0.853
2025-09-12 10:58:31 -   Recall: 0.889
2025-09-12 10:58:31 -   F1 Score: 0.870
2025-09-12 10:58:31 -   AUC: 0.906
2025-09-12 10:58:31 -   Correct/Total: 16/18
2025-09-12 10:58:31 -   Confusion Matrix Stats:
2025-09-12 10:58:31 -     TP: 8, TN: 8
2025-09-12 10:58:31 -     FP: 1, FN: 1
2025-09-12 10:58:31 - Subject: sub-005
2025-09-12 10:58:31 -   Accuracy: 85.455%
2025-09-12 10:58:31 -   Precision: 0.793
2025-09-12 10:58:31 -   Recall: 0.920
2025-09-12 10:58:31 -   F1 Score: 0.845
2025-09-12 10:58:31 -   AUC: 0.880
2025-09-12 10:58:31 -   Correct/Total: 9/11
2025-09-12 10:58:31 -   Confusion Matrix Stats:
2025-09-12 10:58:31 -     TP: 5, TN: 5
2025-09-12 10:58:31 -     FP: 1, FN: 0
2025-09-12 10:58:31 - Subject: sub-006
2025-09-12 10:58:31 -   Accuracy: 37.333%
2025-09-12 10:58:31 -   Precision: 0.410
2025-09-12 10:58:31 -   Recall: 0.375
2025-09-12 10:58:31 -   F1 Score: 0.386
2025-09-12 10:58:31 -   AUC: 0.332
2025-09-12 10:58:31 -   Correct/Total: 6/15
2025-09-12 10:58:31 -   Confusion Matrix Stats:
2025-09-12 10:58:31 -     TP: 3, TN: 3
2025-09-12 10:58:31 -     FP: 4, FN: 5
2025-09-12 10:58:31 - Subject: sub-007
2025-09-12 10:58:31 -   Accuracy: 74.667%
2025-09-12 10:58:31 -   Precision: 0.667
2025-09-12 10:58:31 -   Recall: 0.733
2025-09-12 10:58:31 -   F1 Score: 0.697
2025-09-12 10:58:31 -   AUC: 0.833
2025-09-12 10:58:31 -   Correct/Total: 11/15
2025-09-12 10:58:31 -   Confusion Matrix Stats:
2025-09-12 10:58:31 -     TP: 4, TN: 7
2025-09-12 10:58:31 -     FP: 2, FN: 2
2025-09-12 10:58:31 - Subject: sub-008
2025-09-12 10:58:31 -   Accuracy: 65.333%
2025-09-12 10:58:31 -   Precision: 0.562
2025-09-12 10:58:31 -   Recall: 0.633
2025-09-12 10:58:31 -   F1 Score: 0.584
2025-09-12 10:58:31 -   AUC: 0.681
2025-09-12 10:58:31 -   Correct/Total: 10/15
2025-09-12 10:58:31 -   Confusion Matrix Stats:
2025-09-12 10:58:31 -     TP: 4, TN: 6
2025-09-12 10:58:31 -     FP: 3, FN: 2
2025-09-12 10:58:31 - Subject: sub-009
2025-09-12 10:58:31 -   Accuracy: 61.818%
2025-09-12 10:58:31 -   Precision: 0.763
2025-09-12 10:58:31 -   Recall: 0.571
2025-09-12 10:58:31 -   F1 Score: 0.650
2025-09-12 10:58:31 -   AUC: 0.629
2025-09-12 10:58:31 -   Correct/Total: 7/11
2025-09-12 10:58:31 -   Confusion Matrix Stats:
2025-09-12 10:58:31 -     TP: 4, TN: 3
2025-09-12 10:58:31 -     FP: 1, FN: 3
2025-09-12 10:58:31 - Subject: sub-010
2025-09-12 10:58:31 -   Accuracy: 66.316%
2025-09-12 10:58:31 -   Precision: 0.978
2025-09-12 10:58:31 -   Recall: 0.523
2025-09-12 10:58:31 -   F1 Score: 0.678
2025-09-12 10:58:31 -   AUC: 0.890
2025-09-12 10:58:31 -   Correct/Total: 13/19
2025-09-12 10:58:31 -   Confusion Matrix Stats:
2025-09-12 10:58:31 -     TP: 7, TN: 6
2025-09-12 10:58:31 -     FP: 0, FN: 6
2025-09-12 10:58:31 - Subject: sub-011
2025-09-12 10:58:31 -   Accuracy: 83.158%
2025-09-12 10:58:31 -   Precision: 0.871
2025-09-12 10:58:31 -   Recall: 0.855
2025-09-12 10:58:31 -   F1 Score: 0.855
2025-09-12 10:58:31 -   AUC: 0.902
2025-09-12 10:58:31 -   Correct/Total: 16/19
2025-09-12 10:58:31 -   Confusion Matrix Stats:
2025-09-12 10:58:31 -     TP: 9, TN: 6
2025-09-12 10:58:31 -     FP: 2, FN: 2
2025-09-12 10:58:31 - Subject: sub-012
2025-09-12 10:58:31 -   Accuracy: 70.769%
2025-09-12 10:58:31 -   Precision: 0.846
2025-09-12 10:58:31 -   Recall: 0.650
2025-09-12 10:58:31 -   F1 Score: 0.730
2025-09-12 10:58:31 -   AUC: 0.800
2025-09-12 10:58:31 -   Correct/Total: 9/13
2025-09-12 10:58:31 -   Confusion Matrix Stats:
2025-09-12 10:58:31 -     TP: 5, TN: 4
2025-09-12 10:58:31 -     FP: 1, FN: 3
2025-09-12 10:58:31 - Subject: sub-013
2025-09-12 10:58:31 -   Accuracy: 56.190%
2025-09-12 10:58:31 -   Precision: 0.486
2025-09-12 10:58:31 -   Recall: 0.444
2025-09-12 10:58:31 -   F1 Score: 0.463
2025-09-12 10:58:31 -   AUC: 0.544
2025-09-12 10:58:31 -   Correct/Total: 12/21
2025-09-12 10:58:31 -   Confusion Matrix Stats:
2025-09-12 10:58:31 -     TP: 4, TN: 8
2025-09-12 10:58:31 -     FP: 4, FN: 5
2025-09-12 10:58:31 - Subject: sub-014
2025-09-12 10:58:31 -   Accuracy: 76.923%
2025-09-12 10:58:31 -   Precision: 0.846
2025-09-12 10:58:31 -   Recall: 0.775
2025-09-12 10:58:31 -   F1 Score: 0.806
2025-09-12 10:58:31 -   AUC: 0.815
2025-09-12 10:58:31 -   Correct/Total: 10/13
2025-09-12 10:58:31 -   Confusion Matrix Stats:
2025-09-12 10:58:31 -     TP: 6, TN: 4
2025-09-12 10:58:31 -     FP: 1, FN: 2
2025-09-12 10:58:31 - Subject: sub-015
2025-09-12 10:58:31 -   Accuracy: 76.471%
2025-09-12 10:58:31 -   Precision: 0.782
2025-09-12 10:58:31 -   Recall: 0.860
2025-09-12 10:58:31 -   F1 Score: 0.812
2025-09-12 10:58:31 -   AUC: 0.840
2025-09-12 10:58:31 -   Correct/Total: 13/17
2025-09-12 10:58:31 -   Confusion Matrix Stats:
2025-09-12 10:58:31 -     TP: 9, TN: 4
2025-09-12 10:58:31 -     FP: 3, FN: 1
2025-09-12 10:58:31 - Subject: sub-016
2025-09-12 10:58:31 -   Accuracy: 75.385%
2025-09-12 10:58:31 -   Precision: 0.722
2025-09-12 10:58:31 -   Recall: 0.886
2025-09-12 10:58:31 -   F1 Score: 0.793
2025-09-12 10:58:31 -   AUC: 0.862
2025-09-12 10:58:31 -   Correct/Total: 10/13
2025-09-12 10:58:31 -   Confusion Matrix Stats:
2025-09-12 10:58:31 -     TP: 6, TN: 4
2025-09-12 10:58:31 -     FP: 2, FN: 1
2025-09-12 10:58:31 - Subject: sub-017
2025-09-12 10:58:31 -   Accuracy: 50.000%
2025-09-12 10:58:31 -   Precision: 0.369
2025-09-12 10:58:31 -   Recall: 0.700
2025-09-12 10:58:31 -   F1 Score: 0.481
2025-09-12 10:58:31 -   AUC: 0.519
2025-09-12 10:58:31 -   Correct/Total: 6/12
2025-09-12 10:58:31 -   Confusion Matrix Stats:
2025-09-12 10:58:31 -     TP: 3, TN: 3
2025-09-12 10:58:31 -     FP: 5, FN: 1
2025-09-12 10:58:31 - Subject: sub-018
2025-09-12 10:58:31 -   Accuracy: 80.000%
2025-09-12 10:58:31 -   Precision: 0.760
2025-09-12 10:58:31 -   Recall: 0.720
2025-09-12 10:58:31 -   F1 Score: 0.723
2025-09-12 10:58:31 -   AUC: 0.920
2025-09-12 10:58:31 -   Correct/Total: 10/13
2025-09-12 10:58:31 -   Confusion Matrix Stats:
2025-09-12 10:58:31 -     TP: 4, TN: 7
2025-09-12 10:58:31 -     FP: 1, FN: 1
2025-09-12 10:58:31 - Subject: sub-019
2025-09-12 10:58:31 -   Accuracy: 65.714%
2025-09-12 10:58:31 -   Precision: 0.612
2025-09-12 10:58:31 -   Recall: 0.533
2025-09-12 10:58:31 -   F1 Score: 0.569
2025-09-12 10:58:31 -   AUC: 0.698
2025-09-12 10:58:31 -   Correct/Total: 14/21
2025-09-12 10:58:31 -   Confusion Matrix Stats:
2025-09-12 10:58:31 -     TP: 5, TN: 9
2025-09-12 10:58:31 -     FP: 3, FN: 4
2025-09-12 10:58:31 - Subject: sub-020
2025-09-12 10:58:31 -   Accuracy: 64.000%
2025-09-12 10:58:31 -   Precision: 0.740
2025-09-12 10:58:31 -   Recall: 0.500
2025-09-12 10:58:31 -   F1 Score: 0.596
2025-09-12 10:58:31 -   AUC: 0.661
2025-09-12 10:58:31 -   Correct/Total: 10/15
2025-09-12 10:58:31 -   Confusion Matrix Stats:
2025-09-12 10:58:31 -     TP: 4, TN: 6
2025-09-12 10:58:31 -     FP: 1, FN: 4
2025-09-12 10:58:31 - Subject: sub-021
2025-09-12 10:58:31 -   Accuracy: 64.444%
2025-09-12 10:58:31 -   Precision: 0.535
2025-09-12 10:58:31 -   Recall: 0.829
2025-09-12 10:58:31 -   F1 Score: 0.647
2025-09-12 10:58:31 -   AUC: 0.769
2025-09-12 10:58:31 -   Correct/Total: 12/18
2025-09-12 10:58:31 -   Confusion Matrix Stats:
2025-09-12 10:58:31 -     TP: 6, TN: 6
2025-09-12 10:58:31 -     FP: 5, FN: 1
2025-09-12 10:58:31 - Subject: sub-022
2025-09-12 10:58:31 -   Accuracy: 74.286%
2025-09-12 10:58:31 -   Precision: 0.709
2025-09-12 10:58:31 -   Recall: 0.780
2025-09-12 10:58:31 -   F1 Score: 0.741
2025-09-12 10:58:31 -   AUC: 0.795
2025-09-12 10:58:31 -   Correct/Total: 16/21
2025-09-12 10:58:31 -   Confusion Matrix Stats:
2025-09-12 10:58:31 -     TP: 8, TN: 8
2025-09-12 10:58:31 -     FP: 3, FN: 2
2025-09-12 10:58:31 - Subject: sub-023
2025-09-12 10:58:31 -   Accuracy: 67.273%
2025-09-12 10:58:31 -   Precision: 0.803
2025-09-12 10:58:31 -   Recall: 0.629
2025-09-12 10:58:31 -   F1 Score: 0.694
2025-09-12 10:58:31 -   AUC: 0.757
2025-09-12 10:58:31 -   Correct/Total: 7/11
2025-09-12 10:58:31 -   Confusion Matrix Stats:
2025-09-12 10:58:31 -     TP: 4, TN: 3
2025-09-12 10:58:31 -     FP: 1, FN: 3
2025-09-12 10:58:31 - Subject: sub-024
2025-09-12 10:58:31 -   Accuracy: 60.000%
2025-09-12 10:58:31 -   Precision: 0.468
2025-09-12 10:58:31 -   Recall: 0.657
2025-09-12 10:58:31 -   F1 Score: 0.539
2025-09-12 10:58:31 -   AUC: 0.747
2025-09-12 10:58:31 -   Correct/Total: 12/20
2025-09-12 10:58:31 -   Confusion Matrix Stats:
2025-09-12 10:58:31 -     TP: 5, TN: 7
2025-09-12 10:58:31 -     FP: 6, FN: 2
2025-09-12 10:58:31 - Subject: sub-025
2025-09-12 10:58:31 -   Accuracy: 68.235%
2025-09-12 10:58:31 -   Precision: 0.680
2025-09-12 10:58:31 -   Recall: 0.675
2025-09-12 10:58:31 -   F1 Score: 0.661
2025-09-12 10:58:31 -   AUC: 0.747
2025-09-12 10:58:31 -   Correct/Total: 12/17
2025-09-12 10:58:31 -   Confusion Matrix Stats:
2025-09-12 10:58:31 -     TP: 5, TN: 6
2025-09-12 10:58:31 -     FP: 3, FN: 3
2025-09-12 10:58:31 - Subject: sub-026
2025-09-12 10:58:31 -   Accuracy: 65.455%
2025-09-12 10:58:31 -   Precision: 0.633
2025-09-12 10:58:31 -   Recall: 0.560
2025-09-12 10:58:31 -   F1 Score: 0.578
2025-09-12 10:58:31 -   AUC: 0.760
2025-09-12 10:58:31 -   Correct/Total: 7/11
2025-09-12 10:58:31 -   Confusion Matrix Stats:
2025-09-12 10:58:31 -     TP: 3, TN: 4
2025-09-12 10:58:31 -     FP: 2, FN: 2
2025-09-12 10:58:31 - Subject: sub-027
2025-09-12 10:58:31 -   Accuracy: 69.474%
2025-09-12 10:58:31 -   Precision: 0.824
2025-09-12 10:58:31 -   Recall: 0.667
2025-09-12 10:58:31 -   F1 Score: 0.732
2025-09-12 10:58:31 -   AUC: 0.769
2025-09-12 10:58:31 -   Correct/Total: 13/19
2025-09-12 10:58:31 -   Confusion Matrix Stats:
2025-09-12 10:58:31 -     TP: 8, TN: 5
2025-09-12 10:58:31 -     FP: 2, FN: 4
2025-09-12 10:58:31 - Subject: sub-028
2025-09-12 10:58:31 -   Accuracy: 63.077%
2025-09-12 10:58:31 -   Precision: 0.831
2025-09-12 10:58:31 -   Recall: 0.578
2025-09-12 10:58:31 -   F1 Score: 0.676
2025-09-12 10:58:31 -   AUC: 0.744
2025-09-12 10:58:31 -   Correct/Total: 8/13
2025-09-12 10:58:31 -   Confusion Matrix Stats:
2025-09-12 10:58:31 -     TP: 5, TN: 3
2025-09-12 10:58:31 -     FP: 1, FN: 4
2025-09-12 10:58:31 - Subject: sub-029
2025-09-12 10:58:31 -   Accuracy: 64.000%
2025-09-12 10:58:31 -   Precision: 0.635
2025-09-12 10:58:31 -   Recall: 0.818
2025-09-12 10:58:31 -   F1 Score: 0.714
2025-09-12 10:58:31 -   AUC: 0.733
2025-09-12 10:58:31 -   Correct/Total: 13/20
2025-09-12 10:58:31 -   Confusion Matrix Stats:
2025-09-12 10:58:31 -     TP: 9, TN: 4
2025-09-12 10:58:31 -     FP: 5, FN: 2
2025-09-12 10:58:31 - Subject: sub-030
2025-09-12 10:58:31 -   Accuracy: 78.261%
2025-09-12 10:58:31 -   Precision: 0.792
2025-09-12 10:58:31 -   Recall: 0.862
2025-09-12 10:58:31 -   F1 Score: 0.818
2025-09-12 10:58:31 -   AUC: 0.915
2025-09-12 10:58:31 -   Correct/Total: 18/23
2025-09-12 10:58:31 -   Confusion Matrix Stats:
2025-09-12 10:58:31 -     TP: 11, TN: 7
2025-09-12 10:58:31 -     FP: 3, FN: 2
2025-09-12 10:58:31 - Subject: sub-031
2025-09-12 10:58:31 -   Accuracy: 69.474%
2025-09-12 10:58:31 -   Precision: 0.749
2025-09-12 10:58:31 -   Recall: 0.640
2025-09-12 10:58:31 -   F1 Score: 0.685
2025-09-12 10:58:31 -   AUC: 0.713
2025-09-12 10:58:31 -   Correct/Total: 13/19
2025-09-12 10:58:31 -   Confusion Matrix Stats:
2025-09-12 10:58:31 -     TP: 6, TN: 7
2025-09-12 10:58:31 -     FP: 2, FN: 4
2025-09-12 10:58:31 - Subject: sub-032
2025-09-12 10:58:31 -   Accuracy: 77.500%
2025-09-12 10:58:31 -   Precision: 0.787
2025-09-12 10:58:31 -   Recall: 0.822
2025-09-12 10:58:31 -   F1 Score: 0.804
2025-09-12 10:58:31 -   AUC: 0.911
2025-09-12 10:58:31 -   Correct/Total: 12/16
2025-09-12 10:58:31 -   Confusion Matrix Stats:
2025-09-12 10:58:31 -     TP: 7, TN: 5
2025-09-12 10:58:31 -     FP: 2, FN: 2
2025-09-12 10:58:31 - Subject: sub-033
2025-09-12 10:58:31 -   Accuracy: 73.750%
2025-09-12 10:58:31 -   Precision: 0.461
2025-09-12 10:58:31 -   Recall: 0.650
2025-09-12 10:58:31 -   F1 Score: 0.525
2025-09-12 10:58:31 -   AUC: 0.750
2025-09-12 10:58:31 -   Correct/Total: 12/16
2025-09-12 10:58:31 -   Confusion Matrix Stats:
2025-09-12 10:58:31 -     TP: 3, TN: 9
2025-09-12 10:58:31 -     FP: 3, FN: 1
2025-09-12 10:58:31 - Subject: sub-034
2025-09-12 10:58:31 -   Accuracy: 84.444%
2025-09-12 10:58:31 -   Precision: 0.831
2025-09-12 10:58:31 -   Recall: 0.867
2025-09-12 10:58:31 -   F1 Score: 0.848
2025-09-12 10:58:31 -   AUC: 0.874
2025-09-12 10:58:31 -   Correct/Total: 15/18
2025-09-12 10:58:31 -   Confusion Matrix Stats:
2025-09-12 10:58:31 -     TP: 8, TN: 7
2025-09-12 10:58:31 -     FP: 2, FN: 1
2025-09-12 10:58:31 - Subject: sub-035
2025-09-12 10:58:31 -   Accuracy: 69.412%
2025-09-12 10:58:31 -   Precision: 0.803
2025-09-12 10:58:31 -   Recall: 0.578
2025-09-12 10:58:31 -   F1 Score: 0.666
2025-09-12 10:58:31 -   AUC: 0.775
2025-09-12 10:58:31 -   Correct/Total: 12/17
2025-09-12 10:58:31 -   Confusion Matrix Stats:
2025-09-12 10:58:31 -     TP: 5, TN: 7
2025-09-12 10:58:31 -     FP: 1, FN: 4
2025-09-12 10:58:31 - Subject: sub-036
2025-09-12 10:58:31 -   Accuracy: 84.444%
2025-09-12 10:58:31 -   Precision: 0.300
2025-09-12 10:58:31 -   Recall: 0.400
2025-09-12 10:58:31 -   F1 Score: 0.333
2025-09-12 10:58:31 -   AUC: 0.875
2025-09-12 10:58:31 -   Correct/Total: 8/9
2025-09-12 10:58:31 -   Confusion Matrix Stats:
2025-09-12 10:58:31 -     TP: 0, TN: 7
2025-09-12 10:58:31 -     FP: 1, FN: 1
2025-09-12 10:58:31 - Subject: sub-037
2025-09-12 10:58:31 -   Accuracy: 55.714%
2025-09-12 10:58:31 -   Precision: 0.693
2025-09-12 10:58:31 -   Recall: 0.400
2025-09-12 10:58:31 -   F1 Score: 0.504
2025-09-12 10:58:31 -   AUC: 0.733
2025-09-12 10:58:31 -   Correct/Total: 8/14
2025-09-12 10:58:31 -   Confusion Matrix Stats:
2025-09-12 10:58:31 -     TP: 3, TN: 5
2025-09-12 10:58:31 -     FP: 1, FN: 5
2025-09-12 10:58:31 - Subject: sub-038
2025-09-12 10:58:31 -   Accuracy: 77.895%
2025-09-12 10:58:31 -   Precision: 0.729
2025-09-12 10:58:31 -   Recall: 0.844
2025-09-12 10:58:31 -   F1 Score: 0.781
2025-09-12 10:58:31 -   AUC: 0.876
2025-09-12 10:58:31 -   Correct/Total: 15/19
2025-09-12 10:58:31 -   Confusion Matrix Stats:
2025-09-12 10:58:31 -     TP: 8, TN: 7
2025-09-12 10:58:31 -     FP: 3, FN: 1
2025-09-12 10:58:31 - Subject: sub-039
2025-09-12 10:58:31 -   Accuracy: 70.000%
2025-09-12 10:58:31 -   Precision: 0.587
2025-09-12 10:58:31 -   Recall: 0.886
2025-09-12 10:58:31 -   F1 Score: 0.697
2025-09-12 10:58:31 -   AUC: 0.797
2025-09-12 10:58:31 -   Correct/Total: 13/18
2025-09-12 10:58:31 -   Confusion Matrix Stats:
2025-09-12 10:58:31 -     TP: 6, TN: 6
2025-09-12 10:58:31 -     FP: 5, FN: 1
2025-09-12 10:58:31 - Subject: sub-040
2025-09-12 10:58:31 -   Accuracy: 48.333%
2025-09-12 10:58:31 -   Precision: 0.193
2025-09-12 10:58:31 -   Recall: 0.333
2025-09-12 10:58:31 -   F1 Score: 0.244
2025-09-12 10:58:31 -   AUC: 0.459
2025-09-12 10:58:31 -   Correct/Total: 6/12
2025-09-12 10:58:31 -   Confusion Matrix Stats:
2025-09-12 10:58:31 -     TP: 1, TN: 5
2025-09-12 10:58:31 -     FP: 4, FN: 2
2025-09-12 10:58:31 - 
P3 Pooled Model Statistics:
2025-09-12 10:58:31 - Mean Accuracy: 0.696
2025-09-12 10:58:31 - 95% Confidence Interval: [0.661, 0.732]
2025-09-12 10:58:31 - Best Subject: sub-002 (0.906)
2025-09-12 10:58:31 - Worst Subject: sub-006 (0.373)
2025-09-12 10:58:31 - Mean Precision: 0.705
2025-09-12 10:58:31 - Mean Recall: 0.690
2025-09-12 10:58:31 - Mean F1-Score: 0.697
2025-09-12 10:58:31 - Mean AUC: 0.769
2025-09-12 10:58:31 - Mean Confusion Matrix:
2025-09-12 10:58:31 -   TP: 6, TN: 6
2025-09-12 10:58:31 -   FP: 2, FN: 2
