2025-09-21 16:51:45 - 
Experiment Configuration:
2025-09-21 16:51:45 - --------------------------------------------------
2025-09-21 16:51:45 - dataset: P3 Raw Data BIDS-Compatible
2025-09-21 16:51:45 - use_combined_datasets: False
2025-09-21 16:51:45 - electrode_list: all
2025-09-21 16:51:45 - classifier: SepConv1D
2025-09-21 16:51:45 - separate_subject_classification: False
2025-09-21 16:51:45 - use_subject_layer: False
2025-09-21 16:51:45 - seeds: [42]
2025-09-21 16:51:45 - use_nested_cv: False
2025-09-21 16:51:45 - electrode_fusion_method: none
2025-09-21 16:51:45 - domain_adaptation_method: none
2025-09-21 16:51:45 - enable_comprehensive_evaluation: True
2025-09-21 16:51:45 - enable_domain_analysis: True
2025-09-21 16:51:45 - enable_small_sample_analysis: False
2025-09-21 16:51:45 - small_sample_sizes: [5, 10, 15, 20]
2025-09-21 16:51:45 - small_sample_subjects: [5, 10, 15]
2025-09-21 16:51:45 - --------------------------------------------------
2025-09-21 16:51:45 - 
==================================================
2025-09-21 16:51:45 - Processing P3 Dataset
2025-09-21 16:51:45 - ==================================================
2025-09-21 16:51:45 - Using traditional train/validation/test split
2025-09-21 16:51:45 - Subject sub-001: Sampled 40/80 trials
2025-09-21 16:51:45 -   Original distribution: {0: 0.5, 1: 0.5}
2025-09-21 16:51:45 -   Sampled distribution: {0: 0.5, 1: 0.5}
2025-09-21 16:51:45 - Subject sub-002: Sampled 40/80 trials
2025-09-21 16:51:45 -   Original distribution: {0: 0.5, 1: 0.5}
2025-09-21 16:51:45 -   Sampled distribution: {0: 0.5, 1: 0.5}
2025-09-21 16:51:45 - Subject sub-003: Sampled 40/80 trials
2025-09-21 16:51:45 -   Original distribution: {0: 0.5, 1: 0.5}
2025-09-21 16:51:45 -   Sampled distribution: {0: 0.5, 1: 0.5}
2025-09-21 16:51:45 - Subject sub-004: Sampled 40/78 trials
2025-09-21 16:51:45 -   Original distribution: {0: 0.5, 1: 0.5}
2025-09-21 16:51:45 -   Sampled distribution: {0: 0.5, 1: 0.5}
2025-09-21 16:51:46 - Subject sub-005: Sampled 40/80 trials
2025-09-21 16:51:46 -   Original distribution: {0: 0.5, 1: 0.5}
2025-09-21 16:51:46 -   Sampled distribution: {0: 0.5, 1: 0.5}
2025-09-21 16:51:46 - Subject sub-006: Sampled 40/80 trials
2025-09-21 16:51:46 -   Original distribution: {0: 0.5, 1: 0.5}
2025-09-21 16:51:46 -   Sampled distribution: {0: 0.5, 1: 0.5}
2025-09-21 16:51:46 - Subject sub-007: Sampled 40/80 trials
2025-09-21 16:51:46 -   Original distribution: {0: 0.5, 1: 0.5}
2025-09-21 16:51:46 -   Sampled distribution: {0: 0.5, 1: 0.5}
2025-09-21 16:51:46 - Subject sub-008: Sampled 40/80 trials
2025-09-21 16:51:46 -   Original distribution: {0: 0.5, 1: 0.5}
2025-09-21 16:51:46 -   Sampled distribution: {0: 0.5, 1: 0.5}
2025-09-21 16:51:46 - Subject sub-009: Sampled 40/80 trials
2025-09-21 16:51:46 -   Original distribution: {0: 0.5, 1: 0.5}
2025-09-21 16:51:46 -   Sampled distribution: {0: 0.5, 1: 0.5}
2025-09-21 16:51:46 - Subject sub-010: Sampled 40/80 trials
2025-09-21 16:51:46 -   Original distribution: {0: 0.5, 1: 0.5}
2025-09-21 16:51:46 -   Sampled distribution: {0: 0.5, 1: 0.5}
2025-09-21 16:51:47 - Subject sub-011: Sampled 40/80 trials
2025-09-21 16:51:47 -   Original distribution: {0: 0.5, 1: 0.5}
2025-09-21 16:51:47 -   Sampled distribution: {0: 0.5, 1: 0.5}
2025-09-21 16:51:47 - Subject sub-012: Sampled 40/78 trials
2025-09-21 16:51:47 -   Original distribution: {0: 0.5, 1: 0.5}
2025-09-21 16:51:47 -   Sampled distribution: {0: 0.5, 1: 0.5}
2025-09-21 16:51:47 - Subject sub-013: Sampled 40/80 trials
2025-09-21 16:51:47 -   Original distribution: {0: 0.5, 1: 0.5}
2025-09-21 16:51:47 -   Sampled distribution: {0: 0.5, 1: 0.5}
2025-09-21 16:51:47 - Subject sub-014: Sampled 40/80 trials
2025-09-21 16:51:47 -   Original distribution: {0: 0.5, 1: 0.5}
2025-09-21 16:51:47 -   Sampled distribution: {0: 0.5, 1: 0.5}
2025-09-21 16:51:47 - Subject sub-015: Sampled 40/80 trials
2025-09-21 16:51:47 -   Original distribution: {0: 0.5, 1: 0.5}
2025-09-21 16:51:47 -   Sampled distribution: {0: 0.5, 1: 0.5}
2025-09-21 16:51:47 - Subject sub-016: Sampled 40/80 trials
2025-09-21 16:51:47 -   Original distribution: {0: 0.5, 1: 0.5}
2025-09-21 16:51:47 -   Sampled distribution: {0: 0.5, 1: 0.5}
2025-09-21 16:51:47 - Subject sub-017: Sampled 40/80 trials
2025-09-21 16:51:47 -   Original distribution: {0: 0.5, 1: 0.5}
2025-09-21 16:51:47 -   Sampled distribution: {0: 0.5, 1: 0.5}
2025-09-21 16:51:48 - Subject sub-018: Sampled 40/80 trials
2025-09-21 16:51:48 -   Original distribution: {0: 0.5, 1: 0.5}
2025-09-21 16:51:48 -   Sampled distribution: {0: 0.5, 1: 0.5}
2025-09-21 16:51:48 - Subject sub-019: Sampled 40/80 trials
2025-09-21 16:51:48 -   Original distribution: {0: 0.5, 1: 0.5}
2025-09-21 16:51:48 -   Sampled distribution: {0: 0.5, 1: 0.5}
2025-09-21 16:51:48 - Subject sub-020: Sampled 40/78 trials
2025-09-21 16:51:48 -   Original distribution: {0: 0.5, 1: 0.5}
2025-09-21 16:51:48 -   Sampled distribution: {0: 0.5, 1: 0.5}
2025-09-21 16:51:48 - Subject sub-021: Sampled 40/80 trials
2025-09-21 16:51:48 -   Original distribution: {0: 0.5, 1: 0.5}
2025-09-21 16:51:48 -   Sampled distribution: {0: 0.5, 1: 0.5}
2025-09-21 16:51:48 - Subject sub-022: Sampled 40/80 trials
2025-09-21 16:51:48 -   Original distribution: {0: 0.5, 1: 0.5}
2025-09-21 16:51:48 -   Sampled distribution: {0: 0.5, 1: 0.5}
2025-09-21 16:51:48 - Subject sub-023: Sampled 40/78 trials
2025-09-21 16:51:48 -   Original distribution: {0: 0.5, 1: 0.5}
2025-09-21 16:51:48 -   Sampled distribution: {0: 0.5, 1: 0.5}
2025-09-21 16:51:49 - Subject sub-024: Sampled 40/80 trials
2025-09-21 16:51:49 -   Original distribution: {0: 0.5, 1: 0.5}
2025-09-21 16:51:49 -   Sampled distribution: {0: 0.5, 1: 0.5}
2025-09-21 16:51:49 - Subject sub-025: Sampled 40/80 trials
2025-09-21 16:51:49 -   Original distribution: {0: 0.5, 1: 0.5}
2025-09-21 16:51:49 -   Sampled distribution: {0: 0.5, 1: 0.5}
2025-09-21 16:51:49 - Subject sub-026: Sampled 40/80 trials
2025-09-21 16:51:49 -   Original distribution: {0: 0.5, 1: 0.5}
2025-09-21 16:51:49 -   Sampled distribution: {0: 0.5, 1: 0.5}
2025-09-21 16:51:49 - Subject sub-027: Sampled 40/80 trials
2025-09-21 16:51:49 -   Original distribution: {0: 0.5, 1: 0.5}
2025-09-21 16:51:49 -   Sampled distribution: {0: 0.5, 1: 0.5}
2025-09-21 16:51:49 - Subject sub-028: Sampled 40/80 trials
2025-09-21 16:51:49 -   Original distribution: {0: 0.5, 1: 0.5}
2025-09-21 16:51:49 -   Sampled distribution: {0: 0.5, 1: 0.5}
2025-09-21 16:51:49 - Subject sub-029: Sampled 40/80 trials
2025-09-21 16:51:49 -   Original distribution: {0: 0.5, 1: 0.5}
2025-09-21 16:51:49 -   Sampled distribution: {0: 0.5, 1: 0.5}
2025-09-21 16:51:50 - Subject sub-030: Sampled 40/80 trials
2025-09-21 16:51:50 -   Original distribution: {0: 0.5, 1: 0.5}
2025-09-21 16:51:50 -   Sampled distribution: {0: 0.5, 1: 0.5}
2025-09-21 16:51:50 - Subject sub-031: Sampled 40/80 trials
2025-09-21 16:51:50 -   Original distribution: {0: 0.5, 1: 0.5}
2025-09-21 16:51:50 -   Sampled distribution: {0: 0.5, 1: 0.5}
2025-09-21 16:51:50 - Subject sub-032: Sampled 40/80 trials
2025-09-21 16:51:50 -   Original distribution: {0: 0.5, 1: 0.5}
2025-09-21 16:51:50 -   Sampled distribution: {0: 0.5, 1: 0.5}
2025-09-21 16:51:50 - Subject sub-033: Sampled 40/80 trials
2025-09-21 16:51:50 -   Original distribution: {0: 0.5, 1: 0.5}
2025-09-21 16:51:50 -   Sampled distribution: {0: 0.5, 1: 0.5}
2025-09-21 16:51:50 - Subject sub-034: Sampled 40/80 trials
2025-09-21 16:51:50 -   Original distribution: {0: 0.5, 1: 0.5}
2025-09-21 16:51:50 -   Sampled distribution: {0: 0.5, 1: 0.5}
2025-09-21 16:51:50 - Subject sub-035: Sampled 40/78 trials
2025-09-21 16:51:50 -   Original distribution: {0: 0.5, 1: 0.5}
2025-09-21 16:51:50 -   Sampled distribution: {0: 0.5, 1: 0.5}
2025-09-21 16:51:50 - Subject sub-036: Sampled 40/80 trials
2025-09-21 16:51:50 -   Original distribution: {0: 0.5, 1: 0.5}
2025-09-21 16:51:50 -   Sampled distribution: {0: 0.5, 1: 0.5}
2025-09-21 16:51:51 - Subject sub-037: Sampled 40/78 trials
2025-09-21 16:51:51 -   Original distribution: {0: 0.5, 1: 0.5}
2025-09-21 16:51:51 -   Sampled distribution: {0: 0.5, 1: 0.5}
2025-09-21 16:51:51 - Subject sub-038: Sampled 40/80 trials
2025-09-21 16:51:51 -   Original distribution: {0: 0.5, 1: 0.5}
2025-09-21 16:51:51 -   Sampled distribution: {0: 0.5, 1: 0.5}
2025-09-21 16:51:51 - Subject sub-039: Sampled 40/80 trials
2025-09-21 16:51:51 -   Original distribution: {0: 0.5, 1: 0.5}
2025-09-21 16:51:51 -   Sampled distribution: {0: 0.5, 1: 0.5}
2025-09-21 16:51:51 - Subject sub-040: Sampled 40/80 trials
2025-09-21 16:51:51 -   Original distribution: {0: 0.5, 1: 0.5}
2025-09-21 16:51:51 -   Sampled distribution: {0: 0.5, 1: 0.5}
2025-09-21 16:52:25 - 
==================================================
2025-09-21 16:52:25 - Individual Subject Results - P3
2025-09-21 16:52:25 - ==================================================
2025-09-21 16:52:25 - Subject: sub-001
2025-09-21 16:52:25 -   Accuracy: 53.846%
2025-09-21 16:52:25 -   Precision: 0.500
2025-09-21 16:52:25 -   Recall: 0.167
2025-09-21 16:52:25 -   F1 Score: 0.250
2025-09-21 16:52:25 -   AUC: 0.500
2025-09-21 16:52:25 -   Correct/Total: 7/13
2025-09-21 16:52:25 -   Confusion Matrix Stats:
2025-09-21 16:52:25 -     TP: 1, TN: 6
2025-09-21 16:52:25 -     FP: 1, FN: 5
2025-09-21 16:52:25 - Subject: sub-002
2025-09-21 16:52:25 -   Accuracy: 75.000%
2025-09-21 16:52:25 -   Precision: 0.500
2025-09-21 16:52:25 -   Recall: 1.000
2025-09-21 16:52:25 -   F1 Score: 0.667
2025-09-21 16:52:25 -   AUC: 1.000
2025-09-21 16:52:25 -   Correct/Total: 3/4
2025-09-21 16:52:25 -   Confusion Matrix Stats:
2025-09-21 16:52:25 -     TP: 1, TN: 2
2025-09-21 16:52:25 -     FP: 1, FN: 0
2025-09-21 16:52:25 - Subject: sub-003
2025-09-21 16:52:25 -   Accuracy: 50.000%
2025-09-21 16:52:25 -   Precision: 0.333
2025-09-21 16:52:25 -   Recall: 0.500
2025-09-21 16:52:25 -   F1 Score: 0.400
2025-09-21 16:52:25 -   AUC: 0.625
2025-09-21 16:52:25 -   Correct/Total: 3/6
2025-09-21 16:52:25 -   Confusion Matrix Stats:
2025-09-21 16:52:25 -     TP: 1, TN: 2
2025-09-21 16:52:25 -     FP: 2, FN: 1
2025-09-21 16:52:25 - Subject: sub-004
2025-09-21 16:52:25 -   Accuracy: 76.923%
2025-09-21 16:52:25 -   Precision: 0.857
2025-09-21 16:52:25 -   Recall: 0.750
2025-09-21 16:52:25 -   F1 Score: 0.800
2025-09-21 16:52:25 -   AUC: 0.825
2025-09-21 16:52:25 -   Correct/Total: 10/13
2025-09-21 16:52:25 -   Confusion Matrix Stats:
2025-09-21 16:52:25 -     TP: 6, TN: 4
2025-09-21 16:52:25 -     FP: 1, FN: 2
2025-09-21 16:52:25 - Subject: sub-005
2025-09-21 16:52:25 -   Accuracy: 66.667%
2025-09-21 16:52:25 -   Precision: 0.714
2025-09-21 16:52:25 -   Recall: 0.833
2025-09-21 16:52:25 -   F1 Score: 0.769
2025-09-21 16:52:25 -   AUC: 0.611
2025-09-21 16:52:25 -   Correct/Total: 6/9
2025-09-21 16:52:25 -   Confusion Matrix Stats:
2025-09-21 16:52:25 -     TP: 5, TN: 1
2025-09-21 16:52:25 -     FP: 2, FN: 1
2025-09-21 16:52:25 - Subject: sub-006
2025-09-21 16:52:25 -   Accuracy: 45.455%
2025-09-21 16:52:25 -   Precision: 0.286
2025-09-21 16:52:25 -   Recall: 0.667
2025-09-21 16:52:25 -   F1 Score: 0.400
2025-09-21 16:52:25 -   AUC: 0.458
2025-09-21 16:52:25 -   Correct/Total: 5/11
2025-09-21 16:52:25 -   Confusion Matrix Stats:
2025-09-21 16:52:25 -     TP: 2, TN: 3
2025-09-21 16:52:25 -     FP: 5, FN: 1
2025-09-21 16:52:25 - Subject: sub-007
2025-09-21 16:52:25 -   Accuracy: 50.000%
2025-09-21 16:52:25 -   Precision: 0.500
2025-09-21 16:52:25 -   Recall: 0.400
2025-09-21 16:52:25 -   F1 Score: 0.444
2025-09-21 16:52:25 -   AUC: 0.640
2025-09-21 16:52:25 -   Correct/Total: 5/10
2025-09-21 16:52:25 -   Confusion Matrix Stats:
2025-09-21 16:52:25 -     TP: 2, TN: 3
2025-09-21 16:52:25 -     FP: 2, FN: 3
2025-09-21 16:52:25 - Subject: sub-008
2025-09-21 16:52:25 -   Accuracy: 55.556%
2025-09-21 16:52:25 -   Precision: 0.667
2025-09-21 16:52:25 -   Recall: 0.400
2025-09-21 16:52:25 -   F1 Score: 0.500
2025-09-21 16:52:25 -   AUC: 0.650
2025-09-21 16:52:25 -   Correct/Total: 5/9
2025-09-21 16:52:25 -   Confusion Matrix Stats:
2025-09-21 16:52:25 -     TP: 2, TN: 3
2025-09-21 16:52:25 -     FP: 1, FN: 3
2025-09-21 16:52:25 - Subject: sub-009
2025-09-21 16:52:25 -   Accuracy: 60.000%
2025-09-21 16:52:25 -   Precision: 0.500
2025-09-21 16:52:25 -   Recall: 0.500
2025-09-21 16:52:25 -   F1 Score: 0.500
2025-09-21 16:52:25 -   AUC: 0.667
2025-09-21 16:52:25 -   Correct/Total: 3/5
2025-09-21 16:52:25 -   Confusion Matrix Stats:
2025-09-21 16:52:25 -     TP: 1, TN: 2
2025-09-21 16:52:25 -     FP: 1, FN: 1
2025-09-21 16:52:25 - Subject: sub-010
2025-09-21 16:52:25 -   Accuracy: 22.222%
2025-09-21 16:52:25 -   Precision: 0.500
2025-09-21 16:52:25 -   Recall: 0.286
2025-09-21 16:52:25 -   F1 Score: 0.364
2025-09-21 16:52:25 -   AUC: 0.286
2025-09-21 16:52:25 -   Correct/Total: 2/9
2025-09-21 16:52:25 -   Confusion Matrix Stats:
2025-09-21 16:52:25 -     TP: 2, TN: 0
2025-09-21 16:52:25 -     FP: 2, FN: 5
2025-09-21 16:52:25 - Subject: sub-011
2025-09-21 16:52:25 -   Accuracy: 62.500%
2025-09-21 16:52:25 -   Precision: 0.000
2025-09-21 16:52:25 -   Recall: 0.000
2025-09-21 16:52:25 -   F1 Score: 0.000
2025-09-21 16:52:25 -   AUC: 0.000
2025-09-21 16:52:25 -   Correct/Total: 5/8
2025-09-21 16:52:25 -   Confusion Matrix Stats:
2025-09-21 16:52:25 -     TP: 0, TN: 5
2025-09-21 16:52:25 -     FP: 2, FN: 1
2025-09-21 16:52:25 - Subject: sub-012
2025-09-21 16:52:25 -   Accuracy: 50.000%
2025-09-21 16:52:26 -   Precision: 1.000
2025-09-21 16:52:26 -   Recall: 0.143
2025-09-21 16:52:26 -   F1 Score: 0.250
2025-09-21 16:52:26 -   AUC: 0.600
2025-09-21 16:52:26 -   Correct/Total: 6/12
2025-09-21 16:52:26 -   Confusion Matrix Stats:
2025-09-21 16:52:26 -     TP: 1, TN: 5
2025-09-21 16:52:26 -     FP: 0, FN: 6
2025-09-21 16:52:26 - Subject: sub-013
2025-09-21 16:52:26 -   Accuracy: 36.364%
2025-09-21 16:52:26 -   Precision: 0.400
2025-09-21 16:52:26 -   Recall: 0.333
2025-09-21 16:52:26 -   F1 Score: 0.364
2025-09-21 16:52:26 -   AUC: 0.467
2025-09-21 16:52:26 -   Correct/Total: 4/11
2025-09-21 16:52:26 -   Confusion Matrix Stats:
2025-09-21 16:52:26 -     TP: 2, TN: 2
2025-09-21 16:52:26 -     FP: 3, FN: 4
2025-09-21 16:52:26 - Subject: sub-014
2025-09-21 16:52:26 -   Accuracy: 42.857%
2025-09-21 16:52:26 -   Precision: 0.500
2025-09-21 16:52:26 -   Recall: 0.500
2025-09-21 16:52:26 -   F1 Score: 0.500
2025-09-21 16:52:26 -   AUC: 0.250
2025-09-21 16:52:26 -   Correct/Total: 3/7
2025-09-21 16:52:26 -   Confusion Matrix Stats:
2025-09-21 16:52:26 -     TP: 2, TN: 1
2025-09-21 16:52:26 -     FP: 2, FN: 2
2025-09-21 16:52:26 - Subject: sub-015
2025-09-21 16:52:26 -   Accuracy: 66.667%
2025-09-21 16:52:26 -   Precision: 0.400
2025-09-21 16:52:26 -   Recall: 1.000
2025-09-21 16:52:26 -   F1 Score: 0.571
2025-09-21 16:52:26 -   AUC: 0.714
2025-09-21 16:52:26 -   Correct/Total: 6/9
2025-09-21 16:52:26 -   Confusion Matrix Stats:
2025-09-21 16:52:26 -     TP: 2, TN: 4
2025-09-21 16:52:26 -     FP: 3, FN: 0
2025-09-21 16:52:26 - Subject: sub-016
2025-09-21 16:52:26 -   Accuracy: 77.778%
2025-09-21 16:52:26 -   Precision: 0.800
2025-09-21 16:52:26 -   Recall: 0.800
2025-09-21 16:52:26 -   F1 Score: 0.800
2025-09-21 16:52:26 -   AUC: 0.650
2025-09-21 16:52:26 -   Correct/Total: 7/9
2025-09-21 16:52:26 -   Confusion Matrix Stats:
2025-09-21 16:52:26 -     TP: 4, TN: 3
2025-09-21 16:52:26 -     FP: 1, FN: 1
2025-09-21 16:52:26 - Subject: sub-017
2025-09-21 16:52:26 -   Accuracy: 27.273%
2025-09-21 16:52:26 -   Precision: 0.000
2025-09-21 16:52:26 -   Recall: 0.000
2025-09-21 16:52:26 -   F1 Score: 0.000
2025-09-21 16:52:26 -   AUC: 0.300
2025-09-21 16:52:26 -   Correct/Total: 3/11
2025-09-21 16:52:26 -   Confusion Matrix Stats:
2025-09-21 16:52:26 -     TP: 0, TN: 3
2025-09-21 16:52:26 -     FP: 7, FN: 1
2025-09-21 16:52:26 - Subject: sub-018
2025-09-21 16:52:26 -   Accuracy: 63.636%
2025-09-21 16:52:26 -   Precision: 0.400
2025-09-21 16:52:26 -   Recall: 0.667
2025-09-21 16:52:26 -   F1 Score: 0.500
2025-09-21 16:52:26 -   AUC: 0.708
2025-09-21 16:52:26 -   Correct/Total: 7/11
2025-09-21 16:52:26 -   Confusion Matrix Stats:
2025-09-21 16:52:26 -     TP: 2, TN: 5
2025-09-21 16:52:26 -     FP: 3, FN: 1
2025-09-21 16:52:26 - Subject: sub-019
2025-09-21 16:52:26 -   Accuracy: 22.222%
2025-09-21 16:52:26 -   Precision: 0.000
2025-09-21 16:52:26 -   Recall: 0.000
2025-09-21 16:52:26 -   F1 Score: 0.000
2025-09-21 16:52:26 -   AUC: 0.500
2025-09-21 16:52:26 -   Correct/Total: 2/9
2025-09-21 16:52:26 -   Confusion Matrix Stats:
2025-09-21 16:52:26 -     TP: 0, TN: 2
2025-09-21 16:52:26 -     FP: 1, FN: 6
2025-09-21 16:52:26 - Subject: sub-020
2025-09-21 16:52:26 -   Accuracy: 72.727%
2025-09-21 16:52:26 -   Precision: 0.667
2025-09-21 16:52:26 -   Recall: 0.800
2025-09-21 16:52:26 -   F1 Score: 0.727
2025-09-21 16:52:26 -   AUC: 0.767
2025-09-21 16:52:26 -   Correct/Total: 8/11
2025-09-21 16:52:26 -   Confusion Matrix Stats:
2025-09-21 16:52:26 -     TP: 4, TN: 4
2025-09-21 16:52:26 -     FP: 2, FN: 1
2025-09-21 16:52:26 - Subject: sub-021
2025-09-21 16:52:26 -   Accuracy: 40.000%
2025-09-21 16:52:26 -   Precision: 0.500
2025-09-21 16:52:26 -   Recall: 0.333
2025-09-21 16:52:26 -   F1 Score: 0.400
2025-09-21 16:52:26 -   AUC: 0.583
2025-09-21 16:52:26 -   Correct/Total: 4/10
2025-09-21 16:52:26 -   Confusion Matrix Stats:
2025-09-21 16:52:26 -     TP: 2, TN: 2
2025-09-21 16:52:26 -     FP: 2, FN: 4
2025-09-21 16:52:26 - Subject: sub-022
2025-09-21 16:52:26 -   Accuracy: 60.000%
2025-09-21 16:52:26 -   Precision: 0.750
2025-09-21 16:52:26 -   Recall: 0.500
2025-09-21 16:52:26 -   F1 Score: 0.600
2025-09-21 16:52:26 -   AUC: 0.583
2025-09-21 16:52:26 -   Correct/Total: 6/10
2025-09-21 16:52:26 -   Confusion Matrix Stats:
2025-09-21 16:52:26 -     TP: 3, TN: 3
2025-09-21 16:52:26 -     FP: 1, FN: 3
2025-09-21 16:52:26 - Subject: sub-023
2025-09-21 16:52:26 -   Accuracy: 57.143%
2025-09-21 16:52:26 -   Precision: 0.333
2025-09-21 16:52:26 -   Recall: 0.500
2025-09-21 16:52:26 -   F1 Score: 0.400
2025-09-21 16:52:26 -   AUC: 0.500
2025-09-21 16:52:26 -   Correct/Total: 4/7
2025-09-21 16:52:26 -   Confusion Matrix Stats:
2025-09-21 16:52:26 -     TP: 1, TN: 3
2025-09-21 16:52:26 -     FP: 2, FN: 1
2025-09-21 16:52:26 - Subject: sub-024
2025-09-21 16:52:26 -   Accuracy: 60.000%
2025-09-21 16:52:26 -   Precision: 0.625
2025-09-21 16:52:26 -   Recall: 0.833
2025-09-21 16:52:26 -   F1 Score: 0.714
2025-09-21 16:52:26 -   AUC: 0.708
2025-09-21 16:52:26 -   Correct/Total: 6/10
2025-09-21 16:52:26 -   Confusion Matrix Stats:
2025-09-21 16:52:26 -     TP: 5, TN: 1
2025-09-21 16:52:26 -     FP: 3, FN: 1
2025-09-21 16:52:26 - Subject: sub-025
2025-09-21 16:52:26 -   Accuracy: 44.444%
2025-09-21 16:52:26 -   Precision: 0.400
2025-09-21 16:52:26 -   Recall: 0.500
2025-09-21 16:52:26 -   F1 Score: 0.444
2025-09-21 16:52:26 -   AUC: 0.600
2025-09-21 16:52:26 -   Correct/Total: 4/9
2025-09-21 16:52:26 -   Confusion Matrix Stats:
2025-09-21 16:52:26 -     TP: 2, TN: 2
2025-09-21 16:52:26 -     FP: 3, FN: 2
2025-09-21 16:52:26 - Subject: sub-026
2025-09-21 16:52:26 -   Accuracy: 63.636%
2025-09-21 16:52:26 -   Precision: 1.000
2025-09-21 16:52:26 -   Recall: 0.200
2025-09-21 16:52:26 -   F1 Score: 0.333
2025-09-21 16:52:26 -   AUC: 0.533
2025-09-21 16:52:26 -   Correct/Total: 7/11
2025-09-21 16:52:26 -   Confusion Matrix Stats:
2025-09-21 16:52:26 -     TP: 1, TN: 6
2025-09-21 16:52:26 -     FP: 0, FN: 4
2025-09-21 16:52:26 - Subject: sub-027
2025-09-21 16:52:26 -   Accuracy: 46.154%
2025-09-21 16:52:26 -   Precision: 0.667
2025-09-21 16:52:26 -   Recall: 0.250
2025-09-21 16:52:26 -   F1 Score: 0.364
2025-09-21 16:52:26 -   AUC: 0.450
2025-09-21 16:52:26 -   Correct/Total: 6/13
2025-09-21 16:52:26 -   Confusion Matrix Stats:
2025-09-21 16:52:26 -     TP: 2, TN: 4
2025-09-21 16:52:26 -     FP: 1, FN: 6
2025-09-21 16:52:26 - Subject: sub-028
2025-09-21 16:52:26 -   Accuracy: 66.667%
2025-09-21 16:52:26 -   Precision: 0.600
2025-09-21 16:52:26 -   Recall: 1.000
2025-09-21 16:52:26 -   F1 Score: 0.750
2025-09-21 16:52:26 -   AUC: 0.778
2025-09-21 16:52:26 -   Correct/Total: 4/6
2025-09-21 16:52:26 -   Confusion Matrix Stats:
2025-09-21 16:52:26 -     TP: 3, TN: 1
2025-09-21 16:52:26 -     FP: 2, FN: 0
2025-09-21 16:52:26 - Subject: sub-029
2025-09-21 16:52:26 -   Accuracy: 75.000%
2025-09-21 16:52:26 -   Precision: 0.714
2025-09-21 16:52:26 -   Recall: 0.714
2025-09-21 16:52:26 -   F1 Score: 0.714
2025-09-21 16:52:26 -   AUC: 0.794
2025-09-21 16:52:26 -   Correct/Total: 12/16
2025-09-21 16:52:26 -   Confusion Matrix Stats:
2025-09-21 16:52:26 -     TP: 5, TN: 7
2025-09-21 16:52:26 -     FP: 2, FN: 2
2025-09-21 16:52:26 - Subject: sub-030
2025-09-21 16:52:26 -   Accuracy: 30.000%
2025-09-21 16:52:26 -   Precision: 0.500
2025-09-21 16:52:26 -   Recall: 0.143
2025-09-21 16:52:26 -   F1 Score: 0.222
2025-09-21 16:52:26 -   AUC: 0.667
2025-09-21 16:52:26 -   Correct/Total: 3/10
2025-09-21 16:52:26 -   Confusion Matrix Stats:
2025-09-21 16:52:26 -     TP: 1, TN: 2
2025-09-21 16:52:26 -     FP: 1, FN: 6
2025-09-21 16:52:26 - Subject: sub-031
2025-09-21 16:52:26 -   Accuracy: 83.333%
2025-09-21 16:52:26 -   Precision: 0.667
2025-09-21 16:52:26 -   Recall: 1.000
2025-09-21 16:52:26 -   F1 Score: 0.800
2025-09-21 16:52:26 -   AUC: 0.750
2025-09-21 16:52:26 -   Correct/Total: 5/6
2025-09-21 16:52:26 -   Confusion Matrix Stats:
2025-09-21 16:52:26 -     TP: 2, TN: 3
2025-09-21 16:52:26 -     FP: 1, FN: 0
2025-09-21 16:52:26 - Subject: sub-032
2025-09-21 16:52:26 -   Accuracy: 57.143%
2025-09-21 16:52:26 -   Precision: 0.333
2025-09-21 16:52:26 -   Recall: 0.500
2025-09-21 16:52:26 -   F1 Score: 0.400
2025-09-21 16:52:26 -   AUC: 0.525
2025-09-21 16:52:26 -   Correct/Total: 8/14
2025-09-21 16:52:26 -   Confusion Matrix Stats:
2025-09-21 16:52:26 -     TP: 2, TN: 6
2025-09-21 16:52:26 -     FP: 4, FN: 2
2025-09-21 16:52:26 - Subject: sub-033
2025-09-21 16:52:26 -   Accuracy: 50.000%
2025-09-21 16:52:26 -   Precision: 0.500
2025-09-21 16:52:26 -   Recall: 0.500
2025-09-21 16:52:26 -   F1 Score: 0.500
2025-09-21 16:52:26 -   AUC: 0.250
2025-09-21 16:52:26 -   Correct/Total: 4/8
2025-09-21 16:52:26 -   Confusion Matrix Stats:
2025-09-21 16:52:26 -     TP: 2, TN: 2
2025-09-21 16:52:26 -     FP: 2, FN: 2
2025-09-21 16:52:26 - Subject: sub-034
2025-09-21 16:52:26 -   Accuracy: 81.818%
2025-09-21 16:52:26 -   Precision: 0.600
2025-09-21 16:52:26 -   Recall: 1.000
2025-09-21 16:52:26 -   F1 Score: 0.750
2025-09-21 16:52:26 -   AUC: 1.000
2025-09-21 16:52:26 -   Correct/Total: 9/11
2025-09-21 16:52:26 -   Confusion Matrix Stats:
2025-09-21 16:52:26 -     TP: 3, TN: 6
2025-09-21 16:52:26 -     FP: 2, FN: 0
2025-09-21 16:52:26 - Subject: sub-035
2025-09-21 16:52:26 -   Accuracy: 64.286%
2025-09-21 16:52:26 -   Precision: 0.571
2025-09-21 16:52:26 -   Recall: 0.667
2025-09-21 16:52:26 -   F1 Score: 0.615
2025-09-21 16:52:26 -   AUC: 0.812
2025-09-21 16:52:26 -   Correct/Total: 9/14
2025-09-21 16:52:26 -   Confusion Matrix Stats:
2025-09-21 16:52:26 -     TP: 4, TN: 5
2025-09-21 16:52:26 -     FP: 3, FN: 2
2025-09-21 16:52:26 - Subject: sub-036
2025-09-21 16:52:26 -   Accuracy: 53.846%
2025-09-21 16:52:26 -   Precision: 0.333
2025-09-21 16:52:26 -   Recall: 0.500
2025-09-21 16:52:26 -   F1 Score: 0.400
2025-09-21 16:52:26 -   AUC: 0.472
2025-09-21 16:52:26 -   Correct/Total: 7/13
2025-09-21 16:52:26 -   Confusion Matrix Stats:
2025-09-21 16:52:26 -     TP: 2, TN: 5
2025-09-21 16:52:26 -     FP: 4, FN: 2
2025-09-21 16:52:26 - Subject: sub-037
2025-09-21 16:52:26 -   Accuracy: 42.857%
2025-09-21 16:52:26 -   Precision: 0.429
2025-09-21 16:52:26 -   Recall: 0.429
2025-09-21 16:52:26 -   F1 Score: 0.429
2025-09-21 16:52:26 -   AUC: 0.510
2025-09-21 16:52:26 -   Correct/Total: 6/14
2025-09-21 16:52:26 -   Confusion Matrix Stats:
2025-09-21 16:52:26 -     TP: 3, TN: 3
2025-09-21 16:52:26 -     FP: 4, FN: 4
2025-09-21 16:52:26 - Subject: sub-038
2025-09-21 16:52:26 -   Accuracy: 66.667%
2025-09-21 16:52:26 -   Precision: 0.700
2025-09-21 16:52:26 -   Recall: 0.875
2025-09-21 16:52:26 -   F1 Score: 0.778
2025-09-21 16:52:26 -   AUC: 0.469
2025-09-21 16:52:26 -   Correct/Total: 8/12
2025-09-21 16:52:26 -   Confusion Matrix Stats:
2025-09-21 16:52:26 -     TP: 7, TN: 1
2025-09-21 16:52:26 -     FP: 3, FN: 1
2025-09-21 16:52:26 - Subject: sub-039
2025-09-21 16:52:26 -   Accuracy: 77.778%
2025-09-21 16:52:26 -   Precision: 0.750
2025-09-21 16:52:26 -   Recall: 0.750
2025-09-21 16:52:26 -   F1 Score: 0.750
2025-09-21 16:52:26 -   AUC: 0.750
2025-09-21 16:52:26 -   Correct/Total: 7/9
2025-09-21 16:52:26 -   Confusion Matrix Stats:
2025-09-21 16:52:26 -     TP: 3, TN: 4
2025-09-21 16:52:26 -     FP: 1, FN: 1
2025-09-21 16:52:26 - Subject: sub-040
2025-09-21 16:52:26 -   Accuracy: 30.000%
2025-09-21 16:52:26 -   Precision: 0.000
2025-09-21 16:52:26 -   Recall: 0.000
2025-09-21 16:52:26 -   F1 Score: 0.000
2025-09-21 16:52:26 -   AUC: 0.125
2025-09-21 16:52:26 -   Correct/Total: 3/10
2025-09-21 16:52:26 -   Confusion Matrix Stats:
2025-09-21 16:52:26 -     TP: 0, TN: 3
2025-09-21 16:52:26 -     FP: 5, FN: 2
2025-09-21 16:52:26 - 
P3 Pooled Model Statistics:
2025-09-21 16:52:26 - 95% Confidence Interval: [0.505, 0.610]
2025-09-21 16:52:26 - Best Subject: sub-031 (0.833)
2025-09-21 16:52:26 - Worst Subject: sub-010 (0.222)
2025-09-21 16:52:26 - Mean Accuracy: 0.555
2025-09-21 16:52:26 - Mean Precision: 0.514
2025-09-21 16:52:26 - Mean Recall: 0.508
2025-09-21 16:52:26 - Mean F1-Score: 0.511
2025-09-21 16:52:26 - Mean AUC: 0.577
2025-09-21 16:52:26 - Mean Confusion Matrix:
2025-09-21 16:52:26 -   TP: 2, TN: 3
2025-09-21 16:52:26 -   FP: 2, FN: 2
