2025-09-19 22:47:44 - 
Experiment Configuration:
2025-09-19 22:47:44 - --------------------------------------------------
2025-09-19 22:47:44 - dataset: P3 Raw Data BIDS-Compatible
2025-09-19 22:47:44 - use_combined_datasets: False
2025-09-19 22:47:44 - electrode_list: all
2025-09-19 22:47:44 - classifier: SepConv1D
2025-09-19 22:47:44 - separate_subject_classification: False
2025-09-19 22:47:44 - use_subject_layer: False
2025-09-19 22:47:44 - seeds: [42]
2025-09-19 22:47:44 - electrode_fusion_method: none
2025-09-19 22:47:44 - domain_adaptation_method: none
2025-09-19 22:47:44 - enable_comprehensive_evaluation: True
2025-09-19 22:47:44 - enable_domain_analysis: True
2025-09-19 22:47:44 - enable_small_sample_analysis: False
2025-09-19 22:47:44 - small_sample_sizes: [5, 10, 15, 20]
2025-09-19 22:47:44 - small_sample_subjects: [5, 10, 15]
2025-09-19 22:47:44 - --------------------------------------------------
2025-09-19 22:47:44 - 
==================================================
2025-09-19 22:47:44 - Processing P3 Dataset
2025-09-19 22:47:44 - ==================================================
2025-09-19 22:48:45 - 
==================================================
2025-09-19 22:48:45 - Individual Subject Results - P3
2025-09-19 22:48:45 - ==================================================
2025-09-19 22:48:45 - Subject: sub-001
2025-09-19 22:48:45 -   Accuracy: 65.000%
2025-09-19 22:48:45 -   Precision: 0.750
2025-09-19 22:48:45 -   Recall: 0.545
2025-09-19 22:48:45 -   F1 Score: 0.632
2025-09-19 22:48:45 -   AUC: 0.848
2025-09-19 22:48:45 -   Correct/Total: 13/20
2025-09-19 22:48:45 -   Confusion Matrix Stats:
2025-09-19 22:48:45 -     TP: 6, TN: 7
2025-09-19 22:48:45 -     FP: 2, FN: 5
2025-09-19 22:48:45 - Subject: sub-002
2025-09-19 22:48:45 -   Accuracy: 89.474%
2025-09-19 22:48:45 -   Precision: 0.833
2025-09-19 22:48:45 -   Recall: 1.000
2025-09-19 22:48:45 -   F1 Score: 0.909
2025-09-19 22:48:45 -   AUC: 0.978
2025-09-19 22:48:45 -   Correct/Total: 17/19
2025-09-19 22:48:45 -   Confusion Matrix Stats:
2025-09-19 22:48:45 -     TP: 10, TN: 7
2025-09-19 22:48:45 -     FP: 2, FN: 0
2025-09-19 22:48:45 - Subject: sub-003
2025-09-19 22:48:45 -   Accuracy: 78.947%
2025-09-19 22:48:45 -   Precision: 0.857
2025-09-19 22:48:45 -   Recall: 0.667
2025-09-19 22:48:45 -   F1 Score: 0.750
2025-09-19 22:48:45 -   AUC: 0.867
2025-09-19 22:48:45 -   Correct/Total: 15/19
2025-09-19 22:48:45 -   Confusion Matrix Stats:
2025-09-19 22:48:45 -     TP: 6, TN: 9
2025-09-19 22:48:45 -     FP: 1, FN: 3
2025-09-19 22:48:45 - Subject: sub-004
2025-09-19 22:48:45 -   Accuracy: 86.667%
2025-09-19 22:48:45 -   Precision: 0.900
2025-09-19 22:48:45 -   Recall: 0.900
2025-09-19 22:48:45 -   F1 Score: 0.900
2025-09-19 22:48:45 -   AUC: 0.820
2025-09-19 22:48:45 -   Correct/Total: 13/15
2025-09-19 22:48:45 -   Confusion Matrix Stats:
2025-09-19 22:48:45 -     TP: 9, TN: 4
2025-09-19 22:48:45 -     FP: 1, FN: 1
2025-09-19 22:48:45 - Subject: sub-005
2025-09-19 22:48:45 -   Accuracy: 84.211%
2025-09-19 22:48:45 -   Precision: 0.667
2025-09-19 22:48:45 -   Recall: 0.800
2025-09-19 22:48:45 -   F1 Score: 0.727
2025-09-19 22:48:45 -   AUC: 0.814
2025-09-19 22:48:45 -   Correct/Total: 16/19
2025-09-19 22:48:45 -   Confusion Matrix Stats:
2025-09-19 22:48:45 -     TP: 4, TN: 12
2025-09-19 22:48:45 -     FP: 2, FN: 1
2025-09-19 22:48:45 - Subject: sub-006
2025-09-19 22:48:45 -   Accuracy: 47.368%
2025-09-19 22:48:45 -   Precision: 0.429
2025-09-19 22:48:45 -   Recall: 0.333
2025-09-19 22:48:45 -   F1 Score: 0.375
2025-09-19 22:48:45 -   AUC: 0.467
2025-09-19 22:48:45 -   Correct/Total: 9/19
2025-09-19 22:48:45 -   Confusion Matrix Stats:
2025-09-19 22:48:45 -     TP: 3, TN: 6
2025-09-19 22:48:45 -     FP: 4, FN: 6
2025-09-19 22:48:45 - Subject: sub-007
2025-09-19 22:48:45 -   Accuracy: 50.000%
2025-09-19 22:48:45 -   Precision: 0.667
2025-09-19 22:48:45 -   Recall: 0.364
2025-09-19 22:48:45 -   F1 Score: 0.471
2025-09-19 22:48:45 -   AUC: 0.727
2025-09-19 22:48:45 -   Correct/Total: 9/18
2025-09-19 22:48:45 -   Confusion Matrix Stats:
2025-09-19 22:48:45 -     TP: 4, TN: 5
2025-09-19 22:48:45 -     FP: 2, FN: 7
2025-09-19 22:48:45 - Subject: sub-008
2025-09-19 22:48:45 -   Accuracy: 77.778%
2025-09-19 22:48:45 -   Precision: 0.857
2025-09-19 22:48:45 -   Recall: 0.667
2025-09-19 22:48:45 -   F1 Score: 0.750
2025-09-19 22:48:45 -   AUC: 0.827
2025-09-19 22:48:45 -   Correct/Total: 14/18
2025-09-19 22:48:45 -   Confusion Matrix Stats:
2025-09-19 22:48:45 -     TP: 6, TN: 8
2025-09-19 22:48:45 -     FP: 1, FN: 3
2025-09-19 22:48:45 - Subject: sub-009
2025-09-19 22:48:45 -   Accuracy: 57.143%
2025-09-19 22:48:45 -   Precision: 0.579
2025-09-19 22:48:45 -   Recall: 0.733
2025-09-19 22:48:45 -   F1 Score: 0.647
2025-09-19 22:48:45 -   AUC: 0.687
2025-09-19 22:48:45 -   Correct/Total: 16/28
2025-09-19 22:48:45 -   Confusion Matrix Stats:
2025-09-19 22:48:45 -     TP: 11, TN: 5
2025-09-19 22:48:45 -     FP: 8, FN: 4
2025-09-19 22:48:45 - Subject: sub-010
2025-09-19 22:48:45 -   Accuracy: 54.545%
2025-09-19 22:48:45 -   Precision: 0.364
2025-09-19 22:48:45 -   Recall: 0.571
2025-09-19 22:48:45 -   F1 Score: 0.444
2025-09-19 22:48:45 -   AUC: 0.790
2025-09-19 22:48:45 -   Correct/Total: 12/22
2025-09-19 22:48:45 -   Confusion Matrix Stats:
2025-09-19 22:48:45 -     TP: 4, TN: 8
2025-09-19 22:48:45 -     FP: 7, FN: 3
2025-09-19 22:48:45 - Subject: sub-011
2025-09-19 22:48:45 -   Accuracy: 81.818%
2025-09-19 22:48:45 -   Precision: 0.800
2025-09-19 22:48:45 -   Recall: 0.800
2025-09-19 22:48:45 -   F1 Score: 0.800
2025-09-19 22:48:45 -   AUC: 0.767
2025-09-19 22:48:45 -   Correct/Total: 18/22
2025-09-19 22:48:45 -   Confusion Matrix Stats:
2025-09-19 22:48:45 -     TP: 8, TN: 10
2025-09-19 22:48:45 -     FP: 2, FN: 2
2025-09-19 22:48:45 - Subject: sub-012
2025-09-19 22:48:45 -   Accuracy: 78.571%
2025-09-19 22:48:45 -   Precision: 0.833
2025-09-19 22:48:45 -   Recall: 0.714
2025-09-19 22:48:45 -   F1 Score: 0.769
2025-09-19 22:48:45 -   AUC: 0.776
2025-09-19 22:48:45 -   Correct/Total: 11/14
2025-09-19 22:48:45 -   Confusion Matrix Stats:
2025-09-19 22:48:45 -     TP: 5, TN: 6
2025-09-19 22:48:45 -     FP: 1, FN: 2
2025-09-19 22:48:45 - Subject: sub-013
2025-09-19 22:48:45 -   Accuracy: 62.500%
2025-09-19 22:48:45 -   Precision: 0.700
2025-09-19 22:48:45 -   Recall: 0.538
2025-09-19 22:48:45 -   F1 Score: 0.609
2025-09-19 22:48:45 -   AUC: 0.720
2025-09-19 22:48:45 -   Correct/Total: 15/24
2025-09-19 22:48:45 -   Confusion Matrix Stats:
2025-09-19 22:48:45 -     TP: 7, TN: 8
2025-09-19 22:48:45 -     FP: 3, FN: 6
2025-09-19 22:48:45 - Subject: sub-014
2025-09-19 22:48:45 -   Accuracy: 43.750%
2025-09-19 22:48:45 -   Precision: 0.500
2025-09-19 22:48:45 -   Recall: 0.333
2025-09-19 22:48:45 -   F1 Score: 0.400
2025-09-19 22:48:45 -   AUC: 0.524
2025-09-19 22:48:45 -   Correct/Total: 7/16
2025-09-19 22:48:45 -   Confusion Matrix Stats:
2025-09-19 22:48:45 -     TP: 3, TN: 4
2025-09-19 22:48:45 -     FP: 3, FN: 6
2025-09-19 22:48:45 - Subject: sub-015
2025-09-19 22:48:45 -   Accuracy: 82.143%
2025-09-19 22:48:45 -   Precision: 0.929
2025-09-19 22:48:45 -   Recall: 0.765
2025-09-19 22:48:45 -   F1 Score: 0.839
2025-09-19 22:48:45 -   AUC: 0.856
2025-09-19 22:48:45 -   Correct/Total: 23/28
2025-09-19 22:48:45 -   Confusion Matrix Stats:
2025-09-19 22:48:45 -     TP: 13, TN: 10
2025-09-19 22:48:45 -     FP: 1, FN: 4
2025-09-19 22:48:45 - Subject: sub-016
2025-09-19 22:48:45 -   Accuracy: 76.190%
2025-09-19 22:48:45 -   Precision: 0.800
2025-09-19 22:48:45 -   Recall: 0.727
2025-09-19 22:48:45 -   F1 Score: 0.762
2025-09-19 22:48:45 -   AUC: 0.791
2025-09-19 22:48:45 -   Correct/Total: 16/21
2025-09-19 22:48:45 -   Confusion Matrix Stats:
2025-09-19 22:48:45 -     TP: 8, TN: 8
2025-09-19 22:48:45 -     FP: 2, FN: 3
2025-09-19 22:48:45 - Subject: sub-017
2025-09-19 22:48:45 -   Accuracy: 75.000%
2025-09-19 22:48:45 -   Precision: 0.750
2025-09-19 22:48:45 -   Recall: 0.750
2025-09-19 22:48:45 -   F1 Score: 0.750
2025-09-19 22:48:45 -   AUC: 0.781
2025-09-19 22:48:45 -   Correct/Total: 12/16
2025-09-19 22:48:45 -   Confusion Matrix Stats:
2025-09-19 22:48:45 -     TP: 6, TN: 6
2025-09-19 22:48:45 -     FP: 2, FN: 2
2025-09-19 22:48:45 - Subject: sub-018
2025-09-19 22:48:45 -   Accuracy: 87.500%
2025-09-19 22:48:45 -   Precision: 1.000
2025-09-19 22:48:45 -   Recall: 0.778
2025-09-19 22:48:45 -   F1 Score: 0.875
2025-09-19 22:48:45 -   AUC: 0.905
2025-09-19 22:48:45 -   Correct/Total: 14/16
2025-09-19 22:48:45 -   Confusion Matrix Stats:
2025-09-19 22:48:45 -     TP: 7, TN: 7
2025-09-19 22:48:45 -     FP: 0, FN: 2
2025-09-19 22:48:45 - Subject: sub-019
2025-09-19 22:48:45 -   Accuracy: 60.000%
2025-09-19 22:48:45 -   Precision: 0.556
2025-09-19 22:48:45 -   Recall: 0.556
2025-09-19 22:48:45 -   F1 Score: 0.556
2025-09-19 22:48:45 -   AUC: 0.596
2025-09-19 22:48:45 -   Correct/Total: 12/20
2025-09-19 22:48:45 -   Confusion Matrix Stats:
2025-09-19 22:48:45 -     TP: 5, TN: 7
2025-09-19 22:48:45 -     FP: 4, FN: 4
2025-09-19 22:48:45 - Subject: sub-020
2025-09-19 22:48:45 -   Accuracy: 72.727%
2025-09-19 22:48:45 -   Precision: 1.000
2025-09-19 22:48:45 -   Recall: 0.538
2025-09-19 22:48:45 -   F1 Score: 0.700
2025-09-19 22:48:45 -   AUC: 0.821
2025-09-19 22:48:45 -   Correct/Total: 16/22
2025-09-19 22:48:45 -   Confusion Matrix Stats:
2025-09-19 22:48:45 -     TP: 7, TN: 9
2025-09-19 22:48:45 -     FP: 0, FN: 6
2025-09-19 22:48:45 - Subject: sub-021
2025-09-19 22:48:45 -   Accuracy: 84.211%
2025-09-19 22:48:45 -   Precision: 0.778
2025-09-19 22:48:45 -   Recall: 0.875
2025-09-19 22:48:45 -   F1 Score: 0.824
2025-09-19 22:48:45 -   AUC: 0.784
2025-09-19 22:48:45 -   Correct/Total: 16/19
2025-09-19 22:48:45 -   Confusion Matrix Stats:
2025-09-19 22:48:45 -     TP: 7, TN: 9
2025-09-19 22:48:45 -     FP: 2, FN: 1
2025-09-19 22:48:45 - Subject: sub-022
2025-09-19 22:48:45 -   Accuracy: 82.609%
2025-09-19 22:48:45 -   Precision: 0.933
2025-09-19 22:48:45 -   Recall: 0.824
2025-09-19 22:48:45 -   F1 Score: 0.875
2025-09-19 22:48:45 -   AUC: 0.784
2025-09-19 22:48:45 -   Correct/Total: 19/23
2025-09-19 22:48:45 -   Confusion Matrix Stats:
2025-09-19 22:48:45 -     TP: 14, TN: 5
2025-09-19 22:48:45 -     FP: 1, FN: 3
2025-09-19 22:48:45 - Subject: sub-023
2025-09-19 22:48:45 -   Accuracy: 76.190%
2025-09-19 22:48:45 -   Precision: 1.000
2025-09-19 22:48:45 -   Recall: 0.444
2025-09-19 22:48:45 -   F1 Score: 0.615
2025-09-19 22:48:45 -   AUC: 0.731
2025-09-19 22:48:45 -   Correct/Total: 16/21
2025-09-19 22:48:45 -   Confusion Matrix Stats:
2025-09-19 22:48:45 -     TP: 4, TN: 12
2025-09-19 22:48:45 -     FP: 0, FN: 5
2025-09-19 22:48:45 - Subject: sub-024
2025-09-19 22:48:45 -   Accuracy: 60.000%
2025-09-19 22:48:45 -   Precision: 0.500
2025-09-19 22:48:45 -   Recall: 0.625
2025-09-19 22:48:45 -   F1 Score: 0.556
2025-09-19 22:48:45 -   AUC: 0.719
2025-09-19 22:48:45 -   Correct/Total: 12/20
2025-09-19 22:48:45 -   Confusion Matrix Stats:
2025-09-19 22:48:45 -     TP: 5, TN: 7
2025-09-19 22:48:45 -     FP: 5, FN: 3
2025-09-19 22:48:45 - Subject: sub-025
2025-09-19 22:48:45 -   Accuracy: 81.250%
2025-09-19 22:48:45 -   Precision: 0.700
2025-09-19 22:48:45 -   Recall: 1.000
2025-09-19 22:48:45 -   F1 Score: 0.824
2025-09-19 22:48:45 -   AUC: 0.746
2025-09-19 22:48:45 -   Correct/Total: 13/16
2025-09-19 22:48:45 -   Confusion Matrix Stats:
2025-09-19 22:48:45 -     TP: 7, TN: 6
2025-09-19 22:48:45 -     FP: 3, FN: 0
2025-09-19 22:48:45 - Subject: sub-026
2025-09-19 22:48:45 -   Accuracy: 63.158%
2025-09-19 22:48:45 -   Precision: 0.500
2025-09-19 22:48:45 -   Recall: 0.714
2025-09-19 22:48:45 -   F1 Score: 0.588
2025-09-19 22:48:45 -   AUC: 0.750
2025-09-19 22:48:45 -   Correct/Total: 12/19
2025-09-19 22:48:45 -   Confusion Matrix Stats:
2025-09-19 22:48:45 -     TP: 5, TN: 7
2025-09-19 22:48:45 -     FP: 5, FN: 2
2025-09-19 22:48:45 - Subject: sub-027
2025-09-19 22:48:45 -   Accuracy: 57.143%
2025-09-19 22:48:45 -   Precision: 0.625
2025-09-19 22:48:45 -   Recall: 0.455
2025-09-19 22:48:45 -   F1 Score: 0.526
2025-09-19 22:48:45 -   AUC: 0.545
2025-09-19 22:48:45 -   Correct/Total: 12/21
2025-09-19 22:48:45 -   Confusion Matrix Stats:
2025-09-19 22:48:45 -     TP: 5, TN: 7
2025-09-19 22:48:45 -     FP: 3, FN: 6
2025-09-19 22:48:45 - Subject: sub-028
2025-09-19 22:48:45 -   Accuracy: 52.174%
2025-09-19 22:48:45 -   Precision: 0.444
2025-09-19 22:48:45 -   Recall: 0.400
2025-09-19 22:48:45 -   F1 Score: 0.421
2025-09-19 22:48:45 -   AUC: 0.592
2025-09-19 22:48:45 -   Correct/Total: 12/23
2025-09-19 22:48:45 -   Confusion Matrix Stats:
2025-09-19 22:48:45 -     TP: 4, TN: 8
2025-09-19 22:48:45 -     FP: 5, FN: 6
2025-09-19 22:48:45 - Subject: sub-029
2025-09-19 22:48:45 -   Accuracy: 73.333%
2025-09-19 22:48:45 -   Precision: 0.750
2025-09-19 22:48:45 -   Recall: 0.750
2025-09-19 22:48:45 -   F1 Score: 0.750
2025-09-19 22:48:45 -   AUC: 0.857
2025-09-19 22:48:45 -   Correct/Total: 11/15
2025-09-19 22:48:45 -   Confusion Matrix Stats:
2025-09-19 22:48:45 -     TP: 6, TN: 5
2025-09-19 22:48:45 -     FP: 2, FN: 2
2025-09-19 22:48:45 - Subject: sub-030
2025-09-19 22:48:45 -   Accuracy: 73.333%
2025-09-19 22:48:45 -   Precision: 0.714
2025-09-19 22:48:45 -   Recall: 0.714
2025-09-19 22:48:45 -   F1 Score: 0.714
2025-09-19 22:48:45 -   AUC: 0.857
2025-09-19 22:48:45 -   Correct/Total: 11/15
2025-09-19 22:48:45 -   Confusion Matrix Stats:
2025-09-19 22:48:45 -     TP: 5, TN: 6
2025-09-19 22:48:45 -     FP: 2, FN: 2
2025-09-19 22:48:45 - Subject: sub-031
2025-09-19 22:48:45 -   Accuracy: 46.667%
2025-09-19 22:48:45 -   Precision: 0.273
2025-09-19 22:48:45 -   Recall: 1.000
2025-09-19 22:48:45 -   F1 Score: 0.429
2025-09-19 22:48:45 -   AUC: 0.917
2025-09-19 22:48:45 -   Correct/Total: 7/15
2025-09-19 22:48:45 -   Confusion Matrix Stats:
2025-09-19 22:48:45 -     TP: 3, TN: 4
2025-09-19 22:48:45 -     FP: 8, FN: 0
2025-09-19 22:48:45 - Subject: sub-032
2025-09-19 22:48:45 -   Accuracy: 65.217%
2025-09-19 22:48:45 -   Precision: 0.562
2025-09-19 22:48:45 -   Recall: 0.900
2025-09-19 22:48:45 -   F1 Score: 0.692
2025-09-19 22:48:45 -   AUC: 0.762
2025-09-19 22:48:45 -   Correct/Total: 15/23
2025-09-19 22:48:45 -   Confusion Matrix Stats:
2025-09-19 22:48:45 -     TP: 9, TN: 6
2025-09-19 22:48:45 -     FP: 7, FN: 1
2025-09-19 22:48:45 - Subject: sub-033
2025-09-19 22:48:45 -   Accuracy: 65.000%
2025-09-19 22:48:45 -   Precision: 0.833
2025-09-19 22:48:45 -   Recall: 0.455
2025-09-19 22:48:45 -   F1 Score: 0.588
2025-09-19 22:48:45 -   AUC: 0.657
2025-09-19 22:48:45 -   Correct/Total: 13/20
2025-09-19 22:48:45 -   Confusion Matrix Stats:
2025-09-19 22:48:45 -     TP: 5, TN: 8
2025-09-19 22:48:45 -     FP: 1, FN: 6
2025-09-19 22:48:45 - Subject: sub-034
2025-09-19 22:48:45 -   Accuracy: 68.421%
2025-09-19 22:48:45 -   Precision: 0.600
2025-09-19 22:48:45 -   Recall: 0.750
2025-09-19 22:48:45 -   F1 Score: 0.667
2025-09-19 22:48:45 -   AUC: 0.818
2025-09-19 22:48:45 -   Correct/Total: 13/19
2025-09-19 22:48:45 -   Confusion Matrix Stats:
2025-09-19 22:48:45 -     TP: 6, TN: 7
2025-09-19 22:48:45 -     FP: 4, FN: 2
2025-09-19 22:48:45 - Subject: sub-035
2025-09-19 22:48:45 -   Accuracy: 54.545%
2025-09-19 22:48:45 -   Precision: 0.571
2025-09-19 22:48:45 -   Recall: 0.667
2025-09-19 22:48:45 -   F1 Score: 0.615
2025-09-19 22:48:45 -   AUC: 0.583
2025-09-19 22:48:45 -   Correct/Total: 12/22
2025-09-19 22:48:45 -   Confusion Matrix Stats:
2025-09-19 22:48:45 -     TP: 8, TN: 4
2025-09-19 22:48:45 -     FP: 6, FN: 4
2025-09-19 22:48:45 - Subject: sub-036
2025-09-19 22:48:45 -   Accuracy: 61.111%
2025-09-19 22:48:45 -   Precision: 0.571
2025-09-19 22:48:45 -   Recall: 0.500
2025-09-19 22:48:45 -   F1 Score: 0.533
2025-09-19 22:48:45 -   AUC: 0.637
2025-09-19 22:48:45 -   Correct/Total: 11/18
2025-09-19 22:48:45 -   Confusion Matrix Stats:
2025-09-19 22:48:45 -     TP: 4, TN: 7
2025-09-19 22:48:45 -     FP: 3, FN: 4
2025-09-19 22:48:45 - Subject: sub-037
2025-09-19 22:48:45 -   Accuracy: 83.333%
2025-09-19 22:48:45 -   Precision: 0.778
2025-09-19 22:48:45 -   Recall: 0.875
2025-09-19 22:48:45 -   F1 Score: 0.824
2025-09-19 22:48:45 -   AUC: 0.938
2025-09-19 22:48:45 -   Correct/Total: 15/18
2025-09-19 22:48:45 -   Confusion Matrix Stats:
2025-09-19 22:48:45 -     TP: 7, TN: 8
2025-09-19 22:48:45 -     FP: 2, FN: 1
2025-09-19 22:48:45 - Subject: sub-038
2025-09-19 22:48:45 -   Accuracy: 78.947%
2025-09-19 22:48:45 -   Precision: 0.800
2025-09-19 22:48:45 -   Recall: 0.800
2025-09-19 22:48:45 -   F1 Score: 0.800
2025-09-19 22:48:45 -   AUC: 0.900
2025-09-19 22:48:45 -   Correct/Total: 15/19
2025-09-19 22:48:45 -   Confusion Matrix Stats:
2025-09-19 22:48:45 -     TP: 8, TN: 7
2025-09-19 22:48:45 -     FP: 2, FN: 2
2025-09-19 22:48:45 - Subject: sub-039
2025-09-19 22:48:45 -   Accuracy: 66.667%
2025-09-19 22:48:45 -   Precision: 0.833
2025-09-19 22:48:45 -   Recall: 0.417
2025-09-19 22:48:45 -   F1 Score: 0.556
2025-09-19 22:48:45 -   AUC: 0.785
2025-09-19 22:48:45 -   Correct/Total: 16/24
2025-09-19 22:48:45 -   Confusion Matrix Stats:
2025-09-19 22:48:45 -     TP: 5, TN: 11
2025-09-19 22:48:45 -     FP: 1, FN: 7
2025-09-19 22:48:45 - Subject: sub-040
2025-09-19 22:48:45 -   Accuracy: 63.636%
2025-09-19 22:48:45 -   Precision: 0.636
2025-09-19 22:48:45 -   Recall: 0.636
2025-09-19 22:48:45 -   F1 Score: 0.636
2025-09-19 22:48:45 -   AUC: 0.595
2025-09-19 22:48:45 -   Correct/Total: 14/22
2025-09-19 22:48:45 -   Confusion Matrix Stats:
2025-09-19 22:48:45 -     TP: 7, TN: 7
2025-09-19 22:48:45 -     FP: 4, FN: 4
2025-09-19 22:48:45 - 
P3 Pooled Model Statistics:
2025-09-19 22:48:45 - 95% Confidence Interval: [0.651, 0.733]
2025-09-19 22:48:45 - Best Subject: sub-002 (0.895)
2025-09-19 22:48:45 - Worst Subject: sub-014 (0.438)
2025-09-19 22:48:45 - Mean Accuracy: 0.689
2025-09-19 22:48:45 - Mean Precision: 0.692
2025-09-19 22:48:45 - Mean Recall: 0.661
2025-09-19 22:48:45 - Mean F1-Score: 0.676
2025-09-19 22:48:45 - Mean AUC: 0.758
2025-09-19 22:48:45 - Mean Confusion Matrix:
2025-09-19 22:48:45 -   TP: 6, TN: 7
2025-09-19 22:48:45 -   FP: 3, FN: 3
