2025-09-12 10:14:50 - 
Experiment Configuration:
2025-09-12 10:14:50 - --------------------------------------------------
2025-09-12 10:14:50 - dataset: P3 Raw Data BIDS-Compatible
2025-09-12 10:14:50 - use_combined_datasets: False
2025-09-12 10:14:50 - electrode_list: all
2025-09-12 10:14:50 - classifier: ShallowFBCSPNet
2025-09-12 10:14:50 - separate_subject_classification: False
2025-09-12 10:14:50 - use_subject_layer: False
2025-09-12 10:14:50 - seeds: [42, 123, 456, 789, 321]
2025-09-12 10:14:50 - --------------------------------------------------
2025-09-12 10:14:50 - 
==================================================
2025-09-12 10:14:50 - Processing P3 Dataset
2025-09-12 10:14:50 - ==================================================
2025-09-12 10:15:43 - 
==================================================
2025-09-12 10:15:43 - Individual Subject Results - P3
2025-09-12 10:15:43 - ==================================================
2025-09-12 10:15:43 - Subject: sub-001
2025-09-12 10:15:43 -   Accuracy: 0.000%
2025-09-12 10:15:43 -   Precision: 0.590
2025-09-12 10:15:43 -   Recall: 0.800
2025-09-12 10:15:43 -   F1 Score: 0.676
2025-09-12 10:15:43 -   AUC: 0.789
2025-09-12 10:15:43 -   Correct/Total: 13/18
2025-09-12 10:15:43 -   Confusion Matrix Stats:
2025-09-12 10:15:43 -     TP: 5, TN: 9
2025-09-12 10:15:43 -     FP: 3, FN: 1
2025-09-12 10:15:43 - Subject: sub-002
2025-09-12 10:15:43 -   Accuracy: 0.000%
2025-09-12 10:15:43 -   Precision: 0.793
2025-09-12 10:15:43 -   Recall: 0.920
2025-09-12 10:15:43 -   F1 Score: 0.845
2025-09-12 10:15:43 -   AUC: 0.944
2025-09-12 10:15:43 -   Correct/Total: 8/10
2025-09-12 10:15:43 -   Confusion Matrix Stats:
2025-09-12 10:15:43 -     TP: 5, TN: 4
2025-09-12 10:15:43 -     FP: 1, FN: 0
2025-09-12 10:15:43 - Subject: sub-003
2025-09-12 10:15:43 -   Accuracy: 0.000%
2025-09-12 10:15:43 -   Precision: 1.000
2025-09-12 10:15:43 -   Recall: 0.600
2025-09-12 10:15:43 -   F1 Score: 0.742
2025-09-12 10:15:43 -   AUC: 0.863
2025-09-12 10:15:43 -   Correct/Total: 13/17
2025-09-12 10:15:43 -   Confusion Matrix Stats:
2025-09-12 10:15:43 -     TP: 6, TN: 7
2025-09-12 10:15:43 -     FP: 0, FN: 4
2025-09-12 10:15:43 - Subject: sub-004
2025-09-12 10:15:43 -   Accuracy: 0.000%
2025-09-12 10:15:43 -   Precision: 0.806
2025-09-12 10:15:43 -   Recall: 0.822
2025-09-12 10:15:43 -   F1 Score: 0.799
2025-09-12 10:15:43 -   AUC: 0.946
2025-09-12 10:15:43 -   Correct/Total: 14/18
2025-09-12 10:15:43 -   Confusion Matrix Stats:
2025-09-12 10:15:43 -     TP: 7, TN: 7
2025-09-12 10:15:43 -     FP: 2, FN: 2
2025-09-12 10:15:43 - Subject: sub-005
2025-09-12 10:15:43 -   Accuracy: 0.000%
2025-09-12 10:15:43 -   Precision: 0.543
2025-09-12 10:15:43 -   Recall: 0.950
2025-09-12 10:15:43 -   F1 Score: 0.690
2025-09-12 10:15:43 -   AUC: 0.889
2025-09-12 10:15:43 -   Correct/Total: 10/13
2025-09-12 10:15:43 -   Confusion Matrix Stats:
2025-09-12 10:15:43 -     TP: 4, TN: 6
2025-09-12 10:15:43 -     FP: 3, FN: 0
2025-09-12 10:15:43 - Subject: sub-006
2025-09-12 10:15:43 -   Accuracy: 0.000%
2025-09-12 10:15:43 -   Precision: 0.080
2025-09-12 10:15:43 -   Recall: 0.133
2025-09-12 10:15:43 -   F1 Score: 0.100
2025-09-12 10:15:43 -   AUC: 0.173
2025-09-12 10:15:43 -   Correct/Total: 2/8
2025-09-12 10:15:43 -   Confusion Matrix Stats:
2025-09-12 10:15:43 -     TP: 0, TN: 2
2025-09-12 10:15:43 -     FP: 3, FN: 3
2025-09-12 10:15:43 - Subject: sub-007
2025-09-12 10:15:43 -   Accuracy: 0.000%
2025-09-12 10:15:43 -   Precision: 0.553
2025-09-12 10:15:43 -   Recall: 0.400
2025-09-12 10:15:43 -   F1 Score: 0.417
2025-09-12 10:15:43 -   AUC: 0.636
2025-09-12 10:15:43 -   Correct/Total: 7/11
2025-09-12 10:15:43 -   Confusion Matrix Stats:
2025-09-12 10:15:43 -     TP: 2, TN: 5
2025-09-12 10:15:43 -     FP: 2, FN: 2
2025-09-12 10:15:43 - Subject: sub-008
2025-09-12 10:15:43 -   Accuracy: 0.000%
2025-09-12 10:15:43 -   Precision: 0.962
2025-09-12 10:15:43 -   Recall: 0.422
2025-09-12 10:15:43 -   F1 Score: 0.569
2025-09-12 10:15:43 -   AUC: 0.719
2025-09-12 10:15:43 -   Correct/Total: 10/21
2025-09-12 10:15:43 -   Confusion Matrix Stats:
2025-09-12 10:15:43 -     TP: 8, TN: 3
2025-09-12 10:15:43 -     FP: 0, FN: 10
2025-09-12 10:15:43 - Subject: sub-009
2025-09-12 10:15:43 -   Accuracy: 0.000%
2025-09-12 10:15:43 -   Precision: 0.764
2025-09-12 10:15:43 -   Recall: 0.689
2025-09-12 10:15:43 -   F1 Score: 0.703
2025-09-12 10:15:43 -   AUC: 0.667
2025-09-12 10:15:43 -   Correct/Total: 9/14
2025-09-12 10:15:43 -   Confusion Matrix Stats:
2025-09-12 10:15:43 -     TP: 6, TN: 3
2025-09-12 10:15:43 -     FP: 2, FN: 3
2025-09-12 10:15:43 - Subject: sub-010
2025-09-12 10:15:43 -   Accuracy: 0.000%
2025-09-12 10:15:43 -   Precision: 0.433
2025-09-12 10:15:43 -   Recall: 0.240
2025-09-12 10:15:43 -   F1 Score: 0.303
2025-09-12 10:15:43 -   AUC: 0.440
2025-09-12 10:15:43 -   Correct/Total: 5/10
2025-09-12 10:15:43 -   Confusion Matrix Stats:
2025-09-12 10:15:43 -     TP: 1, TN: 3
2025-09-12 10:15:43 -     FP: 2, FN: 4
2025-09-12 10:15:43 - Subject: sub-011
2025-09-12 10:15:43 -   Accuracy: 0.000%
2025-09-12 10:15:43 -   Precision: 0.786
2025-09-12 10:15:43 -   Recall: 0.800
2025-09-12 10:15:43 -   F1 Score: 0.790
2025-09-12 10:15:43 -   AUC: 0.758
2025-09-12 10:15:43 -   Correct/Total: 7/10
2025-09-12 10:15:43 -   Confusion Matrix Stats:
2025-09-12 10:15:43 -     TP: 5, TN: 3
2025-09-12 10:15:43 -     FP: 1, FN: 1
2025-09-12 10:15:43 - Subject: sub-012
2025-09-12 10:15:43 -   Accuracy: 0.000%
2025-09-12 10:15:43 -   Precision: 0.818
2025-09-12 10:15:43 -   Recall: 0.709
2025-09-12 10:15:43 -   F1 Score: 0.756
2025-09-12 10:15:43 -   AUC: 0.857
2025-09-12 10:15:43 -   Correct/Total: 15/20
2025-09-12 10:15:43 -   Confusion Matrix Stats:
2025-09-12 10:15:43 -     TP: 8, TN: 7
2025-09-12 10:15:43 -     FP: 2, FN: 3
2025-09-12 10:15:43 - Subject: sub-013
2025-09-12 10:15:43 -   Accuracy: 0.000%
2025-09-12 10:15:43 -   Precision: 0.668
2025-09-12 10:15:43 -   Recall: 0.578
2025-09-12 10:15:43 -   F1 Score: 0.616
2025-09-12 10:15:43 -   AUC: 0.729
2025-09-12 10:15:43 -   Correct/Total: 14/20
2025-09-12 10:15:43 -   Confusion Matrix Stats:
2025-09-12 10:15:43 -     TP: 5, TN: 8
2025-09-12 10:15:43 -     FP: 3, FN: 4
2025-09-12 10:15:43 - Subject: sub-014
2025-09-12 10:15:43 -   Accuracy: 0.000%
2025-09-12 10:15:43 -   Precision: 0.810
2025-09-12 10:15:43 -   Recall: 0.457
2025-09-12 10:15:43 -   F1 Score: 0.581
2025-09-12 10:15:43 -   AUC: 0.562
2025-09-12 10:15:43 -   Correct/Total: 5/10
2025-09-12 10:15:43 -   Confusion Matrix Stats:
2025-09-12 10:15:43 -     TP: 3, TN: 2
2025-09-12 10:15:43 -     FP: 1, FN: 4
2025-09-12 10:15:43 - Subject: sub-015
2025-09-12 10:15:43 -   Accuracy: 0.000%
2025-09-12 10:15:43 -   Precision: 0.748
2025-09-12 10:15:43 -   Recall: 0.667
2025-09-12 10:15:43 -   F1 Score: 0.698
2025-09-12 10:15:43 -   AUC: 0.747
2025-09-12 10:15:43 -   Correct/Total: 12/17
2025-09-12 10:15:43 -   Confusion Matrix Stats:
2025-09-12 10:15:43 -     TP: 6, TN: 6
2025-09-12 10:15:43 -     FP: 2, FN: 3
2025-09-12 10:15:43 - Subject: sub-016
2025-09-12 10:15:43 -   Accuracy: 0.000%
2025-09-12 10:15:43 -   Precision: 0.772
2025-09-12 10:15:43 -   Recall: 0.714
2025-09-12 10:15:43 -   F1 Score: 0.740
2025-09-12 10:15:43 -   AUC: 0.824
2025-09-12 10:15:43 -   Correct/Total: 10/13
2025-09-12 10:15:43 -   Confusion Matrix Stats:
2025-09-12 10:15:43 -     TP: 5, TN: 5
2025-09-12 10:15:43 -     FP: 1, FN: 2
2025-09-12 10:15:43 - Subject: sub-017
2025-09-12 10:15:43 -   Accuracy: 0.000%
2025-09-12 10:15:43 -   Precision: 0.548
2025-09-12 10:15:43 -   Recall: 0.850
2025-09-12 10:15:43 -   F1 Score: 0.663
2025-09-12 10:15:43 -   AUC: 0.603
2025-09-12 10:15:43 -   Correct/Total: 10/17
2025-09-12 10:15:43 -   Confusion Matrix Stats:
2025-09-12 10:15:43 -     TP: 7, TN: 3
2025-09-12 10:15:43 -     FP: 6, FN: 1
2025-09-12 10:15:43 - Subject: sub-018
2025-09-12 10:15:43 -   Accuracy: 0.000%
2025-09-12 10:15:43 -   Precision: 0.784
2025-09-12 10:15:43 -   Recall: 0.760
2025-09-12 10:15:43 -   F1 Score: 0.765
2025-09-12 10:15:43 -   AUC: 0.840
2025-09-12 10:15:43 -   Correct/Total: 13/18
2025-09-12 10:15:43 -   Confusion Matrix Stats:
2025-09-12 10:15:43 -     TP: 8, TN: 6
2025-09-12 10:15:43 -     FP: 2, FN: 2
2025-09-12 10:15:43 - Subject: sub-019
2025-09-12 10:15:43 -   Accuracy: 0.000%
2025-09-12 10:15:43 -   Precision: 0.726
2025-09-12 10:15:43 -   Recall: 0.560
2025-09-12 10:15:43 -   F1 Score: 0.624
2025-09-12 10:15:43 -   AUC: 0.690
2025-09-12 10:15:43 -   Correct/Total: 12/18
2025-09-12 10:15:43 -   Confusion Matrix Stats:
2025-09-12 10:15:43 -     TP: 6, TN: 6
2025-09-12 10:15:43 -     FP: 2, FN: 4
2025-09-12 10:15:43 - Subject: sub-020
2025-09-12 10:15:43 -   Accuracy: 0.000%
2025-09-12 10:15:43 -   Precision: 0.656
2025-09-12 10:15:43 -   Recall: 0.600
2025-09-12 10:15:43 -   F1 Score: 0.612
2025-09-12 10:15:43 -   AUC: 0.729
2025-09-12 10:15:43 -   Correct/Total: 10/14
2025-09-12 10:15:43 -   Confusion Matrix Stats:
2025-09-12 10:15:43 -     TP: 3, TN: 7
2025-09-12 10:15:43 -     FP: 2, FN: 2
2025-09-12 10:15:43 - Subject: sub-021
2025-09-12 10:15:43 -   Accuracy: 0.000%
2025-09-12 10:15:43 -   Precision: 0.447
2025-09-12 10:15:43 -   Recall: 0.743
2025-09-12 10:15:43 -   F1 Score: 0.553
2025-09-12 10:15:43 -   AUC: 0.668
2025-09-12 10:15:43 -   Correct/Total: 10/18
2025-09-12 10:15:43 -   Confusion Matrix Stats:
2025-09-12 10:15:43 -     TP: 5, TN: 5
2025-09-12 10:15:43 -     FP: 6, FN: 2
2025-09-12 10:15:43 - Subject: sub-022
2025-09-12 10:15:43 -   Accuracy: 0.000%
2025-09-12 10:15:43 -   Precision: 0.862
2025-09-12 10:15:43 -   Recall: 0.800
2025-09-12 10:15:43 -   F1 Score: 0.826
2025-09-12 10:15:43 -   AUC: 0.939
2025-09-12 10:15:43 -   Correct/Total: 12/15
2025-09-12 10:15:43 -   Confusion Matrix Stats:
2025-09-12 10:15:43 -     TP: 6, TN: 6
2025-09-12 10:15:43 -     FP: 1, FN: 2
2025-09-12 10:15:43 - Subject: sub-023
2025-09-12 10:15:43 -   Accuracy: 0.000%
2025-09-12 10:15:43 -   Precision: 0.729
2025-09-12 10:15:43 -   Recall: 0.743
2025-09-12 10:15:43 -   F1 Score: 0.729
2025-09-12 10:15:43 -   AUC: 0.831
2025-09-12 10:15:43 -   Correct/Total: 13/17
2025-09-12 10:15:43 -   Confusion Matrix Stats:
2025-09-12 10:15:43 -     TP: 5, TN: 8
2025-09-12 10:15:43 -     FP: 2, FN: 2
2025-09-12 10:15:43 - Subject: sub-024
2025-09-12 10:15:43 -   Accuracy: 0.000%
2025-09-12 10:15:43 -   Precision: 0.544
2025-09-12 10:15:43 -   Recall: 0.960
2025-09-12 10:15:43 -   F1 Score: 0.695
2025-09-12 10:15:43 -   AUC: 0.875
2025-09-12 10:15:43 -   Correct/Total: 9/13
2025-09-12 10:15:43 -   Confusion Matrix Stats:
2025-09-12 10:15:43 -     TP: 5, TN: 4
2025-09-12 10:15:43 -     FP: 4, FN: 0
2025-09-12 10:15:43 - Subject: sub-025
2025-09-12 10:15:43 -   Accuracy: 0.000%
2025-09-12 10:15:43 -   Precision: 0.955
2025-09-12 10:15:43 -   Recall: 0.533
2025-09-12 10:15:43 -   F1 Score: 0.670
2025-09-12 10:15:43 -   AUC: 0.923
2025-09-12 10:15:43 -   Correct/Total: 16/22
2025-09-12 10:15:43 -   Confusion Matrix Stats:
2025-09-12 10:15:43 -     TP: 6, TN: 10
2025-09-12 10:15:43 -     FP: 0, FN: 6
2025-09-12 10:15:43 - Subject: sub-026
2025-09-12 10:15:43 -   Accuracy: 0.000%
2025-09-12 10:15:43 -   Precision: 0.694
2025-09-12 10:15:43 -   Recall: 0.800
2025-09-12 10:15:43 -   F1 Score: 0.738
2025-09-12 10:15:43 -   AUC: 0.853
2025-09-12 10:15:43 -   Correct/Total: 14/19
2025-09-12 10:15:43 -   Confusion Matrix Stats:
2025-09-12 10:15:43 -     TP: 7, TN: 7
2025-09-12 10:15:43 -     FP: 3, FN: 2
2025-09-12 10:15:43 - Subject: sub-027
2025-09-12 10:15:43 -   Accuracy: 0.000%
2025-09-12 10:15:43 -   Precision: 0.147
2025-09-12 10:15:43 -   Recall: 0.200
2025-09-12 10:15:43 -   F1 Score: 0.167
2025-09-12 10:15:43 -   AUC: 0.442
2025-09-12 10:15:43 -   Correct/Total: 6/11
2025-09-12 10:15:43 -   Confusion Matrix Stats:
2025-09-12 10:15:43 -     TP: 1, TN: 5
2025-09-12 10:15:43 -     FP: 3, FN: 2
2025-09-12 10:15:43 - Subject: sub-028
2025-09-12 10:15:43 -   Accuracy: 0.000%
2025-09-12 10:15:43 -   Precision: 0.649
2025-09-12 10:15:43 -   Recall: 0.629
2025-09-12 10:15:43 -   F1 Score: 0.637
2025-09-12 10:15:43 -   AUC: 0.730
2025-09-12 10:15:43 -   Correct/Total: 11/16
2025-09-12 10:15:43 -   Confusion Matrix Stats:
2025-09-12 10:15:43 -     TP: 4, TN: 7
2025-09-12 10:15:43 -     FP: 2, FN: 3
2025-09-12 10:15:43 - Subject: sub-029
2025-09-12 10:15:43 -   Accuracy: 0.000%
2025-09-12 10:15:43 -   Precision: 0.526
2025-09-12 10:15:43 -   Recall: 0.840
2025-09-12 10:15:43 -   F1 Score: 0.644
2025-09-12 10:15:43 -   AUC: 0.749
2025-09-12 10:15:43 -   Correct/Total: 15/24
2025-09-12 10:15:43 -   Confusion Matrix Stats:
2025-09-12 10:15:43 -     TP: 8, TN: 6
2025-09-12 10:15:43 -     FP: 8, FN: 2
2025-09-12 10:15:43 - Subject: sub-030
2025-09-12 10:15:43 -   Accuracy: 0.000%
2025-09-12 10:15:43 -   Precision: 0.732
2025-09-12 10:15:43 -   Recall: 0.867
2025-09-12 10:15:43 -   F1 Score: 0.791
2025-09-12 10:15:43 -   AUC: 0.833
2025-09-12 10:15:43 -   Correct/Total: 13/17
2025-09-12 10:15:43 -   Confusion Matrix Stats:
2025-09-12 10:15:43 -     TP: 8, TN: 5
2025-09-12 10:15:43 -     FP: 3, FN: 1
2025-09-12 10:15:43 - Subject: sub-031
2025-09-12 10:15:43 -   Accuracy: 0.000%
2025-09-12 10:15:43 -   Precision: 0.492
2025-09-12 10:15:43 -   Recall: 0.343
2025-09-12 10:15:43 -   F1 Score: 0.396
2025-09-12 10:15:43 -   AUC: 0.534
2025-09-12 10:15:43 -   Correct/Total: 10/17
2025-09-12 10:15:43 -   Confusion Matrix Stats:
2025-09-12 10:15:43 -     TP: 2, TN: 7
2025-09-12 10:15:43 -     FP: 3, FN: 5
2025-09-12 10:15:43 - Subject: sub-032
2025-09-12 10:15:43 -   Accuracy: 0.000%
2025-09-12 10:15:43 -   Precision: 0.780
2025-09-12 10:15:43 -   Recall: 0.709
2025-09-12 10:15:43 -   F1 Score: 0.733
2025-09-12 10:15:43 -   AUC: 0.803
2025-09-12 10:15:43 -   Correct/Total: 11/17
2025-09-12 10:15:43 -   Confusion Matrix Stats:
2025-09-12 10:15:43 -     TP: 8, TN: 4
2025-09-12 10:15:43 -     FP: 2, FN: 3
2025-09-12 10:15:43 - Subject: sub-033
2025-09-12 10:15:43 -   Accuracy: 0.000%
2025-09-12 10:15:43 -   Precision: 0.670
2025-09-12 10:15:43 -   Recall: 0.467
2025-09-12 10:15:43 -   F1 Score: 0.549
2025-09-12 10:15:43 -   AUC: 0.633
2025-09-12 10:15:43 -   Correct/Total: 7/12
2025-09-12 10:15:43 -   Confusion Matrix Stats:
2025-09-12 10:15:43 -     TP: 3, TN: 5
2025-09-12 10:15:43 -     FP: 1, FN: 3
2025-09-12 10:15:43 - Subject: sub-034
2025-09-12 10:15:43 -   Accuracy: 0.000%
2025-09-12 10:15:43 -   Precision: 0.665
2025-09-12 10:15:43 -   Recall: 0.800
2025-09-12 10:15:43 -   F1 Score: 0.723
2025-09-12 10:15:43 -   AUC: 0.800
2025-09-12 10:15:43 -   Correct/Total: 12/17
2025-09-12 10:15:43 -   Confusion Matrix Stats:
2025-09-12 10:15:43 -     TP: 6, TN: 6
2025-09-12 10:15:43 -     FP: 3, FN: 2
2025-09-12 10:15:43 - Subject: sub-035
2025-09-12 10:15:43 -   Accuracy: 0.000%
2025-09-12 10:15:43 -   Precision: 0.603
2025-09-12 10:15:43 -   Recall: 0.460
2025-09-12 10:15:43 -   F1 Score: 0.517
2025-09-12 10:15:43 -   AUC: 0.450
2025-09-12 10:15:43 -   Correct/Total: 8/16
2025-09-12 10:15:43 -   Confusion Matrix Stats:
2025-09-12 10:15:43 -     TP: 5, TN: 3
2025-09-12 10:15:43 -     FP: 3, FN: 5
2025-09-12 10:15:43 - Subject: sub-036
2025-09-12 10:15:43 -   Accuracy: 0.000%
2025-09-12 10:15:43 -   Precision: 0.683
2025-09-12 10:15:43 -   Recall: 0.633
2025-09-12 10:15:43 -   F1 Score: 0.640
2025-09-12 10:15:43 -   AUC: 0.800
2025-09-12 10:15:43 -   Correct/Total: 9/13
2025-09-12 10:15:43 -   Confusion Matrix Stats:
2025-09-12 10:15:43 -     TP: 4, TN: 5
2025-09-12 10:15:43 -     FP: 2, FN: 2
2025-09-12 10:15:43 - Subject: sub-037
2025-09-12 10:15:43 -   Accuracy: 0.000%
2025-09-12 10:15:43 -   Precision: 0.868
2025-09-12 10:15:43 -   Recall: 0.709
2025-09-12 10:15:43 -   F1 Score: 0.777
2025-09-12 10:15:43 -   AUC: 0.887
2025-09-12 10:15:43 -   Correct/Total: 16/20
2025-09-12 10:15:43 -   Confusion Matrix Stats:
2025-09-12 10:15:43 -     TP: 8, TN: 8
2025-09-12 10:15:43 -     FP: 1, FN: 3
2025-09-12 10:15:43 - Subject: sub-038
2025-09-12 10:15:43 -   Accuracy: 0.000%
2025-09-12 10:15:43 -   Precision: 0.649
2025-09-12 10:15:43 -   Recall: 0.733
2025-09-12 10:15:43 -   F1 Score: 0.686
2025-09-12 10:15:43 -   AUC: 0.772
2025-09-12 10:15:43 -   Correct/Total: 14/18
2025-09-12 10:15:43 -   Confusion Matrix Stats:
2025-09-12 10:15:43 -     TP: 4, TN: 10
2025-09-12 10:15:43 -     FP: 2, FN: 2
2025-09-12 10:15:43 - Subject: sub-039
2025-09-12 10:15:43 -   Accuracy: 0.000%
2025-09-12 10:15:43 -   Precision: 0.604
2025-09-12 10:15:43 -   Recall: 0.660
2025-09-12 10:15:43 -   F1 Score: 0.625
2025-09-12 10:15:43 -   AUC: 0.702
2025-09-12 10:15:43 -   Correct/Total: 12/20
2025-09-12 10:15:43 -   Confusion Matrix Stats:
2025-09-12 10:15:43 -     TP: 7, TN: 6
2025-09-12 10:15:43 -     FP: 4, FN: 3
2025-09-12 10:15:43 - Subject: sub-040
2025-09-12 10:15:43 -   Accuracy: 0.000%
2025-09-12 10:15:43 -   Precision: 0.928
2025-09-12 10:15:43 -   Recall: 0.817
2025-09-12 10:15:43 -   F1 Score: 0.867
2025-09-12 10:15:43 -   AUC: 0.914
2025-09-12 10:15:43 -   Correct/Total: 16/19
2025-09-12 10:15:43 -   Confusion Matrix Stats:
2025-09-12 10:15:43 -     TP: 10, TN: 6
2025-09-12 10:15:43 -     FP: 1, FN: 2
2025-09-12 10:15:43 - 
P3 Pooled Model Statistics:
2025-09-12 10:15:43 - Mean Accuracy: 0.671
2025-09-12 10:15:43 - 95% Confidence Interval: [0.632, 0.709]
2025-09-12 10:15:43 - Best Subject: sub-040 (0.842)
2025-09-12 10:15:43 - Worst Subject: sub-006 (0.250)
2025-09-12 10:15:43 - Mean Precision: 0.693
2025-09-12 10:15:43 - Mean Recall: 0.665
2025-09-12 10:15:43 - Mean F1-Score: 0.678
2025-09-12 10:15:43 - Mean AUC: 0.739
2025-09-12 10:15:43 - Mean Confusion Matrix:
2025-09-12 10:15:43 -   TP: 5, TN: 6
2025-09-12 10:15:43 -   FP: 2, FN: 3
