2025-09-14 12:54:59 - 
Experiment Configuration:
2025-09-14 12:54:59 - --------------------------------------------------
2025-09-14 12:54:59 - dataset: P3 Raw Data BIDS-Compatible
2025-09-14 12:54:59 - use_combined_datasets: False
2025-09-14 12:54:59 - electrode_list: all
2025-09-14 12:54:59 - classifier: EEGConformer
2025-09-14 12:54:59 - separate_subject_classification: False
2025-09-14 12:54:59 - use_subject_layer: False
2025-09-14 12:54:59 - seeds: [42]
2025-09-14 12:54:59 - --------------------------------------------------
2025-09-14 12:54:59 - 
==================================================
2025-09-14 12:54:59 - Processing P3 Dataset
2025-09-14 12:54:59 - ==================================================
2025-09-14 12:56:53 - 
==================================================
2025-09-14 12:56:53 - Individual Subject Results - P3
2025-09-14 12:56:53 - ==================================================
2025-09-14 12:56:53 - Subject: sub-001
2025-09-14 12:56:53 -   Accuracy: 76.471%
2025-09-14 12:56:53 -   Precision: 0.750
2025-09-14 12:56:53 -   Recall: 0.750
2025-09-14 12:56:53 -   F1 Score: 0.750
2025-09-14 12:56:53 -   AUC: 0.875
2025-09-14 12:56:53 -   Correct/Total: 13/17
2025-09-14 12:56:53 -   Confusion Matrix Stats:
2025-09-14 12:56:53 -     TP: 6, TN: 7
2025-09-14 12:56:53 -     FP: 2, FN: 2
2025-09-14 12:56:53 - Subject: sub-002
2025-09-14 12:56:53 -   Accuracy: 86.667%
2025-09-14 12:56:53 -   Precision: 0.857
2025-09-14 12:56:53 -   Recall: 1.000
2025-09-14 12:56:53 -   F1 Score: 0.923
2025-09-14 12:56:53 -   AUC: 0.972
2025-09-14 12:56:53 -   Correct/Total: 13/15
2025-09-14 12:56:53 -   Confusion Matrix Stats:
2025-09-14 12:56:53 -     TP: 12, TN: 1
2025-09-14 12:56:53 -     FP: 2, FN: 0
2025-09-14 12:56:53 - Subject: sub-003
2025-09-14 12:56:53 -   Accuracy: 70.000%
2025-09-14 12:56:53 -   Precision: 0.400
2025-09-14 12:56:53 -   Recall: 1.000
2025-09-14 12:56:53 -   F1 Score: 0.571
2025-09-14 12:56:53 -   AUC: 1.000
2025-09-14 12:56:53 -   Correct/Total: 7/10
2025-09-14 12:56:53 -   Confusion Matrix Stats:
2025-09-14 12:56:53 -     TP: 2, TN: 5
2025-09-14 12:56:53 -     FP: 3, FN: 0
2025-09-14 12:56:53 - Subject: sub-004
2025-09-14 12:56:53 -   Accuracy: 71.429%
2025-09-14 12:56:53 -   Precision: 0.750
2025-09-14 12:56:53 -   Recall: 0.750
2025-09-14 12:56:53 -   F1 Score: 0.750
2025-09-14 12:56:53 -   AUC: 0.688
2025-09-14 12:56:53 -   Correct/Total: 10/14
2025-09-14 12:56:53 -   Confusion Matrix Stats:
2025-09-14 12:56:53 -     TP: 6, TN: 4
2025-09-14 12:56:53 -     FP: 2, FN: 2
2025-09-14 12:56:53 - Subject: sub-005
2025-09-14 12:56:53 -   Accuracy: 77.778%
2025-09-14 12:56:53 -   Precision: 0.833
2025-09-14 12:56:53 -   Recall: 0.625
2025-09-14 12:56:53 -   F1 Score: 0.714
2025-09-14 12:56:53 -   AUC: 0.938
2025-09-14 12:56:53 -   Correct/Total: 14/18
2025-09-14 12:56:53 -   Confusion Matrix Stats:
2025-09-14 12:56:53 -     TP: 5, TN: 9
2025-09-14 12:56:53 -     FP: 1, FN: 3
2025-09-14 12:56:53 - Subject: sub-006
2025-09-14 12:56:53 -   Accuracy: 42.857%
2025-09-14 12:56:53 -   Precision: 0.444
2025-09-14 12:56:53 -   Recall: 0.364
2025-09-14 12:56:53 -   F1 Score: 0.400
2025-09-14 12:56:53 -   AUC: 0.555
2025-09-14 12:56:53 -   Correct/Total: 9/21
2025-09-14 12:56:53 -   Confusion Matrix Stats:
2025-09-14 12:56:53 -     TP: 4, TN: 5
2025-09-14 12:56:53 -     FP: 5, FN: 7
2025-09-14 12:56:53 - Subject: sub-007
2025-09-14 12:56:53 -   Accuracy: 73.333%
2025-09-14 12:56:53 -   Precision: 0.875
2025-09-14 12:56:53 -   Recall: 0.700
2025-09-14 12:56:53 -   F1 Score: 0.778
2025-09-14 12:56:53 -   AUC: 0.840
2025-09-14 12:56:53 -   Correct/Total: 11/15
2025-09-14 12:56:53 -   Confusion Matrix Stats:
2025-09-14 12:56:53 -     TP: 7, TN: 4
2025-09-14 12:56:53 -     FP: 1, FN: 3
2025-09-14 12:56:53 - Subject: sub-008
2025-09-14 12:56:53 -   Accuracy: 72.222%
2025-09-14 12:56:53 -   Precision: 0.667
2025-09-14 12:56:53 -   Recall: 0.571
2025-09-14 12:56:53 -   F1 Score: 0.615
2025-09-14 12:56:53 -   AUC: 0.779
2025-09-14 12:56:53 -   Correct/Total: 13/18
2025-09-14 12:56:53 -   Confusion Matrix Stats:
2025-09-14 12:56:53 -     TP: 4, TN: 9
2025-09-14 12:56:53 -     FP: 2, FN: 3
2025-09-14 12:56:53 - Subject: sub-009
2025-09-14 12:56:53 -   Accuracy: 57.143%
2025-09-14 12:56:53 -   Precision: 0.400
2025-09-14 12:56:53 -   Recall: 0.400
2025-09-14 12:56:53 -   F1 Score: 0.400
2025-09-14 12:56:53 -   AUC: 0.711
2025-09-14 12:56:53 -   Correct/Total: 8/14
2025-09-14 12:56:53 -   Confusion Matrix Stats:
2025-09-14 12:56:53 -     TP: 2, TN: 6
2025-09-14 12:56:53 -     FP: 3, FN: 3
2025-09-14 12:56:53 - Subject: sub-010
2025-09-14 12:56:53 -   Accuracy: 75.000%
2025-09-14 12:56:53 -   Precision: 0.900
2025-09-14 12:56:53 -   Recall: 0.692
2025-09-14 12:56:53 -   F1 Score: 0.783
2025-09-14 12:56:53 -   AUC: 0.890
2025-09-14 12:56:53 -   Correct/Total: 15/20
2025-09-14 12:56:53 -   Confusion Matrix Stats:
2025-09-14 12:56:53 -     TP: 9, TN: 6
2025-09-14 12:56:53 -     FP: 1, FN: 4
2025-09-14 12:56:53 - Subject: sub-011
2025-09-14 12:56:53 -   Accuracy: 100.000%
2025-09-14 12:56:53 -   Precision: 1.000
2025-09-14 12:56:53 -   Recall: 1.000
2025-09-14 12:56:53 -   F1 Score: 1.000
2025-09-14 12:56:53 -   AUC: 1.000
2025-09-14 12:56:53 -   Correct/Total: 19/19
2025-09-14 12:56:53 -   Confusion Matrix Stats:
2025-09-14 12:56:53 -     TP: 6, TN: 13
2025-09-14 12:56:53 -     FP: 0, FN: 0
2025-09-14 12:56:53 - Subject: sub-012
2025-09-14 12:56:53 -   Accuracy: 72.727%
2025-09-14 12:56:53 -   Precision: 0.875
2025-09-14 12:56:53 -   Recall: 0.583
2025-09-14 12:56:53 -   F1 Score: 0.700
2025-09-14 12:56:53 -   AUC: 0.758
2025-09-14 12:56:53 -   Correct/Total: 16/22
2025-09-14 12:56:53 -   Confusion Matrix Stats:
2025-09-14 12:56:53 -     TP: 7, TN: 9
2025-09-14 12:56:53 -     FP: 1, FN: 5
2025-09-14 12:56:53 - Subject: sub-013
2025-09-14 12:56:53 -   Accuracy: 82.353%
2025-09-14 12:56:53 -   Precision: 1.000
2025-09-14 12:56:53 -   Recall: 0.727
2025-09-14 12:56:53 -   F1 Score: 0.842
2025-09-14 12:56:53 -   AUC: 0.788
2025-09-14 12:56:53 -   Correct/Total: 14/17
2025-09-14 12:56:53 -   Confusion Matrix Stats:
2025-09-14 12:56:53 -     TP: 8, TN: 6
2025-09-14 12:56:53 -     FP: 0, FN: 3
2025-09-14 12:56:53 - Subject: sub-014
2025-09-14 12:56:53 -   Accuracy: 83.333%
2025-09-14 12:56:53 -   Precision: 0.700
2025-09-14 12:56:53 -   Recall: 0.875
2025-09-14 12:56:53 -   F1 Score: 0.778
2025-09-14 12:56:53 -   AUC: 0.875
2025-09-14 12:56:53 -   Correct/Total: 20/24
2025-09-14 12:56:53 -   Confusion Matrix Stats:
2025-09-14 12:56:53 -     TP: 7, TN: 13
2025-09-14 12:56:53 -     FP: 3, FN: 1
2025-09-14 12:56:53 - Subject: sub-015
2025-09-14 12:56:53 -   Accuracy: 66.667%
2025-09-14 12:56:53 -   Precision: 0.545
2025-09-14 12:56:53 -   Recall: 1.000
2025-09-14 12:56:53 -   F1 Score: 0.706
2025-09-14 12:56:53 -   AUC: 0.926
2025-09-14 12:56:53 -   Correct/Total: 10/15
2025-09-14 12:56:53 -   Confusion Matrix Stats:
2025-09-14 12:56:53 -     TP: 6, TN: 4
2025-09-14 12:56:53 -     FP: 5, FN: 0
2025-09-14 12:56:53 - Subject: sub-016
2025-09-14 12:56:53 -   Accuracy: 82.353%
2025-09-14 12:56:53 -   Precision: 0.889
2025-09-14 12:56:53 -   Recall: 0.800
2025-09-14 12:56:53 -   F1 Score: 0.842
2025-09-14 12:56:53 -   AUC: 0.786
2025-09-14 12:56:53 -   Correct/Total: 14/17
2025-09-14 12:56:53 -   Confusion Matrix Stats:
2025-09-14 12:56:53 -     TP: 8, TN: 6
2025-09-14 12:56:53 -     FP: 1, FN: 2
2025-09-14 12:56:53 - Subject: sub-017
2025-09-14 12:56:53 -   Accuracy: 94.444%
2025-09-14 12:56:53 -   Precision: 0.900
2025-09-14 12:56:53 -   Recall: 1.000
2025-09-14 12:56:53 -   F1 Score: 0.947
2025-09-14 12:56:53 -   AUC: 0.975
2025-09-14 12:56:53 -   Correct/Total: 17/18
2025-09-14 12:56:53 -   Confusion Matrix Stats:
2025-09-14 12:56:53 -     TP: 9, TN: 8
2025-09-14 12:56:53 -     FP: 1, FN: 0
2025-09-14 12:56:53 - Subject: sub-018
2025-09-14 12:56:53 -   Accuracy: 54.545%
2025-09-14 12:56:53 -   Precision: 0.429
2025-09-14 12:56:53 -   Recall: 0.750
2025-09-14 12:56:53 -   F1 Score: 0.545
2025-09-14 12:56:53 -   AUC: 0.750
2025-09-14 12:56:53 -   Correct/Total: 6/11
2025-09-14 12:56:53 -   Confusion Matrix Stats:
2025-09-14 12:56:53 -     TP: 3, TN: 3
2025-09-14 12:56:53 -     FP: 4, FN: 1
2025-09-14 12:56:53 - Subject: sub-019
2025-09-14 12:56:53 -   Accuracy: 60.000%
2025-09-14 12:56:53 -   Precision: 0.833
2025-09-14 12:56:53 -   Recall: 0.625
2025-09-14 12:56:53 -   F1 Score: 0.714
2025-09-14 12:56:53 -   AUC: 0.438
2025-09-14 12:56:53 -   Correct/Total: 6/10
2025-09-14 12:56:53 -   Confusion Matrix Stats:
2025-09-14 12:56:53 -     TP: 5, TN: 1
2025-09-14 12:56:53 -     FP: 1, FN: 3
2025-09-14 12:56:53 - Subject: sub-020
2025-09-14 12:56:53 -   Accuracy: 75.000%
2025-09-14 12:56:53 -   Precision: 0.750
2025-09-14 12:56:53 -   Recall: 0.750
2025-09-14 12:56:53 -   F1 Score: 0.750
2025-09-14 12:56:53 -   AUC: 0.859
2025-09-14 12:56:53 -   Correct/Total: 12/16
2025-09-14 12:56:53 -   Confusion Matrix Stats:
2025-09-14 12:56:53 -     TP: 6, TN: 6
2025-09-14 12:56:53 -     FP: 2, FN: 2
2025-09-14 12:56:53 - Subject: sub-021
2025-09-14 12:56:53 -   Accuracy: 66.667%
2025-09-14 12:56:53 -   Precision: 0.750
2025-09-14 12:56:53 -   Recall: 0.500
2025-09-14 12:56:53 -   F1 Score: 0.600
2025-09-14 12:56:53 -   AUC: 0.806
2025-09-14 12:56:53 -   Correct/Total: 8/12
2025-09-14 12:56:53 -   Confusion Matrix Stats:
2025-09-14 12:56:53 -     TP: 3, TN: 5
2025-09-14 12:56:53 -     FP: 1, FN: 3
2025-09-14 12:56:53 - Subject: sub-022
2025-09-14 12:56:53 -   Accuracy: 66.667%
2025-09-14 12:56:53 -   Precision: 0.583
2025-09-14 12:56:53 -   Recall: 1.000
2025-09-14 12:56:53 -   F1 Score: 0.737
2025-09-14 12:56:53 -   AUC: 0.786
2025-09-14 12:56:53 -   Correct/Total: 10/15
2025-09-14 12:56:53 -   Confusion Matrix Stats:
2025-09-14 12:56:53 -     TP: 7, TN: 3
2025-09-14 12:56:53 -     FP: 5, FN: 0
2025-09-14 12:56:53 - Subject: sub-023
2025-09-14 12:56:53 -   Accuracy: 80.000%
2025-09-14 12:56:53 -   Precision: 0.750
2025-09-14 12:56:53 -   Recall: 0.750
2025-09-14 12:56:53 -   F1 Score: 0.750
2025-09-14 12:56:53 -   AUC: 0.875
2025-09-14 12:56:53 -   Correct/Total: 8/10
2025-09-14 12:56:53 -   Confusion Matrix Stats:
2025-09-14 12:56:53 -     TP: 3, TN: 5
2025-09-14 12:56:53 -     FP: 1, FN: 1
2025-09-14 12:56:53 - Subject: sub-024
2025-09-14 12:56:53 -   Accuracy: 66.667%
2025-09-14 12:56:53 -   Precision: 0.556
2025-09-14 12:56:53 -   Recall: 0.714
2025-09-14 12:56:53 -   F1 Score: 0.625
2025-09-14 12:56:53 -   AUC: 0.779
2025-09-14 12:56:53 -   Correct/Total: 12/18
2025-09-14 12:56:53 -   Confusion Matrix Stats:
2025-09-14 12:56:53 -     TP: 5, TN: 7
2025-09-14 12:56:53 -     FP: 4, FN: 2
2025-09-14 12:56:53 - Subject: sub-025
2025-09-14 12:56:53 -   Accuracy: 75.000%
2025-09-14 12:56:53 -   Precision: 0.833
2025-09-14 12:56:53 -   Recall: 0.625
2025-09-14 12:56:53 -   F1 Score: 0.714
2025-09-14 12:56:53 -   AUC: 0.797
2025-09-14 12:56:53 -   Correct/Total: 12/16
2025-09-14 12:56:53 -   Confusion Matrix Stats:
2025-09-14 12:56:53 -     TP: 5, TN: 7
2025-09-14 12:56:53 -     FP: 1, FN: 3
2025-09-14 12:56:53 - Subject: sub-026
2025-09-14 12:56:53 -   Accuracy: 66.667%
2025-09-14 12:56:53 -   Precision: 0.833
2025-09-14 12:56:53 -   Recall: 0.625
2025-09-14 12:56:53 -   F1 Score: 0.714
2025-09-14 12:56:53 -   AUC: 0.719
2025-09-14 12:56:53 -   Correct/Total: 8/12
2025-09-14 12:56:53 -   Confusion Matrix Stats:
2025-09-14 12:56:53 -     TP: 5, TN: 3
2025-09-14 12:56:53 -     FP: 1, FN: 3
2025-09-14 12:56:53 - Subject: sub-027
2025-09-14 12:56:53 -   Accuracy: 53.333%
2025-09-14 12:56:53 -   Precision: 0.667
2025-09-14 12:56:53 -   Recall: 0.444
2025-09-14 12:56:53 -   F1 Score: 0.533
2025-09-14 12:56:53 -   AUC: 0.463
2025-09-14 12:56:53 -   Correct/Total: 8/15
2025-09-14 12:56:53 -   Confusion Matrix Stats:
2025-09-14 12:56:53 -     TP: 4, TN: 4
2025-09-14 12:56:53 -     FP: 2, FN: 5
2025-09-14 12:56:53 - Subject: sub-028
2025-09-14 12:56:53 -   Accuracy: 60.000%
2025-09-14 12:56:53 -   Precision: 0.667
2025-09-14 12:56:53 -   Recall: 0.667
2025-09-14 12:56:53 -   F1 Score: 0.667
2025-09-14 12:56:53 -   AUC: 0.685
2025-09-14 12:56:53 -   Correct/Total: 9/15
2025-09-14 12:56:53 -   Confusion Matrix Stats:
2025-09-14 12:56:53 -     TP: 6, TN: 3
2025-09-14 12:56:53 -     FP: 3, FN: 3
2025-09-14 12:56:53 - Subject: sub-029
2025-09-14 12:56:53 -   Accuracy: 66.667%
2025-09-14 12:56:53 -   Precision: 0.667
2025-09-14 12:56:53 -   Recall: 0.667
2025-09-14 12:56:53 -   F1 Score: 0.667
2025-09-14 12:56:53 -   AUC: 0.833
2025-09-14 12:56:53 -   Correct/Total: 8/12
2025-09-14 12:56:53 -   Confusion Matrix Stats:
2025-09-14 12:56:53 -     TP: 4, TN: 4
2025-09-14 12:56:53 -     FP: 2, FN: 2
2025-09-14 12:56:53 - Subject: sub-030
2025-09-14 12:56:53 -   Accuracy: 53.846%
2025-09-14 12:56:53 -   Precision: 0.600
2025-09-14 12:56:53 -   Recall: 0.750
2025-09-14 12:56:53 -   F1 Score: 0.667
2025-09-14 12:56:53 -   AUC: 0.600
2025-09-14 12:56:53 -   Correct/Total: 7/13
2025-09-14 12:56:53 -   Confusion Matrix Stats:
2025-09-14 12:56:53 -     TP: 6, TN: 1
2025-09-14 12:56:53 -     FP: 4, FN: 2
2025-09-14 12:56:53 - Subject: sub-031
2025-09-14 12:56:53 -   Accuracy: 75.000%
2025-09-14 12:56:53 -   Precision: 0.636
2025-09-14 12:56:53 -   Recall: 1.000
2025-09-14 12:56:53 -   F1 Score: 0.778
2025-09-14 12:56:53 -   AUC: 0.746
2025-09-14 12:56:53 -   Correct/Total: 12/16
2025-09-14 12:56:53 -   Confusion Matrix Stats:
2025-09-14 12:56:53 -     TP: 7, TN: 5
2025-09-14 12:56:53 -     FP: 4, FN: 0
2025-09-14 12:56:53 - Subject: sub-032
2025-09-14 12:56:53 -   Accuracy: 84.000%
2025-09-14 12:56:53 -   Precision: 0.909
2025-09-14 12:56:53 -   Recall: 0.769
2025-09-14 12:56:53 -   F1 Score: 0.833
2025-09-14 12:56:53 -   AUC: 0.936
2025-09-14 12:56:53 -   Correct/Total: 21/25
2025-09-14 12:56:53 -   Confusion Matrix Stats:
2025-09-14 12:56:53 -     TP: 10, TN: 11
2025-09-14 12:56:53 -     FP: 1, FN: 3
2025-09-14 12:56:53 - Subject: sub-033
2025-09-14 12:56:53 -   Accuracy: 80.000%
2025-09-14 12:56:53 -   Precision: 0.857
2025-09-14 12:56:53 -   Recall: 0.750
2025-09-14 12:56:53 -   F1 Score: 0.800
2025-09-14 12:56:53 -   AUC: 0.875
2025-09-14 12:56:53 -   Correct/Total: 12/15
2025-09-14 12:56:53 -   Confusion Matrix Stats:
2025-09-14 12:56:53 -     TP: 6, TN: 6
2025-09-14 12:56:53 -     FP: 1, FN: 2
2025-09-14 12:56:53 - Subject: sub-034
2025-09-14 12:56:53 -   Accuracy: 83.333%
2025-09-14 12:56:53 -   Precision: 1.000
2025-09-14 12:56:53 -   Recall: 0.727
2025-09-14 12:56:53 -   F1 Score: 0.842
2025-09-14 12:56:53 -   AUC: 0.909
2025-09-14 12:56:53 -   Correct/Total: 15/18
2025-09-14 12:56:53 -   Confusion Matrix Stats:
2025-09-14 12:56:53 -     TP: 8, TN: 7
2025-09-14 12:56:53 -     FP: 0, FN: 3
2025-09-14 12:56:53 - Subject: sub-035
2025-09-14 12:56:53 -   Accuracy: 61.111%
2025-09-14 12:56:53 -   Precision: 0.600
2025-09-14 12:56:53 -   Recall: 0.667
2025-09-14 12:56:53 -   F1 Score: 0.632
2025-09-14 12:56:53 -   AUC: 0.642
2025-09-14 12:56:53 -   Correct/Total: 11/18
2025-09-14 12:56:53 -   Confusion Matrix Stats:
2025-09-14 12:56:53 -     TP: 6, TN: 5
2025-09-14 12:56:53 -     FP: 4, FN: 3
2025-09-14 12:56:53 - Subject: sub-036
2025-09-14 12:56:53 -   Accuracy: 55.556%
2025-09-14 12:56:53 -   Precision: 0.600
2025-09-14 12:56:53 -   Recall: 0.333
2025-09-14 12:56:53 -   F1 Score: 0.429
2025-09-14 12:56:53 -   AUC: 0.605
2025-09-14 12:56:53 -   Correct/Total: 10/18
2025-09-14 12:56:53 -   Confusion Matrix Stats:
2025-09-14 12:56:53 -     TP: 3, TN: 7
2025-09-14 12:56:53 -     FP: 2, FN: 6
2025-09-14 12:56:53 - Subject: sub-037
2025-09-14 12:56:53 -   Accuracy: 76.471%
2025-09-14 12:56:53 -   Precision: 0.700
2025-09-14 12:56:53 -   Recall: 0.875
2025-09-14 12:56:53 -   F1 Score: 0.778
2025-09-14 12:56:53 -   AUC: 0.875
2025-09-14 12:56:53 -   Correct/Total: 13/17
2025-09-14 12:56:53 -   Confusion Matrix Stats:
2025-09-14 12:56:53 -     TP: 7, TN: 6
2025-09-14 12:56:53 -     FP: 3, FN: 1
2025-09-14 12:56:53 - Subject: sub-038
2025-09-14 12:56:53 -   Accuracy: 90.909%
2025-09-14 12:56:53 -   Precision: 0.833
2025-09-14 12:56:53 -   Recall: 1.000
2025-09-14 12:56:53 -   F1 Score: 0.909
2025-09-14 12:56:53 -   AUC: 1.000
2025-09-14 12:56:53 -   Correct/Total: 20/22
2025-09-14 12:56:53 -   Confusion Matrix Stats:
2025-09-14 12:56:53 -     TP: 10, TN: 10
2025-09-14 12:56:53 -     FP: 2, FN: 0
2025-09-14 12:56:53 - Subject: sub-039
2025-09-14 12:56:53 -   Accuracy: 66.667%
2025-09-14 12:56:53 -   Precision: 0.571
2025-09-14 12:56:53 -   Recall: 0.800
2025-09-14 12:56:53 -   F1 Score: 0.667
2025-09-14 12:56:53 -   AUC: 0.914
2025-09-14 12:56:53 -   Correct/Total: 8/12
2025-09-14 12:56:53 -   Confusion Matrix Stats:
2025-09-14 12:56:53 -     TP: 4, TN: 4
2025-09-14 12:56:53 -     FP: 3, FN: 1
2025-09-14 12:56:53 - Subject: sub-040
2025-09-14 12:56:53 -   Accuracy: 62.500%
2025-09-14 12:56:53 -   Precision: 0.000
2025-09-14 12:56:53 -   Recall: 0.000
2025-09-14 12:56:53 -   F1 Score: 0.000
2025-09-14 12:56:53 -   AUC: 0.143
2025-09-14 12:56:53 -   Correct/Total: 5/8
2025-09-14 12:56:53 -   Confusion Matrix Stats:
2025-09-14 12:56:53 -     TP: 0, TN: 5
2025-09-14 12:56:53 -     FP: 2, FN: 1
2025-09-14 12:56:53 - 
P3 Pooled Model Statistics:
2025-09-14 12:56:53 - Mean Accuracy: 0.716
2025-09-14 12:56:53 - 95% Confidence Interval: [0.678, 0.755]
2025-09-14 12:56:53 - Best Subject: sub-011 (1.000)
2025-09-14 12:56:53 - Worst Subject: sub-006 (0.429)
2025-09-14 12:56:53 - Mean Precision: 0.729
2025-09-14 12:56:53 - Mean Recall: 0.724
2025-09-14 12:56:53 - Mean F1-Score: 0.726
2025-09-14 12:56:53 - Mean AUC: 0.785
2025-09-14 12:56:53 - Mean Confusion Matrix:
2025-09-14 12:56:53 -   TP: 6, TN: 6
2025-09-14 12:56:53 -   FP: 2, FN: 2
