2025-09-14 10:52:48 - 
Experiment Configuration:
2025-09-14 10:52:48 - --------------------------------------------------
2025-09-14 10:52:48 - dataset: P3 Raw Data BIDS-Compatible
2025-09-14 10:52:48 - use_combined_datasets: False
2025-09-14 10:52:48 - electrode_list: common
2025-09-14 10:52:48 - classifier: EEGChannelNet
2025-09-14 10:52:48 - separate_subject_classification: False
2025-09-14 10:52:48 - use_subject_layer: False
2025-09-14 10:52:48 - seeds: [42]
2025-09-14 10:52:48 - --------------------------------------------------
2025-09-14 10:52:48 - 
==================================================
2025-09-14 10:52:48 - Processing P3 Dataset
2025-09-14 10:52:48 - ==================================================
2025-09-14 10:54:27 - 
==================================================
2025-09-14 10:54:27 - Individual Subject Results - P3
2025-09-14 10:54:27 - ==================================================
2025-09-14 10:54:27 - Subject: sub-001
2025-09-14 10:54:27 -   Accuracy: 52.632%
2025-09-14 10:54:27 -   Precision: 0.571
2025-09-14 10:54:27 -   Recall: 0.727
2025-09-14 10:54:27 -   F1 Score: 0.640
2025-09-14 10:54:27 -   AUC: 0.466
2025-09-14 10:54:27 -   Correct/Total: 10/19
2025-09-14 10:54:27 -   Confusion Matrix Stats:
2025-09-14 10:54:27 -     TP: 8, TN: 2
2025-09-14 10:54:27 -     FP: 6, FN: 3
2025-09-14 10:54:27 - Subject: sub-002
2025-09-14 10:54:27 -   Accuracy: 82.353%
2025-09-14 10:54:27 -   Precision: 0.750
2025-09-14 10:54:27 -   Recall: 1.000
2025-09-14 10:54:27 -   F1 Score: 0.857
2025-09-14 10:54:27 -   AUC: 0.875
2025-09-14 10:54:27 -   Correct/Total: 14/17
2025-09-14 10:54:27 -   Confusion Matrix Stats:
2025-09-14 10:54:27 -     TP: 9, TN: 5
2025-09-14 10:54:27 -     FP: 3, FN: 0
2025-09-14 10:54:27 - Subject: sub-003
2025-09-14 10:54:27 -   Accuracy: 46.667%
2025-09-14 10:54:27 -   Precision: 0.500
2025-09-14 10:54:27 -   Recall: 0.500
2025-09-14 10:54:27 -   F1 Score: 0.500
2025-09-14 10:54:27 -   AUC: 0.607
2025-09-14 10:54:27 -   Correct/Total: 7/15
2025-09-14 10:54:27 -   Confusion Matrix Stats:
2025-09-14 10:54:27 -     TP: 4, TN: 3
2025-09-14 10:54:27 -     FP: 4, FN: 4
2025-09-14 10:54:27 - Subject: sub-004
2025-09-14 10:54:27 -   Accuracy: 80.000%
2025-09-14 10:54:27 -   Precision: 0.800
2025-09-14 10:54:27 -   Recall: 0.889
2025-09-14 10:54:27 -   F1 Score: 0.842
2025-09-14 10:54:27 -   AUC: 0.963
2025-09-14 10:54:27 -   Correct/Total: 12/15
2025-09-14 10:54:27 -   Confusion Matrix Stats:
2025-09-14 10:54:27 -     TP: 8, TN: 4
2025-09-14 10:54:27 -     FP: 2, FN: 1
2025-09-14 10:54:27 - Subject: sub-005
2025-09-14 10:54:27 -   Accuracy: 92.857%
2025-09-14 10:54:27 -   Precision: 1.000
2025-09-14 10:54:27 -   Recall: 0.889
2025-09-14 10:54:27 -   F1 Score: 0.941
2025-09-14 10:54:27 -   AUC: 0.956
2025-09-14 10:54:27 -   Correct/Total: 13/14
2025-09-14 10:54:27 -   Confusion Matrix Stats:
2025-09-14 10:54:27 -     TP: 8, TN: 5
2025-09-14 10:54:27 -     FP: 0, FN: 1
2025-09-14 10:54:27 - Subject: sub-006
2025-09-14 10:54:27 -   Accuracy: 50.000%
2025-09-14 10:54:27 -   Precision: 0.400
2025-09-14 10:54:27 -   Recall: 0.333
2025-09-14 10:54:27 -   F1 Score: 0.364
2025-09-14 10:54:27 -   AUC: 0.333
2025-09-14 10:54:27 -   Correct/Total: 7/14
2025-09-14 10:54:27 -   Confusion Matrix Stats:
2025-09-14 10:54:27 -     TP: 2, TN: 5
2025-09-14 10:54:27 -     FP: 3, FN: 4
2025-09-14 10:54:27 - Subject: sub-007
2025-09-14 10:54:27 -   Accuracy: 81.250%
2025-09-14 10:54:27 -   Precision: 0.727
2025-09-14 10:54:27 -   Recall: 1.000
2025-09-14 10:54:27 -   F1 Score: 0.842
2025-09-14 10:54:27 -   AUC: 0.812
2025-09-14 10:54:27 -   Correct/Total: 13/16
2025-09-14 10:54:27 -   Confusion Matrix Stats:
2025-09-14 10:54:27 -     TP: 8, TN: 5
2025-09-14 10:54:27 -     FP: 3, FN: 0
2025-09-14 10:54:27 - Subject: sub-008
2025-09-14 10:54:27 -   Accuracy: 35.000%
2025-09-14 10:54:27 -   Precision: 0.333
2025-09-14 10:54:27 -   Recall: 0.300
2025-09-14 10:54:27 -   F1 Score: 0.316
2025-09-14 10:54:27 -   AUC: 0.410
2025-09-14 10:54:27 -   Correct/Total: 7/20
2025-09-14 10:54:27 -   Confusion Matrix Stats:
2025-09-14 10:54:27 -     TP: 3, TN: 4
2025-09-14 10:54:27 -     FP: 6, FN: 7
2025-09-14 10:54:27 - Subject: sub-009
2025-09-14 10:54:27 -   Accuracy: 43.750%
2025-09-14 10:54:27 -   Precision: 0.500
2025-09-14 10:54:27 -   Recall: 0.333
2025-09-14 10:54:27 -   F1 Score: 0.400
2025-09-14 10:54:27 -   AUC: 0.365
2025-09-14 10:54:27 -   Correct/Total: 7/16
2025-09-14 10:54:27 -   Confusion Matrix Stats:
2025-09-14 10:54:27 -     TP: 3, TN: 4
2025-09-14 10:54:27 -     FP: 3, FN: 6
2025-09-14 10:54:27 - Subject: sub-010
2025-09-14 10:54:27 -   Accuracy: 66.667%
2025-09-14 10:54:27 -   Precision: 0.600
2025-09-14 10:54:27 -   Recall: 0.750
2025-09-14 10:54:27 -   F1 Score: 0.667
2025-09-14 10:54:27 -   AUC: 0.750
2025-09-14 10:54:27 -   Correct/Total: 6/9
2025-09-14 10:54:27 -   Confusion Matrix Stats:
2025-09-14 10:54:27 -     TP: 3, TN: 3
2025-09-14 10:54:27 -     FP: 2, FN: 1
2025-09-14 10:54:27 - Subject: sub-011
2025-09-14 10:54:27 -   Accuracy: 64.286%
2025-09-14 10:54:27 -   Precision: 0.600
2025-09-14 10:54:27 -   Recall: 0.500
2025-09-14 10:54:27 -   F1 Score: 0.545
2025-09-14 10:54:27 -   AUC: 0.750
2025-09-14 10:54:27 -   Correct/Total: 9/14
2025-09-14 10:54:27 -   Confusion Matrix Stats:
2025-09-14 10:54:27 -     TP: 3, TN: 6
2025-09-14 10:54:27 -     FP: 2, FN: 3
2025-09-14 10:54:27 - Subject: sub-012
2025-09-14 10:54:27 -   Accuracy: 60.000%
2025-09-14 10:54:27 -   Precision: 0.714
2025-09-14 10:54:27 -   Recall: 0.455
2025-09-14 10:54:27 -   F1 Score: 0.556
2025-09-14 10:54:27 -   AUC: 0.848
2025-09-14 10:54:27 -   Correct/Total: 12/20
2025-09-14 10:54:27 -   Confusion Matrix Stats:
2025-09-14 10:54:27 -     TP: 5, TN: 7
2025-09-14 10:54:27 -     FP: 2, FN: 6
2025-09-14 10:54:27 - Subject: sub-013
2025-09-14 10:54:27 -   Accuracy: 53.333%
2025-09-14 10:54:27 -   Precision: 0.667
2025-09-14 10:54:27 -   Recall: 0.250
2025-09-14 10:54:27 -   F1 Score: 0.364
2025-09-14 10:54:27 -   AUC: 0.607
2025-09-14 10:54:27 -   Correct/Total: 8/15
2025-09-14 10:54:27 -   Confusion Matrix Stats:
2025-09-14 10:54:27 -     TP: 2, TN: 6
2025-09-14 10:54:27 -     FP: 1, FN: 6
2025-09-14 10:54:27 - Subject: sub-014
2025-09-14 10:54:27 -   Accuracy: 68.421%
2025-09-14 10:54:27 -   Precision: 0.875
2025-09-14 10:54:27 -   Recall: 0.583
2025-09-14 10:54:27 -   F1 Score: 0.700
2025-09-14 10:54:27 -   AUC: 0.714
2025-09-14 10:54:27 -   Correct/Total: 13/19
2025-09-14 10:54:27 -   Confusion Matrix Stats:
2025-09-14 10:54:27 -     TP: 7, TN: 6
2025-09-14 10:54:27 -     FP: 1, FN: 5
2025-09-14 10:54:27 - Subject: sub-015
2025-09-14 10:54:27 -   Accuracy: 68.750%
2025-09-14 10:54:27 -   Precision: 0.778
2025-09-14 10:54:27 -   Recall: 0.700
2025-09-14 10:54:27 -   F1 Score: 0.737
2025-09-14 10:54:27 -   AUC: 0.667
2025-09-14 10:54:27 -   Correct/Total: 11/16
2025-09-14 10:54:27 -   Confusion Matrix Stats:
2025-09-14 10:54:27 -     TP: 7, TN: 4
2025-09-14 10:54:27 -     FP: 2, FN: 3
2025-09-14 10:54:27 - Subject: sub-016
2025-09-14 10:54:27 -   Accuracy: 68.421%
2025-09-14 10:54:27 -   Precision: 0.625
2025-09-14 10:54:27 -   Recall: 0.625
2025-09-14 10:54:27 -   F1 Score: 0.625
2025-09-14 10:54:27 -   AUC: 0.739
2025-09-14 10:54:27 -   Correct/Total: 13/19
2025-09-14 10:54:27 -   Confusion Matrix Stats:
2025-09-14 10:54:27 -     TP: 5, TN: 8
2025-09-14 10:54:27 -     FP: 3, FN: 3
2025-09-14 10:54:27 - Subject: sub-017
2025-09-14 10:54:27 -   Accuracy: 65.000%
2025-09-14 10:54:27 -   Precision: 0.692
2025-09-14 10:54:27 -   Recall: 0.750
2025-09-14 10:54:27 -   F1 Score: 0.720
2025-09-14 10:54:27 -   AUC: 0.792
2025-09-14 10:54:27 -   Correct/Total: 13/20
2025-09-14 10:54:27 -   Confusion Matrix Stats:
2025-09-14 10:54:27 -     TP: 9, TN: 4
2025-09-14 10:54:27 -     FP: 4, FN: 3
2025-09-14 10:54:27 - Subject: sub-018
2025-09-14 10:54:27 -   Accuracy: 80.952%
2025-09-14 10:54:27 -   Precision: 0.778
2025-09-14 10:54:27 -   Recall: 0.778
2025-09-14 10:54:27 -   F1 Score: 0.778
2025-09-14 10:54:27 -   AUC: 0.917
2025-09-14 10:54:27 -   Correct/Total: 17/21
2025-09-14 10:54:27 -   Confusion Matrix Stats:
2025-09-14 10:54:27 -     TP: 7, TN: 10
2025-09-14 10:54:27 -     FP: 2, FN: 2
2025-09-14 10:54:27 - Subject: sub-019
2025-09-14 10:54:27 -   Accuracy: 78.571%
2025-09-14 10:54:27 -   Precision: 0.600
2025-09-14 10:54:27 -   Recall: 0.750
2025-09-14 10:54:27 -   F1 Score: 0.667
2025-09-14 10:54:27 -   AUC: 0.750
2025-09-14 10:54:27 -   Correct/Total: 11/14
2025-09-14 10:54:27 -   Confusion Matrix Stats:
2025-09-14 10:54:27 -     TP: 3, TN: 8
2025-09-14 10:54:27 -     FP: 2, FN: 1
2025-09-14 10:54:27 - Subject: sub-020
2025-09-14 10:54:27 -   Accuracy: 77.778%
2025-09-14 10:54:27 -   Precision: 0.600
2025-09-14 10:54:27 -   Recall: 0.600
2025-09-14 10:54:27 -   F1 Score: 0.600
2025-09-14 10:54:27 -   AUC: 0.708
2025-09-14 10:54:27 -   Correct/Total: 14/18
2025-09-14 10:54:27 -   Confusion Matrix Stats:
2025-09-14 10:54:27 -     TP: 3, TN: 11
2025-09-14 10:54:27 -     FP: 2, FN: 2
2025-09-14 10:54:27 - Subject: sub-021
2025-09-14 10:54:27 -   Accuracy: 63.158%
2025-09-14 10:54:27 -   Precision: 0.571
2025-09-14 10:54:27 -   Recall: 0.500
2025-09-14 10:54:27 -   F1 Score: 0.533
2025-09-14 10:54:27 -   AUC: 0.591
2025-09-14 10:54:27 -   Correct/Total: 12/19
2025-09-14 10:54:27 -   Confusion Matrix Stats:
2025-09-14 10:54:27 -     TP: 4, TN: 8
2025-09-14 10:54:27 -     FP: 3, FN: 4
2025-09-14 10:54:27 - Subject: sub-022
2025-09-14 10:54:27 -   Accuracy: 52.381%
2025-09-14 10:54:27 -   Precision: 0.545
2025-09-14 10:54:27 -   Recall: 0.545
2025-09-14 10:54:27 -   F1 Score: 0.545
2025-09-14 10:54:27 -   AUC: 0.555
2025-09-14 10:54:27 -   Correct/Total: 11/21
2025-09-14 10:54:27 -   Confusion Matrix Stats:
2025-09-14 10:54:27 -     TP: 6, TN: 5
2025-09-14 10:54:27 -     FP: 5, FN: 5
2025-09-14 10:54:27 - Subject: sub-023
2025-09-14 10:54:27 -   Accuracy: 92.308%
2025-09-14 10:54:27 -   Precision: 1.000
2025-09-14 10:54:27 -   Recall: 0.750
2025-09-14 10:54:27 -   F1 Score: 0.857
2025-09-14 10:54:27 -   AUC: 0.972
2025-09-14 10:54:27 -   Correct/Total: 12/13
2025-09-14 10:54:27 -   Confusion Matrix Stats:
2025-09-14 10:54:27 -     TP: 3, TN: 9
2025-09-14 10:54:27 -     FP: 0, FN: 1
2025-09-14 10:54:27 - Subject: sub-024
2025-09-14 10:54:27 -   Accuracy: 72.727%
2025-09-14 10:54:27 -   Precision: 0.500
2025-09-14 10:54:27 -   Recall: 1.000
2025-09-14 10:54:27 -   F1 Score: 0.667
2025-09-14 10:54:27 -   AUC: 1.000
2025-09-14 10:54:27 -   Correct/Total: 8/11
2025-09-14 10:54:27 -   Confusion Matrix Stats:
2025-09-14 10:54:27 -     TP: 3, TN: 5
2025-09-14 10:54:27 -     FP: 3, FN: 0
2025-09-14 10:54:27 - Subject: sub-025
2025-09-14 10:54:27 -   Accuracy: 73.333%
2025-09-14 10:54:27 -   Precision: 0.889
2025-09-14 10:54:27 -   Recall: 0.727
2025-09-14 10:54:27 -   F1 Score: 0.800
2025-09-14 10:54:27 -   AUC: 0.841
2025-09-14 10:54:27 -   Correct/Total: 11/15
2025-09-14 10:54:27 -   Confusion Matrix Stats:
2025-09-14 10:54:27 -     TP: 8, TN: 3
2025-09-14 10:54:27 -     FP: 1, FN: 3
2025-09-14 10:54:27 - Subject: sub-026
2025-09-14 10:54:27 -   Accuracy: 58.333%
2025-09-14 10:54:27 -   Precision: 0.571
2025-09-14 10:54:27 -   Recall: 0.667
2025-09-14 10:54:27 -   F1 Score: 0.615
2025-09-14 10:54:27 -   AUC: 0.750
2025-09-14 10:54:27 -   Correct/Total: 7/12
2025-09-14 10:54:27 -   Confusion Matrix Stats:
2025-09-14 10:54:27 -     TP: 4, TN: 3
2025-09-14 10:54:27 -     FP: 3, FN: 2
2025-09-14 10:54:27 - Subject: sub-027
2025-09-14 10:54:27 -   Accuracy: 63.636%
2025-09-14 10:54:27 -   Precision: 1.000
2025-09-14 10:54:27 -   Recall: 0.333
2025-09-14 10:54:27 -   F1 Score: 0.500
2025-09-14 10:54:27 -   AUC: 0.700
2025-09-14 10:54:27 -   Correct/Total: 7/11
2025-09-14 10:54:27 -   Confusion Matrix Stats:
2025-09-14 10:54:27 -     TP: 2, TN: 5
2025-09-14 10:54:27 -     FP: 0, FN: 4
2025-09-14 10:54:27 - Subject: sub-028
2025-09-14 10:54:27 -   Accuracy: 64.706%
2025-09-14 10:54:27 -   Precision: 0.800
2025-09-14 10:54:27 -   Recall: 0.444
2025-09-14 10:54:27 -   F1 Score: 0.571
2025-09-14 10:54:27 -   AUC: 0.861
2025-09-14 10:54:27 -   Correct/Total: 11/17
2025-09-14 10:54:27 -   Confusion Matrix Stats:
2025-09-14 10:54:27 -     TP: 4, TN: 7
2025-09-14 10:54:27 -     FP: 1, FN: 5
2025-09-14 10:54:27 - Subject: sub-029
2025-09-14 10:54:27 -   Accuracy: 73.913%
2025-09-14 10:54:27 -   Precision: 0.733
2025-09-14 10:54:27 -   Recall: 0.846
2025-09-14 10:54:27 -   F1 Score: 0.786
2025-09-14 10:54:27 -   AUC: 0.762
2025-09-14 10:54:27 -   Correct/Total: 17/23
2025-09-14 10:54:27 -   Confusion Matrix Stats:
2025-09-14 10:54:27 -     TP: 11, TN: 6
2025-09-14 10:54:27 -     FP: 4, FN: 2
2025-09-14 10:54:27 - Subject: sub-030
2025-09-14 10:54:27 -   Accuracy: 84.615%
2025-09-14 10:54:27 -   Precision: 1.000
2025-09-14 10:54:27 -   Recall: 0.667
2025-09-14 10:54:27 -   F1 Score: 0.800
2025-09-14 10:54:27 -   AUC: 1.000
2025-09-14 10:54:27 -   Correct/Total: 11/13
2025-09-14 10:54:27 -   Confusion Matrix Stats:
2025-09-14 10:54:27 -     TP: 4, TN: 7
2025-09-14 10:54:27 -     FP: 0, FN: 2
2025-09-14 10:54:27 - Subject: sub-031
2025-09-14 10:54:27 -   Accuracy: 60.000%
2025-09-14 10:54:27 -   Precision: 0.538
2025-09-14 10:54:27 -   Recall: 0.778
2025-09-14 10:54:27 -   F1 Score: 0.636
2025-09-14 10:54:27 -   AUC: 0.657
2025-09-14 10:54:27 -   Correct/Total: 12/20
2025-09-14 10:54:27 -   Confusion Matrix Stats:
2025-09-14 10:54:27 -     TP: 7, TN: 5
2025-09-14 10:54:27 -     FP: 6, FN: 2
2025-09-14 10:54:27 - Subject: sub-032
2025-09-14 10:54:27 -   Accuracy: 60.000%
2025-09-14 10:54:27 -   Precision: 0.571
2025-09-14 10:54:27 -   Recall: 0.800
2025-09-14 10:54:27 -   F1 Score: 0.667
2025-09-14 10:54:27 -   AUC: 0.800
2025-09-14 10:54:27 -   Correct/Total: 6/10
2025-09-14 10:54:27 -   Confusion Matrix Stats:
2025-09-14 10:54:27 -     TP: 4, TN: 2
2025-09-14 10:54:27 -     FP: 3, FN: 1
2025-09-14 10:54:27 - Subject: sub-033
2025-09-14 10:54:27 -   Accuracy: 68.421%
2025-09-14 10:54:27 -   Precision: 0.571
2025-09-14 10:54:27 -   Recall: 0.571
2025-09-14 10:54:27 -   F1 Score: 0.571
2025-09-14 10:54:27 -   AUC: 0.714
2025-09-14 10:54:27 -   Correct/Total: 13/19
2025-09-14 10:54:27 -   Confusion Matrix Stats:
2025-09-14 10:54:27 -     TP: 4, TN: 9
2025-09-14 10:54:27 -     FP: 3, FN: 3
2025-09-14 10:54:27 - Subject: sub-034
2025-09-14 10:54:27 -   Accuracy: 84.615%
2025-09-14 10:54:27 -   Precision: 0.857
2025-09-14 10:54:27 -   Recall: 0.857
2025-09-14 10:54:27 -   F1 Score: 0.857
2025-09-14 10:54:27 -   AUC: 0.905
2025-09-14 10:54:27 -   Correct/Total: 11/13
2025-09-14 10:54:27 -   Confusion Matrix Stats:
2025-09-14 10:54:27 -     TP: 6, TN: 5
2025-09-14 10:54:27 -     FP: 1, FN: 1
2025-09-14 10:54:27 - Subject: sub-035
2025-09-14 10:54:27 -   Accuracy: 66.667%
2025-09-14 10:54:27 -   Precision: 0.571
2025-09-14 10:54:27 -   Recall: 1.000
2025-09-14 10:54:27 -   F1 Score: 0.727
2025-09-14 10:54:27 -   AUC: 0.850
2025-09-14 10:54:27 -   Correct/Total: 6/9
2025-09-14 10:54:27 -   Confusion Matrix Stats:
2025-09-14 10:54:27 -     TP: 4, TN: 2
2025-09-14 10:54:27 -     FP: 3, FN: 0
2025-09-14 10:54:27 - Subject: sub-036
2025-09-14 10:54:27 -   Accuracy: 70.588%
2025-09-14 10:54:27 -   Precision: 0.750
2025-09-14 10:54:27 -   Recall: 0.429
2025-09-14 10:54:27 -   F1 Score: 0.545
2025-09-14 10:54:27 -   AUC: 0.643
2025-09-14 10:54:27 -   Correct/Total: 12/17
2025-09-14 10:54:27 -   Confusion Matrix Stats:
2025-09-14 10:54:27 -     TP: 3, TN: 9
2025-09-14 10:54:27 -     FP: 1, FN: 4
2025-09-14 10:54:27 - Subject: sub-037
2025-09-14 10:54:27 -   Accuracy: 66.667%
2025-09-14 10:54:27 -   Precision: 0.800
2025-09-14 10:54:27 -   Recall: 0.400
2025-09-14 10:54:27 -   F1 Score: 0.533
2025-09-14 10:54:27 -   AUC: 0.682
2025-09-14 10:54:27 -   Correct/Total: 14/21
2025-09-14 10:54:27 -   Confusion Matrix Stats:
2025-09-14 10:54:27 -     TP: 4, TN: 10
2025-09-14 10:54:27 -     FP: 1, FN: 6
2025-09-14 10:54:27 - Subject: sub-038
2025-09-14 10:54:27 -   Accuracy: 88.889%
2025-09-14 10:54:27 -   Precision: 1.000
2025-09-14 10:54:27 -   Recall: 0.833
2025-09-14 10:54:27 -   F1 Score: 0.909
2025-09-14 10:54:27 -   AUC: 1.000
2025-09-14 10:54:27 -   Correct/Total: 8/9
2025-09-14 10:54:27 -   Confusion Matrix Stats:
2025-09-14 10:54:27 -     TP: 5, TN: 3
2025-09-14 10:54:27 -     FP: 0, FN: 1
2025-09-14 10:54:27 - Subject: sub-039
2025-09-14 10:54:27 -   Accuracy: 66.667%
2025-09-14 10:54:27 -   Precision: 0.800
2025-09-14 10:54:27 -   Recall: 0.444
2025-09-14 10:54:27 -   F1 Score: 0.571
2025-09-14 10:54:27 -   AUC: 0.827
2025-09-14 10:54:27 -   Correct/Total: 12/18
2025-09-14 10:54:27 -   Confusion Matrix Stats:
2025-09-14 10:54:27 -     TP: 4, TN: 8
2025-09-14 10:54:27 -     FP: 1, FN: 5
2025-09-14 10:54:27 - Subject: sub-040
2025-09-14 10:54:27 -   Accuracy: 68.750%
2025-09-14 10:54:27 -   Precision: 0.778
2025-09-14 10:54:27 -   Recall: 0.700
2025-09-14 10:54:27 -   F1 Score: 0.737
2025-09-14 10:54:27 -   AUC: 0.817
2025-09-14 10:54:27 -   Correct/Total: 11/16
2025-09-14 10:54:27 -   Confusion Matrix Stats:
2025-09-14 10:54:27 -     TP: 7, TN: 4
2025-09-14 10:54:27 -     FP: 2, FN: 3
2025-09-14 10:54:27 - 
P3 Pooled Model Statistics:
2025-09-14 10:54:27 - Mean Accuracy: 0.679
2025-09-14 10:54:27 - 95% Confidence Interval: [0.637, 0.721]
2025-09-14 10:54:27 - Best Subject: sub-005 (0.929)
2025-09-14 10:54:27 - Worst Subject: sub-008 (0.350)
2025-09-14 10:54:27 - Mean Precision: 0.685
2025-09-14 10:54:27 - Mean Recall: 0.639
2025-09-14 10:54:27 - Mean F1-Score: 0.661
2025-09-14 10:54:27 - Mean AUC: 0.749
2025-09-14 10:54:27 - Mean Confusion Matrix:
2025-09-14 10:54:27 -   TP: 5, TN: 6
2025-09-14 10:54:27 -   FP: 2, FN: 3
