2025-09-25 20:50:15 - 
==================================================
2025-09-25 20:50:15 - TF-DWT Joint Training (Auto-Adjusted)
2025-09-25 20:50:15 - ==================================================
2025-09-25 20:50:15 - 
Experiment Configuration:
2025-09-25 20:50:15 - --------------------------------------------------
2025-09-25 20:50:15 - electrode_list: all
2025-09-25 20:50:15 - fusion_method: none
2025-09-25 20:50:15 - domain_adaptation: none
2025-09-25 20:50:15 - use_enhanced_preprocessing: True
2025-09-25 20:50:15 - batch_size: 128
2025-09-25 20:50:15 - max_epochs: 500
2025-09-25 20:50:15 - learning_rate: 0.012
2025-09-25 20:50:15 - weight_decay: 0.0001
2025-09-25 20:50:15 - dropout_rate: 0.25
2025-09-25 20:50:15 - use_data_augmentation: True
2025-09-25 20:50:15 - noise_std: 0.005
2025-09-25 20:50:15 - time_shift_range: 5
2025-09-25 20:50:15 - label_smoothing: 0.05
2025-09-25 20:50:15 - trials_per_subject_P3: 20
2025-09-25 20:50:15 - trials_per_subject_AVO: 200
2025-09-25 20:50:15 - train/val/test: (0.7, 0.1, 0.2)
2025-09-25 20:50:15 - device_mode: cuda
2025-09-25 20:50:15 - --------------------------------------------------
2025-09-25 20:50:15 - 
==================================================
2025-09-25 20:50:15 - Running Nested Cross-Validation with TF-DWT
2025-09-25 20:50:15 - ==================================================
2025-09-25 20:50:15 - Loading dataset for CV: P3
2025-09-25 20:50:16 - Subject P3_sub-001: Sampled 20/80 trials
2025-09-25 20:50:16 -   Original distribution: {np.int64(0): np.float64(0.5), np.int64(1): np.float64(0.5)}
2025-09-25 20:50:16 -   Sampled distribution: {np.int64(0): np.float64(0.5), np.int64(1): np.float64(0.5)}
2025-09-25 20:50:16 - Subject P3_sub-002: Sampled 20/80 trials
2025-09-25 20:50:16 -   Original distribution: {np.int64(0): np.float64(0.5), np.int64(1): np.float64(0.5)}
2025-09-25 20:50:16 -   Sampled distribution: {np.int64(0): np.float64(0.5), np.int64(1): np.float64(0.5)}
2025-09-25 20:50:16 - Subject P3_sub-003: Sampled 20/80 trials
2025-09-25 20:50:16 -   Original distribution: {np.int64(0): np.float64(0.5), np.int64(1): np.float64(0.5)}
2025-09-25 20:50:16 -   Sampled distribution: {np.int64(0): np.float64(0.5), np.int64(1): np.float64(0.5)}
2025-09-25 20:50:16 - Subject P3_sub-004: Sampled 20/78 trials
2025-09-25 20:50:16 -   Original distribution: {np.int64(0): np.float64(0.5), np.int64(1): np.float64(0.5)}
2025-09-25 20:50:16 -   Sampled distribution: {np.int64(0): np.float64(0.5), np.int64(1): np.float64(0.5)}
2025-09-25 20:50:17 - Subject P3_sub-005: Sampled 20/80 trials
2025-09-25 20:50:17 -   Original distribution: {np.int64(0): np.float64(0.5), np.int64(1): np.float64(0.5)}
2025-09-25 20:50:17 -   Sampled distribution: {np.int64(0): np.float64(0.5), np.int64(1): np.float64(0.5)}
2025-09-25 20:50:17 - Subject P3_sub-006: Sampled 20/80 trials
2025-09-25 20:50:17 -   Original distribution: {np.int64(0): np.float64(0.5), np.int64(1): np.float64(0.5)}
2025-09-25 20:50:17 -   Sampled distribution: {np.int64(0): np.float64(0.5), np.int64(1): np.float64(0.5)}
2025-09-25 20:50:17 - Subject P3_sub-007: Sampled 20/80 trials
2025-09-25 20:50:17 -   Original distribution: {np.int64(0): np.float64(0.5), np.int64(1): np.float64(0.5)}
2025-09-25 20:50:17 -   Sampled distribution: {np.int64(0): np.float64(0.5), np.int64(1): np.float64(0.5)}
2025-09-25 20:50:17 - Subject P3_sub-008: Sampled 20/80 trials
2025-09-25 20:50:17 -   Original distribution: {np.int64(0): np.float64(0.5), np.int64(1): np.float64(0.5)}
2025-09-25 20:50:17 -   Sampled distribution: {np.int64(0): np.float64(0.5), np.int64(1): np.float64(0.5)}
2025-09-25 20:50:17 - Subject P3_sub-009: Sampled 20/80 trials
2025-09-25 20:50:17 -   Original distribution: {np.int64(0): np.float64(0.5), np.int64(1): np.float64(0.5)}
2025-09-25 20:50:17 -   Sampled distribution: {np.int64(0): np.float64(0.5), np.int64(1): np.float64(0.5)}
2025-09-25 20:50:18 - Subject P3_sub-010: Sampled 20/80 trials
2025-09-25 20:50:18 -   Original distribution: {np.int64(0): np.float64(0.5), np.int64(1): np.float64(0.5)}
2025-09-25 20:50:18 -   Sampled distribution: {np.int64(0): np.float64(0.5), np.int64(1): np.float64(0.5)}
2025-09-25 20:50:18 - Subject P3_sub-011: Sampled 20/80 trials
2025-09-25 20:50:18 -   Original distribution: {np.int64(0): np.float64(0.5), np.int64(1): np.float64(0.5)}
2025-09-25 20:50:18 -   Sampled distribution: {np.int64(0): np.float64(0.5), np.int64(1): np.float64(0.5)}
2025-09-25 20:50:18 - Subject P3_sub-012: Sampled 20/78 trials
2025-09-25 20:50:18 -   Original distribution: {np.int64(0): np.float64(0.5), np.int64(1): np.float64(0.5)}
2025-09-25 20:50:18 -   Sampled distribution: {np.int64(0): np.float64(0.5), np.int64(1): np.float64(0.5)}
2025-09-25 20:50:18 - Subject P3_sub-013: Sampled 20/80 trials
2025-09-25 20:50:18 -   Original distribution: {np.int64(0): np.float64(0.5), np.int64(1): np.float64(0.5)}
2025-09-25 20:50:18 -   Sampled distribution: {np.int64(0): np.float64(0.5), np.int64(1): np.float64(0.5)}
2025-09-25 20:50:18 - Subject P3_sub-014: Sampled 20/80 trials
2025-09-25 20:50:18 -   Original distribution: {np.int64(0): np.float64(0.5), np.int64(1): np.float64(0.5)}
2025-09-25 20:50:18 -   Sampled distribution: {np.int64(0): np.float64(0.5), np.int64(1): np.float64(0.5)}
2025-09-25 20:50:18 - Subject P3_sub-015: Sampled 20/80 trials
2025-09-25 20:50:18 -   Original distribution: {np.int64(0): np.float64(0.5), np.int64(1): np.float64(0.5)}
2025-09-25 20:50:18 -   Sampled distribution: {np.int64(0): np.float64(0.5), np.int64(1): np.float64(0.5)}
2025-09-25 20:50:19 - Subject P3_sub-016: Sampled 20/80 trials
2025-09-25 20:50:19 -   Original distribution: {np.int64(0): np.float64(0.5), np.int64(1): np.float64(0.5)}
2025-09-25 20:50:19 -   Sampled distribution: {np.int64(0): np.float64(0.5), np.int64(1): np.float64(0.5)}
2025-09-25 20:50:19 - Subject P3_sub-017: Sampled 20/80 trials
2025-09-25 20:50:19 -   Original distribution: {np.int64(0): np.float64(0.5), np.int64(1): np.float64(0.5)}
2025-09-25 20:50:19 -   Sampled distribution: {np.int64(0): np.float64(0.5), np.int64(1): np.float64(0.5)}
2025-09-25 20:50:19 - Subject P3_sub-018: Sampled 20/80 trials
2025-09-25 20:50:19 -   Original distribution: {np.int64(0): np.float64(0.5), np.int64(1): np.float64(0.5)}
2025-09-25 20:50:19 -   Sampled distribution: {np.int64(0): np.float64(0.5), np.int64(1): np.float64(0.5)}
2025-09-25 20:50:19 - Subject P3_sub-019: Sampled 20/80 trials
2025-09-25 20:50:19 -   Original distribution: {np.int64(0): np.float64(0.5), np.int64(1): np.float64(0.5)}
2025-09-25 20:50:19 -   Sampled distribution: {np.int64(0): np.float64(0.5), np.int64(1): np.float64(0.5)}
2025-09-25 20:50:19 - Subject P3_sub-020: Sampled 20/78 trials
2025-09-25 20:50:19 -   Original distribution: {np.int64(0): np.float64(0.5), np.int64(1): np.float64(0.5)}
2025-09-25 20:50:19 -   Sampled distribution: {np.int64(0): np.float64(0.5), np.int64(1): np.float64(0.5)}
2025-09-25 20:50:20 - Subject P3_sub-021: Sampled 20/80 trials
2025-09-25 20:50:20 -   Original distribution: {np.int64(0): np.float64(0.5), np.int64(1): np.float64(0.5)}
2025-09-25 20:50:20 -   Sampled distribution: {np.int64(0): np.float64(0.5), np.int64(1): np.float64(0.5)}
2025-09-25 20:50:20 - Subject P3_sub-022: Sampled 20/80 trials
2025-09-25 20:50:20 -   Original distribution: {np.int64(0): np.float64(0.5), np.int64(1): np.float64(0.5)}
2025-09-25 20:50:20 -   Sampled distribution: {np.int64(0): np.float64(0.5), np.int64(1): np.float64(0.5)}
2025-09-25 20:50:20 - Subject P3_sub-023: Sampled 20/78 trials
2025-09-25 20:50:20 -   Original distribution: {np.int64(0): np.float64(0.5), np.int64(1): np.float64(0.5)}
2025-09-25 20:50:20 -   Sampled distribution: {np.int64(0): np.float64(0.5), np.int64(1): np.float64(0.5)}
2025-09-25 20:50:20 - Subject P3_sub-024: Sampled 20/80 trials
2025-09-25 20:50:20 -   Original distribution: {np.int64(0): np.float64(0.5), np.int64(1): np.float64(0.5)}
2025-09-25 20:50:20 -   Sampled distribution: {np.int64(0): np.float64(0.5), np.int64(1): np.float64(0.5)}
2025-09-25 20:50:20 - Subject P3_sub-025: Sampled 20/80 trials
2025-09-25 20:50:20 -   Original distribution: {np.int64(0): np.float64(0.5), np.int64(1): np.float64(0.5)}
2025-09-25 20:50:20 -   Sampled distribution: {np.int64(0): np.float64(0.5), np.int64(1): np.float64(0.5)}
2025-09-25 20:50:20 - Subject P3_sub-026: Sampled 20/80 trials
2025-09-25 20:50:20 -   Original distribution: {np.int64(0): np.float64(0.5), np.int64(1): np.float64(0.5)}
2025-09-25 20:50:20 -   Sampled distribution: {np.int64(0): np.float64(0.5), np.int64(1): np.float64(0.5)}
2025-09-25 20:50:21 - Subject P3_sub-027: Sampled 20/80 trials
2025-09-25 20:50:21 -   Original distribution: {np.int64(0): np.float64(0.5), np.int64(1): np.float64(0.5)}
2025-09-25 20:50:21 -   Sampled distribution: {np.int64(0): np.float64(0.5), np.int64(1): np.float64(0.5)}
2025-09-25 20:50:21 - Subject P3_sub-028: Sampled 20/80 trials
2025-09-25 20:50:21 -   Original distribution: {np.int64(0): np.float64(0.5), np.int64(1): np.float64(0.5)}
2025-09-25 20:50:21 -   Sampled distribution: {np.int64(0): np.float64(0.5), np.int64(1): np.float64(0.5)}
2025-09-25 20:50:21 - Subject P3_sub-029: Sampled 20/80 trials
2025-09-25 20:50:21 -   Original distribution: {np.int64(0): np.float64(0.5), np.int64(1): np.float64(0.5)}
2025-09-25 20:50:21 -   Sampled distribution: {np.int64(0): np.float64(0.5), np.int64(1): np.float64(0.5)}
2025-09-25 20:50:21 - Subject P3_sub-030: Sampled 20/80 trials
2025-09-25 20:50:21 -   Original distribution: {np.int64(0): np.float64(0.5), np.int64(1): np.float64(0.5)}
2025-09-25 20:50:21 -   Sampled distribution: {np.int64(0): np.float64(0.5), np.int64(1): np.float64(0.5)}
2025-09-25 20:50:21 - Subject P3_sub-031: Sampled 20/80 trials
2025-09-25 20:50:21 -   Original distribution: {np.int64(0): np.float64(0.5), np.int64(1): np.float64(0.5)}
2025-09-25 20:50:21 -   Sampled distribution: {np.int64(0): np.float64(0.5), np.int64(1): np.float64(0.5)}
2025-09-25 20:50:22 - Subject P3_sub-032: Sampled 20/80 trials
2025-09-25 20:50:22 -   Original distribution: {np.int64(0): np.float64(0.5), np.int64(1): np.float64(0.5)}
2025-09-25 20:50:22 -   Sampled distribution: {np.int64(0): np.float64(0.5), np.int64(1): np.float64(0.5)}
2025-09-25 20:50:22 - Subject P3_sub-033: Sampled 20/80 trials
2025-09-25 20:50:22 -   Original distribution: {np.int64(0): np.float64(0.5), np.int64(1): np.float64(0.5)}
2025-09-25 20:50:22 -   Sampled distribution: {np.int64(0): np.float64(0.5), np.int64(1): np.float64(0.5)}
2025-09-25 20:50:22 - Subject P3_sub-034: Sampled 20/80 trials
2025-09-25 20:50:22 -   Original distribution: {np.int64(0): np.float64(0.5), np.int64(1): np.float64(0.5)}
2025-09-25 20:50:22 -   Sampled distribution: {np.int64(0): np.float64(0.5), np.int64(1): np.float64(0.5)}
2025-09-25 20:50:22 - Subject P3_sub-035: Sampled 20/78 trials
2025-09-25 20:50:22 -   Original distribution: {np.int64(0): np.float64(0.5), np.int64(1): np.float64(0.5)}
2025-09-25 20:50:22 -   Sampled distribution: {np.int64(0): np.float64(0.5), np.int64(1): np.float64(0.5)}
2025-09-25 20:50:22 - Subject P3_sub-036: Sampled 20/80 trials
2025-09-25 20:50:22 -   Original distribution: {np.int64(0): np.float64(0.5), np.int64(1): np.float64(0.5)}
2025-09-25 20:50:22 -   Sampled distribution: {np.int64(0): np.float64(0.5), np.int64(1): np.float64(0.5)}
2025-09-25 20:50:23 - Subject P3_sub-037: Sampled 20/78 trials
2025-09-25 20:50:23 -   Original distribution: {np.int64(0): np.float64(0.5), np.int64(1): np.float64(0.5)}
2025-09-25 20:50:23 -   Sampled distribution: {np.int64(0): np.float64(0.5), np.int64(1): np.float64(0.5)}
2025-09-25 20:50:23 - Subject P3_sub-038: Sampled 20/80 trials
2025-09-25 20:50:23 -   Original distribution: {np.int64(0): np.float64(0.5), np.int64(1): np.float64(0.5)}
2025-09-25 20:50:23 -   Sampled distribution: {np.int64(0): np.float64(0.5), np.int64(1): np.float64(0.5)}
2025-09-25 20:50:23 - Subject P3_sub-039: Sampled 20/80 trials
2025-09-25 20:50:23 -   Original distribution: {np.int64(0): np.float64(0.5), np.int64(1): np.float64(0.5)}
2025-09-25 20:50:23 -   Sampled distribution: {np.int64(0): np.float64(0.5), np.int64(1): np.float64(0.5)}
2025-09-25 20:50:23 - Subject P3_sub-040: Sampled 20/80 trials
2025-09-25 20:50:23 -   Original distribution: {np.int64(0): np.float64(0.5), np.int64(1): np.float64(0.5)}
2025-09-25 20:50:23 -   Sampled distribution: {np.int64(0): np.float64(0.5), np.int64(1): np.float64(0.5)}
2025-09-25 20:50:23 - Loading dataset for CV: AVO
2025-09-25 20:50:29 - Combined dataset summary: total=3824, P3=800, AVO=3024
2025-09-25 20:50:29 - Repeat 1/1
2025-09-25 20:50:29 -   Fold 1/2
2025-09-25 20:50:30 - Fold domains: small=P3 (n=332), large=AVO (n=1341)
2025-09-25 20:50:30 - Auto adjustments (symmetric): w_small≈1.000, lambda_MMD_target=0.250, warmup_epochs=5
2025-09-25 20:50:30 - Epoch 1/500 | LR=0.012000 | w_AVO=1.000 | w_P3=1.202 | lambda_MMD=0.050
2025-09-25 20:50:33 - Epoch Summary: TrainLoss=1.6273 | TrainAcc=0.488 | Val(P3)=0.635 | Val(AVO)=0.578
2025-09-25 20:50:33 - New best P3-val; checkpoint updated
2025-09-25 20:50:33 - Epoch 2/500 | LR=0.012000 | w_AVO=1.000 | w_P3=1.404 | lambda_MMD=0.100
2025-09-25 20:50:35 - Epoch Summary: TrainLoss=1.5993 | TrainAcc=0.556 | Val(P3)=0.692 | Val(AVO)=0.583
2025-09-25 20:50:35 - New best P3-val; checkpoint updated
2025-09-25 20:50:35 - Epoch 3/500 | LR=0.012000 | w_AVO=1.000 | w_P3=1.606 | lambda_MMD=0.150
2025-09-25 20:50:36 - Epoch Summary: TrainLoss=1.6892 | TrainAcc=0.586 | Val(P3)=0.654 | Val(AVO)=0.572
2025-09-25 20:50:36 - No P3-val improvement; patience remaining: 29/30
2025-09-25 20:50:36 - Epoch 4/500 | LR=0.011999 | w_AVO=1.000 | w_P3=1.808 | lambda_MMD=0.200
2025-09-25 20:50:38 - Epoch Summary: TrainLoss=1.7987 | TrainAcc=0.588 | Val(P3)=0.654 | Val(AVO)=0.545
2025-09-25 20:50:38 - No P3-val improvement; patience remaining: 28/30
2025-09-25 20:50:38 - AVO val decreasing 3x. Reducing lambda_MMD to 0.175
2025-09-25 20:50:38 - Epoch 5/500 | LR=0.011998 | w_AVO=1.000 | w_P3=2.010 | lambda_MMD=0.175
2025-09-25 20:50:40 - Epoch Summary: TrainLoss=1.9006 | TrainAcc=0.606 | Val(P3)=0.692 | Val(AVO)=0.578
2025-09-25 20:50:40 - No P3-val improvement; patience remaining: 27/30
2025-09-25 20:50:40 - Epoch 6/500 | LR=0.011997 | w_AVO=1.000 | w_P3=2.010 | lambda_MMD=0.250
2025-09-25 20:50:42 - Epoch Summary: TrainLoss=1.8752 | TrainAcc=0.609 | Val(P3)=0.692 | Val(AVO)=0.583
2025-09-25 20:50:42 - No P3-val improvement; patience remaining: 26/30
2025-09-25 20:50:42 - Epoch 7/500 | LR=0.011996 | w_AVO=1.000 | w_P3=2.010 | lambda_MMD=0.250
2025-09-25 20:50:44 - Epoch Summary: TrainLoss=1.8387 | TrainAcc=0.632 | Val(P3)=0.692 | Val(AVO)=0.556
2025-09-25 20:50:44 - No P3-val improvement; patience remaining: 25/30
2025-09-25 20:50:44 - Epoch 8/500 | LR=0.011994 | w_AVO=1.000 | w_P3=2.010 | lambda_MMD=0.250
2025-09-25 20:50:47 - Epoch Summary: TrainLoss=1.8113 | TrainAcc=0.635 | Val(P3)=0.673 | Val(AVO)=0.583
2025-09-25 20:50:47 - No P3-val improvement; patience remaining: 24/30
2025-09-25 20:50:47 - Epoch 9/500 | LR=0.011992 | w_AVO=1.000 | w_P3=2.010 | lambda_MMD=0.250
2025-09-25 20:50:49 - Epoch Summary: TrainLoss=1.7806 | TrainAcc=0.644 | Val(P3)=0.654 | Val(AVO)=0.561
2025-09-25 20:50:49 - No P3-val improvement; patience remaining: 23/30
2025-09-25 20:50:49 - P3 val decreasing 3x. Reducing w_small to 1.608, lambda_MMD to 0.125
2025-09-25 20:50:49 - Epoch 10/500 | LR=0.011990 | w_AVO=1.000 | w_P3=1.608 | lambda_MMD=0.125
2025-09-25 20:50:51 - Epoch Summary: TrainLoss=1.5086 | TrainAcc=0.652 | Val(P3)=0.673 | Val(AVO)=0.561
2025-09-25 20:50:51 - No P3-val improvement; patience remaining: 22/30
2025-09-25 20:50:51 - Epoch 11/500 | LR=0.011988 | w_AVO=1.000 | w_P3=2.010 | lambda_MMD=0.250
2025-09-25 20:50:53 - Epoch Summary: TrainLoss=1.7124 | TrainAcc=0.646 | Val(P3)=0.654 | Val(AVO)=0.567
2025-09-25 20:50:53 - No P3-val improvement; patience remaining: 21/30
2025-09-25 20:50:53 - Epoch 12/500 | LR=0.011986 | w_AVO=1.000 | w_P3=2.010 | lambda_MMD=0.250
2025-09-25 20:50:54 - Epoch Summary: TrainLoss=1.6772 | TrainAcc=0.666 | Val(P3)=0.692 | Val(AVO)=0.572
2025-09-25 20:50:54 - No P3-val improvement; patience remaining: 20/30
2025-09-25 20:50:54 - Epoch 13/500 | LR=0.011983 | w_AVO=1.000 | w_P3=2.010 | lambda_MMD=0.250
2025-09-25 20:50:56 - Epoch Summary: TrainLoss=1.6390 | TrainAcc=0.667 | Val(P3)=0.692 | Val(AVO)=0.604
2025-09-25 20:50:56 - No P3-val improvement; patience remaining: 19/30
2025-09-25 20:50:56 - Epoch 14/500 | LR=0.011980 | w_AVO=1.000 | w_P3=2.010 | lambda_MMD=0.250
2025-09-25 20:50:58 - Epoch Summary: TrainLoss=1.6351 | TrainAcc=0.650 | Val(P3)=0.712 | Val(AVO)=0.588
2025-09-25 20:50:58 - New best P3-val; checkpoint updated
2025-09-25 20:50:58 - Epoch 15/500 | LR=0.011977 | w_AVO=1.000 | w_P3=2.010 | lambda_MMD=0.250
2025-09-25 20:50:59 - Epoch Summary: TrainLoss=1.5891 | TrainAcc=0.667 | Val(P3)=0.712 | Val(AVO)=0.610
2025-09-25 20:50:59 - No P3-val improvement; patience remaining: 29/30
2025-09-25 20:50:59 - Epoch 16/500 | LR=0.011973 | w_AVO=1.000 | w_P3=2.010 | lambda_MMD=0.250
2025-09-25 20:51:02 - Epoch Summary: TrainLoss=1.5832 | TrainAcc=0.670 | Val(P3)=0.750 | Val(AVO)=0.599
2025-09-25 20:51:02 - New best P3-val; checkpoint updated
2025-09-25 20:51:02 - Epoch 17/500 | LR=0.011970 | w_AVO=1.000 | w_P3=2.010 | lambda_MMD=0.250
2025-09-25 20:51:04 - Epoch Summary: TrainLoss=1.5468 | TrainAcc=0.668 | Val(P3)=0.654 | Val(AVO)=0.599
2025-09-25 20:51:04 - No P3-val improvement; patience remaining: 29/30
2025-09-25 20:51:04 - Epoch 18/500 | LR=0.011966 | w_AVO=1.000 | w_P3=2.010 | lambda_MMD=0.250
2025-09-25 20:51:06 - Epoch Summary: TrainLoss=1.5171 | TrainAcc=0.662 | Val(P3)=0.750 | Val(AVO)=0.561
2025-09-25 20:51:06 - No P3-val improvement; patience remaining: 28/30
2025-09-25 20:51:06 - Epoch 19/500 | LR=0.011962 | w_AVO=1.000 | w_P3=2.010 | lambda_MMD=0.250
2025-09-25 20:51:07 - Epoch Summary: TrainLoss=1.4689 | TrainAcc=0.688 | Val(P3)=0.750 | Val(AVO)=0.583
2025-09-25 20:51:07 - No P3-val improvement; patience remaining: 27/30
2025-09-25 20:51:07 - Epoch 20/500 | LR=0.011957 | w_AVO=1.000 | w_P3=2.010 | lambda_MMD=0.250
2025-09-25 20:51:10 - Epoch Summary: TrainLoss=1.4525 | TrainAcc=0.681 | Val(P3)=0.731 | Val(AVO)=0.610
2025-09-25 20:51:10 - No P3-val improvement; patience remaining: 26/30
2025-09-25 20:51:10 - Epoch 21/500 | LR=0.011953 | w_AVO=1.000 | w_P3=2.010 | lambda_MMD=0.250
2025-09-25 20:51:11 - Epoch Summary: TrainLoss=1.4216 | TrainAcc=0.681 | Val(P3)=0.731 | Val(AVO)=0.604
2025-09-25 20:51:11 - No P3-val improvement; patience remaining: 25/30
2025-09-25 20:51:11 - Epoch 22/500 | LR=0.011948 | w_AVO=1.000 | w_P3=2.010 | lambda_MMD=0.250
2025-09-25 20:51:13 - Epoch Summary: TrainLoss=1.4128 | TrainAcc=0.680 | Val(P3)=0.788 | Val(AVO)=0.572
2025-09-25 20:51:13 - New best P3-val; checkpoint updated
2025-09-25 20:51:13 - AVO val decreasing 3x. Reducing lambda_MMD to 0.175
2025-09-25 20:51:13 - Epoch 23/500 | LR=0.011943 | w_AVO=1.000 | w_P3=2.010 | lambda_MMD=0.175
2025-09-25 20:51:14 - Epoch Summary: TrainLoss=1.4322 | TrainAcc=0.674 | Val(P3)=0.654 | Val(AVO)=0.599
2025-09-25 20:51:14 - No P3-val improvement; patience remaining: 29/30
2025-09-25 20:51:14 - Epoch 24/500 | LR=0.011937 | w_AVO=1.000 | w_P3=2.010 | lambda_MMD=0.250
2025-09-25 20:51:16 - Epoch Summary: TrainLoss=1.3684 | TrainAcc=0.682 | Val(P3)=0.788 | Val(AVO)=0.599
2025-09-25 20:51:16 - No P3-val improvement; patience remaining: 28/30
2025-09-25 20:51:16 - Epoch 25/500 | LR=0.011932 | w_AVO=1.000 | w_P3=2.010 | lambda_MMD=0.250
2025-09-25 20:51:17 - Epoch Summary: TrainLoss=1.3285 | TrainAcc=0.691 | Val(P3)=0.750 | Val(AVO)=0.561
2025-09-25 20:51:17 - No P3-val improvement; patience remaining: 27/30
2025-09-25 20:51:17 - Epoch 26/500 | LR=0.011926 | w_AVO=1.000 | w_P3=2.010 | lambda_MMD=0.250
2025-09-25 20:51:18 - Epoch Summary: TrainLoss=1.3454 | TrainAcc=0.682 | Val(P3)=0.635 | Val(AVO)=0.658
2025-09-25 20:51:18 - No P3-val improvement; patience remaining: 26/30
2025-09-25 20:51:18 - P3 val decreasing 3x. Reducing w_small to 1.608, lambda_MMD to 0.125
2025-09-25 20:51:18 - Epoch 27/500 | LR=0.011920 | w_AVO=1.000 | w_P3=1.608 | lambda_MMD=0.125
2025-09-25 20:51:20 - Epoch Summary: TrainLoss=1.1564 | TrainAcc=0.705 | Val(P3)=0.750 | Val(AVO)=0.620
2025-09-25 20:51:20 - No P3-val improvement; patience remaining: 25/30
2025-09-25 20:51:20 - Epoch 28/500 | LR=0.011914 | w_AVO=1.000 | w_P3=2.010 | lambda_MMD=0.250
2025-09-25 20:51:22 - Epoch Summary: TrainLoss=1.2786 | TrainAcc=0.706 | Val(P3)=0.750 | Val(AVO)=0.631
2025-09-25 20:51:22 - No P3-val improvement; patience remaining: 24/30
2025-09-25 20:51:22 - Epoch 29/500 | LR=0.011907 | w_AVO=1.000 | w_P3=2.010 | lambda_MMD=0.250
2025-09-25 20:51:24 - Epoch Summary: TrainLoss=1.2416 | TrainAcc=0.695 | Val(P3)=0.692 | Val(AVO)=0.626
2025-09-25 20:51:24 - No P3-val improvement; patience remaining: 23/30
2025-09-25 20:51:24 - Epoch 30/500 | LR=0.011901 | w_AVO=1.000 | w_P3=2.010 | lambda_MMD=0.250
2025-09-25 20:51:26 - Epoch Summary: TrainLoss=1.2285 | TrainAcc=0.700 | Val(P3)=0.769 | Val(AVO)=0.599
2025-09-25 20:51:26 - No P3-val improvement; patience remaining: 22/30
2025-09-25 20:51:26 - AVO val decreasing 3x. Reducing lambda_MMD to 0.175
2025-09-25 20:51:26 - Epoch 31/500 | LR=0.011894 | w_AVO=1.000 | w_P3=2.010 | lambda_MMD=0.175
2025-09-25 20:51:28 - Epoch Summary: TrainLoss=1.2258 | TrainAcc=0.687 | Val(P3)=0.769 | Val(AVO)=0.599
2025-09-25 20:51:28 - No P3-val improvement; patience remaining: 21/30
2025-09-25 20:51:28 - Epoch 32/500 | LR=0.011887 | w_AVO=1.000 | w_P3=2.010 | lambda_MMD=0.250
2025-09-25 20:51:30 - Epoch Summary: TrainLoss=1.1892 | TrainAcc=0.708 | Val(P3)=0.788 | Val(AVO)=0.626
2025-09-25 20:51:30 - No P3-val improvement; patience remaining: 20/30
2025-09-25 20:51:30 - Epoch 33/500 | LR=0.011879 | w_AVO=1.000 | w_P3=2.010 | lambda_MMD=0.250
2025-09-25 20:51:32 - Epoch Summary: TrainLoss=1.1552 | TrainAcc=0.706 | Val(P3)=0.673 | Val(AVO)=0.626
2025-09-25 20:51:32 - No P3-val improvement; patience remaining: 19/30
2025-09-25 20:51:32 - Epoch 34/500 | LR=0.011871 | w_AVO=1.000 | w_P3=2.010 | lambda_MMD=0.250
2025-09-25 20:51:33 - Epoch Summary: TrainLoss=1.1491 | TrainAcc=0.708 | Val(P3)=0.673 | Val(AVO)=0.642
2025-09-25 20:51:33 - No P3-val improvement; patience remaining: 18/30
2025-09-25 20:51:33 - Epoch 35/500 | LR=0.011864 | w_AVO=1.000 | w_P3=2.010 | lambda_MMD=0.250
2025-09-25 20:51:35 - Epoch Summary: TrainLoss=1.1443 | TrainAcc=0.705 | Val(P3)=0.654 | Val(AVO)=0.663
2025-09-25 20:51:35 - No P3-val improvement; patience remaining: 17/30
2025-09-25 20:51:35 - Epoch 36/500 | LR=0.011856 | w_AVO=1.000 | w_P3=2.010 | lambda_MMD=0.250
2025-09-25 20:51:37 - Epoch Summary: TrainLoss=1.1512 | TrainAcc=0.691 | Val(P3)=0.692 | Val(AVO)=0.636
2025-09-25 20:51:37 - No P3-val improvement; patience remaining: 16/30
2025-09-25 20:51:37 - Epoch 37/500 | LR=0.011847 | w_AVO=1.000 | w_P3=2.010 | lambda_MMD=0.250
2025-09-25 20:51:39 - Epoch Summary: TrainLoss=1.1421 | TrainAcc=0.700 | Val(P3)=0.712 | Val(AVO)=0.551
2025-09-25 20:51:39 - No P3-val improvement; patience remaining: 15/30
2025-09-25 20:51:39 - AVO val decreasing 3x. Reducing lambda_MMD to 0.175
2025-09-25 20:51:39 - Epoch 38/500 | LR=0.011839 | w_AVO=1.000 | w_P3=2.010 | lambda_MMD=0.175
2025-09-25 20:51:40 - Epoch Summary: TrainLoss=1.1096 | TrainAcc=0.702 | Val(P3)=0.692 | Val(AVO)=0.642
2025-09-25 20:51:40 - No P3-val improvement; patience remaining: 14/30
2025-09-25 20:51:40 - Epoch 39/500 | LR=0.011830 | w_AVO=1.000 | w_P3=2.010 | lambda_MMD=0.250
2025-09-25 20:51:42 - Epoch Summary: TrainLoss=1.0637 | TrainAcc=0.708 | Val(P3)=0.692 | Val(AVO)=0.620
2025-09-25 20:51:42 - No P3-val improvement; patience remaining: 13/30
2025-09-25 20:51:42 - Epoch 40/500 | LR=0.011821 | w_AVO=1.000 | w_P3=2.010 | lambda_MMD=0.250
2025-09-25 20:51:43 - Epoch Summary: TrainLoss=1.0730 | TrainAcc=0.724 | Val(P3)=0.712 | Val(AVO)=0.642
2025-09-25 20:51:43 - No P3-val improvement; patience remaining: 12/30
2025-09-25 20:51:43 - Epoch 41/500 | LR=0.011811 | w_AVO=1.000 | w_P3=2.010 | lambda_MMD=0.250
2025-09-25 20:51:45 - Epoch Summary: TrainLoss=1.0484 | TrainAcc=0.714 | Val(P3)=0.692 | Val(AVO)=0.647
2025-09-25 20:51:45 - No P3-val improvement; patience remaining: 11/30
2025-09-25 20:51:45 - Epoch 42/500 | LR=0.011802 | w_AVO=1.000 | w_P3=2.010 | lambda_MMD=0.250
2025-09-25 20:51:47 - Epoch Summary: TrainLoss=1.0353 | TrainAcc=0.711 | Val(P3)=0.654 | Val(AVO)=0.642
2025-09-25 20:51:47 - No P3-val improvement; patience remaining: 10/30
2025-09-25 20:51:47 - P3 val decreasing 3x. Reducing w_small to 1.608, lambda_MMD to 0.125
2025-09-25 20:51:47 - Epoch 43/500 | LR=0.011792 | w_AVO=1.000 | w_P3=1.608 | lambda_MMD=0.125
2025-09-25 20:51:49 - Epoch Summary: TrainLoss=0.9046 | TrainAcc=0.736 | Val(P3)=0.712 | Val(AVO)=0.626
2025-09-25 20:51:49 - No P3-val improvement; patience remaining: 9/30
2025-09-25 20:51:49 - AVO val decreasing 3x. Reducing lambda_MMD to 0.175
2025-09-25 20:51:49 - Epoch 44/500 | LR=0.011782 | w_AVO=1.000 | w_P3=2.010 | lambda_MMD=0.175
2025-09-25 20:51:52 - Epoch Summary: TrainLoss=0.9930 | TrainAcc=0.722 | Val(P3)=0.673 | Val(AVO)=0.636
2025-09-25 20:51:52 - No P3-val improvement; patience remaining: 8/30
2025-09-25 20:51:52 - Epoch 45/500 | LR=0.011772 | w_AVO=1.000 | w_P3=2.010 | lambda_MMD=0.250
2025-09-25 20:51:54 - Epoch Summary: TrainLoss=1.0175 | TrainAcc=0.711 | Val(P3)=0.692 | Val(AVO)=0.610
2025-09-25 20:51:54 - No P3-val improvement; patience remaining: 7/30
2025-09-25 20:51:54 - Epoch 46/500 | LR=0.011762 | w_AVO=1.000 | w_P3=2.010 | lambda_MMD=0.250
2025-09-25 20:51:56 - Epoch Summary: TrainLoss=0.9964 | TrainAcc=0.721 | Val(P3)=0.692 | Val(AVO)=0.636
2025-09-25 20:51:56 - No P3-val improvement; patience remaining: 6/30
2025-09-25 20:51:56 - Epoch 47/500 | LR=0.011751 | w_AVO=1.000 | w_P3=2.010 | lambda_MMD=0.250
2025-09-25 20:51:57 - Epoch Summary: TrainLoss=0.9624 | TrainAcc=0.720 | Val(P3)=0.712 | Val(AVO)=0.604
2025-09-25 20:51:57 - No P3-val improvement; patience remaining: 5/30
2025-09-25 20:51:57 - Epoch 48/500 | LR=0.011740 | w_AVO=1.000 | w_P3=2.010 | lambda_MMD=0.250
2025-09-25 20:51:58 - Epoch Summary: TrainLoss=0.9514 | TrainAcc=0.725 | Val(P3)=0.712 | Val(AVO)=0.642
2025-09-25 20:51:58 - No P3-val improvement; patience remaining: 4/30
2025-09-25 20:51:58 - Epoch 49/500 | LR=0.011729 | w_AVO=1.000 | w_P3=2.010 | lambda_MMD=0.250
2025-09-25 20:51:59 - Epoch Summary: TrainLoss=0.9328 | TrainAcc=0.726 | Val(P3)=0.654 | Val(AVO)=0.642
2025-09-25 20:51:59 - No P3-val improvement; patience remaining: 3/30
2025-09-25 20:51:59 - Epoch 50/500 | LR=0.011718 | w_AVO=1.000 | w_P3=2.010 | lambda_MMD=0.250
2025-09-25 20:52:00 - Epoch Summary: TrainLoss=0.9074 | TrainAcc=0.734 | Val(P3)=0.635 | Val(AVO)=0.620
2025-09-25 20:52:00 - No P3-val improvement; patience remaining: 2/30
2025-09-25 20:52:00 - P3 val decreasing 3x. Reducing w_small to 1.608, lambda_MMD to 0.125
2025-09-25 20:52:00 - Epoch 51/500 | LR=0.011706 | w_AVO=1.000 | w_P3=1.608 | lambda_MMD=0.125
2025-09-25 20:52:01 - Epoch Summary: TrainLoss=0.8421 | TrainAcc=0.729 | Val(P3)=0.712 | Val(AVO)=0.642
2025-09-25 20:52:01 - No P3-val improvement; patience remaining: 1/30
2025-09-25 20:52:01 - Epoch 52/500 | LR=0.011695 | w_AVO=1.000 | w_P3=2.010 | lambda_MMD=0.250
2025-09-25 20:52:04 - Epoch Summary: TrainLoss=0.9042 | TrainAcc=0.742 | Val(P3)=0.692 | Val(AVO)=0.620
2025-09-25 20:52:04 - No P3-val improvement; patience remaining: 0/30
2025-09-25 20:52:04 - Early stopping triggered (P3-val)
2025-09-25 20:52:04 -     P3 Test | Acc=0.5793 P=0.6037 R=0.4737 F1=0.5308 AUC=0.6189 (n=416)
2025-09-25 20:52:04 -     AVO Test | Acc=0.6143 P=0.6280 R=0.5582 F1=0.5911 AUC=0.6783 (n=1496)
2025-09-25 20:52:04 -     Overall Test Acc=0.6067
2025-09-25 20:52:04 -   Fold 2/2
2025-09-25 20:52:04 - Fold domains: small=P3 (n=361), large=AVO (n=1312)
2025-09-25 20:52:04 - Auto adjustments (symmetric): w_small≈1.000, lambda_MMD_target=0.250, warmup_epochs=5
2025-09-25 20:52:04 - Epoch 1/500 | LR=0.012000 | w_AVO=1.000 | w_P3=1.181 | lambda_MMD=0.050
2025-09-25 20:52:06 - Epoch Summary: TrainLoss=1.6163 | TrainAcc=0.533 | Val(P3)=0.709 | Val(AVO)=0.587
2025-09-25 20:52:06 - New best P3-val; checkpoint updated
2025-09-25 20:52:06 - Epoch 2/500 | LR=0.012000 | w_AVO=1.000 | w_P3=1.363 | lambda_MMD=0.100
2025-09-25 20:52:08 - Epoch Summary: TrainLoss=1.5538 | TrainAcc=0.590 | Val(P3)=0.727 | Val(AVO)=0.538
2025-09-25 20:52:08 - New best P3-val; checkpoint updated
2025-09-25 20:52:08 - Epoch 3/500 | LR=0.012000 | w_AVO=1.000 | w_P3=1.544 | lambda_MMD=0.150
2025-09-25 20:52:09 - Epoch Summary: TrainLoss=1.6448 | TrainAcc=0.621 | Val(P3)=0.691 | Val(AVO)=0.587
2025-09-25 20:52:09 - No P3-val improvement; patience remaining: 29/30
2025-09-25 20:52:09 - Epoch 4/500 | LR=0.011999 | w_AVO=1.000 | w_P3=1.725 | lambda_MMD=0.200
2025-09-25 20:52:12 - Epoch Summary: TrainLoss=1.7393 | TrainAcc=0.627 | Val(P3)=0.691 | Val(AVO)=0.592
2025-09-25 20:52:12 - No P3-val improvement; patience remaining: 28/30
2025-09-25 20:52:12 - Epoch 5/500 | LR=0.011998 | w_AVO=1.000 | w_P3=1.906 | lambda_MMD=0.250
2025-09-25 20:52:14 - Epoch Summary: TrainLoss=1.8353 | TrainAcc=0.629 | Val(P3)=0.691 | Val(AVO)=0.549
2025-09-25 20:52:14 - No P3-val improvement; patience remaining: 27/30
2025-09-25 20:52:14 - Epoch 6/500 | LR=0.011997 | w_AVO=1.000 | w_P3=1.906 | lambda_MMD=0.250
2025-09-25 20:52:16 - Epoch Summary: TrainLoss=1.8217 | TrainAcc=0.634 | Val(P3)=0.673 | Val(AVO)=0.554
2025-09-25 20:52:16 - No P3-val improvement; patience remaining: 26/30
2025-09-25 20:52:16 - Epoch 7/500 | LR=0.011996 | w_AVO=1.000 | w_P3=1.906 | lambda_MMD=0.250
2025-09-25 20:52:18 - Epoch Summary: TrainLoss=1.7913 | TrainAcc=0.631 | Val(P3)=0.709 | Val(AVO)=0.576
2025-09-25 20:52:18 - No P3-val improvement; patience remaining: 25/30
2025-09-25 20:52:18 - Epoch 8/500 | LR=0.011994 | w_AVO=1.000 | w_P3=1.906 | lambda_MMD=0.250
2025-09-25 20:52:19 - Epoch Summary: TrainLoss=1.8001 | TrainAcc=0.640 | Val(P3)=0.673 | Val(AVO)=0.560
2025-09-25 20:52:19 - No P3-val improvement; patience remaining: 24/30
2025-09-25 20:52:19 - Epoch 9/500 | LR=0.011992 | w_AVO=1.000 | w_P3=1.906 | lambda_MMD=0.250
2025-09-25 20:52:20 - Epoch Summary: TrainLoss=1.7643 | TrainAcc=0.641 | Val(P3)=0.691 | Val(AVO)=0.603
2025-09-25 20:52:20 - No P3-val improvement; patience remaining: 23/30
2025-09-25 20:52:20 - Epoch 10/500 | LR=0.011990 | w_AVO=1.000 | w_P3=1.906 | lambda_MMD=0.250
2025-09-25 20:52:21 - Epoch Summary: TrainLoss=1.7392 | TrainAcc=0.655 | Val(P3)=0.673 | Val(AVO)=0.571
2025-09-25 20:52:21 - No P3-val improvement; patience remaining: 22/30
2025-09-25 20:52:21 - Epoch 11/500 | LR=0.011988 | w_AVO=1.000 | w_P3=1.906 | lambda_MMD=0.250
2025-09-25 20:52:22 - Epoch Summary: TrainLoss=1.7169 | TrainAcc=0.651 | Val(P3)=0.636 | Val(AVO)=0.571
2025-09-25 20:52:22 - No P3-val improvement; patience remaining: 21/30
2025-09-25 20:52:22 - P3 val decreasing 3x. Reducing w_small to 1.525, lambda_MMD to 0.125
2025-09-25 20:52:22 - Epoch 12/500 | LR=0.011986 | w_AVO=1.000 | w_P3=1.525 | lambda_MMD=0.125
2025-09-25 20:52:25 - Epoch Summary: TrainLoss=1.4942 | TrainAcc=0.660 | Val(P3)=0.673 | Val(AVO)=0.620
2025-09-25 20:52:25 - No P3-val improvement; patience remaining: 20/30
2025-09-25 20:52:25 - Epoch 13/500 | LR=0.011983 | w_AVO=1.000 | w_P3=1.906 | lambda_MMD=0.250
2025-09-25 20:52:26 - Epoch Summary: TrainLoss=1.6763 | TrainAcc=0.660 | Val(P3)=0.727 | Val(AVO)=0.620
2025-09-25 20:52:26 - No P3-val improvement; patience remaining: 19/30
2025-09-25 20:52:26 - Epoch 14/500 | LR=0.011980 | w_AVO=1.000 | w_P3=1.906 | lambda_MMD=0.250
2025-09-25 20:52:27 - Epoch Summary: TrainLoss=1.6321 | TrainAcc=0.670 | Val(P3)=0.727 | Val(AVO)=0.630
2025-09-25 20:52:27 - No P3-val improvement; patience remaining: 18/30
2025-09-25 20:52:27 - Epoch 15/500 | LR=0.011977 | w_AVO=1.000 | w_P3=1.906 | lambda_MMD=0.250
2025-09-25 20:52:29 - Epoch Summary: TrainLoss=1.5980 | TrainAcc=0.681 | Val(P3)=0.727 | Val(AVO)=0.603
2025-09-25 20:52:29 - No P3-val improvement; patience remaining: 17/30
2025-09-25 20:52:29 - Epoch 16/500 | LR=0.011973 | w_AVO=1.000 | w_P3=1.906 | lambda_MMD=0.250
2025-09-25 20:52:31 - Epoch Summary: TrainLoss=1.5812 | TrainAcc=0.665 | Val(P3)=0.691 | Val(AVO)=0.620
2025-09-25 20:52:31 - No P3-val improvement; patience remaining: 16/30
2025-09-25 20:52:31 - Epoch 17/500 | LR=0.011970 | w_AVO=1.000 | w_P3=1.906 | lambda_MMD=0.250
2025-09-25 20:52:33 - Epoch Summary: TrainLoss=1.5654 | TrainAcc=0.668 | Val(P3)=0.600 | Val(AVO)=0.571
2025-09-25 20:52:33 - No P3-val improvement; patience remaining: 15/30
2025-09-25 20:52:33 - P3 val decreasing 3x. Reducing w_small to 1.525, lambda_MMD to 0.125
2025-09-25 20:52:33 - Epoch 18/500 | LR=0.011966 | w_AVO=1.000 | w_P3=1.525 | lambda_MMD=0.125
2025-09-25 20:52:35 - Epoch Summary: TrainLoss=1.3762 | TrainAcc=0.675 | Val(P3)=0.673 | Val(AVO)=0.538
2025-09-25 20:52:35 - No P3-val improvement; patience remaining: 14/30
2025-09-25 20:52:35 - AVO val decreasing 3x. Reducing lambda_MMD to 0.175
2025-09-25 20:52:35 - Epoch 19/500 | LR=0.011962 | w_AVO=1.000 | w_P3=1.906 | lambda_MMD=0.175
2025-09-25 20:52:37 - Epoch Summary: TrainLoss=1.5160 | TrainAcc=0.693 | Val(P3)=0.691 | Val(AVO)=0.636
2025-09-25 20:52:37 - No P3-val improvement; patience remaining: 13/30
2025-09-25 20:52:37 - Epoch 20/500 | LR=0.011957 | w_AVO=1.000 | w_P3=1.906 | lambda_MMD=0.250
2025-09-25 20:52:38 - Epoch Summary: TrainLoss=1.4961 | TrainAcc=0.673 | Val(P3)=0.691 | Val(AVO)=0.549
2025-09-25 20:52:38 - No P3-val improvement; patience remaining: 12/30
2025-09-25 20:52:38 - Epoch 21/500 | LR=0.011953 | w_AVO=1.000 | w_P3=1.906 | lambda_MMD=0.250
2025-09-25 20:52:39 - Epoch Summary: TrainLoss=1.4813 | TrainAcc=0.681 | Val(P3)=0.673 | Val(AVO)=0.609
2025-09-25 20:52:39 - No P3-val improvement; patience remaining: 11/30
2025-09-25 20:52:39 - Epoch 22/500 | LR=0.011948 | w_AVO=1.000 | w_P3=1.906 | lambda_MMD=0.250
2025-09-25 20:52:41 - Epoch Summary: TrainLoss=1.4434 | TrainAcc=0.692 | Val(P3)=0.673 | Val(AVO)=0.614
2025-09-25 20:52:41 - No P3-val improvement; patience remaining: 10/30
2025-09-25 20:52:41 - Epoch 23/500 | LR=0.011943 | w_AVO=1.000 | w_P3=1.906 | lambda_MMD=0.250
2025-09-25 20:52:43 - Epoch Summary: TrainLoss=1.4403 | TrainAcc=0.694 | Val(P3)=0.691 | Val(AVO)=0.522
2025-09-25 20:52:43 - No P3-val improvement; patience remaining: 9/30
2025-09-25 20:52:43 - Epoch 24/500 | LR=0.011937 | w_AVO=1.000 | w_P3=1.906 | lambda_MMD=0.250
2025-09-25 20:52:46 - Epoch Summary: TrainLoss=1.4137 | TrainAcc=0.702 | Val(P3)=0.636 | Val(AVO)=0.571
2025-09-25 20:52:46 - No P3-val improvement; patience remaining: 8/30
2025-09-25 20:52:46 - Epoch 25/500 | LR=0.011932 | w_AVO=1.000 | w_P3=1.906 | lambda_MMD=0.250
2025-09-25 20:52:48 - Epoch Summary: TrainLoss=1.4007 | TrainAcc=0.663 | Val(P3)=0.709 | Val(AVO)=0.603
2025-09-25 20:52:48 - No P3-val improvement; patience remaining: 7/30
2025-09-25 20:52:48 - Epoch 26/500 | LR=0.011926 | w_AVO=1.000 | w_P3=1.906 | lambda_MMD=0.250
2025-09-25 20:52:50 - Epoch Summary: TrainLoss=1.3478 | TrainAcc=0.704 | Val(P3)=0.709 | Val(AVO)=0.543
2025-09-25 20:52:50 - No P3-val improvement; patience remaining: 6/30
2025-09-25 20:52:50 - Epoch 27/500 | LR=0.011920 | w_AVO=1.000 | w_P3=1.906 | lambda_MMD=0.250
2025-09-25 20:52:52 - Epoch Summary: TrainLoss=1.3194 | TrainAcc=0.710 | Val(P3)=0.727 | Val(AVO)=0.603
2025-09-25 20:52:52 - No P3-val improvement; patience remaining: 5/30
2025-09-25 20:52:52 - Epoch 28/500 | LR=0.011914 | w_AVO=1.000 | w_P3=1.906 | lambda_MMD=0.250
2025-09-25 20:52:54 - Epoch Summary: TrainLoss=1.3186 | TrainAcc=0.702 | Val(P3)=0.691 | Val(AVO)=0.614
2025-09-25 20:52:54 - No P3-val improvement; patience remaining: 4/30
2025-09-25 20:52:54 - Epoch 29/500 | LR=0.011907 | w_AVO=1.000 | w_P3=1.906 | lambda_MMD=0.250
2025-09-25 20:52:56 - Epoch Summary: TrainLoss=1.3056 | TrainAcc=0.688 | Val(P3)=0.727 | Val(AVO)=0.571
2025-09-25 20:52:56 - No P3-val improvement; patience remaining: 3/30
2025-09-25 20:52:56 - Epoch 30/500 | LR=0.011901 | w_AVO=1.000 | w_P3=1.906 | lambda_MMD=0.250
2025-09-25 20:52:57 - Epoch Summary: TrainLoss=1.3052 | TrainAcc=0.696 | Val(P3)=0.673 | Val(AVO)=0.565
2025-09-25 20:52:57 - No P3-val improvement; patience remaining: 2/30
2025-09-25 20:52:57 - AVO val decreasing 3x. Reducing lambda_MMD to 0.175
2025-09-25 20:52:57 - Epoch 31/500 | LR=0.011894 | w_AVO=1.000 | w_P3=1.906 | lambda_MMD=0.175
2025-09-25 20:52:58 - Epoch Summary: TrainLoss=1.2627 | TrainAcc=0.697 | Val(P3)=0.745 | Val(AVO)=0.603
2025-09-25 20:52:58 - New best P3-val; checkpoint updated
2025-09-25 20:52:58 - Epoch 32/500 | LR=0.011887 | w_AVO=1.000 | w_P3=1.906 | lambda_MMD=0.250
2025-09-25 20:53:01 - Epoch Summary: TrainLoss=1.2272 | TrainAcc=0.713 | Val(P3)=0.691 | Val(AVO)=0.571
2025-09-25 20:53:01 - No P3-val improvement; patience remaining: 29/30
2025-09-25 20:53:01 - Epoch 33/500 | LR=0.011879 | w_AVO=1.000 | w_P3=1.906 | lambda_MMD=0.250
2025-09-25 20:53:03 - Epoch Summary: TrainLoss=1.2018 | TrainAcc=0.715 | Val(P3)=0.709 | Val(AVO)=0.516
2025-09-25 20:53:03 - No P3-val improvement; patience remaining: 28/30
2025-09-25 20:53:03 - AVO val decreasing 3x. Reducing lambda_MMD to 0.175
2025-09-25 20:53:03 - Epoch 34/500 | LR=0.011871 | w_AVO=1.000 | w_P3=1.906 | lambda_MMD=0.175
2025-09-25 20:53:04 - Epoch Summary: TrainLoss=1.1867 | TrainAcc=0.724 | Val(P3)=0.636 | Val(AVO)=0.582
2025-09-25 20:53:04 - No P3-val improvement; patience remaining: 27/30
2025-09-25 20:53:04 - Epoch 35/500 | LR=0.011864 | w_AVO=1.000 | w_P3=1.906 | lambda_MMD=0.250
2025-09-25 20:53:06 - Epoch Summary: TrainLoss=1.1719 | TrainAcc=0.726 | Val(P3)=0.691 | Val(AVO)=0.587
2025-09-25 20:53:06 - No P3-val improvement; patience remaining: 26/30
2025-09-25 20:53:06 - Epoch 36/500 | LR=0.011856 | w_AVO=1.000 | w_P3=1.906 | lambda_MMD=0.250
2025-09-25 20:53:08 - Epoch Summary: TrainLoss=1.1455 | TrainAcc=0.723 | Val(P3)=0.691 | Val(AVO)=0.587
2025-09-25 20:53:08 - No P3-val improvement; patience remaining: 25/30
2025-09-25 20:53:08 - Epoch 37/500 | LR=0.011847 | w_AVO=1.000 | w_P3=1.906 | lambda_MMD=0.250
2025-09-25 20:53:09 - Epoch Summary: TrainLoss=1.1401 | TrainAcc=0.705 | Val(P3)=0.764 | Val(AVO)=0.582
2025-09-25 20:53:09 - New best P3-val; checkpoint updated
2025-09-25 20:53:09 - Epoch 38/500 | LR=0.011839 | w_AVO=1.000 | w_P3=1.906 | lambda_MMD=0.250
2025-09-25 20:53:11 - Epoch Summary: TrainLoss=1.1306 | TrainAcc=0.720 | Val(P3)=0.618 | Val(AVO)=0.554
2025-09-25 20:53:11 - No P3-val improvement; patience remaining: 29/30
2025-09-25 20:53:11 - AVO val decreasing 3x. Reducing lambda_MMD to 0.175
2025-09-25 20:53:11 - Epoch 39/500 | LR=0.011830 | w_AVO=1.000 | w_P3=1.906 | lambda_MMD=0.175
2025-09-25 20:53:13 - Epoch Summary: TrainLoss=1.1475 | TrainAcc=0.697 | Val(P3)=0.691 | Val(AVO)=0.554
2025-09-25 20:53:13 - No P3-val improvement; patience remaining: 28/30
2025-09-25 20:53:13 - Epoch 40/500 | LR=0.011821 | w_AVO=1.000 | w_P3=1.906 | lambda_MMD=0.250
2025-09-25 20:53:15 - Epoch Summary: TrainLoss=1.1067 | TrainAcc=0.696 | Val(P3)=0.727 | Val(AVO)=0.565
2025-09-25 20:53:15 - No P3-val improvement; patience remaining: 27/30
2025-09-25 20:53:15 - Epoch 41/500 | LR=0.011811 | w_AVO=1.000 | w_P3=1.906 | lambda_MMD=0.250
2025-09-25 20:53:17 - Epoch Summary: TrainLoss=1.0867 | TrainAcc=0.719 | Val(P3)=0.673 | Val(AVO)=0.571
2025-09-25 20:53:17 - No P3-val improvement; patience remaining: 26/30
2025-09-25 20:53:17 - Epoch 42/500 | LR=0.011802 | w_AVO=1.000 | w_P3=1.906 | lambda_MMD=0.250
2025-09-25 20:53:18 - Epoch Summary: TrainLoss=1.0902 | TrainAcc=0.719 | Val(P3)=0.709 | Val(AVO)=0.549
2025-09-25 20:53:18 - No P3-val improvement; patience remaining: 25/30
2025-09-25 20:53:18 - Epoch 43/500 | LR=0.011792 | w_AVO=1.000 | w_P3=1.906 | lambda_MMD=0.250
2025-09-25 20:53:19 - Epoch Summary: TrainLoss=1.0455 | TrainAcc=0.721 | Val(P3)=0.691 | Val(AVO)=0.592
2025-09-25 20:53:19 - No P3-val improvement; patience remaining: 24/30
2025-09-25 20:53:19 - Epoch 44/500 | LR=0.011782 | w_AVO=1.000 | w_P3=1.906 | lambda_MMD=0.250
2025-09-25 20:53:21 - Epoch Summary: TrainLoss=1.0406 | TrainAcc=0.724 | Val(P3)=0.673 | Val(AVO)=0.582
2025-09-25 20:53:21 - No P3-val improvement; patience remaining: 23/30
2025-09-25 20:53:21 - P3 val decreasing 3x. Reducing w_small to 1.525, lambda_MMD to 0.125
2025-09-25 20:53:21 - Epoch 45/500 | LR=0.011772 | w_AVO=1.000 | w_P3=1.525 | lambda_MMD=0.125
2025-09-25 20:53:23 - Epoch Summary: TrainLoss=0.9077 | TrainAcc=0.737 | Val(P3)=0.727 | Val(AVO)=0.620
2025-09-25 20:53:23 - No P3-val improvement; patience remaining: 22/30
2025-09-25 20:53:23 - Epoch 46/500 | LR=0.011762 | w_AVO=1.000 | w_P3=1.906 | lambda_MMD=0.250
2025-09-25 20:53:25 - Epoch Summary: TrainLoss=1.0166 | TrainAcc=0.732 | Val(P3)=0.673 | Val(AVO)=0.587
2025-09-25 20:53:25 - No P3-val improvement; patience remaining: 21/30
2025-09-25 20:53:25 - Epoch 47/500 | LR=0.011751 | w_AVO=1.000 | w_P3=1.906 | lambda_MMD=0.250
2025-09-25 20:53:26 - Epoch Summary: TrainLoss=0.9817 | TrainAcc=0.745 | Val(P3)=0.673 | Val(AVO)=0.587
2025-09-25 20:53:26 - No P3-val improvement; patience remaining: 20/30
2025-09-25 20:53:26 - Epoch 48/500 | LR=0.011740 | w_AVO=1.000 | w_P3=1.906 | lambda_MMD=0.250
2025-09-25 20:53:29 - Epoch Summary: TrainLoss=0.9837 | TrainAcc=0.731 | Val(P3)=0.673 | Val(AVO)=0.603
2025-09-25 20:53:29 - No P3-val improvement; patience remaining: 19/30
2025-09-25 20:53:29 - Epoch 49/500 | LR=0.011729 | w_AVO=1.000 | w_P3=1.906 | lambda_MMD=0.250
2025-09-25 20:53:30 - Epoch Summary: TrainLoss=0.9742 | TrainAcc=0.734 | Val(P3)=0.709 | Val(AVO)=0.592
2025-09-25 20:53:30 - No P3-val improvement; patience remaining: 18/30
2025-09-25 20:53:30 - Epoch 50/500 | LR=0.011718 | w_AVO=1.000 | w_P3=1.906 | lambda_MMD=0.250
2025-09-25 20:53:32 - Epoch Summary: TrainLoss=0.9722 | TrainAcc=0.727 | Val(P3)=0.673 | Val(AVO)=0.576
2025-09-25 20:53:32 - No P3-val improvement; patience remaining: 17/30
2025-09-25 20:53:32 - AVO val decreasing 3x. Reducing lambda_MMD to 0.175
2025-09-25 20:53:32 - Epoch 51/500 | LR=0.011706 | w_AVO=1.000 | w_P3=1.906 | lambda_MMD=0.175
2025-09-25 20:53:33 - Epoch Summary: TrainLoss=0.9712 | TrainAcc=0.732 | Val(P3)=0.600 | Val(AVO)=0.560
2025-09-25 20:53:33 - No P3-val improvement; patience remaining: 16/30
2025-09-25 20:53:33 - P3 val decreasing 3x. Reducing w_small to 1.525, lambda_MMD to 0.125
2025-09-25 20:53:33 - AVO val decreasing 3x. Reducing lambda_MMD to 0.087
2025-09-25 20:53:33 - Epoch 52/500 | LR=0.011695 | w_AVO=1.000 | w_P3=1.525 | lambda_MMD=0.087
2025-09-25 20:53:35 - Epoch Summary: TrainLoss=0.8621 | TrainAcc=0.746 | Val(P3)=0.655 | Val(AVO)=0.636
2025-09-25 20:53:35 - No P3-val improvement; patience remaining: 15/30
2025-09-25 20:53:35 - Epoch 53/500 | LR=0.011683 | w_AVO=1.000 | w_P3=1.906 | lambda_MMD=0.250
2025-09-25 20:53:37 - Epoch Summary: TrainLoss=0.9187 | TrainAcc=0.736 | Val(P3)=0.673 | Val(AVO)=0.582
2025-09-25 20:53:37 - No P3-val improvement; patience remaining: 14/30
2025-09-25 20:53:37 - Epoch 54/500 | LR=0.011670 | w_AVO=1.000 | w_P3=1.906 | lambda_MMD=0.250
2025-09-25 20:53:38 - Epoch Summary: TrainLoss=0.9121 | TrainAcc=0.746 | Val(P3)=0.673 | Val(AVO)=0.587
2025-09-25 20:53:38 - No P3-val improvement; patience remaining: 13/30
2025-09-25 20:53:38 - Epoch 55/500 | LR=0.011658 | w_AVO=1.000 | w_P3=1.906 | lambda_MMD=0.250
2025-09-25 20:53:40 - Epoch Summary: TrainLoss=0.9263 | TrainAcc=0.752 | Val(P3)=0.727 | Val(AVO)=0.592
2025-09-25 20:53:40 - No P3-val improvement; patience remaining: 12/30
2025-09-25 20:53:40 - Epoch 56/500 | LR=0.011645 | w_AVO=1.000 | w_P3=1.906 | lambda_MMD=0.250
2025-09-25 20:53:41 - Epoch Summary: TrainLoss=0.8907 | TrainAcc=0.745 | Val(P3)=0.691 | Val(AVO)=0.549
2025-09-25 20:53:41 - No P3-val improvement; patience remaining: 11/30
2025-09-25 20:53:41 - Epoch 57/500 | LR=0.011632 | w_AVO=1.000 | w_P3=1.906 | lambda_MMD=0.250
2025-09-25 20:53:43 - Epoch Summary: TrainLoss=0.8854 | TrainAcc=0.741 | Val(P3)=0.727 | Val(AVO)=0.598
2025-09-25 20:53:43 - No P3-val improvement; patience remaining: 10/30
2025-09-25 20:53:43 - Epoch 58/500 | LR=0.011619 | w_AVO=1.000 | w_P3=1.906 | lambda_MMD=0.250
2025-09-25 20:53:45 - Epoch Summary: TrainLoss=0.8744 | TrainAcc=0.749 | Val(P3)=0.673 | Val(AVO)=0.587
2025-09-25 20:53:45 - No P3-val improvement; patience remaining: 9/30
2025-09-25 20:53:45 - Epoch 59/500 | LR=0.011606 | w_AVO=1.000 | w_P3=1.906 | lambda_MMD=0.250
2025-09-25 20:53:48 - Epoch Summary: TrainLoss=0.8886 | TrainAcc=0.752 | Val(P3)=0.673 | Val(AVO)=0.576
2025-09-25 20:53:48 - No P3-val improvement; patience remaining: 8/30
2025-09-25 20:53:48 - AVO val decreasing 3x. Reducing lambda_MMD to 0.175
2025-09-25 20:53:48 - Epoch 60/500 | LR=0.011592 | w_AVO=1.000 | w_P3=1.906 | lambda_MMD=0.175
2025-09-25 20:53:50 - Epoch Summary: TrainLoss=0.8420 | TrainAcc=0.753 | Val(P3)=0.655 | Val(AVO)=0.587
2025-09-25 20:53:50 - No P3-val improvement; patience remaining: 7/30
2025-09-25 20:53:50 - Epoch 61/500 | LR=0.011579 | w_AVO=1.000 | w_P3=1.906 | lambda_MMD=0.250
2025-09-25 20:53:53 - Epoch Summary: TrainLoss=0.8641 | TrainAcc=0.746 | Val(P3)=0.636 | Val(AVO)=0.592
2025-09-25 20:53:53 - No P3-val improvement; patience remaining: 6/30
2025-09-25 20:53:53 - P3 val decreasing 3x. Reducing w_small to 1.525, lambda_MMD to 0.125
2025-09-25 20:53:53 - Epoch 62/500 | LR=0.011565 | w_AVO=1.000 | w_P3=1.525 | lambda_MMD=0.125
2025-09-25 20:53:54 - Epoch Summary: TrainLoss=0.7839 | TrainAcc=0.761 | Val(P3)=0.673 | Val(AVO)=0.598
2025-09-25 20:53:54 - No P3-val improvement; patience remaining: 5/30
2025-09-25 20:53:54 - Epoch 63/500 | LR=0.011550 | w_AVO=1.000 | w_P3=1.906 | lambda_MMD=0.250
2025-09-25 20:53:55 - Epoch Summary: TrainLoss=0.8329 | TrainAcc=0.758 | Val(P3)=0.618 | Val(AVO)=0.609
2025-09-25 20:53:55 - No P3-val improvement; patience remaining: 4/30
2025-09-25 20:53:55 - Epoch 64/500 | LR=0.011536 | w_AVO=1.000 | w_P3=1.906 | lambda_MMD=0.250
2025-09-25 20:53:56 - Epoch Summary: TrainLoss=0.8318 | TrainAcc=0.758 | Val(P3)=0.655 | Val(AVO)=0.582
2025-09-25 20:53:56 - No P3-val improvement; patience remaining: 3/30
2025-09-25 20:53:56 - Epoch 65/500 | LR=0.011521 | w_AVO=1.000 | w_P3=1.906 | lambda_MMD=0.250
2025-09-25 20:53:56 - Epoch Summary: TrainLoss=0.8351 | TrainAcc=0.758 | Val(P3)=0.655 | Val(AVO)=0.576
2025-09-25 20:53:56 - No P3-val improvement; patience remaining: 2/30
2025-09-25 20:53:56 - AVO val decreasing 3x. Reducing lambda_MMD to 0.175
2025-09-25 20:53:56 - Epoch 66/500 | LR=0.011507 | w_AVO=1.000 | w_P3=1.906 | lambda_MMD=0.175
2025-09-25 20:53:56 - Epoch Summary: TrainLoss=0.7972 | TrainAcc=0.773 | Val(P3)=0.673 | Val(AVO)=0.598
2025-09-25 20:53:56 - No P3-val improvement; patience remaining: 1/30
2025-09-25 20:53:56 - Epoch 67/500 | LR=0.011491 | w_AVO=1.000 | w_P3=1.906 | lambda_MMD=0.250
2025-09-25 20:53:56 - Epoch Summary: TrainLoss=0.7955 | TrainAcc=0.777 | Val(P3)=0.673 | Val(AVO)=0.603
2025-09-25 20:53:56 - No P3-val improvement; patience remaining: 0/30
2025-09-25 20:53:56 - Early stopping triggered (P3-val)
2025-09-25 20:53:56 -     P3 Test | Acc=0.6328 P=0.6276 R=0.6440 F1=0.6357 AUC=0.6919 (n=384)
2025-09-25 20:53:56 -     AVO Test | Acc=0.6427 P=0.6128 R=0.7778 F1=0.6855 AUC=0.7081 (n=1528)
2025-09-25 20:53:56 -     Overall Test Acc=0.6407
2025-09-25 20:53:56 - 
==================================================
2025-09-25 20:53:56 - CROSS-VALIDATION RESULTS
2025-09-25 20:53:56 - ==================================================
2025-09-25 20:53:56 - Overall accuracy: 0.6237 ± 0.0240
2025-09-25 20:53:56 - 95% Confidence Interval: [0.4077, 0.8397]
2025-09-25 20:53:56 - P3 Dataset - Mean Accuracy: 0.6061 | 95% CI: [0.2663, 0.9459]
2025-09-25 20:53:56 - AVO Dataset - Mean Accuracy: 0.6285 | 95% CI: [0.4483, 0.8087]
2025-09-25 20:53:56 - Detailed results saved to: tfdwt_detailed_results_20250925_205356.csv
2025-09-25 20:53:56 - Summary statistics saved to: tfdwt_summary_stats_20250925_205356.csv
