2025-10-06 22:54:19 - 
==================================================
2025-10-06 22:54:19 - TF-DWT Joint Training (Auto-Adjusted)
2025-10-06 22:54:19 - ==================================================
2025-10-06 22:54:19 - 
Experiment Configuration:
2025-10-06 22:54:19 - --------------------------------------------------
2025-10-06 22:54:19 - electrode_list: all
2025-10-06 22:54:19 - fusion_method: none
2025-10-06 22:54:19 - domain_adaptation: none
2025-10-06 22:54:19 - use_enhanced_preprocessing: True
2025-10-06 22:54:19 - batch_size: 32
2025-10-06 22:54:19 - max_epochs: 1000
2025-10-06 22:54:19 - learning_rate: 0.003
2025-10-06 22:54:19 - weight_decay: 0.0005
2025-10-06 22:54:19 - dropout_rate: 0.15
2025-10-06 22:54:19 - use_data_augmentation: True
2025-10-06 22:54:19 - noise_std: 0.005
2025-10-06 22:54:19 - time_shift_range: 5
2025-10-06 22:54:19 - label_smoothing: 0.05
2025-10-06 22:54:19 - trials_per_subject_P3: 10
2025-10-06 22:54:19 - trials_per_subject_AVO: 80
2025-10-06 22:54:19 - train/val/test: (0.7, 0.1, 0.2)
2025-10-06 22:54:19 - device_mode: cuda
2025-10-06 22:54:19 - --------------------------------------------------
2025-10-06 22:54:19 - 
==================================================
2025-10-06 22:54:19 - Running Nested Cross-Validation with TF-DWT
2025-10-06 22:54:19 - ==================================================
2025-10-06 22:54:19 - Loading dataset for CV: P3
2025-10-06 22:54:20 - Subject P3_sub-001: Sampled 10/80 trials
2025-10-06 22:54:20 -   Original distribution: {0: 0.5, 1: 0.5}
2025-10-06 22:54:20 -   Sampled distribution: {0: 0.5, 1: 0.5}
2025-10-06 22:54:20 - Subject P3_sub-002: Sampled 10/80 trials
2025-10-06 22:54:20 -   Original distribution: {0: 0.5, 1: 0.5}
2025-10-06 22:54:20 -   Sampled distribution: {0: 0.5, 1: 0.5}
2025-10-06 22:54:20 - Subject P3_sub-003: Sampled 10/80 trials
2025-10-06 22:54:20 -   Original distribution: {0: 0.5, 1: 0.5}
2025-10-06 22:54:20 -   Sampled distribution: {0: 0.5, 1: 0.5}
2025-10-06 22:54:21 - Subject P3_sub-004: Sampled 10/78 trials
2025-10-06 22:54:21 -   Original distribution: {0: 0.5, 1: 0.5}
2025-10-06 22:54:21 -   Sampled distribution: {0: 0.5, 1: 0.5}
2025-10-06 22:54:21 - Subject P3_sub-005: Sampled 10/80 trials
2025-10-06 22:54:21 -   Original distribution: {0: 0.5, 1: 0.5}
2025-10-06 22:54:21 -   Sampled distribution: {0: 0.5, 1: 0.5}
2025-10-06 22:54:21 - Subject P3_sub-006: Sampled 10/80 trials
2025-10-06 22:54:21 -   Original distribution: {0: 0.5, 1: 0.5}
2025-10-06 22:54:21 -   Sampled distribution: {0: 0.5, 1: 0.5}
2025-10-06 22:54:21 - Subject P3_sub-007: Sampled 10/80 trials
2025-10-06 22:54:21 -   Original distribution: {0: 0.5, 1: 0.5}
2025-10-06 22:54:21 -   Sampled distribution: {0: 0.5, 1: 0.5}
2025-10-06 22:54:21 - Subject P3_sub-008: Sampled 10/80 trials
2025-10-06 22:54:21 -   Original distribution: {0: 0.5, 1: 0.5}
2025-10-06 22:54:21 -   Sampled distribution: {0: 0.5, 1: 0.5}
2025-10-06 22:54:22 - Subject P3_sub-009: Sampled 10/80 trials
2025-10-06 22:54:22 -   Original distribution: {0: 0.5, 1: 0.5}
2025-10-06 22:54:22 -   Sampled distribution: {0: 0.5, 1: 0.5}
2025-10-06 22:54:22 - Subject P3_sub-010: Sampled 10/80 trials
2025-10-06 22:54:22 -   Original distribution: {0: 0.5, 1: 0.5}
2025-10-06 22:54:22 -   Sampled distribution: {0: 0.5, 1: 0.5}
2025-10-06 22:54:22 - Subject P3_sub-011: Sampled 10/80 trials
2025-10-06 22:54:22 -   Original distribution: {0: 0.5, 1: 0.5}
2025-10-06 22:54:22 -   Sampled distribution: {0: 0.5, 1: 0.5}
2025-10-06 22:54:22 - Subject P3_sub-012: Sampled 10/78 trials
2025-10-06 22:54:22 -   Original distribution: {0: 0.5, 1: 0.5}
2025-10-06 22:54:22 -   Sampled distribution: {0: 0.5, 1: 0.5}
2025-10-06 22:54:22 - Subject P3_sub-013: Sampled 10/80 trials
2025-10-06 22:54:22 -   Original distribution: {0: 0.5, 1: 0.5}
2025-10-06 22:54:22 -   Sampled distribution: {0: 0.5, 1: 0.5}
2025-10-06 22:54:23 - Subject P3_sub-014: Sampled 10/80 trials
2025-10-06 22:54:23 -   Original distribution: {0: 0.5, 1: 0.5}
2025-10-06 22:54:23 -   Sampled distribution: {0: 0.5, 1: 0.5}
2025-10-06 22:54:23 - Subject P3_sub-015: Sampled 10/80 trials
2025-10-06 22:54:23 -   Original distribution: {0: 0.5, 1: 0.5}
2025-10-06 22:54:23 -   Sampled distribution: {0: 0.5, 1: 0.5}
2025-10-06 22:54:23 - Subject P3_sub-016: Sampled 10/80 trials
2025-10-06 22:54:23 -   Original distribution: {0: 0.5, 1: 0.5}
2025-10-06 22:54:23 -   Sampled distribution: {0: 0.5, 1: 0.5}
2025-10-06 22:54:23 - Subject P3_sub-017: Sampled 10/80 trials
2025-10-06 22:54:23 -   Original distribution: {0: 0.5, 1: 0.5}
2025-10-06 22:54:23 -   Sampled distribution: {0: 0.5, 1: 0.5}
2025-10-06 22:54:23 - Subject P3_sub-018: Sampled 10/80 trials
2025-10-06 22:54:23 -   Original distribution: {0: 0.5, 1: 0.5}
2025-10-06 22:54:23 -   Sampled distribution: {0: 0.5, 1: 0.5}
2025-10-06 22:54:23 - Subject P3_sub-019: Sampled 10/80 trials
2025-10-06 22:54:23 -   Original distribution: {0: 0.5, 1: 0.5}
2025-10-06 22:54:23 -   Sampled distribution: {0: 0.5, 1: 0.5}
2025-10-06 22:54:24 - Subject P3_sub-020: Sampled 10/78 trials
2025-10-06 22:54:24 -   Original distribution: {0: 0.5, 1: 0.5}
2025-10-06 22:54:24 -   Sampled distribution: {0: 0.5, 1: 0.5}
2025-10-06 22:54:24 - Subject P3_sub-021: Sampled 10/80 trials
2025-10-06 22:54:24 -   Original distribution: {0: 0.5, 1: 0.5}
2025-10-06 22:54:24 -   Sampled distribution: {0: 0.5, 1: 0.5}
2025-10-06 22:54:24 - Subject P3_sub-022: Sampled 10/80 trials
2025-10-06 22:54:24 -   Original distribution: {0: 0.5, 1: 0.5}
2025-10-06 22:54:24 -   Sampled distribution: {0: 0.5, 1: 0.5}
2025-10-06 22:54:24 - Subject P3_sub-023: Sampled 10/78 trials
2025-10-06 22:54:24 -   Original distribution: {0: 0.5, 1: 0.5}
2025-10-06 22:54:24 -   Sampled distribution: {0: 0.5, 1: 0.5}
2025-10-06 22:54:24 - Subject P3_sub-024: Sampled 10/80 trials
2025-10-06 22:54:24 -   Original distribution: {0: 0.5, 1: 0.5}
2025-10-06 22:54:24 -   Sampled distribution: {0: 0.5, 1: 0.5}
2025-10-06 22:54:25 - Subject P3_sub-025: Sampled 10/80 trials
2025-10-06 22:54:25 -   Original distribution: {0: 0.5, 1: 0.5}
2025-10-06 22:54:25 -   Sampled distribution: {0: 0.5, 1: 0.5}
2025-10-06 22:54:25 - Subject P3_sub-026: Sampled 10/80 trials
2025-10-06 22:54:25 -   Original distribution: {0: 0.5, 1: 0.5}
2025-10-06 22:54:25 -   Sampled distribution: {0: 0.5, 1: 0.5}
2025-10-06 22:54:25 - Subject P3_sub-027: Sampled 10/80 trials
2025-10-06 22:54:25 -   Original distribution: {0: 0.5, 1: 0.5}
2025-10-06 22:54:25 -   Sampled distribution: {0: 0.5, 1: 0.5}
2025-10-06 22:54:25 - Subject P3_sub-028: Sampled 10/80 trials
2025-10-06 22:54:25 -   Original distribution: {0: 0.5, 1: 0.5}
2025-10-06 22:54:25 -   Sampled distribution: {0: 0.5, 1: 0.5}
2025-10-06 22:54:25 - Subject P3_sub-029: Sampled 10/80 trials
2025-10-06 22:54:25 -   Original distribution: {0: 0.5, 1: 0.5}
2025-10-06 22:54:25 -   Sampled distribution: {0: 0.5, 1: 0.5}
2025-10-06 22:54:26 - Subject P3_sub-030: Sampled 10/80 trials
2025-10-06 22:54:26 -   Original distribution: {0: 0.5, 1: 0.5}
2025-10-06 22:54:26 -   Sampled distribution: {0: 0.5, 1: 0.5}
2025-10-06 22:54:26 - Subject P3_sub-031: Sampled 10/80 trials
2025-10-06 22:54:26 -   Original distribution: {0: 0.5, 1: 0.5}
2025-10-06 22:54:26 -   Sampled distribution: {0: 0.5, 1: 0.5}
2025-10-06 22:54:26 - Subject P3_sub-032: Sampled 10/80 trials
2025-10-06 22:54:26 -   Original distribution: {0: 0.5, 1: 0.5}
2025-10-06 22:54:26 -   Sampled distribution: {0: 0.5, 1: 0.5}
2025-10-06 22:54:26 - Subject P3_sub-033: Sampled 10/80 trials
2025-10-06 22:54:26 -   Original distribution: {0: 0.5, 1: 0.5}
2025-10-06 22:54:26 -   Sampled distribution: {0: 0.5, 1: 0.5}
2025-10-06 22:54:26 - Subject P3_sub-034: Sampled 10/80 trials
2025-10-06 22:54:26 -   Original distribution: {0: 0.5, 1: 0.5}
2025-10-06 22:54:26 -   Sampled distribution: {0: 0.5, 1: 0.5}
2025-10-06 22:54:26 - Subject P3_sub-035: Sampled 10/78 trials
2025-10-06 22:54:26 -   Original distribution: {0: 0.5, 1: 0.5}
2025-10-06 22:54:26 -   Sampled distribution: {0: 0.5, 1: 0.5}
2025-10-06 22:54:27 - Subject P3_sub-036: Sampled 10/80 trials
2025-10-06 22:54:27 -   Original distribution: {0: 0.5, 1: 0.5}
2025-10-06 22:54:27 -   Sampled distribution: {0: 0.5, 1: 0.5}
2025-10-06 22:54:27 - Subject P3_sub-037: Sampled 10/78 trials
2025-10-06 22:54:27 -   Original distribution: {0: 0.5, 1: 0.5}
2025-10-06 22:54:27 -   Sampled distribution: {0: 0.5, 1: 0.5}
2025-10-06 22:54:27 - Subject P3_sub-038: Sampled 10/80 trials
2025-10-06 22:54:27 -   Original distribution: {0: 0.5, 1: 0.5}
2025-10-06 22:54:27 -   Sampled distribution: {0: 0.5, 1: 0.5}
2025-10-06 22:54:27 - Subject P3_sub-039: Sampled 10/80 trials
2025-10-06 22:54:27 -   Original distribution: {0: 0.5, 1: 0.5}
2025-10-06 22:54:27 -   Sampled distribution: {0: 0.5, 1: 0.5}
2025-10-06 22:54:27 - Subject P3_sub-040: Sampled 10/80 trials
2025-10-06 22:54:27 -   Original distribution: {0: 0.5, 1: 0.5}
2025-10-06 22:54:27 -   Sampled distribution: {0: 0.5, 1: 0.5}
2025-10-06 22:54:27 - Loading dataset for CV: AVO
2025-10-06 22:54:45 - Subject AVO_038: Sampled 80/100 trials
2025-10-06 22:54:45 -   Original distribution: {0: 0.5, 1: 0.5}
2025-10-06 22:54:45 -   Sampled distribution: {0: 0.5, 1: 0.5}
2025-10-06 22:54:45 - Subject AVO_032: Sampled 80/96 trials
2025-10-06 22:54:45 -   Original distribution: {0: 0.5, 1: 0.5}
2025-10-06 22:54:45 -   Sampled distribution: {0: 0.5, 1: 0.5}
2025-10-06 22:54:45 - Subject AVO_024: Sampled 80/92 trials
2025-10-06 22:54:45 -   Original distribution: {0: 0.5, 1: 0.5}
2025-10-06 22:54:45 -   Sampled distribution: {0: 0.5, 1: 0.5}
2025-10-06 22:54:45 - Subject AVO_047: Sampled 80/92 trials
2025-10-06 22:54:45 -   Original distribution: {0: 0.5, 1: 0.5}
2025-10-06 22:54:45 -   Sampled distribution: {0: 0.5, 1: 0.5}
2025-10-06 22:54:46 - Subject AVO_003: Sampled 80/88 trials
2025-10-06 22:54:46 -   Original distribution: {0: 0.5, 1: 0.5}
2025-10-06 22:54:46 -   Sampled distribution: {0: 0.5, 1: 0.5}
2025-10-06 22:54:46 - Subject AVO_031: Sampled 80/88 trials
2025-10-06 22:54:46 -   Original distribution: {0: 0.5, 1: 0.5}
2025-10-06 22:54:46 -   Sampled distribution: {0: 0.5, 1: 0.5}
2025-10-06 22:54:46 - Subject AVO_035: Sampled 80/88 trials
2025-10-06 22:54:46 -   Original distribution: {0: 0.5, 1: 0.5}
2025-10-06 22:54:46 -   Sampled distribution: {0: 0.5, 1: 0.5}
2025-10-06 22:54:46 - Subject AVO_048: Sampled 80/88 trials
2025-10-06 22:54:46 -   Original distribution: {0: 0.5, 1: 0.5}
2025-10-06 22:54:46 -   Sampled distribution: {0: 0.5, 1: 0.5}
2025-10-06 22:54:46 - Subject AVO_037: Sampled 80/86 trials
2025-10-06 22:54:46 -   Original distribution: {0: 0.5, 1: 0.5}
2025-10-06 22:54:46 -   Sampled distribution: {0: 0.5, 1: 0.5}
2025-10-06 22:54:47 - Subject AVO_041: Sampled 80/86 trials
2025-10-06 22:54:47 -   Original distribution: {0: 0.5, 1: 0.5}
2025-10-06 22:54:47 -   Sampled distribution: {0: 0.5, 1: 0.5}
2025-10-06 22:54:47 - Subject AVO_004: Sampled 80/84 trials
2025-10-06 22:54:47 -   Original distribution: {0: 0.5, 1: 0.5}
2025-10-06 22:54:47 -   Sampled distribution: {0: 0.5, 1: 0.5}
2025-10-06 22:54:47 - Subject AVO_028: Sampled 80/84 trials
2025-10-06 22:54:47 -   Original distribution: {0: 0.5, 1: 0.5}
2025-10-06 22:54:47 -   Sampled distribution: {0: 0.5, 1: 0.5}
2025-10-06 22:54:47 - Subject AVO_029: Sampled 80/84 trials
2025-10-06 22:54:47 -   Original distribution: {0: 0.5, 1: 0.5}
2025-10-06 22:54:47 -   Sampled distribution: {0: 0.5, 1: 0.5}
2025-10-06 22:54:47 - Subject AVO_036: Sampled 80/84 trials
2025-10-06 22:54:47 -   Original distribution: {0: 0.5, 1: 0.5}
2025-10-06 22:54:47 -   Sampled distribution: {0: 0.5, 1: 0.5}
2025-10-06 22:54:47 - Subject AVO_040: Sampled 80/84 trials
2025-10-06 22:54:47 -   Original distribution: {0: 0.5, 1: 0.5}
2025-10-06 22:54:47 -   Sampled distribution: {0: 0.5, 1: 0.5}
2025-10-06 22:54:48 - Subject AVO_051: Sampled 80/84 trials
2025-10-06 22:54:48 -   Original distribution: {0: 0.5, 1: 0.5}
2025-10-06 22:54:48 -   Sampled distribution: {0: 0.5, 1: 0.5}
2025-10-06 22:54:48 - Subject AVO_021: Sampled 80/82 trials
2025-10-06 22:54:48 -   Original distribution: {0: 0.5, 1: 0.5}
2025-10-06 22:54:48 -   Sampled distribution: {0: 0.5, 1: 0.5}
2025-10-06 22:54:52 - Combined dataset summary: total=3448, P3=400, AVO=3048
2025-10-06 22:54:52 - Repeat 1/5
2025-10-06 22:54:52 -   Fold 1/5
2025-10-06 22:54:52 - Fold domains: small=P3 (n=284), large=AVO (n=2129)
2025-10-06 22:54:52 - Auto adjustments (PROTOTYPE-BASED): w_small≈8.488, lambda_MMD=0.420, lambda_proto=0.750, warmup=80
2025-10-06 22:54:52 - Epoch 1/1000 | LR=0.003000 | w_AVO=1.000 | w_P3=1.094 | λ_MMD=0.005 | λ_proto=0.009
2025-10-06 22:54:55 - Epoch Summary: TrainLoss=0.9233 | TrainAcc=0.560 | Val(P3)=0.559 | Val(AVO)=0.646
2025-10-06 22:54:55 - New best P3-val; checkpoint updated
2025-10-06 22:54:55 - Epoch 2/1000 | LR=0.003000 | w_AVO=1.000 | w_P3=1.187 | λ_MMD=0.011 | λ_proto=0.019
2025-10-06 22:54:58 - Epoch Summary: TrainLoss=0.8046 | TrainAcc=0.593 | Val(P3)=0.529 | Val(AVO)=0.633
2025-10-06 22:54:58 - No P3-val improvement; patience remaining: 199/200
2025-10-06 22:54:58 - Epoch 3/1000 | LR=0.003000 | w_AVO=1.000 | w_P3=1.281 | λ_MMD=0.016 | λ_proto=0.028
2025-10-06 22:55:00 - Epoch Summary: TrainLoss=0.7666 | TrainAcc=0.629 | Val(P3)=0.441 | Val(AVO)=0.598
2025-10-06 22:55:00 - No P3-val improvement; patience remaining: 198/200
2025-10-06 22:55:00 - Epoch 4/1000 | LR=0.003000 | w_AVO=1.000 | w_P3=1.374 | λ_MMD=0.021 | λ_proto=0.038
2025-10-06 22:55:03 - Epoch Summary: TrainLoss=0.7624 | TrainAcc=0.625 | Val(P3)=0.588 | Val(AVO)=0.611
2025-10-06 22:55:03 - New best P3-val; checkpoint updated
2025-10-06 22:55:03 - Epoch 5/1000 | LR=0.003000 | w_AVO=1.000 | w_P3=1.468 | λ_MMD=0.026 | λ_proto=0.047
2025-10-06 22:55:05 - Epoch Summary: TrainLoss=0.7505 | TrainAcc=0.636 | Val(P3)=0.441 | Val(AVO)=0.633
2025-10-06 22:55:05 - No P3-val improvement; patience remaining: 199/200
2025-10-06 22:55:05 - Epoch 6/1000 | LR=0.003000 | w_AVO=1.000 | w_P3=1.562 | λ_MMD=0.032 | λ_proto=0.056
2025-10-06 22:55:08 - Epoch Summary: TrainLoss=0.7457 | TrainAcc=0.653 | Val(P3)=0.500 | Val(AVO)=0.659
2025-10-06 22:55:08 - No P3-val improvement; patience remaining: 198/200
2025-10-06 22:55:08 - Epoch 7/1000 | LR=0.003000 | w_AVO=1.000 | w_P3=1.655 | λ_MMD=0.037 | λ_proto=0.066
2025-10-06 22:55:11 - Epoch Summary: TrainLoss=0.7438 | TrainAcc=0.647 | Val(P3)=0.529 | Val(AVO)=0.608
2025-10-06 22:55:11 - No P3-val improvement; patience remaining: 197/200
2025-10-06 22:55:11 - Epoch 8/1000 | LR=0.003000 | w_AVO=1.000 | w_P3=1.749 | λ_MMD=0.042 | λ_proto=0.075
2025-10-06 22:55:13 - Epoch Summary: TrainLoss=0.7437 | TrainAcc=0.674 | Val(P3)=0.500 | Val(AVO)=0.630
2025-10-06 22:55:13 - No P3-val improvement; patience remaining: 196/200
2025-10-06 22:55:13 - Epoch 9/1000 | LR=0.003000 | w_AVO=1.000 | w_P3=1.842 | λ_MMD=0.047 | λ_proto=0.084
2025-10-06 22:55:15 - Epoch Summary: TrainLoss=0.7419 | TrainAcc=0.665 | Val(P3)=0.500 | Val(AVO)=0.627
2025-10-06 22:55:15 - No P3-val improvement; patience remaining: 195/200
2025-10-06 22:55:15 - Epoch 10/1000 | LR=0.002999 | w_AVO=1.000 | w_P3=1.936 | λ_MMD=0.052 | λ_proto=0.094
2025-10-06 22:55:18 - Epoch Summary: TrainLoss=0.7424 | TrainAcc=0.678 | Val(P3)=0.471 | Val(AVO)=0.617
2025-10-06 22:55:18 - No P3-val improvement; patience remaining: 194/200
2025-10-06 22:55:18 - Epoch 11/1000 | LR=0.002999 | w_AVO=1.000 | w_P3=2.030 | λ_MMD=0.058 | λ_proto=0.103
2025-10-06 22:55:21 - Epoch Summary: TrainLoss=0.7390 | TrainAcc=0.681 | Val(P3)=0.500 | Val(AVO)=0.624
2025-10-06 22:55:21 - No P3-val improvement; patience remaining: 193/200
2025-10-06 22:55:21 - Epoch 12/1000 | LR=0.002999 | w_AVO=1.000 | w_P3=2.123 | λ_MMD=0.063 | λ_proto=0.112
2025-10-06 22:55:23 - Epoch Summary: TrainLoss=0.7422 | TrainAcc=0.692 | Val(P3)=0.529 | Val(AVO)=0.662
2025-10-06 22:55:23 - No P3-val improvement; patience remaining: 192/200
2025-10-06 22:55:23 - Epoch 13/1000 | LR=0.002999 | w_AVO=1.000 | w_P3=2.217 | λ_MMD=0.068 | λ_proto=0.122
2025-10-06 22:55:26 - Epoch Summary: TrainLoss=0.7479 | TrainAcc=0.693 | Val(P3)=0.588 | Val(AVO)=0.646
2025-10-06 22:55:26 - No P3-val improvement; patience remaining: 191/200
2025-10-06 22:55:26 - Epoch 14/1000 | LR=0.002999 | w_AVO=1.000 | w_P3=2.310 | λ_MMD=0.073 | λ_proto=0.131
2025-10-06 22:55:30 - Epoch Summary: TrainLoss=0.7450 | TrainAcc=0.700 | Val(P3)=0.588 | Val(AVO)=0.643
2025-10-06 22:55:30 - No P3-val improvement; patience remaining: 190/200
2025-10-06 22:55:30 - Epoch 15/1000 | LR=0.002999 | w_AVO=1.000 | w_P3=2.404 | λ_MMD=0.079 | λ_proto=0.141
2025-10-06 22:55:34 - Epoch Summary: TrainLoss=0.7457 | TrainAcc=0.703 | Val(P3)=0.618 | Val(AVO)=0.646
2025-10-06 22:55:34 - New best P3-val; checkpoint updated
2025-10-06 22:55:34 - Epoch 16/1000 | LR=0.002998 | w_AVO=1.000 | w_P3=2.498 | λ_MMD=0.084 | λ_proto=0.150
2025-10-06 22:55:37 - Epoch Summary: TrainLoss=0.7487 | TrainAcc=0.694 | Val(P3)=0.500 | Val(AVO)=0.643
2025-10-06 22:55:37 - No P3-val improvement; patience remaining: 199/200
2025-10-06 22:55:37 - Epoch 17/1000 | LR=0.002998 | w_AVO=1.000 | w_P3=2.591 | λ_MMD=0.089 | λ_proto=0.159
2025-10-06 22:55:40 - Epoch Summary: TrainLoss=0.7574 | TrainAcc=0.691 | Val(P3)=0.618 | Val(AVO)=0.675
2025-10-06 22:55:40 - No P3-val improvement; patience remaining: 198/200
2025-10-06 22:55:40 - Epoch 18/1000 | LR=0.002998 | w_AVO=1.000 | w_P3=2.685 | λ_MMD=0.095 | λ_proto=0.169
2025-10-06 22:55:42 - Epoch Summary: TrainLoss=0.7452 | TrainAcc=0.690 | Val(P3)=0.676 | Val(AVO)=0.666
2025-10-06 22:55:42 - New best P3-val; checkpoint updated
2025-10-06 22:55:42 - Epoch 19/1000 | LR=0.002998 | w_AVO=1.000 | w_P3=2.778 | λ_MMD=0.100 | λ_proto=0.178
2025-10-06 22:55:45 - Epoch Summary: TrainLoss=0.7405 | TrainAcc=0.702 | Val(P3)=0.588 | Val(AVO)=0.656
2025-10-06 22:55:45 - No P3-val improvement; patience remaining: 199/200
2025-10-06 22:55:45 - Epoch 20/1000 | LR=0.002997 | w_AVO=1.000 | w_P3=2.872 | λ_MMD=0.105 | λ_proto=0.188
2025-10-06 22:55:48 - Epoch Summary: TrainLoss=0.7683 | TrainAcc=0.693 | Val(P3)=0.588 | Val(AVO)=0.675
2025-10-06 22:55:48 - No P3-val improvement; patience remaining: 198/200
2025-10-06 22:55:48 - Epoch 21/1000 | LR=0.002997 | w_AVO=1.000 | w_P3=2.966 | λ_MMD=0.110 | λ_proto=0.197
2025-10-06 22:55:50 - Epoch Summary: TrainLoss=0.7693 | TrainAcc=0.696 | Val(P3)=0.618 | Val(AVO)=0.643
2025-10-06 22:55:50 - No P3-val improvement; patience remaining: 197/200
2025-10-06 22:55:50 - Epoch 22/1000 | LR=0.002997 | w_AVO=1.000 | w_P3=3.059 | λ_MMD=0.116 | λ_proto=0.206
2025-10-06 22:55:53 - Epoch Summary: TrainLoss=0.7824 | TrainAcc=0.688 | Val(P3)=0.559 | Val(AVO)=0.646
2025-10-06 22:55:53 - No P3-val improvement; patience remaining: 196/200
2025-10-06 22:55:53 - Epoch 23/1000 | LR=0.002996 | w_AVO=1.000 | w_P3=3.153 | λ_MMD=0.121 | λ_proto=0.216
2025-10-06 22:55:55 - Epoch Summary: TrainLoss=0.7634 | TrainAcc=0.696 | Val(P3)=0.588 | Val(AVO)=0.643
2025-10-06 22:55:55 - No P3-val improvement; patience remaining: 195/200
2025-10-06 22:55:55 - Epoch 24/1000 | LR=0.002996 | w_AVO=1.000 | w_P3=3.246 | λ_MMD=0.126 | λ_proto=0.225
2025-10-06 22:55:58 - Epoch Summary: TrainLoss=0.7739 | TrainAcc=0.698 | Val(P3)=0.559 | Val(AVO)=0.630
2025-10-06 22:55:58 - No P3-val improvement; patience remaining: 194/200
2025-10-06 22:55:58 - Epoch 25/1000 | LR=0.002996 | w_AVO=1.000 | w_P3=3.340 | λ_MMD=0.131 | λ_proto=0.234
2025-10-06 22:56:00 - Epoch Summary: TrainLoss=0.7803 | TrainAcc=0.690 | Val(P3)=0.588 | Val(AVO)=0.646
2025-10-06 22:56:00 - No P3-val improvement; patience remaining: 193/200
2025-10-06 22:56:00 - Epoch 26/1000 | LR=0.002995 | w_AVO=1.000 | w_P3=3.434 | λ_MMD=0.137 | λ_proto=0.244
2025-10-06 22:56:03 - Epoch Summary: TrainLoss=0.7682 | TrainAcc=0.698 | Val(P3)=0.647 | Val(AVO)=0.662
2025-10-06 22:56:03 - No P3-val improvement; patience remaining: 192/200
2025-10-06 22:56:03 - Epoch 27/1000 | LR=0.002995 | w_AVO=1.000 | w_P3=3.527 | λ_MMD=0.142 | λ_proto=0.253
2025-10-06 22:56:05 - Epoch Summary: TrainLoss=0.7751 | TrainAcc=0.708 | Val(P3)=0.559 | Val(AVO)=0.656
2025-10-06 22:56:05 - No P3-val improvement; patience remaining: 191/200
2025-10-06 22:56:05 - Epoch 28/1000 | LR=0.002995 | w_AVO=1.000 | w_P3=3.621 | λ_MMD=0.147 | λ_proto=0.262
2025-10-06 22:56:08 - Epoch Summary: TrainLoss=0.7803 | TrainAcc=0.699 | Val(P3)=0.647 | Val(AVO)=0.637
2025-10-06 22:56:08 - No P3-val improvement; patience remaining: 190/200
2025-10-06 22:56:08 - Epoch 29/1000 | LR=0.002994 | w_AVO=1.000 | w_P3=3.714 | λ_MMD=0.152 | λ_proto=0.272
2025-10-06 22:56:11 - Epoch Summary: TrainLoss=0.7869 | TrainAcc=0.712 | Val(P3)=0.529 | Val(AVO)=0.672
2025-10-06 22:56:11 - No P3-val improvement; patience remaining: 189/200
2025-10-06 22:56:11 - Epoch 30/1000 | LR=0.002994 | w_AVO=1.000 | w_P3=3.808 | λ_MMD=0.158 | λ_proto=0.281
2025-10-06 22:56:13 - Epoch Summary: TrainLoss=0.7925 | TrainAcc=0.708 | Val(P3)=0.676 | Val(AVO)=0.666
2025-10-06 22:56:13 - No P3-val improvement; patience remaining: 188/200
2025-10-06 22:56:13 - Epoch 31/1000 | LR=0.002993 | w_AVO=1.000 | w_P3=3.901 | λ_MMD=0.163 | λ_proto=0.291
2025-10-06 22:56:16 - Epoch Summary: TrainLoss=0.7930 | TrainAcc=0.706 | Val(P3)=0.647 | Val(AVO)=0.675
2025-10-06 22:56:16 - No P3-val improvement; patience remaining: 187/200
2025-10-06 22:56:16 - Epoch 32/1000 | LR=0.002993 | w_AVO=1.000 | w_P3=3.995 | λ_MMD=0.168 | λ_proto=0.300
2025-10-06 22:56:19 - Epoch Summary: TrainLoss=0.7894 | TrainAcc=0.694 | Val(P3)=0.618 | Val(AVO)=0.650
2025-10-06 22:56:19 - No P3-val improvement; patience remaining: 186/200
2025-10-06 22:56:19 - Epoch 33/1000 | LR=0.002992 | w_AVO=1.000 | w_P3=4.089 | λ_MMD=0.173 | λ_proto=0.309
2025-10-06 22:56:22 - Epoch Summary: TrainLoss=0.7855 | TrainAcc=0.717 | Val(P3)=0.618 | Val(AVO)=0.669
2025-10-06 22:56:22 - No P3-val improvement; patience remaining: 185/200
2025-10-06 22:56:22 - Epoch 34/1000 | LR=0.002992 | w_AVO=1.000 | w_P3=4.182 | λ_MMD=0.178 | λ_proto=0.319
2025-10-06 22:56:25 - Epoch Summary: TrainLoss=0.7984 | TrainAcc=0.706 | Val(P3)=0.618 | Val(AVO)=0.669
2025-10-06 22:56:25 - No P3-val improvement; patience remaining: 184/200
2025-10-06 22:56:25 - Epoch 35/1000 | LR=0.002991 | w_AVO=1.000 | w_P3=4.276 | λ_MMD=0.184 | λ_proto=0.328
2025-10-06 22:56:28 - Epoch Summary: TrainLoss=0.7949 | TrainAcc=0.722 | Val(P3)=0.618 | Val(AVO)=0.672
2025-10-06 22:56:28 - No P3-val improvement; patience remaining: 183/200
2025-10-06 22:56:28 - Epoch 36/1000 | LR=0.002991 | w_AVO=1.000 | w_P3=4.369 | λ_MMD=0.189 | λ_proto=0.338
2025-10-06 22:56:32 - Epoch Summary: TrainLoss=0.7990 | TrainAcc=0.711 | Val(P3)=0.618 | Val(AVO)=0.682
2025-10-06 22:56:32 - No P3-val improvement; patience remaining: 182/200
2025-10-06 22:56:32 - Epoch 37/1000 | LR=0.002990 | w_AVO=1.000 | w_P3=4.463 | λ_MMD=0.194 | λ_proto=0.347
2025-10-06 22:56:35 - Epoch Summary: TrainLoss=0.8126 | TrainAcc=0.711 | Val(P3)=0.588 | Val(AVO)=0.675
2025-10-06 22:56:35 - No P3-val improvement; patience remaining: 181/200
2025-10-06 22:56:35 - Epoch 38/1000 | LR=0.002990 | w_AVO=1.000 | w_P3=4.557 | λ_MMD=0.199 | λ_proto=0.356
2025-10-06 22:56:37 - Epoch Summary: TrainLoss=0.7969 | TrainAcc=0.711 | Val(P3)=0.588 | Val(AVO)=0.617
2025-10-06 22:56:37 - No P3-val improvement; patience remaining: 180/200
2025-10-06 22:56:37 - Epoch 39/1000 | LR=0.002989 | w_AVO=1.000 | w_P3=4.650 | λ_MMD=0.205 | λ_proto=0.366
2025-10-06 22:56:40 - Epoch Summary: TrainLoss=0.8268 | TrainAcc=0.697 | Val(P3)=0.559 | Val(AVO)=0.672
2025-10-06 22:56:40 - No P3-val improvement; patience remaining: 179/200
2025-10-06 22:56:40 - Epoch 40/1000 | LR=0.002989 | w_AVO=1.000 | w_P3=4.744 | λ_MMD=0.210 | λ_proto=0.375
2025-10-06 22:56:43 - Epoch Summary: TrainLoss=0.8071 | TrainAcc=0.694 | Val(P3)=0.618 | Val(AVO)=0.656
2025-10-06 22:56:43 - No P3-val improvement; patience remaining: 178/200
2025-10-06 22:56:43 - Epoch 41/1000 | LR=0.002988 | w_AVO=1.000 | w_P3=4.837 | λ_MMD=0.215 | λ_proto=0.384
2025-10-06 22:56:46 - Epoch Summary: TrainLoss=0.8144 | TrainAcc=0.721 | Val(P3)=0.647 | Val(AVO)=0.666
2025-10-06 22:56:46 - No P3-val improvement; patience remaining: 177/200
2025-10-06 22:56:46 - Epoch 42/1000 | LR=0.002988 | w_AVO=1.000 | w_P3=4.931 | λ_MMD=0.221 | λ_proto=0.394
2025-10-06 22:56:49 - Epoch Summary: TrainLoss=0.8414 | TrainAcc=0.700 | Val(P3)=0.647 | Val(AVO)=0.656
2025-10-06 22:56:49 - No P3-val improvement; patience remaining: 176/200
2025-10-06 22:56:49 - Epoch 43/1000 | LR=0.002987 | w_AVO=1.000 | w_P3=5.025 | λ_MMD=0.226 | λ_proto=0.403
2025-10-06 22:56:52 - Epoch Summary: TrainLoss=0.8033 | TrainAcc=0.709 | Val(P3)=0.676 | Val(AVO)=0.672
2025-10-06 22:56:52 - No P3-val improvement; patience remaining: 175/200
2025-10-06 22:56:52 - Epoch 44/1000 | LR=0.002986 | w_AVO=1.000 | w_P3=5.118 | λ_MMD=0.231 | λ_proto=0.413
2025-10-06 22:56:55 - Epoch Summary: TrainLoss=0.8278 | TrainAcc=0.720 | Val(P3)=0.618 | Val(AVO)=0.656
2025-10-06 22:56:55 - No P3-val improvement; patience remaining: 174/200
2025-10-06 22:56:55 - Epoch 45/1000 | LR=0.002986 | w_AVO=1.000 | w_P3=5.212 | λ_MMD=0.236 | λ_proto=0.422
2025-10-06 22:56:58 - Epoch Summary: TrainLoss=0.8139 | TrainAcc=0.710 | Val(P3)=0.735 | Val(AVO)=0.669
2025-10-06 22:56:58 - New best P3-val; checkpoint updated
2025-10-06 22:56:58 - Epoch 46/1000 | LR=0.002985 | w_AVO=1.000 | w_P3=5.305 | λ_MMD=0.241 | λ_proto=0.431
2025-10-06 22:57:01 - Epoch Summary: TrainLoss=0.8497 | TrainAcc=0.695 | Val(P3)=0.676 | Val(AVO)=0.685
2025-10-06 22:57:01 - No P3-val improvement; patience remaining: 199/200
2025-10-06 22:57:01 - Epoch 47/1000 | LR=0.002984 | w_AVO=1.000 | w_P3=5.399 | λ_MMD=0.247 | λ_proto=0.441
2025-10-06 22:57:04 - Epoch Summary: TrainLoss=0.8444 | TrainAcc=0.721 | Val(P3)=0.588 | Val(AVO)=0.662
2025-10-06 22:57:04 - No P3-val improvement; patience remaining: 198/200
2025-10-06 22:57:04 - Epoch 48/1000 | LR=0.002984 | w_AVO=1.000 | w_P3=5.493 | λ_MMD=0.252 | λ_proto=0.450
