2025-09-25 21:09:15 - 
==================================================
2025-09-25 21:09:15 - TF-DWT Joint Training (Auto-Adjusted)
2025-09-25 21:09:15 - ==================================================
2025-09-25 21:09:15 - 
Experiment Configuration:
2025-09-25 21:09:15 - --------------------------------------------------
2025-09-25 21:09:15 - electrode_list: all
2025-09-25 21:09:15 - fusion_method: none
2025-09-25 21:09:15 - domain_adaptation: none
2025-09-25 21:09:15 - use_enhanced_preprocessing: True
2025-09-25 21:09:15 - batch_size: 128
2025-09-25 21:09:15 - max_epochs: 50
2025-09-25 21:09:15 - learning_rate: 0.01
2025-09-25 21:09:15 - weight_decay: 0.0001
2025-09-25 21:09:15 - dropout_rate: 0.25
2025-09-25 21:09:15 - use_data_augmentation: True
2025-09-25 21:09:15 - noise_std: 0.005
2025-09-25 21:09:15 - time_shift_range: 5
2025-09-25 21:09:15 - label_smoothing: 0.05
2025-09-25 21:09:15 - trials_per_subject_P3: 20
2025-09-25 21:09:15 - trials_per_subject_AVO: 200
2025-09-25 21:09:15 - train/val/test: (0.7, 0.1, 0.2)
2025-09-25 21:09:15 - device_mode: cuda
2025-09-25 21:09:15 - --------------------------------------------------
2025-09-25 21:09:15 - 
==================================================
2025-09-25 21:09:15 - Running Nested Cross-Validation with TF-DWT
2025-09-25 21:09:15 - ==================================================
2025-09-25 21:09:15 - Loading dataset for CV: P3
2025-09-25 21:09:15 - Subject P3_sub-001: Sampled 20/80 trials
2025-09-25 21:09:15 -   Original distribution: {np.int64(0): np.float64(0.5), np.int64(1): np.float64(0.5)}
2025-09-25 21:09:15 -   Sampled distribution: {np.int64(0): np.float64(0.5), np.int64(1): np.float64(0.5)}
2025-09-25 21:09:15 - Subject P3_sub-002: Sampled 20/80 trials
2025-09-25 21:09:15 -   Original distribution: {np.int64(0): np.float64(0.5), np.int64(1): np.float64(0.5)}
2025-09-25 21:09:15 -   Sampled distribution: {np.int64(0): np.float64(0.5), np.int64(1): np.float64(0.5)}
2025-09-25 21:09:15 - Subject P3_sub-003: Sampled 20/80 trials
2025-09-25 21:09:15 -   Original distribution: {np.int64(0): np.float64(0.5), np.int64(1): np.float64(0.5)}
2025-09-25 21:09:15 -   Sampled distribution: {np.int64(0): np.float64(0.5), np.int64(1): np.float64(0.5)}
2025-09-25 21:09:16 - Subject P3_sub-004: Sampled 20/78 trials
2025-09-25 21:09:16 -   Original distribution: {np.int64(0): np.float64(0.5), np.int64(1): np.float64(0.5)}
2025-09-25 21:09:16 -   Sampled distribution: {np.int64(0): np.float64(0.5), np.int64(1): np.float64(0.5)}
2025-09-25 21:09:16 - Subject P3_sub-005: Sampled 20/80 trials
2025-09-25 21:09:16 -   Original distribution: {np.int64(0): np.float64(0.5), np.int64(1): np.float64(0.5)}
2025-09-25 21:09:16 -   Sampled distribution: {np.int64(0): np.float64(0.5), np.int64(1): np.float64(0.5)}
2025-09-25 21:09:16 - Subject P3_sub-006: Sampled 20/80 trials
2025-09-25 21:09:16 -   Original distribution: {np.int64(0): np.float64(0.5), np.int64(1): np.float64(0.5)}
2025-09-25 21:09:16 -   Sampled distribution: {np.int64(0): np.float64(0.5), np.int64(1): np.float64(0.5)}
2025-09-25 21:09:16 - Subject P3_sub-007: Sampled 20/80 trials
2025-09-25 21:09:16 -   Original distribution: {np.int64(0): np.float64(0.5), np.int64(1): np.float64(0.5)}
2025-09-25 21:09:16 -   Sampled distribution: {np.int64(0): np.float64(0.5), np.int64(1): np.float64(0.5)}
2025-09-25 21:09:16 - Subject P3_sub-008: Sampled 20/80 trials
2025-09-25 21:09:16 -   Original distribution: {np.int64(0): np.float64(0.5), np.int64(1): np.float64(0.5)}
2025-09-25 21:09:16 -   Sampled distribution: {np.int64(0): np.float64(0.5), np.int64(1): np.float64(0.5)}
2025-09-25 21:09:16 - Subject P3_sub-009: Sampled 20/80 trials
2025-09-25 21:09:16 -   Original distribution: {np.int64(0): np.float64(0.5), np.int64(1): np.float64(0.5)}
2025-09-25 21:09:16 -   Sampled distribution: {np.int64(0): np.float64(0.5), np.int64(1): np.float64(0.5)}
2025-09-25 21:09:17 - Subject P3_sub-010: Sampled 20/80 trials
2025-09-25 21:09:17 -   Original distribution: {np.int64(0): np.float64(0.5), np.int64(1): np.float64(0.5)}
2025-09-25 21:09:17 -   Sampled distribution: {np.int64(0): np.float64(0.5), np.int64(1): np.float64(0.5)}
2025-09-25 21:09:17 - Subject P3_sub-011: Sampled 20/80 trials
2025-09-25 21:09:17 -   Original distribution: {np.int64(0): np.float64(0.5), np.int64(1): np.float64(0.5)}
2025-09-25 21:09:17 -   Sampled distribution: {np.int64(0): np.float64(0.5), np.int64(1): np.float64(0.5)}
2025-09-25 21:09:17 - Subject P3_sub-012: Sampled 20/78 trials
2025-09-25 21:09:17 -   Original distribution: {np.int64(0): np.float64(0.5), np.int64(1): np.float64(0.5)}
2025-09-25 21:09:17 -   Sampled distribution: {np.int64(0): np.float64(0.5), np.int64(1): np.float64(0.5)}
2025-09-25 21:09:17 - Subject P3_sub-013: Sampled 20/80 trials
2025-09-25 21:09:17 -   Original distribution: {np.int64(0): np.float64(0.5), np.int64(1): np.float64(0.5)}
2025-09-25 21:09:17 -   Sampled distribution: {np.int64(0): np.float64(0.5), np.int64(1): np.float64(0.5)}
2025-09-25 21:09:17 - Subject P3_sub-014: Sampled 20/80 trials
2025-09-25 21:09:17 -   Original distribution: {np.int64(0): np.float64(0.5), np.int64(1): np.float64(0.5)}
2025-09-25 21:09:17 -   Sampled distribution: {np.int64(0): np.float64(0.5), np.int64(1): np.float64(0.5)}
2025-09-25 21:09:17 - Subject P3_sub-015: Sampled 20/80 trials
2025-09-25 21:09:17 -   Original distribution: {np.int64(0): np.float64(0.5), np.int64(1): np.float64(0.5)}
2025-09-25 21:09:17 -   Sampled distribution: {np.int64(0): np.float64(0.5), np.int64(1): np.float64(0.5)}
2025-09-25 21:09:17 - Subject P3_sub-016: Sampled 20/80 trials
2025-09-25 21:09:17 -   Original distribution: {np.int64(0): np.float64(0.5), np.int64(1): np.float64(0.5)}
2025-09-25 21:09:17 -   Sampled distribution: {np.int64(0): np.float64(0.5), np.int64(1): np.float64(0.5)}
2025-09-25 21:09:18 - Subject P3_sub-017: Sampled 20/80 trials
2025-09-25 21:09:18 -   Original distribution: {np.int64(0): np.float64(0.5), np.int64(1): np.float64(0.5)}
2025-09-25 21:09:18 -   Sampled distribution: {np.int64(0): np.float64(0.5), np.int64(1): np.float64(0.5)}
2025-09-25 21:09:18 - Subject P3_sub-018: Sampled 20/80 trials
2025-09-25 21:09:18 -   Original distribution: {np.int64(0): np.float64(0.5), np.int64(1): np.float64(0.5)}
2025-09-25 21:09:18 -   Sampled distribution: {np.int64(0): np.float64(0.5), np.int64(1): np.float64(0.5)}
2025-09-25 21:09:18 - Subject P3_sub-019: Sampled 20/80 trials
2025-09-25 21:09:18 -   Original distribution: {np.int64(0): np.float64(0.5), np.int64(1): np.float64(0.5)}
2025-09-25 21:09:18 -   Sampled distribution: {np.int64(0): np.float64(0.5), np.int64(1): np.float64(0.5)}
2025-09-25 21:09:18 - Subject P3_sub-020: Sampled 20/78 trials
2025-09-25 21:09:18 -   Original distribution: {np.int64(0): np.float64(0.5), np.int64(1): np.float64(0.5)}
2025-09-25 21:09:18 -   Sampled distribution: {np.int64(0): np.float64(0.5), np.int64(1): np.float64(0.5)}
2025-09-25 21:09:18 - Subject P3_sub-021: Sampled 20/80 trials
2025-09-25 21:09:18 -   Original distribution: {np.int64(0): np.float64(0.5), np.int64(1): np.float64(0.5)}
2025-09-25 21:09:18 -   Sampled distribution: {np.int64(0): np.float64(0.5), np.int64(1): np.float64(0.5)}
2025-09-25 21:09:18 - Subject P3_sub-022: Sampled 20/80 trials
2025-09-25 21:09:18 -   Original distribution: {np.int64(0): np.float64(0.5), np.int64(1): np.float64(0.5)}
2025-09-25 21:09:18 -   Sampled distribution: {np.int64(0): np.float64(0.5), np.int64(1): np.float64(0.5)}
2025-09-25 21:09:19 - Subject P3_sub-023: Sampled 20/78 trials
2025-09-25 21:09:19 -   Original distribution: {np.int64(0): np.float64(0.5), np.int64(1): np.float64(0.5)}
2025-09-25 21:09:19 -   Sampled distribution: {np.int64(0): np.float64(0.5), np.int64(1): np.float64(0.5)}
2025-09-25 21:09:19 - Subject P3_sub-024: Sampled 20/80 trials
2025-09-25 21:09:19 -   Original distribution: {np.int64(0): np.float64(0.5), np.int64(1): np.float64(0.5)}
2025-09-25 21:09:19 -   Sampled distribution: {np.int64(0): np.float64(0.5), np.int64(1): np.float64(0.5)}
2025-09-25 21:09:19 - Subject P3_sub-025: Sampled 20/80 trials
2025-09-25 21:09:19 -   Original distribution: {np.int64(0): np.float64(0.5), np.int64(1): np.float64(0.5)}
2025-09-25 21:09:19 -   Sampled distribution: {np.int64(0): np.float64(0.5), np.int64(1): np.float64(0.5)}
2025-09-25 21:09:19 - Subject P3_sub-026: Sampled 20/80 trials
2025-09-25 21:09:19 -   Original distribution: {np.int64(0): np.float64(0.5), np.int64(1): np.float64(0.5)}
2025-09-25 21:09:19 -   Sampled distribution: {np.int64(0): np.float64(0.5), np.int64(1): np.float64(0.5)}
2025-09-25 21:09:19 - Subject P3_sub-027: Sampled 20/80 trials
2025-09-25 21:09:19 -   Original distribution: {np.int64(0): np.float64(0.5), np.int64(1): np.float64(0.5)}
2025-09-25 21:09:19 -   Sampled distribution: {np.int64(0): np.float64(0.5), np.int64(1): np.float64(0.5)}
2025-09-25 21:09:19 - Subject P3_sub-028: Sampled 20/80 trials
2025-09-25 21:09:19 -   Original distribution: {np.int64(0): np.float64(0.5), np.int64(1): np.float64(0.5)}
2025-09-25 21:09:19 -   Sampled distribution: {np.int64(0): np.float64(0.5), np.int64(1): np.float64(0.5)}
2025-09-25 21:09:20 - Subject P3_sub-029: Sampled 20/80 trials
2025-09-25 21:09:20 -   Original distribution: {np.int64(0): np.float64(0.5), np.int64(1): np.float64(0.5)}
2025-09-25 21:09:20 -   Sampled distribution: {np.int64(0): np.float64(0.5), np.int64(1): np.float64(0.5)}
2025-09-25 21:09:20 - Subject P3_sub-030: Sampled 20/80 trials
2025-09-25 21:09:20 -   Original distribution: {np.int64(0): np.float64(0.5), np.int64(1): np.float64(0.5)}
2025-09-25 21:09:20 -   Sampled distribution: {np.int64(0): np.float64(0.5), np.int64(1): np.float64(0.5)}
2025-09-25 21:09:20 - Subject P3_sub-031: Sampled 20/80 trials
2025-09-25 21:09:20 -   Original distribution: {np.int64(0): np.float64(0.5), np.int64(1): np.float64(0.5)}
2025-09-25 21:09:20 -   Sampled distribution: {np.int64(0): np.float64(0.5), np.int64(1): np.float64(0.5)}
2025-09-25 21:09:20 - Subject P3_sub-032: Sampled 20/80 trials
2025-09-25 21:09:20 -   Original distribution: {np.int64(0): np.float64(0.5), np.int64(1): np.float64(0.5)}
2025-09-25 21:09:20 -   Sampled distribution: {np.int64(0): np.float64(0.5), np.int64(1): np.float64(0.5)}
2025-09-25 21:09:20 - Subject P3_sub-033: Sampled 20/80 trials
2025-09-25 21:09:20 -   Original distribution: {np.int64(0): np.float64(0.5), np.int64(1): np.float64(0.5)}
2025-09-25 21:09:20 -   Sampled distribution: {np.int64(0): np.float64(0.5), np.int64(1): np.float64(0.5)}
2025-09-25 21:09:20 - Subject P3_sub-034: Sampled 20/80 trials
2025-09-25 21:09:20 -   Original distribution: {np.int64(0): np.float64(0.5), np.int64(1): np.float64(0.5)}
2025-09-25 21:09:20 -   Sampled distribution: {np.int64(0): np.float64(0.5), np.int64(1): np.float64(0.5)}
2025-09-25 21:09:21 - Subject P3_sub-035: Sampled 20/78 trials
2025-09-25 21:09:21 -   Original distribution: {np.int64(0): np.float64(0.5), np.int64(1): np.float64(0.5)}
2025-09-25 21:09:21 -   Sampled distribution: {np.int64(0): np.float64(0.5), np.int64(1): np.float64(0.5)}
2025-09-25 21:09:21 - Subject P3_sub-036: Sampled 20/80 trials
2025-09-25 21:09:21 -   Original distribution: {np.int64(0): np.float64(0.5), np.int64(1): np.float64(0.5)}
2025-09-25 21:09:21 -   Sampled distribution: {np.int64(0): np.float64(0.5), np.int64(1): np.float64(0.5)}
2025-09-25 21:09:21 - Subject P3_sub-037: Sampled 20/78 trials
2025-09-25 21:09:21 -   Original distribution: {np.int64(0): np.float64(0.5), np.int64(1): np.float64(0.5)}
2025-09-25 21:09:21 -   Sampled distribution: {np.int64(0): np.float64(0.5), np.int64(1): np.float64(0.5)}
2025-09-25 21:09:21 - Subject P3_sub-038: Sampled 20/80 trials
2025-09-25 21:09:21 -   Original distribution: {np.int64(0): np.float64(0.5), np.int64(1): np.float64(0.5)}
2025-09-25 21:09:21 -   Sampled distribution: {np.int64(0): np.float64(0.5), np.int64(1): np.float64(0.5)}
2025-09-25 21:09:21 - Subject P3_sub-039: Sampled 20/80 trials
2025-09-25 21:09:21 -   Original distribution: {np.int64(0): np.float64(0.5), np.int64(1): np.float64(0.5)}
2025-09-25 21:09:21 -   Sampled distribution: {np.int64(0): np.float64(0.5), np.int64(1): np.float64(0.5)}
2025-09-25 21:09:22 - Subject P3_sub-040: Sampled 20/80 trials
2025-09-25 21:09:22 -   Original distribution: {np.int64(0): np.float64(0.5), np.int64(1): np.float64(0.5)}
2025-09-25 21:09:22 -   Sampled distribution: {np.int64(0): np.float64(0.5), np.int64(1): np.float64(0.5)}
2025-09-25 21:09:22 - Loading dataset for CV: AVO
2025-09-25 21:09:27 - Combined dataset summary: total=3824, P3=800, AVO=3024
2025-09-25 21:09:27 - Repeat 1/1
2025-09-25 21:09:27 -   Fold 1/2
2025-09-25 21:09:27 - Fold domains: small=P3 (n=332), large=AVO (n=1341)
2025-09-25 21:09:27 - Auto adjustments (symmetric): w_small≈1.000, lambda_MMD_target=0.300, warmup_epochs=5
2025-09-25 21:09:27 - Epoch 1/50 | LR=0.010000 | w_AVO=1.000 | w_P3=1.202 | lambda_MMD=0.060
2025-09-25 21:09:28 - Epoch Summary: TrainLoss=1.6259 | TrainAcc=0.499 | Val(P3)=0.577 | Val(AVO)=0.567
2025-09-25 21:09:28 - New best P3-val; checkpoint updated
2025-09-25 21:09:28 - Epoch 2/50 | LR=0.009990 | w_AVO=1.000 | w_P3=1.404 | lambda_MMD=0.120
2025-09-25 21:09:28 - Epoch Summary: TrainLoss=1.5822 | TrainAcc=0.591 | Val(P3)=0.577 | Val(AVO)=0.610
2025-09-25 21:09:28 - No P3-val improvement; patience remaining: 19/20
2025-09-25 21:09:28 - Epoch 3/50 | LR=0.009961 | w_AVO=1.000 | w_P3=1.606 | lambda_MMD=0.180
2025-09-25 21:09:28 - Epoch Summary: TrainLoss=1.6902 | TrainAcc=0.605 | Val(P3)=0.596 | Val(AVO)=0.610
2025-09-25 21:09:28 - New best P3-val; checkpoint updated
2025-09-25 21:09:28 - Epoch 4/50 | LR=0.009911 | w_AVO=1.000 | w_P3=1.808 | lambda_MMD=0.240
2025-09-25 21:09:28 - Epoch Summary: TrainLoss=1.8071 | TrainAcc=0.612 | Val(P3)=0.577 | Val(AVO)=0.615
2025-09-25 21:09:28 - No P3-val improvement; patience remaining: 19/20
2025-09-25 21:09:28 - Epoch 5/50 | LR=0.009843 | w_AVO=1.000 | w_P3=2.010 | lambda_MMD=0.300
2025-09-25 21:09:28 - Epoch Summary: TrainLoss=1.9078 | TrainAcc=0.632 | Val(P3)=0.538 | Val(AVO)=0.615
2025-09-25 21:09:28 - No P3-val improvement; patience remaining: 18/20
2025-09-25 21:09:28 - P3 val decreasing 3x. Reducing w_small to 1.608, lambda_MMD to 0.150
2025-09-25 21:09:28 - Epoch 6/50 | LR=0.009755 | w_AVO=1.000 | w_P3=1.608 | lambda_MMD=0.150
2025-09-25 21:09:28 - Epoch Summary: TrainLoss=1.6323 | TrainAcc=0.627 | Val(P3)=0.558 | Val(AVO)=0.615
2025-09-25 21:09:28 - No P3-val improvement; patience remaining: 17/20
2025-09-25 21:09:28 - Epoch 7/50 | LR=0.009649 | w_AVO=1.000 | w_P3=2.010 | lambda_MMD=0.300
2025-09-25 21:09:28 - Epoch Summary: TrainLoss=1.8564 | TrainAcc=0.643 | Val(P3)=0.635 | Val(AVO)=0.567
2025-09-25 21:09:28 - New best P3-val; checkpoint updated
2025-09-25 21:09:28 - Epoch 8/50 | LR=0.009524 | w_AVO=1.000 | w_P3=2.010 | lambda_MMD=0.300
2025-09-25 21:09:28 - Epoch Summary: TrainLoss=1.8294 | TrainAcc=0.636 | Val(P3)=0.615 | Val(AVO)=0.561
2025-09-25 21:09:28 - No P3-val improvement; patience remaining: 19/20
2025-09-25 21:09:28 - AVO val decreasing 3x. Reducing lambda_MMD to 0.210
2025-09-25 21:09:28 - Epoch 9/50 | LR=0.009382 | w_AVO=1.000 | w_P3=2.010 | lambda_MMD=0.210
2025-09-25 21:09:29 - Epoch Summary: TrainLoss=1.8068 | TrainAcc=0.645 | Val(P3)=0.615 | Val(AVO)=0.556
2025-09-25 21:09:29 - No P3-val improvement; patience remaining: 18/20
2025-09-25 21:09:29 - AVO val decreasing 3x. Reducing lambda_MMD to 0.210
2025-09-25 21:09:29 - Epoch 10/50 | LR=0.009222 | w_AVO=1.000 | w_P3=2.010 | lambda_MMD=0.210
2025-09-25 21:09:29 - Epoch Summary: TrainLoss=1.7659 | TrainAcc=0.652 | Val(P3)=0.596 | Val(AVO)=0.572
2025-09-25 21:09:29 - No P3-val improvement; patience remaining: 17/20
2025-09-25 21:09:29 - Epoch 11/50 | LR=0.009045 | w_AVO=1.000 | w_P3=2.010 | lambda_MMD=0.300
2025-09-25 21:09:29 - Epoch Summary: TrainLoss=1.7567 | TrainAcc=0.638 | Val(P3)=0.654 | Val(AVO)=0.567
2025-09-25 21:09:29 - New best P3-val; checkpoint updated
2025-09-25 21:09:29 - Epoch 12/50 | LR=0.008853 | w_AVO=1.000 | w_P3=2.010 | lambda_MMD=0.300
2025-09-25 21:09:29 - Epoch Summary: TrainLoss=1.7261 | TrainAcc=0.649 | Val(P3)=0.558 | Val(AVO)=0.556
2025-09-25 21:09:29 - No P3-val improvement; patience remaining: 19/20
2025-09-25 21:09:29 - AVO val decreasing 3x. Reducing lambda_MMD to 0.210
2025-09-25 21:09:29 - Epoch 13/50 | LR=0.008645 | w_AVO=1.000 | w_P3=2.010 | lambda_MMD=0.210
2025-09-25 21:09:29 - Epoch Summary: TrainLoss=1.6950 | TrainAcc=0.640 | Val(P3)=0.635 | Val(AVO)=0.572
2025-09-25 21:09:29 - No P3-val improvement; patience remaining: 18/20
2025-09-25 21:09:29 - Epoch 14/50 | LR=0.008423 | w_AVO=1.000 | w_P3=2.010 | lambda_MMD=0.300
2025-09-25 21:09:29 - Epoch Summary: TrainLoss=1.6755 | TrainAcc=0.656 | Val(P3)=0.577 | Val(AVO)=0.610
2025-09-25 21:09:29 - No P3-val improvement; patience remaining: 17/20
2025-09-25 21:09:29 - Epoch 15/50 | LR=0.008187 | w_AVO=1.000 | w_P3=2.010 | lambda_MMD=0.300
2025-09-25 21:09:29 - Epoch Summary: TrainLoss=1.6528 | TrainAcc=0.658 | Val(P3)=0.577 | Val(AVO)=0.567
2025-09-25 21:09:29 - No P3-val improvement; patience remaining: 16/20
2025-09-25 21:09:29 - Epoch 16/50 | LR=0.007939 | w_AVO=1.000 | w_P3=2.010 | lambda_MMD=0.300
2025-09-25 21:09:30 - Epoch Summary: TrainLoss=1.6363 | TrainAcc=0.650 | Val(P3)=0.519 | Val(AVO)=0.610
2025-09-25 21:09:30 - No P3-val improvement; patience remaining: 15/20
2025-09-25 21:09:30 - Epoch 17/50 | LR=0.007679 | w_AVO=1.000 | w_P3=2.010 | lambda_MMD=0.300
2025-09-25 21:09:30 - Epoch Summary: TrainLoss=1.6036 | TrainAcc=0.657 | Val(P3)=0.577 | Val(AVO)=0.561
2025-09-25 21:09:30 - No P3-val improvement; patience remaining: 14/20
2025-09-25 21:09:30 - Epoch 18/50 | LR=0.007409 | w_AVO=1.000 | w_P3=2.010 | lambda_MMD=0.300
2025-09-25 21:09:30 - Epoch Summary: TrainLoss=1.5880 | TrainAcc=0.657 | Val(P3)=0.654 | Val(AVO)=0.567
2025-09-25 21:09:30 - No P3-val improvement; patience remaining: 13/20
2025-09-25 21:09:30 - Epoch 19/50 | LR=0.007129 | w_AVO=1.000 | w_P3=2.010 | lambda_MMD=0.300
2025-09-25 21:09:30 - Epoch Summary: TrainLoss=1.5614 | TrainAcc=0.650 | Val(P3)=0.538 | Val(AVO)=0.599
2025-09-25 21:09:30 - No P3-val improvement; patience remaining: 12/20
2025-09-25 21:09:30 - Epoch 20/50 | LR=0.006841 | w_AVO=1.000 | w_P3=2.010 | lambda_MMD=0.300
2025-09-25 21:09:30 - Epoch Summary: TrainLoss=1.5388 | TrainAcc=0.657 | Val(P3)=0.635 | Val(AVO)=0.578
2025-09-25 21:09:30 - No P3-val improvement; patience remaining: 11/20
2025-09-25 21:09:30 - Epoch 21/50 | LR=0.006545 | w_AVO=1.000 | w_P3=2.010 | lambda_MMD=0.300
2025-09-25 21:09:30 - Epoch Summary: TrainLoss=1.5195 | TrainAcc=0.671 | Val(P3)=0.538 | Val(AVO)=0.599
2025-09-25 21:09:30 - No P3-val improvement; patience remaining: 10/20
2025-09-25 21:09:30 - Epoch 22/50 | LR=0.006243 | w_AVO=1.000 | w_P3=2.010 | lambda_MMD=0.300
2025-09-25 21:09:30 - Epoch Summary: TrainLoss=1.4992 | TrainAcc=0.679 | Val(P3)=0.596 | Val(AVO)=0.583
2025-09-25 21:09:30 - No P3-val improvement; patience remaining: 9/20
2025-09-25 21:09:30 - Epoch 23/50 | LR=0.005937 | w_AVO=1.000 | w_P3=2.010 | lambda_MMD=0.300
2025-09-25 21:09:30 - Epoch Summary: TrainLoss=1.5059 | TrainAcc=0.679 | Val(P3)=0.577 | Val(AVO)=0.610
2025-09-25 21:09:30 - No P3-val improvement; patience remaining: 8/20
2025-09-25 21:09:30 - Epoch 24/50 | LR=0.005627 | w_AVO=1.000 | w_P3=2.010 | lambda_MMD=0.300
2025-09-25 21:09:31 - Epoch Summary: TrainLoss=1.4605 | TrainAcc=0.675 | Val(P3)=0.577 | Val(AVO)=0.615
2025-09-25 21:09:31 - No P3-val improvement; patience remaining: 7/20
2025-09-25 21:09:31 - Epoch 25/50 | LR=0.005314 | w_AVO=1.000 | w_P3=2.010 | lambda_MMD=0.300
2025-09-25 21:09:31 - Epoch Summary: TrainLoss=1.4498 | TrainAcc=0.680 | Val(P3)=0.577 | Val(AVO)=0.599
2025-09-25 21:09:31 - No P3-val improvement; patience remaining: 6/20
2025-09-25 21:09:31 - Epoch 26/50 | LR=0.005000 | w_AVO=1.000 | w_P3=2.010 | lambda_MMD=0.300
2025-09-25 21:09:31 - Epoch Summary: TrainLoss=1.4344 | TrainAcc=0.676 | Val(P3)=0.558 | Val(AVO)=0.594
2025-09-25 21:09:31 - No P3-val improvement; patience remaining: 5/20
2025-09-25 21:09:31 - AVO val decreasing 3x. Reducing lambda_MMD to 0.210
2025-09-25 21:09:31 - Epoch 27/50 | LR=0.004686 | w_AVO=1.000 | w_P3=2.010 | lambda_MMD=0.210
2025-09-25 21:09:31 - Epoch Summary: TrainLoss=1.4315 | TrainAcc=0.687 | Val(P3)=0.635 | Val(AVO)=0.588
2025-09-25 21:09:31 - No P3-val improvement; patience remaining: 4/20
2025-09-25 21:09:31 - AVO val decreasing 3x. Reducing lambda_MMD to 0.210
2025-09-25 21:09:31 - Epoch 28/50 | LR=0.004373 | w_AVO=1.000 | w_P3=2.010 | lambda_MMD=0.210
2025-09-25 21:09:31 - Epoch Summary: TrainLoss=1.4070 | TrainAcc=0.687 | Val(P3)=0.615 | Val(AVO)=0.594
2025-09-25 21:09:31 - No P3-val improvement; patience remaining: 3/20
2025-09-25 21:09:31 - Epoch 29/50 | LR=0.004063 | w_AVO=1.000 | w_P3=2.010 | lambda_MMD=0.300
2025-09-25 21:09:31 - Epoch Summary: TrainLoss=1.4037 | TrainAcc=0.691 | Val(P3)=0.635 | Val(AVO)=0.588
2025-09-25 21:09:31 - No P3-val improvement; patience remaining: 2/20
2025-09-25 21:09:31 - Epoch 30/50 | LR=0.003757 | w_AVO=1.000 | w_P3=2.010 | lambda_MMD=0.300
2025-09-25 21:09:31 - Epoch Summary: TrainLoss=1.3703 | TrainAcc=0.688 | Val(P3)=0.615 | Val(AVO)=0.594
2025-09-25 21:09:31 - No P3-val improvement; patience remaining: 1/20
2025-09-25 21:09:31 - Epoch 31/50 | LR=0.003455 | w_AVO=1.000 | w_P3=2.010 | lambda_MMD=0.300
2025-09-25 21:09:32 - Epoch Summary: TrainLoss=1.3870 | TrainAcc=0.679 | Val(P3)=0.558 | Val(AVO)=0.604
2025-09-25 21:09:32 - No P3-val improvement; patience remaining: 0/20
2025-09-25 21:09:32 - Early stopping triggered (P3-val)
2025-09-25 21:09:32 -     P3 Test | Acc=0.5962 P=0.5945 R=0.6172 F1=0.6056 AUC=0.6402 (n=416)
2025-09-25 21:09:32 -     AVO Test | Acc=0.5996 P=0.6457 R=0.4391 F1=0.5227 AUC=0.6663 (n=1496)
2025-09-25 21:09:32 -     Overall Test Acc=0.5988
2025-09-25 21:09:32 -   Fold 2/2
2025-09-25 21:09:32 - Fold domains: small=P3 (n=361), large=AVO (n=1312)
2025-09-25 21:09:32 - Auto adjustments (symmetric): w_small≈1.000, lambda_MMD_target=0.200, warmup_epochs=5
2025-09-25 21:09:32 - Epoch 1/50 | LR=0.010000 | w_AVO=1.000 | w_P3=1.181 | lambda_MMD=0.040
2025-09-25 21:09:32 - Epoch Summary: TrainLoss=1.6051 | TrainAcc=0.540 | Val(P3)=0.618 | Val(AVO)=0.554
2025-09-25 21:09:32 - New best P3-val; checkpoint updated
2025-09-25 21:09:32 - Epoch 2/50 | LR=0.009990 | w_AVO=1.000 | w_P3=1.363 | lambda_MMD=0.080
2025-09-25 21:09:32 - Epoch Summary: TrainLoss=1.5432 | TrainAcc=0.600 | Val(P3)=0.636 | Val(AVO)=0.565
2025-09-25 21:09:32 - New best P3-val; checkpoint updated
2025-09-25 21:09:32 - Epoch 3/50 | LR=0.009961 | w_AVO=1.000 | w_P3=1.544 | lambda_MMD=0.120
2025-09-25 21:09:32 - Epoch Summary: TrainLoss=1.6395 | TrainAcc=0.633 | Val(P3)=0.691 | Val(AVO)=0.576
2025-09-25 21:09:32 - New best P3-val; checkpoint updated
2025-09-25 21:09:32 - Epoch 4/50 | LR=0.009911 | w_AVO=1.000 | w_P3=1.725 | lambda_MMD=0.160
2025-09-25 21:09:32 - Epoch Summary: TrainLoss=1.7321 | TrainAcc=0.627 | Val(P3)=0.745 | Val(AVO)=0.603
2025-09-25 21:09:32 - New best P3-val; checkpoint updated
2025-09-25 21:09:32 - Epoch 5/50 | LR=0.009843 | w_AVO=1.000 | w_P3=1.906 | lambda_MMD=0.200
2025-09-25 21:09:32 - Epoch Summary: TrainLoss=1.8203 | TrainAcc=0.642 | Val(P3)=0.636 | Val(AVO)=0.592
2025-09-25 21:09:32 - No P3-val improvement; patience remaining: 19/20
2025-09-25 21:09:32 - Epoch 6/50 | LR=0.009755 | w_AVO=1.000 | w_P3=1.906 | lambda_MMD=0.200
2025-09-25 21:09:32 - Epoch Summary: TrainLoss=1.8022 | TrainAcc=0.635 | Val(P3)=0.636 | Val(AVO)=0.587
2025-09-25 21:09:32 - No P3-val improvement; patience remaining: 18/20
2025-09-25 21:09:32 - AVO val decreasing 3x. Reducing lambda_MMD to 0.140
2025-09-25 21:09:32 - Epoch 7/50 | LR=0.009649 | w_AVO=1.000 | w_P3=1.906 | lambda_MMD=0.140
2025-09-25 21:09:33 - Epoch Summary: TrainLoss=1.7772 | TrainAcc=0.634 | Val(P3)=0.636 | Val(AVO)=0.598
2025-09-25 21:09:33 - No P3-val improvement; patience remaining: 17/20
2025-09-25 21:09:33 - Epoch 8/50 | LR=0.009524 | w_AVO=1.000 | w_P3=1.906 | lambda_MMD=0.200
2025-09-25 21:09:33 - Epoch Summary: TrainLoss=1.7736 | TrainAcc=0.629 | Val(P3)=0.655 | Val(AVO)=0.598
2025-09-25 21:09:33 - No P3-val improvement; patience remaining: 16/20
2025-09-25 21:09:33 - Epoch 9/50 | LR=0.009382 | w_AVO=1.000 | w_P3=1.906 | lambda_MMD=0.200
2025-09-25 21:09:33 - Epoch Summary: TrainLoss=1.7452 | TrainAcc=0.636 | Val(P3)=0.673 | Val(AVO)=0.641
2025-09-25 21:09:33 - No P3-val improvement; patience remaining: 15/20
2025-09-25 21:09:33 - Epoch 10/50 | LR=0.009222 | w_AVO=1.000 | w_P3=1.906 | lambda_MMD=0.200
2025-09-25 21:09:33 - Epoch Summary: TrainLoss=1.7308 | TrainAcc=0.643 | Val(P3)=0.655 | Val(AVO)=0.630
2025-09-25 21:09:33 - No P3-val improvement; patience remaining: 14/20
2025-09-25 21:09:33 - Epoch 11/50 | LR=0.009045 | w_AVO=1.000 | w_P3=1.906 | lambda_MMD=0.200
2025-09-25 21:09:33 - Epoch Summary: TrainLoss=1.7084 | TrainAcc=0.646 | Val(P3)=0.673 | Val(AVO)=0.630
2025-09-25 21:09:33 - No P3-val improvement; patience remaining: 13/20
2025-09-25 21:09:33 - Epoch 12/50 | LR=0.008853 | w_AVO=1.000 | w_P3=1.906 | lambda_MMD=0.200
2025-09-25 21:09:33 - Epoch Summary: TrainLoss=1.6908 | TrainAcc=0.641 | Val(P3)=0.564 | Val(AVO)=0.636
2025-09-25 21:09:33 - No P3-val improvement; patience remaining: 12/20
2025-09-25 21:09:33 - Epoch 13/50 | LR=0.008645 | w_AVO=1.000 | w_P3=1.906 | lambda_MMD=0.200
2025-09-25 21:09:33 - Epoch Summary: TrainLoss=1.6644 | TrainAcc=0.649 | Val(P3)=0.655 | Val(AVO)=0.652
2025-09-25 21:09:33 - No P3-val improvement; patience remaining: 11/20
2025-09-25 21:09:33 - Epoch 14/50 | LR=0.008423 | w_AVO=1.000 | w_P3=1.906 | lambda_MMD=0.200
2025-09-25 21:09:34 - Epoch Summary: TrainLoss=1.6482 | TrainAcc=0.661 | Val(P3)=0.709 | Val(AVO)=0.620
2025-09-25 21:09:34 - No P3-val improvement; patience remaining: 10/20
2025-09-25 21:09:34 - Epoch 15/50 | LR=0.008187 | w_AVO=1.000 | w_P3=1.906 | lambda_MMD=0.200
2025-09-25 21:09:34 - Epoch Summary: TrainLoss=1.6138 | TrainAcc=0.654 | Val(P3)=0.618 | Val(AVO)=0.609
2025-09-25 21:09:34 - No P3-val improvement; patience remaining: 9/20
2025-09-25 21:09:34 - AVO val decreasing 3x. Reducing lambda_MMD to 0.140
2025-09-25 21:09:34 - Epoch 16/50 | LR=0.007939 | w_AVO=1.000 | w_P3=1.906 | lambda_MMD=0.140
2025-09-25 21:09:34 - Epoch Summary: TrainLoss=1.6030 | TrainAcc=0.663 | Val(P3)=0.655 | Val(AVO)=0.641
2025-09-25 21:09:34 - No P3-val improvement; patience remaining: 8/20
2025-09-25 21:09:34 - Epoch 17/50 | LR=0.007679 | w_AVO=1.000 | w_P3=1.906 | lambda_MMD=0.200
2025-09-25 21:09:34 - Epoch Summary: TrainLoss=1.6022 | TrainAcc=0.666 | Val(P3)=0.782 | Val(AVO)=0.582
2025-09-25 21:09:34 - New best P3-val; checkpoint updated
2025-09-25 21:09:34 - Epoch 18/50 | LR=0.007409 | w_AVO=1.000 | w_P3=1.906 | lambda_MMD=0.200
2025-09-25 21:09:34 - Epoch Summary: TrainLoss=1.5961 | TrainAcc=0.658 | Val(P3)=0.764 | Val(AVO)=0.592
2025-09-25 21:09:34 - No P3-val improvement; patience remaining: 19/20
2025-09-25 21:09:34 - Epoch 19/50 | LR=0.007129 | w_AVO=1.000 | w_P3=1.906 | lambda_MMD=0.200
2025-09-25 21:09:34 - Epoch Summary: TrainLoss=1.5618 | TrainAcc=0.665 | Val(P3)=0.709 | Val(AVO)=0.609
2025-09-25 21:09:34 - No P3-val improvement; patience remaining: 18/20
2025-09-25 21:09:34 - P3 val decreasing 3x. Reducing w_small to 1.525, lambda_MMD to 0.100
2025-09-25 21:09:34 - Epoch 20/50 | LR=0.006841 | w_AVO=1.000 | w_P3=1.525 | lambda_MMD=0.100
2025-09-25 21:09:34 - Epoch Summary: TrainLoss=1.3530 | TrainAcc=0.681 | Val(P3)=0.582 | Val(AVO)=0.603
2025-09-25 21:09:34 - No P3-val improvement; patience remaining: 17/20
2025-09-25 21:09:34 - P3 val decreasing 3x. Reducing w_small to 1.525, lambda_MMD to 0.100
2025-09-25 21:09:34 - Epoch 21/50 | LR=0.006545 | w_AVO=1.000 | w_P3=1.525 | lambda_MMD=0.100
2025-09-25 21:09:34 - Epoch Summary: TrainLoss=1.3453 | TrainAcc=0.680 | Val(P3)=0.673 | Val(AVO)=0.630
2025-09-25 21:09:34 - No P3-val improvement; patience remaining: 16/20
2025-09-25 21:09:34 - Epoch 22/50 | LR=0.006243 | w_AVO=1.000 | w_P3=1.906 | lambda_MMD=0.200
2025-09-25 21:09:35 - Epoch Summary: TrainLoss=1.5224 | TrainAcc=0.667 | Val(P3)=0.600 | Val(AVO)=0.620
2025-09-25 21:09:35 - No P3-val improvement; patience remaining: 15/20
2025-09-25 21:09:35 - Epoch 23/50 | LR=0.005937 | w_AVO=1.000 | w_P3=1.906 | lambda_MMD=0.200
2025-09-25 21:09:35 - Epoch Summary: TrainLoss=1.5267 | TrainAcc=0.675 | Val(P3)=0.691 | Val(AVO)=0.598
2025-09-25 21:09:35 - No P3-val improvement; patience remaining: 14/20
2025-09-25 21:09:35 - AVO val decreasing 3x. Reducing lambda_MMD to 0.140
2025-09-25 21:09:35 - Epoch 24/50 | LR=0.005627 | w_AVO=1.000 | w_P3=1.906 | lambda_MMD=0.140
2025-09-25 21:09:35 - Epoch Summary: TrainLoss=1.5074 | TrainAcc=0.684 | Val(P3)=0.727 | Val(AVO)=0.571
2025-09-25 21:09:35 - No P3-val improvement; patience remaining: 13/20
2025-09-25 21:09:35 - AVO val decreasing 3x. Reducing lambda_MMD to 0.140
2025-09-25 21:09:35 - Epoch 25/50 | LR=0.005314 | w_AVO=1.000 | w_P3=1.906 | lambda_MMD=0.140
2025-09-25 21:09:35 - Epoch Summary: TrainLoss=1.4795 | TrainAcc=0.681 | Val(P3)=0.691 | Val(AVO)=0.614
2025-09-25 21:09:35 - No P3-val improvement; patience remaining: 12/20
2025-09-25 21:09:35 - Epoch 26/50 | LR=0.005000 | w_AVO=1.000 | w_P3=1.906 | lambda_MMD=0.200
2025-09-25 21:09:35 - Epoch Summary: TrainLoss=1.4719 | TrainAcc=0.697 | Val(P3)=0.636 | Val(AVO)=0.609
2025-09-25 21:09:35 - No P3-val improvement; patience remaining: 11/20
2025-09-25 21:09:35 - P3 val decreasing 3x. Reducing w_small to 1.525, lambda_MMD to 0.100
2025-09-25 21:09:35 - Epoch 27/50 | LR=0.004686 | w_AVO=1.000 | w_P3=1.525 | lambda_MMD=0.100
2025-09-25 21:09:35 - Epoch Summary: TrainLoss=1.2888 | TrainAcc=0.684 | Val(P3)=0.691 | Val(AVO)=0.620
2025-09-25 21:09:35 - No P3-val improvement; patience remaining: 10/20
2025-09-25 21:09:35 - Epoch 28/50 | LR=0.004373 | w_AVO=1.000 | w_P3=1.906 | lambda_MMD=0.200
2025-09-25 21:09:35 - Epoch Summary: TrainLoss=1.4678 | TrainAcc=0.683 | Val(P3)=0.709 | Val(AVO)=0.560
2025-09-25 21:09:35 - No P3-val improvement; patience remaining: 9/20
2025-09-25 21:09:35 - Epoch 29/50 | LR=0.004063 | w_AVO=1.000 | w_P3=1.906 | lambda_MMD=0.200
2025-09-25 21:09:36 - Epoch Summary: TrainLoss=1.4417 | TrainAcc=0.691 | Val(P3)=0.691 | Val(AVO)=0.603
2025-09-25 21:09:36 - No P3-val improvement; patience remaining: 8/20
2025-09-25 21:09:36 - Epoch 30/50 | LR=0.003757 | w_AVO=1.000 | w_P3=1.906 | lambda_MMD=0.200
2025-09-25 21:09:36 - Epoch Summary: TrainLoss=1.4333 | TrainAcc=0.688 | Val(P3)=0.709 | Val(AVO)=0.582
2025-09-25 21:09:36 - No P3-val improvement; patience remaining: 7/20
2025-09-25 21:09:36 - Epoch 31/50 | LR=0.003455 | w_AVO=1.000 | w_P3=1.906 | lambda_MMD=0.200
2025-09-25 21:09:36 - Epoch Summary: TrainLoss=1.4292 | TrainAcc=0.690 | Val(P3)=0.691 | Val(AVO)=0.587
2025-09-25 21:09:36 - No P3-val improvement; patience remaining: 6/20
2025-09-25 21:09:36 - Epoch 32/50 | LR=0.003159 | w_AVO=1.000 | w_P3=1.906 | lambda_MMD=0.200
2025-09-25 21:09:36 - Epoch Summary: TrainLoss=1.4305 | TrainAcc=0.703 | Val(P3)=0.709 | Val(AVO)=0.571
2025-09-25 21:09:36 - No P3-val improvement; patience remaining: 5/20
2025-09-25 21:09:36 - Epoch 33/50 | LR=0.002871 | w_AVO=1.000 | w_P3=1.906 | lambda_MMD=0.200
2025-09-25 21:09:36 - Epoch Summary: TrainLoss=1.4082 | TrainAcc=0.704 | Val(P3)=0.709 | Val(AVO)=0.587
2025-09-25 21:09:36 - No P3-val improvement; patience remaining: 4/20
2025-09-25 21:09:36 - Epoch 34/50 | LR=0.002591 | w_AVO=1.000 | w_P3=1.906 | lambda_MMD=0.200
2025-09-25 21:09:36 - Epoch Summary: TrainLoss=1.4016 | TrainAcc=0.695 | Val(P3)=0.709 | Val(AVO)=0.582
2025-09-25 21:09:36 - No P3-val improvement; patience remaining: 3/20
2025-09-25 21:09:36 - Epoch 35/50 | LR=0.002321 | w_AVO=1.000 | w_P3=1.906 | lambda_MMD=0.200
2025-09-25 21:09:36 - Epoch Summary: TrainLoss=1.4016 | TrainAcc=0.700 | Val(P3)=0.709 | Val(AVO)=0.582
2025-09-25 21:09:36 - No P3-val improvement; patience remaining: 2/20
2025-09-25 21:09:36 - Epoch 36/50 | LR=0.002061 | w_AVO=1.000 | w_P3=1.906 | lambda_MMD=0.200
2025-09-25 21:09:36 - Epoch Summary: TrainLoss=1.3838 | TrainAcc=0.706 | Val(P3)=0.709 | Val(AVO)=0.592
2025-09-25 21:09:36 - No P3-val improvement; patience remaining: 1/20
2025-09-25 21:09:36 - Epoch 37/50 | LR=0.001813 | w_AVO=1.000 | w_P3=1.906 | lambda_MMD=0.200
2025-09-25 21:09:37 - Epoch Summary: TrainLoss=1.3770 | TrainAcc=0.704 | Val(P3)=0.709 | Val(AVO)=0.582
2025-09-25 21:09:37 - No P3-val improvement; patience remaining: 0/20
2025-09-25 21:09:37 - Early stopping triggered (P3-val)
2025-09-25 21:09:37 -     P3 Test | Acc=0.6276 P=0.6500 R=0.5445 F1=0.5926 AUC=0.6701 (n=384)
2025-09-25 21:09:37 -     AVO Test | Acc=0.6302 P=0.6149 R=0.6993 F1=0.6544 AUC=0.6748 (n=1528)
2025-09-25 21:09:37 -     Overall Test Acc=0.6297
2025-09-25 21:09:37 - 
==================================================
2025-09-25 21:09:37 - CROSS-VALIDATION RESULTS
2025-09-25 21:09:37 - ==================================================
2025-09-25 21:09:37 - Overall accuracy: 0.6143 ± 0.0218
2025-09-25 21:09:37 - 95% Confidence Interval: [0.4182, 0.8103]
2025-09-25 21:09:37 - P3 Dataset - Mean Accuracy: 0.6119 | 95% CI: [0.4121, 0.8117]
2025-09-25 21:09:37 - AVO Dataset - Mean Accuracy: 0.6149 | 95% CI: [0.4203, 0.8096]
2025-09-25 21:09:37 - Detailed results saved to: tfdwt_detailed_results_20250925_210937.csv
2025-09-25 21:09:37 - Summary statistics saved to: tfdwt_summary_stats_20250925_210937.csv
