2025-09-25 21:01:28 - 
==================================================
2025-09-25 21:01:28 - TF-DWT Joint Training (Auto-Adjusted)
2025-09-25 21:01:28 - ==================================================
2025-09-25 21:01:28 - 
Experiment Configuration:
2025-09-25 21:01:28 - --------------------------------------------------
2025-09-25 21:01:28 - electrode_list: all
2025-09-25 21:01:28 - fusion_method: none
2025-09-25 21:01:28 - domain_adaptation: none
2025-09-25 21:01:28 - use_enhanced_preprocessing: True
2025-09-25 21:01:28 - batch_size: 128
2025-09-25 21:01:28 - max_epochs: 100
2025-09-25 21:01:28 - learning_rate: 0.012
2025-09-25 21:01:28 - weight_decay: 0.0001
2025-09-25 21:01:28 - dropout_rate: 0.25
2025-09-25 21:01:28 - use_data_augmentation: True
2025-09-25 21:01:28 - noise_std: 0.005
2025-09-25 21:01:28 - time_shift_range: 5
2025-09-25 21:01:28 - label_smoothing: 0.05
2025-09-25 21:01:28 - trials_per_subject_P3: 200
2025-09-25 21:01:28 - trials_per_subject_AVO: 20
2025-09-25 21:01:28 - train/val/test: (0.7, 0.1, 0.2)
2025-09-25 21:01:28 - device_mode: cuda
2025-09-25 21:01:28 - --------------------------------------------------
2025-09-25 21:01:28 - 
==================================================
2025-09-25 21:01:28 - Running Nested Cross-Validation with TF-DWT
2025-09-25 21:01:28 - ==================================================
2025-09-25 21:01:28 - Loading dataset for CV: P3
2025-09-25 21:01:36 - Loading dataset for CV: AVO
2025-09-25 21:01:37 - Subject AVO_001: Sampled 20/70 trials
2025-09-25 21:01:37 -   Original distribution: {np.int64(0): np.float64(0.5), np.int64(1): np.float64(0.5)}
2025-09-25 21:01:37 -   Sampled distribution: {np.int64(0): np.float64(0.5), np.int64(1): np.float64(0.5)}
2025-09-25 21:01:37 - Subject AVO_002: Sampled 20/70 trials
2025-09-25 21:01:37 -   Original distribution: {np.int64(0): np.float64(0.5), np.int64(1): np.float64(0.5)}
2025-09-25 21:01:37 -   Sampled distribution: {np.int64(0): np.float64(0.5), np.int64(1): np.float64(0.5)}
2025-09-25 21:01:37 - Subject AVO_003: Sampled 20/88 trials
2025-09-25 21:01:37 -   Original distribution: {np.int64(0): np.float64(0.5), np.int64(1): np.float64(0.5)}
2025-09-25 21:01:37 -   Sampled distribution: {np.int64(0): np.float64(0.5), np.int64(1): np.float64(0.5)}
2025-09-25 21:01:37 - Subject AVO_004: Sampled 20/84 trials
2025-09-25 21:01:37 -   Original distribution: {np.int64(0): np.float64(0.5), np.int64(1): np.float64(0.5)}
2025-09-25 21:01:37 -   Sampled distribution: {np.int64(0): np.float64(0.5), np.int64(1): np.float64(0.5)}
2025-09-25 21:01:37 - Subject AVO_005: Sampled 20/72 trials
2025-09-25 21:01:37 -   Original distribution: {np.int64(0): np.float64(0.5), np.int64(1): np.float64(0.5)}
2025-09-25 21:01:37 -   Sampled distribution: {np.int64(0): np.float64(0.5), np.int64(1): np.float64(0.5)}
2025-09-25 21:01:37 - Subject AVO_006: Sampled 20/74 trials
2025-09-25 21:01:37 -   Original distribution: {np.int64(0): np.float64(0.5), np.int64(1): np.float64(0.5)}
2025-09-25 21:01:37 -   Sampled distribution: {np.int64(0): np.float64(0.5), np.int64(1): np.float64(0.5)}
2025-09-25 21:01:38 - Subject AVO_007: Sampled 20/76 trials
2025-09-25 21:01:38 -   Original distribution: {np.int64(0): np.float64(0.5), np.int64(1): np.float64(0.5)}
2025-09-25 21:01:38 -   Sampled distribution: {np.int64(0): np.float64(0.5), np.int64(1): np.float64(0.5)}
2025-09-25 21:01:38 - Subject AVO_008: Sampled 20/72 trials
2025-09-25 21:01:38 -   Original distribution: {np.int64(0): np.float64(0.5), np.int64(1): np.float64(0.5)}
2025-09-25 21:01:38 -   Sampled distribution: {np.int64(0): np.float64(0.5), np.int64(1): np.float64(0.5)}
2025-09-25 21:01:38 - Subject AVO_009: Sampled 20/76 trials
2025-09-25 21:01:38 -   Original distribution: {np.int64(0): np.float64(0.5), np.int64(1): np.float64(0.5)}
2025-09-25 21:01:38 -   Sampled distribution: {np.int64(0): np.float64(0.5), np.int64(1): np.float64(0.5)}
2025-09-25 21:01:38 - Subject AVO_010: Sampled 20/72 trials
2025-09-25 21:01:38 -   Original distribution: {np.int64(0): np.float64(0.5), np.int64(1): np.float64(0.5)}
2025-09-25 21:01:38 -   Sampled distribution: {np.int64(0): np.float64(0.5), np.int64(1): np.float64(0.5)}
2025-09-25 21:01:38 - Subject AVO_011: Sampled 20/58 trials
2025-09-25 21:01:38 -   Original distribution: {np.int64(0): np.float64(0.5), np.int64(1): np.float64(0.5)}
2025-09-25 21:01:38 -   Sampled distribution: {np.int64(0): np.float64(0.5), np.int64(1): np.float64(0.5)}
2025-09-25 21:01:38 - Subject AVO_012: Sampled 20/72 trials
2025-09-25 21:01:38 -   Original distribution: {np.int64(0): np.float64(0.5), np.int64(1): np.float64(0.5)}
2025-09-25 21:01:38 -   Sampled distribution: {np.int64(0): np.float64(0.5), np.int64(1): np.float64(0.5)}
2025-09-25 21:01:39 - Subject AVO_013: Sampled 20/72 trials
2025-09-25 21:01:39 -   Original distribution: {np.int64(0): np.float64(0.5), np.int64(1): np.float64(0.5)}
2025-09-25 21:01:39 -   Sampled distribution: {np.int64(0): np.float64(0.5), np.int64(1): np.float64(0.5)}
2025-09-25 21:01:39 - Subject AVO_014: Sampled 20/72 trials
2025-09-25 21:01:39 -   Original distribution: {np.int64(0): np.float64(0.5), np.int64(1): np.float64(0.5)}
2025-09-25 21:01:39 -   Sampled distribution: {np.int64(0): np.float64(0.5), np.int64(1): np.float64(0.5)}
2025-09-25 21:01:39 - Subject AVO_015: Sampled 20/56 trials
2025-09-25 21:01:39 -   Original distribution: {np.int64(0): np.float64(0.5), np.int64(1): np.float64(0.5)}
2025-09-25 21:01:39 -   Sampled distribution: {np.int64(0): np.float64(0.5), np.int64(1): np.float64(0.5)}
2025-09-25 21:01:39 - Subject AVO_016: Sampled 20/70 trials
2025-09-25 21:01:39 -   Original distribution: {np.int64(0): np.float64(0.5), np.int64(1): np.float64(0.5)}
2025-09-25 21:01:39 -   Sampled distribution: {np.int64(0): np.float64(0.5), np.int64(1): np.float64(0.5)}
2025-09-25 21:01:39 - Subject AVO_017: Sampled 20/74 trials
2025-09-25 21:01:39 -   Original distribution: {np.int64(0): np.float64(0.5), np.int64(1): np.float64(0.5)}
2025-09-25 21:01:39 -   Sampled distribution: {np.int64(0): np.float64(0.5), np.int64(1): np.float64(0.5)}
2025-09-25 21:01:39 - Subject AVO_018: Sampled 20/22 trials
2025-09-25 21:01:39 -   Original distribution: {np.int64(0): np.float64(0.5), np.int64(1): np.float64(0.5)}
2025-09-25 21:01:39 -   Sampled distribution: {np.int64(0): np.float64(0.5), np.int64(1): np.float64(0.5)}
2025-09-25 21:01:40 - Subject AVO_019: Sampled 20/76 trials
2025-09-25 21:01:40 -   Original distribution: {np.int64(0): np.float64(0.5), np.int64(1): np.float64(0.5)}
2025-09-25 21:01:40 -   Sampled distribution: {np.int64(0): np.float64(0.5), np.int64(1): np.float64(0.5)}
2025-09-25 21:01:40 - Subject AVO_020: Sampled 20/76 trials
2025-09-25 21:01:40 -   Original distribution: {np.int64(0): np.float64(0.5), np.int64(1): np.float64(0.5)}
2025-09-25 21:01:40 -   Sampled distribution: {np.int64(0): np.float64(0.5), np.int64(1): np.float64(0.5)}
2025-09-25 21:01:40 - Subject AVO_021: Sampled 20/80 trials
2025-09-25 21:01:40 -   Original distribution: {np.int64(0): np.float64(0.5), np.int64(1): np.float64(0.5)}
2025-09-25 21:01:40 -   Sampled distribution: {np.int64(0): np.float64(0.5), np.int64(1): np.float64(0.5)}
2025-09-25 21:01:40 - Subject AVO_022: Sampled 20/72 trials
2025-09-25 21:01:40 -   Original distribution: {np.int64(0): np.float64(0.5), np.int64(1): np.float64(0.5)}
2025-09-25 21:01:40 -   Sampled distribution: {np.int64(0): np.float64(0.5), np.int64(1): np.float64(0.5)}
2025-09-25 21:01:40 - Subject AVO_023: Sampled 20/78 trials
2025-09-25 21:01:40 -   Original distribution: {np.int64(0): np.float64(0.5), np.int64(1): np.float64(0.5)}
2025-09-25 21:01:40 -   Sampled distribution: {np.int64(0): np.float64(0.5), np.int64(1): np.float64(0.5)}
2025-09-25 21:01:40 - Subject AVO_024: Sampled 20/92 trials
2025-09-25 21:01:40 -   Original distribution: {np.int64(0): np.float64(0.5), np.int64(1): np.float64(0.5)}
2025-09-25 21:01:40 -   Sampled distribution: {np.int64(0): np.float64(0.5), np.int64(1): np.float64(0.5)}
2025-09-25 21:01:40 - Subject AVO_025: Sampled 20/64 trials
2025-09-25 21:01:40 -   Original distribution: {np.int64(0): np.float64(0.5), np.int64(1): np.float64(0.5)}
2025-09-25 21:01:40 -   Sampled distribution: {np.int64(0): np.float64(0.5), np.int64(1): np.float64(0.5)}
2025-09-25 21:01:41 - Subject AVO_026: Sampled 20/82 trials
2025-09-25 21:01:41 -   Original distribution: {np.int64(0): np.float64(0.5), np.int64(1): np.float64(0.5)}
2025-09-25 21:01:41 -   Sampled distribution: {np.int64(0): np.float64(0.5), np.int64(1): np.float64(0.5)}
2025-09-25 21:01:41 - Subject AVO_027: Sampled 20/70 trials
2025-09-25 21:01:41 -   Original distribution: {np.int64(0): np.float64(0.5), np.int64(1): np.float64(0.5)}
2025-09-25 21:01:41 -   Sampled distribution: {np.int64(0): np.float64(0.5), np.int64(1): np.float64(0.5)}
2025-09-25 21:01:41 - Subject AVO_028: Sampled 20/82 trials
2025-09-25 21:01:41 -   Original distribution: {np.int64(0): np.float64(0.5), np.int64(1): np.float64(0.5)}
2025-09-25 21:01:41 -   Sampled distribution: {np.int64(0): np.float64(0.5), np.int64(1): np.float64(0.5)}
2025-09-25 21:01:41 - Subject AVO_029: Sampled 20/84 trials
2025-09-25 21:01:41 -   Original distribution: {np.int64(0): np.float64(0.5), np.int64(1): np.float64(0.5)}
2025-09-25 21:01:41 -   Sampled distribution: {np.int64(0): np.float64(0.5), np.int64(1): np.float64(0.5)}
2025-09-25 21:01:41 - Subject AVO_030: Sampled 20/72 trials
2025-09-25 21:01:41 -   Original distribution: {np.int64(0): np.float64(0.5), np.int64(1): np.float64(0.5)}
2025-09-25 21:01:41 -   Sampled distribution: {np.int64(0): np.float64(0.5), np.int64(1): np.float64(0.5)}
2025-09-25 21:01:41 - Subject AVO_031: Sampled 20/88 trials
2025-09-25 21:01:41 -   Original distribution: {np.int64(0): np.float64(0.5), np.int64(1): np.float64(0.5)}
2025-09-25 21:01:41 -   Sampled distribution: {np.int64(0): np.float64(0.5), np.int64(1): np.float64(0.5)}
2025-09-25 21:01:42 - Subject AVO_032: Sampled 20/96 trials
2025-09-25 21:01:42 -   Original distribution: {np.int64(0): np.float64(0.5), np.int64(1): np.float64(0.5)}
2025-09-25 21:01:42 -   Sampled distribution: {np.int64(0): np.float64(0.5), np.int64(1): np.float64(0.5)}
2025-09-25 21:01:42 - Subject AVO_033: Sampled 20/78 trials
2025-09-25 21:01:42 -   Original distribution: {np.int64(0): np.float64(0.5), np.int64(1): np.float64(0.5)}
2025-09-25 21:01:42 -   Sampled distribution: {np.int64(0): np.float64(0.5), np.int64(1): np.float64(0.5)}
2025-09-25 21:01:42 - Subject AVO_034: Sampled 20/72 trials
2025-09-25 21:01:42 -   Original distribution: {np.int64(0): np.float64(0.5), np.int64(1): np.float64(0.5)}
2025-09-25 21:01:42 -   Sampled distribution: {np.int64(0): np.float64(0.5), np.int64(1): np.float64(0.5)}
2025-09-25 21:01:42 - Subject AVO_035: Sampled 20/88 trials
2025-09-25 21:01:42 -   Original distribution: {np.int64(0): np.float64(0.5), np.int64(1): np.float64(0.5)}
2025-09-25 21:01:42 -   Sampled distribution: {np.int64(0): np.float64(0.5), np.int64(1): np.float64(0.5)}
2025-09-25 21:01:42 - Subject AVO_036: Sampled 20/84 trials
2025-09-25 21:01:42 -   Original distribution: {np.int64(0): np.float64(0.5), np.int64(1): np.float64(0.5)}
2025-09-25 21:01:42 -   Sampled distribution: {np.int64(0): np.float64(0.5), np.int64(1): np.float64(0.5)}
2025-09-25 21:01:43 - Subject AVO_037: Sampled 20/86 trials
2025-09-25 21:01:43 -   Original distribution: {np.int64(0): np.float64(0.5), np.int64(1): np.float64(0.5)}
2025-09-25 21:01:43 -   Sampled distribution: {np.int64(0): np.float64(0.5), np.int64(1): np.float64(0.5)}
2025-09-25 21:01:43 - Subject AVO_038: Sampled 20/100 trials
2025-09-25 21:01:43 -   Original distribution: {np.int64(0): np.float64(0.5), np.int64(1): np.float64(0.5)}
2025-09-25 21:01:43 -   Sampled distribution: {np.int64(0): np.float64(0.5), np.int64(1): np.float64(0.5)}
2025-09-25 21:01:43 - Subject AVO_039: Sampled 20/70 trials
2025-09-25 21:01:43 -   Original distribution: {np.int64(0): np.float64(0.5), np.int64(1): np.float64(0.5)}
2025-09-25 21:01:43 -   Sampled distribution: {np.int64(0): np.float64(0.5), np.int64(1): np.float64(0.5)}
2025-09-25 21:01:43 - Subject AVO_040: Sampled 20/84 trials
2025-09-25 21:01:43 -   Original distribution: {np.int64(0): np.float64(0.5), np.int64(1): np.float64(0.5)}
2025-09-25 21:01:43 -   Sampled distribution: {np.int64(0): np.float64(0.5), np.int64(1): np.float64(0.5)}
2025-09-25 21:01:43 - Combined dataset summary: total=3988, P3=3188, AVO=800
2025-09-25 21:01:43 - Repeat 1/1
2025-09-25 21:01:43 -   Fold 1/2
2025-09-25 21:01:44 - Fold domains: small=AVO (n=373), large=P3 (n=1371)
2025-09-25 21:01:44 - Auto adjustments (symmetric): w_small≈1.000, lambda_MMD_target=0.250, warmup_epochs=5
2025-09-25 21:01:44 - Epoch 1/100 | LR=0.012000 | w_P3=1.000 | w_AVO=1.183 | lambda_MMD=0.050
2025-09-25 21:01:53 - Epoch Summary: TrainLoss=1.7442 | TrainAcc=0.501 | Val(P3)=0.528 | Val(AVO)=0.418
2025-09-25 21:01:53 - New best AVO-val; checkpoint updated
2025-09-25 21:01:53 - Epoch 2/100 | LR=0.011997 | w_P3=1.000 | w_AVO=1.367 | lambda_MMD=0.100
2025-09-25 21:02:03 - Epoch Summary: TrainLoss=1.6174 | TrainAcc=0.549 | Val(P3)=0.626 | Val(AVO)=0.564
2025-09-25 21:02:03 - New best AVO-val; checkpoint updated
2025-09-25 21:02:03 - Epoch 3/100 | LR=0.011988 | w_P3=1.000 | w_AVO=1.550 | lambda_MMD=0.150
2025-09-25 21:02:12 - Epoch Summary: TrainLoss=1.7131 | TrainAcc=0.585 | Val(P3)=0.569 | Val(AVO)=0.600
2025-09-25 21:02:12 - New best AVO-val; checkpoint updated
2025-09-25 21:02:12 - Epoch 4/100 | LR=0.011973 | w_P3=1.000 | w_AVO=1.734 | lambda_MMD=0.200
2025-09-25 21:02:22 - Epoch Summary: TrainLoss=1.7915 | TrainAcc=0.593 | Val(P3)=0.646 | Val(AVO)=0.636
2025-09-25 21:02:22 - New best AVO-val; checkpoint updated
2025-09-25 21:02:22 - Epoch 5/100 | LR=0.011953 | w_P3=1.000 | w_AVO=1.917 | lambda_MMD=0.250
2025-09-25 21:02:33 - Epoch Summary: TrainLoss=1.8881 | TrainAcc=0.600 | Val(P3)=0.621 | Val(AVO)=0.582
2025-09-25 21:02:33 - No AVO-val improvement; patience remaining: 19/20
2025-09-25 21:02:33 - Epoch 6/100 | LR=0.011926 | w_P3=1.000 | w_AVO=1.917 | lambda_MMD=0.250
2025-09-25 21:02:46 - Epoch Summary: TrainLoss=1.8629 | TrainAcc=0.618 | Val(P3)=0.615 | Val(AVO)=0.564
2025-09-25 21:02:46 - No AVO-val improvement; patience remaining: 18/20
2025-09-25 21:02:46 - AVO val decreasing 3x. Reducing w_small to 1.534, lambda_MMD to 0.125
2025-09-25 21:02:46 - P3 val decreasing 3x. Reducing lambda_MMD to 0.087
2025-09-25 21:02:46 - Epoch 7/100 | LR=0.011894 | w_P3=1.000 | w_AVO=1.534 | lambda_MMD=0.087
2025-09-25 21:02:59 - Epoch Summary: TrainLoss=1.5994 | TrainAcc=0.612 | Val(P3)=0.605 | Val(AVO)=0.564
2025-09-25 21:02:59 - No AVO-val improvement; patience remaining: 17/20
2025-09-25 21:02:59 - P3 val decreasing 3x. Reducing lambda_MMD to 0.175
2025-09-25 21:02:59 - Epoch 8/100 | LR=0.011856 | w_P3=1.000 | w_AVO=1.917 | lambda_MMD=0.175
2025-09-25 21:03:12 - Epoch Summary: TrainLoss=1.8253 | TrainAcc=0.612 | Val(P3)=0.621 | Val(AVO)=0.545
2025-09-25 21:03:12 - No AVO-val improvement; patience remaining: 16/20
2025-09-25 21:03:12 - Epoch 9/100 | LR=0.011811 | w_P3=1.000 | w_AVO=1.917 | lambda_MMD=0.250
2025-09-25 21:03:26 - Epoch Summary: TrainLoss=1.8064 | TrainAcc=0.619 | Val(P3)=0.605 | Val(AVO)=0.564
2025-09-25 21:03:26 - No AVO-val improvement; patience remaining: 15/20
2025-09-25 21:03:26 - Epoch 10/100 | LR=0.011762 | w_P3=1.000 | w_AVO=1.917 | lambda_MMD=0.250
2025-09-25 21:03:39 - Epoch Summary: TrainLoss=1.8017 | TrainAcc=0.627 | Val(P3)=0.626 | Val(AVO)=0.527
2025-09-25 21:03:39 - No AVO-val improvement; patience remaining: 14/20
2025-09-25 21:03:39 - Epoch 11/100 | LR=0.011706 | w_P3=1.000 | w_AVO=1.917 | lambda_MMD=0.250
2025-09-25 21:03:52 - Epoch Summary: TrainLoss=1.7737 | TrainAcc=0.629 | Val(P3)=0.615 | Val(AVO)=0.564
2025-09-25 21:03:52 - No AVO-val improvement; patience remaining: 13/20
2025-09-25 21:03:52 - Epoch 12/100 | LR=0.011645 | w_P3=1.000 | w_AVO=1.917 | lambda_MMD=0.250
2025-09-25 21:04:06 - Epoch Summary: TrainLoss=1.7742 | TrainAcc=0.629 | Val(P3)=0.610 | Val(AVO)=0.564
2025-09-25 21:04:06 - No AVO-val improvement; patience remaining: 12/20
2025-09-25 21:04:06 - P3 val decreasing 3x. Reducing lambda_MMD to 0.175
2025-09-25 21:04:06 - Epoch 13/100 | LR=0.011579 | w_P3=1.000 | w_AVO=1.917 | lambda_MMD=0.175
2025-09-25 21:04:19 - Epoch Summary: TrainLoss=1.7639 | TrainAcc=0.625 | Val(P3)=0.590 | Val(AVO)=0.582
2025-09-25 21:04:19 - No AVO-val improvement; patience remaining: 11/20
2025-09-25 21:04:19 - P3 val decreasing 3x. Reducing lambda_MMD to 0.175
2025-09-25 21:04:19 - Epoch 14/100 | LR=0.011507 | w_P3=1.000 | w_AVO=1.917 | lambda_MMD=0.175
2025-09-25 21:04:29 - Epoch Summary: TrainLoss=1.7523 | TrainAcc=0.626 | Val(P3)=0.621 | Val(AVO)=0.545
2025-09-25 21:04:29 - No AVO-val improvement; patience remaining: 10/20
2025-09-25 21:04:29 - Epoch 15/100 | LR=0.011429 | w_P3=1.000 | w_AVO=1.917 | lambda_MMD=0.250
2025-09-25 21:04:38 - Epoch Summary: TrainLoss=1.7227 | TrainAcc=0.638 | Val(P3)=0.610 | Val(AVO)=0.618
2025-09-25 21:04:38 - No AVO-val improvement; patience remaining: 9/20
2025-09-25 21:04:38 - Epoch 16/100 | LR=0.011346 | w_P3=1.000 | w_AVO=1.917 | lambda_MMD=0.250
2025-09-25 21:04:47 - Epoch Summary: TrainLoss=1.6966 | TrainAcc=0.637 | Val(P3)=0.631 | Val(AVO)=0.509
2025-09-25 21:04:47 - No AVO-val improvement; patience remaining: 8/20
2025-09-25 21:04:47 - Epoch 17/100 | LR=0.011258 | w_P3=1.000 | w_AVO=1.917 | lambda_MMD=0.250
2025-09-25 21:04:57 - Epoch Summary: TrainLoss=1.6872 | TrainAcc=0.627 | Val(P3)=0.610 | Val(AVO)=0.527
2025-09-25 21:04:57 - No AVO-val improvement; patience remaining: 7/20
2025-09-25 21:04:57 - Epoch 18/100 | LR=0.011164 | w_P3=1.000 | w_AVO=1.917 | lambda_MMD=0.250
2025-09-25 21:05:07 - Epoch Summary: TrainLoss=1.6664 | TrainAcc=0.635 | Val(P3)=0.595 | Val(AVO)=0.564
2025-09-25 21:05:07 - No AVO-val improvement; patience remaining: 6/20
2025-09-25 21:05:07 - P3 val decreasing 3x. Reducing lambda_MMD to 0.175
2025-09-25 21:05:07 - Epoch 19/100 | LR=0.011066 | w_P3=1.000 | w_AVO=1.917 | lambda_MMD=0.175
2025-09-25 21:05:16 - Epoch Summary: TrainLoss=1.6500 | TrainAcc=0.641 | Val(P3)=0.610 | Val(AVO)=0.582
2025-09-25 21:05:16 - No AVO-val improvement; patience remaining: 5/20
2025-09-25 21:05:16 - Epoch 20/100 | LR=0.010962 | w_P3=1.000 | w_AVO=1.917 | lambda_MMD=0.250
2025-09-25 21:05:26 - Epoch Summary: TrainLoss=1.6422 | TrainAcc=0.638 | Val(P3)=0.605 | Val(AVO)=0.582
2025-09-25 21:05:26 - No AVO-val improvement; patience remaining: 4/20
2025-09-25 21:05:26 - Epoch 21/100 | LR=0.010854 | w_P3=1.000 | w_AVO=1.917 | lambda_MMD=0.250
2025-09-25 21:05:29 - Epoch Summary: TrainLoss=1.6418 | TrainAcc=0.658 | Val(P3)=0.600 | Val(AVO)=0.582
2025-09-25 21:05:29 - No AVO-val improvement; patience remaining: 3/20
2025-09-25 21:05:29 - P3 val decreasing 3x. Reducing lambda_MMD to 0.175
2025-09-25 21:05:29 - Epoch 22/100 | LR=0.010741 | w_P3=1.000 | w_AVO=1.917 | lambda_MMD=0.175
2025-09-25 21:05:31 - Epoch Summary: TrainLoss=1.6111 | TrainAcc=0.630 | Val(P3)=0.605 | Val(AVO)=0.545
2025-09-25 21:05:31 - No AVO-val improvement; patience remaining: 2/20
2025-09-25 21:05:31 - Epoch 23/100 | LR=0.010623 | w_P3=1.000 | w_AVO=1.917 | lambda_MMD=0.250
2025-09-25 21:05:33 - Epoch Summary: TrainLoss=1.5786 | TrainAcc=0.656 | Val(P3)=0.605 | Val(AVO)=0.582
2025-09-25 21:05:33 - No AVO-val improvement; patience remaining: 1/20
2025-09-25 21:05:33 - Epoch 24/100 | LR=0.010501 | w_P3=1.000 | w_AVO=1.917 | lambda_MMD=0.250
2025-09-25 21:05:36 - Epoch Summary: TrainLoss=1.5675 | TrainAcc=0.662 | Val(P3)=0.610 | Val(AVO)=0.436
2025-09-25 21:05:36 - No AVO-val improvement; patience remaining: 0/20
2025-09-25 21:05:36 - Early stopping triggered (AVO-val)
2025-09-25 21:05:37 -     P3 Test | Acc=0.6134 P=0.6202 R=0.5951 F1=0.6074 AUC=0.6438 (n=1622)
2025-09-25 21:05:37 -     AVO Test | Acc=0.6344 P=0.6420 R=0.5714 F1=0.6047 AUC=0.6935 (n=372)
2025-09-25 21:05:37 -     Overall Test Acc=0.6174
2025-09-25 21:05:37 -   Fold 2/2
2025-09-25 21:05:37 - Fold domains: small=AVO (n=324), large=P3 (n=1420)
2025-09-25 21:05:37 - Auto adjustments (symmetric): w_small≈1.000, lambda_MMD_target=0.250, warmup_epochs=5
2025-09-25 21:05:37 - Epoch 1/100 | LR=0.012000 | w_P3=1.000 | w_AVO=1.219 | lambda_MMD=0.050
2025-09-25 21:05:38 - Epoch Summary: TrainLoss=1.5958 | TrainAcc=0.538 | Val(P3)=0.569 | Val(AVO)=0.562
2025-09-25 21:05:38 - New best AVO-val; checkpoint updated
2025-09-25 21:05:38 - Epoch 2/100 | LR=0.011997 | w_P3=1.000 | w_AVO=1.437 | lambda_MMD=0.100
2025-09-25 21:05:38 - Epoch Summary: TrainLoss=1.6354 | TrainAcc=0.595 | Val(P3)=0.599 | Val(AVO)=0.562
2025-09-25 21:05:38 - No AVO-val improvement; patience remaining: 19/20
2025-09-25 21:05:38 - Epoch 3/100 | LR=0.011988 | w_P3=1.000 | w_AVO=1.656 | lambda_MMD=0.150
2025-09-25 21:05:38 - Epoch Summary: TrainLoss=1.7835 | TrainAcc=0.621 | Val(P3)=0.604 | Val(AVO)=0.604
2025-09-25 21:05:38 - New best AVO-val; checkpoint updated
2025-09-25 21:05:38 - Epoch 4/100 | LR=0.011973 | w_P3=1.000 | w_AVO=1.875 | lambda_MMD=0.200
2025-09-25 21:05:38 - Epoch Summary: TrainLoss=1.9251 | TrainAcc=0.612 | Val(P3)=0.604 | Val(AVO)=0.625
2025-09-25 21:05:38 - New best AVO-val; checkpoint updated
2025-09-25 21:05:38 - Epoch 5/100 | LR=0.011953 | w_P3=1.000 | w_AVO=2.093 | lambda_MMD=0.250
2025-09-25 21:05:38 - Epoch Summary: TrainLoss=2.0522 | TrainAcc=0.617 | Val(P3)=0.609 | Val(AVO)=0.625
2025-09-25 21:05:38 - No AVO-val improvement; patience remaining: 19/20
2025-09-25 21:05:38 - Epoch 6/100 | LR=0.011926 | w_P3=1.000 | w_AVO=2.093 | lambda_MMD=0.250
2025-09-25 21:05:39 - Epoch Summary: TrainLoss=2.0065 | TrainAcc=0.630 | Val(P3)=0.609 | Val(AVO)=0.625
2025-09-25 21:05:39 - No AVO-val improvement; patience remaining: 18/20
2025-09-25 21:05:39 - Epoch 7/100 | LR=0.011894 | w_P3=1.000 | w_AVO=2.093 | lambda_MMD=0.250
2025-09-25 21:05:39 - Epoch Summary: TrainLoss=2.0071 | TrainAcc=0.623 | Val(P3)=0.594 | Val(AVO)=0.646
2025-09-25 21:05:39 - New best AVO-val; checkpoint updated
2025-09-25 21:05:39 - Epoch 8/100 | LR=0.011856 | w_P3=1.000 | w_AVO=2.093 | lambda_MMD=0.250
2025-09-25 21:05:39 - Epoch Summary: TrainLoss=1.9807 | TrainAcc=0.615 | Val(P3)=0.624 | Val(AVO)=0.625
2025-09-25 21:05:39 - No AVO-val improvement; patience remaining: 19/20
2025-09-25 21:05:39 - Epoch 9/100 | LR=0.011811 | w_P3=1.000 | w_AVO=2.093 | lambda_MMD=0.250
2025-09-25 21:05:39 - Epoch Summary: TrainLoss=1.9478 | TrainAcc=0.616 | Val(P3)=0.619 | Val(AVO)=0.646
2025-09-25 21:05:39 - No AVO-val improvement; patience remaining: 18/20
2025-09-25 21:05:39 - Epoch 10/100 | LR=0.011762 | w_P3=1.000 | w_AVO=2.093 | lambda_MMD=0.250
2025-09-25 21:05:39 - Epoch Summary: TrainLoss=1.9241 | TrainAcc=0.637 | Val(P3)=0.604 | Val(AVO)=0.646
2025-09-25 21:05:39 - No AVO-val improvement; patience remaining: 17/20
2025-09-25 21:05:39 - P3 val decreasing 3x. Reducing lambda_MMD to 0.175
2025-09-25 21:05:39 - Epoch 11/100 | LR=0.011706 | w_P3=1.000 | w_AVO=2.093 | lambda_MMD=0.175
2025-09-25 21:05:39 - Epoch Summary: TrainLoss=1.8997 | TrainAcc=0.641 | Val(P3)=0.604 | Val(AVO)=0.646
2025-09-25 21:05:39 - No AVO-val improvement; patience remaining: 16/20
2025-09-25 21:05:39 - Epoch 12/100 | LR=0.011645 | w_P3=1.000 | w_AVO=2.093 | lambda_MMD=0.250
2025-09-25 21:05:39 - Epoch Summary: TrainLoss=1.8753 | TrainAcc=0.641 | Val(P3)=0.569 | Val(AVO)=0.604
2025-09-25 21:05:39 - No AVO-val improvement; patience remaining: 15/20
2025-09-25 21:05:39 - Epoch 13/100 | LR=0.011579 | w_P3=1.000 | w_AVO=2.093 | lambda_MMD=0.250
2025-09-25 21:05:40 - Epoch Summary: TrainLoss=1.8408 | TrainAcc=0.655 | Val(P3)=0.569 | Val(AVO)=0.625
2025-09-25 21:05:40 - No AVO-val improvement; patience remaining: 14/20
2025-09-25 21:05:40 - Epoch 14/100 | LR=0.011507 | w_P3=1.000 | w_AVO=2.093 | lambda_MMD=0.250
2025-09-25 21:05:40 - Epoch Summary: TrainLoss=1.8180 | TrainAcc=0.649 | Val(P3)=0.564 | Val(AVO)=0.688
2025-09-25 21:05:40 - New best AVO-val; checkpoint updated
2025-09-25 21:05:40 - Epoch 15/100 | LR=0.011429 | w_P3=1.000 | w_AVO=2.093 | lambda_MMD=0.250
2025-09-25 21:05:40 - Epoch Summary: TrainLoss=1.7898 | TrainAcc=0.652 | Val(P3)=0.569 | Val(AVO)=0.667
2025-09-25 21:05:40 - No AVO-val improvement; patience remaining: 19/20
2025-09-25 21:05:40 - Epoch 16/100 | LR=0.011346 | w_P3=1.000 | w_AVO=2.093 | lambda_MMD=0.250
2025-09-25 21:05:40 - Epoch Summary: TrainLoss=1.7768 | TrainAcc=0.655 | Val(P3)=0.574 | Val(AVO)=0.688
2025-09-25 21:05:40 - No AVO-val improvement; patience remaining: 18/20
2025-09-25 21:05:40 - Epoch 17/100 | LR=0.011258 | w_P3=1.000 | w_AVO=2.093 | lambda_MMD=0.250
2025-09-25 21:05:40 - Epoch Summary: TrainLoss=1.7333 | TrainAcc=0.660 | Val(P3)=0.564 | Val(AVO)=0.646
2025-09-25 21:05:40 - No AVO-val improvement; patience remaining: 17/20
2025-09-25 21:05:40 - Epoch 18/100 | LR=0.011164 | w_P3=1.000 | w_AVO=2.093 | lambda_MMD=0.250
2025-09-25 21:05:40 - Epoch Summary: TrainLoss=1.7161 | TrainAcc=0.667 | Val(P3)=0.604 | Val(AVO)=0.646
2025-09-25 21:05:40 - No AVO-val improvement; patience remaining: 16/20
2025-09-25 21:05:40 - Epoch 19/100 | LR=0.011066 | w_P3=1.000 | w_AVO=2.093 | lambda_MMD=0.250
2025-09-25 21:05:40 - Epoch Summary: TrainLoss=1.6785 | TrainAcc=0.656 | Val(P3)=0.589 | Val(AVO)=0.667
2025-09-25 21:05:40 - No AVO-val improvement; patience remaining: 15/20
2025-09-25 21:05:40 - Epoch 20/100 | LR=0.010962 | w_P3=1.000 | w_AVO=2.093 | lambda_MMD=0.250
2025-09-25 21:05:40 - Epoch Summary: TrainLoss=1.6377 | TrainAcc=0.668 | Val(P3)=0.579 | Val(AVO)=0.667
2025-09-25 21:05:40 - No AVO-val improvement; patience remaining: 14/20
2025-09-25 21:05:40 - P3 val decreasing 3x. Reducing lambda_MMD to 0.175
2025-09-25 21:05:40 - Epoch 21/100 | LR=0.010854 | w_P3=1.000 | w_AVO=2.093 | lambda_MMD=0.175
2025-09-25 21:05:41 - Epoch Summary: TrainLoss=1.6395 | TrainAcc=0.668 | Val(P3)=0.604 | Val(AVO)=0.708
2025-09-25 21:05:41 - New best AVO-val; checkpoint updated
2025-09-25 21:05:41 - Epoch 22/100 | LR=0.010741 | w_P3=1.000 | w_AVO=2.093 | lambda_MMD=0.250
2025-09-25 21:05:41 - Epoch Summary: TrainLoss=1.6085 | TrainAcc=0.677 | Val(P3)=0.599 | Val(AVO)=0.729
2025-09-25 21:05:41 - New best AVO-val; checkpoint updated
2025-09-25 21:05:41 - Epoch 23/100 | LR=0.010623 | w_P3=1.000 | w_AVO=2.093 | lambda_MMD=0.250
