2025-09-24 10:13:53 - 
==================================================
2025-09-24 10:13:53 - TF-DWT Joint Training (Auto-Adjusted)
2025-09-24 10:13:53 - ==================================================
2025-09-24 10:13:53 - 
Experiment Configuration:
2025-09-24 10:13:53 - --------------------------------------------------
2025-09-24 10:13:53 - electrode_list: all
2025-09-24 10:13:53 - fusion_method: none
2025-09-24 10:13:53 - domain_adaptation: none
2025-09-24 10:13:53 - use_enhanced_preprocessing: True
2025-09-24 10:13:53 - batch_size: 32
2025-09-24 10:13:53 - max_epochs: 500
2025-09-24 10:13:53 - learning_rate: 0.01
2025-09-24 10:13:53 - weight_decay: 0.0001
2025-09-24 10:13:53 - dropout_rate: 0.25
2025-09-24 10:13:53 - use_data_augmentation: True
2025-09-24 10:13:53 - noise_std: 0.005
2025-09-24 10:13:53 - time_shift_range: 5
2025-09-24 10:13:53 - label_smoothing: 0.05
2025-09-24 10:13:53 - trials_per_subject_P3: 20
2025-09-24 10:13:53 - trials_per_subject_AVO: 200
2025-09-24 10:13:53 - train/val/test: (0.7, 0.1, 0.2)
2025-09-24 10:13:53 - device_mode: auto
2025-09-24 10:13:53 - --------------------------------------------------
2025-09-24 10:13:53 - 
==================================================
2025-09-24 10:13:53 - Running Nested Cross-Validation with TF-DWT
2025-09-24 10:13:53 - ==================================================
2025-09-24 10:13:53 - Loading dataset for CV: P3
2025-09-24 10:13:53 - Subject P3_sub-001: Sampled 20/80 trials
2025-09-24 10:13:53 -   Original distribution: {0: 0.5, 1: 0.5}
2025-09-24 10:13:53 -   Sampled distribution: {0: 0.5, 1: 0.5}
2025-09-24 10:13:53 - Subject P3_sub-002: Sampled 20/80 trials
2025-09-24 10:13:53 -   Original distribution: {0: 0.5, 1: 0.5}
2025-09-24 10:13:53 -   Sampled distribution: {0: 0.5, 1: 0.5}
2025-09-24 10:13:54 - Subject P3_sub-003: Sampled 20/80 trials
2025-09-24 10:13:54 -   Original distribution: {0: 0.5, 1: 0.5}
2025-09-24 10:13:54 -   Sampled distribution: {0: 0.5, 1: 0.5}
2025-09-24 10:13:54 - Subject P3_sub-004: Sampled 20/78 trials
2025-09-24 10:13:54 -   Original distribution: {0: 0.5, 1: 0.5}
2025-09-24 10:13:54 -   Sampled distribution: {0: 0.5, 1: 0.5}
2025-09-24 10:13:54 - Subject P3_sub-005: Sampled 20/80 trials
2025-09-24 10:13:54 -   Original distribution: {0: 0.5, 1: 0.5}
2025-09-24 10:13:54 -   Sampled distribution: {0: 0.5, 1: 0.5}
2025-09-24 10:13:54 - Subject P3_sub-006: Sampled 20/80 trials
2025-09-24 10:13:54 -   Original distribution: {0: 0.5, 1: 0.5}
2025-09-24 10:13:54 -   Sampled distribution: {0: 0.5, 1: 0.5}
2025-09-24 10:13:54 - Subject P3_sub-007: Sampled 20/80 trials
2025-09-24 10:13:54 -   Original distribution: {0: 0.5, 1: 0.5}
2025-09-24 10:13:54 -   Sampled distribution: {0: 0.5, 1: 0.5}
2025-09-24 10:13:55 - Subject P3_sub-008: Sampled 20/80 trials
2025-09-24 10:13:55 -   Original distribution: {0: 0.5, 1: 0.5}
2025-09-24 10:13:55 -   Sampled distribution: {0: 0.5, 1: 0.5}
2025-09-24 10:13:55 - Subject P3_sub-009: Sampled 20/80 trials
2025-09-24 10:13:55 -   Original distribution: {0: 0.5, 1: 0.5}
2025-09-24 10:13:55 -   Sampled distribution: {0: 0.5, 1: 0.5}
2025-09-24 10:13:55 - Subject P3_sub-010: Sampled 20/80 trials
2025-09-24 10:13:55 -   Original distribution: {0: 0.5, 1: 0.5}
2025-09-24 10:13:55 -   Sampled distribution: {0: 0.5, 1: 0.5}
2025-09-24 10:13:55 - Subject P3_sub-011: Sampled 20/80 trials
2025-09-24 10:13:55 -   Original distribution: {0: 0.5, 1: 0.5}
2025-09-24 10:13:55 -   Sampled distribution: {0: 0.5, 1: 0.5}
2025-09-24 10:13:55 - Subject P3_sub-012: Sampled 20/78 trials
2025-09-24 10:13:55 -   Original distribution: {0: 0.5, 1: 0.5}
2025-09-24 10:13:55 -   Sampled distribution: {0: 0.5, 1: 0.5}
2025-09-24 10:13:55 - Subject P3_sub-013: Sampled 20/80 trials
2025-09-24 10:13:55 -   Original distribution: {0: 0.5, 1: 0.5}
2025-09-24 10:13:55 -   Sampled distribution: {0: 0.5, 1: 0.5}
2025-09-24 10:13:56 - Subject P3_sub-014: Sampled 20/80 trials
2025-09-24 10:13:56 -   Original distribution: {0: 0.5, 1: 0.5}
2025-09-24 10:13:56 -   Sampled distribution: {0: 0.5, 1: 0.5}
2025-09-24 10:13:56 - Subject P3_sub-015: Sampled 20/80 trials
2025-09-24 10:13:56 -   Original distribution: {0: 0.5, 1: 0.5}
2025-09-24 10:13:56 -   Sampled distribution: {0: 0.5, 1: 0.5}
2025-09-24 10:13:56 - Subject P3_sub-016: Sampled 20/80 trials
2025-09-24 10:13:56 -   Original distribution: {0: 0.5, 1: 0.5}
2025-09-24 10:13:56 -   Sampled distribution: {0: 0.5, 1: 0.5}
2025-09-24 10:13:56 - Subject P3_sub-017: Sampled 20/80 trials
2025-09-24 10:13:56 -   Original distribution: {0: 0.5, 1: 0.5}
2025-09-24 10:13:56 -   Sampled distribution: {0: 0.5, 1: 0.5}
2025-09-24 10:13:56 - Subject P3_sub-018: Sampled 20/80 trials
2025-09-24 10:13:56 -   Original distribution: {0: 0.5, 1: 0.5}
2025-09-24 10:13:56 -   Sampled distribution: {0: 0.5, 1: 0.5}
2025-09-24 10:13:56 - Subject P3_sub-019: Sampled 20/80 trials
2025-09-24 10:13:56 -   Original distribution: {0: 0.5, 1: 0.5}
2025-09-24 10:13:56 -   Sampled distribution: {0: 0.5, 1: 0.5}
2025-09-24 10:13:57 - Subject P3_sub-020: Sampled 20/78 trials
2025-09-24 10:13:57 -   Original distribution: {0: 0.5, 1: 0.5}
2025-09-24 10:13:57 -   Sampled distribution: {0: 0.5, 1: 0.5}
2025-09-24 10:13:57 - Subject P3_sub-021: Sampled 20/80 trials
2025-09-24 10:13:57 -   Original distribution: {0: 0.5, 1: 0.5}
2025-09-24 10:13:57 -   Sampled distribution: {0: 0.5, 1: 0.5}
2025-09-24 10:13:57 - Subject P3_sub-022: Sampled 20/80 trials
2025-09-24 10:13:57 -   Original distribution: {0: 0.5, 1: 0.5}
2025-09-24 10:13:57 -   Sampled distribution: {0: 0.5, 1: 0.5}
2025-09-24 10:13:57 - Subject P3_sub-023: Sampled 20/78 trials
2025-09-24 10:13:57 -   Original distribution: {0: 0.5, 1: 0.5}
2025-09-24 10:13:57 -   Sampled distribution: {0: 0.5, 1: 0.5}
2025-09-24 10:13:57 - Subject P3_sub-024: Sampled 20/80 trials
2025-09-24 10:13:57 -   Original distribution: {0: 0.5, 1: 0.5}
2025-09-24 10:13:57 -   Sampled distribution: {0: 0.5, 1: 0.5}
2025-09-24 10:13:57 - Subject P3_sub-025: Sampled 20/80 trials
2025-09-24 10:13:57 -   Original distribution: {0: 0.5, 1: 0.5}
2025-09-24 10:13:57 -   Sampled distribution: {0: 0.5, 1: 0.5}
2025-09-24 10:13:58 - Subject P3_sub-026: Sampled 20/80 trials
2025-09-24 10:13:58 -   Original distribution: {0: 0.5, 1: 0.5}
2025-09-24 10:13:58 -   Sampled distribution: {0: 0.5, 1: 0.5}
2025-09-24 10:13:58 - Subject P3_sub-027: Sampled 20/80 trials
2025-09-24 10:13:58 -   Original distribution: {0: 0.5, 1: 0.5}
2025-09-24 10:13:58 -   Sampled distribution: {0: 0.5, 1: 0.5}
2025-09-24 10:13:58 - Subject P3_sub-028: Sampled 20/80 trials
2025-09-24 10:13:58 -   Original distribution: {0: 0.5, 1: 0.5}
2025-09-24 10:13:58 -   Sampled distribution: {0: 0.5, 1: 0.5}
2025-09-24 10:13:58 - Subject P3_sub-029: Sampled 20/80 trials
2025-09-24 10:13:58 -   Original distribution: {0: 0.5, 1: 0.5}
2025-09-24 10:13:58 -   Sampled distribution: {0: 0.5, 1: 0.5}
2025-09-24 10:13:58 - Subject P3_sub-030: Sampled 20/80 trials
2025-09-24 10:13:58 -   Original distribution: {0: 0.5, 1: 0.5}
2025-09-24 10:13:58 -   Sampled distribution: {0: 0.5, 1: 0.5}
2025-09-24 10:13:58 - Subject P3_sub-031: Sampled 20/80 trials
2025-09-24 10:13:58 -   Original distribution: {0: 0.5, 1: 0.5}
2025-09-24 10:13:58 -   Sampled distribution: {0: 0.5, 1: 0.5}
2025-09-24 10:13:59 - Subject P3_sub-032: Sampled 20/80 trials
2025-09-24 10:13:59 -   Original distribution: {0: 0.5, 1: 0.5}
2025-09-24 10:13:59 -   Sampled distribution: {0: 0.5, 1: 0.5}
2025-09-24 10:13:59 - Subject P3_sub-033: Sampled 20/80 trials
2025-09-24 10:13:59 -   Original distribution: {0: 0.5, 1: 0.5}
2025-09-24 10:13:59 -   Sampled distribution: {0: 0.5, 1: 0.5}
2025-09-24 10:13:59 - Subject P3_sub-034: Sampled 20/80 trials
2025-09-24 10:13:59 -   Original distribution: {0: 0.5, 1: 0.5}
2025-09-24 10:13:59 -   Sampled distribution: {0: 0.5, 1: 0.5}
2025-09-24 10:13:59 - Subject P3_sub-035: Sampled 20/78 trials
2025-09-24 10:13:59 -   Original distribution: {0: 0.5, 1: 0.5}
2025-09-24 10:13:59 -   Sampled distribution: {0: 0.5, 1: 0.5}
2025-09-24 10:13:59 - Subject P3_sub-036: Sampled 20/80 trials
2025-09-24 10:13:59 -   Original distribution: {0: 0.5, 1: 0.5}
2025-09-24 10:13:59 -   Sampled distribution: {0: 0.5, 1: 0.5}
2025-09-24 10:13:59 - Subject P3_sub-037: Sampled 20/78 trials
2025-09-24 10:13:59 -   Original distribution: {0: 0.5, 1: 0.5}
2025-09-24 10:13:59 -   Sampled distribution: {0: 0.5, 1: 0.5}
2025-09-24 10:14:00 - Subject P3_sub-038: Sampled 20/80 trials
2025-09-24 10:14:00 -   Original distribution: {0: 0.5, 1: 0.5}
2025-09-24 10:14:00 -   Sampled distribution: {0: 0.5, 1: 0.5}
2025-09-24 10:14:00 - Subject P3_sub-039: Sampled 20/80 trials
2025-09-24 10:14:00 -   Original distribution: {0: 0.5, 1: 0.5}
2025-09-24 10:14:00 -   Sampled distribution: {0: 0.5, 1: 0.5}
2025-09-24 10:14:00 - Subject P3_sub-040: Sampled 20/80 trials
2025-09-24 10:14:00 -   Original distribution: {0: 0.5, 1: 0.5}
2025-09-24 10:14:00 -   Sampled distribution: {0: 0.5, 1: 0.5}
2025-09-24 10:14:00 - Loading dataset for CV: AVO
2025-09-24 10:14:07 - Combined dataset summary: total=3824, P3=800, AVO=3024
2025-09-24 10:14:07 - Repeat 1/5
2025-09-24 10:14:07 -   Fold 1/5
2025-09-24 10:14:07 - Fold domains: small=P3 (n=561), large=AVO (n=2115)
2025-09-24 10:14:07 - Auto adjustments (symmetric): w_small≈1.000, lambda_MMD_target=0.800, warmup_epochs=10
2025-09-24 10:14:07 - Epoch 1/500 | LR=0.010000 | w_AVO=1.000 | w_P3=1.094 | lambda_MMD=0.080
2025-09-24 10:14:08 - Epoch Summary: TrainLoss=1.5735 | TrainAcc=0.551 | Val(P3)=0.567 | Val(AVO)=0.591
2025-09-24 10:14:08 - New best P3-val; checkpoint updated
2025-09-24 10:14:08 - Epoch 2/500 | LR=0.010000 | w_AVO=1.000 | w_P3=1.188 | lambda_MMD=0.160
2025-09-24 10:14:08 - Epoch Summary: TrainLoss=1.4372 | TrainAcc=0.601 | Val(P3)=0.483 | Val(AVO)=0.613
2025-09-24 10:14:08 - No P3-val improvement; patience remaining: 49/50
2025-09-24 10:14:08 - Epoch 3/500 | LR=0.010000 | w_AVO=1.000 | w_P3=1.282 | lambda_MMD=0.240
2025-09-24 10:14:09 - Epoch Summary: TrainLoss=1.4580 | TrainAcc=0.600 | Val(P3)=0.550 | Val(AVO)=0.638
2025-09-24 10:14:09 - No P3-val improvement; patience remaining: 48/50
2025-09-24 10:14:09 - Epoch 4/500 | LR=0.009999 | w_AVO=1.000 | w_P3=1.377 | lambda_MMD=0.320
2025-09-24 10:14:09 - Epoch Summary: TrainLoss=1.4843 | TrainAcc=0.618 | Val(P3)=0.500 | Val(AVO)=0.625
2025-09-24 10:14:09 - No P3-val improvement; patience remaining: 47/50
2025-09-24 10:14:09 - Epoch 5/500 | LR=0.009998 | w_AVO=1.000 | w_P3=1.471 | lambda_MMD=0.400
2025-09-24 10:14:09 - Epoch Summary: TrainLoss=1.5114 | TrainAcc=0.618 | Val(P3)=0.567 | Val(AVO)=0.641
2025-09-24 10:14:09 - No P3-val improvement; patience remaining: 46/50
2025-09-24 10:14:09 - Epoch 6/500 | LR=0.009998 | w_AVO=1.000 | w_P3=1.565 | lambda_MMD=0.480
2025-09-24 10:14:10 - Epoch Summary: TrainLoss=1.5073 | TrainAcc=0.638 | Val(P3)=0.517 | Val(AVO)=0.585
2025-09-24 10:14:10 - No P3-val improvement; patience remaining: 45/50
2025-09-24 10:14:10 - Epoch 7/500 | LR=0.009996 | w_AVO=1.000 | w_P3=1.659 | lambda_MMD=0.560
2025-09-24 10:14:10 - Epoch Summary: TrainLoss=1.5542 | TrainAcc=0.626 | Val(P3)=0.550 | Val(AVO)=0.622
2025-09-24 10:14:10 - No P3-val improvement; patience remaining: 44/50
2025-09-24 10:14:10 - Epoch 8/500 | LR=0.009995 | w_AVO=1.000 | w_P3=1.753 | lambda_MMD=0.640
2025-09-24 10:14:11 - Epoch Summary: TrainLoss=1.5889 | TrainAcc=0.626 | Val(P3)=0.533 | Val(AVO)=0.619
2025-09-24 10:14:11 - No P3-val improvement; patience remaining: 43/50
2025-09-24 10:14:11 - Epoch 9/500 | LR=0.009994 | w_AVO=1.000 | w_P3=1.847 | lambda_MMD=0.720
2025-09-24 10:14:11 - Epoch Summary: TrainLoss=1.6404 | TrainAcc=0.629 | Val(P3)=0.583 | Val(AVO)=0.641
2025-09-24 10:14:11 - New best P3-val; checkpoint updated
2025-09-24 10:14:11 - Epoch 10/500 | LR=0.009992 | w_AVO=1.000 | w_P3=1.942 | lambda_MMD=0.800
2025-09-24 10:14:12 - Epoch Summary: TrainLoss=1.6562 | TrainAcc=0.634 | Val(P3)=0.550 | Val(AVO)=0.622
2025-09-24 10:14:12 - No P3-val improvement; patience remaining: 49/50
2025-09-24 10:14:12 - Epoch 11/500 | LR=0.009990 | w_AVO=1.000 | w_P3=1.942 | lambda_MMD=0.800
2025-09-24 10:14:12 - Epoch Summary: TrainLoss=1.6255 | TrainAcc=0.643 | Val(P3)=0.583 | Val(AVO)=0.647
2025-09-24 10:14:12 - No P3-val improvement; patience remaining: 48/50
2025-09-24 10:14:12 - Epoch 12/500 | LR=0.009988 | w_AVO=1.000 | w_P3=1.942 | lambda_MMD=0.800
2025-09-24 10:14:13 - Epoch Summary: TrainLoss=1.6403 | TrainAcc=0.636 | Val(P3)=0.583 | Val(AVO)=0.644
2025-09-24 10:14:13 - No P3-val improvement; patience remaining: 47/50
2025-09-24 10:14:13 - Epoch 13/500 | LR=0.009986 | w_AVO=1.000 | w_P3=1.942 | lambda_MMD=0.800
2025-09-24 10:14:13 - Epoch Summary: TrainLoss=1.6062 | TrainAcc=0.635 | Val(P3)=0.600 | Val(AVO)=0.641
2025-09-24 10:14:13 - New best P3-val; checkpoint updated
2025-09-24 10:14:13 - AVO val decreasing 3x. Reducing lambda_MMD to 0.560
2025-09-24 10:14:13 - Epoch 14/500 | LR=0.009983 | w_AVO=1.000 | w_P3=1.942 | lambda_MMD=0.560
2025-09-24 10:14:13 - Epoch Summary: TrainLoss=1.6407 | TrainAcc=0.639 | Val(P3)=0.617 | Val(AVO)=0.641
2025-09-24 10:14:13 - New best P3-val; checkpoint updated
2025-09-24 10:14:13 - Epoch 15/500 | LR=0.009981 | w_AVO=1.000 | w_P3=1.942 | lambda_MMD=0.800
2025-09-24 10:14:14 - Epoch Summary: TrainLoss=1.5997 | TrainAcc=0.626 | Val(P3)=0.483 | Val(AVO)=0.641
2025-09-24 10:14:14 - No P3-val improvement; patience remaining: 49/50
2025-09-24 10:14:14 - Epoch 16/500 | LR=0.009978 | w_AVO=1.000 | w_P3=1.942 | lambda_MMD=0.800
2025-09-24 10:14:14 - Epoch Summary: TrainLoss=1.5850 | TrainAcc=0.635 | Val(P3)=0.517 | Val(AVO)=0.638
2025-09-24 10:14:14 - No P3-val improvement; patience remaining: 48/50
2025-09-24 10:14:14 - Epoch 17/500 | LR=0.009975 | w_AVO=1.000 | w_P3=1.942 | lambda_MMD=0.800
2025-09-24 10:14:14 - Epoch Summary: TrainLoss=1.5781 | TrainAcc=0.635 | Val(P3)=0.550 | Val(AVO)=0.570
2025-09-24 10:14:14 - No P3-val improvement; patience remaining: 47/50
2025-09-24 10:14:14 - AVO val decreasing 3x. Reducing lambda_MMD to 0.560
2025-09-24 10:14:14 - Epoch 18/500 | LR=0.009972 | w_AVO=1.000 | w_P3=1.942 | lambda_MMD=0.560
2025-09-24 10:14:15 - Epoch Summary: TrainLoss=1.5328 | TrainAcc=0.637 | Val(P3)=0.600 | Val(AVO)=0.604
2025-09-24 10:14:15 - No P3-val improvement; patience remaining: 46/50
2025-09-24 10:14:15 - Epoch 19/500 | LR=0.009968 | w_AVO=1.000 | w_P3=1.942 | lambda_MMD=0.800
2025-09-24 10:14:15 - Epoch Summary: TrainLoss=1.5549 | TrainAcc=0.629 | Val(P3)=0.567 | Val(AVO)=0.570
2025-09-24 10:14:15 - No P3-val improvement; patience remaining: 45/50
2025-09-24 10:14:15 - Epoch 20/500 | LR=0.009964 | w_AVO=1.000 | w_P3=1.942 | lambda_MMD=0.800
2025-09-24 10:14:16 - Epoch Summary: TrainLoss=1.5616 | TrainAcc=0.631 | Val(P3)=0.533 | Val(AVO)=0.632
2025-09-24 10:14:16 - No P3-val improvement; patience remaining: 44/50
2025-09-24 10:14:16 - P3 val decreasing 3x. Reducing w_small to 1.553, lambda_MMD to 0.400
2025-09-24 10:14:16 - Epoch 21/500 | LR=0.009961 | w_AVO=1.000 | w_P3=1.553 | lambda_MMD=0.400
2025-09-24 10:14:16 - Epoch Summary: TrainLoss=1.3735 | TrainAcc=0.631 | Val(P3)=0.567 | Val(AVO)=0.567
2025-09-24 10:14:16 - No P3-val improvement; patience remaining: 43/50
2025-09-24 10:14:16 - Epoch 22/500 | LR=0.009957 | w_AVO=1.000 | w_P3=1.942 | lambda_MMD=0.800
2025-09-24 10:14:17 - Epoch Summary: TrainLoss=1.5182 | TrainAcc=0.644 | Val(P3)=0.583 | Val(AVO)=0.622
2025-09-24 10:14:17 - No P3-val improvement; patience remaining: 42/50
2025-09-24 10:14:17 - Epoch 23/500 | LR=0.009952 | w_AVO=1.000 | w_P3=1.942 | lambda_MMD=0.800
2025-09-24 10:14:17 - Epoch Summary: TrainLoss=1.5588 | TrainAcc=0.646 | Val(P3)=0.567 | Val(AVO)=0.582
2025-09-24 10:14:17 - No P3-val improvement; patience remaining: 41/50
2025-09-24 10:14:17 - Epoch 24/500 | LR=0.009948 | w_AVO=1.000 | w_P3=1.942 | lambda_MMD=0.800
2025-09-24 10:14:18 - Epoch Summary: TrainLoss=1.5023 | TrainAcc=0.648 | Val(P3)=0.583 | Val(AVO)=0.573
2025-09-24 10:14:18 - No P3-val improvement; patience remaining: 40/50
2025-09-24 10:14:18 - AVO val decreasing 3x. Reducing lambda_MMD to 0.560
2025-09-24 10:14:18 - Epoch 25/500 | LR=0.009943 | w_AVO=1.000 | w_P3=1.942 | lambda_MMD=0.560
2025-09-24 10:14:18 - Epoch Summary: TrainLoss=1.5239 | TrainAcc=0.657 | Val(P3)=0.600 | Val(AVO)=0.616
2025-09-24 10:14:18 - No P3-val improvement; patience remaining: 39/50
2025-09-24 10:14:18 - Epoch 26/500 | LR=0.009938 | w_AVO=1.000 | w_P3=1.942 | lambda_MMD=0.800
2025-09-24 10:14:18 - Epoch Summary: TrainLoss=1.5023 | TrainAcc=0.646 | Val(P3)=0.567 | Val(AVO)=0.638
2025-09-24 10:14:18 - No P3-val improvement; patience remaining: 38/50
2025-09-24 10:14:18 - Epoch 27/500 | LR=0.009933 | w_AVO=1.000 | w_P3=1.942 | lambda_MMD=0.800
2025-09-24 10:14:19 - Epoch Summary: TrainLoss=1.4648 | TrainAcc=0.659 | Val(P3)=0.617 | Val(AVO)=0.607
2025-09-24 10:14:19 - No P3-val improvement; patience remaining: 37/50
2025-09-24 10:14:19 - Epoch 28/500 | LR=0.009928 | w_AVO=1.000 | w_P3=1.942 | lambda_MMD=0.800
2025-09-24 10:14:19 - Epoch Summary: TrainLoss=1.4631 | TrainAcc=0.665 | Val(P3)=0.600 | Val(AVO)=0.650
2025-09-24 10:14:19 - No P3-val improvement; patience remaining: 36/50
2025-09-24 10:14:19 - Epoch 29/500 | LR=0.009923 | w_AVO=1.000 | w_P3=1.942 | lambda_MMD=0.800
2025-09-24 10:14:20 - Epoch Summary: TrainLoss=1.4641 | TrainAcc=0.654 | Val(P3)=0.567 | Val(AVO)=0.641
2025-09-24 10:14:20 - No P3-val improvement; patience remaining: 35/50
2025-09-24 10:14:20 - P3 val decreasing 3x. Reducing w_small to 1.553, lambda_MMD to 0.400
2025-09-24 10:14:20 - Epoch 30/500 | LR=0.009917 | w_AVO=1.000 | w_P3=1.553 | lambda_MMD=0.400
2025-09-24 10:14:20 - Epoch Summary: TrainLoss=1.3309 | TrainAcc=0.637 | Val(P3)=0.567 | Val(AVO)=0.641
2025-09-24 10:14:20 - No P3-val improvement; patience remaining: 34/50
2025-09-24 10:14:20 - Epoch 31/500 | LR=0.009911 | w_AVO=1.000 | w_P3=1.942 | lambda_MMD=0.800
2025-09-24 10:14:20 - Epoch Summary: TrainLoss=1.4914 | TrainAcc=0.651 | Val(P3)=0.600 | Val(AVO)=0.666
2025-09-24 10:14:20 - No P3-val improvement; patience remaining: 33/50
2025-09-24 10:14:20 - Epoch 32/500 | LR=0.009905 | w_AVO=1.000 | w_P3=1.942 | lambda_MMD=0.800
2025-09-24 10:14:21 - Epoch Summary: TrainLoss=1.4894 | TrainAcc=0.632 | Val(P3)=0.533 | Val(AVO)=0.687
2025-09-24 10:14:21 - No P3-val improvement; patience remaining: 32/50
2025-09-24 10:14:21 - Epoch 33/500 | LR=0.009899 | w_AVO=1.000 | w_P3=1.942 | lambda_MMD=0.800
2025-09-24 10:14:21 - Epoch Summary: TrainLoss=1.4952 | TrainAcc=0.650 | Val(P3)=0.600 | Val(AVO)=0.638
2025-09-24 10:14:21 - No P3-val improvement; patience remaining: 31/50
2025-09-24 10:14:21 - Epoch 34/500 | LR=0.009893 | w_AVO=1.000 | w_P3=1.942 | lambda_MMD=0.800
2025-09-24 10:14:22 - Epoch Summary: TrainLoss=1.5053 | TrainAcc=0.643 | Val(P3)=0.617 | Val(AVO)=0.663
2025-09-24 10:14:22 - No P3-val improvement; patience remaining: 30/50
2025-09-24 10:14:22 - Epoch 35/500 | LR=0.009886 | w_AVO=1.000 | w_P3=1.942 | lambda_MMD=0.800
2025-09-24 10:14:22 - Epoch Summary: TrainLoss=1.4572 | TrainAcc=0.641 | Val(P3)=0.583 | Val(AVO)=0.644
2025-09-24 10:14:22 - No P3-val improvement; patience remaining: 29/50
2025-09-24 10:14:22 - Epoch 36/500 | LR=0.009880 | w_AVO=1.000 | w_P3=1.942 | lambda_MMD=0.800
2025-09-24 10:14:22 - Epoch Summary: TrainLoss=1.4865 | TrainAcc=0.646 | Val(P3)=0.550 | Val(AVO)=0.619
2025-09-24 10:14:22 - No P3-val improvement; patience remaining: 28/50
2025-09-24 10:14:22 - P3 val decreasing 3x. Reducing w_small to 1.553, lambda_MMD to 0.400
2025-09-24 10:14:22 - AVO val decreasing 3x. Reducing lambda_MMD to 0.280
2025-09-24 10:14:22 - Epoch 37/500 | LR=0.009873 | w_AVO=1.000 | w_P3=1.553 | lambda_MMD=0.280
2025-09-24 10:14:23 - Epoch Summary: TrainLoss=1.2690 | TrainAcc=0.653 | Val(P3)=0.517 | Val(AVO)=0.641
2025-09-24 10:14:23 - No P3-val improvement; patience remaining: 27/50
2025-09-24 10:14:23 - P3 val decreasing 3x. Reducing w_small to 1.553, lambda_MMD to 0.400
2025-09-24 10:14:23 - Epoch 38/500 | LR=0.009865 | w_AVO=1.000 | w_P3=1.553 | lambda_MMD=0.400
2025-09-24 10:14:23 - Epoch Summary: TrainLoss=1.2846 | TrainAcc=0.651 | Val(P3)=0.550 | Val(AVO)=0.622
2025-09-24 10:14:23 - No P3-val improvement; patience remaining: 26/50
2025-09-24 10:14:23 - Epoch 39/500 | LR=0.009858 | w_AVO=1.000 | w_P3=1.942 | lambda_MMD=0.800
2025-09-24 10:14:24 - Epoch Summary: TrainLoss=1.4533 | TrainAcc=0.663 | Val(P3)=0.583 | Val(AVO)=0.690
2025-09-24 10:14:24 - No P3-val improvement; patience remaining: 25/50
2025-09-24 10:14:24 - Epoch 40/500 | LR=0.009851 | w_AVO=1.000 | w_P3=1.942 | lambda_MMD=0.800
2025-09-24 10:14:24 - Epoch Summary: TrainLoss=1.4249 | TrainAcc=0.666 | Val(P3)=0.583 | Val(AVO)=0.681
2025-09-24 10:14:24 - No P3-val improvement; patience remaining: 24/50
2025-09-24 10:14:24 - Epoch 41/500 | LR=0.009843 | w_AVO=1.000 | w_P3=1.942 | lambda_MMD=0.800
2025-09-24 10:14:25 - Epoch Summary: TrainLoss=1.4668 | TrainAcc=0.641 | Val(P3)=0.583 | Val(AVO)=0.579
2025-09-24 10:14:25 - No P3-val improvement; patience remaining: 23/50
2025-09-24 10:14:25 - AVO val decreasing 3x. Reducing lambda_MMD to 0.560
2025-09-24 10:14:25 - Epoch 42/500 | LR=0.009835 | w_AVO=1.000 | w_P3=1.942 | lambda_MMD=0.560
2025-09-24 10:14:25 - Epoch Summary: TrainLoss=1.4464 | TrainAcc=0.656 | Val(P3)=0.500 | Val(AVO)=0.644
2025-09-24 10:14:25 - No P3-val improvement; patience remaining: 22/50
2025-09-24 10:14:25 - Epoch 43/500 | LR=0.009827 | w_AVO=1.000 | w_P3=1.942 | lambda_MMD=0.800
2025-09-24 10:14:25 - Epoch Summary: TrainLoss=1.4008 | TrainAcc=0.658 | Val(P3)=0.583 | Val(AVO)=0.610
2025-09-24 10:14:25 - No P3-val improvement; patience remaining: 21/50
2025-09-24 10:14:25 - Epoch 44/500 | LR=0.009819 | w_AVO=1.000 | w_P3=1.942 | lambda_MMD=0.800
2025-09-24 10:14:26 - Epoch Summary: TrainLoss=1.4860 | TrainAcc=0.657 | Val(P3)=0.550 | Val(AVO)=0.582
2025-09-24 10:14:26 - No P3-val improvement; patience remaining: 20/50
2025-09-24 10:14:26 - AVO val decreasing 3x. Reducing lambda_MMD to 0.560
2025-09-24 10:14:26 - Epoch 45/500 | LR=0.009810 | w_AVO=1.000 | w_P3=1.942 | lambda_MMD=0.560
2025-09-24 10:14:26 - Epoch Summary: TrainLoss=1.4484 | TrainAcc=0.663 | Val(P3)=0.633 | Val(AVO)=0.619
2025-09-24 10:14:26 - New best P3-val; checkpoint updated
2025-09-24 10:14:26 - Epoch 46/500 | LR=0.009801 | w_AVO=1.000 | w_P3=1.942 | lambda_MMD=0.800
2025-09-24 10:14:27 - Epoch Summary: TrainLoss=1.4194 | TrainAcc=0.646 | Val(P3)=0.583 | Val(AVO)=0.604
2025-09-24 10:14:27 - No P3-val improvement; patience remaining: 49/50
2025-09-24 10:14:27 - Epoch 47/500 | LR=0.009793 | w_AVO=1.000 | w_P3=1.942 | lambda_MMD=0.800
2025-09-24 10:14:27 - Epoch Summary: TrainLoss=1.4350 | TrainAcc=0.642 | Val(P3)=0.600 | Val(AVO)=0.610
2025-09-24 10:14:27 - No P3-val improvement; patience remaining: 48/50
2025-09-24 10:14:27 - Epoch 48/500 | LR=0.009784 | w_AVO=1.000 | w_P3=1.942 | lambda_MMD=0.800
2025-09-24 10:14:27 - Epoch Summary: TrainLoss=1.4262 | TrainAcc=0.641 | Val(P3)=0.567 | Val(AVO)=0.588
2025-09-24 10:14:27 - No P3-val improvement; patience remaining: 47/50
2025-09-24 10:14:27 - Epoch 49/500 | LR=0.009774 | w_AVO=1.000 | w_P3=1.942 | lambda_MMD=0.800
2025-09-24 10:14:28 - Epoch Summary: TrainLoss=1.4200 | TrainAcc=0.645 | Val(P3)=0.550 | Val(AVO)=0.647
2025-09-24 10:14:28 - No P3-val improvement; patience remaining: 46/50
2025-09-24 10:14:28 - P3 val decreasing 3x. Reducing w_small to 1.553, lambda_MMD to 0.400
2025-09-24 10:14:28 - Epoch 50/500 | LR=0.009765 | w_AVO=1.000 | w_P3=1.553 | lambda_MMD=0.400
2025-09-24 10:14:28 - Epoch Summary: TrainLoss=1.2483 | TrainAcc=0.642 | Val(P3)=0.483 | Val(AVO)=0.579
2025-09-24 10:14:28 - No P3-val improvement; patience remaining: 45/50
2025-09-24 10:14:28 - P3 val decreasing 3x. Reducing w_small to 1.553, lambda_MMD to 0.400
2025-09-24 10:14:28 - Epoch 51/500 | LR=0.009755 | w_AVO=1.000 | w_P3=1.553 | lambda_MMD=0.400
2025-09-24 10:14:28 - Epoch Summary: TrainLoss=1.2666 | TrainAcc=0.660 | Val(P3)=0.583 | Val(AVO)=0.594
2025-09-24 10:14:28 - No P3-val improvement; patience remaining: 44/50
2025-09-24 10:14:28 - Epoch 52/500 | LR=0.009745 | w_AVO=1.000 | w_P3=1.942 | lambda_MMD=0.800
2025-09-24 10:14:29 - Epoch Summary: TrainLoss=1.3896 | TrainAcc=0.663 | Val(P3)=0.550 | Val(AVO)=0.570
2025-09-24 10:14:29 - No P3-val improvement; patience remaining: 43/50
2025-09-24 10:14:29 - Epoch 53/500 | LR=0.009735 | w_AVO=1.000 | w_P3=1.942 | lambda_MMD=0.800
2025-09-24 10:14:29 - Epoch Summary: TrainLoss=1.4063 | TrainAcc=0.654 | Val(P3)=0.617 | Val(AVO)=0.628
2025-09-24 10:14:29 - No P3-val improvement; patience remaining: 42/50
2025-09-24 10:14:29 - Epoch 54/500 | LR=0.009725 | w_AVO=1.000 | w_P3=1.942 | lambda_MMD=0.800
2025-09-24 10:14:30 - Epoch Summary: TrainLoss=1.4092 | TrainAcc=0.645 | Val(P3)=0.583 | Val(AVO)=0.653
2025-09-24 10:14:30 - No P3-val improvement; patience remaining: 41/50
2025-09-24 10:14:30 - Epoch 55/500 | LR=0.009715 | w_AVO=1.000 | w_P3=1.942 | lambda_MMD=0.800
2025-09-24 10:14:30 - Epoch Summary: TrainLoss=1.3817 | TrainAcc=0.661 | Val(P3)=0.517 | Val(AVO)=0.625
2025-09-24 10:14:30 - No P3-val improvement; patience remaining: 40/50
2025-09-24 10:14:30 - P3 val decreasing 3x. Reducing w_small to 1.553, lambda_MMD to 0.400
2025-09-24 10:14:30 - Epoch 56/500 | LR=0.009704 | w_AVO=1.000 | w_P3=1.553 | lambda_MMD=0.400
2025-09-24 10:14:31 - Epoch Summary: TrainLoss=1.2565 | TrainAcc=0.657 | Val(P3)=0.567 | Val(AVO)=0.625
2025-09-24 10:14:31 - No P3-val improvement; patience remaining: 39/50
2025-09-24 10:14:31 - Epoch 57/500 | LR=0.009694 | w_AVO=1.000 | w_P3=1.942 | lambda_MMD=0.800
2025-09-24 10:14:31 - Epoch Summary: TrainLoss=1.3892 | TrainAcc=0.638 | Val(P3)=0.533 | Val(AVO)=0.666
2025-09-24 10:14:31 - No P3-val improvement; patience remaining: 38/50
2025-09-24 10:14:31 - Epoch 58/500 | LR=0.009683 | w_AVO=1.000 | w_P3=1.942 | lambda_MMD=0.800
2025-09-24 10:14:31 - Epoch Summary: TrainLoss=1.3694 | TrainAcc=0.662 | Val(P3)=0.583 | Val(AVO)=0.644
2025-09-24 10:14:31 - No P3-val improvement; patience remaining: 37/50
2025-09-24 10:14:31 - Epoch 59/500 | LR=0.009672 | w_AVO=1.000 | w_P3=1.942 | lambda_MMD=0.800
2025-09-24 10:14:32 - Epoch Summary: TrainLoss=1.3891 | TrainAcc=0.670 | Val(P3)=0.600 | Val(AVO)=0.616
2025-09-24 10:14:32 - No P3-val improvement; patience remaining: 36/50
2025-09-24 10:14:32 - AVO val decreasing 3x. Reducing lambda_MMD to 0.560
2025-09-24 10:14:32 - Epoch 60/500 | LR=0.009660 | w_AVO=1.000 | w_P3=1.942 | lambda_MMD=0.560
2025-09-24 10:14:32 - Epoch Summary: TrainLoss=1.4306 | TrainAcc=0.657 | Val(P3)=0.583 | Val(AVO)=0.604
2025-09-24 10:14:32 - No P3-val improvement; patience remaining: 35/50
2025-09-24 10:14:32 - AVO val decreasing 3x. Reducing lambda_MMD to 0.560
2025-09-24 10:14:32 - Epoch 61/500 | LR=0.009649 | w_AVO=1.000 | w_P3=1.942 | lambda_MMD=0.560
2025-09-24 10:14:33 - Epoch Summary: TrainLoss=1.3934 | TrainAcc=0.656 | Val(P3)=0.550 | Val(AVO)=0.585
2025-09-24 10:14:33 - No P3-val improvement; patience remaining: 34/50
2025-09-24 10:14:33 - P3 val decreasing 3x. Reducing w_small to 1.553, lambda_MMD to 0.400
2025-09-24 10:14:33 - AVO val decreasing 3x. Reducing lambda_MMD to 0.280
2025-09-24 10:14:33 - Epoch 62/500 | LR=0.009637 | w_AVO=1.000 | w_P3=1.553 | lambda_MMD=0.280
2025-09-24 10:14:33 - Epoch Summary: TrainLoss=1.2196 | TrainAcc=0.656 | Val(P3)=0.500 | Val(AVO)=0.632
2025-09-24 10:14:33 - No P3-val improvement; patience remaining: 33/50
2025-09-24 10:14:33 - P3 val decreasing 3x. Reducing w_small to 1.553, lambda_MMD to 0.400
2025-09-24 10:14:33 - Epoch 63/500 | LR=0.009625 | w_AVO=1.000 | w_P3=1.553 | lambda_MMD=0.400
2025-09-24 10:14:33 - Epoch Summary: TrainLoss=1.2206 | TrainAcc=0.657 | Val(P3)=0.517 | Val(AVO)=0.594
2025-09-24 10:14:33 - No P3-val improvement; patience remaining: 32/50
2025-09-24 10:14:33 - Epoch 64/500 | LR=0.009613 | w_AVO=1.000 | w_P3=1.942 | lambda_MMD=0.800
2025-09-24 10:14:34 - Epoch Summary: TrainLoss=1.3840 | TrainAcc=0.644 | Val(P3)=0.500 | Val(AVO)=0.653
2025-09-24 10:14:34 - No P3-val improvement; patience remaining: 31/50
2025-09-24 10:14:34 - Epoch 65/500 | LR=0.009601 | w_AVO=1.000 | w_P3=1.942 | lambda_MMD=0.800
2025-09-24 10:14:34 - Epoch Summary: TrainLoss=1.3710 | TrainAcc=0.667 | Val(P3)=0.567 | Val(AVO)=0.656
2025-09-24 10:14:34 - No P3-val improvement; patience remaining: 30/50
2025-09-24 10:14:34 - Epoch 66/500 | LR=0.009589 | w_AVO=1.000 | w_P3=1.942 | lambda_MMD=0.800
2025-09-24 10:14:35 - Epoch Summary: TrainLoss=1.3635 | TrainAcc=0.662 | Val(P3)=0.550 | Val(AVO)=0.610
2025-09-24 10:14:35 - No P3-val improvement; patience remaining: 29/50
2025-09-24 10:14:35 - Epoch 67/500 | LR=0.009576 | w_AVO=1.000 | w_P3=1.942 | lambda_MMD=0.800
2025-09-24 10:14:35 - Epoch Summary: TrainLoss=1.3896 | TrainAcc=0.645 | Val(P3)=0.517 | Val(AVO)=0.622
2025-09-24 10:14:35 - No P3-val improvement; patience remaining: 28/50
2025-09-24 10:14:35 - P3 val decreasing 3x. Reducing w_small to 1.553, lambda_MMD to 0.400
2025-09-24 10:14:35 - Epoch 68/500 | LR=0.009563 | w_AVO=1.000 | w_P3=1.553 | lambda_MMD=0.400
2025-09-24 10:14:36 - Epoch Summary: TrainLoss=1.1925 | TrainAcc=0.666 | Val(P3)=0.550 | Val(AVO)=0.585
2025-09-24 10:14:36 - No P3-val improvement; patience remaining: 27/50
2025-09-24 10:14:36 - Epoch 69/500 | LR=0.009551 | w_AVO=1.000 | w_P3=1.942 | lambda_MMD=0.800
2025-09-24 10:14:36 - Epoch Summary: TrainLoss=1.3615 | TrainAcc=0.652 | Val(P3)=0.517 | Val(AVO)=0.641
2025-09-24 10:14:36 - No P3-val improvement; patience remaining: 26/50
2025-09-24 10:14:36 - Epoch 70/500 | LR=0.009537 | w_AVO=1.000 | w_P3=1.942 | lambda_MMD=0.800
2025-09-24 10:14:36 - Epoch Summary: TrainLoss=1.3529 | TrainAcc=0.656 | Val(P3)=0.533 | Val(AVO)=0.598
2025-09-24 10:14:36 - No P3-val improvement; patience remaining: 25/50
2025-09-24 10:14:36 - Epoch 71/500 | LR=0.009524 | w_AVO=1.000 | w_P3=1.942 | lambda_MMD=0.800
2025-09-24 10:14:37 - Epoch Summary: TrainLoss=1.3761 | TrainAcc=0.645 | Val(P3)=0.567 | Val(AVO)=0.681
2025-09-24 10:14:37 - No P3-val improvement; patience remaining: 24/50
2025-09-24 10:14:37 - Epoch 72/500 | LR=0.009511 | w_AVO=1.000 | w_P3=1.942 | lambda_MMD=0.800
2025-09-24 10:14:37 - Epoch Summary: TrainLoss=1.3732 | TrainAcc=0.660 | Val(P3)=0.550 | Val(AVO)=0.576
2025-09-24 10:14:37 - No P3-val improvement; patience remaining: 23/50
2025-09-24 10:14:37 - Epoch 73/500 | LR=0.009497 | w_AVO=1.000 | w_P3=1.942 | lambda_MMD=0.800
2025-09-24 10:14:38 - Epoch Summary: TrainLoss=1.3619 | TrainAcc=0.659 | Val(P3)=0.567 | Val(AVO)=0.576
2025-09-24 10:14:38 - No P3-val improvement; patience remaining: 22/50
2025-09-24 10:14:38 - Epoch 74/500 | LR=0.009483 | w_AVO=1.000 | w_P3=1.942 | lambda_MMD=0.800
2025-09-24 10:14:38 - Epoch Summary: TrainLoss=1.3752 | TrainAcc=0.656 | Val(P3)=0.600 | Val(AVO)=0.619
2025-09-24 10:14:38 - No P3-val improvement; patience remaining: 21/50
2025-09-24 10:14:38 - Epoch 75/500 | LR=0.009469 | w_AVO=1.000 | w_P3=1.942 | lambda_MMD=0.800
2025-09-24 10:14:38 - Epoch Summary: TrainLoss=1.3546 | TrainAcc=0.659 | Val(P3)=0.567 | Val(AVO)=0.635
2025-09-24 10:14:38 - No P3-val improvement; patience remaining: 20/50
2025-09-24 10:14:38 - Epoch 76/500 | LR=0.009455 | w_AVO=1.000 | w_P3=1.942 | lambda_MMD=0.800
2025-09-24 10:14:39 - Epoch Summary: TrainLoss=1.3693 | TrainAcc=0.657 | Val(P3)=0.550 | Val(AVO)=0.616
2025-09-24 10:14:39 - No P3-val improvement; patience remaining: 19/50
2025-09-24 10:14:39 - P3 val decreasing 3x. Reducing w_small to 1.553, lambda_MMD to 0.400
2025-09-24 10:14:39 - Epoch 77/500 | LR=0.009441 | w_AVO=1.000 | w_P3=1.553 | lambda_MMD=0.400
2025-09-24 10:14:39 - Epoch Summary: TrainLoss=1.2175 | TrainAcc=0.668 | Val(P3)=0.517 | Val(AVO)=0.601
2025-09-24 10:14:39 - No P3-val improvement; patience remaining: 18/50
2025-09-24 10:14:39 - P3 val decreasing 3x. Reducing w_small to 1.553, lambda_MMD to 0.400
2025-09-24 10:14:39 - AVO val decreasing 3x. Reducing lambda_MMD to 0.280
2025-09-24 10:14:39 - Epoch 78/500 | LR=0.009426 | w_AVO=1.000 | w_P3=1.553 | lambda_MMD=0.280
2025-09-24 10:14:40 - Epoch Summary: TrainLoss=1.2101 | TrainAcc=0.655 | Val(P3)=0.533 | Val(AVO)=0.628
2025-09-24 10:14:40 - No P3-val improvement; patience remaining: 17/50
2025-09-24 10:14:40 - Epoch 79/500 | LR=0.009411 | w_AVO=1.000 | w_P3=1.942 | lambda_MMD=0.800
2025-09-24 10:14:40 - Epoch Summary: TrainLoss=1.3828 | TrainAcc=0.649 | Val(P3)=0.550 | Val(AVO)=0.641
2025-09-24 10:14:40 - No P3-val improvement; patience remaining: 16/50
2025-09-24 10:14:40 - Epoch 80/500 | LR=0.009397 | w_AVO=1.000 | w_P3=1.942 | lambda_MMD=0.800
2025-09-24 10:14:41 - Epoch Summary: TrainLoss=1.3330 | TrainAcc=0.653 | Val(P3)=0.567 | Val(AVO)=0.607
2025-09-24 10:14:41 - No P3-val improvement; patience remaining: 15/50
2025-09-24 10:14:41 - Epoch 81/500 | LR=0.009382 | w_AVO=1.000 | w_P3=1.942 | lambda_MMD=0.800
2025-09-24 10:14:41 - Epoch Summary: TrainLoss=1.3564 | TrainAcc=0.655 | Val(P3)=0.550 | Val(AVO)=0.607
2025-09-24 10:14:41 - No P3-val improvement; patience remaining: 14/50
2025-09-24 10:14:41 - Epoch 82/500 | LR=0.009366 | w_AVO=1.000 | w_P3=1.942 | lambda_MMD=0.800
2025-09-24 10:14:41 - Epoch Summary: TrainLoss=1.3178 | TrainAcc=0.672 | Val(P3)=0.550 | Val(AVO)=0.619
2025-09-24 10:14:41 - No P3-val improvement; patience remaining: 13/50
2025-09-24 10:14:41 - Epoch 83/500 | LR=0.009351 | w_AVO=1.000 | w_P3=1.942 | lambda_MMD=0.800
2025-09-24 10:14:42 - Epoch Summary: TrainLoss=1.3677 | TrainAcc=0.643 | Val(P3)=0.533 | Val(AVO)=0.619
2025-09-24 10:14:42 - No P3-val improvement; patience remaining: 12/50
2025-09-24 10:14:42 - Epoch 84/500 | LR=0.009335 | w_AVO=1.000 | w_P3=1.942 | lambda_MMD=0.800
2025-09-24 10:14:42 - Epoch Summary: TrainLoss=1.3329 | TrainAcc=0.667 | Val(P3)=0.533 | Val(AVO)=0.635
2025-09-24 10:14:42 - No P3-val improvement; patience remaining: 11/50
2025-09-24 10:14:42 - Epoch 85/500 | LR=0.009320 | w_AVO=1.000 | w_P3=1.942 | lambda_MMD=0.800
2025-09-24 10:14:43 - Epoch Summary: TrainLoss=1.3997 | TrainAcc=0.631 | Val(P3)=0.567 | Val(AVO)=0.585
2025-09-24 10:14:43 - No P3-val improvement; patience remaining: 10/50
2025-09-24 10:14:43 - Epoch 86/500 | LR=0.009304 | w_AVO=1.000 | w_P3=1.942 | lambda_MMD=0.800
2025-09-24 10:14:43 - Epoch Summary: TrainLoss=1.3909 | TrainAcc=0.649 | Val(P3)=0.533 | Val(AVO)=0.582
2025-09-24 10:14:43 - No P3-val improvement; patience remaining: 9/50
2025-09-24 10:14:43 - AVO val decreasing 3x. Reducing lambda_MMD to 0.560
2025-09-24 10:14:43 - Epoch 87/500 | LR=0.009288 | w_AVO=1.000 | w_P3=1.942 | lambda_MMD=0.560
2025-09-24 10:14:43 - Epoch Summary: TrainLoss=1.3478 | TrainAcc=0.660 | Val(P3)=0.533 | Val(AVO)=0.582
2025-09-24 10:14:43 - No P3-val improvement; patience remaining: 8/50
2025-09-24 10:14:43 - Epoch 88/500 | LR=0.009271 | w_AVO=1.000 | w_P3=1.942 | lambda_MMD=0.800
2025-09-24 10:14:44 - Epoch Summary: TrainLoss=1.3249 | TrainAcc=0.658 | Val(P3)=0.550 | Val(AVO)=0.616
2025-09-24 10:14:44 - No P3-val improvement; patience remaining: 7/50
2025-09-24 10:14:44 - Epoch 89/500 | LR=0.009255 | w_AVO=1.000 | w_P3=1.942 | lambda_MMD=0.800
2025-09-24 10:14:44 - Epoch Summary: TrainLoss=1.3362 | TrainAcc=0.658 | Val(P3)=0.600 | Val(AVO)=0.598
2025-09-24 10:14:44 - No P3-val improvement; patience remaining: 6/50
2025-09-24 10:14:44 - Epoch 90/500 | LR=0.009238 | w_AVO=1.000 | w_P3=1.942 | lambda_MMD=0.800
2025-09-24 10:14:45 - Epoch Summary: TrainLoss=1.3413 | TrainAcc=0.657 | Val(P3)=0.550 | Val(AVO)=0.628
2025-09-24 10:14:45 - No P3-val improvement; patience remaining: 5/50
2025-09-24 10:14:45 - Epoch 91/500 | LR=0.009222 | w_AVO=1.000 | w_P3=1.942 | lambda_MMD=0.800
2025-09-24 10:14:45 - Epoch Summary: TrainLoss=1.3402 | TrainAcc=0.663 | Val(P3)=0.583 | Val(AVO)=0.647
2025-09-24 10:14:45 - No P3-val improvement; patience remaining: 4/50
2025-09-24 10:14:45 - Epoch 92/500 | LR=0.009205 | w_AVO=1.000 | w_P3=1.942 | lambda_MMD=0.800
2025-09-24 10:14:46 - Epoch Summary: TrainLoss=1.3233 | TrainAcc=0.655 | Val(P3)=0.500 | Val(AVO)=0.594
2025-09-24 10:14:46 - No P3-val improvement; patience remaining: 3/50
2025-09-24 10:14:46 - Epoch 93/500 | LR=0.009188 | w_AVO=1.000 | w_P3=1.942 | lambda_MMD=0.800
2025-09-24 10:14:46 - Epoch Summary: TrainLoss=1.3303 | TrainAcc=0.666 | Val(P3)=0.550 | Val(AVO)=0.594
2025-09-24 10:14:46 - No P3-val improvement; patience remaining: 2/50
2025-09-24 10:14:46 - Epoch 94/500 | LR=0.009170 | w_AVO=1.000 | w_P3=1.942 | lambda_MMD=0.800
2025-09-24 10:14:47 - Epoch Summary: TrainLoss=1.3427 | TrainAcc=0.666 | Val(P3)=0.517 | Val(AVO)=0.598
2025-09-24 10:14:47 - No P3-val improvement; patience remaining: 1/50
2025-09-24 10:14:47 - Epoch 95/500 | LR=0.009153 | w_AVO=1.000 | w_P3=1.942 | lambda_MMD=0.800
2025-09-24 10:14:47 - Epoch Summary: TrainLoss=1.3115 | TrainAcc=0.670 | Val(P3)=0.467 | Val(AVO)=0.625
2025-09-24 10:14:47 - No P3-val improvement; patience remaining: 0/50
2025-09-24 10:14:47 - Early stopping triggered (P3-val)
2025-09-24 10:14:47 -     P3 Test | Acc=0.6089 P=0.6168 R=0.6947 F1=0.6535 AUC=0.6627 (n=179)
2025-09-24 10:14:47 -     AVO Test | Acc=0.6451 P=0.7005 R=0.4808 F1=0.5702 AUC=0.7199 (n=586)
2025-09-24 10:14:47 -     Overall Test Acc=0.6366
2025-09-24 10:14:47 -   Fold 2/5
2025-09-24 10:14:47 - Fold domains: small=P3 (n=578), large=AVO (n=2098)
2025-09-24 10:14:47 - Auto adjustments (symmetric): w_small≈1.000, lambda_MMD_target=0.800, warmup_epochs=10
2025-09-24 10:14:47 - Epoch 1/500 | LR=0.010000 | w_AVO=1.000 | w_P3=1.091 | lambda_MMD=0.080
2025-09-24 10:14:48 - Epoch Summary: TrainLoss=1.6341 | TrainAcc=0.530 | Val(P3)=0.557 | Val(AVO)=0.649
2025-09-24 10:14:48 - New best P3-val; checkpoint updated
2025-09-24 10:14:48 - Epoch 2/500 | LR=0.010000 | w_AVO=1.000 | w_P3=1.181 | lambda_MMD=0.160
2025-09-24 10:14:48 - Epoch Summary: TrainLoss=1.4561 | TrainAcc=0.592 | Val(P3)=0.475 | Val(AVO)=0.602
2025-09-24 10:14:48 - No P3-val improvement; patience remaining: 49/50
2025-09-24 10:14:48 - Epoch 3/500 | LR=0.010000 | w_AVO=1.000 | w_P3=1.272 | lambda_MMD=0.240
2025-09-24 10:14:48 - Epoch Summary: TrainLoss=1.4686 | TrainAcc=0.621 | Val(P3)=0.492 | Val(AVO)=0.658
2025-09-24 10:14:48 - No P3-val improvement; patience remaining: 48/50
2025-09-24 10:14:48 - Epoch 4/500 | LR=0.009999 | w_AVO=1.000 | w_P3=1.362 | lambda_MMD=0.320
2025-09-24 10:14:49 - Epoch Summary: TrainLoss=1.5333 | TrainAcc=0.618 | Val(P3)=0.574 | Val(AVO)=0.652
2025-09-24 10:14:49 - New best P3-val; checkpoint updated
2025-09-24 10:14:49 - Epoch 5/500 | LR=0.009998 | w_AVO=1.000 | w_P3=1.453 | lambda_MMD=0.400
2025-09-24 10:14:49 - Epoch Summary: TrainLoss=1.5300 | TrainAcc=0.600 | Val(P3)=0.590 | Val(AVO)=0.609
2025-09-24 10:14:49 - New best P3-val; checkpoint updated
2025-09-24 10:14:49 - AVO val decreasing 3x. Reducing lambda_MMD to 0.336
2025-09-24 10:14:49 - Epoch 6/500 | LR=0.009998 | w_AVO=1.000 | w_P3=1.543 | lambda_MMD=0.336
2025-09-24 10:14:50 - Epoch Summary: TrainLoss=1.5522 | TrainAcc=0.608 | Val(P3)=0.557 | Val(AVO)=0.680
2025-09-24 10:14:50 - No P3-val improvement; patience remaining: 49/50
2025-09-24 10:14:50 - Epoch 7/500 | LR=0.009996 | w_AVO=1.000 | w_P3=1.634 | lambda_MMD=0.560
2025-09-24 10:14:50 - Epoch Summary: TrainLoss=1.6181 | TrainAcc=0.631 | Val(P3)=0.541 | Val(AVO)=0.624
2025-09-24 10:14:50 - No P3-val improvement; patience remaining: 48/50
2025-09-24 10:14:50 - P3 val decreasing 3x. Reducing w_small to 1.379, lambda_MMD to 0.320
2025-09-24 10:14:50 - Epoch 8/500 | LR=0.009995 | w_AVO=1.000 | w_P3=1.379 | lambda_MMD=0.320
2025-09-24 10:14:50 - Epoch Summary: TrainLoss=1.4571 | TrainAcc=0.633 | Val(P3)=0.541 | Val(AVO)=0.655
2025-09-24 10:14:50 - No P3-val improvement; patience remaining: 47/50
2025-09-24 10:14:50 - Epoch 9/500 | LR=0.009994 | w_AVO=1.000 | w_P3=1.815 | lambda_MMD=0.720
2025-09-24 10:14:51 - Epoch Summary: TrainLoss=1.6749 | TrainAcc=0.630 | Val(P3)=0.492 | Val(AVO)=0.578
2025-09-24 10:14:51 - No P3-val improvement; patience remaining: 46/50
2025-09-24 10:14:51 - Epoch 10/500 | LR=0.009992 | w_AVO=1.000 | w_P3=1.905 | lambda_MMD=0.800
2025-09-24 10:14:51 - Epoch Summary: TrainLoss=1.7383 | TrainAcc=0.646 | Val(P3)=0.508 | Val(AVO)=0.661
2025-09-24 10:14:51 - No P3-val improvement; patience remaining: 45/50
2025-09-24 10:14:51 - Epoch 11/500 | LR=0.009990 | w_AVO=1.000 | w_P3=1.905 | lambda_MMD=0.800
2025-09-24 10:14:51 - Epoch Summary: TrainLoss=1.7148 | TrainAcc=0.631 | Val(P3)=0.590 | Val(AVO)=0.665
2025-09-24 10:14:51 - No P3-val improvement; patience remaining: 44/50
2025-09-24 10:14:51 - Epoch 12/500 | LR=0.009988 | w_AVO=1.000 | w_P3=1.905 | lambda_MMD=0.800
2025-09-24 10:14:52 - Epoch Summary: TrainLoss=1.7225 | TrainAcc=0.630 | Val(P3)=0.541 | Val(AVO)=0.630
2025-09-24 10:14:52 - No P3-val improvement; patience remaining: 43/50
2025-09-24 10:14:52 - Epoch 13/500 | LR=0.009986 | w_AVO=1.000 | w_P3=1.905 | lambda_MMD=0.800
2025-09-24 10:14:52 - Epoch Summary: TrainLoss=1.6770 | TrainAcc=0.637 | Val(P3)=0.557 | Val(AVO)=0.652
2025-09-24 10:14:52 - No P3-val improvement; patience remaining: 42/50
2025-09-24 10:14:52 - Epoch 14/500 | LR=0.009983 | w_AVO=1.000 | w_P3=1.905 | lambda_MMD=0.800
2025-09-24 10:14:53 - Epoch Summary: TrainLoss=1.6885 | TrainAcc=0.624 | Val(P3)=0.541 | Val(AVO)=0.668
2025-09-24 10:14:53 - No P3-val improvement; patience remaining: 41/50
2025-09-24 10:14:53 - Epoch 15/500 | LR=0.009981 | w_AVO=1.000 | w_P3=1.905 | lambda_MMD=0.800
2025-09-24 10:14:53 - Epoch Summary: TrainLoss=1.6320 | TrainAcc=0.653 | Val(P3)=0.525 | Val(AVO)=0.658
2025-09-24 10:14:53 - No P3-val improvement; patience remaining: 40/50
2025-09-24 10:14:53 - P3 val decreasing 3x. Reducing w_small to 1.524, lambda_MMD to 0.400
2025-09-24 10:14:53 - Epoch 16/500 | LR=0.009978 | w_AVO=1.000 | w_P3=1.524 | lambda_MMD=0.400
2025-09-24 10:14:54 - Epoch Summary: TrainLoss=1.4366 | TrainAcc=0.638 | Val(P3)=0.557 | Val(AVO)=0.658
2025-09-24 10:14:54 - No P3-val improvement; patience remaining: 39/50
2025-09-24 10:14:54 - Epoch 17/500 | LR=0.009975 | w_AVO=1.000 | w_P3=1.905 | lambda_MMD=0.800
2025-09-24 10:14:54 - Epoch Summary: TrainLoss=1.6124 | TrainAcc=0.647 | Val(P3)=0.557 | Val(AVO)=0.655
2025-09-24 10:14:54 - No P3-val improvement; patience remaining: 38/50
2025-09-24 10:14:54 - Epoch 18/500 | LR=0.009972 | w_AVO=1.000 | w_P3=1.905 | lambda_MMD=0.800
2025-09-24 10:14:55 - Epoch Summary: TrainLoss=1.5816 | TrainAcc=0.646 | Val(P3)=0.525 | Val(AVO)=0.658
2025-09-24 10:14:55 - No P3-val improvement; patience remaining: 37/50
2025-09-24 10:14:55 - Epoch 19/500 | LR=0.009968 | w_AVO=1.000 | w_P3=1.905 | lambda_MMD=0.800
2025-09-24 10:14:55 - Epoch Summary: TrainLoss=1.6396 | TrainAcc=0.638 | Val(P3)=0.590 | Val(AVO)=0.683
2025-09-24 10:14:55 - No P3-val improvement; patience remaining: 36/50
2025-09-24 10:14:55 - Epoch 20/500 | LR=0.009964 | w_AVO=1.000 | w_P3=1.905 | lambda_MMD=0.800
2025-09-24 10:14:55 - Epoch Summary: TrainLoss=1.5658 | TrainAcc=0.643 | Val(P3)=0.574 | Val(AVO)=0.652
2025-09-24 10:14:55 - No P3-val improvement; patience remaining: 35/50
2025-09-24 10:14:55 - Epoch 21/500 | LR=0.009961 | w_AVO=1.000 | w_P3=1.905 | lambda_MMD=0.800
2025-09-24 10:14:56 - Epoch Summary: TrainLoss=1.6158 | TrainAcc=0.629 | Val(P3)=0.623 | Val(AVO)=0.652
2025-09-24 10:14:56 - New best P3-val; checkpoint updated
2025-09-24 10:14:56 - Epoch 22/500 | LR=0.009957 | w_AVO=1.000 | w_P3=1.905 | lambda_MMD=0.800
2025-09-24 10:14:56 - Epoch Summary: TrainLoss=1.6009 | TrainAcc=0.649 | Val(P3)=0.607 | Val(AVO)=0.661
2025-09-24 10:14:56 - No P3-val improvement; patience remaining: 49/50
2025-09-24 10:14:56 - Epoch 23/500 | LR=0.009952 | w_AVO=1.000 | w_P3=1.905 | lambda_MMD=0.800
2025-09-24 10:14:57 - Epoch Summary: TrainLoss=1.5752 | TrainAcc=0.637 | Val(P3)=0.590 | Val(AVO)=0.671
2025-09-24 10:14:57 - No P3-val improvement; patience remaining: 48/50
2025-09-24 10:14:57 - P3 val decreasing 3x. Reducing w_small to 1.524, lambda_MMD to 0.400
2025-09-24 10:14:57 - Epoch 24/500 | LR=0.009948 | w_AVO=1.000 | w_P3=1.524 | lambda_MMD=0.400
2025-09-24 10:14:57 - Epoch Summary: TrainLoss=1.3991 | TrainAcc=0.637 | Val(P3)=0.607 | Val(AVO)=0.668
2025-09-24 10:14:57 - No P3-val improvement; patience remaining: 47/50
2025-09-24 10:14:57 - Epoch 25/500 | LR=0.009943 | w_AVO=1.000 | w_P3=1.905 | lambda_MMD=0.800
2025-09-24 10:14:57 - Epoch Summary: TrainLoss=1.5974 | TrainAcc=0.644 | Val(P3)=0.590 | Val(AVO)=0.655
2025-09-24 10:14:57 - No P3-val improvement; patience remaining: 46/50
2025-09-24 10:14:57 - AVO val decreasing 3x. Reducing lambda_MMD to 0.560
2025-09-24 10:14:57 - Epoch 26/500 | LR=0.009938 | w_AVO=1.000 | w_P3=1.905 | lambda_MMD=0.560
2025-09-24 10:14:58 - Epoch Summary: TrainLoss=1.4969 | TrainAcc=0.662 | Val(P3)=0.541 | Val(AVO)=0.668
2025-09-24 10:14:58 - No P3-val improvement; patience remaining: 45/50
2025-09-24 10:14:58 - P3 val decreasing 3x. Reducing w_small to 1.524, lambda_MMD to 0.400
2025-09-24 10:14:58 - Epoch 27/500 | LR=0.009933 | w_AVO=1.000 | w_P3=1.524 | lambda_MMD=0.400
2025-09-24 10:14:58 - Epoch Summary: TrainLoss=1.3602 | TrainAcc=0.653 | Val(P3)=0.590 | Val(AVO)=0.689
2025-09-24 10:14:58 - No P3-val improvement; patience remaining: 44/50
2025-09-24 10:14:58 - Epoch 28/500 | LR=0.009928 | w_AVO=1.000 | w_P3=1.905 | lambda_MMD=0.800
2025-09-24 10:14:58 - Epoch Summary: TrainLoss=1.5551 | TrainAcc=0.634 | Val(P3)=0.607 | Val(AVO)=0.693
2025-09-24 10:14:58 - No P3-val improvement; patience remaining: 43/50
2025-09-24 10:14:58 - Epoch 29/500 | LR=0.009923 | w_AVO=1.000 | w_P3=1.905 | lambda_MMD=0.800
2025-09-24 10:14:59 - Epoch Summary: TrainLoss=1.5200 | TrainAcc=0.644 | Val(P3)=0.541 | Val(AVO)=0.671
2025-09-24 10:14:59 - No P3-val improvement; patience remaining: 42/50
2025-09-24 10:14:59 - Epoch 30/500 | LR=0.009917 | w_AVO=1.000 | w_P3=1.905 | lambda_MMD=0.800
2025-09-24 10:14:59 - Epoch Summary: TrainLoss=1.5531 | TrainAcc=0.642 | Val(P3)=0.639 | Val(AVO)=0.689
2025-09-24 10:14:59 - New best P3-val; checkpoint updated
2025-09-24 10:14:59 - Epoch 31/500 | LR=0.009911 | w_AVO=1.000 | w_P3=1.905 | lambda_MMD=0.800
2025-09-24 10:15:00 - Epoch Summary: TrainLoss=1.5354 | TrainAcc=0.652 | Val(P3)=0.590 | Val(AVO)=0.680
2025-09-24 10:15:00 - No P3-val improvement; patience remaining: 49/50
2025-09-24 10:15:00 - Epoch 32/500 | LR=0.009905 | w_AVO=1.000 | w_P3=1.905 | lambda_MMD=0.800
2025-09-24 10:15:00 - Epoch Summary: TrainLoss=1.5494 | TrainAcc=0.659 | Val(P3)=0.656 | Val(AVO)=0.683
2025-09-24 10:15:00 - New best P3-val; checkpoint updated
2025-09-24 10:15:00 - Epoch 33/500 | LR=0.009899 | w_AVO=1.000 | w_P3=1.905 | lambda_MMD=0.800
2025-09-24 10:15:00 - Epoch Summary: TrainLoss=1.5864 | TrainAcc=0.642 | Val(P3)=0.656 | Val(AVO)=0.689
2025-09-24 10:15:00 - No P3-val improvement; patience remaining: 49/50
2025-09-24 10:15:00 - Epoch 34/500 | LR=0.009893 | w_AVO=1.000 | w_P3=1.905 | lambda_MMD=0.800
2025-09-24 10:15:01 - Epoch Summary: TrainLoss=1.4967 | TrainAcc=0.664 | Val(P3)=0.623 | Val(AVO)=0.643
2025-09-24 10:15:01 - No P3-val improvement; patience remaining: 48/50
2025-09-24 10:15:01 - Epoch 35/500 | LR=0.009886 | w_AVO=1.000 | w_P3=1.905 | lambda_MMD=0.800
2025-09-24 10:15:01 - Epoch Summary: TrainLoss=1.4913 | TrainAcc=0.656 | Val(P3)=0.590 | Val(AVO)=0.671
2025-09-24 10:15:01 - No P3-val improvement; patience remaining: 47/50
2025-09-24 10:15:01 - P3 val decreasing 3x. Reducing w_small to 1.524, lambda_MMD to 0.400
2025-09-24 10:15:01 - Epoch 36/500 | LR=0.009880 | w_AVO=1.000 | w_P3=1.524 | lambda_MMD=0.400
2025-09-24 10:15:01 - Epoch Summary: TrainLoss=1.3381 | TrainAcc=0.668 | Val(P3)=0.607 | Val(AVO)=0.686
2025-09-24 10:15:01 - No P3-val improvement; patience remaining: 46/50
2025-09-24 10:15:01 - Epoch 37/500 | LR=0.009873 | w_AVO=1.000 | w_P3=1.905 | lambda_MMD=0.800
2025-09-24 10:15:01 - Epoch Summary: TrainLoss=1.5023 | TrainAcc=0.648 | Val(P3)=0.557 | Val(AVO)=0.699
2025-09-24 10:15:01 - No P3-val improvement; patience remaining: 45/50
2025-09-24 10:15:01 - Epoch 38/500 | LR=0.009865 | w_AVO=1.000 | w_P3=1.905 | lambda_MMD=0.800
2025-09-24 10:15:02 - Epoch Summary: TrainLoss=1.4735 | TrainAcc=0.657 | Val(P3)=0.607 | Val(AVO)=0.693
2025-09-24 10:15:02 - No P3-val improvement; patience remaining: 44/50
2025-09-24 10:15:02 - Epoch 39/500 | LR=0.009858 | w_AVO=1.000 | w_P3=1.905 | lambda_MMD=0.800
2025-09-24 10:15:02 - Epoch Summary: TrainLoss=1.5275 | TrainAcc=0.655 | Val(P3)=0.607 | Val(AVO)=0.699
2025-09-24 10:15:02 - No P3-val improvement; patience remaining: 43/50
2025-09-24 10:15:02 - Epoch 40/500 | LR=0.009851 | w_AVO=1.000 | w_P3=1.905 | lambda_MMD=0.800
2025-09-24 10:15:02 - Epoch Summary: TrainLoss=1.5245 | TrainAcc=0.655 | Val(P3)=0.656 | Val(AVO)=0.683
2025-09-24 10:15:02 - No P3-val improvement; patience remaining: 42/50
2025-09-24 10:15:02 - Epoch 41/500 | LR=0.009843 | w_AVO=1.000 | w_P3=1.905 | lambda_MMD=0.800
2025-09-24 10:15:03 - Epoch Summary: TrainLoss=1.4345 | TrainAcc=0.654 | Val(P3)=0.623 | Val(AVO)=0.705
2025-09-24 10:15:03 - No P3-val improvement; patience remaining: 41/50
2025-09-24 10:15:03 - Epoch 42/500 | LR=0.009835 | w_AVO=1.000 | w_P3=1.905 | lambda_MMD=0.800
2025-09-24 10:15:03 - Epoch Summary: TrainLoss=1.4694 | TrainAcc=0.669 | Val(P3)=0.623 | Val(AVO)=0.661
2025-09-24 10:15:03 - No P3-val improvement; patience remaining: 40/50
2025-09-24 10:15:03 - Epoch 43/500 | LR=0.009827 | w_AVO=1.000 | w_P3=1.905 | lambda_MMD=0.800
2025-09-24 10:15:03 - Epoch Summary: TrainLoss=1.4465 | TrainAcc=0.660 | Val(P3)=0.623 | Val(AVO)=0.646
2025-09-24 10:15:03 - No P3-val improvement; patience remaining: 39/50
2025-09-24 10:15:03 - AVO val decreasing 3x. Reducing lambda_MMD to 0.560
2025-09-24 10:15:03 - Epoch 44/500 | LR=0.009819 | w_AVO=1.000 | w_P3=1.905 | lambda_MMD=0.560
2025-09-24 10:15:04 - Epoch Summary: TrainLoss=1.4625 | TrainAcc=0.644 | Val(P3)=0.639 | Val(AVO)=0.683
2025-09-24 10:15:04 - No P3-val improvement; patience remaining: 38/50
2025-09-24 10:15:04 - Epoch 45/500 | LR=0.009810 | w_AVO=1.000 | w_P3=1.905 | lambda_MMD=0.800
2025-09-24 10:15:04 - Epoch Summary: TrainLoss=1.4705 | TrainAcc=0.656 | Val(P3)=0.557 | Val(AVO)=0.696
2025-09-24 10:15:04 - No P3-val improvement; patience remaining: 37/50
2025-09-24 10:15:04 - Epoch 46/500 | LR=0.009801 | w_AVO=1.000 | w_P3=1.905 | lambda_MMD=0.800
2025-09-24 10:15:04 - Epoch Summary: TrainLoss=1.4598 | TrainAcc=0.645 | Val(P3)=0.590 | Val(AVO)=0.705
2025-09-24 10:15:04 - No P3-val improvement; patience remaining: 36/50
2025-09-24 10:15:04 - Epoch 47/500 | LR=0.009793 | w_AVO=1.000 | w_P3=1.905 | lambda_MMD=0.800
2025-09-24 10:15:05 - Epoch Summary: TrainLoss=1.4737 | TrainAcc=0.663 | Val(P3)=0.656 | Val(AVO)=0.683
2025-09-24 10:15:05 - No P3-val improvement; patience remaining: 35/50
2025-09-24 10:15:05 - Epoch 48/500 | LR=0.009784 | w_AVO=1.000 | w_P3=1.905 | lambda_MMD=0.800
2025-09-24 10:15:05 - Epoch Summary: TrainLoss=1.4262 | TrainAcc=0.657 | Val(P3)=0.656 | Val(AVO)=0.661
2025-09-24 10:15:05 - No P3-val improvement; patience remaining: 34/50
2025-09-24 10:15:05 - AVO val decreasing 3x. Reducing lambda_MMD to 0.560
2025-09-24 10:15:05 - Epoch 49/500 | LR=0.009774 | w_AVO=1.000 | w_P3=1.905 | lambda_MMD=0.560
2025-09-24 10:15:06 - Epoch Summary: TrainLoss=1.4572 | TrainAcc=0.661 | Val(P3)=0.672 | Val(AVO)=0.696
2025-09-24 10:15:06 - New best P3-val; checkpoint updated
2025-09-24 10:15:06 - Epoch 50/500 | LR=0.009765 | w_AVO=1.000 | w_P3=1.905 | lambda_MMD=0.800
2025-09-24 10:15:06 - Epoch Summary: TrainLoss=1.4232 | TrainAcc=0.663 | Val(P3)=0.623 | Val(AVO)=0.702
2025-09-24 10:15:06 - No P3-val improvement; patience remaining: 49/50
2025-09-24 10:15:06 - Epoch 51/500 | LR=0.009755 | w_AVO=1.000 | w_P3=1.905 | lambda_MMD=0.800
2025-09-24 10:15:07 - Epoch Summary: TrainLoss=1.4202 | TrainAcc=0.675 | Val(P3)=0.639 | Val(AVO)=0.618
2025-09-24 10:15:07 - No P3-val improvement; patience remaining: 48/50
2025-09-24 10:15:07 - Epoch 52/500 | LR=0.009745 | w_AVO=1.000 | w_P3=1.905 | lambda_MMD=0.800
2025-09-24 10:15:07 - Epoch Summary: TrainLoss=1.4563 | TrainAcc=0.663 | Val(P3)=0.590 | Val(AVO)=0.661
2025-09-24 10:15:07 - No P3-val improvement; patience remaining: 47/50
2025-09-24 10:15:07 - Epoch 53/500 | LR=0.009735 | w_AVO=1.000 | w_P3=1.905 | lambda_MMD=0.800
2025-09-24 10:15:08 - Epoch Summary: TrainLoss=1.4348 | TrainAcc=0.662 | Val(P3)=0.590 | Val(AVO)=0.658
2025-09-24 10:15:08 - No P3-val improvement; patience remaining: 46/50
2025-09-24 10:15:08 - Epoch 54/500 | LR=0.009725 | w_AVO=1.000 | w_P3=1.905 | lambda_MMD=0.800
2025-09-24 10:15:08 - Epoch Summary: TrainLoss=1.4795 | TrainAcc=0.660 | Val(P3)=0.590 | Val(AVO)=0.680
2025-09-24 10:15:08 - No P3-val improvement; patience remaining: 45/50
2025-09-24 10:15:08 - Epoch 55/500 | LR=0.009715 | w_AVO=1.000 | w_P3=1.905 | lambda_MMD=0.800
2025-09-24 10:15:09 - Epoch Summary: TrainLoss=1.4459 | TrainAcc=0.653 | Val(P3)=0.623 | Val(AVO)=0.671
2025-09-24 10:15:09 - No P3-val improvement; patience remaining: 44/50
2025-09-24 10:15:09 - Epoch 56/500 | LR=0.009704 | w_AVO=1.000 | w_P3=1.905 | lambda_MMD=0.800
2025-09-24 10:15:10 - Epoch Summary: TrainLoss=1.4268 | TrainAcc=0.655 | Val(P3)=0.607 | Val(AVO)=0.711
2025-09-24 10:15:10 - No P3-val improvement; patience remaining: 43/50
2025-09-24 10:15:10 - Epoch 57/500 | LR=0.009694 | w_AVO=1.000 | w_P3=1.905 | lambda_MMD=0.800
2025-09-24 10:15:10 - Epoch Summary: TrainLoss=1.4424 | TrainAcc=0.659 | Val(P3)=0.623 | Val(AVO)=0.671
2025-09-24 10:15:10 - No P3-val improvement; patience remaining: 42/50
2025-09-24 10:15:10 - Epoch 58/500 | LR=0.009683 | w_AVO=1.000 | w_P3=1.905 | lambda_MMD=0.800
2025-09-24 10:15:11 - Epoch Summary: TrainLoss=1.4427 | TrainAcc=0.655 | Val(P3)=0.541 | Val(AVO)=0.696
2025-09-24 10:15:11 - No P3-val improvement; patience remaining: 41/50
2025-09-24 10:15:11 - Epoch 59/500 | LR=0.009672 | w_AVO=1.000 | w_P3=1.905 | lambda_MMD=0.800
2025-09-24 10:15:11 - Epoch Summary: TrainLoss=1.4431 | TrainAcc=0.664 | Val(P3)=0.607 | Val(AVO)=0.618
2025-09-24 10:15:11 - No P3-val improvement; patience remaining: 40/50
2025-09-24 10:15:11 - Epoch 60/500 | LR=0.009660 | w_AVO=1.000 | w_P3=1.905 | lambda_MMD=0.800
