2025-09-29 15:37:22 - 
==================================================
2025-09-29 15:37:22 - TF-DWT Joint Training (Auto-Adjusted)
2025-09-29 15:37:22 - ==================================================
2025-09-29 15:37:22 - 
Experiment Configuration:
2025-09-29 15:37:22 - --------------------------------------------------
2025-09-29 15:37:22 - electrode_list: all
2025-09-29 15:37:22 - fusion_method: none
2025-09-29 15:37:22 - domain_adaptation: none
2025-09-29 15:37:22 - use_enhanced_preprocessing: True
2025-09-29 15:37:22 - batch_size: 128
2025-09-29 15:37:22 - max_epochs: 500
2025-09-29 15:37:22 - learning_rate: 0.01
2025-09-29 15:37:22 - weight_decay: 0.0001
2025-09-29 15:37:22 - dropout_rate: 0.25
2025-09-29 15:37:22 - use_data_augmentation: True
2025-09-29 15:37:22 - noise_std: 0.005
2025-09-29 15:37:22 - time_shift_range: 5
2025-09-29 15:37:22 - label_smoothing: 0.05
2025-09-29 15:37:22 - trials_per_subject_P3: 10
2025-09-29 15:37:22 - trials_per_subject_AVO: 80
2025-09-29 15:37:22 - train/val/test: (0.7, 0.1, 0.2)
2025-09-29 15:37:22 - device_mode: cuda
2025-09-29 15:37:22 - --------------------------------------------------
2025-09-29 15:37:22 - 
==================================================
2025-09-29 15:37:22 - Running Nested Cross-Validation with TF-DWT
2025-09-29 15:37:22 - ==================================================
2025-09-29 15:37:22 - Loading dataset for CV: P3
2025-09-29 15:37:23 - Subject P3_sub-001: Sampled 10/80 trials
2025-09-29 15:37:23 -   Original distribution: {np.int64(0): np.float64(0.5), np.int64(1): np.float64(0.5)}
2025-09-29 15:37:23 -   Sampled distribution: {np.int64(0): np.float64(0.5), np.int64(1): np.float64(0.5)}
2025-09-29 15:37:23 - Subject P3_sub-002: Sampled 10/80 trials
2025-09-29 15:37:23 -   Original distribution: {np.int64(0): np.float64(0.5), np.int64(1): np.float64(0.5)}
2025-09-29 15:37:23 -   Sampled distribution: {np.int64(0): np.float64(0.5), np.int64(1): np.float64(0.5)}
2025-09-29 15:37:23 - Subject P3_sub-003: Sampled 10/80 trials
2025-09-29 15:37:23 -   Original distribution: {np.int64(0): np.float64(0.5), np.int64(1): np.float64(0.5)}
2025-09-29 15:37:23 -   Sampled distribution: {np.int64(0): np.float64(0.5), np.int64(1): np.float64(0.5)}
2025-09-29 15:37:23 - Subject P3_sub-004: Sampled 10/78 trials
2025-09-29 15:37:23 -   Original distribution: {np.int64(0): np.float64(0.5), np.int64(1): np.float64(0.5)}
2025-09-29 15:37:23 -   Sampled distribution: {np.int64(0): np.float64(0.5), np.int64(1): np.float64(0.5)}
2025-09-29 15:37:23 - Subject P3_sub-005: Sampled 10/80 trials
2025-09-29 15:37:23 -   Original distribution: {np.int64(0): np.float64(0.5), np.int64(1): np.float64(0.5)}
2025-09-29 15:37:23 -   Sampled distribution: {np.int64(0): np.float64(0.5), np.int64(1): np.float64(0.5)}
2025-09-29 15:37:23 - Subject P3_sub-006: Sampled 10/80 trials
2025-09-29 15:37:23 -   Original distribution: {np.int64(0): np.float64(0.5), np.int64(1): np.float64(0.5)}
2025-09-29 15:37:23 -   Sampled distribution: {np.int64(0): np.float64(0.5), np.int64(1): np.float64(0.5)}
2025-09-29 15:37:23 - Subject P3_sub-007: Sampled 10/80 trials
2025-09-29 15:37:23 -   Original distribution: {np.int64(0): np.float64(0.5), np.int64(1): np.float64(0.5)}
2025-09-29 15:37:23 -   Sampled distribution: {np.int64(0): np.float64(0.5), np.int64(1): np.float64(0.5)}
2025-09-29 15:37:24 - Subject P3_sub-008: Sampled 10/80 trials
2025-09-29 15:37:24 -   Original distribution: {np.int64(0): np.float64(0.5), np.int64(1): np.float64(0.5)}
2025-09-29 15:37:24 -   Sampled distribution: {np.int64(0): np.float64(0.5), np.int64(1): np.float64(0.5)}
2025-09-29 15:37:24 - Subject P3_sub-009: Sampled 10/80 trials
2025-09-29 15:37:24 -   Original distribution: {np.int64(0): np.float64(0.5), np.int64(1): np.float64(0.5)}
2025-09-29 15:37:24 -   Sampled distribution: {np.int64(0): np.float64(0.5), np.int64(1): np.float64(0.5)}
2025-09-29 15:37:24 - Subject P3_sub-010: Sampled 10/80 trials
2025-09-29 15:37:24 -   Original distribution: {np.int64(0): np.float64(0.5), np.int64(1): np.float64(0.5)}
2025-09-29 15:37:24 -   Sampled distribution: {np.int64(0): np.float64(0.5), np.int64(1): np.float64(0.5)}
2025-09-29 15:37:24 - Subject P3_sub-011: Sampled 10/80 trials
2025-09-29 15:37:24 -   Original distribution: {np.int64(0): np.float64(0.5), np.int64(1): np.float64(0.5)}
2025-09-29 15:37:24 -   Sampled distribution: {np.int64(0): np.float64(0.5), np.int64(1): np.float64(0.5)}
2025-09-29 15:37:24 - Subject P3_sub-012: Sampled 10/78 trials
2025-09-29 15:37:24 -   Original distribution: {np.int64(0): np.float64(0.5), np.int64(1): np.float64(0.5)}
2025-09-29 15:37:24 -   Sampled distribution: {np.int64(0): np.float64(0.5), np.int64(1): np.float64(0.5)}
2025-09-29 15:37:24 - Subject P3_sub-013: Sampled 10/80 trials
2025-09-29 15:37:24 -   Original distribution: {np.int64(0): np.float64(0.5), np.int64(1): np.float64(0.5)}
2025-09-29 15:37:24 -   Sampled distribution: {np.int64(0): np.float64(0.5), np.int64(1): np.float64(0.5)}
2025-09-29 15:37:25 - Subject P3_sub-014: Sampled 10/80 trials
2025-09-29 15:37:25 -   Original distribution: {np.int64(0): np.float64(0.5), np.int64(1): np.float64(0.5)}
2025-09-29 15:37:25 -   Sampled distribution: {np.int64(0): np.float64(0.5), np.int64(1): np.float64(0.5)}
2025-09-29 15:37:25 - Subject P3_sub-015: Sampled 10/80 trials
2025-09-29 15:37:25 -   Original distribution: {np.int64(0): np.float64(0.5), np.int64(1): np.float64(0.5)}
2025-09-29 15:37:25 -   Sampled distribution: {np.int64(0): np.float64(0.5), np.int64(1): np.float64(0.5)}
2025-09-29 15:37:25 - Subject P3_sub-016: Sampled 10/80 trials
2025-09-29 15:37:25 -   Original distribution: {np.int64(0): np.float64(0.5), np.int64(1): np.float64(0.5)}
2025-09-29 15:37:25 -   Sampled distribution: {np.int64(0): np.float64(0.5), np.int64(1): np.float64(0.5)}
2025-09-29 15:37:25 - Subject P3_sub-017: Sampled 10/80 trials
2025-09-29 15:37:25 -   Original distribution: {np.int64(0): np.float64(0.5), np.int64(1): np.float64(0.5)}
2025-09-29 15:37:25 -   Sampled distribution: {np.int64(0): np.float64(0.5), np.int64(1): np.float64(0.5)}
2025-09-29 15:37:25 - Subject P3_sub-018: Sampled 10/80 trials
2025-09-29 15:37:25 -   Original distribution: {np.int64(0): np.float64(0.5), np.int64(1): np.float64(0.5)}
2025-09-29 15:37:25 -   Sampled distribution: {np.int64(0): np.float64(0.5), np.int64(1): np.float64(0.5)}
2025-09-29 15:37:25 - Subject P3_sub-019: Sampled 10/80 trials
2025-09-29 15:37:25 -   Original distribution: {np.int64(0): np.float64(0.5), np.int64(1): np.float64(0.5)}
2025-09-29 15:37:25 -   Sampled distribution: {np.int64(0): np.float64(0.5), np.int64(1): np.float64(0.5)}
2025-09-29 15:37:25 - Subject P3_sub-020: Sampled 10/78 trials
2025-09-29 15:37:25 -   Original distribution: {np.int64(0): np.float64(0.5), np.int64(1): np.float64(0.5)}
2025-09-29 15:37:25 -   Sampled distribution: {np.int64(0): np.float64(0.5), np.int64(1): np.float64(0.5)}
2025-09-29 15:37:26 - Subject P3_sub-021: Sampled 10/80 trials
2025-09-29 15:37:26 -   Original distribution: {np.int64(0): np.float64(0.5), np.int64(1): np.float64(0.5)}
2025-09-29 15:37:26 -   Sampled distribution: {np.int64(0): np.float64(0.5), np.int64(1): np.float64(0.5)}
2025-09-29 15:37:26 - Subject P3_sub-022: Sampled 10/80 trials
2025-09-29 15:37:26 -   Original distribution: {np.int64(0): np.float64(0.5), np.int64(1): np.float64(0.5)}
2025-09-29 15:37:26 -   Sampled distribution: {np.int64(0): np.float64(0.5), np.int64(1): np.float64(0.5)}
2025-09-29 15:37:26 - Subject P3_sub-023: Sampled 10/78 trials
2025-09-29 15:37:26 -   Original distribution: {np.int64(0): np.float64(0.5), np.int64(1): np.float64(0.5)}
2025-09-29 15:37:26 -   Sampled distribution: {np.int64(0): np.float64(0.5), np.int64(1): np.float64(0.5)}
2025-09-29 15:37:26 - Subject P3_sub-024: Sampled 10/80 trials
2025-09-29 15:37:26 -   Original distribution: {np.int64(0): np.float64(0.5), np.int64(1): np.float64(0.5)}
2025-09-29 15:37:26 -   Sampled distribution: {np.int64(0): np.float64(0.5), np.int64(1): np.float64(0.5)}
2025-09-29 15:37:26 - Subject P3_sub-025: Sampled 10/80 trials
2025-09-29 15:37:26 -   Original distribution: {np.int64(0): np.float64(0.5), np.int64(1): np.float64(0.5)}
2025-09-29 15:37:26 -   Sampled distribution: {np.int64(0): np.float64(0.5), np.int64(1): np.float64(0.5)}
2025-09-29 15:37:26 - Subject P3_sub-026: Sampled 10/80 trials
2025-09-29 15:37:26 -   Original distribution: {np.int64(0): np.float64(0.5), np.int64(1): np.float64(0.5)}
2025-09-29 15:37:26 -   Sampled distribution: {np.int64(0): np.float64(0.5), np.int64(1): np.float64(0.5)}
2025-09-29 15:37:27 - Subject P3_sub-027: Sampled 10/80 trials
2025-09-29 15:37:27 -   Original distribution: {np.int64(0): np.float64(0.5), np.int64(1): np.float64(0.5)}
2025-09-29 15:37:27 -   Sampled distribution: {np.int64(0): np.float64(0.5), np.int64(1): np.float64(0.5)}
2025-09-29 15:37:27 - Subject P3_sub-028: Sampled 10/80 trials
2025-09-29 15:37:27 -   Original distribution: {np.int64(0): np.float64(0.5), np.int64(1): np.float64(0.5)}
2025-09-29 15:37:27 -   Sampled distribution: {np.int64(0): np.float64(0.5), np.int64(1): np.float64(0.5)}
2025-09-29 15:37:27 - Subject P3_sub-029: Sampled 10/80 trials
2025-09-29 15:37:27 -   Original distribution: {np.int64(0): np.float64(0.5), np.int64(1): np.float64(0.5)}
2025-09-29 15:37:27 -   Sampled distribution: {np.int64(0): np.float64(0.5), np.int64(1): np.float64(0.5)}
2025-09-29 15:37:27 - Subject P3_sub-030: Sampled 10/80 trials
2025-09-29 15:37:27 -   Original distribution: {np.int64(0): np.float64(0.5), np.int64(1): np.float64(0.5)}
2025-09-29 15:37:27 -   Sampled distribution: {np.int64(0): np.float64(0.5), np.int64(1): np.float64(0.5)}
2025-09-29 15:37:27 - Subject P3_sub-031: Sampled 10/80 trials
2025-09-29 15:37:27 -   Original distribution: {np.int64(0): np.float64(0.5), np.int64(1): np.float64(0.5)}
2025-09-29 15:37:27 -   Sampled distribution: {np.int64(0): np.float64(0.5), np.int64(1): np.float64(0.5)}
2025-09-29 15:37:27 - Subject P3_sub-032: Sampled 10/80 trials
2025-09-29 15:37:27 -   Original distribution: {np.int64(0): np.float64(0.5), np.int64(1): np.float64(0.5)}
2025-09-29 15:37:27 -   Sampled distribution: {np.int64(0): np.float64(0.5), np.int64(1): np.float64(0.5)}
2025-09-29 15:37:27 - Subject P3_sub-033: Sampled 10/80 trials
2025-09-29 15:37:27 -   Original distribution: {np.int64(0): np.float64(0.5), np.int64(1): np.float64(0.5)}
2025-09-29 15:37:27 -   Sampled distribution: {np.int64(0): np.float64(0.5), np.int64(1): np.float64(0.5)}
2025-09-29 15:37:28 - Subject P3_sub-034: Sampled 10/80 trials
2025-09-29 15:37:28 -   Original distribution: {np.int64(0): np.float64(0.5), np.int64(1): np.float64(0.5)}
2025-09-29 15:37:28 -   Sampled distribution: {np.int64(0): np.float64(0.5), np.int64(1): np.float64(0.5)}
2025-09-29 15:37:28 - Subject P3_sub-035: Sampled 10/78 trials
2025-09-29 15:37:28 -   Original distribution: {np.int64(0): np.float64(0.5), np.int64(1): np.float64(0.5)}
2025-09-29 15:37:28 -   Sampled distribution: {np.int64(0): np.float64(0.5), np.int64(1): np.float64(0.5)}
2025-09-29 15:37:28 - Subject P3_sub-036: Sampled 10/80 trials
2025-09-29 15:37:28 -   Original distribution: {np.int64(0): np.float64(0.5), np.int64(1): np.float64(0.5)}
2025-09-29 15:37:28 -   Sampled distribution: {np.int64(0): np.float64(0.5), np.int64(1): np.float64(0.5)}
2025-09-29 15:37:28 - Subject P3_sub-037: Sampled 10/78 trials
2025-09-29 15:37:28 -   Original distribution: {np.int64(0): np.float64(0.5), np.int64(1): np.float64(0.5)}
2025-09-29 15:37:28 -   Sampled distribution: {np.int64(0): np.float64(0.5), np.int64(1): np.float64(0.5)}
2025-09-29 15:37:28 - Subject P3_sub-038: Sampled 10/80 trials
2025-09-29 15:37:28 -   Original distribution: {np.int64(0): np.float64(0.5), np.int64(1): np.float64(0.5)}
2025-09-29 15:37:28 -   Sampled distribution: {np.int64(0): np.float64(0.5), np.int64(1): np.float64(0.5)}
2025-09-29 15:37:28 - Subject P3_sub-039: Sampled 10/80 trials
2025-09-29 15:37:28 -   Original distribution: {np.int64(0): np.float64(0.5), np.int64(1): np.float64(0.5)}
2025-09-29 15:37:28 -   Sampled distribution: {np.int64(0): np.float64(0.5), np.int64(1): np.float64(0.5)}
2025-09-29 15:37:29 - Subject P3_sub-040: Sampled 10/80 trials
2025-09-29 15:37:29 -   Original distribution: {np.int64(0): np.float64(0.5), np.int64(1): np.float64(0.5)}
2025-09-29 15:37:29 -   Sampled distribution: {np.int64(0): np.float64(0.5), np.int64(1): np.float64(0.5)}
2025-09-29 15:37:29 - Loading dataset for CV: AVO
2025-09-29 15:37:40 - Subject AVO_038: Sampled 80/100 trials
2025-09-29 15:37:40 -   Original distribution: {np.int64(0): np.float64(0.5), np.int64(1): np.float64(0.5)}
2025-09-29 15:37:40 -   Sampled distribution: {np.int64(0): np.float64(0.5), np.int64(1): np.float64(0.5)}
2025-09-29 15:37:40 - Subject AVO_032: Sampled 80/96 trials
2025-09-29 15:37:40 -   Original distribution: {np.int64(0): np.float64(0.5), np.int64(1): np.float64(0.5)}
2025-09-29 15:37:40 -   Sampled distribution: {np.int64(0): np.float64(0.5), np.int64(1): np.float64(0.5)}
2025-09-29 15:37:40 - Subject AVO_047: Sampled 80/94 trials
2025-09-29 15:37:40 -   Original distribution: {np.int64(0): np.float64(0.5), np.int64(1): np.float64(0.5)}
2025-09-29 15:37:40 -   Sampled distribution: {np.int64(0): np.float64(0.5), np.int64(1): np.float64(0.5)}
2025-09-29 15:37:40 - Subject AVO_024: Sampled 80/92 trials
2025-09-29 15:37:40 -   Original distribution: {np.int64(0): np.float64(0.5), np.int64(1): np.float64(0.5)}
2025-09-29 15:37:40 -   Sampled distribution: {np.int64(0): np.float64(0.5), np.int64(1): np.float64(0.5)}
2025-09-29 15:37:40 - Subject AVO_003: Sampled 80/88 trials
2025-09-29 15:37:40 -   Original distribution: {np.int64(0): np.float64(0.5), np.int64(1): np.float64(0.5)}
2025-09-29 15:37:40 -   Sampled distribution: {np.int64(0): np.float64(0.5), np.int64(1): np.float64(0.5)}
2025-09-29 15:37:40 - Subject AVO_031: Sampled 80/88 trials
2025-09-29 15:37:40 -   Original distribution: {np.int64(0): np.float64(0.5), np.int64(1): np.float64(0.5)}
2025-09-29 15:37:40 -   Sampled distribution: {np.int64(0): np.float64(0.5), np.int64(1): np.float64(0.5)}
2025-09-29 15:37:40 - Subject AVO_035: Sampled 80/88 trials
2025-09-29 15:37:40 -   Original distribution: {np.int64(0): np.float64(0.5), np.int64(1): np.float64(0.5)}
2025-09-29 15:37:40 -   Sampled distribution: {np.int64(0): np.float64(0.5), np.int64(1): np.float64(0.5)}
2025-09-29 15:37:41 - Subject AVO_048: Sampled 80/88 trials
2025-09-29 15:37:41 -   Original distribution: {np.int64(0): np.float64(0.5), np.int64(1): np.float64(0.5)}
2025-09-29 15:37:41 -   Sampled distribution: {np.int64(0): np.float64(0.5), np.int64(1): np.float64(0.5)}
2025-09-29 15:37:41 - Subject AVO_037: Sampled 80/86 trials
2025-09-29 15:37:41 -   Original distribution: {np.int64(0): np.float64(0.5), np.int64(1): np.float64(0.5)}
2025-09-29 15:37:41 -   Sampled distribution: {np.int64(0): np.float64(0.5), np.int64(1): np.float64(0.5)}
2025-09-29 15:37:41 - Subject AVO_041: Sampled 80/86 trials
2025-09-29 15:37:41 -   Original distribution: {np.int64(0): np.float64(0.5), np.int64(1): np.float64(0.5)}
2025-09-29 15:37:41 -   Sampled distribution: {np.int64(0): np.float64(0.5), np.int64(1): np.float64(0.5)}
2025-09-29 15:37:41 - Subject AVO_004: Sampled 80/84 trials
2025-09-29 15:37:41 -   Original distribution: {np.int64(0): np.float64(0.5), np.int64(1): np.float64(0.5)}
2025-09-29 15:37:41 -   Sampled distribution: {np.int64(0): np.float64(0.5), np.int64(1): np.float64(0.5)}
2025-09-29 15:37:41 - Subject AVO_029: Sampled 80/84 trials
2025-09-29 15:37:41 -   Original distribution: {np.int64(0): np.float64(0.5), np.int64(1): np.float64(0.5)}
2025-09-29 15:37:41 -   Sampled distribution: {np.int64(0): np.float64(0.5), np.int64(1): np.float64(0.5)}
2025-09-29 15:37:41 - Subject AVO_036: Sampled 80/84 trials
2025-09-29 15:37:41 -   Original distribution: {np.int64(0): np.float64(0.5), np.int64(1): np.float64(0.5)}
2025-09-29 15:37:41 -   Sampled distribution: {np.int64(0): np.float64(0.5), np.int64(1): np.float64(0.5)}
2025-09-29 15:37:41 - Subject AVO_040: Sampled 80/84 trials
2025-09-29 15:37:41 -   Original distribution: {np.int64(0): np.float64(0.5), np.int64(1): np.float64(0.5)}
2025-09-29 15:37:41 -   Sampled distribution: {np.int64(0): np.float64(0.5), np.int64(1): np.float64(0.5)}
2025-09-29 15:37:41 - Subject AVO_051: Sampled 80/84 trials
2025-09-29 15:37:41 -   Original distribution: {np.int64(0): np.float64(0.5), np.int64(1): np.float64(0.5)}
2025-09-29 15:37:41 -   Sampled distribution: {np.int64(0): np.float64(0.5), np.int64(1): np.float64(0.5)}
2025-09-29 15:37:41 - Subject AVO_026: Sampled 80/82 trials
2025-09-29 15:37:41 -   Original distribution: {np.int64(0): np.float64(0.5), np.int64(1): np.float64(0.5)}
2025-09-29 15:37:41 -   Sampled distribution: {np.int64(0): np.float64(0.5), np.int64(1): np.float64(0.5)}
2025-09-29 15:37:42 - Subject AVO_028: Sampled 80/82 trials
2025-09-29 15:37:42 -   Original distribution: {np.int64(0): np.float64(0.5), np.int64(1): np.float64(0.5)}
2025-09-29 15:37:42 -   Sampled distribution: {np.int64(0): np.float64(0.5), np.int64(1): np.float64(0.5)}
2025-09-29 15:37:44 - Combined dataset summary: total=3450, P3=400, AVO=3050
2025-09-29 15:37:44 - Repeat 1/5
2025-09-29 15:37:44 -   Fold 1/5
