2025-10-02 23:52:02 - 
==================================================
2025-10-02 23:52:02 - TF-DWT Joint Training (Auto-Adjusted)
2025-10-02 23:52:02 - ==================================================
2025-10-02 23:52:02 - 
Experiment Configuration:
2025-10-02 23:52:02 - --------------------------------------------------
2025-10-02 23:52:02 - electrode_list: all
2025-10-02 23:52:02 - fusion_method: none
2025-10-02 23:52:02 - domain_adaptation: none
2025-10-02 23:52:02 - use_enhanced_preprocessing: True
2025-10-02 23:52:02 - batch_size: 32
2025-10-02 23:52:02 - max_epochs: 1000
2025-10-02 23:52:02 - learning_rate: 0.003
2025-10-02 23:52:02 - weight_decay: 0.0005
2025-10-02 23:52:02 - dropout_rate: 0.1
2025-10-02 23:52:02 - use_data_augmentation: True
2025-10-02 23:52:02 - noise_std: 0.005
2025-10-02 23:52:02 - time_shift_range: 5
2025-10-02 23:52:02 - label_smoothing: 0.05
2025-10-02 23:52:02 - trials_per_subject_P3: 10
2025-10-02 23:52:02 - trials_per_subject_AVO: 80
2025-10-02 23:52:02 - train/val/test: (0.7, 0.1, 0.2)
2025-10-02 23:52:02 - device_mode: cuda
2025-10-02 23:52:02 - --------------------------------------------------
2025-10-02 23:52:02 - 
==================================================
2025-10-02 23:52:02 - Running Nested Cross-Validation with TF-DWT
2025-10-02 23:52:02 - ==================================================
2025-10-02 23:52:02 - Loading dataset for CV: P3
2025-10-02 23:52:03 - Subject P3_sub-001: Sampled 10/80 trials
2025-10-02 23:52:03 -   Original distribution: {0: 0.5, 1: 0.5}
2025-10-02 23:52:03 -   Sampled distribution: {0: 0.5, 1: 0.5}
2025-10-02 23:52:03 - Subject P3_sub-002: Sampled 10/80 trials
2025-10-02 23:52:03 -   Original distribution: {0: 0.5, 1: 0.5}
2025-10-02 23:52:03 -   Sampled distribution: {0: 0.5, 1: 0.5}
2025-10-02 23:52:03 - Subject P3_sub-003: Sampled 10/80 trials
2025-10-02 23:52:03 -   Original distribution: {0: 0.5, 1: 0.5}
2025-10-02 23:52:03 -   Sampled distribution: {0: 0.5, 1: 0.5}
2025-10-02 23:52:03 - Subject P3_sub-004: Sampled 10/78 trials
2025-10-02 23:52:03 -   Original distribution: {0: 0.5, 1: 0.5}
2025-10-02 23:52:03 -   Sampled distribution: {0: 0.5, 1: 0.5}
2025-10-02 23:52:04 - Subject P3_sub-005: Sampled 10/80 trials
2025-10-02 23:52:04 -   Original distribution: {0: 0.5, 1: 0.5}
2025-10-02 23:52:04 -   Sampled distribution: {0: 0.5, 1: 0.5}
2025-10-02 23:52:04 - Subject P3_sub-006: Sampled 10/80 trials
2025-10-02 23:52:04 -   Original distribution: {0: 0.5, 1: 0.5}
2025-10-02 23:52:04 -   Sampled distribution: {0: 0.5, 1: 0.5}
2025-10-02 23:52:04 - Subject P3_sub-007: Sampled 10/80 trials
2025-10-02 23:52:04 -   Original distribution: {0: 0.5, 1: 0.5}
2025-10-02 23:52:04 -   Sampled distribution: {0: 0.5, 1: 0.5}
2025-10-02 23:52:04 - Subject P3_sub-008: Sampled 10/80 trials
2025-10-02 23:52:04 -   Original distribution: {0: 0.5, 1: 0.5}
2025-10-02 23:52:04 -   Sampled distribution: {0: 0.5, 1: 0.5}
2025-10-02 23:52:04 - Subject P3_sub-009: Sampled 10/80 trials
2025-10-02 23:52:04 -   Original distribution: {0: 0.5, 1: 0.5}
2025-10-02 23:52:04 -   Sampled distribution: {0: 0.5, 1: 0.5}
2025-10-02 23:52:05 - Subject P3_sub-010: Sampled 10/80 trials
2025-10-02 23:52:05 -   Original distribution: {0: 0.5, 1: 0.5}
2025-10-02 23:52:05 -   Sampled distribution: {0: 0.5, 1: 0.5}
2025-10-02 23:52:05 - Subject P3_sub-011: Sampled 10/80 trials
2025-10-02 23:52:05 -   Original distribution: {0: 0.5, 1: 0.5}
2025-10-02 23:52:05 -   Sampled distribution: {0: 0.5, 1: 0.5}
2025-10-02 23:52:05 - Subject P3_sub-012: Sampled 10/78 trials
2025-10-02 23:52:05 -   Original distribution: {0: 0.5, 1: 0.5}
2025-10-02 23:52:05 -   Sampled distribution: {0: 0.5, 1: 0.5}
2025-10-02 23:52:05 - Subject P3_sub-013: Sampled 10/80 trials
2025-10-02 23:52:05 -   Original distribution: {0: 0.5, 1: 0.5}
2025-10-02 23:52:05 -   Sampled distribution: {0: 0.5, 1: 0.5}
2025-10-02 23:52:05 - Subject P3_sub-014: Sampled 10/80 trials
2025-10-02 23:52:05 -   Original distribution: {0: 0.5, 1: 0.5}
2025-10-02 23:52:05 -   Sampled distribution: {0: 0.5, 1: 0.5}
2025-10-02 23:52:06 - Subject P3_sub-015: Sampled 10/80 trials
2025-10-02 23:52:06 -   Original distribution: {0: 0.5, 1: 0.5}
2025-10-02 23:52:06 -   Sampled distribution: {0: 0.5, 1: 0.5}
2025-10-02 23:52:06 - Subject P3_sub-016: Sampled 10/80 trials
2025-10-02 23:52:06 -   Original distribution: {0: 0.5, 1: 0.5}
2025-10-02 23:52:06 -   Sampled distribution: {0: 0.5, 1: 0.5}
2025-10-02 23:52:06 - Subject P3_sub-017: Sampled 10/80 trials
2025-10-02 23:52:06 -   Original distribution: {0: 0.5, 1: 0.5}
2025-10-02 23:52:06 -   Sampled distribution: {0: 0.5, 1: 0.5}
2025-10-02 23:52:06 - Subject P3_sub-018: Sampled 10/80 trials
2025-10-02 23:52:06 -   Original distribution: {0: 0.5, 1: 0.5}
2025-10-02 23:52:06 -   Sampled distribution: {0: 0.5, 1: 0.5}
2025-10-02 23:52:06 - Subject P3_sub-019: Sampled 10/80 trials
2025-10-02 23:52:06 -   Original distribution: {0: 0.5, 1: 0.5}
2025-10-02 23:52:06 -   Sampled distribution: {0: 0.5, 1: 0.5}
2025-10-02 23:52:07 - Subject P3_sub-020: Sampled 10/78 trials
2025-10-02 23:52:07 -   Original distribution: {0: 0.5, 1: 0.5}
2025-10-02 23:52:07 -   Sampled distribution: {0: 0.5, 1: 0.5}
2025-10-02 23:52:07 - Subject P3_sub-021: Sampled 10/80 trials
2025-10-02 23:52:07 -   Original distribution: {0: 0.5, 1: 0.5}
2025-10-02 23:52:07 -   Sampled distribution: {0: 0.5, 1: 0.5}
2025-10-02 23:52:07 - Subject P3_sub-022: Sampled 10/80 trials
2025-10-02 23:52:07 -   Original distribution: {0: 0.5, 1: 0.5}
2025-10-02 23:52:07 -   Sampled distribution: {0: 0.5, 1: 0.5}
2025-10-02 23:52:07 - Subject P3_sub-023: Sampled 10/78 trials
2025-10-02 23:52:07 -   Original distribution: {0: 0.5, 1: 0.5}
2025-10-02 23:52:07 -   Sampled distribution: {0: 0.5, 1: 0.5}
2025-10-02 23:52:07 - Subject P3_sub-024: Sampled 10/80 trials
2025-10-02 23:52:07 -   Original distribution: {0: 0.5, 1: 0.5}
2025-10-02 23:52:07 -   Sampled distribution: {0: 0.5, 1: 0.5}
2025-10-02 23:52:08 - Subject P3_sub-025: Sampled 10/80 trials
2025-10-02 23:52:08 -   Original distribution: {0: 0.5, 1: 0.5}
2025-10-02 23:52:08 -   Sampled distribution: {0: 0.5, 1: 0.5}
2025-10-02 23:52:08 - Subject P3_sub-026: Sampled 10/80 trials
2025-10-02 23:52:08 -   Original distribution: {0: 0.5, 1: 0.5}
2025-10-02 23:52:08 -   Sampled distribution: {0: 0.5, 1: 0.5}
2025-10-02 23:52:08 - Subject P3_sub-027: Sampled 10/80 trials
2025-10-02 23:52:08 -   Original distribution: {0: 0.5, 1: 0.5}
2025-10-02 23:52:08 -   Sampled distribution: {0: 0.5, 1: 0.5}
2025-10-02 23:52:08 - Subject P3_sub-028: Sampled 10/80 trials
2025-10-02 23:52:08 -   Original distribution: {0: 0.5, 1: 0.5}
2025-10-02 23:52:08 -   Sampled distribution: {0: 0.5, 1: 0.5}
2025-10-02 23:52:08 - Subject P3_sub-029: Sampled 10/80 trials
2025-10-02 23:52:08 -   Original distribution: {0: 0.5, 1: 0.5}
2025-10-02 23:52:08 -   Sampled distribution: {0: 0.5, 1: 0.5}
2025-10-02 23:52:09 - Subject P3_sub-030: Sampled 10/80 trials
2025-10-02 23:52:09 -   Original distribution: {0: 0.5, 1: 0.5}
2025-10-02 23:52:09 -   Sampled distribution: {0: 0.5, 1: 0.5}
2025-10-02 23:52:09 - Subject P3_sub-031: Sampled 10/80 trials
2025-10-02 23:52:09 -   Original distribution: {0: 0.5, 1: 0.5}
2025-10-02 23:52:09 -   Sampled distribution: {0: 0.5, 1: 0.5}
2025-10-02 23:52:09 - Subject P3_sub-032: Sampled 10/80 trials
2025-10-02 23:52:09 -   Original distribution: {0: 0.5, 1: 0.5}
2025-10-02 23:52:09 -   Sampled distribution: {0: 0.5, 1: 0.5}
2025-10-02 23:52:09 - Subject P3_sub-033: Sampled 10/80 trials
2025-10-02 23:52:09 -   Original distribution: {0: 0.5, 1: 0.5}
2025-10-02 23:52:09 -   Sampled distribution: {0: 0.5, 1: 0.5}
2025-10-02 23:52:09 - Subject P3_sub-034: Sampled 10/80 trials
2025-10-02 23:52:09 -   Original distribution: {0: 0.5, 1: 0.5}
2025-10-02 23:52:09 -   Sampled distribution: {0: 0.5, 1: 0.5}
2025-10-02 23:52:09 - Subject P3_sub-035: Sampled 10/78 trials
2025-10-02 23:52:09 -   Original distribution: {0: 0.5, 1: 0.5}
2025-10-02 23:52:09 -   Sampled distribution: {0: 0.5, 1: 0.5}
2025-10-02 23:52:10 - Subject P3_sub-036: Sampled 10/80 trials
2025-10-02 23:52:10 -   Original distribution: {0: 0.5, 1: 0.5}
2025-10-02 23:52:10 -   Sampled distribution: {0: 0.5, 1: 0.5}
2025-10-02 23:52:10 - Subject P3_sub-037: Sampled 10/78 trials
2025-10-02 23:52:10 -   Original distribution: {0: 0.5, 1: 0.5}
2025-10-02 23:52:10 -   Sampled distribution: {0: 0.5, 1: 0.5}
2025-10-02 23:52:10 - Subject P3_sub-038: Sampled 10/80 trials
2025-10-02 23:52:10 -   Original distribution: {0: 0.5, 1: 0.5}
2025-10-02 23:52:10 -   Sampled distribution: {0: 0.5, 1: 0.5}
2025-10-02 23:52:10 - Subject P3_sub-039: Sampled 10/80 trials
2025-10-02 23:52:10 -   Original distribution: {0: 0.5, 1: 0.5}
2025-10-02 23:52:10 -   Sampled distribution: {0: 0.5, 1: 0.5}
2025-10-02 23:52:11 - Subject P3_sub-040: Sampled 10/80 trials
2025-10-02 23:52:11 -   Original distribution: {0: 0.5, 1: 0.5}
2025-10-02 23:52:11 -   Sampled distribution: {0: 0.5, 1: 0.5}
2025-10-02 23:52:11 - Loading dataset for CV: AVO
2025-10-02 23:52:28 - Subject AVO_038: Sampled 80/100 trials
2025-10-02 23:52:28 -   Original distribution: {0: 0.5, 1: 0.5}
2025-10-02 23:52:28 -   Sampled distribution: {0: 0.5, 1: 0.5}
2025-10-02 23:52:28 - Subject AVO_032: Sampled 80/96 trials
2025-10-02 23:52:28 -   Original distribution: {0: 0.5, 1: 0.5}
2025-10-02 23:52:28 -   Sampled distribution: {0: 0.5, 1: 0.5}
2025-10-02 23:52:28 - Subject AVO_024: Sampled 80/92 trials
2025-10-02 23:52:28 -   Original distribution: {0: 0.5, 1: 0.5}
2025-10-02 23:52:28 -   Sampled distribution: {0: 0.5, 1: 0.5}
2025-10-02 23:52:28 - Subject AVO_047: Sampled 80/92 trials
2025-10-02 23:52:28 -   Original distribution: {0: 0.5, 1: 0.5}
2025-10-02 23:52:28 -   Sampled distribution: {0: 0.5, 1: 0.5}
2025-10-02 23:52:28 - Subject AVO_003: Sampled 80/88 trials
2025-10-02 23:52:28 -   Original distribution: {0: 0.5, 1: 0.5}
2025-10-02 23:52:28 -   Sampled distribution: {0: 0.5, 1: 0.5}
2025-10-02 23:52:29 - Subject AVO_031: Sampled 80/88 trials
2025-10-02 23:52:29 -   Original distribution: {0: 0.5, 1: 0.5}
2025-10-02 23:52:29 -   Sampled distribution: {0: 0.5, 1: 0.5}
2025-10-02 23:52:29 - Subject AVO_035: Sampled 80/88 trials
2025-10-02 23:52:29 -   Original distribution: {0: 0.5, 1: 0.5}
2025-10-02 23:52:29 -   Sampled distribution: {0: 0.5, 1: 0.5}
2025-10-02 23:52:29 - Subject AVO_048: Sampled 80/88 trials
2025-10-02 23:52:29 -   Original distribution: {0: 0.5, 1: 0.5}
2025-10-02 23:52:29 -   Sampled distribution: {0: 0.5, 1: 0.5}
2025-10-02 23:52:29 - Subject AVO_037: Sampled 80/86 trials
2025-10-02 23:52:29 -   Original distribution: {0: 0.5, 1: 0.5}
2025-10-02 23:52:29 -   Sampled distribution: {0: 0.5, 1: 0.5}
2025-10-02 23:52:29 - Subject AVO_041: Sampled 80/86 trials
2025-10-02 23:52:29 -   Original distribution: {0: 0.5, 1: 0.5}
2025-10-02 23:52:29 -   Sampled distribution: {0: 0.5, 1: 0.5}
2025-10-02 23:52:30 - Subject AVO_004: Sampled 80/84 trials
2025-10-02 23:52:30 -   Original distribution: {0: 0.5, 1: 0.5}
2025-10-02 23:52:30 -   Sampled distribution: {0: 0.5, 1: 0.5}
2025-10-02 23:52:30 - Subject AVO_028: Sampled 80/84 trials
2025-10-02 23:52:30 -   Original distribution: {0: 0.5, 1: 0.5}
2025-10-02 23:52:30 -   Sampled distribution: {0: 0.5, 1: 0.5}
2025-10-02 23:52:30 - Subject AVO_029: Sampled 80/84 trials
2025-10-02 23:52:30 -   Original distribution: {0: 0.5, 1: 0.5}
2025-10-02 23:52:30 -   Sampled distribution: {0: 0.5, 1: 0.5}
2025-10-02 23:52:30 - Subject AVO_036: Sampled 80/84 trials
2025-10-02 23:52:30 -   Original distribution: {0: 0.5, 1: 0.5}
2025-10-02 23:52:30 -   Sampled distribution: {0: 0.5, 1: 0.5}
2025-10-02 23:52:30 - Subject AVO_040: Sampled 80/84 trials
2025-10-02 23:52:30 -   Original distribution: {0: 0.5, 1: 0.5}
2025-10-02 23:52:30 -   Sampled distribution: {0: 0.5, 1: 0.5}
2025-10-02 23:52:31 - Subject AVO_051: Sampled 80/84 trials
2025-10-02 23:52:31 -   Original distribution: {0: 0.5, 1: 0.5}
2025-10-02 23:52:31 -   Sampled distribution: {0: 0.5, 1: 0.5}
2025-10-02 23:52:31 - Subject AVO_021: Sampled 80/82 trials
2025-10-02 23:52:31 -   Original distribution: {0: 0.5, 1: 0.5}
2025-10-02 23:52:31 -   Sampled distribution: {0: 0.5, 1: 0.5}
2025-10-02 23:52:37 - Combined dataset summary: total=3448, P3=400, AVO=3048
2025-10-02 23:52:37 - Repeat 1/5
2025-10-02 23:52:37 -   Fold 1/5
2025-10-02 23:52:37 - Fold domains: small=P3 (n=284), large=AVO (n=2129)
2025-10-02 23:52:37 - Auto adjustments (PROTOTYPE-BASED): w_small≈8.214, lambda_MMD=0.400, lambda_proto=0.800, warmup=40
2025-10-02 23:52:37 - Epoch 1/1000 | LR=0.003000 | w_AVO=1.000 | w_P3=1.180 | λ_MMD=0.010 | λ_proto=0.020
2025-10-02 23:53:05 - Epoch Summary: TrainLoss=0.9589 | TrainAcc=0.563 | Val(P3)=0.588 | Val(AVO)=0.653
2025-10-02 23:53:05 - New best P3-val; checkpoint updated
2025-10-02 23:53:05 - Epoch 2/1000 | LR=0.003000 | w_AVO=1.000 | w_P3=1.361 | λ_MMD=0.020 | λ_proto=0.040
2025-10-02 23:53:32 - Epoch Summary: TrainLoss=0.8261 | TrainAcc=0.596 | Val(P3)=0.676 | Val(AVO)=0.650
2025-10-02 23:53:32 - New best P3-val; checkpoint updated
2025-10-02 23:53:32 - Epoch 3/1000 | LR=0.003000 | w_AVO=1.000 | w_P3=1.541 | λ_MMD=0.030 | λ_proto=0.060
2025-10-02 23:53:59 - Epoch Summary: TrainLoss=0.8018 | TrainAcc=0.625 | Val(P3)=0.647 | Val(AVO)=0.650
2025-10-02 23:53:59 - No P3-val improvement; patience remaining: 149/150
2025-10-02 23:53:59 - Epoch 4/1000 | LR=0.003000 | w_AVO=1.000 | w_P3=1.721 | λ_MMD=0.040 | λ_proto=0.080
