2025-08-26 13:56:33 - 
Experiment Configuration:
2025-08-26 13:56:33 - --------------------------------------------------
2025-08-26 13:56:33 - dataset: ds005863
2025-08-26 13:56:33 - use_combined_datasets: False
2025-08-26 13:56:33 - electrode_list: all
2025-08-26 13:56:33 - classifier: lda
2025-08-26 13:56:33 - separate_subject_classification: True
2025-08-26 13:56:33 - use_subject_layer: True
2025-08-26 13:56:33 - seeds: [1]
2025-08-26 13:56:33 - --------------------------------------------------
2025-08-26 13:56:33 - 
==================================================
2025-08-26 13:56:33 - Processing Active Visual Oddball Dataset
2025-08-26 13:56:33 - ==================================================
2025-08-26 13:56:36 - Subject: sub-001, Accuracy: 85.714%
2025-08-26 13:56:36 - Subject: sub-002, Accuracy: 90.476%
2025-08-26 13:56:47 - Subject: sub-003, Accuracy: 88.095%
2025-08-26 13:56:48 - Subject: sub-004, Accuracy: 90.476%
2025-08-26 13:56:48 - Subject: sub-005, Accuracy: 92.857%
2025-08-26 13:56:49 - Subject: sub-006, Accuracy: 85.714%
2025-08-26 13:56:53 - Subject: sub-007, Accuracy: 92.857%
2025-08-26 13:56:54 - Subject: sub-008, Accuracy: 80.952%
2025-08-26 13:56:57 - Subject: sub-009, Accuracy: 83.333%
2025-08-26 13:56:57 - Subject: sub-010, Accuracy: 83.333%
2025-08-26 13:56:58 - Subject: sub-011, Accuracy: 92.857%
2025-08-26 13:57:02 - Subject: sub-012, Accuracy: 92.857%
2025-08-26 13:57:03 - Subject: sub-013, Accuracy: 92.857%
2025-08-26 13:57:03 - Subject: sub-014, Accuracy: 88.095%
2025-08-26 13:57:04 - Subject: sub-015, Accuracy: 83.333%
2025-08-26 13:57:05 - Subject: sub-016, Accuracy: 88.095%
2025-08-26 13:57:05 - Subject: sub-017, Accuracy: 92.857%
2025-08-26 13:57:06 - Subject: sub-018, Accuracy: 88.095%
2025-08-26 13:57:06 - Subject: sub-019, Accuracy: 78.571%
2025-08-26 13:57:06 - Subject: sub-020, Accuracy: 88.095%
2025-08-26 13:57:07 - Subject: sub-021, Accuracy: 85.714%
2025-08-26 13:57:07 - Subject: sub-022, Accuracy: 90.476%
2025-08-26 13:57:08 - Subject: sub-023, Accuracy: 88.095%
2025-08-26 13:57:08 - Subject: sub-024, Accuracy: 90.476%
2025-08-26 13:57:09 - Subject: sub-025, Accuracy: 88.095%
2025-08-26 13:57:09 - Subject: sub-026, Accuracy: 83.333%
2025-08-26 13:57:10 - Subject: sub-027, Accuracy: 69.048%
2025-08-26 13:57:10 - Subject: sub-028, Accuracy: 90.476%
2025-08-26 13:57:10 - Subject: sub-029, Accuracy: 85.714%
2025-08-26 13:57:15 - Subject: sub-030, Accuracy: 85.714%
2025-08-26 13:57:16 - Subject: sub-031, Accuracy: 95.238%
2025-08-26 13:57:16 - Subject: sub-032, Accuracy: 92.857%
2025-08-26 13:57:16 - Subject: sub-033, Accuracy: 90.476%
2025-08-26 13:57:17 - Subject: sub-034, Accuracy: 83.333%
2025-08-26 13:57:17 - Subject: sub-035, Accuracy: 76.190%
2025-08-26 13:57:18 - Subject: sub-036, Accuracy: 92.857%
2025-08-26 13:57:18 - Subject: sub-037, Accuracy: 88.095%
2025-08-26 13:57:19 - Subject: sub-038, Accuracy: 90.476%
2025-08-26 13:57:19 - Subject: sub-039, Accuracy: 88.095%
2025-08-26 13:57:22 - Subject: sub-040, Accuracy: 88.095%
2025-08-26 13:57:23 - Subject: sub-041, Accuracy: 90.476%
2025-08-26 13:57:23 - Subject: sub-042, Accuracy: 80.952%
2025-08-26 13:57:24 - Subject: sub-043, Accuracy: 92.857%
2025-08-26 13:57:24 - Subject: sub-044, Accuracy: 88.095%
2025-08-26 13:57:25 - Subject: sub-045, Accuracy: 90.476%
2025-08-26 13:57:25 - Subject: sub-046, Accuracy: 85.714%
2025-08-26 13:57:26 - Subject: sub-047, Accuracy: 90.476%
2025-08-26 13:57:26 - Subject: sub-048, Accuracy: 88.095%
2025-08-26 13:57:27 - Subject: sub-049, Accuracy: 85.714%
2025-08-26 13:57:28 - Subject: sub-050, Accuracy: 90.476%
2025-08-26 13:57:28 - Subject: sub-051, Accuracy: 85.714%
2025-08-26 13:57:29 - Subject: sub-052, Accuracy: 90.476%
2025-08-26 13:57:29 - Subject: sub-053, Accuracy: 83.333%
2025-08-26 13:57:29 - Subject: sub-054, Accuracy: 80.000%
2025-08-26 13:57:30 - Subject: sub-055, Accuracy: 92.105%
2025-08-26 13:57:30 - Subject: sub-056, Accuracy: 88.095%
2025-08-26 13:57:30 - 
Error in Active Visual Oddball - Subject sub-057:
2025-08-26 13:57:30 - [Errno 2] No such file or directory: '/home/vivian/eeg/ds005863/sub-057/eeg/COCOA_070_VO.vmrk'
2025-08-26 13:57:30 - 
Error in Active Visual Oddball - Subject sub-058:
2025-08-26 13:57:30 - [Errno 2] No such file or directory: '/home/vivian/eeg/ds005863/sub-058/eeg/COCOA_071_VO.vmrk'
2025-08-26 13:57:30 - 
Error in Active Visual Oddball - Subject sub-059:
2025-08-26 13:57:30 - [Errno 2] No such file or directory: '/home/vivian/eeg/ds005863/sub-059/eeg/COCOA_072_VO.vmrk'
2025-08-26 13:57:30 - 
Error in Active Visual Oddball - Subject sub-060:
2025-08-26 13:57:30 - [Errno 2] No such file or directory: '/home/vivian/eeg/ds005863/sub-060/eeg/COCOA_073_VO.vmrk'
2025-08-26 13:57:30 - 
Error in Active Visual Oddball - Subject sub-061:
2025-08-26 13:57:30 - [Errno 2] No such file or directory: '/home/vivian/eeg/ds005863/sub-061/eeg/COCOA_074_VO.vmrk'
2025-08-26 13:57:30 - 
Error in Active Visual Oddball - Subject sub-062:
2025-08-26 13:57:30 - [Errno 2] No such file or directory: '/home/vivian/eeg/ds005863/sub-062/eeg/COCOA_075_VO.vmrk'
2025-08-26 13:57:30 - 
Error in Active Visual Oddball - Subject sub-063:
2025-08-26 13:57:30 - [Errno 2] No such file or directory: '/home/vivian/eeg/ds005863/sub-063/eeg/COCOA_076_VO.vmrk'
2025-08-26 13:57:30 - 
Error in Active Visual Oddball - Subject sub-064:
2025-08-26 13:57:30 - [Errno 2] No such file or directory: '/home/vivian/eeg/ds005863/sub-064/eeg/COCOA_077_VO.vmrk'
2025-08-26 13:57:30 - 
Error in Active Visual Oddball - Subject sub-065:
2025-08-26 13:57:30 - [Errno 2] No such file or directory: '/home/vivian/eeg/ds005863/sub-065/eeg/COCOA_078_VO.vmrk'
2025-08-26 13:57:30 - 
Error in Active Visual Oddball - Subject sub-066:
2025-08-26 13:57:30 - [Errno 2] No such file or directory: '/home/vivian/eeg/ds005863/sub-066/eeg/COCOA_079_VO.vmrk'
2025-08-26 13:57:30 - 
Error in Active Visual Oddball - Subject sub-067:
2025-08-26 13:57:30 - [Errno 2] No such file or directory: '/home/vivian/eeg/ds005863/sub-067/eeg/COCOA_080_VO.vmrk'
2025-08-26 13:57:30 - 
Error in Active Visual Oddball - Subject sub-068:
2025-08-26 13:57:30 - [Errno 2] No such file or directory: '/home/vivian/eeg/ds005863/sub-068/eeg/COCOA_081_VO.vmrk'
2025-08-26 13:57:30 - 
Error in Active Visual Oddball - Subject sub-069:
2025-08-26 13:57:30 - [Errno 2] No such file or directory: '/home/vivian/eeg/ds005863/sub-069/eeg/COCOA_082_VO.vmrk'
2025-08-26 13:57:30 - 
Error in Active Visual Oddball - Subject sub-070:
2025-08-26 13:57:30 - [Errno 2] No such file or directory: '/home/vivian/eeg/ds005863/sub-070/eeg/COCOA_083_VO.vmrk'
2025-08-26 13:57:30 - 
Error in Active Visual Oddball - Subject sub-071:
2025-08-26 13:57:30 - [Errno 2] No such file or directory: '/home/vivian/eeg/ds005863/sub-071/eeg/COCOA_084_VO.vmrk'
2025-08-26 13:57:30 - 
Error in Active Visual Oddball - Subject sub-073:
2025-08-26 13:57:30 - [Errno 2] No such file or directory: '/home/vivian/eeg/ds005863/sub-073/eeg/COCOA_086_VO.vmrk'
2025-08-26 13:57:30 - 
Error in Active Visual Oddball - Subject sub-074:
2025-08-26 13:57:30 - [Errno 2] No such file or directory: '/home/vivian/eeg/ds005863/sub-074/eeg/COCOA_087_VO.vmrk'
2025-08-26 13:57:30 - 
Error in Active Visual Oddball - Subject sub-075:
2025-08-26 13:57:30 - [Errno 2] No such file or directory: '/home/vivian/eeg/ds005863/sub-075/eeg/COCOA_088_VO.vmrk'
2025-08-26 13:57:30 - 
Error in Active Visual Oddball - Subject sub-076:
2025-08-26 13:57:30 - [Errno 2] No such file or directory: '/home/vivian/eeg/ds005863/sub-076/eeg/COCOA_089_VO.vmrk'
2025-08-26 13:57:30 - 
Error in Active Visual Oddball - Subject sub-077:
2025-08-26 13:57:30 - [Errno 2] No such file or directory: '/home/vivian/eeg/ds005863/sub-077/eeg/COCOA_090_VO.vmrk'
2025-08-26 13:57:31 - Subject: sub-078, Accuracy: 85.714%
2025-08-26 13:57:31 - Subject: sub-079, Accuracy: 83.333%
2025-08-26 13:57:32 - Subject: sub-080, Accuracy: 83.333%
2025-08-26 13:57:34 - Subject: sub-081, Accuracy: 90.476%
2025-08-26 13:57:38 - Subject: sub-082, Accuracy: 80.952%
2025-08-26 13:57:41 - Subject: sub-083, Accuracy: 90.476%
2025-08-26 13:57:46 - Subject: sub-111, Accuracy: 90.476%
2025-08-26 13:57:46 - Subject: sub-112, Accuracy: 83.333%
2025-08-26 13:57:47 - Subject: sub-113, Accuracy: 92.500%
2025-08-26 13:57:49 - Subject: sub-114, Accuracy: 90.000%
2025-08-26 13:57:49 - Subject: sub-115, Accuracy: 87.500%
2025-08-26 13:57:50 - Subject: sub-116, Accuracy: 92.500%
2025-08-26 13:57:50 - Subject: sub-117, Accuracy: 85.000%
2025-08-26 13:57:51 - Subject: sub-118, Accuracy: 92.500%
2025-08-26 13:57:52 - Subject: sub-119, Accuracy: 85.000%
2025-08-26 13:57:57 - Subject: sub-120, Accuracy: 85.000%
2025-08-26 13:57:59 - Subject: sub-121, Accuracy: 80.000%
2025-08-26 13:58:03 - Subject: sub-122, Accuracy: 82.500%
2025-08-26 13:58:03 - Subject: sub-123, Accuracy: 82.500%
2025-08-26 13:58:09 - Subject: sub-124, Accuracy: 88.095%
2025-08-26 13:58:12 - Subject: sub-125, Accuracy: 90.476%
2025-08-26 13:58:13 - Subject: sub-127, Accuracy: 87.500%
2025-08-26 13:58:13 - Subject: sub-001, Accuracy: 85.714%
2025-08-26 13:58:13 - Subject: sub-002, Accuracy: 90.476%
2025-08-26 13:58:13 - Subject: sub-003, Accuracy: 88.095%
2025-08-26 13:58:13 - Subject: sub-004, Accuracy: 90.476%
2025-08-26 13:58:13 - Subject: sub-005, Accuracy: 92.857%
2025-08-26 13:58:13 - Subject: sub-006, Accuracy: 85.714%
2025-08-26 13:58:13 - Subject: sub-007, Accuracy: 92.857%
2025-08-26 13:58:13 - Subject: sub-008, Accuracy: 80.952%
2025-08-26 13:58:13 - Subject: sub-009, Accuracy: 83.333%
2025-08-26 13:58:13 - Subject: sub-010, Accuracy: 83.333%
2025-08-26 13:58:13 - Subject: sub-011, Accuracy: 92.857%
2025-08-26 13:58:13 - Subject: sub-012, Accuracy: 92.857%
2025-08-26 13:58:13 - Subject: sub-013, Accuracy: 92.857%
2025-08-26 13:58:13 - Subject: sub-014, Accuracy: 88.095%
2025-08-26 13:58:13 - Subject: sub-015, Accuracy: 83.333%
2025-08-26 13:58:13 - Subject: sub-016, Accuracy: 88.095%
2025-08-26 13:58:13 - Subject: sub-017, Accuracy: 92.857%
2025-08-26 13:58:13 - Subject: sub-018, Accuracy: 88.095%
2025-08-26 13:58:13 - Subject: sub-019, Accuracy: 78.571%
2025-08-26 13:58:13 - Subject: sub-020, Accuracy: 88.095%
2025-08-26 13:58:13 - Subject: sub-021, Accuracy: 85.714%
2025-08-26 13:58:13 - Subject: sub-022, Accuracy: 90.476%
2025-08-26 13:58:13 - Subject: sub-023, Accuracy: 88.095%
2025-08-26 13:58:13 - Subject: sub-024, Accuracy: 90.476%
2025-08-26 13:58:13 - Subject: sub-025, Accuracy: 88.095%
2025-08-26 13:58:13 - Subject: sub-026, Accuracy: 83.333%
2025-08-26 13:58:13 - Subject: sub-027, Accuracy: 69.048%
2025-08-26 13:58:13 - Subject: sub-028, Accuracy: 90.476%
2025-08-26 13:58:13 - Subject: sub-029, Accuracy: 85.714%
2025-08-26 13:58:13 - Subject: sub-030, Accuracy: 85.714%
2025-08-26 13:58:13 - Subject: sub-031, Accuracy: 95.238%
2025-08-26 13:58:13 - Subject: sub-032, Accuracy: 92.857%
2025-08-26 13:58:13 - Subject: sub-033, Accuracy: 90.476%
2025-08-26 13:58:13 - Subject: sub-034, Accuracy: 83.333%
2025-08-26 13:58:13 - Subject: sub-035, Accuracy: 76.190%
2025-08-26 13:58:13 - Subject: sub-036, Accuracy: 92.857%
2025-08-26 13:58:13 - Subject: sub-037, Accuracy: 88.095%
2025-08-26 13:58:13 - Subject: sub-038, Accuracy: 90.476%
2025-08-26 13:58:13 - Subject: sub-039, Accuracy: 88.095%
2025-08-26 13:58:13 - Subject: sub-040, Accuracy: 88.095%
2025-08-26 13:58:13 - Subject: sub-041, Accuracy: 90.476%
2025-08-26 13:58:13 - Subject: sub-042, Accuracy: 80.952%
2025-08-26 13:58:13 - Subject: sub-043, Accuracy: 92.857%
2025-08-26 13:58:13 - Subject: sub-044, Accuracy: 88.095%
2025-08-26 13:58:13 - Subject: sub-045, Accuracy: 90.476%
2025-08-26 13:58:13 - Subject: sub-046, Accuracy: 85.714%
2025-08-26 13:58:13 - Subject: sub-047, Accuracy: 90.476%
2025-08-26 13:58:13 - Subject: sub-048, Accuracy: 88.095%
2025-08-26 13:58:13 - Subject: sub-049, Accuracy: 85.714%
2025-08-26 13:58:13 - Subject: sub-050, Accuracy: 90.476%
2025-08-26 13:58:13 - Subject: sub-051, Accuracy: 85.714%
2025-08-26 13:58:13 - Subject: sub-052, Accuracy: 90.476%
2025-08-26 13:58:13 - Subject: sub-053, Accuracy: 83.333%
2025-08-26 13:58:13 - Subject: sub-054, Accuracy: 80.000%
2025-08-26 13:58:13 - Subject: sub-055, Accuracy: 92.105%
2025-08-26 13:58:13 - Subject: sub-056, Accuracy: 88.095%
2025-08-26 13:58:13 - Subject: sub-078, Accuracy: 85.714%
2025-08-26 13:58:13 - Subject: sub-079, Accuracy: 83.333%
2025-08-26 13:58:13 - Subject: sub-080, Accuracy: 83.333%
2025-08-26 13:58:13 - Subject: sub-081, Accuracy: 90.476%
2025-08-26 13:58:13 - Subject: sub-082, Accuracy: 80.952%
2025-08-26 13:58:13 - Subject: sub-083, Accuracy: 90.476%
2025-08-26 13:58:13 - Subject: sub-111, Accuracy: 90.476%
2025-08-26 13:58:13 - Subject: sub-112, Accuracy: 83.333%
2025-08-26 13:58:13 - Subject: sub-113, Accuracy: 92.500%
2025-08-26 13:58:13 - Subject: sub-114, Accuracy: 90.000%
2025-08-26 13:58:13 - Subject: sub-115, Accuracy: 87.500%
2025-08-26 13:58:13 - Subject: sub-116, Accuracy: 92.500%
2025-08-26 13:58:13 - Subject: sub-117, Accuracy: 85.000%
2025-08-26 13:58:13 - Subject: sub-118, Accuracy: 92.500%
2025-08-26 13:58:13 - Subject: sub-119, Accuracy: 85.000%
2025-08-26 13:58:13 - Subject: sub-120, Accuracy: 85.000%
2025-08-26 13:58:13 - Subject: sub-121, Accuracy: 80.000%
2025-08-26 13:58:13 - Subject: sub-122, Accuracy: 82.500%
2025-08-26 13:58:13 - Subject: sub-123, Accuracy: 82.500%
2025-08-26 13:58:13 - Subject: sub-124, Accuracy: 88.095%
2025-08-26 13:58:13 - Subject: sub-125, Accuracy: 90.476%
2025-08-26 13:58:13 - Subject: sub-127, Accuracy: 87.500%
2025-08-26 13:58:13 - 
AVO Individual Models Statistics:
2025-08-26 13:58:13 - Mean Accuracy: 0.874
2025-08-26 13:58:13 - 95% Confidence Interval: [0.863, 0.884]
2025-08-26 13:58:13 - Best Subject: sub-031 (0.952)
2025-08-26 13:58:13 - Worst Subject: sub-027 (0.690)
