2025-08-26 12:12:36 - 
Experiment Configuration:
2025-08-26 12:12:36 - --------------------------------------------------
2025-08-26 12:12:36 - dataset: ds005863
2025-08-26 12:12:36 - use_combined_datasets: False
2025-08-26 12:12:36 - electrode_list: all
2025-08-26 12:12:36 - classifier: lda
2025-08-26 12:12:36 - separate_subject_classification: True
2025-08-26 12:12:36 - use_subject_layer: True
2025-08-26 12:12:36 - seeds: [1]
2025-08-26 12:12:36 - --------------------------------------------------
2025-08-26 12:12:36 - 
==================================================
2025-08-26 12:12:36 - Processing Active Visual Oddball Dataset
2025-08-26 12:12:36 - ==================================================
2025-08-26 12:12:40 - Subject: sub-001, Accuracy: 90.698%
2025-08-26 12:12:40 - Subject: sub-002, Accuracy: 90.805%
2025-08-26 12:12:43 - Subject: sub-003, Accuracy: 94.253%
2025-08-26 12:12:44 - Subject: sub-004, Accuracy: 95.402%
2025-08-26 12:12:48 - Subject: sub-005, Accuracy: 89.655%
2025-08-26 12:12:50 - Subject: sub-006, Accuracy: 95.349%
2025-08-26 12:12:51 - Subject: sub-007, Accuracy: 90.698%
2025-08-26 12:12:54 - Subject: sub-008, Accuracy: 93.103%
2025-08-26 12:12:55 - Subject: sub-009, Accuracy: 96.552%
2025-08-26 12:12:56 - Subject: sub-010, Accuracy: 91.954%
2025-08-26 12:13:00 - Subject: sub-011, Accuracy: 94.253%
2025-08-26 12:13:00 - Subject: sub-012, Accuracy: 90.805%
2025-08-26 12:13:04 - Subject: sub-013, Accuracy: 90.805%
2025-08-26 12:13:04 - Subject: sub-014, Accuracy: 93.023%
2025-08-26 12:13:14 - Subject: sub-015, Accuracy: 95.402%
2025-08-26 12:13:15 - Subject: sub-016, Accuracy: 93.103%
2025-08-26 12:13:24 - Subject: sub-017, Accuracy: 96.552%
