2025-08-26 11:58:20 - 
Experiment Configuration:
2025-08-26 11:58:20 - --------------------------------------------------
2025-08-26 11:58:20 - dataset: ds005863
2025-08-26 11:58:20 - use_combined_datasets: False
2025-08-26 11:58:20 - electrode_list: all
2025-08-26 11:58:20 - classifier: lda
2025-08-26 11:58:20 - separate_subject_classification: True
2025-08-26 11:58:20 - use_subject_layer: True
2025-08-26 11:58:20 - seeds: [1]
2025-08-26 11:58:20 - --------------------------------------------------
2025-08-26 11:58:20 - 
==================================================
2025-08-26 11:58:20 - Processing Active Visual Oddball Dataset
2025-08-26 11:58:20 - ==================================================
2025-08-26 11:58:23 - 
Error in Active Visual Oddball - Subject sub-001:
2025-08-26 11:58:23 - [Errno 2] No such file or directory: '/home/vivian/eeg/ds005863/sub-001/eeg/COCOA_013_VO.vmrk'
2025-08-26 11:58:23 - 
Error in Active Visual Oddball - Subject sub-002:
2025-08-26 11:58:23 - [Errno 2] No such file or directory: '/home/vivian/eeg/ds005863/sub-002/eeg/COCOA_014_VO.vmrk'
2025-08-26 11:58:23 - 
Error in Active Visual Oddball - Subject sub-003:
2025-08-26 11:58:23 - [Errno 2] No such file or directory: '/home/vivian/eeg/ds005863/sub-003/eeg/COCOA_015_VO.vmrk'
2025-08-26 11:58:23 - 
Error in Active Visual Oddball - Subject sub-004:
2025-08-26 11:58:23 - [Errno 2] No such file or directory: '/home/vivian/eeg/ds005863/sub-004/eeg/COCOA_016_VO.vmrk'
2025-08-26 11:58:23 - 
Error in Active Visual Oddball - Subject sub-005:
2025-08-26 11:58:23 - [Errno 2] No such file or directory: '/home/vivian/eeg/ds005863/sub-005/eeg/COCOA_017_VO.vmrk'
2025-08-26 11:58:23 - 
Error in Active Visual Oddball - Subject sub-006:
2025-08-26 11:58:23 - [Errno 2] No such file or directory: '/home/vivian/eeg/ds005863/sub-006/eeg/COCOA_018_VO.vmrk'
2025-08-26 11:58:23 - 
Error in Active Visual Oddball - Subject sub-007:
2025-08-26 11:58:23 - [Errno 2] No such file or directory: '/home/vivian/eeg/ds005863/sub-007/eeg/COCOA_019_VO.vmrk'
2025-08-26 11:58:23 - 
Error in Active Visual Oddball - Subject sub-008:
2025-08-26 11:58:23 - [Errno 2] No such file or directory: '/home/vivian/eeg/ds005863/sub-008/eeg/COCOA_020_VO.vmrk'
2025-08-26 11:58:23 - 
Error in Active Visual Oddball - Subject sub-009:
2025-08-26 11:58:23 - [Errno 2] No such file or directory: '/home/vivian/eeg/ds005863/sub-009/eeg/COCOA_021_VO.vmrk'
2025-08-26 11:58:23 - 
Error in Active Visual Oddball - Subject sub-010:
2025-08-26 11:58:23 - [Errno 2] No such file or directory: '/home/vivian/eeg/ds005863/sub-010/eeg/COCOA_022_VO.vmrk'
2025-08-26 11:58:23 - 
Error in Active Visual Oddball - Subject sub-011:
2025-08-26 11:58:23 - [Errno 2] No such file or directory: '/home/vivian/eeg/ds005863/sub-011/eeg/COCOA_023_VO.vmrk'
2025-08-26 11:58:23 - 
Error in Active Visual Oddball - Subject sub-012:
2025-08-26 11:58:23 - [Errno 2] No such file or directory: '/home/vivian/eeg/ds005863/sub-012/eeg/COCOA_024_VO.vmrk'
2025-08-26 11:58:23 - 
Error in Active Visual Oddball - Subject sub-013:
2025-08-26 11:58:23 - [Errno 2] No such file or directory: '/home/vivian/eeg/ds005863/sub-013/eeg/COCOA_025_VO.vmrk'
2025-08-26 11:58:23 - 
Error in Active Visual Oddball - Subject sub-014:
2025-08-26 11:58:23 - [Errno 2] No such file or directory: '/home/vivian/eeg/ds005863/sub-014/eeg/COCOA_026_VO.vmrk'
2025-08-26 11:58:23 - 
Error in Active Visual Oddball - Subject sub-015:
2025-08-26 11:58:23 - [Errno 2] No such file or directory: '/home/vivian/eeg/ds005863/sub-015/eeg/COCOA_027_VO.vmrk'
2025-08-26 11:58:23 - 
Error in Active Visual Oddball - Subject sub-016:
2025-08-26 11:58:23 - [Errno 2] No such file or directory: '/home/vivian/eeg/ds005863/sub-016/eeg/COCOA_028_VO.vmrk'
2025-08-26 11:58:23 - 
Error in Active Visual Oddball - Subject sub-017:
2025-08-26 11:58:23 - [Errno 2] No such file or directory: '/home/vivian/eeg/ds005863/sub-017/eeg/COCOA_029_VO.vmrk'
2025-08-26 11:58:23 - 
Error in Active Visual Oddball - Subject sub-018:
2025-08-26 11:58:23 - [Errno 2] No such file or directory: '/home/vivian/eeg/ds005863/sub-018/eeg/COCOA_030_VO.vmrk'
2025-08-26 11:58:23 - 
Error in Active Visual Oddball - Subject sub-019:
2025-08-26 11:58:23 - [Errno 2] No such file or directory: '/home/vivian/eeg/ds005863/sub-019/eeg/COCOA_031_VO.vmrk'
2025-08-26 11:58:23 - 
Error in Active Visual Oddball - Subject sub-020:
2025-08-26 11:58:23 - [Errno 2] No such file or directory: '/home/vivian/eeg/ds005863/sub-020/eeg/COCOA_032_VO.vmrk'
2025-08-26 11:58:23 - 
Error in Active Visual Oddball - Subject sub-021:
2025-08-26 11:58:23 - [Errno 2] No such file or directory: '/home/vivian/eeg/ds005863/sub-021/eeg/COCOA_033_VO.vmrk'
2025-08-26 11:58:23 - 
Error in Active Visual Oddball - Subject sub-022:
2025-08-26 11:58:23 - [Errno 2] No such file or directory: '/home/vivian/eeg/ds005863/sub-022/eeg/COCOA_034_VO.vmrk'
2025-08-26 11:58:23 - 
Error in Active Visual Oddball - Subject sub-023:
2025-08-26 11:58:23 - [Errno 2] No such file or directory: '/home/vivian/eeg/ds005863/sub-023/eeg/COCOA_035_VO.vmrk'
2025-08-26 11:58:23 - 
Error in Active Visual Oddball - Subject sub-024:
2025-08-26 11:58:23 - [Errno 2] No such file or directory: '/home/vivian/eeg/ds005863/sub-024/eeg/COCOA_036_VO.vmrk'
2025-08-26 11:58:23 - 
Error in Active Visual Oddball - Subject sub-025:
2025-08-26 11:58:23 - [Errno 2] No such file or directory: '/home/vivian/eeg/ds005863/sub-025/eeg/COCOA_037_VO.vmrk'
2025-08-26 11:58:23 - 
Error in Active Visual Oddball - Subject sub-026:
2025-08-26 11:58:23 - [Errno 2] No such file or directory: '/home/vivian/eeg/ds005863/sub-026/eeg/COCOA_038_VO.vmrk'
2025-08-26 11:58:23 - 
Error in Active Visual Oddball - Subject sub-027:
2025-08-26 11:58:23 - [Errno 2] No such file or directory: '/home/vivian/eeg/ds005863/sub-027/eeg/COCOA_039_VO.vmrk'
2025-08-26 11:58:23 - 
Error in Active Visual Oddball - Subject sub-028:
2025-08-26 11:58:23 - [Errno 2] No such file or directory: '/home/vivian/eeg/ds005863/sub-028/eeg/COCOA_040_VO.vmrk'
2025-08-26 11:58:23 - 
Error in Active Visual Oddball - Subject sub-029:
2025-08-26 11:58:23 - [Errno 2] No such file or directory: '/home/vivian/eeg/ds005863/sub-029/eeg/COCOA_041_VO.vmrk'
2025-08-26 11:58:23 - 
Error in Active Visual Oddball - Subject sub-030:
2025-08-26 11:58:23 - [Errno 2] No such file or directory: '/home/vivian/eeg/ds005863/sub-030/eeg/COCOA_042_VO.vmrk'
2025-08-26 11:58:23 - 
Error in Active Visual Oddball - Subject sub-031:
2025-08-26 11:58:23 - [Errno 2] No such file or directory: '/home/vivian/eeg/ds005863/sub-031/eeg/COCOA_043_VO.vmrk'
2025-08-26 11:58:23 - 
Error in Active Visual Oddball - Subject sub-032:
2025-08-26 11:58:23 - [Errno 2] No such file or directory: '/home/vivian/eeg/ds005863/sub-032/eeg/COCOA_044_VO.vmrk'
2025-08-26 11:58:23 - 
Error in Active Visual Oddball - Subject sub-033:
2025-08-26 11:58:23 - [Errno 2] No such file or directory: '/home/vivian/eeg/ds005863/sub-033/eeg/COCOA_045_VO.vmrk'
2025-08-26 11:58:23 - 
Error in Active Visual Oddball - Subject sub-034:
2025-08-26 11:58:23 - [Errno 2] No such file or directory: '/home/vivian/eeg/ds005863/sub-034/eeg/COCOA_046_VO.vmrk'
2025-08-26 11:58:23 - 
Error in Active Visual Oddball - Subject sub-035:
2025-08-26 11:58:23 - [Errno 2] No such file or directory: '/home/vivian/eeg/ds005863/sub-035/eeg/COCOA_047_VO.vmrk'
2025-08-26 11:58:23 - 
Error in Active Visual Oddball - Subject sub-036:
2025-08-26 11:58:23 - [Errno 2] No such file or directory: '/home/vivian/eeg/ds005863/sub-036/eeg/COCOA_048_VO.vmrk'
2025-08-26 11:58:23 - 
Error in Active Visual Oddball - Subject sub-037:
2025-08-26 11:58:23 - [Errno 2] No such file or directory: '/home/vivian/eeg/ds005863/sub-037/eeg/COCOA_049_VO.vmrk'
2025-08-26 11:58:23 - 
Error in Active Visual Oddball - Subject sub-038:
2025-08-26 11:58:23 - [Errno 2] No such file or directory: '/home/vivian/eeg/ds005863/sub-038/eeg/COCOA_050_VO.vmrk'
2025-08-26 11:58:23 - 
Error in Active Visual Oddball - Subject sub-039:
2025-08-26 11:58:23 - [Errno 2] No such file or directory: '/home/vivian/eeg/ds005863/sub-039/eeg/COCOA_051_VO.vmrk'
2025-08-26 11:58:23 - 
Error in Active Visual Oddball - Subject sub-040:
2025-08-26 11:58:23 - [Errno 2] No such file or directory: '/home/vivian/eeg/ds005863/sub-040/eeg/COCOA_052_VO.vmrk'
2025-08-26 11:58:23 - 
Error in Active Visual Oddball - Subject sub-041:
2025-08-26 11:58:23 - [Errno 2] No such file or directory: '/home/vivian/eeg/ds005863/sub-041/eeg/COCOA_053_VO.vmrk'
2025-08-26 11:58:23 - 
Error in Active Visual Oddball - Subject sub-042:
2025-08-26 11:58:23 - [Errno 2] No such file or directory: '/home/vivian/eeg/ds005863/sub-042/eeg/COCOA_054_VO.vmrk'
2025-08-26 11:58:23 - 
Error in Active Visual Oddball - Subject sub-043:
2025-08-26 11:58:23 - [Errno 2] No such file or directory: '/home/vivian/eeg/ds005863/sub-043/eeg/COCOA_055_VO.vmrk'
2025-08-26 11:58:23 - 
Error in Active Visual Oddball - Subject sub-044:
2025-08-26 11:58:23 - [Errno 2] No such file or directory: '/home/vivian/eeg/ds005863/sub-044/eeg/COCOA_056_VO.vmrk'
2025-08-26 11:58:23 - 
Error in Active Visual Oddball - Subject sub-045:
2025-08-26 11:58:23 - [Errno 2] No such file or directory: '/home/vivian/eeg/ds005863/sub-045/eeg/COCOA_057_VO.vmrk'
2025-08-26 11:58:23 - 
Error in Active Visual Oddball - Subject sub-046:
2025-08-26 11:58:23 - [Errno 2] No such file or directory: '/home/vivian/eeg/ds005863/sub-046/eeg/COCOA_058_VO.vmrk'
2025-08-26 11:58:23 - 
Error in Active Visual Oddball - Subject sub-047:
2025-08-26 11:58:23 - [Errno 2] No such file or directory: '/home/vivian/eeg/ds005863/sub-047/eeg/COCOA_059_VO.vmrk'
2025-08-26 11:58:23 - 
Error in Active Visual Oddball - Subject sub-048:
2025-08-26 11:58:23 - [Errno 2] No such file or directory: '/home/vivian/eeg/ds005863/sub-048/eeg/COCOA_060_VO.vmrk'
2025-08-26 11:58:23 - 
Error in Active Visual Oddball - Subject sub-049:
2025-08-26 11:58:23 - [Errno 2] No such file or directory: '/home/vivian/eeg/ds005863/sub-049/eeg/COCOA_061_VO.vmrk'
2025-08-26 11:58:23 - 
Error in Active Visual Oddball - Subject sub-050:
2025-08-26 11:58:23 - [Errno 2] No such file or directory: '/home/vivian/eeg/ds005863/sub-050/eeg/COCOA_062_VO.vmrk'
2025-08-26 11:58:23 - 
Error in Active Visual Oddball - Subject sub-051:
2025-08-26 11:58:23 - [Errno 2] No such file or directory: '/home/vivian/eeg/ds005863/sub-051/eeg/COCOA_063_VO.vmrk'
2025-08-26 11:58:23 - 
Error in Active Visual Oddball - Subject sub-052:
2025-08-26 11:58:23 - [Errno 2] No such file or directory: '/home/vivian/eeg/ds005863/sub-052/eeg/COCOA_064_VO.vmrk'
2025-08-26 11:58:23 - 
Error in Active Visual Oddball - Subject sub-053:
2025-08-26 11:58:23 - [Errno 2] No such file or directory: '/home/vivian/eeg/ds005863/sub-053/eeg/COCOA_065_VO.vmrk'
2025-08-26 11:58:23 - 
Error in Active Visual Oddball - Subject sub-054:
2025-08-26 11:58:23 - [Errno 2] No such file or directory: '/home/vivian/eeg/ds005863/sub-054/eeg/COCOA_066_VO.vmrk'
2025-08-26 11:58:23 - 
Error in Active Visual Oddball - Subject sub-055:
2025-08-26 11:58:23 - [Errno 2] No such file or directory: '/home/vivian/eeg/ds005863/sub-055/eeg/COCOA_067_VO.vmrk'
2025-08-26 11:58:23 - 
Error in Active Visual Oddball - Subject sub-056:
2025-08-26 11:58:23 - [Errno 2] No such file or directory: '/home/vivian/eeg/ds005863/sub-056/eeg/COCOA_068_VO.vmrk'
2025-08-26 11:58:24 - Subject: sub-057, Accuracy: 95.402%
2025-08-26 11:58:26 - Subject: sub-058, Accuracy: 91.954%
2025-08-26 11:58:29 - Subject: sub-059, Accuracy: 93.103%
2025-08-26 11:58:30 - Subject: sub-060, Accuracy: 93.023%
2025-08-26 11:58:31 - Subject: sub-061, Accuracy: 93.103%
2025-08-26 11:58:36 - Subject: sub-062, Accuracy: 91.860%
2025-08-26 11:58:37 - Subject: sub-063, Accuracy: 93.023%
2025-08-26 11:58:38 - Subject: sub-064, Accuracy: 94.048%
2025-08-26 11:58:39 - Subject: sub-065, Accuracy: 94.253%
2025-08-26 11:58:40 - Subject: sub-066, Accuracy: 90.805%
2025-08-26 11:58:41 - Subject: sub-067, Accuracy: 96.512%
2025-08-26 11:58:42 - Subject: sub-068, Accuracy: 93.103%
2025-08-26 11:58:43 - Subject: sub-069, Accuracy: 93.103%
2025-08-26 11:58:45 - Subject: sub-070, Accuracy: 93.103%
2025-08-26 11:58:46 - Subject: sub-071, Accuracy: 93.103%
2025-08-26 11:58:47 - Subject: sub-073, Accuracy: 93.023%
2025-08-26 11:58:48 - Subject: sub-074, Accuracy: 94.253%
2025-08-26 11:58:52 - Subject: sub-075, Accuracy: 94.253%
2025-08-26 11:58:53 - Subject: sub-076, Accuracy: 94.253%
2025-08-26 11:58:55 - Subject: sub-077, Accuracy: 93.182%
2025-08-26 11:58:55 - 
Error in Active Visual Oddball - Subject sub-078:
2025-08-26 11:58:55 - [Errno 2] No such file or directory: '/home/vivian/eeg/ds005863/sub-078/eeg/COCOA_092_VO.vmrk'
2025-08-26 11:58:55 - 
Error in Active Visual Oddball - Subject sub-079:
2025-08-26 11:58:55 - [Errno 2] No such file or directory: '/home/vivian/eeg/ds005863/sub-079/eeg/COCOA_093_VO.vmrk'
2025-08-26 11:58:55 - 
Error in Active Visual Oddball - Subject sub-080:
2025-08-26 11:58:55 - [Errno 2] No such file or directory: '/home/vivian/eeg/ds005863/sub-080/eeg/COCOA_094_VO.vmrk'
2025-08-26 11:58:55 - 
Error in Active Visual Oddball - Subject sub-081:
2025-08-26 11:58:55 - [Errno 2] No such file or directory: '/home/vivian/eeg/ds005863/sub-081/eeg/COCOA_095_VO.vmrk'
2025-08-26 11:58:55 - 
Error in Active Visual Oddball - Subject sub-082:
2025-08-26 11:58:55 - [Errno 2] No such file or directory: '/home/vivian/eeg/ds005863/sub-082/eeg/COCOA_096_VO.vmrk'
2025-08-26 11:58:55 - 
Error in Active Visual Oddball - Subject sub-083:
2025-08-26 11:58:55 - [Errno 2] No such file or directory: '/home/vivian/eeg/ds005863/sub-083/eeg/COCOA_097_VO.vmrk'
2025-08-26 11:58:57 - Subject: sub-111, Accuracy: 87.356%
2025-08-26 11:59:00 - Subject: sub-112, Accuracy: 89.655%
2025-08-26 11:59:00 - Subject: sub-113, Accuracy: 91.463%
2025-08-26 11:59:01 - Subject: sub-114, Accuracy: 92.683%
2025-08-26 11:59:02 - Subject: sub-115, Accuracy: 90.244%
2025-08-26 11:59:02 - Subject: sub-116, Accuracy: 93.902%
2025-08-26 11:59:03 - Subject: sub-117, Accuracy: 93.902%
2025-08-26 11:59:03 - Subject: sub-118, Accuracy: 95.122%
2025-08-26 11:59:04 - Subject: sub-119, Accuracy: 90.244%
2025-08-26 11:59:04 - Subject: sub-120, Accuracy: 96.341%
2025-08-26 11:59:06 - Subject: sub-121, Accuracy: 95.122%
2025-08-26 11:59:06 - Subject: sub-122, Accuracy: 91.463%
2025-08-26 11:59:07 - Subject: sub-123, Accuracy: 96.341%
2025-08-26 11:59:10 - Subject: sub-124, Accuracy: 94.253%
2025-08-26 11:59:11 - Subject: sub-125, Accuracy: 91.954%
2025-08-26 11:59:11 - Subject: sub-127, Accuracy: 91.358%
2025-08-26 11:59:11 - Subject: sub-057, Accuracy: 95.402%
2025-08-26 11:59:11 - Subject: sub-058, Accuracy: 91.954%
2025-08-26 11:59:11 - Subject: sub-059, Accuracy: 93.103%
2025-08-26 11:59:11 - Subject: sub-060, Accuracy: 93.023%
2025-08-26 11:59:11 - Subject: sub-061, Accuracy: 93.103%
2025-08-26 11:59:11 - Subject: sub-062, Accuracy: 91.860%
2025-08-26 11:59:11 - Subject: sub-063, Accuracy: 93.023%
2025-08-26 11:59:11 - Subject: sub-064, Accuracy: 94.048%
2025-08-26 11:59:11 - Subject: sub-065, Accuracy: 94.253%
2025-08-26 11:59:11 - Subject: sub-066, Accuracy: 90.805%
2025-08-26 11:59:11 - Subject: sub-067, Accuracy: 96.512%
2025-08-26 11:59:11 - Subject: sub-068, Accuracy: 93.103%
2025-08-26 11:59:11 - Subject: sub-069, Accuracy: 93.103%
2025-08-26 11:59:11 - Subject: sub-070, Accuracy: 93.103%
2025-08-26 11:59:11 - Subject: sub-071, Accuracy: 93.103%
2025-08-26 11:59:11 - Subject: sub-073, Accuracy: 93.023%
2025-08-26 11:59:11 - Subject: sub-074, Accuracy: 94.253%
2025-08-26 11:59:11 - Subject: sub-075, Accuracy: 94.253%
2025-08-26 11:59:11 - Subject: sub-076, Accuracy: 94.253%
2025-08-26 11:59:11 - Subject: sub-077, Accuracy: 93.182%
2025-08-26 11:59:11 - Subject: sub-111, Accuracy: 87.356%
2025-08-26 11:59:11 - Subject: sub-112, Accuracy: 89.655%
2025-08-26 11:59:11 - Subject: sub-113, Accuracy: 91.463%
2025-08-26 11:59:11 - Subject: sub-114, Accuracy: 92.683%
2025-08-26 11:59:11 - Subject: sub-115, Accuracy: 90.244%
2025-08-26 11:59:11 - Subject: sub-116, Accuracy: 93.902%
2025-08-26 11:59:11 - Subject: sub-117, Accuracy: 93.902%
2025-08-26 11:59:11 - Subject: sub-118, Accuracy: 95.122%
2025-08-26 11:59:11 - Subject: sub-119, Accuracy: 90.244%
2025-08-26 11:59:11 - Subject: sub-120, Accuracy: 96.341%
2025-08-26 11:59:11 - Subject: sub-121, Accuracy: 95.122%
2025-08-26 11:59:11 - Subject: sub-122, Accuracy: 91.463%
2025-08-26 11:59:11 - Subject: sub-123, Accuracy: 96.341%
2025-08-26 11:59:11 - Subject: sub-124, Accuracy: 94.253%
2025-08-26 11:59:11 - Subject: sub-125, Accuracy: 91.954%
2025-08-26 11:59:11 - Subject: sub-127, Accuracy: 91.358%
2025-08-26 11:59:11 - 
AVO Individual Models Statistics:
2025-08-26 11:59:11 - Mean Accuracy: 0.931
2025-08-26 11:59:11 - 95% Confidence Interval: [0.924, 0.937]
2025-08-26 11:59:11 - Best Subject: sub-067 (0.965)
2025-08-26 11:59:11 - Worst Subject: sub-111 (0.874)
