2025-08-25 22:30:21 - 
Experiment Configuration:
2025-08-25 22:30:21 - --------------------------------------------------
2025-08-25 22:30:21 - dataset: ds005863
2025-08-25 22:30:21 - use_combined_datasets: False
2025-08-25 22:30:21 - electrode_list: common
2025-08-25 22:30:21 - classifier: ShallowFBCSPNet
2025-08-25 22:30:21 - separate_subject_classification: True
2025-08-25 22:30:21 - use_subject_layer: True
2025-08-25 22:30:21 - seeds: [1]
2025-08-25 22:30:21 - --------------------------------------------------
2025-08-25 22:30:21 - 
==================================================
2025-08-25 22:30:21 - Processing Active Visual Oddball Dataset
2025-08-25 22:30:21 - ==================================================
2025-08-25 22:30:51 - Subject: sub-001, Accuracy: 96.512%
2025-08-25 22:30:59 - Subject: sub-002, Accuracy: 95.402%
2025-08-25 22:31:07 - Subject: sub-003, Accuracy: 96.552%
2025-08-25 22:31:16 - Subject: sub-004, Accuracy: 97.701%
2025-08-25 22:31:24 - Subject: sub-005, Accuracy: 96.552%
2025-08-25 22:31:32 - Subject: sub-006, Accuracy: 95.402%
2025-08-25 22:31:40 - Subject: sub-007, Accuracy: 96.552%
2025-08-25 22:31:49 - Subject: sub-008, Accuracy: 95.402%
