2025-08-26 12:13:24 - 
Experiment Configuration:
2025-08-26 12:13:24 - --------------------------------------------------
2025-08-26 12:13:24 - dataset: ds005863
2025-08-26 12:13:24 - use_combined_datasets: False
2025-08-26 12:13:24 - electrode_list: all
2025-08-26 12:13:24 - classifier: lda
2025-08-26 12:13:24 - separate_subject_classification: True
2025-08-26 12:13:24 - use_subject_layer: True
2025-08-26 12:13:24 - seeds: [1]
2025-08-26 12:13:24 - --------------------------------------------------
2025-08-26 12:13:24 - 
==================================================
2025-08-26 12:13:24 - Processing Active Visual Oddball Dataset
2025-08-26 12:13:24 - ==================================================
2025-08-26 12:13:47 - Subject: sub-001, Accuracy: 96.512%
2025-08-26 12:13:48 - Subject: sub-002, Accuracy: 90.805%
2025-08-26 12:13:51 - Subject: sub-003, Accuracy: 94.253%
2025-08-26 12:13:54 - Subject: sub-004, Accuracy: 95.402%
2025-08-26 12:13:57 - Subject: sub-005, Accuracy: 89.655%
2025-08-26 12:13:59 - Subject: sub-006, Accuracy: 95.349%
2025-08-26 12:14:02 - Subject: sub-007, Accuracy: 90.698%
2025-08-26 12:14:03 - Subject: sub-008, Accuracy: 93.103%
2025-08-26 12:14:05 - Subject: sub-009, Accuracy: 96.552%
2025-08-26 12:14:09 - Subject: sub-010, Accuracy: 91.954%
2025-08-26 12:14:13 - Subject: sub-011, Accuracy: 94.253%
2025-08-26 12:14:18 - Subject: sub-012, Accuracy: 90.805%
2025-08-26 12:14:19 - Subject: sub-013, Accuracy: 90.805%
2025-08-26 12:14:19 - Subject: sub-014, Accuracy: 93.023%
2025-08-26 12:14:23 - Subject: sub-015, Accuracy: 95.402%
2025-08-26 12:14:24 - Subject: sub-016, Accuracy: 93.103%
2025-08-26 12:14:25 - Subject: sub-017, Accuracy: 96.552%
2025-08-26 12:14:29 - Subject: sub-018, Accuracy: 93.023%
2025-08-26 12:14:30 - Subject: sub-019, Accuracy: 93.103%
2025-08-26 12:14:30 - Subject: sub-020, Accuracy: 92.683%
2025-08-26 12:14:31 - Subject: sub-021, Accuracy: 96.552%
2025-08-26 12:14:31 - Subject: sub-022, Accuracy: 93.023%
2025-08-26 12:14:32 - Subject: sub-023, Accuracy: 93.023%
2025-08-26 12:14:32 - Subject: sub-024, Accuracy: 97.701%
2025-08-26 12:14:33 - Subject: sub-025, Accuracy: 91.954%
2025-08-26 12:14:33 - Subject: sub-026, Accuracy: 91.954%
2025-08-26 12:14:34 - Subject: sub-027, Accuracy: 90.805%
2025-08-26 12:14:35 - Subject: sub-028, Accuracy: 87.059%
2025-08-26 12:14:35 - Subject: sub-029, Accuracy: 95.402%
2025-08-26 12:14:36 - Subject: sub-030, Accuracy: 94.253%
2025-08-26 12:14:36 - Subject: sub-031, Accuracy: 91.954%
2025-08-26 12:14:37 - Subject: sub-032, Accuracy: 94.253%
2025-08-26 12:14:40 - Subject: sub-033, Accuracy: 95.349%
2025-08-26 12:14:44 - Subject: sub-034, Accuracy: 93.103%
2025-08-26 12:14:48 - Subject: sub-035, Accuracy: 90.698%
2025-08-26 12:14:48 - Subject: sub-036, Accuracy: 94.186%
2025-08-26 12:14:49 - Subject: sub-037, Accuracy: 89.655%
2025-08-26 12:14:49 - Subject: sub-038, Accuracy: 94.253%
2025-08-26 12:14:50 - Subject: sub-039, Accuracy: 95.402%
2025-08-26 12:14:51 - Subject: sub-040, Accuracy: 95.402%
2025-08-26 12:14:51 - Subject: sub-041, Accuracy: 95.402%
2025-08-26 12:14:52 - Subject: sub-042, Accuracy: 89.655%
2025-08-26 12:14:55 - Subject: sub-043, Accuracy: 91.954%
2025-08-26 12:14:55 - Subject: sub-044, Accuracy: 95.402%
2025-08-26 12:14:59 - Subject: sub-045, Accuracy: 91.954%
2025-08-26 12:15:03 - Subject: sub-046, Accuracy: 90.805%
2025-08-26 12:15:03 - Subject: sub-047, Accuracy: 95.402%
2025-08-26 12:15:04 - Subject: sub-048, Accuracy: 94.253%
2025-08-26 12:15:05 - Subject: sub-049, Accuracy: 94.253%
2025-08-26 12:15:05 - Subject: sub-050, Accuracy: 93.023%
2025-08-26 12:15:06 - Subject: sub-051, Accuracy: 90.805%
2025-08-26 12:15:08 - Subject: sub-052, Accuracy: 96.512%
2025-08-26 12:15:12 - Subject: sub-053, Accuracy: 94.253%
2025-08-26 12:15:15 - Subject: sub-054, Accuracy: 96.341%
2025-08-26 12:15:16 - Subject: sub-055, Accuracy: 94.286%
2025-08-26 12:15:16 - Subject: sub-056, Accuracy: 93.023%
2025-08-26 12:15:17 - Subject: sub-057, Accuracy: 93.103%
2025-08-26 12:15:17 - Subject: sub-058, Accuracy: 91.954%
2025-08-26 12:15:18 - Subject: sub-059, Accuracy: 93.103%
2025-08-26 12:15:19 - Subject: sub-060, Accuracy: 93.023%
2025-08-26 12:15:19 - Subject: sub-061, Accuracy: 93.103%
2025-08-26 12:15:20 - Subject: sub-062, Accuracy: 91.860%
2025-08-26 12:15:20 - Subject: sub-063, Accuracy: 93.023%
2025-08-26 12:15:24 - Subject: sub-064, Accuracy: 94.048%
2025-08-26 12:15:25 - Subject: sub-065, Accuracy: 94.253%
2025-08-26 12:15:25 - Subject: sub-066, Accuracy: 90.805%
2025-08-26 12:15:26 - Subject: sub-067, Accuracy: 96.512%
2025-08-26 12:15:26 - Subject: sub-068, Accuracy: 93.103%
2025-08-26 12:15:27 - Subject: sub-069, Accuracy: 93.103%
2025-08-26 12:15:31 - Subject: sub-070, Accuracy: 93.103%
2025-08-26 12:15:32 - Subject: sub-071, Accuracy: 93.103%
2025-08-26 12:15:32 - Subject: sub-073, Accuracy: 93.023%
2025-08-26 12:15:34 - Subject: sub-074, Accuracy: 94.253%
2025-08-26 12:15:37 - Subject: sub-075, Accuracy: 94.253%
2025-08-26 12:15:37 - Subject: sub-076, Accuracy: 94.253%
2025-08-26 12:15:40 - Subject: sub-077, Accuracy: 93.182%
2025-08-26 12:15:40 - 
Error in Active Visual Oddball - Subject sub-078:
2025-08-26 12:15:40 - [Errno 2] No such file or directory: '/home/vivian/eeg/ds005863/sub-078/eeg/COCOA_092_VO.vmrk'
2025-08-26 12:15:40 - 
Error in Active Visual Oddball - Subject sub-079:
2025-08-26 12:15:40 - [Errno 2] No such file or directory: '/home/vivian/eeg/ds005863/sub-079/eeg/COCOA_093_VO.vmrk'
2025-08-26 12:15:40 - 
Error in Active Visual Oddball - Subject sub-080:
2025-08-26 12:15:40 - [Errno 2] No such file or directory: '/home/vivian/eeg/ds005863/sub-080/eeg/COCOA_094_VO.vmrk'
2025-08-26 12:15:40 - 
Error in Active Visual Oddball - Subject sub-081:
2025-08-26 12:15:40 - [Errno 2] No such file or directory: '/home/vivian/eeg/ds005863/sub-081/eeg/COCOA_095_VO.vmrk'
2025-08-26 12:15:40 - 
Error in Active Visual Oddball - Subject sub-082:
2025-08-26 12:15:40 - [Errno 2] No such file or directory: '/home/vivian/eeg/ds005863/sub-082/eeg/COCOA_096_VO.vmrk'
2025-08-26 12:15:40 - 
Error in Active Visual Oddball - Subject sub-083:
2025-08-26 12:15:40 - [Errno 2] No such file or directory: '/home/vivian/eeg/ds005863/sub-083/eeg/COCOA_097_VO.vmrk'
2025-08-26 12:15:41 - Subject: sub-111, Accuracy: 87.356%
2025-08-26 12:15:44 - Subject: sub-112, Accuracy: 89.655%
2025-08-26 12:15:44 - Subject: sub-113, Accuracy: 91.463%
2025-08-26 12:15:45 - Subject: sub-114, Accuracy: 92.683%
2025-08-26 12:15:46 - Subject: sub-115, Accuracy: 90.244%
2025-08-26 12:15:46 - Subject: sub-116, Accuracy: 93.902%
2025-08-26 12:15:47 - Subject: sub-117, Accuracy: 93.902%
2025-08-26 12:15:47 - Subject: sub-118, Accuracy: 95.122%
2025-08-26 12:15:48 - Subject: sub-119, Accuracy: 90.244%
2025-08-26 12:15:51 - Subject: sub-120, Accuracy: 96.341%
2025-08-26 12:15:51 - Subject: sub-121, Accuracy: 95.122%
2025-08-26 12:15:52 - Subject: sub-122, Accuracy: 91.463%
2025-08-26 12:15:52 - Subject: sub-123, Accuracy: 96.341%
2025-08-26 12:15:53 - Subject: sub-124, Accuracy: 94.253%
2025-08-26 12:15:53 - Subject: sub-125, Accuracy: 91.954%
2025-08-26 12:15:54 - Subject: sub-127, Accuracy: 91.358%
2025-08-26 12:15:54 - Subject: sub-001, Accuracy: 96.512%
2025-08-26 12:15:54 - Subject: sub-002, Accuracy: 90.805%
2025-08-26 12:15:54 - Subject: sub-003, Accuracy: 94.253%
2025-08-26 12:15:54 - Subject: sub-004, Accuracy: 95.402%
2025-08-26 12:15:54 - Subject: sub-005, Accuracy: 89.655%
2025-08-26 12:15:54 - Subject: sub-006, Accuracy: 95.349%
2025-08-26 12:15:54 - Subject: sub-007, Accuracy: 90.698%
2025-08-26 12:15:54 - Subject: sub-008, Accuracy: 93.103%
2025-08-26 12:15:54 - Subject: sub-009, Accuracy: 96.552%
2025-08-26 12:15:54 - Subject: sub-010, Accuracy: 91.954%
2025-08-26 12:15:54 - Subject: sub-011, Accuracy: 94.253%
2025-08-26 12:15:54 - Subject: sub-012, Accuracy: 90.805%
2025-08-26 12:15:54 - Subject: sub-013, Accuracy: 90.805%
2025-08-26 12:15:54 - Subject: sub-014, Accuracy: 93.023%
2025-08-26 12:15:54 - Subject: sub-015, Accuracy: 95.402%
2025-08-26 12:15:54 - Subject: sub-016, Accuracy: 93.103%
2025-08-26 12:15:54 - Subject: sub-017, Accuracy: 96.552%
2025-08-26 12:15:54 - Subject: sub-018, Accuracy: 93.023%
2025-08-26 12:15:54 - Subject: sub-019, Accuracy: 93.103%
2025-08-26 12:15:54 - Subject: sub-020, Accuracy: 92.683%
2025-08-26 12:15:54 - Subject: sub-021, Accuracy: 96.552%
2025-08-26 12:15:54 - Subject: sub-022, Accuracy: 93.023%
2025-08-26 12:15:54 - Subject: sub-023, Accuracy: 93.023%
2025-08-26 12:15:54 - Subject: sub-024, Accuracy: 97.701%
2025-08-26 12:15:54 - Subject: sub-025, Accuracy: 91.954%
2025-08-26 12:15:54 - Subject: sub-026, Accuracy: 91.954%
2025-08-26 12:15:54 - Subject: sub-027, Accuracy: 90.805%
2025-08-26 12:15:54 - Subject: sub-028, Accuracy: 87.059%
2025-08-26 12:15:54 - Subject: sub-029, Accuracy: 95.402%
2025-08-26 12:15:54 - Subject: sub-030, Accuracy: 94.253%
2025-08-26 12:15:54 - Subject: sub-031, Accuracy: 91.954%
2025-08-26 12:15:54 - Subject: sub-032, Accuracy: 94.253%
2025-08-26 12:15:54 - Subject: sub-033, Accuracy: 95.349%
2025-08-26 12:15:54 - Subject: sub-034, Accuracy: 93.103%
2025-08-26 12:15:54 - Subject: sub-035, Accuracy: 90.698%
2025-08-26 12:15:54 - Subject: sub-036, Accuracy: 94.186%
2025-08-26 12:15:54 - Subject: sub-037, Accuracy: 89.655%
2025-08-26 12:15:54 - Subject: sub-038, Accuracy: 94.253%
2025-08-26 12:15:54 - Subject: sub-039, Accuracy: 95.402%
2025-08-26 12:15:54 - Subject: sub-040, Accuracy: 95.402%
2025-08-26 12:15:54 - Subject: sub-041, Accuracy: 95.402%
2025-08-26 12:15:54 - Subject: sub-042, Accuracy: 89.655%
2025-08-26 12:15:54 - Subject: sub-043, Accuracy: 91.954%
2025-08-26 12:15:54 - Subject: sub-044, Accuracy: 95.402%
2025-08-26 12:15:54 - Subject: sub-045, Accuracy: 91.954%
2025-08-26 12:15:54 - Subject: sub-046, Accuracy: 90.805%
2025-08-26 12:15:54 - Subject: sub-047, Accuracy: 95.402%
2025-08-26 12:15:54 - Subject: sub-048, Accuracy: 94.253%
2025-08-26 12:15:54 - Subject: sub-049, Accuracy: 94.253%
2025-08-26 12:15:54 - Subject: sub-050, Accuracy: 93.023%
2025-08-26 12:15:54 - Subject: sub-051, Accuracy: 90.805%
2025-08-26 12:15:54 - Subject: sub-052, Accuracy: 96.512%
2025-08-26 12:15:54 - Subject: sub-053, Accuracy: 94.253%
2025-08-26 12:15:54 - Subject: sub-054, Accuracy: 96.341%
2025-08-26 12:15:54 - Subject: sub-055, Accuracy: 94.286%
2025-08-26 12:15:54 - Subject: sub-056, Accuracy: 93.023%
2025-08-26 12:15:54 - Subject: sub-057, Accuracy: 93.103%
2025-08-26 12:15:54 - Subject: sub-058, Accuracy: 91.954%
2025-08-26 12:15:54 - Subject: sub-059, Accuracy: 93.103%
2025-08-26 12:15:54 - Subject: sub-060, Accuracy: 93.023%
2025-08-26 12:15:54 - Subject: sub-061, Accuracy: 93.103%
2025-08-26 12:15:54 - Subject: sub-062, Accuracy: 91.860%
2025-08-26 12:15:54 - Subject: sub-063, Accuracy: 93.023%
2025-08-26 12:15:54 - Subject: sub-064, Accuracy: 94.048%
2025-08-26 12:15:54 - Subject: sub-065, Accuracy: 94.253%
2025-08-26 12:15:54 - Subject: sub-066, Accuracy: 90.805%
2025-08-26 12:15:54 - Subject: sub-067, Accuracy: 96.512%
2025-08-26 12:15:54 - Subject: sub-068, Accuracy: 93.103%
2025-08-26 12:15:54 - Subject: sub-069, Accuracy: 93.103%
2025-08-26 12:15:54 - Subject: sub-070, Accuracy: 93.103%
2025-08-26 12:15:54 - Subject: sub-071, Accuracy: 93.103%
2025-08-26 12:15:54 - Subject: sub-073, Accuracy: 93.023%
2025-08-26 12:15:54 - Subject: sub-074, Accuracy: 94.253%
2025-08-26 12:15:54 - Subject: sub-075, Accuracy: 94.253%
2025-08-26 12:15:54 - Subject: sub-076, Accuracy: 94.253%
2025-08-26 12:15:54 - Subject: sub-077, Accuracy: 93.182%
2025-08-26 12:15:54 - Subject: sub-111, Accuracy: 87.356%
2025-08-26 12:15:54 - Subject: sub-112, Accuracy: 89.655%
2025-08-26 12:15:54 - Subject: sub-113, Accuracy: 91.463%
2025-08-26 12:15:54 - Subject: sub-114, Accuracy: 92.683%
2025-08-26 12:15:54 - Subject: sub-115, Accuracy: 90.244%
2025-08-26 12:15:54 - Subject: sub-116, Accuracy: 93.902%
2025-08-26 12:15:54 - Subject: sub-117, Accuracy: 93.902%
2025-08-26 12:15:54 - Subject: sub-118, Accuracy: 95.122%
2025-08-26 12:15:54 - Subject: sub-119, Accuracy: 90.244%
2025-08-26 12:15:54 - Subject: sub-120, Accuracy: 96.341%
2025-08-26 12:15:54 - Subject: sub-121, Accuracy: 95.122%
2025-08-26 12:15:54 - Subject: sub-122, Accuracy: 91.463%
2025-08-26 12:15:54 - Subject: sub-123, Accuracy: 96.341%
2025-08-26 12:15:54 - Subject: sub-124, Accuracy: 94.253%
2025-08-26 12:15:54 - Subject: sub-125, Accuracy: 91.954%
2025-08-26 12:15:54 - Subject: sub-127, Accuracy: 91.358%
2025-08-26 12:15:54 - 
AVO Individual Models Statistics:
2025-08-26 12:15:54 - Mean Accuracy: 0.932
2025-08-26 12:15:54 - 95% Confidence Interval: [0.928, 0.937]
2025-08-26 12:15:54 - Best Subject: sub-024 (0.977)
2025-08-26 12:15:54 - Worst Subject: sub-028 (0.871)
