2025-08-13 20:45:22 - 
Experiment Configuration:
2025-08-13 20:45:22 - --------------------------------------------------
2025-08-13 20:45:22 - dataset: ds005863
2025-08-13 20:45:22 - use_combined_datasets: False
2025-08-13 20:45:22 - electrode_list: all
2025-08-13 20:45:22 - classifier: ShallowFBCSPNet
2025-08-13 20:45:22 - separate_subject_classification: False
2025-08-13 20:45:22 - use_subject_layer: False
2025-08-13 20:45:22 - seeds: [1]
2025-08-13 20:45:22 - --------------------------------------------------
2025-08-13 20:45:22 - 
==================================================
2025-08-13 20:45:22 - Processing Active Visual Oddball Dataset
2025-08-13 20:45:22 - ==================================================
2025-08-13 20:51:57 - Subject: sub_001, Accuracy: 89.655%
2025-08-13 20:51:57 - Subject: sub_002, Accuracy: 87.805%
2025-08-13 20:51:57 - Subject: sub_003, Accuracy: 83.333%
2025-08-13 20:51:57 - Subject: sub_004, Accuracy: 95.000%
2025-08-13 20:51:57 - Subject: sub_005, Accuracy: 76.667%
2025-08-13 20:51:57 - Subject: sub_006, Accuracy: 85.714%
2025-08-13 20:51:57 - Subject: sub_007, Accuracy: 86.486%
2025-08-13 20:51:57 - Subject: sub_008, Accuracy: 83.871%
2025-08-13 20:51:57 - Subject: sub_009, Accuracy: 78.125%
2025-08-13 20:51:57 - Subject: sub_010, Accuracy: 88.889%
2025-08-13 20:51:57 - Subject: sub_011, Accuracy: 84.375%
2025-08-13 20:51:57 - Subject: sub_012, Accuracy: 75.676%
2025-08-13 20:51:57 - Subject: sub_013, Accuracy: 80.000%
2025-08-13 20:51:57 - Subject: sub_014, Accuracy: 85.714%
2025-08-13 20:51:57 - Subject: sub_015, Accuracy: 86.957%
2025-08-13 20:51:57 - Subject: sub_016, Accuracy: 75.000%
2025-08-13 20:51:57 - Subject: sub_017, Accuracy: 85.000%
2025-08-13 20:51:57 - Subject: sub_018, Accuracy: 88.000%
2025-08-13 20:51:57 - Subject: sub_019, Accuracy: 83.333%
2025-08-13 20:51:57 - Subject: sub_020, Accuracy: 77.143%
2025-08-13 20:51:57 - Subject: sub_021, Accuracy: 88.636%
2025-08-13 20:51:57 - Subject: sub_022, Accuracy: 85.000%
2025-08-13 20:51:57 - Subject: sub_023, Accuracy: 84.375%
2025-08-13 20:51:57 - Subject: sub_024, Accuracy: 81.579%
2025-08-13 20:51:57 - Subject: sub_025, Accuracy: 79.412%
2025-08-13 20:51:57 - Subject: sub_026, Accuracy: 70.000%
2025-08-13 20:51:57 - Subject: sub_027, Accuracy: 79.487%
2025-08-13 20:51:57 - Subject: sub_028, Accuracy: 86.364%
2025-08-13 20:51:57 - Subject: sub_029, Accuracy: 80.952%
2025-08-13 20:51:57 - Subject: sub_030, Accuracy: 83.333%
2025-08-13 20:51:57 - Subject: sub_031, Accuracy: 68.571%
2025-08-13 20:51:57 - Subject: sub_032, Accuracy: 81.579%
2025-08-13 20:51:57 - Subject: sub_033, Accuracy: 75.610%
2025-08-13 20:51:57 - Subject: sub_034, Accuracy: 81.579%
2025-08-13 20:51:57 - Subject: sub_035, Accuracy: 83.721%
2025-08-13 20:51:57 - Subject: sub_036, Accuracy: 91.429%
2025-08-13 20:51:57 - Subject: sub_037, Accuracy: 86.486%
2025-08-13 20:51:57 - Subject: sub_038, Accuracy: 82.353%
2025-08-13 20:51:57 - Subject: sub_039, Accuracy: 89.189%
2025-08-13 20:51:57 - Subject: sub_040, Accuracy: 72.093%
2025-08-13 20:51:57 - Subject: sub_041, Accuracy: 73.913%
2025-08-13 20:51:57 - Subject: sub_042, Accuracy: 80.000%
2025-08-13 20:51:57 - Subject: sub_043, Accuracy: 77.419%
2025-08-13 20:51:57 - Subject: sub_044, Accuracy: 88.889%
2025-08-13 20:51:57 - Subject: sub_045, Accuracy: 86.957%
2025-08-13 20:51:57 - Subject: sub_046, Accuracy: 82.051%
2025-08-13 20:51:57 - Subject: sub_047, Accuracy: 76.744%
2025-08-13 20:51:57 - Subject: sub_048, Accuracy: 79.070%
2025-08-13 20:51:57 - Subject: sub_049, Accuracy: 80.000%
2025-08-13 20:51:57 - Subject: sub_050, Accuracy: 68.421%
2025-08-13 20:51:57 - Subject: sub_051, Accuracy: 83.784%
2025-08-13 20:51:57 - Subject: sub_052, Accuracy: 76.923%
2025-08-13 20:51:57 - Subject: sub_053, Accuracy: 92.857%
2025-08-13 20:51:57 - Subject: sub_054, Accuracy: 77.143%
2025-08-13 20:51:57 - Subject: sub_056, Accuracy: 78.125%
2025-08-13 20:51:57 - Subject: sub_057, Accuracy: 83.333%
2025-08-13 20:51:57 - Subject: sub_058, Accuracy: 90.909%
2025-08-13 20:51:57 - Subject: sub_059, Accuracy: 91.176%
2025-08-13 20:51:57 - Subject: sub_060, Accuracy: 81.818%
2025-08-13 20:51:57 - Subject: sub_061, Accuracy: 68.000%
2025-08-13 20:51:57 - Subject: sub_062, Accuracy: 80.851%
2025-08-13 20:51:57 - Subject: sub_063, Accuracy: 83.784%
2025-08-13 20:51:57 - Subject: sub_064, Accuracy: 81.081%
2025-08-13 20:51:57 - Subject: sub_065, Accuracy: 89.744%
2025-08-13 20:51:57 - Subject: sub_066, Accuracy: 82.051%
2025-08-13 20:51:57 - Subject: sub_067, Accuracy: 80.769%
2025-08-13 20:51:57 - Subject: sub_068, Accuracy: 68.966%
2025-08-13 20:51:57 - Subject: sub_069, Accuracy: 79.412%
2025-08-13 20:51:57 - Subject: sub_070, Accuracy: 88.889%
2025-08-13 20:51:57 - Subject: sub_071, Accuracy: 81.081%
2025-08-13 20:51:57 - Subject: sub_073, Accuracy: 87.097%
2025-08-13 20:51:57 - Subject: sub_074, Accuracy: 90.323%
2025-08-13 20:51:57 - Subject: sub_075, Accuracy: 87.179%
2025-08-13 20:51:57 - Subject: sub_076, Accuracy: 74.194%
2025-08-13 20:51:57 - Subject: sub_077, Accuracy: 87.097%
2025-08-13 20:51:57 - Subject: sub_078, Accuracy: 84.848%
2025-08-13 20:51:57 - Subject: sub_079, Accuracy: 65.625%
2025-08-13 20:51:57 - Subject: sub_080, Accuracy: 88.636%
2025-08-13 20:51:57 - Subject: sub_081, Accuracy: 87.097%
2025-08-13 20:51:57 - Subject: sub_082, Accuracy: 77.551%
2025-08-13 20:51:57 - Subject: sub_083, Accuracy: 91.429%
2025-08-13 20:51:57 - Subject: sub_111, Accuracy: 79.412%
2025-08-13 20:51:57 - Subject: sub_112, Accuracy: 78.378%
2025-08-13 20:51:57 - Subject: sub_113, Accuracy: 76.923%
2025-08-13 20:51:57 - Subject: sub_114, Accuracy: 82.500%
2025-08-13 20:51:57 - Subject: sub_115, Accuracy: 81.250%
2025-08-13 20:51:57 - Subject: sub_116, Accuracy: 75.758%
2025-08-13 20:51:57 - Subject: sub_117, Accuracy: 86.364%
2025-08-13 20:51:57 - Subject: sub_118, Accuracy: 67.647%
2025-08-13 20:51:57 - Subject: sub_119, Accuracy: 77.273%
2025-08-13 20:51:57 - Subject: sub_120, Accuracy: 83.333%
2025-08-13 20:51:57 - Subject: sub_121, Accuracy: 78.378%
2025-08-13 20:51:57 - Subject: sub_122, Accuracy: 89.474%
2025-08-13 20:51:57 - Subject: sub_123, Accuracy: 75.862%
2025-08-13 20:51:57 - Subject: sub_124, Accuracy: 77.419%
2025-08-13 20:51:57 - Subject: sub_125, Accuracy: 80.645%
2025-08-13 20:51:57 - 
AVO Pooled Model Statistics:
2025-08-13 20:51:57 - Mean Accuracy: 0.818
2025-08-13 20:51:57 - 95% Confidence Interval: [0.806, 0.831]
2025-08-13 20:51:57 - Best Subject: sub_004 (0.950)
2025-08-13 20:51:57 - Worst Subject: sub_079 (0.656)
