2025-08-26 11:44:57 - 
Experiment Configuration:
2025-08-26 11:44:57 - --------------------------------------------------
2025-08-26 11:44:57 - dataset: ds005863
2025-08-26 11:44:57 - use_combined_datasets: False
2025-08-26 11:44:57 - electrode_list: all
2025-08-26 11:44:57 - classifier: lda
2025-08-26 11:44:57 - separate_subject_classification: True
2025-08-26 11:44:57 - use_subject_layer: True
2025-08-26 11:44:57 - seeds: [1]
2025-08-26 11:44:57 - --------------------------------------------------
2025-08-26 11:44:57 - 
==================================================
2025-08-26 11:44:57 - Processing Active Visual Oddball Dataset
2025-08-26 11:44:57 - ==================================================
2025-08-26 11:45:00 - Subject: sub-001, Accuracy: 93.023%
2025-08-26 11:45:04 - Subject: sub-002, Accuracy: 90.805%
2025-08-26 11:45:08 - Subject: sub-003, Accuracy: 94.253%
2025-08-26 11:45:09 - Subject: sub-004, Accuracy: 95.402%
2025-08-26 11:45:14 - Subject: sub-005, Accuracy: 89.655%
2025-08-26 11:45:19 - Subject: sub-006, Accuracy: 95.349%
2025-08-26 11:45:28 - Subject: sub-007, Accuracy: 90.698%
2025-08-26 11:45:35 - Subject: sub-008, Accuracy: 93.103%
2025-08-26 11:45:41 - Subject: sub-009, Accuracy: 96.552%
2025-08-26 11:45:41 - Subject: sub-010, Accuracy: 91.954%
2025-08-26 11:45:42 - Subject: sub-011, Accuracy: 94.253%
2025-08-26 11:45:42 - Subject: sub-012, Accuracy: 90.805%
2025-08-26 11:45:44 - Subject: sub-013, Accuracy: 90.805%
2025-08-26 11:45:44 - Subject: sub-014, Accuracy: 93.023%
2025-08-26 11:45:45 - Subject: sub-015, Accuracy: 95.402%
2025-08-26 11:45:45 - Subject: sub-016, Accuracy: 93.103%
2025-08-26 11:45:46 - Subject: sub-017, Accuracy: 96.552%
2025-08-26 11:45:47 - Subject: sub-018, Accuracy: 93.023%
2025-08-26 11:45:47 - Subject: sub-019, Accuracy: 93.103%
2025-08-26 11:45:48 - Subject: sub-020, Accuracy: 92.683%
2025-08-26 11:45:49 - Subject: sub-021, Accuracy: 96.552%
2025-08-26 11:45:52 - Subject: sub-022, Accuracy: 93.023%
2025-08-26 11:45:52 - Subject: sub-023, Accuracy: 93.023%
2025-08-26 11:45:53 - Subject: sub-024, Accuracy: 97.701%
2025-08-26 11:45:53 - Subject: sub-025, Accuracy: 91.954%
2025-08-26 11:45:54 - Subject: sub-026, Accuracy: 91.954%
2025-08-26 11:45:54 - Subject: sub-027, Accuracy: 90.805%
2025-08-26 11:45:55 - Subject: sub-028, Accuracy: 87.059%
2025-08-26 11:45:55 - Subject: sub-029, Accuracy: 95.402%
2025-08-26 11:45:59 - Subject: sub-030, Accuracy: 94.253%
2025-08-26 11:46:05 - Subject: sub-031, Accuracy: 91.954%
2025-08-26 11:46:10 - Subject: sub-032, Accuracy: 94.253%
2025-08-26 11:46:14 - Subject: sub-033, Accuracy: 95.349%
2025-08-26 11:46:15 - Subject: sub-034, Accuracy: 93.103%
2025-08-26 11:46:15 - Subject: sub-035, Accuracy: 90.698%
2025-08-26 11:46:17 - Subject: sub-036, Accuracy: 94.186%
2025-08-26 11:46:18 - Subject: sub-037, Accuracy: 89.655%
2025-08-26 11:46:18 - Subject: sub-038, Accuracy: 94.253%
2025-08-26 11:46:19 - Subject: sub-039, Accuracy: 95.402%
2025-08-26 11:46:19 - Subject: sub-040, Accuracy: 95.402%
2025-08-26 11:46:19 - Subject: sub-041, Accuracy: 95.402%
2025-08-26 11:46:20 - Subject: sub-042, Accuracy: 89.655%
2025-08-26 11:46:20 - Subject: sub-043, Accuracy: 91.954%
2025-08-26 11:46:21 - Subject: sub-044, Accuracy: 95.402%
2025-08-26 11:46:21 - Subject: sub-045, Accuracy: 91.954%
2025-08-26 11:46:22 - Subject: sub-046, Accuracy: 90.805%
2025-08-26 11:46:22 - Subject: sub-047, Accuracy: 95.402%
2025-08-26 11:46:22 - Subject: sub-048, Accuracy: 94.253%
2025-08-26 11:46:23 - Subject: sub-049, Accuracy: 94.253%
2025-08-26 11:46:24 - Subject: sub-050, Accuracy: 93.023%
2025-08-26 11:46:24 - Subject: sub-051, Accuracy: 90.805%
2025-08-26 11:46:25 - Subject: sub-052, Accuracy: 96.512%
2025-08-26 11:46:25 - Subject: sub-053, Accuracy: 94.253%
2025-08-26 11:46:25 - Subject: sub-054, Accuracy: 96.341%
2025-08-26 11:46:26 - Subject: sub-055, Accuracy: 94.286%
2025-08-26 11:46:31 - Subject: sub-056, Accuracy: 93.023%
2025-08-26 11:46:31 - 
Error in Active Visual Oddball - Subject sub-057:
2025-08-26 11:46:31 - [Errno 2] No such file or directory: '/home/vivian/eeg/ds005863/sub-057/eeg/COCOA_070_VO.vmrk'
2025-08-26 11:46:31 - 
Error in Active Visual Oddball - Subject sub-058:
2025-08-26 11:46:31 - [Errno 2] No such file or directory: '/home/vivian/eeg/ds005863/sub-058/eeg/COCOA_071_VO.vmrk'
2025-08-26 11:46:31 - 
Error in Active Visual Oddball - Subject sub-059:
2025-08-26 11:46:31 - [Errno 2] No such file or directory: '/home/vivian/eeg/ds005863/sub-059/eeg/COCOA_072_VO.vmrk'
2025-08-26 11:46:31 - 
Error in Active Visual Oddball - Subject sub-060:
2025-08-26 11:46:31 - [Errno 2] No such file or directory: '/home/vivian/eeg/ds005863/sub-060/eeg/COCOA_073_VO.vmrk'
2025-08-26 11:46:31 - 
Error in Active Visual Oddball - Subject sub-061:
2025-08-26 11:46:31 - [Errno 2] No such file or directory: '/home/vivian/eeg/ds005863/sub-061/eeg/COCOA_074_VO.vmrk'
2025-08-26 11:46:31 - 
Error in Active Visual Oddball - Subject sub-062:
2025-08-26 11:46:31 - [Errno 2] No such file or directory: '/home/vivian/eeg/ds005863/sub-062/eeg/COCOA_075_VO.vmrk'
2025-08-26 11:46:31 - 
Error in Active Visual Oddball - Subject sub-063:
2025-08-26 11:46:31 - [Errno 2] No such file or directory: '/home/vivian/eeg/ds005863/sub-063/eeg/COCOA_076_VO.vmrk'
2025-08-26 11:46:31 - 
Error in Active Visual Oddball - Subject sub-064:
2025-08-26 11:46:31 - [Errno 2] No such file or directory: '/home/vivian/eeg/ds005863/sub-064/eeg/COCOA_077_VO.vmrk'
2025-08-26 11:46:31 - 
Error in Active Visual Oddball - Subject sub-065:
2025-08-26 11:46:31 - [Errno 2] No such file or directory: '/home/vivian/eeg/ds005863/sub-065/eeg/COCOA_078_VO.vmrk'
2025-08-26 11:46:31 - 
Error in Active Visual Oddball - Subject sub-066:
2025-08-26 11:46:31 - [Errno 2] No such file or directory: '/home/vivian/eeg/ds005863/sub-066/eeg/COCOA_079_VO.vmrk'
2025-08-26 11:46:31 - 
Error in Active Visual Oddball - Subject sub-067:
2025-08-26 11:46:31 - [Errno 2] No such file or directory: '/home/vivian/eeg/ds005863/sub-067/eeg/COCOA_080_VO.vmrk'
2025-08-26 11:46:31 - 
Error in Active Visual Oddball - Subject sub-068:
2025-08-26 11:46:31 - [Errno 2] No such file or directory: '/home/vivian/eeg/ds005863/sub-068/eeg/COCOA_081_VO.vmrk'
2025-08-26 11:46:31 - 
Error in Active Visual Oddball - Subject sub-069:
2025-08-26 11:46:31 - [Errno 2] No such file or directory: '/home/vivian/eeg/ds005863/sub-069/eeg/COCOA_082_VO.vmrk'
2025-08-26 11:46:31 - 
Error in Active Visual Oddball - Subject sub-070:
2025-08-26 11:46:31 - [Errno 2] No such file or directory: '/home/vivian/eeg/ds005863/sub-070/eeg/COCOA_083_VO.vmrk'
2025-08-26 11:46:31 - 
Error in Active Visual Oddball - Subject sub-071:
2025-08-26 11:46:31 - [Errno 2] No such file or directory: '/home/vivian/eeg/ds005863/sub-071/eeg/COCOA_084_VO.vmrk'
2025-08-26 11:46:31 - 
Error in Active Visual Oddball - Subject sub-073:
2025-08-26 11:46:31 - [Errno 2] No such file or directory: '/home/vivian/eeg/ds005863/sub-073/eeg/COCOA_086_VO.vmrk'
2025-08-26 11:46:31 - 
Error in Active Visual Oddball - Subject sub-074:
2025-08-26 11:46:31 - [Errno 2] No such file or directory: '/home/vivian/eeg/ds005863/sub-074/eeg/COCOA_087_VO.vmrk'
2025-08-26 11:46:31 - 
Error in Active Visual Oddball - Subject sub-075:
2025-08-26 11:46:31 - [Errno 2] No such file or directory: '/home/vivian/eeg/ds005863/sub-075/eeg/COCOA_088_VO.vmrk'
2025-08-26 11:46:31 - 
Error in Active Visual Oddball - Subject sub-076:
2025-08-26 11:46:31 - [Errno 2] No such file or directory: '/home/vivian/eeg/ds005863/sub-076/eeg/COCOA_089_VO.vmrk'
2025-08-26 11:46:31 - 
Error in Active Visual Oddball - Subject sub-077:
2025-08-26 11:46:31 - [Errno 2] No such file or directory: '/home/vivian/eeg/ds005863/sub-077/eeg/COCOA_090_VO.vmrk'
2025-08-26 11:46:31 - 
Error in Active Visual Oddball - Subject sub-078:
2025-08-26 11:46:31 - [Errno 2] No such file or directory: '/home/vivian/eeg/ds005863/sub-078/eeg/COCOA_092_VO.vmrk'
2025-08-26 11:46:31 - 
Error in Active Visual Oddball - Subject sub-079:
2025-08-26 11:46:31 - [Errno 2] No such file or directory: '/home/vivian/eeg/ds005863/sub-079/eeg/COCOA_093_VO.vmrk'
2025-08-26 11:46:31 - 
Error in Active Visual Oddball - Subject sub-080:
2025-08-26 11:46:31 - [Errno 2] No such file or directory: '/home/vivian/eeg/ds005863/sub-080/eeg/COCOA_094_VO.vmrk'
2025-08-26 11:46:31 - 
Error in Active Visual Oddball - Subject sub-081:
2025-08-26 11:46:31 - [Errno 2] No such file or directory: '/home/vivian/eeg/ds005863/sub-081/eeg/COCOA_095_VO.vmrk'
2025-08-26 11:46:31 - 
Error in Active Visual Oddball - Subject sub-082:
2025-08-26 11:46:31 - [Errno 2] No such file or directory: '/home/vivian/eeg/ds005863/sub-082/eeg/COCOA_096_VO.vmrk'
2025-08-26 11:46:31 - 
Error in Active Visual Oddball - Subject sub-083:
2025-08-26 11:46:31 - [Errno 2] No such file or directory: '/home/vivian/eeg/ds005863/sub-083/eeg/COCOA_097_VO.vmrk'
2025-08-26 11:46:31 - 
Error in Active Visual Oddball - Subject sub-111:
2025-08-26 11:46:31 - [Errno 2] No such file or directory: '/home/vivian/eeg/ds005863/sub-111/eeg/SASA_015_VO.vmrk'
2025-08-26 11:46:31 - 
Error in Active Visual Oddball - Subject sub-112:
2025-08-26 11:46:31 - [Errno 2] No such file or directory: '/home/vivian/eeg/ds005863/sub-112/eeg/SASA_016_VO.vmrk'
2025-08-26 11:46:31 - 
Error in Active Visual Oddball - Subject sub-113:
2025-08-26 11:46:31 - [Errno 2] No such file or directory: '/home/vivian/eeg/ds005863/sub-113/eeg/SASA_017_VO.vmrk'
2025-08-26 11:46:31 - 
Error in Active Visual Oddball - Subject sub-114:
2025-08-26 11:46:31 - [Errno 2] No such file or directory: '/home/vivian/eeg/ds005863/sub-114/eeg/SASA_018_VO.vmrk'
2025-08-26 11:46:31 - 
Error in Active Visual Oddball - Subject sub-115:
2025-08-26 11:46:31 - [Errno 2] No such file or directory: '/home/vivian/eeg/ds005863/sub-115/eeg/SASA_019_VO.vmrk'
2025-08-26 11:46:31 - 
Error in Active Visual Oddball - Subject sub-116:
2025-08-26 11:46:31 - [Errno 2] No such file or directory: '/home/vivian/eeg/ds005863/sub-116/eeg/SASA_020_VO.vmrk'
2025-08-26 11:46:31 - 
Error in Active Visual Oddball - Subject sub-117:
2025-08-26 11:46:31 - [Errno 2] No such file or directory: '/home/vivian/eeg/ds005863/sub-117/eeg/SASA_021_VO.vmrk'
2025-08-26 11:46:31 - 
Error in Active Visual Oddball - Subject sub-118:
2025-08-26 11:46:31 - [Errno 2] No such file or directory: '/home/vivian/eeg/ds005863/sub-118/eeg/SASA_022_VO.vmrk'
2025-08-26 11:46:31 - 
Error in Active Visual Oddball - Subject sub-119:
2025-08-26 11:46:31 - [Errno 2] No such file or directory: '/home/vivian/eeg/ds005863/sub-119/eeg/SASA_023_VO.vmrk'
2025-08-26 11:46:31 - 
Error in Active Visual Oddball - Subject sub-120:
2025-08-26 11:46:31 - [Errno 2] No such file or directory: '/home/vivian/eeg/ds005863/sub-120/eeg/SASA_024_VO.vmrk'
2025-08-26 11:46:31 - 
Error in Active Visual Oddball - Subject sub-121:
2025-08-26 11:46:31 - [Errno 2] No such file or directory: '/home/vivian/eeg/ds005863/sub-121/eeg/SASA_025_VO.vmrk'
2025-08-26 11:46:31 - 
Error in Active Visual Oddball - Subject sub-122:
2025-08-26 11:46:31 - [Errno 2] No such file or directory: '/home/vivian/eeg/ds005863/sub-122/eeg/SASA_026_VO.vmrk'
2025-08-26 11:46:31 - 
Error in Active Visual Oddball - Subject sub-123:
2025-08-26 11:46:31 - [Errno 2] No such file or directory: '/home/vivian/eeg/ds005863/sub-123/eeg/SASA_027_VO.vmrk'
2025-08-26 11:46:31 - 
Error in Active Visual Oddball - Subject sub-124:
2025-08-26 11:46:31 - [Errno 2] No such file or directory: '/home/vivian/eeg/ds005863/sub-124/eeg/SASA_028_VO.vmrk'
2025-08-26 11:46:31 - 
Error in Active Visual Oddball - Subject sub-125:
2025-08-26 11:46:31 - [Errno 2] No such file or directory: '/home/vivian/eeg/ds005863/sub-125/eeg/SASA_029_VO.vmrk'
2025-08-26 11:46:31 - 
Error in Active Visual Oddball - Subject sub-127:
2025-08-26 11:46:31 - [Errno 2] No such file or directory: '/home/vivian/eeg/ds005863/sub-127/eeg/SASA_031_VO.vmrk'
2025-08-26 11:46:31 - Subject: sub-001, Accuracy: 93.023%
2025-08-26 11:46:31 - Subject: sub-002, Accuracy: 90.805%
2025-08-26 11:46:31 - Subject: sub-003, Accuracy: 94.253%
2025-08-26 11:46:31 - Subject: sub-004, Accuracy: 95.402%
2025-08-26 11:46:31 - Subject: sub-005, Accuracy: 89.655%
2025-08-26 11:46:31 - Subject: sub-006, Accuracy: 95.349%
2025-08-26 11:46:31 - Subject: sub-007, Accuracy: 90.698%
2025-08-26 11:46:31 - Subject: sub-008, Accuracy: 93.103%
2025-08-26 11:46:31 - Subject: sub-009, Accuracy: 96.552%
2025-08-26 11:46:31 - Subject: sub-010, Accuracy: 91.954%
2025-08-26 11:46:31 - Subject: sub-011, Accuracy: 94.253%
2025-08-26 11:46:31 - Subject: sub-012, Accuracy: 90.805%
2025-08-26 11:46:31 - Subject: sub-013, Accuracy: 90.805%
2025-08-26 11:46:31 - Subject: sub-014, Accuracy: 93.023%
2025-08-26 11:46:31 - Subject: sub-015, Accuracy: 95.402%
2025-08-26 11:46:31 - Subject: sub-016, Accuracy: 93.103%
2025-08-26 11:46:31 - Subject: sub-017, Accuracy: 96.552%
2025-08-26 11:46:31 - Subject: sub-018, Accuracy: 93.023%
2025-08-26 11:46:31 - Subject: sub-019, Accuracy: 93.103%
2025-08-26 11:46:31 - Subject: sub-020, Accuracy: 92.683%
2025-08-26 11:46:31 - Subject: sub-021, Accuracy: 96.552%
2025-08-26 11:46:31 - Subject: sub-022, Accuracy: 93.023%
2025-08-26 11:46:31 - Subject: sub-023, Accuracy: 93.023%
2025-08-26 11:46:31 - Subject: sub-024, Accuracy: 97.701%
2025-08-26 11:46:31 - Subject: sub-025, Accuracy: 91.954%
2025-08-26 11:46:31 - Subject: sub-026, Accuracy: 91.954%
2025-08-26 11:46:31 - Subject: sub-027, Accuracy: 90.805%
2025-08-26 11:46:31 - Subject: sub-028, Accuracy: 87.059%
2025-08-26 11:46:31 - Subject: sub-029, Accuracy: 95.402%
2025-08-26 11:46:31 - Subject: sub-030, Accuracy: 94.253%
2025-08-26 11:46:31 - Subject: sub-031, Accuracy: 91.954%
2025-08-26 11:46:31 - Subject: sub-032, Accuracy: 94.253%
2025-08-26 11:46:31 - Subject: sub-033, Accuracy: 95.349%
2025-08-26 11:46:31 - Subject: sub-034, Accuracy: 93.103%
2025-08-26 11:46:31 - Subject: sub-035, Accuracy: 90.698%
2025-08-26 11:46:31 - Subject: sub-036, Accuracy: 94.186%
2025-08-26 11:46:31 - Subject: sub-037, Accuracy: 89.655%
2025-08-26 11:46:31 - Subject: sub-038, Accuracy: 94.253%
2025-08-26 11:46:31 - Subject: sub-039, Accuracy: 95.402%
2025-08-26 11:46:31 - Subject: sub-040, Accuracy: 95.402%
2025-08-26 11:46:31 - Subject: sub-041, Accuracy: 95.402%
2025-08-26 11:46:31 - Subject: sub-042, Accuracy: 89.655%
2025-08-26 11:46:31 - Subject: sub-043, Accuracy: 91.954%
2025-08-26 11:46:31 - Subject: sub-044, Accuracy: 95.402%
2025-08-26 11:46:31 - Subject: sub-045, Accuracy: 91.954%
2025-08-26 11:46:31 - Subject: sub-046, Accuracy: 90.805%
2025-08-26 11:46:31 - Subject: sub-047, Accuracy: 95.402%
2025-08-26 11:46:31 - Subject: sub-048, Accuracy: 94.253%
2025-08-26 11:46:31 - Subject: sub-049, Accuracy: 94.253%
2025-08-26 11:46:31 - Subject: sub-050, Accuracy: 93.023%
2025-08-26 11:46:31 - Subject: sub-051, Accuracy: 90.805%
2025-08-26 11:46:31 - Subject: sub-052, Accuracy: 96.512%
2025-08-26 11:46:31 - Subject: sub-053, Accuracy: 94.253%
2025-08-26 11:46:31 - Subject: sub-054, Accuracy: 96.341%
2025-08-26 11:46:31 - Subject: sub-055, Accuracy: 94.286%
2025-08-26 11:46:31 - Subject: sub-056, Accuracy: 93.023%
2025-08-26 11:46:31 - 
AVO Individual Models Statistics:
2025-08-26 11:46:31 - Mean Accuracy: 0.933
2025-08-26 11:46:31 - 95% Confidence Interval: [0.927, 0.939]
2025-08-26 11:46:31 - Best Subject: sub-024 (0.977)
2025-08-26 11:46:31 - Worst Subject: sub-028 (0.871)
