2025-08-13 21:13:23 - 
Experiment Configuration:
2025-08-13 21:13:23 - --------------------------------------------------
2025-08-13 21:13:23 - dataset: use_combined_datasets
2025-08-13 21:13:23 - use_combined_datasets: True
2025-08-13 21:13:23 - electrode_list: common
2025-08-13 21:13:23 - classifier: ShallowFBCSPNet
2025-08-13 21:13:23 - separate_subject_classification: False
2025-08-13 21:13:23 - use_subject_layer: True
2025-08-13 21:13:23 - seeds: [1]
2025-08-13 21:13:23 - --------------------------------------------------
2025-08-13 21:13:23 - 
==================================================
2025-08-13 21:13:23 - Processing Combined P3 and AVO Datasets
2025-08-13 21:13:23 - ==================================================
2025-08-13 21:20:26 - Subject: P3_sub-001, Accuracy: 87.209%
2025-08-13 21:20:26 - Subject: P3_sub-002, Accuracy: 89.286%
2025-08-13 21:20:26 - Subject: P3_sub-003, Accuracy: 98.462%
2025-08-13 21:20:26 - Subject: P3_sub-004, Accuracy: 93.902%
2025-08-13 21:20:26 - Subject: P3_sub-005, Accuracy: 95.789%
2025-08-13 21:20:26 - Subject: P3_sub-006, Accuracy: 91.579%
2025-08-13 21:20:26 - Subject: P3_sub-007, Accuracy: 91.209%
2025-08-13 21:20:26 - Subject: P3_sub-008, Accuracy: 89.855%
2025-08-13 21:20:26 - Subject: P3_sub-009, Accuracy: 94.505%
2025-08-13 21:20:26 - Subject: P3_sub-010, Accuracy: 95.588%
2025-08-13 21:20:26 - Subject: P3_sub-011, Accuracy: 97.333%
2025-08-13 21:20:26 - Subject: P3_sub-012, Accuracy: 91.566%
2025-08-13 21:20:26 - Subject: P3_sub-013, Accuracy: 92.208%
2025-08-13 21:20:26 - Subject: P3_sub-014, Accuracy: 96.250%
2025-08-13 21:20:26 - Subject: P3_sub-015, Accuracy: 95.455%
2025-08-13 21:20:26 - Subject: P3_sub-016, Accuracy: 94.667%
2025-08-13 21:20:26 - Subject: P3_sub-017, Accuracy: 94.203%
2025-08-13 21:20:26 - Subject: P3_sub-018, Accuracy: 89.394%
2025-08-13 21:20:26 - Subject: P3_sub-019, Accuracy: 97.143%
2025-08-13 21:20:26 - Subject: P3_sub-020, Accuracy: 91.667%
2025-08-13 21:20:26 - Subject: P3_sub-021, Accuracy: 97.436%
2025-08-13 21:20:26 - Subject: P3_sub-022, Accuracy: 100.000%
2025-08-13 21:20:26 - Subject: P3_sub-023, Accuracy: 95.238%
2025-08-13 21:20:26 - Subject: P3_sub-024, Accuracy: 96.341%
2025-08-13 21:20:26 - Subject: P3_sub-025, Accuracy: 90.667%
2025-08-13 21:20:26 - Subject: P3_sub-026, Accuracy: 92.958%
2025-08-13 21:20:26 - Subject: P3_sub-027, Accuracy: 98.387%
2025-08-13 21:20:26 - Subject: P3_sub-028, Accuracy: 96.104%
2025-08-13 21:20:26 - Subject: P3_sub-029, Accuracy: 94.253%
2025-08-13 21:20:26 - Subject: P3_sub-030, Accuracy: 98.649%
2025-08-13 21:20:26 - Subject: P3_sub-031, Accuracy: 96.386%
2025-08-13 21:20:26 - Subject: P3_sub-032, Accuracy: 94.444%
2025-08-13 21:20:26 - Subject: P3_sub-033, Accuracy: 95.775%
2025-08-13 21:20:26 - Subject: P3_sub-034, Accuracy: 91.250%
2025-08-13 21:20:26 - Subject: P3_sub-035, Accuracy: 96.296%
2025-08-13 21:20:26 - Subject: P3_sub-036, Accuracy: 98.810%
2025-08-13 21:20:26 - Subject: P3_sub-037, Accuracy: 90.909%
2025-08-13 21:20:26 - Subject: P3_sub-038, Accuracy: 93.478%
2025-08-13 21:20:26 - Subject: P3_sub-039, Accuracy: 94.318%
2025-08-13 21:20:26 - Subject: P3_sub-040, Accuracy: 96.296%
2025-08-13 21:20:26 - Subject: AVO_001, Accuracy: 78.261%
2025-08-13 21:20:26 - Subject: AVO_002, Accuracy: 80.556%
2025-08-13 21:20:26 - Subject: AVO_003, Accuracy: 80.000%
2025-08-13 21:20:26 - Subject: AVO_004, Accuracy: 54.545%
2025-08-13 21:20:26 - Subject: AVO_005, Accuracy: 66.667%
2025-08-13 21:20:26 - Subject: AVO_006, Accuracy: 76.087%
2025-08-13 21:20:26 - Subject: AVO_007, Accuracy: 68.571%
2025-08-13 21:20:26 - Subject: AVO_008, Accuracy: 79.412%
2025-08-13 21:20:26 - Subject: AVO_009, Accuracy: 77.778%
2025-08-13 21:20:26 - Subject: AVO_010, Accuracy: 72.222%
2025-08-13 21:20:26 - Subject: AVO_011, Accuracy: 62.963%
2025-08-13 21:20:26 - Subject: AVO_012, Accuracy: 88.889%
2025-08-13 21:20:26 - Subject: AVO_013, Accuracy: 81.081%
2025-08-13 21:20:26 - Subject: AVO_014, Accuracy: 72.414%
2025-08-13 21:20:26 - Subject: AVO_015, Accuracy: 73.077%
2025-08-13 21:20:26 - Subject: AVO_016, Accuracy: 81.818%
2025-08-13 21:20:26 - Subject: AVO_017, Accuracy: 85.294%
2025-08-13 21:20:26 - Subject: AVO_018, Accuracy: 72.727%
2025-08-13 21:20:26 - Subject: AVO_019, Accuracy: 82.051%
2025-08-13 21:20:26 - Subject: AVO_020, Accuracy: 72.414%
2025-08-13 21:20:26 - Subject: AVO_021, Accuracy: 91.429%
2025-08-13 21:20:26 - Subject: AVO_022, Accuracy: 68.421%
2025-08-13 21:20:26 - Subject: AVO_023, Accuracy: 84.615%
2025-08-13 21:20:26 - Subject: AVO_024, Accuracy: 79.245%
2025-08-13 21:20:26 - Subject: AVO_025, Accuracy: 64.516%
2025-08-13 21:20:26 - Subject: AVO_026, Accuracy: 76.667%
2025-08-13 21:20:26 - Subject: AVO_027, Accuracy: 82.051%
2025-08-13 21:20:26 - Subject: AVO_028, Accuracy: 73.469%
2025-08-13 21:20:26 - Subject: AVO_029, Accuracy: 72.222%
2025-08-13 21:20:26 - Subject: AVO_030, Accuracy: 69.048%
2025-08-13 21:20:26 - Subject: AVO_031, Accuracy: 81.579%
2025-08-13 21:20:26 - Subject: AVO_032, Accuracy: 77.273%
2025-08-13 21:20:26 - Subject: AVO_033, Accuracy: 85.294%
2025-08-13 21:20:26 - Subject: AVO_034, Accuracy: 75.758%
2025-08-13 21:20:26 - Subject: AVO_035, Accuracy: 78.378%
2025-08-13 21:20:26 - Subject: AVO_036, Accuracy: 73.684%
2025-08-13 21:20:26 - Subject: AVO_037, Accuracy: 72.973%
2025-08-13 21:20:26 - Subject: AVO_038, Accuracy: 70.213%
2025-08-13 21:20:26 - Subject: AVO_039, Accuracy: 85.000%
2025-08-13 21:20:26 - Subject: AVO_040, Accuracy: 84.783%
2025-08-13 21:20:26 - Subject: AVO_041, Accuracy: 89.189%
2025-08-13 21:20:26 - Subject: AVO_042, Accuracy: 81.395%
2025-08-13 21:20:26 - Subject: AVO_043, Accuracy: 71.875%
2025-08-13 21:20:26 - Subject: AVO_044, Accuracy: 84.375%
2025-08-13 21:20:26 - Subject: AVO_045, Accuracy: 88.000%
2025-08-13 21:20:26 - Subject: AVO_046, Accuracy: 76.316%
2025-08-13 21:20:26 - Subject: AVO_047, Accuracy: 78.378%
2025-08-13 21:20:26 - Subject: AVO_048, Accuracy: 78.947%
2025-08-13 21:20:26 - Subject: AVO_049, Accuracy: 93.750%
2025-08-13 21:20:26 - Subject: AVO_050, Accuracy: 86.667%
2025-08-13 21:20:26 - Subject: AVO_051, Accuracy: 84.444%
2025-08-13 21:20:26 - Subject: AVO_052, Accuracy: 73.810%
2025-08-13 21:20:26 - Subject: AVO_053, Accuracy: 75.610%
2025-08-13 21:20:26 - Subject: AVO_054, Accuracy: 78.947%
2025-08-13 21:20:26 - Subject: AVO_056, Accuracy: 68.000%
2025-08-13 21:20:26 - Subject: AVO_057, Accuracy: 79.592%
2025-08-13 21:20:26 - Subject: AVO_058, Accuracy: 76.596%
2025-08-13 21:20:26 - Subject: AVO_059, Accuracy: 89.655%
2025-08-13 21:20:26 - Subject: AVO_060, Accuracy: 81.579%
2025-08-13 21:20:26 - Subject: AVO_061, Accuracy: 87.500%
2025-08-13 21:20:26 - Subject: AVO_062, Accuracy: 64.583%
2025-08-13 21:20:26 - Subject: AVO_063, Accuracy: 72.973%
2025-08-13 21:20:26 - Subject: AVO_064, Accuracy: 67.647%
2025-08-13 21:20:26 - Subject: AVO_065, Accuracy: 90.000%
2025-08-13 21:20:26 - Subject: AVO_066, Accuracy: 76.923%
2025-08-13 21:20:26 - Subject: AVO_067, Accuracy: 79.487%
2025-08-13 21:20:26 - Subject: AVO_068, Accuracy: 74.286%
2025-08-13 21:20:26 - Subject: AVO_069, Accuracy: 92.857%
2025-08-13 21:20:26 - Subject: AVO_070, Accuracy: 77.419%
2025-08-13 21:20:26 - Subject: AVO_071, Accuracy: 85.714%
2025-08-13 21:20:26 - Subject: AVO_073, Accuracy: 78.378%
2025-08-13 21:20:26 - Subject: AVO_074, Accuracy: 83.333%
2025-08-13 21:20:26 - Subject: AVO_075, Accuracy: 90.909%
2025-08-13 21:20:26 - Subject: AVO_076, Accuracy: 69.767%
2025-08-13 21:20:26 - Subject: AVO_077, Accuracy: 70.270%
2025-08-13 21:20:26 - Subject: AVO_078, Accuracy: 86.047%
2025-08-13 21:20:26 - Subject: AVO_079, Accuracy: 73.529%
2025-08-13 21:20:26 - Subject: AVO_080, Accuracy: 81.081%
2025-08-13 21:20:26 - Subject: AVO_081, Accuracy: 69.444%
2025-08-13 21:20:26 - Subject: AVO_082, Accuracy: 64.516%
2025-08-13 21:20:26 - Subject: AVO_083, Accuracy: 67.742%
2025-08-13 21:20:26 - Subject: AVO_111, Accuracy: 81.250%
2025-08-13 21:20:26 - Subject: AVO_112, Accuracy: 89.286%
2025-08-13 21:20:26 - Subject: AVO_113, Accuracy: 63.415%
2025-08-13 21:20:26 - Subject: AVO_114, Accuracy: 59.375%
2025-08-13 21:20:26 - Subject: AVO_115, Accuracy: 84.615%
2025-08-13 21:20:26 - Subject: AVO_116, Accuracy: 78.788%
2025-08-13 21:20:26 - Subject: AVO_117, Accuracy: 84.375%
2025-08-13 21:20:26 - Subject: AVO_118, Accuracy: 76.316%
2025-08-13 21:20:26 - Subject: AVO_119, Accuracy: 84.211%
2025-08-13 21:20:26 - Subject: AVO_120, Accuracy: 78.378%
2025-08-13 21:20:26 - Subject: AVO_121, Accuracy: 75.000%
2025-08-13 21:20:26 - Subject: AVO_122, Accuracy: 75.758%
2025-08-13 21:20:26 - Subject: AVO_123, Accuracy: 81.579%
2025-08-13 21:20:26 - Subject: AVO_124, Accuracy: 82.857%
2025-08-13 21:20:26 - Subject: AVO_125, Accuracy: 96.552%
2025-08-13 21:20:26 - 
Combined Model (All Subjects) Statistics:
2025-08-13 21:20:26 - Mean Accuracy: 0.828
2025-08-13 21:20:26 - 95% Confidence Interval: [0.811, 0.845]
2025-08-13 21:20:26 - Best Subject: P3_sub-022 (1.000)
2025-08-13 21:20:26 - Worst Subject: AVO_004 (0.545)
2025-08-13 21:20:26 - 
Combined Model – P3 Subjects Statistics:
2025-08-13 21:20:26 - Mean Accuracy: 0.944
2025-08-13 21:20:26 - 95% Confidence Interval: [0.934, 0.953]
2025-08-13 21:20:26 - Best Subject: P3_sub-022 (1.000)
2025-08-13 21:20:26 - Worst Subject: P3_sub-001 (0.872)
2025-08-13 21:20:26 - 
Combined Model – AVO Subjects Statistics:
2025-08-13 21:20:26 - Mean Accuracy: 0.780
2025-08-13 21:20:26 - 95% Confidence Interval: [0.764, 0.796]
2025-08-13 21:20:26 - Best Subject: AVO_125 (0.966)
2025-08-13 21:20:26 - Worst Subject: AVO_004 (0.545)
