2025-08-13 21:01:47 - 
Experiment Configuration:
2025-08-13 21:01:47 - --------------------------------------------------
2025-08-13 21:01:47 - dataset: P3 Raw Data BIDS-Compatible
2025-08-13 21:01:47 - use_combined_datasets: False
2025-08-13 21:01:47 - electrode_list: all
2025-08-13 21:01:47 - classifier: ShallowFBCSPNet
2025-08-13 21:01:47 - separate_subject_classification: False
2025-08-13 21:01:47 - use_subject_layer: True
2025-08-13 21:01:47 - seeds: [1]
2025-08-13 21:01:47 - --------------------------------------------------
2025-08-13 21:01:47 - 
==================================================
2025-08-13 21:01:47 - Processing P3 Dataset
2025-08-13 21:01:47 - ==================================================
2025-08-13 21:04:59 - Subject: sub-001, Accuracy: 90.909%
2025-08-13 21:04:59 - Subject: sub-002, Accuracy: 93.939%
2025-08-13 21:04:59 - Subject: sub-003, Accuracy: 93.590%
2025-08-13 21:04:59 - Subject: sub-004, Accuracy: 95.349%
2025-08-13 21:04:59 - Subject: sub-005, Accuracy: 86.486%
2025-08-13 21:04:59 - Subject: sub-006, Accuracy: 95.604%
2025-08-13 21:04:59 - Subject: sub-007, Accuracy: 97.701%
2025-08-13 21:04:59 - Subject: sub-008, Accuracy: 97.436%
2025-08-13 21:04:59 - Subject: sub-009, Accuracy: 95.000%
2025-08-13 21:04:59 - Subject: sub-010, Accuracy: 92.222%
2025-08-13 21:04:59 - Subject: sub-011, Accuracy: 97.143%
2025-08-13 21:04:59 - Subject: sub-012, Accuracy: 95.238%
2025-08-13 21:04:59 - Subject: sub-013, Accuracy: 92.105%
2025-08-13 21:04:59 - Subject: sub-014, Accuracy: 97.436%
2025-08-13 21:04:59 - Subject: sub-015, Accuracy: 96.471%
2025-08-13 21:04:59 - Subject: sub-016, Accuracy: 97.403%
2025-08-13 21:04:59 - Subject: sub-017, Accuracy: 96.053%
2025-08-13 21:04:59 - Subject: sub-018, Accuracy: 92.771%
2025-08-13 21:04:59 - Subject: sub-019, Accuracy: 98.438%
2025-08-13 21:04:59 - Subject: sub-020, Accuracy: 94.186%
2025-08-13 21:04:59 - Subject: sub-021, Accuracy: 95.506%
2025-08-13 21:04:59 - Subject: sub-022, Accuracy: 97.468%
2025-08-13 21:04:59 - Subject: sub-023, Accuracy: 82.353%
2025-08-13 21:04:59 - Subject: sub-024, Accuracy: 92.771%
2025-08-13 21:04:59 - Subject: sub-025, Accuracy: 98.750%
2025-08-13 21:04:59 - Subject: sub-026, Accuracy: 93.976%
2025-08-13 21:04:59 - Subject: sub-027, Accuracy: 97.590%
2025-08-13 21:04:59 - Subject: sub-028, Accuracy: 94.048%
2025-08-13 21:04:59 - Subject: sub-029, Accuracy: 97.297%
2025-08-13 21:04:59 - Subject: sub-030, Accuracy: 98.765%
2025-08-13 21:04:59 - Subject: sub-031, Accuracy: 94.595%
2025-08-13 21:04:59 - Subject: sub-032, Accuracy: 93.590%
2025-08-13 21:04:59 - Subject: sub-033, Accuracy: 96.203%
2025-08-13 21:04:59 - Subject: sub-034, Accuracy: 93.023%
2025-08-13 21:04:59 - Subject: sub-035, Accuracy: 97.753%
2025-08-13 21:04:59 - Subject: sub-036, Accuracy: 97.333%
2025-08-13 21:04:59 - Subject: sub-037, Accuracy: 91.549%
2025-08-13 21:04:59 - Subject: sub-038, Accuracy: 95.238%
2025-08-13 21:04:59 - Subject: sub-039, Accuracy: 91.011%
2025-08-13 21:04:59 - Subject: sub-040, Accuracy: 98.507%
2025-08-13 21:04:59 - 
P3 Pooled Model Statistics:
2025-08-13 21:04:59 - Mean Accuracy: 0.948
2025-08-13 21:04:59 - 95% Confidence Interval: [0.938, 0.959]
2025-08-13 21:04:59 - Best Subject: sub-030 (0.988)
2025-08-13 21:04:59 - Worst Subject: sub-023 (0.824)
