2025-08-26 12:02:00 - 
Experiment Configuration:
2025-08-26 12:02:00 - --------------------------------------------------
2025-08-26 12:02:00 - dataset: P3 Raw Data BIDS-Compatible
2025-08-26 12:02:00 - use_combined_datasets: False
2025-08-26 12:02:00 - electrode_list: common
2025-08-26 12:02:00 - classifier: lda
2025-08-26 12:02:00 - separate_subject_classification: True
2025-08-26 12:02:00 - use_subject_layer: True
2025-08-26 12:02:00 - seeds: [1]
2025-08-26 12:02:00 - --------------------------------------------------
2025-08-26 12:02:00 - 
==================================================
2025-08-26 12:02:00 - Processing P3 Dataset
2025-08-26 12:02:00 - ==================================================
2025-08-26 12:02:04 - Subject: sub-001, Accuracy: 67.500%
2025-08-26 12:02:08 - Subject: sub-002, Accuracy: 77.500%
2025-08-26 12:02:12 - Subject: sub-003, Accuracy: 87.500%
2025-08-26 12:02:15 - Subject: sub-004, Accuracy: 80.000%
2025-08-26 12:02:19 - Subject: sub-005, Accuracy: 77.500%
2025-08-26 12:02:20 - Subject: sub-006, Accuracy: 70.000%
2025-08-26 12:02:20 - Subject: sub-007, Accuracy: 85.000%
2025-08-26 12:02:20 - Subject: sub-008, Accuracy: 67.500%
2025-08-26 12:02:21 - Subject: sub-009, Accuracy: 77.500%
2025-08-26 12:02:21 - Subject: sub-010, Accuracy: 75.000%
2025-08-26 12:02:22 - Subject: sub-011, Accuracy: 65.000%
