2025-08-13 20:58:32 - 
Experiment Configuration:
2025-08-13 20:58:32 - --------------------------------------------------
2025-08-13 20:58:32 - dataset: P3 Raw Data BIDS-Compatible
2025-08-13 20:58:32 - use_combined_datasets: False
2025-08-13 20:58:32 - electrode_list: common
2025-08-13 20:58:32 - classifier: ShallowFBCSPNet
2025-08-13 20:58:32 - separate_subject_classification: False
2025-08-13 20:58:32 - use_subject_layer: True
2025-08-13 20:58:32 - seeds: [1]
2025-08-13 20:58:32 - --------------------------------------------------
2025-08-13 20:58:32 - 
==================================================
2025-08-13 20:58:32 - Processing P3 Dataset
2025-08-13 20:58:32 - ==================================================
2025-08-13 21:01:41 - Subject: sub-001, Accuracy: 90.244%
2025-08-13 21:01:41 - Subject: sub-002, Accuracy: 95.122%
2025-08-13 21:01:41 - Subject: sub-003, Accuracy: 90.323%
2025-08-13 21:01:41 - Subject: sub-004, Accuracy: 98.592%
2025-08-13 21:01:41 - Subject: sub-005, Accuracy: 94.030%
2025-08-13 21:01:41 - Subject: sub-006, Accuracy: 94.737%
2025-08-13 21:01:41 - Subject: sub-007, Accuracy: 97.727%
2025-08-13 21:01:41 - Subject: sub-008, Accuracy: 94.366%
2025-08-13 21:01:41 - Subject: sub-009, Accuracy: 97.872%
2025-08-13 21:01:41 - Subject: sub-010, Accuracy: 96.774%
2025-08-13 21:01:41 - Subject: sub-011, Accuracy: 97.619%
2025-08-13 21:01:41 - Subject: sub-012, Accuracy: 97.368%
2025-08-13 21:01:41 - Subject: sub-013, Accuracy: 88.889%
2025-08-13 21:01:41 - Subject: sub-014, Accuracy: 96.203%
2025-08-13 21:01:41 - Subject: sub-015, Accuracy: 95.522%
2025-08-13 21:01:41 - Subject: sub-016, Accuracy: 95.455%
2025-08-13 21:01:41 - Subject: sub-017, Accuracy: 94.048%
2025-08-13 21:01:41 - Subject: sub-018, Accuracy: 93.258%
2025-08-13 21:01:41 - Subject: sub-019, Accuracy: 97.727%
2025-08-13 21:01:41 - Subject: sub-020, Accuracy: 92.593%
2025-08-13 21:01:41 - Subject: sub-021, Accuracy: 94.805%
2025-08-13 21:01:41 - Subject: sub-022, Accuracy: 92.105%
2025-08-13 21:01:41 - Subject: sub-023, Accuracy: 90.110%
2025-08-13 21:01:41 - Subject: sub-024, Accuracy: 92.941%
2025-08-13 21:01:41 - Subject: sub-025, Accuracy: 94.444%
2025-08-13 21:01:41 - Subject: sub-026, Accuracy: 94.737%
2025-08-13 21:01:41 - Subject: sub-027, Accuracy: 93.750%
2025-08-13 21:01:41 - Subject: sub-028, Accuracy: 96.203%
2025-08-13 21:01:41 - Subject: sub-029, Accuracy: 94.186%
2025-08-13 21:01:41 - Subject: sub-030, Accuracy: 100.000%
2025-08-13 21:01:41 - Subject: sub-031, Accuracy: 95.946%
2025-08-13 21:01:41 - Subject: sub-032, Accuracy: 91.209%
2025-08-13 21:01:41 - Subject: sub-033, Accuracy: 92.500%
2025-08-13 21:01:41 - Subject: sub-034, Accuracy: 94.366%
2025-08-13 21:01:41 - Subject: sub-035, Accuracy: 96.104%
2025-08-13 21:01:41 - Subject: sub-036, Accuracy: 97.059%
2025-08-13 21:01:41 - Subject: sub-037, Accuracy: 94.624%
2025-08-13 21:01:41 - Subject: sub-038, Accuracy: 95.181%
2025-08-13 21:01:41 - Subject: sub-039, Accuracy: 92.941%
2025-08-13 21:01:41 - Subject: sub-040, Accuracy: 100.000%
2025-08-13 21:01:41 - 
P3 Pooled Model Statistics:
2025-08-13 21:01:41 - Mean Accuracy: 0.948
2025-08-13 21:01:41 - 95% Confidence Interval: [0.940, 0.956]
2025-08-13 21:01:41 - Best Subject: sub-030 (1.000)
2025-08-13 21:01:41 - Worst Subject: sub-013 (0.889)
