2025-08-29 15:02:27 - 
Experiment Configuration:
2025-08-29 15:02:27 - --------------------------------------------------
2025-08-29 15:02:27 - dataset: ds005863
2025-08-29 15:02:27 - use_combined_datasets: False
2025-08-29 15:02:27 - electrode_list: all
2025-08-29 15:02:27 - classifier: ShallowFBCSPNet
2025-08-29 15:02:27 - separate_subject_classification: False
2025-08-29 15:02:27 - use_subject_layer: False
2025-08-29 15:02:27 - seeds: [1]
2025-08-29 15:02:27 - --------------------------------------------------
2025-08-29 15:02:27 - 
==================================================
2025-08-29 15:02:27 - Processing Active Visual Oddball Dataset
2025-08-29 15:02:27 - ==================================================
2025-08-29 15:08:00 - 
Confusion matrix saved to: ./results\experiment_20250829_150227\confusion_matrices\AVO_ShallowFBCSPNet_Fp1_Fz_F3_F7_FC5_FC1_C3_T7_CP5_CP1_Pz_P3_P7_O1_Oz_O2_P4_P8_CP6_CP2_C4_FC6_FC2_F4_F8_Fp2_pooled_confusion_matrix.png

2025-08-29 15:08:00 - Subject: sub_001
2025-08-29 15:08:00 -   Accuracy: 95.122%
2025-08-29 15:08:00 -   Precision: 0.000
2025-08-29 15:08:00 -   Recall: 0.000
2025-08-29 15:08:00 -   F1 Score: 0.000
2025-08-29 15:08:00 -   AUC: 0.000
2025-08-29 15:08:00 -   Correct/Total: 39/41
2025-08-29 15:08:00 - Subject: sub_002
2025-08-29 15:08:00 -   Accuracy: 93.103%
2025-08-29 15:08:00 -   Precision: 0.000
2025-08-29 15:08:00 -   Recall: 0.000
2025-08-29 15:08:00 -   F1 Score: 0.000
2025-08-29 15:08:00 -   AUC: 0.000
2025-08-29 15:08:00 -   Correct/Total: 54/58
2025-08-29 15:08:00 - Subject: sub_003
2025-08-29 15:08:00 -   Accuracy: 97.500%
2025-08-29 15:08:00 -   Precision: 0.000
2025-08-29 15:08:00 -   Recall: 0.000
2025-08-29 15:08:00 -   F1 Score: 0.000
2025-08-29 15:08:00 -   AUC: 0.000
2025-08-29 15:08:00 -   Correct/Total: 39/40
2025-08-29 15:08:00 - Subject: sub_004
2025-08-29 15:08:00 -   Accuracy: 93.333%
2025-08-29 15:08:00 -   Precision: 0.000
2025-08-29 15:08:00 -   Recall: 0.000
2025-08-29 15:08:00 -   F1 Score: 0.000
2025-08-29 15:08:00 -   AUC: 0.000
2025-08-29 15:08:00 -   Correct/Total: 42/45
2025-08-29 15:08:00 - Subject: sub_005
2025-08-29 15:08:00 -   Accuracy: 87.273%
2025-08-29 15:08:00 -   Precision: 0.000
2025-08-29 15:08:00 -   Recall: 0.000
2025-08-29 15:08:00 -   F1 Score: 0.000
2025-08-29 15:08:00 -   AUC: 0.000
2025-08-29 15:08:00 -   Correct/Total: 48/55
2025-08-29 15:08:00 - Subject: sub_006
2025-08-29 15:08:00 -   Accuracy: 85.714%
2025-08-29 15:08:00 -   Precision: 0.000
2025-08-29 15:08:00 -   Recall: 0.000
2025-08-29 15:08:00 -   F1 Score: 0.000
2025-08-29 15:08:00 -   AUC: 0.000
2025-08-29 15:08:00 -   Correct/Total: 36/42
2025-08-29 15:08:00 - Subject: sub_007
2025-08-29 15:08:00 -   Accuracy: 90.698%
2025-08-29 15:08:00 -   Precision: 0.000
2025-08-29 15:08:00 -   Recall: 0.000
2025-08-29 15:08:00 -   F1 Score: 0.000
2025-08-29 15:08:00 -   AUC: 0.000
2025-08-29 15:08:00 -   Correct/Total: 39/43
2025-08-29 15:08:00 - Subject: sub_008
2025-08-29 15:08:00 -   Accuracy: 94.828%
2025-08-29 15:08:00 -   Precision: 0.000
2025-08-29 15:08:00 -   Recall: 0.000
2025-08-29 15:08:00 -   F1 Score: 0.000
2025-08-29 15:08:00 -   AUC: 0.000
2025-08-29 15:08:00 -   Correct/Total: 55/58
2025-08-29 15:08:00 - Subject: sub_009
2025-08-29 15:08:00 -   Accuracy: 82.222%
2025-08-29 15:08:00 -   Precision: 0.000
2025-08-29 15:08:00 -   Recall: 0.000
2025-08-29 15:08:00 -   F1 Score: 0.000
2025-08-29 15:08:00 -   AUC: 0.000
2025-08-29 15:08:00 -   Correct/Total: 37/45
2025-08-29 15:08:00 - Subject: sub_010
2025-08-29 15:08:00 -   Accuracy: 93.333%
2025-08-29 15:08:00 -   Precision: 0.000
2025-08-29 15:08:00 -   Recall: 0.000
2025-08-29 15:08:00 -   F1 Score: 0.000
2025-08-29 15:08:00 -   AUC: 0.000
2025-08-29 15:08:00 -   Correct/Total: 42/45
2025-08-29 15:08:00 - Subject: sub_011
2025-08-29 15:08:00 -   Accuracy: 97.143%
2025-08-29 15:08:00 -   Precision: 0.000
2025-08-29 15:08:00 -   Recall: 0.000
2025-08-29 15:08:00 -   F1 Score: 0.000
2025-08-29 15:08:00 -   AUC: 0.000
2025-08-29 15:08:00 -   Correct/Total: 34/35
2025-08-29 15:08:00 - Subject: sub_012
2025-08-29 15:08:00 -   Accuracy: 97.436%
2025-08-29 15:08:00 -   Precision: 0.000
2025-08-29 15:08:00 -   Recall: 0.000
2025-08-29 15:08:00 -   F1 Score: 0.000
2025-08-29 15:08:00 -   AUC: 0.000
2025-08-29 15:08:00 -   Correct/Total: 38/39
2025-08-29 15:08:00 - Subject: sub_013
2025-08-29 15:08:00 -   Accuracy: 95.745%
2025-08-29 15:08:00 -   Precision: 0.000
2025-08-29 15:08:00 -   Recall: 0.000
2025-08-29 15:08:00 -   F1 Score: 0.000
2025-08-29 15:08:00 -   AUC: 0.000
2025-08-29 15:08:00 -   Correct/Total: 45/47
2025-08-29 15:08:00 - Subject: sub_014
2025-08-29 15:08:00 -   Accuracy: 94.737%
2025-08-29 15:08:00 -   Precision: 0.000
2025-08-29 15:08:00 -   Recall: 0.000
2025-08-29 15:08:00 -   F1 Score: 0.000
2025-08-29 15:08:00 -   AUC: 0.000
2025-08-29 15:08:00 -   Correct/Total: 36/38
2025-08-29 15:08:00 - Subject: sub_015
2025-08-29 15:08:00 -   Accuracy: 89.744%
2025-08-29 15:08:00 -   Precision: 0.000
2025-08-29 15:08:00 -   Recall: 0.000
2025-08-29 15:08:00 -   F1 Score: 0.000
2025-08-29 15:08:00 -   AUC: 0.000
2025-08-29 15:08:00 -   Correct/Total: 35/39
2025-08-29 15:08:00 - Subject: sub_016
2025-08-29 15:08:00 -   Accuracy: 92.308%
2025-08-29 15:08:00 -   Precision: 0.000
2025-08-29 15:08:00 -   Recall: 0.000
2025-08-29 15:08:00 -   F1 Score: 0.000
2025-08-29 15:08:00 -   AUC: 0.000
2025-08-29 15:08:00 -   Correct/Total: 36/39
2025-08-29 15:08:00 - Subject: sub_017
2025-08-29 15:08:00 -   Accuracy: 92.500%
2025-08-29 15:08:00 -   Precision: 0.000
2025-08-29 15:08:00 -   Recall: 0.000
2025-08-29 15:08:00 -   F1 Score: 0.000
2025-08-29 15:08:00 -   AUC: 0.000
2025-08-29 15:08:00 -   Correct/Total: 37/40
2025-08-29 15:08:00 - Subject: sub_018
2025-08-29 15:08:00 -   Accuracy: 91.489%
2025-08-29 15:08:00 -   Precision: 0.000
2025-08-29 15:08:00 -   Recall: 0.000
2025-08-29 15:08:00 -   F1 Score: 0.000
2025-08-29 15:08:00 -   AUC: 0.000
2025-08-29 15:08:00 -   Correct/Total: 43/47
2025-08-29 15:08:00 - Subject: sub_019
2025-08-29 15:08:00 -   Accuracy: 95.238%
2025-08-29 15:08:00 -   Precision: 0.000
2025-08-29 15:08:00 -   Recall: 0.000
2025-08-29 15:08:00 -   F1 Score: 0.000
2025-08-29 15:08:00 -   AUC: 0.000
2025-08-29 15:08:00 -   Correct/Total: 40/42
2025-08-29 15:08:00 - Subject: sub_020
2025-08-29 15:08:00 -   Accuracy: 92.683%
2025-08-29 15:08:00 -   Precision: 0.000
2025-08-29 15:08:00 -   Recall: 0.000
2025-08-29 15:08:00 -   F1 Score: 0.000
2025-08-29 15:08:00 -   AUC: 0.000
2025-08-29 15:08:00 -   Correct/Total: 38/41
2025-08-29 15:08:00 - Subject: sub_021
2025-08-29 15:08:00 -   Accuracy: 89.474%
2025-08-29 15:08:00 -   Precision: 0.000
2025-08-29 15:08:00 -   Recall: 0.000
2025-08-29 15:08:00 -   F1 Score: 0.000
2025-08-29 15:08:00 -   AUC: 0.000
2025-08-29 15:08:00 -   Correct/Total: 34/38
2025-08-29 15:08:00 - Subject: sub_022
2025-08-29 15:08:00 -   Accuracy: 96.000%
2025-08-29 15:08:00 -   Precision: 0.000
2025-08-29 15:08:00 -   Recall: 0.000
2025-08-29 15:08:00 -   F1 Score: 0.000
2025-08-29 15:08:00 -   AUC: 0.000
2025-08-29 15:08:00 -   Correct/Total: 48/50
2025-08-29 15:08:00 - Subject: sub_023
2025-08-29 15:08:00 -   Accuracy: 93.182%
2025-08-29 15:08:00 -   Precision: 0.000
2025-08-29 15:08:00 -   Recall: 0.000
2025-08-29 15:08:00 -   F1 Score: 0.000
2025-08-29 15:08:00 -   AUC: 0.000
2025-08-29 15:08:00 -   Correct/Total: 41/44
2025-08-29 15:08:00 - Subject: sub_024
2025-08-29 15:08:00 -   Accuracy: 94.737%
2025-08-29 15:08:00 -   Precision: 0.000
2025-08-29 15:08:00 -   Recall: 0.000
2025-08-29 15:08:00 -   F1 Score: 0.000
2025-08-29 15:08:00 -   AUC: 0.000
2025-08-29 15:08:00 -   Correct/Total: 36/38
2025-08-29 15:08:00 - Subject: sub_025
2025-08-29 15:08:00 -   Accuracy: 94.595%
2025-08-29 15:08:00 -   Precision: 0.000
2025-08-29 15:08:00 -   Recall: 0.000
2025-08-29 15:08:00 -   F1 Score: 0.000
2025-08-29 15:08:00 -   AUC: 0.000
2025-08-29 15:08:00 -   Correct/Total: 35/37
2025-08-29 15:08:00 - Subject: sub_026
2025-08-29 15:08:00 -   Accuracy: 91.667%
2025-08-29 15:08:00 -   Precision: 0.000
2025-08-29 15:08:00 -   Recall: 0.000
2025-08-29 15:08:00 -   F1 Score: 0.000
2025-08-29 15:08:00 -   AUC: 0.000
2025-08-29 15:08:00 -   Correct/Total: 33/36
2025-08-29 15:08:00 - Subject: sub_027
2025-08-29 15:08:00 -   Accuracy: 94.828%
2025-08-29 15:08:00 -   Precision: 0.000
2025-08-29 15:08:00 -   Recall: 0.000
2025-08-29 15:08:00 -   F1 Score: 0.000
2025-08-29 15:08:00 -   AUC: 0.000
2025-08-29 15:08:00 -   Correct/Total: 55/58
2025-08-29 15:08:00 - Subject: sub_028
2025-08-29 15:08:00 -   Accuracy: 85.714%
2025-08-29 15:08:00 -   Precision: 0.000
2025-08-29 15:08:00 -   Recall: 0.000
2025-08-29 15:08:00 -   F1 Score: 0.000
2025-08-29 15:08:00 -   AUC: 0.000
2025-08-29 15:08:00 -   Correct/Total: 24/28
2025-08-29 15:08:00 - Subject: sub_029
2025-08-29 15:08:00 -   Accuracy: 91.667%
2025-08-29 15:08:00 -   Precision: 0.000
2025-08-29 15:08:00 -   Recall: 0.000
2025-08-29 15:08:00 -   F1 Score: 0.000
2025-08-29 15:08:00 -   AUC: 0.000
2025-08-29 15:08:00 -   Correct/Total: 44/48
2025-08-29 15:08:00 - Subject: sub_030
2025-08-29 15:08:00 -   Accuracy: 94.595%
2025-08-29 15:08:00 -   Precision: 0.000
2025-08-29 15:08:00 -   Recall: 0.000
2025-08-29 15:08:00 -   F1 Score: 0.000
2025-08-29 15:08:00 -   AUC: 0.000
2025-08-29 15:08:00 -   Correct/Total: 35/37
2025-08-29 15:08:00 - Subject: sub_031
2025-08-29 15:08:00 -   Accuracy: 100.000%
2025-08-29 15:08:00 -   Precision: 0.000
2025-08-29 15:08:00 -   Recall: 0.000
2025-08-29 15:08:00 -   F1 Score: 0.000
2025-08-29 15:08:00 -   AUC: 0.000
2025-08-29 15:08:00 -   Correct/Total: 39/39
2025-08-29 15:08:00 - Subject: sub_032
2025-08-29 15:08:00 -   Accuracy: 88.372%
2025-08-29 15:08:00 -   Precision: 0.000
2025-08-29 15:08:00 -   Recall: 0.000
2025-08-29 15:08:00 -   F1 Score: 0.000
2025-08-29 15:08:00 -   AUC: 0.000
2025-08-29 15:08:00 -   Correct/Total: 38/43
2025-08-29 15:08:00 - Subject: sub_033
2025-08-29 15:08:00 -   Accuracy: 91.111%
2025-08-29 15:08:00 -   Precision: 0.000
2025-08-29 15:08:00 -   Recall: 0.000
2025-08-29 15:08:00 -   F1 Score: 0.000
2025-08-29 15:08:00 -   AUC: 0.000
2025-08-29 15:08:00 -   Correct/Total: 41/45
2025-08-29 15:08:00 - Subject: sub_034
2025-08-29 15:08:00 -   Accuracy: 86.486%
2025-08-29 15:08:00 -   Precision: 0.000
2025-08-29 15:08:00 -   Recall: 0.000
2025-08-29 15:08:00 -   F1 Score: 0.000
2025-08-29 15:08:00 -   AUC: 0.000
2025-08-29 15:08:00 -   Correct/Total: 32/37
2025-08-29 15:08:00 - Subject: sub_035
2025-08-29 15:08:00 -   Accuracy: 91.228%
2025-08-29 15:08:00 -   Precision: 0.000
2025-08-29 15:08:00 -   Recall: 0.000
2025-08-29 15:08:00 -   F1 Score: 0.000
2025-08-29 15:08:00 -   AUC: 0.000
2025-08-29 15:08:00 -   Correct/Total: 52/57
2025-08-29 15:08:00 - Subject: sub_036
2025-08-29 15:08:00 -   Accuracy: 93.333%
2025-08-29 15:08:00 -   Precision: 0.000
2025-08-29 15:08:00 -   Recall: 0.000
2025-08-29 15:08:00 -   F1 Score: 0.000
2025-08-29 15:08:00 -   AUC: 0.000
2025-08-29 15:08:00 -   Correct/Total: 42/45
2025-08-29 15:08:00 - Subject: sub_037
2025-08-29 15:08:00 -   Accuracy: 90.476%
2025-08-29 15:08:00 -   Precision: 0.000
2025-08-29 15:08:00 -   Recall: 0.000
2025-08-29 15:08:00 -   F1 Score: 0.000
2025-08-29 15:08:00 -   AUC: 0.000
2025-08-29 15:08:00 -   Correct/Total: 38/42
2025-08-29 15:08:00 - Subject: sub_038
2025-08-29 15:08:00 -   Accuracy: 90.000%
2025-08-29 15:08:00 -   Precision: 0.000
2025-08-29 15:08:00 -   Recall: 0.000
2025-08-29 15:08:00 -   F1 Score: 0.000
2025-08-29 15:08:00 -   AUC: 0.000
2025-08-29 15:08:00 -   Correct/Total: 36/40
2025-08-29 15:08:00 - Subject: sub_039
2025-08-29 15:08:00 -   Accuracy: 91.176%
2025-08-29 15:08:00 -   Precision: 0.000
2025-08-29 15:08:00 -   Recall: 0.000
2025-08-29 15:08:00 -   F1 Score: 0.000
2025-08-29 15:08:00 -   AUC: 0.000
2025-08-29 15:08:00 -   Correct/Total: 31/34
2025-08-29 15:08:00 - Subject: sub_040
2025-08-29 15:08:00 -   Accuracy: 93.750%
2025-08-29 15:08:00 -   Precision: 0.000
2025-08-29 15:08:00 -   Recall: 0.000
2025-08-29 15:08:00 -   F1 Score: 0.000
2025-08-29 15:08:00 -   AUC: 0.000
2025-08-29 15:08:00 -   Correct/Total: 45/48
2025-08-29 15:08:00 - Subject: sub_041
2025-08-29 15:08:00 -   Accuracy: 95.122%
2025-08-29 15:08:00 -   Precision: 0.000
2025-08-29 15:08:00 -   Recall: 0.000
2025-08-29 15:08:00 -   F1 Score: 0.000
2025-08-29 15:08:00 -   AUC: 0.000
2025-08-29 15:08:00 -   Correct/Total: 39/41
2025-08-29 15:08:00 - Subject: sub_042
2025-08-29 15:08:00 -   Accuracy: 93.023%
2025-08-29 15:08:00 -   Precision: 0.000
2025-08-29 15:08:00 -   Recall: 0.000
2025-08-29 15:08:00 -   F1 Score: 0.000
2025-08-29 15:08:00 -   AUC: 0.000
2025-08-29 15:08:00 -   Correct/Total: 40/43
2025-08-29 15:08:00 - Subject: sub_043
2025-08-29 15:08:00 -   Accuracy: 93.333%
2025-08-29 15:08:00 -   Precision: 0.000
2025-08-29 15:08:00 -   Recall: 0.000
2025-08-29 15:08:00 -   F1 Score: 0.000
2025-08-29 15:08:00 -   AUC: 0.000
2025-08-29 15:08:00 -   Correct/Total: 42/45
2025-08-29 15:08:00 - Subject: sub_044
2025-08-29 15:08:00 -   Accuracy: 85.714%
2025-08-29 15:08:00 -   Precision: 0.000
2025-08-29 15:08:00 -   Recall: 0.000
2025-08-29 15:08:00 -   F1 Score: 0.000
2025-08-29 15:08:00 -   AUC: 0.000
2025-08-29 15:08:00 -   Correct/Total: 42/49
2025-08-29 15:08:00 - Subject: sub_045
2025-08-29 15:08:00 -   Accuracy: 95.238%
2025-08-29 15:08:00 -   Precision: 0.000
2025-08-29 15:08:00 -   Recall: 0.000
2025-08-29 15:08:00 -   F1 Score: 0.000
2025-08-29 15:08:00 -   AUC: 0.000
2025-08-29 15:08:00 -   Correct/Total: 40/42
2025-08-29 15:08:00 - Subject: sub_046
2025-08-29 15:08:00 -   Accuracy: 87.097%
2025-08-29 15:08:00 -   Precision: 0.000
2025-08-29 15:08:00 -   Recall: 0.000
2025-08-29 15:08:00 -   F1 Score: 0.000
2025-08-29 15:08:00 -   AUC: 0.000
2025-08-29 15:08:00 -   Correct/Total: 27/31
2025-08-29 15:08:00 - Subject: sub_047
2025-08-29 15:08:00 -   Accuracy: 97.619%
2025-08-29 15:08:00 -   Precision: 0.000
2025-08-29 15:08:00 -   Recall: 0.000
2025-08-29 15:08:00 -   F1 Score: 0.000
2025-08-29 15:08:00 -   AUC: 0.000
2025-08-29 15:08:00 -   Correct/Total: 41/42
2025-08-29 15:08:00 - Subject: sub_048
2025-08-29 15:08:00 -   Accuracy: 93.750%
2025-08-29 15:08:00 -   Precision: 0.000
2025-08-29 15:08:00 -   Recall: 0.000
2025-08-29 15:08:00 -   F1 Score: 0.000
2025-08-29 15:08:00 -   AUC: 0.000
2025-08-29 15:08:00 -   Correct/Total: 30/32
2025-08-29 15:08:00 - Subject: sub_049
2025-08-29 15:08:00 -   Accuracy: 86.486%
2025-08-29 15:08:00 -   Precision: 0.000
2025-08-29 15:08:00 -   Recall: 0.000
2025-08-29 15:08:00 -   F1 Score: 0.000
2025-08-29 15:08:00 -   AUC: 0.000
2025-08-29 15:08:00 -   Correct/Total: 32/37
2025-08-29 15:08:00 - Subject: sub_050
2025-08-29 15:08:00 -   Accuracy: 97.561%
2025-08-29 15:08:00 -   Precision: 0.000
2025-08-29 15:08:00 -   Recall: 0.000
2025-08-29 15:08:00 -   F1 Score: 0.000
2025-08-29 15:08:00 -   AUC: 0.000
2025-08-29 15:08:00 -   Correct/Total: 40/41
2025-08-29 15:08:00 - Subject: sub_051
2025-08-29 15:08:00 -   Accuracy: 93.939%
2025-08-29 15:08:00 -   Precision: 0.000
2025-08-29 15:08:00 -   Recall: 0.000
2025-08-29 15:08:00 -   F1 Score: 0.000
2025-08-29 15:08:00 -   AUC: 0.000
2025-08-29 15:08:00 -   Correct/Total: 31/33
2025-08-29 15:08:00 - Subject: sub_052
2025-08-29 15:08:00 -   Accuracy: 88.235%
2025-08-29 15:08:00 -   Precision: 0.000
2025-08-29 15:08:00 -   Recall: 0.000
2025-08-29 15:08:00 -   F1 Score: 0.000
2025-08-29 15:08:00 -   AUC: 0.000
2025-08-29 15:08:00 -   Correct/Total: 45/51
2025-08-29 15:08:00 - Subject: sub_053
2025-08-29 15:08:00 -   Accuracy: 97.436%
2025-08-29 15:08:00 -   Precision: 0.000
2025-08-29 15:08:00 -   Recall: 0.000
2025-08-29 15:08:00 -   F1 Score: 0.000
2025-08-29 15:08:00 -   AUC: 0.000
2025-08-29 15:08:00 -   Correct/Total: 38/39
2025-08-29 15:08:00 - Subject: sub_054
2025-08-29 15:08:00 -   Accuracy: 95.238%
2025-08-29 15:08:00 -   Precision: 0.000
2025-08-29 15:08:00 -   Recall: 0.000
2025-08-29 15:08:00 -   F1 Score: 0.000
2025-08-29 15:08:00 -   AUC: 0.000
2025-08-29 15:08:00 -   Correct/Total: 40/42
2025-08-29 15:08:00 - Subject: sub_055
2025-08-29 15:08:00 -   Accuracy: 95.745%
2025-08-29 15:08:00 -   Precision: 0.000
2025-08-29 15:08:00 -   Recall: 0.000
2025-08-29 15:08:00 -   F1 Score: 0.000
2025-08-29 15:08:00 -   AUC: 0.000
2025-08-29 15:08:00 -   Correct/Total: 45/47
2025-08-29 15:08:00 - Subject: sub_056
2025-08-29 15:08:00 -   Accuracy: 88.095%
2025-08-29 15:08:00 -   Precision: 0.000
2025-08-29 15:08:00 -   Recall: 0.000
2025-08-29 15:08:00 -   F1 Score: 0.000
2025-08-29 15:08:00 -   AUC: 0.000
2025-08-29 15:08:00 -   Correct/Total: 37/42
2025-08-29 15:08:00 - Subject: sub_057
2025-08-29 15:08:00 -   Accuracy: 90.000%
2025-08-29 15:08:00 -   Precision: 0.000
2025-08-29 15:08:00 -   Recall: 0.000
2025-08-29 15:08:00 -   F1 Score: 0.000
2025-08-29 15:08:00 -   AUC: 0.000
2025-08-29 15:08:00 -   Correct/Total: 36/40
2025-08-29 15:08:00 - Subject: sub_058
2025-08-29 15:08:00 -   Accuracy: 94.118%
2025-08-29 15:08:00 -   Precision: 0.000
2025-08-29 15:08:00 -   Recall: 0.000
2025-08-29 15:08:00 -   F1 Score: 0.000
2025-08-29 15:08:00 -   AUC: 0.000
2025-08-29 15:08:00 -   Correct/Total: 32/34
2025-08-29 15:08:00 - Subject: sub_059
2025-08-29 15:08:00 -   Accuracy: 86.957%
2025-08-29 15:08:00 -   Precision: 0.000
2025-08-29 15:08:00 -   Recall: 0.000
2025-08-29 15:08:00 -   F1 Score: 0.000
2025-08-29 15:08:00 -   AUC: 0.000
2025-08-29 15:08:00 -   Correct/Total: 40/46
2025-08-29 15:08:00 - Subject: sub_060
2025-08-29 15:08:00 -   Accuracy: 86.957%
2025-08-29 15:08:00 -   Precision: 0.000
2025-08-29 15:08:00 -   Recall: 0.000
2025-08-29 15:08:00 -   F1 Score: 0.000
2025-08-29 15:08:00 -   AUC: 0.000
2025-08-29 15:08:00 -   Correct/Total: 20/23
2025-08-29 15:08:00 - Subject: sub_061
2025-08-29 15:08:00 -   Accuracy: 94.444%
2025-08-29 15:08:00 -   Precision: 0.000
2025-08-29 15:08:00 -   Recall: 0.000
2025-08-29 15:08:00 -   F1 Score: 0.000
2025-08-29 15:08:00 -   AUC: 0.000
2025-08-29 15:08:00 -   Correct/Total: 34/36
2025-08-29 15:08:00 - Subject: sub_062
2025-08-29 15:08:00 -   Accuracy: 94.286%
2025-08-29 15:08:00 -   Precision: 0.000
2025-08-29 15:08:00 -   Recall: 0.000
2025-08-29 15:08:00 -   F1 Score: 0.000
2025-08-29 15:08:00 -   AUC: 0.000
2025-08-29 15:08:00 -   Correct/Total: 33/35
2025-08-29 15:08:00 - Subject: sub_063
2025-08-29 15:08:00 -   Accuracy: 86.667%
2025-08-29 15:08:00 -   Precision: 0.000
2025-08-29 15:08:00 -   Recall: 0.000
2025-08-29 15:08:00 -   F1 Score: 0.000
2025-08-29 15:08:00 -   AUC: 0.000
2025-08-29 15:08:00 -   Correct/Total: 39/45
2025-08-29 15:08:00 - Subject: sub_064
2025-08-29 15:08:00 -   Accuracy: 89.796%
2025-08-29 15:08:00 -   Precision: 0.000
2025-08-29 15:08:00 -   Recall: 0.000
2025-08-29 15:08:00 -   F1 Score: 0.000
2025-08-29 15:08:00 -   AUC: 0.000
2025-08-29 15:08:00 -   Correct/Total: 44/49
2025-08-29 15:08:00 - Subject: sub_065
2025-08-29 15:08:00 -   Accuracy: 88.000%
2025-08-29 15:08:00 -   Precision: 0.000
2025-08-29 15:08:00 -   Recall: 0.000
2025-08-29 15:08:00 -   F1 Score: 0.000
2025-08-29 15:08:00 -   AUC: 0.000
2025-08-29 15:08:00 -   Correct/Total: 44/50
2025-08-29 15:08:00 - Subject: sub_066
2025-08-29 15:08:00 -   Accuracy: 94.286%
2025-08-29 15:08:00 -   Precision: 0.000
2025-08-29 15:08:00 -   Recall: 0.000
2025-08-29 15:08:00 -   F1 Score: 0.000
2025-08-29 15:08:00 -   AUC: 0.000
2025-08-29 15:08:00 -   Correct/Total: 33/35
2025-08-29 15:08:00 - Subject: sub_067
2025-08-29 15:08:00 -   Accuracy: 93.023%
2025-08-29 15:08:00 -   Precision: 0.000
2025-08-29 15:08:00 -   Recall: 0.000
2025-08-29 15:08:00 -   F1 Score: 0.000
2025-08-29 15:08:00 -   AUC: 0.000
2025-08-29 15:08:00 -   Correct/Total: 40/43
2025-08-29 15:08:00 - Subject: sub_068
2025-08-29 15:08:00 -   Accuracy: 94.286%
2025-08-29 15:08:00 -   Precision: 0.000
2025-08-29 15:08:00 -   Recall: 0.000
2025-08-29 15:08:00 -   F1 Score: 0.000
2025-08-29 15:08:00 -   AUC: 0.000
2025-08-29 15:08:00 -   Correct/Total: 33/35
2025-08-29 15:08:00 - Subject: sub_069
2025-08-29 15:08:00 -   Accuracy: 82.857%
2025-08-29 15:08:00 -   Precision: 0.000
2025-08-29 15:08:00 -   Recall: 0.000
2025-08-29 15:08:00 -   F1 Score: 0.000
2025-08-29 15:08:00 -   AUC: 0.000
2025-08-29 15:08:00 -   Correct/Total: 29/35
2025-08-29 15:08:00 - Subject: sub_070
2025-08-29 15:08:00 -   Accuracy: 91.304%
2025-08-29 15:08:00 -   Precision: 0.000
2025-08-29 15:08:00 -   Recall: 0.000
2025-08-29 15:08:00 -   F1 Score: 0.000
2025-08-29 15:08:00 -   AUC: 0.000
2025-08-29 15:08:00 -   Correct/Total: 42/46
2025-08-29 15:08:00 - Subject: sub_071
2025-08-29 15:08:00 -   Accuracy: 95.652%
2025-08-29 15:08:00 -   Precision: 0.000
2025-08-29 15:08:00 -   Recall: 0.000
2025-08-29 15:08:00 -   F1 Score: 0.000
2025-08-29 15:08:00 -   AUC: 0.000
2025-08-29 15:08:00 -   Correct/Total: 44/46
2025-08-29 15:08:00 - Subject: sub_073
2025-08-29 15:08:00 -   Accuracy: 95.122%
2025-08-29 15:08:00 -   Precision: 0.000
2025-08-29 15:08:00 -   Recall: 0.000
2025-08-29 15:08:00 -   F1 Score: 0.000
2025-08-29 15:08:00 -   AUC: 0.000
2025-08-29 15:08:00 -   Correct/Total: 39/41
2025-08-29 15:08:00 - Subject: sub_074
2025-08-29 15:08:00 -   Accuracy: 97.143%
2025-08-29 15:08:00 -   Precision: 0.000
2025-08-29 15:08:00 -   Recall: 0.000
2025-08-29 15:08:00 -   F1 Score: 0.000
2025-08-29 15:08:00 -   AUC: 0.000
2025-08-29 15:08:00 -   Correct/Total: 34/35
2025-08-29 15:08:00 - Subject: sub_075
2025-08-29 15:08:00 -   Accuracy: 90.625%
2025-08-29 15:08:00 -   Precision: 0.000
2025-08-29 15:08:00 -   Recall: 0.000
2025-08-29 15:08:00 -   F1 Score: 0.000
2025-08-29 15:08:00 -   AUC: 0.000
2025-08-29 15:08:00 -   Correct/Total: 29/32
2025-08-29 15:08:00 - Subject: sub_076
2025-08-29 15:08:00 -   Accuracy: 97.561%
2025-08-29 15:08:00 -   Precision: 0.000
2025-08-29 15:08:00 -   Recall: 0.000
2025-08-29 15:08:00 -   F1 Score: 0.000
2025-08-29 15:08:00 -   AUC: 0.000
2025-08-29 15:08:00 -   Correct/Total: 40/41
2025-08-29 15:08:00 - Subject: sub_077
2025-08-29 15:08:00 -   Accuracy: 90.476%
2025-08-29 15:08:00 -   Precision: 0.000
2025-08-29 15:08:00 -   Recall: 0.000
2025-08-29 15:08:00 -   F1 Score: 0.000
2025-08-29 15:08:00 -   AUC: 0.000
2025-08-29 15:08:00 -   Correct/Total: 38/42
2025-08-29 15:08:00 - Subject: sub_078
2025-08-29 15:08:00 -   Accuracy: 84.615%
2025-08-29 15:08:00 -   Precision: 0.000
2025-08-29 15:08:00 -   Recall: 0.000
2025-08-29 15:08:00 -   F1 Score: 0.000
2025-08-29 15:08:00 -   AUC: 0.000
2025-08-29 15:08:00 -   Correct/Total: 33/39
2025-08-29 15:08:00 - Subject: sub_079
2025-08-29 15:08:00 -   Accuracy: 92.683%
2025-08-29 15:08:00 -   Precision: 0.000
2025-08-29 15:08:00 -   Recall: 0.000
2025-08-29 15:08:00 -   F1 Score: 0.000
2025-08-29 15:08:00 -   AUC: 0.000
2025-08-29 15:08:00 -   Correct/Total: 38/41
2025-08-29 15:08:00 - Subject: sub_080
2025-08-29 15:08:00 -   Accuracy: 97.619%
2025-08-29 15:08:00 -   Precision: 0.000
2025-08-29 15:08:00 -   Recall: 0.000
2025-08-29 15:08:00 -   F1 Score: 0.000
2025-08-29 15:08:00 -   AUC: 0.000
2025-08-29 15:08:00 -   Correct/Total: 41/42
2025-08-29 15:08:00 - Subject: sub_081
2025-08-29 15:08:00 -   Accuracy: 89.583%
2025-08-29 15:08:00 -   Precision: 0.000
2025-08-29 15:08:00 -   Recall: 0.000
2025-08-29 15:08:00 -   F1 Score: 0.000
2025-08-29 15:08:00 -   AUC: 0.000
2025-08-29 15:08:00 -   Correct/Total: 43/48
2025-08-29 15:08:00 - Subject: sub_082
2025-08-29 15:08:00 -   Accuracy: 93.333%
2025-08-29 15:08:00 -   Precision: 0.000
2025-08-29 15:08:00 -   Recall: 0.000
2025-08-29 15:08:00 -   F1 Score: 0.000
2025-08-29 15:08:00 -   AUC: 0.000
2025-08-29 15:08:00 -   Correct/Total: 42/45
2025-08-29 15:08:00 - Subject: sub_083
2025-08-29 15:08:00 -   Accuracy: 89.362%
2025-08-29 15:08:00 -   Precision: 0.000
2025-08-29 15:08:00 -   Recall: 0.000
2025-08-29 15:08:00 -   F1 Score: 0.000
2025-08-29 15:08:00 -   AUC: 0.000
2025-08-29 15:08:00 -   Correct/Total: 42/47
2025-08-29 15:08:00 - Subject: sub_111
2025-08-29 15:08:00 -   Accuracy: 92.683%
2025-08-29 15:08:00 -   Precision: 0.000
2025-08-29 15:08:00 -   Recall: 0.000
2025-08-29 15:08:00 -   F1 Score: 0.000
2025-08-29 15:08:00 -   AUC: 0.000
2025-08-29 15:08:00 -   Correct/Total: 38/41
2025-08-29 15:08:00 - Subject: sub_112
2025-08-29 15:08:00 -   Accuracy: 90.698%
2025-08-29 15:08:00 -   Precision: 0.000
2025-08-29 15:08:00 -   Recall: 0.000
2025-08-29 15:08:00 -   F1 Score: 0.000
2025-08-29 15:08:00 -   AUC: 0.000
2025-08-29 15:08:00 -   Correct/Total: 39/43
2025-08-29 15:08:00 - Subject: sub_113
2025-08-29 15:08:00 -   Accuracy: 93.103%
2025-08-29 15:08:00 -   Precision: 0.000
2025-08-29 15:08:00 -   Recall: 0.000
2025-08-29 15:08:00 -   F1 Score: 0.000
2025-08-29 15:08:00 -   AUC: 0.000
2025-08-29 15:08:00 -   Correct/Total: 27/29
2025-08-29 15:08:00 - Subject: sub_114
2025-08-29 15:08:00 -   Accuracy: 90.476%
2025-08-29 15:08:00 -   Precision: 0.000
2025-08-29 15:08:00 -   Recall: 0.000
2025-08-29 15:08:00 -   F1 Score: 0.000
2025-08-29 15:08:00 -   AUC: 0.000
2025-08-29 15:08:00 -   Correct/Total: 38/42
2025-08-29 15:08:00 - Subject: sub_115
2025-08-29 15:08:00 -   Accuracy: 84.615%
2025-08-29 15:08:00 -   Precision: 0.000
2025-08-29 15:08:00 -   Recall: 0.000
2025-08-29 15:08:00 -   F1 Score: 0.000
2025-08-29 15:08:00 -   AUC: 0.000
2025-08-29 15:08:00 -   Correct/Total: 33/39
2025-08-29 15:08:00 - Subject: sub_116
2025-08-29 15:08:00 -   Accuracy: 88.235%
2025-08-29 15:08:00 -   Precision: 0.000
2025-08-29 15:08:00 -   Recall: 0.000
2025-08-29 15:08:00 -   F1 Score: 0.000
2025-08-29 15:08:00 -   AUC: 0.000
2025-08-29 15:08:00 -   Correct/Total: 45/51
2025-08-29 15:08:00 - Subject: sub_117
2025-08-29 15:08:00 -   Accuracy: 93.182%
2025-08-29 15:08:00 -   Precision: 0.000
2025-08-29 15:08:00 -   Recall: 0.000
2025-08-29 15:08:00 -   F1 Score: 0.000
2025-08-29 15:08:00 -   AUC: 0.000
2025-08-29 15:08:00 -   Correct/Total: 41/44
2025-08-29 15:08:00 - Subject: sub_118
2025-08-29 15:08:00 -   Accuracy: 92.857%
2025-08-29 15:08:00 -   Precision: 0.000
2025-08-29 15:08:00 -   Recall: 0.000
2025-08-29 15:08:00 -   F1 Score: 0.000
2025-08-29 15:08:00 -   AUC: 0.000
2025-08-29 15:08:00 -   Correct/Total: 39/42
2025-08-29 15:08:00 - Subject: sub_119
2025-08-29 15:08:00 -   Accuracy: 96.970%
2025-08-29 15:08:00 -   Precision: 0.000
2025-08-29 15:08:00 -   Recall: 0.000
2025-08-29 15:08:00 -   F1 Score: 0.000
2025-08-29 15:08:00 -   AUC: 0.000
2025-08-29 15:08:00 -   Correct/Total: 32/33
2025-08-29 15:08:00 - Subject: sub_120
2025-08-29 15:08:00 -   Accuracy: 92.308%
2025-08-29 15:08:00 -   Precision: 0.000
2025-08-29 15:08:00 -   Recall: 0.000
2025-08-29 15:08:00 -   F1 Score: 0.000
2025-08-29 15:08:00 -   AUC: 0.000
2025-08-29 15:08:00 -   Correct/Total: 36/39
2025-08-29 15:08:00 - Subject: sub_121
2025-08-29 15:08:00 -   Accuracy: 85.000%
2025-08-29 15:08:00 -   Precision: 0.000
2025-08-29 15:08:00 -   Recall: 0.000
2025-08-29 15:08:00 -   F1 Score: 0.000
2025-08-29 15:08:00 -   AUC: 0.000
2025-08-29 15:08:00 -   Correct/Total: 34/40
2025-08-29 15:08:00 - Subject: sub_122
2025-08-29 15:08:00 -   Accuracy: 97.297%
2025-08-29 15:08:00 -   Precision: 0.000
2025-08-29 15:08:00 -   Recall: 0.000
2025-08-29 15:08:00 -   F1 Score: 0.000
2025-08-29 15:08:00 -   AUC: 0.000
2025-08-29 15:08:00 -   Correct/Total: 36/37
2025-08-29 15:08:00 - Subject: sub_123
2025-08-29 15:08:00 -   Accuracy: 89.655%
2025-08-29 15:08:00 -   Precision: 0.000
2025-08-29 15:08:00 -   Recall: 0.000
2025-08-29 15:08:00 -   F1 Score: 0.000
2025-08-29 15:08:00 -   AUC: 0.000
2025-08-29 15:08:00 -   Correct/Total: 26/29
2025-08-29 15:08:00 - Subject: sub_124
2025-08-29 15:08:00 -   Accuracy: 97.500%
2025-08-29 15:08:00 -   Precision: 0.000
2025-08-29 15:08:00 -   Recall: 0.000
2025-08-29 15:08:00 -   F1 Score: 0.000
2025-08-29 15:08:00 -   AUC: 0.000
2025-08-29 15:08:00 -   Correct/Total: 39/40
2025-08-29 15:08:00 - Subject: sub_125
2025-08-29 15:08:00 -   Accuracy: 92.453%
2025-08-29 15:08:00 -   Precision: 0.000
2025-08-29 15:08:00 -   Recall: 0.000
2025-08-29 15:08:00 -   F1 Score: 0.000
2025-08-29 15:08:00 -   AUC: 0.000
2025-08-29 15:08:00 -   Correct/Total: 49/53
2025-08-29 15:08:00 - Subject: sub_127
2025-08-29 15:08:00 -   Accuracy: 90.566%
2025-08-29 15:08:00 -   Precision: 0.000
2025-08-29 15:08:00 -   Recall: 0.000
2025-08-29 15:08:00 -   F1 Score: 0.000
2025-08-29 15:08:00 -   AUC: 0.000
2025-08-29 15:08:00 -   Correct/Total: 48/53
2025-08-29 15:08:00 - 
AVO Pooled Model Statistics:
2025-08-29 15:08:00 - Mean Accuracy: 0.921
2025-08-29 15:08:00 - 95% Confidence Interval: [0.913, 0.929]
2025-08-29 15:08:00 - Best Subject: sub_031 (1.000)
2025-08-29 15:08:00 - Worst Subject: sub_009 (0.822)
