2025-08-29 14:55:31 - 
Experiment Configuration:
2025-08-29 14:55:31 - --------------------------------------------------
2025-08-29 14:55:31 - dataset: ds005863
2025-08-29 14:55:31 - use_combined_datasets: False
2025-08-29 14:55:31 - electrode_list: all
2025-08-29 14:55:31 - classifier: ShallowFBCSPNet
2025-08-29 14:55:31 - separate_subject_classification: True
2025-08-29 14:55:31 - use_subject_layer: False
2025-08-29 14:55:31 - seeds: [1]
2025-08-29 14:55:31 - --------------------------------------------------
2025-08-29 14:55:31 - 
==================================================
2025-08-29 14:55:31 - Processing Active Visual Oddball Dataset
2025-08-29 14:55:31 - ==================================================
2025-08-29 15:02:14 - 
Confusion matrix saved to: ./results\experiment_20250829_145531\confusion_matrices\AVO_ShallowFBCSPNet_Fp1_Fz_F3_F7_FC5_FC1_C3_T7_CP5_CP1_Pz_P3_P7_O1_Oz_O2_P4_P8_CP6_CP2_C4_FC6_FC2_F4_F8_Fp2_separate_confusion_matrix.png

2025-08-29 15:02:14 - Subject: sub-001
2025-08-29 15:02:14 -   Accuracy: 90.476%
2025-08-29 15:02:14 -   Precision: 0.000
2025-08-29 15:02:14 -   Recall: 0.000
2025-08-29 15:02:14 -   F1 Score: 0.000
2025-08-29 15:02:14 -   AUC: 0.000
2025-08-29 15:02:14 -   Correct/Total: 38/42
2025-08-29 15:02:14 - Subject: sub-002
2025-08-29 15:02:14 -   Accuracy: 85.714%
2025-08-29 15:02:14 -   Precision: 0.000
2025-08-29 15:02:14 -   Recall: 0.000
2025-08-29 15:02:14 -   F1 Score: 0.000
2025-08-29 15:02:14 -   AUC: 0.000
2025-08-29 15:02:14 -   Correct/Total: 36/42
2025-08-29 15:02:14 - Subject: sub-003
2025-08-29 15:02:14 -   Accuracy: 90.476%
2025-08-29 15:02:14 -   Precision: 0.000
2025-08-29 15:02:14 -   Recall: 0.000
2025-08-29 15:02:14 -   F1 Score: 0.000
2025-08-29 15:02:14 -   AUC: 0.000
2025-08-29 15:02:14 -   Correct/Total: 38/42
2025-08-29 15:02:14 - Subject: sub-004
2025-08-29 15:02:14 -   Accuracy: 90.476%
2025-08-29 15:02:14 -   Precision: 0.000
2025-08-29 15:02:14 -   Recall: 0.000
2025-08-29 15:02:14 -   F1 Score: 0.000
2025-08-29 15:02:14 -   AUC: 0.000
2025-08-29 15:02:14 -   Correct/Total: 38/42
2025-08-29 15:02:14 - Subject: sub-005
2025-08-29 15:02:14 -   Accuracy: 92.857%
2025-08-29 15:02:14 -   Precision: 0.000
2025-08-29 15:02:14 -   Recall: 0.000
2025-08-29 15:02:14 -   F1 Score: 0.000
2025-08-29 15:02:14 -   AUC: 0.000
2025-08-29 15:02:14 -   Correct/Total: 39/42
2025-08-29 15:02:14 - Subject: sub-006
2025-08-29 15:02:14 -   Accuracy: 90.476%
2025-08-29 15:02:14 -   Precision: 0.000
2025-08-29 15:02:14 -   Recall: 0.000
2025-08-29 15:02:14 -   F1 Score: 0.000
2025-08-29 15:02:14 -   AUC: 0.000
2025-08-29 15:02:14 -   Correct/Total: 38/42
2025-08-29 15:02:14 - Subject: sub-007
2025-08-29 15:02:14 -   Accuracy: 92.857%
2025-08-29 15:02:14 -   Precision: 0.000
2025-08-29 15:02:14 -   Recall: 0.000
2025-08-29 15:02:14 -   F1 Score: 0.000
2025-08-29 15:02:14 -   AUC: 0.000
2025-08-29 15:02:14 -   Correct/Total: 39/42
2025-08-29 15:02:14 - Subject: sub-008
2025-08-29 15:02:14 -   Accuracy: 90.476%
2025-08-29 15:02:14 -   Precision: 0.000
2025-08-29 15:02:14 -   Recall: 0.000
2025-08-29 15:02:14 -   F1 Score: 0.000
2025-08-29 15:02:14 -   AUC: 0.000
2025-08-29 15:02:14 -   Correct/Total: 38/42
2025-08-29 15:02:14 - Subject: sub-009
2025-08-29 15:02:14 -   Accuracy: 90.476%
2025-08-29 15:02:14 -   Precision: 0.333
2025-08-29 15:02:14 -   Recall: 0.333
2025-08-29 15:02:14 -   F1 Score: 0.333
2025-08-29 15:02:14 -   AUC: 0.000
2025-08-29 15:02:14 -   Correct/Total: 38/42
2025-08-29 15:02:14 - Subject: sub-010
2025-08-29 15:02:14 -   Accuracy: 92.857%
2025-08-29 15:02:14 -   Precision: 0.000
2025-08-29 15:02:14 -   Recall: 0.000
2025-08-29 15:02:14 -   F1 Score: 0.000
2025-08-29 15:02:14 -   AUC: 0.000
2025-08-29 15:02:14 -   Correct/Total: 39/42
2025-08-29 15:02:14 - Subject: sub-011
2025-08-29 15:02:14 -   Accuracy: 90.476%
2025-08-29 15:02:14 -   Precision: 0.000
2025-08-29 15:02:14 -   Recall: 0.000
2025-08-29 15:02:14 -   F1 Score: 0.000
2025-08-29 15:02:14 -   AUC: 0.000
2025-08-29 15:02:14 -   Correct/Total: 38/42
2025-08-29 15:02:14 - Subject: sub-012
2025-08-29 15:02:14 -   Accuracy: 92.857%
2025-08-29 15:02:14 -   Precision: 0.000
2025-08-29 15:02:14 -   Recall: 0.000
2025-08-29 15:02:14 -   F1 Score: 0.000
2025-08-29 15:02:14 -   AUC: 0.000
2025-08-29 15:02:14 -   Correct/Total: 39/42
2025-08-29 15:02:14 - Subject: sub-013
2025-08-29 15:02:14 -   Accuracy: 92.857%
2025-08-29 15:02:14 -   Precision: 0.000
2025-08-29 15:02:14 -   Recall: 0.000
2025-08-29 15:02:14 -   F1 Score: 0.000
2025-08-29 15:02:14 -   AUC: 0.000
2025-08-29 15:02:14 -   Correct/Total: 39/42
2025-08-29 15:02:14 - Subject: sub-014
2025-08-29 15:02:14 -   Accuracy: 92.857%
2025-08-29 15:02:14 -   Precision: 0.000
2025-08-29 15:02:14 -   Recall: 0.000
2025-08-29 15:02:14 -   F1 Score: 0.000
2025-08-29 15:02:14 -   AUC: 0.000
2025-08-29 15:02:14 -   Correct/Total: 39/42
2025-08-29 15:02:14 - Subject: sub-015
2025-08-29 15:02:14 -   Accuracy: 90.476%
2025-08-29 15:02:14 -   Precision: 0.000
2025-08-29 15:02:14 -   Recall: 0.000
2025-08-29 15:02:14 -   F1 Score: 0.000
2025-08-29 15:02:14 -   AUC: 0.000
2025-08-29 15:02:14 -   Correct/Total: 38/42
2025-08-29 15:02:14 - Subject: sub-016
2025-08-29 15:02:14 -   Accuracy: 92.857%
2025-08-29 15:02:14 -   Precision: 0.000
2025-08-29 15:02:14 -   Recall: 0.000
2025-08-29 15:02:14 -   F1 Score: 0.000
2025-08-29 15:02:14 -   AUC: 0.000
2025-08-29 15:02:14 -   Correct/Total: 39/42
2025-08-29 15:02:14 - Subject: sub-017
2025-08-29 15:02:14 -   Accuracy: 92.857%
2025-08-29 15:02:14 -   Precision: 0.000
2025-08-29 15:02:14 -   Recall: 0.000
2025-08-29 15:02:14 -   F1 Score: 0.000
2025-08-29 15:02:14 -   AUC: 0.000
2025-08-29 15:02:14 -   Correct/Total: 39/42
2025-08-29 15:02:14 - Subject: sub-018
2025-08-29 15:02:14 -   Accuracy: 92.857%
2025-08-29 15:02:14 -   Precision: 0.000
2025-08-29 15:02:14 -   Recall: 0.000
2025-08-29 15:02:14 -   F1 Score: 0.000
2025-08-29 15:02:14 -   AUC: 0.000
2025-08-29 15:02:14 -   Correct/Total: 39/42
2025-08-29 15:02:14 - Subject: sub-019
2025-08-29 15:02:14 -   Accuracy: 92.857%
2025-08-29 15:02:14 -   Precision: 0.000
2025-08-29 15:02:14 -   Recall: 0.000
2025-08-29 15:02:14 -   F1 Score: 0.000
2025-08-29 15:02:14 -   AUC: 0.000
2025-08-29 15:02:14 -   Correct/Total: 39/42
2025-08-29 15:02:14 - Subject: sub-020
2025-08-29 15:02:14 -   Accuracy: 92.857%
2025-08-29 15:02:14 -   Precision: 0.000
2025-08-29 15:02:14 -   Recall: 0.000
2025-08-29 15:02:14 -   F1 Score: 0.000
2025-08-29 15:02:14 -   AUC: 0.000
2025-08-29 15:02:14 -   Correct/Total: 39/42
2025-08-29 15:02:14 - Subject: sub-021
2025-08-29 15:02:14 -   Accuracy: 92.857%
2025-08-29 15:02:14 -   Precision: 0.000
2025-08-29 15:02:14 -   Recall: 0.000
2025-08-29 15:02:14 -   F1 Score: 0.000
2025-08-29 15:02:14 -   AUC: 0.000
2025-08-29 15:02:14 -   Correct/Total: 39/42
2025-08-29 15:02:14 - Subject: sub-022
2025-08-29 15:02:14 -   Accuracy: 92.857%
2025-08-29 15:02:14 -   Precision: 0.000
2025-08-29 15:02:14 -   Recall: 0.000
2025-08-29 15:02:14 -   F1 Score: 0.000
2025-08-29 15:02:14 -   AUC: 0.000
2025-08-29 15:02:14 -   Correct/Total: 39/42
2025-08-29 15:02:14 - Subject: sub-023
2025-08-29 15:02:14 -   Accuracy: 92.857%
2025-08-29 15:02:14 -   Precision: 0.000
2025-08-29 15:02:14 -   Recall: 0.000
2025-08-29 15:02:14 -   F1 Score: 0.000
2025-08-29 15:02:14 -   AUC: 0.000
2025-08-29 15:02:14 -   Correct/Total: 39/42
2025-08-29 15:02:14 - Subject: sub-024
2025-08-29 15:02:14 -   Accuracy: 90.476%
2025-08-29 15:02:14 -   Precision: 0.333
2025-08-29 15:02:14 -   Recall: 0.333
2025-08-29 15:02:14 -   F1 Score: 0.333
2025-08-29 15:02:14 -   AUC: 0.000
2025-08-29 15:02:14 -   Correct/Total: 38/42
2025-08-29 15:02:14 - Subject: sub-025
2025-08-29 15:02:14 -   Accuracy: 95.238%
2025-08-29 15:02:14 -   Precision: 1.000
2025-08-29 15:02:14 -   Recall: 0.333
2025-08-29 15:02:14 -   F1 Score: 0.500
2025-08-29 15:02:14 -   AUC: 0.000
2025-08-29 15:02:14 -   Correct/Total: 40/42
2025-08-29 15:02:14 - Subject: sub-026
2025-08-29 15:02:14 -   Accuracy: 92.857%
2025-08-29 15:02:14 -   Precision: 0.000
2025-08-29 15:02:14 -   Recall: 0.000
2025-08-29 15:02:14 -   F1 Score: 0.000
2025-08-29 15:02:14 -   AUC: 0.000
2025-08-29 15:02:14 -   Correct/Total: 39/42
2025-08-29 15:02:14 - Subject: sub-027
2025-08-29 15:02:14 -   Accuracy: 92.857%
2025-08-29 15:02:14 -   Precision: 0.000
2025-08-29 15:02:14 -   Recall: 0.000
2025-08-29 15:02:14 -   F1 Score: 0.000
2025-08-29 15:02:14 -   AUC: 0.000
2025-08-29 15:02:14 -   Correct/Total: 39/42
2025-08-29 15:02:14 - Subject: sub-028
2025-08-29 15:02:14 -   Accuracy: 92.857%
2025-08-29 15:02:14 -   Precision: 0.000
2025-08-29 15:02:14 -   Recall: 0.000
2025-08-29 15:02:14 -   F1 Score: 0.000
2025-08-29 15:02:14 -   AUC: 0.000
2025-08-29 15:02:14 -   Correct/Total: 39/42
2025-08-29 15:02:14 - Subject: sub-029
2025-08-29 15:02:14 -   Accuracy: 92.857%
2025-08-29 15:02:14 -   Precision: 0.000
2025-08-29 15:02:14 -   Recall: 0.000
2025-08-29 15:02:14 -   F1 Score: 0.000
2025-08-29 15:02:14 -   AUC: 0.000
2025-08-29 15:02:14 -   Correct/Total: 39/42
2025-08-29 15:02:14 - Subject: sub-030
2025-08-29 15:02:14 -   Accuracy: 92.857%
2025-08-29 15:02:14 -   Precision: 0.000
2025-08-29 15:02:14 -   Recall: 0.000
2025-08-29 15:02:14 -   F1 Score: 0.000
2025-08-29 15:02:14 -   AUC: 0.000
2025-08-29 15:02:14 -   Correct/Total: 39/42
2025-08-29 15:02:14 - Subject: sub-031
2025-08-29 15:02:14 -   Accuracy: 92.857%
2025-08-29 15:02:14 -   Precision: 0.000
2025-08-29 15:02:14 -   Recall: 0.000
2025-08-29 15:02:14 -   F1 Score: 0.000
2025-08-29 15:02:14 -   AUC: 0.000
2025-08-29 15:02:14 -   Correct/Total: 39/42
2025-08-29 15:02:14 - Subject: sub-032
2025-08-29 15:02:14 -   Accuracy: 92.857%
2025-08-29 15:02:14 -   Precision: 0.000
2025-08-29 15:02:14 -   Recall: 0.000
2025-08-29 15:02:14 -   F1 Score: 0.000
2025-08-29 15:02:14 -   AUC: 0.000
2025-08-29 15:02:14 -   Correct/Total: 39/42
2025-08-29 15:02:14 - Subject: sub-033
2025-08-29 15:02:14 -   Accuracy: 92.857%
2025-08-29 15:02:14 -   Precision: 0.000
2025-08-29 15:02:14 -   Recall: 0.000
2025-08-29 15:02:14 -   F1 Score: 0.000
2025-08-29 15:02:14 -   AUC: 0.000
2025-08-29 15:02:14 -   Correct/Total: 39/42
2025-08-29 15:02:14 - Subject: sub-034
2025-08-29 15:02:14 -   Accuracy: 90.476%
2025-08-29 15:02:14 -   Precision: 0.000
2025-08-29 15:02:14 -   Recall: 0.000
2025-08-29 15:02:14 -   F1 Score: 0.000
2025-08-29 15:02:14 -   AUC: 0.000
2025-08-29 15:02:14 -   Correct/Total: 38/42
2025-08-29 15:02:14 - Subject: sub-035
2025-08-29 15:02:14 -   Accuracy: 90.476%
2025-08-29 15:02:14 -   Precision: 0.000
2025-08-29 15:02:14 -   Recall: 0.000
2025-08-29 15:02:14 -   F1 Score: 0.000
2025-08-29 15:02:14 -   AUC: 0.000
2025-08-29 15:02:14 -   Correct/Total: 38/42
2025-08-29 15:02:14 - Subject: sub-036
2025-08-29 15:02:14 -   Accuracy: 90.476%
2025-08-29 15:02:14 -   Precision: 0.000
2025-08-29 15:02:14 -   Recall: 0.000
2025-08-29 15:02:14 -   F1 Score: 0.000
2025-08-29 15:02:14 -   AUC: 0.000
2025-08-29 15:02:14 -   Correct/Total: 38/42
2025-08-29 15:02:14 - Subject: sub-037
2025-08-29 15:02:14 -   Accuracy: 90.476%
2025-08-29 15:02:14 -   Precision: 0.000
2025-08-29 15:02:14 -   Recall: 0.000
2025-08-29 15:02:14 -   F1 Score: 0.000
2025-08-29 15:02:14 -   AUC: 0.000
2025-08-29 15:02:14 -   Correct/Total: 38/42
2025-08-29 15:02:14 - Subject: sub-038
2025-08-29 15:02:14 -   Accuracy: 92.857%
2025-08-29 15:02:14 -   Precision: 0.000
2025-08-29 15:02:14 -   Recall: 0.000
2025-08-29 15:02:14 -   F1 Score: 0.000
2025-08-29 15:02:14 -   AUC: 0.000
2025-08-29 15:02:14 -   Correct/Total: 39/42
2025-08-29 15:02:14 - Subject: sub-039
2025-08-29 15:02:14 -   Accuracy: 88.095%
2025-08-29 15:02:14 -   Precision: 0.000
2025-08-29 15:02:14 -   Recall: 0.000
2025-08-29 15:02:14 -   F1 Score: 0.000
2025-08-29 15:02:14 -   AUC: 0.000
2025-08-29 15:02:14 -   Correct/Total: 37/42
2025-08-29 15:02:14 - Subject: sub-040
2025-08-29 15:02:14 -   Accuracy: 90.476%
2025-08-29 15:02:14 -   Precision: 0.000
2025-08-29 15:02:14 -   Recall: 0.000
2025-08-29 15:02:14 -   F1 Score: 0.000
2025-08-29 15:02:14 -   AUC: 0.000
2025-08-29 15:02:14 -   Correct/Total: 38/42
2025-08-29 15:02:14 - Subject: sub-041
2025-08-29 15:02:14 -   Accuracy: 90.476%
2025-08-29 15:02:14 -   Precision: 0.000
2025-08-29 15:02:14 -   Recall: 0.000
2025-08-29 15:02:14 -   F1 Score: 0.000
2025-08-29 15:02:14 -   AUC: 0.000
2025-08-29 15:02:14 -   Correct/Total: 38/42
2025-08-29 15:02:14 - Subject: sub-042
2025-08-29 15:02:14 -   Accuracy: 90.476%
2025-08-29 15:02:14 -   Precision: 0.333
2025-08-29 15:02:14 -   Recall: 0.333
2025-08-29 15:02:14 -   F1 Score: 0.333
2025-08-29 15:02:14 -   AUC: 0.000
2025-08-29 15:02:14 -   Correct/Total: 38/42
2025-08-29 15:02:14 - Subject: sub-043
2025-08-29 15:02:14 -   Accuracy: 88.095%
2025-08-29 15:02:14 -   Precision: 0.000
2025-08-29 15:02:14 -   Recall: 0.000
2025-08-29 15:02:14 -   F1 Score: 0.000
2025-08-29 15:02:14 -   AUC: 0.000
2025-08-29 15:02:14 -   Correct/Total: 37/42
2025-08-29 15:02:14 - Subject: sub-044
2025-08-29 15:02:14 -   Accuracy: 85.714%
2025-08-29 15:02:14 -   Precision: 0.000
2025-08-29 15:02:14 -   Recall: 0.000
2025-08-29 15:02:14 -   F1 Score: 0.000
2025-08-29 15:02:14 -   AUC: 0.000
2025-08-29 15:02:14 -   Correct/Total: 36/42
2025-08-29 15:02:14 - Subject: sub-045
2025-08-29 15:02:14 -   Accuracy: 92.857%
2025-08-29 15:02:14 -   Precision: 0.500
2025-08-29 15:02:14 -   Recall: 0.333
2025-08-29 15:02:14 -   F1 Score: 0.400
2025-08-29 15:02:14 -   AUC: 0.000
2025-08-29 15:02:14 -   Correct/Total: 39/42
2025-08-29 15:02:14 - Subject: sub-046
2025-08-29 15:02:14 -   Accuracy: 88.095%
2025-08-29 15:02:14 -   Precision: 0.000
2025-08-29 15:02:14 -   Recall: 0.000
2025-08-29 15:02:14 -   F1 Score: 0.000
2025-08-29 15:02:14 -   AUC: 0.000
2025-08-29 15:02:14 -   Correct/Total: 37/42
2025-08-29 15:02:14 - Subject: sub-047
2025-08-29 15:02:14 -   Accuracy: 92.857%
2025-08-29 15:02:14 -   Precision: 0.000
2025-08-29 15:02:14 -   Recall: 0.000
2025-08-29 15:02:14 -   F1 Score: 0.000
2025-08-29 15:02:14 -   AUC: 0.000
2025-08-29 15:02:14 -   Correct/Total: 39/42
2025-08-29 15:02:14 - Subject: sub-048
2025-08-29 15:02:14 -   Accuracy: 90.476%
2025-08-29 15:02:14 -   Precision: 0.000
2025-08-29 15:02:14 -   Recall: 0.000
2025-08-29 15:02:14 -   F1 Score: 0.000
2025-08-29 15:02:14 -   AUC: 0.000
2025-08-29 15:02:14 -   Correct/Total: 38/42
2025-08-29 15:02:14 - Subject: sub-049
2025-08-29 15:02:14 -   Accuracy: 92.857%
2025-08-29 15:02:14 -   Precision: 0.000
2025-08-29 15:02:14 -   Recall: 0.000
2025-08-29 15:02:14 -   F1 Score: 0.000
2025-08-29 15:02:14 -   AUC: 0.000
2025-08-29 15:02:14 -   Correct/Total: 39/42
2025-08-29 15:02:14 - Subject: sub-050
2025-08-29 15:02:14 -   Accuracy: 92.857%
2025-08-29 15:02:14 -   Precision: 0.000
2025-08-29 15:02:14 -   Recall: 0.000
2025-08-29 15:02:14 -   F1 Score: 0.000
2025-08-29 15:02:14 -   AUC: 0.000
2025-08-29 15:02:14 -   Correct/Total: 39/42
2025-08-29 15:02:14 - Subject: sub-051
2025-08-29 15:02:14 -   Accuracy: 90.476%
2025-08-29 15:02:14 -   Precision: 0.000
2025-08-29 15:02:14 -   Recall: 0.000
2025-08-29 15:02:14 -   F1 Score: 0.000
2025-08-29 15:02:14 -   AUC: 0.000
2025-08-29 15:02:14 -   Correct/Total: 38/42
2025-08-29 15:02:14 - Subject: sub-052
2025-08-29 15:02:14 -   Accuracy: 88.095%
2025-08-29 15:02:14 -   Precision: 0.000
2025-08-29 15:02:14 -   Recall: 0.000
2025-08-29 15:02:14 -   F1 Score: 0.000
2025-08-29 15:02:14 -   AUC: 0.000
2025-08-29 15:02:14 -   Correct/Total: 37/42
2025-08-29 15:02:14 - Subject: sub-053
2025-08-29 15:02:14 -   Accuracy: 92.857%
2025-08-29 15:02:14 -   Precision: 0.000
2025-08-29 15:02:14 -   Recall: 0.000
2025-08-29 15:02:14 -   F1 Score: 0.000
2025-08-29 15:02:14 -   AUC: 0.000
2025-08-29 15:02:14 -   Correct/Total: 39/42
2025-08-29 15:02:14 - Subject: sub-054
2025-08-29 15:02:14 -   Accuracy: 87.500%
2025-08-29 15:02:14 -   Precision: 0.000
2025-08-29 15:02:14 -   Recall: 0.000
2025-08-29 15:02:14 -   F1 Score: 0.000
2025-08-29 15:02:14 -   AUC: 0.000
2025-08-29 15:02:14 -   Correct/Total: 35/40
2025-08-29 15:02:14 - Subject: sub-055
2025-08-29 15:02:14 -   Accuracy: 94.737%
2025-08-29 15:02:14 -   Precision: 0.000
2025-08-29 15:02:14 -   Recall: 0.000
2025-08-29 15:02:14 -   F1 Score: 0.000
2025-08-29 15:02:14 -   AUC: 0.000
2025-08-29 15:02:14 -   Correct/Total: 36/38
2025-08-29 15:02:14 - Subject: sub-056
2025-08-29 15:02:14 -   Accuracy: 92.857%
2025-08-29 15:02:14 -   Precision: 0.000
2025-08-29 15:02:14 -   Recall: 0.000
2025-08-29 15:02:14 -   F1 Score: 0.000
2025-08-29 15:02:14 -   AUC: 0.000
2025-08-29 15:02:14 -   Correct/Total: 39/42
2025-08-29 15:02:14 - Subject: sub-057
2025-08-29 15:02:14 -   Accuracy: 90.476%
2025-08-29 15:02:14 -   Precision: 0.000
2025-08-29 15:02:14 -   Recall: 0.000
2025-08-29 15:02:14 -   F1 Score: 0.000
2025-08-29 15:02:14 -   AUC: 0.000
2025-08-29 15:02:14 -   Correct/Total: 38/42
2025-08-29 15:02:14 - Subject: sub-058
2025-08-29 15:02:14 -   Accuracy: 92.857%
2025-08-29 15:02:14 -   Precision: 0.000
2025-08-29 15:02:14 -   Recall: 0.000
2025-08-29 15:02:14 -   F1 Score: 0.000
2025-08-29 15:02:14 -   AUC: 0.000
2025-08-29 15:02:14 -   Correct/Total: 39/42
2025-08-29 15:02:14 - Subject: sub-059
2025-08-29 15:02:14 -   Accuracy: 92.857%
2025-08-29 15:02:14 -   Precision: 0.000
2025-08-29 15:02:14 -   Recall: 0.000
2025-08-29 15:02:14 -   F1 Score: 0.000
2025-08-29 15:02:14 -   AUC: 0.000
2025-08-29 15:02:14 -   Correct/Total: 39/42
2025-08-29 15:02:14 - Subject: sub-060
2025-08-29 15:02:14 -   Accuracy: 92.857%
2025-08-29 15:02:14 -   Precision: 0.000
2025-08-29 15:02:14 -   Recall: 0.000
2025-08-29 15:02:14 -   F1 Score: 0.000
2025-08-29 15:02:14 -   AUC: 0.000
2025-08-29 15:02:14 -   Correct/Total: 39/42
2025-08-29 15:02:14 - Subject: sub-061
2025-08-29 15:02:14 -   Accuracy: 90.476%
2025-08-29 15:02:14 -   Precision: 0.000
2025-08-29 15:02:14 -   Recall: 0.000
2025-08-29 15:02:14 -   F1 Score: 0.000
2025-08-29 15:02:14 -   AUC: 0.000
2025-08-29 15:02:14 -   Correct/Total: 38/42
2025-08-29 15:02:14 - Subject: sub-062
2025-08-29 15:02:14 -   Accuracy: 92.857%
2025-08-29 15:02:14 -   Precision: 0.000
2025-08-29 15:02:14 -   Recall: 0.000
2025-08-29 15:02:14 -   F1 Score: 0.000
2025-08-29 15:02:14 -   AUC: 0.000
2025-08-29 15:02:14 -   Correct/Total: 39/42
2025-08-29 15:02:14 - Subject: sub-063
2025-08-29 15:02:14 -   Accuracy: 92.857%
2025-08-29 15:02:14 -   Precision: 0.000
2025-08-29 15:02:14 -   Recall: 0.000
2025-08-29 15:02:14 -   F1 Score: 0.000
2025-08-29 15:02:14 -   AUC: 0.000
2025-08-29 15:02:14 -   Correct/Total: 39/42
2025-08-29 15:02:14 - Subject: sub-064
2025-08-29 15:02:14 -   Accuracy: 92.857%
2025-08-29 15:02:14 -   Precision: 0.000
2025-08-29 15:02:14 -   Recall: 0.000
2025-08-29 15:02:14 -   F1 Score: 0.000
2025-08-29 15:02:14 -   AUC: 0.000
2025-08-29 15:02:14 -   Correct/Total: 39/42
2025-08-29 15:02:14 - Subject: sub-065
2025-08-29 15:02:14 -   Accuracy: 92.857%
2025-08-29 15:02:14 -   Precision: 0.000
2025-08-29 15:02:14 -   Recall: 0.000
2025-08-29 15:02:14 -   F1 Score: 0.000
2025-08-29 15:02:14 -   AUC: 0.000
2025-08-29 15:02:14 -   Correct/Total: 39/42
2025-08-29 15:02:14 - Subject: sub-066
2025-08-29 15:02:14 -   Accuracy: 88.095%
2025-08-29 15:02:14 -   Precision: 0.000
2025-08-29 15:02:14 -   Recall: 0.000
2025-08-29 15:02:14 -   F1 Score: 0.000
2025-08-29 15:02:14 -   AUC: 0.000
2025-08-29 15:02:14 -   Correct/Total: 37/42
2025-08-29 15:02:14 - Subject: sub-067
2025-08-29 15:02:14 -   Accuracy: 92.857%
2025-08-29 15:02:14 -   Precision: 0.000
2025-08-29 15:02:14 -   Recall: 0.000
2025-08-29 15:02:14 -   F1 Score: 0.000
2025-08-29 15:02:14 -   AUC: 0.000
2025-08-29 15:02:14 -   Correct/Total: 39/42
2025-08-29 15:02:14 - Subject: sub-068
2025-08-29 15:02:14 -   Accuracy: 92.857%
2025-08-29 15:02:14 -   Precision: 0.000
2025-08-29 15:02:14 -   Recall: 0.000
2025-08-29 15:02:14 -   F1 Score: 0.000
2025-08-29 15:02:14 -   AUC: 0.000
2025-08-29 15:02:14 -   Correct/Total: 39/42
2025-08-29 15:02:14 - Subject: sub-069
2025-08-29 15:02:14 -   Accuracy: 92.857%
2025-08-29 15:02:14 -   Precision: 0.000
2025-08-29 15:02:14 -   Recall: 0.000
2025-08-29 15:02:14 -   F1 Score: 0.000
2025-08-29 15:02:14 -   AUC: 0.000
2025-08-29 15:02:14 -   Correct/Total: 39/42
2025-08-29 15:02:14 - Subject: sub-070
2025-08-29 15:02:14 -   Accuracy: 90.476%
2025-08-29 15:02:14 -   Precision: 0.000
2025-08-29 15:02:14 -   Recall: 0.000
2025-08-29 15:02:14 -   F1 Score: 0.000
2025-08-29 15:02:14 -   AUC: 0.000
2025-08-29 15:02:14 -   Correct/Total: 38/42
2025-08-29 15:02:14 - Subject: sub-071
2025-08-29 15:02:14 -   Accuracy: 92.857%
2025-08-29 15:02:14 -   Precision: 0.000
2025-08-29 15:02:14 -   Recall: 0.000
2025-08-29 15:02:14 -   F1 Score: 0.000
2025-08-29 15:02:14 -   AUC: 0.000
2025-08-29 15:02:14 -   Correct/Total: 39/42
2025-08-29 15:02:14 - Subject: sub-073
2025-08-29 15:02:14 -   Accuracy: 92.857%
2025-08-29 15:02:14 -   Precision: 0.000
2025-08-29 15:02:14 -   Recall: 0.000
2025-08-29 15:02:14 -   F1 Score: 0.000
2025-08-29 15:02:14 -   AUC: 0.000
2025-08-29 15:02:14 -   Correct/Total: 39/42
2025-08-29 15:02:14 - Subject: sub-074
2025-08-29 15:02:14 -   Accuracy: 90.476%
2025-08-29 15:02:14 -   Precision: 0.000
2025-08-29 15:02:14 -   Recall: 0.000
2025-08-29 15:02:14 -   F1 Score: 0.000
2025-08-29 15:02:14 -   AUC: 0.000
2025-08-29 15:02:14 -   Correct/Total: 38/42
2025-08-29 15:02:14 - Subject: sub-075
2025-08-29 15:02:14 -   Accuracy: 92.857%
2025-08-29 15:02:14 -   Precision: 0.000
2025-08-29 15:02:14 -   Recall: 0.000
2025-08-29 15:02:14 -   F1 Score: 0.000
2025-08-29 15:02:14 -   AUC: 0.000
2025-08-29 15:02:14 -   Correct/Total: 39/42
2025-08-29 15:02:14 - Subject: sub-076
2025-08-29 15:02:14 -   Accuracy: 92.857%
2025-08-29 15:02:14 -   Precision: 0.000
2025-08-29 15:02:14 -   Recall: 0.000
2025-08-29 15:02:14 -   F1 Score: 0.000
2025-08-29 15:02:14 -   AUC: 0.000
2025-08-29 15:02:14 -   Correct/Total: 39/42
2025-08-29 15:02:14 - Subject: sub-077
2025-08-29 15:02:14 -   Accuracy: 90.476%
2025-08-29 15:02:14 -   Precision: 0.000
2025-08-29 15:02:14 -   Recall: 0.000
2025-08-29 15:02:14 -   F1 Score: 0.000
2025-08-29 15:02:14 -   AUC: 0.000
2025-08-29 15:02:14 -   Correct/Total: 38/42
2025-08-29 15:02:14 - Subject: sub-078
2025-08-29 15:02:14 -   Accuracy: 92.857%
2025-08-29 15:02:14 -   Precision: 0.000
2025-08-29 15:02:14 -   Recall: 0.000
2025-08-29 15:02:14 -   F1 Score: 0.000
2025-08-29 15:02:14 -   AUC: 0.000
2025-08-29 15:02:14 -   Correct/Total: 39/42
2025-08-29 15:02:14 - Subject: sub-079
2025-08-29 15:02:14 -   Accuracy: 92.857%
2025-08-29 15:02:14 -   Precision: 0.000
2025-08-29 15:02:14 -   Recall: 0.000
2025-08-29 15:02:14 -   F1 Score: 0.000
2025-08-29 15:02:14 -   AUC: 0.000
2025-08-29 15:02:14 -   Correct/Total: 39/42
2025-08-29 15:02:14 - Subject: sub-080
2025-08-29 15:02:14 -   Accuracy: 92.857%
2025-08-29 15:02:14 -   Precision: 0.000
2025-08-29 15:02:14 -   Recall: 0.000
2025-08-29 15:02:14 -   F1 Score: 0.000
2025-08-29 15:02:14 -   AUC: 0.000
2025-08-29 15:02:14 -   Correct/Total: 39/42
2025-08-29 15:02:14 - Subject: sub-081
2025-08-29 15:02:14 -   Accuracy: 92.857%
2025-08-29 15:02:14 -   Precision: 0.000
2025-08-29 15:02:14 -   Recall: 0.000
2025-08-29 15:02:14 -   F1 Score: 0.000
2025-08-29 15:02:14 -   AUC: 0.000
2025-08-29 15:02:14 -   Correct/Total: 39/42
2025-08-29 15:02:14 - Subject: sub-082
2025-08-29 15:02:14 -   Accuracy: 90.476%
2025-08-29 15:02:14 -   Precision: 0.000
2025-08-29 15:02:14 -   Recall: 0.000
2025-08-29 15:02:14 -   F1 Score: 0.000
2025-08-29 15:02:14 -   AUC: 0.000
2025-08-29 15:02:14 -   Correct/Total: 38/42
2025-08-29 15:02:14 - Subject: sub-083
2025-08-29 15:02:14 -   Accuracy: 92.857%
2025-08-29 15:02:14 -   Precision: 0.000
2025-08-29 15:02:14 -   Recall: 0.000
2025-08-29 15:02:14 -   F1 Score: 0.000
2025-08-29 15:02:14 -   AUC: 0.000
2025-08-29 15:02:14 -   Correct/Total: 39/42
2025-08-29 15:02:14 - Subject: sub-111
2025-08-29 15:02:14 -   Accuracy: 92.857%
2025-08-29 15:02:14 -   Precision: 0.000
2025-08-29 15:02:14 -   Recall: 0.000
2025-08-29 15:02:14 -   F1 Score: 0.000
2025-08-29 15:02:14 -   AUC: 0.000
2025-08-29 15:02:14 -   Correct/Total: 39/42
2025-08-29 15:02:14 - Subject: sub-112
2025-08-29 15:02:14 -   Accuracy: 92.857%
2025-08-29 15:02:14 -   Precision: 0.000
2025-08-29 15:02:14 -   Recall: 0.000
2025-08-29 15:02:14 -   F1 Score: 0.000
2025-08-29 15:02:14 -   AUC: 0.000
2025-08-29 15:02:14 -   Correct/Total: 39/42
2025-08-29 15:02:14 - Subject: sub-113
2025-08-29 15:02:14 -   Accuracy: 92.500%
2025-08-29 15:02:14 -   Precision: 0.000
2025-08-29 15:02:14 -   Recall: 0.000
2025-08-29 15:02:14 -   F1 Score: 0.000
2025-08-29 15:02:14 -   AUC: 0.000
2025-08-29 15:02:14 -   Correct/Total: 37/40
2025-08-29 15:02:14 - Subject: sub-114
2025-08-29 15:02:14 -   Accuracy: 92.500%
2025-08-29 15:02:14 -   Precision: 0.000
2025-08-29 15:02:14 -   Recall: 0.000
2025-08-29 15:02:14 -   F1 Score: 0.000
2025-08-29 15:02:14 -   AUC: 0.000
2025-08-29 15:02:14 -   Correct/Total: 37/40
2025-08-29 15:02:14 - Subject: sub-115
2025-08-29 15:02:14 -   Accuracy: 87.500%
2025-08-29 15:02:14 -   Precision: 0.000
2025-08-29 15:02:14 -   Recall: 0.000
2025-08-29 15:02:14 -   F1 Score: 0.000
2025-08-29 15:02:14 -   AUC: 0.000
2025-08-29 15:02:14 -   Correct/Total: 35/40
2025-08-29 15:02:14 - Subject: sub-116
2025-08-29 15:02:14 -   Accuracy: 92.500%
2025-08-29 15:02:14 -   Precision: 0.000
2025-08-29 15:02:14 -   Recall: 0.000
2025-08-29 15:02:14 -   F1 Score: 0.000
2025-08-29 15:02:14 -   AUC: 0.000
2025-08-29 15:02:14 -   Correct/Total: 37/40
2025-08-29 15:02:14 - Subject: sub-117
2025-08-29 15:02:14 -   Accuracy: 90.000%
2025-08-29 15:02:14 -   Precision: 0.333
2025-08-29 15:02:14 -   Recall: 0.333
2025-08-29 15:02:14 -   F1 Score: 0.333
2025-08-29 15:02:14 -   AUC: 0.000
2025-08-29 15:02:14 -   Correct/Total: 36/40
2025-08-29 15:02:14 - Subject: sub-118
2025-08-29 15:02:14 -   Accuracy: 85.000%
2025-08-29 15:02:14 -   Precision: 0.000
2025-08-29 15:02:14 -   Recall: 0.000
2025-08-29 15:02:14 -   F1 Score: 0.000
2025-08-29 15:02:14 -   AUC: 0.000
2025-08-29 15:02:14 -   Correct/Total: 34/40
2025-08-29 15:02:14 - Subject: sub-119
2025-08-29 15:02:14 -   Accuracy: 92.500%
2025-08-29 15:02:14 -   Precision: 0.000
2025-08-29 15:02:14 -   Recall: 0.000
2025-08-29 15:02:14 -   F1 Score: 0.000
2025-08-29 15:02:14 -   AUC: 0.000
2025-08-29 15:02:14 -   Correct/Total: 37/40
2025-08-29 15:02:14 - Subject: sub-120
2025-08-29 15:02:14 -   Accuracy: 92.500%
2025-08-29 15:02:14 -   Precision: 0.000
2025-08-29 15:02:14 -   Recall: 0.000
2025-08-29 15:02:14 -   F1 Score: 0.000
2025-08-29 15:02:14 -   AUC: 0.000
2025-08-29 15:02:14 -   Correct/Total: 37/40
2025-08-29 15:02:14 - Subject: sub-121
2025-08-29 15:02:14 -   Accuracy: 90.000%
2025-08-29 15:02:14 -   Precision: 0.000
2025-08-29 15:02:14 -   Recall: 0.000
2025-08-29 15:02:14 -   F1 Score: 0.000
2025-08-29 15:02:14 -   AUC: 0.000
2025-08-29 15:02:14 -   Correct/Total: 36/40
2025-08-29 15:02:14 - Subject: sub-122
2025-08-29 15:02:14 -   Accuracy: 87.500%
2025-08-29 15:02:14 -   Precision: 0.000
2025-08-29 15:02:14 -   Recall: 0.000
2025-08-29 15:02:14 -   F1 Score: 0.000
2025-08-29 15:02:14 -   AUC: 0.000
2025-08-29 15:02:14 -   Correct/Total: 35/40
2025-08-29 15:02:14 - Subject: sub-123
2025-08-29 15:02:14 -   Accuracy: 92.500%
2025-08-29 15:02:14 -   Precision: 0.000
2025-08-29 15:02:14 -   Recall: 0.000
2025-08-29 15:02:14 -   F1 Score: 0.000
2025-08-29 15:02:14 -   AUC: 0.000
2025-08-29 15:02:14 -   Correct/Total: 37/40
2025-08-29 15:02:14 - Subject: sub-124
2025-08-29 15:02:14 -   Accuracy: 90.476%
2025-08-29 15:02:14 -   Precision: 0.000
2025-08-29 15:02:14 -   Recall: 0.000
2025-08-29 15:02:14 -   F1 Score: 0.000
2025-08-29 15:02:14 -   AUC: 0.000
2025-08-29 15:02:14 -   Correct/Total: 38/42
2025-08-29 15:02:14 - Subject: sub-125
2025-08-29 15:02:14 -   Accuracy: 90.476%
2025-08-29 15:02:14 -   Precision: 0.000
2025-08-29 15:02:14 -   Recall: 0.000
2025-08-29 15:02:14 -   F1 Score: 0.000
2025-08-29 15:02:14 -   AUC: 0.000
2025-08-29 15:02:14 -   Correct/Total: 38/42
2025-08-29 15:02:14 - Subject: sub-127
2025-08-29 15:02:14 -   Accuracy: 85.000%
2025-08-29 15:02:14 -   Precision: 0.000
2025-08-29 15:02:14 -   Recall: 0.000
2025-08-29 15:02:14 -   F1 Score: 0.000
2025-08-29 15:02:14 -   AUC: 0.000
2025-08-29 15:02:14 -   Correct/Total: 34/40
2025-08-29 15:02:14 - 
AVO Individual Models Statistics:
2025-08-29 15:02:15 - Mean Accuracy: 0.915
2025-08-29 15:02:15 - 95% Confidence Interval: [0.911, 0.919]
2025-08-29 15:02:15 - Best Subject: sub-025 (0.952)
2025-08-29 15:02:15 - Worst Subject: sub-118 (0.850)
