2025-08-29 15:25:53 - 
Experiment Configuration:
2025-08-29 15:25:53 - --------------------------------------------------
2025-08-29 15:25:53 - dataset: use_combined_datasets
2025-08-29 15:25:53 - use_combined_datasets: True
2025-08-29 15:25:53 - electrode_list: common
2025-08-29 15:25:53 - classifier: ShallowFBCSPNet
2025-08-29 15:25:53 - separate_subject_classification: False
2025-08-29 15:25:53 - use_subject_layer: True
2025-08-29 15:25:53 - seeds: [1]
2025-08-29 15:25:53 - --------------------------------------------------
2025-08-29 15:25:53 - 
==================================================
2025-08-29 15:25:53 - Processing Combined P3 and AVO Datasets
2025-08-29 15:25:53 - ==================================================
2025-08-29 15:37:37 - 
Confusion matrix saved to: ./results\experiment_20250829_152553\confusion_matrices\P3_AVO_ShallowFBCSPNet_FP1_Fz_F3_F7_C3_P3_P7_O1_Oz_Pz_O2_P4_P8_C4_F4_F8_pooled_confusion_matrix.png

2025-08-29 15:37:37 - Subject: P3_sub-001
2025-08-29 15:37:37 -   Accuracy: 63.158%
2025-08-29 15:37:37 -   Precision: 0.267
2025-08-29 15:37:37 -   Recall: 0.571
2025-08-29 15:37:37 -   F1 Score: 0.364
2025-08-29 15:37:37 -   AUC: 0.000
2025-08-29 15:37:37 -   Correct/Total: 24/38
2025-08-29 15:37:37 - Subject: P3_sub-002
2025-08-29 15:37:37 -   Accuracy: 90.909%
2025-08-29 15:37:37 -   Precision: 0.800
2025-08-29 15:37:37 -   Recall: 0.667
2025-08-29 15:37:37 -   F1 Score: 0.727
2025-08-29 15:37:37 -   AUC: 0.000
2025-08-29 15:37:37 -   Correct/Total: 30/33
2025-08-29 15:37:37 - Subject: P3_sub-003
2025-08-29 15:37:37 -   Accuracy: 76.923%
2025-08-29 15:37:37 -   Precision: 0.000
2025-08-29 15:37:37 -   Recall: 0.000
2025-08-29 15:37:37 -   F1 Score: 0.000
2025-08-29 15:37:37 -   AUC: 0.000
2025-08-29 15:37:37 -   Correct/Total: 30/39
2025-08-29 15:37:37 - Subject: P3_sub-004
2025-08-29 15:37:37 -   Accuracy: 78.571%
2025-08-29 15:37:37 -   Precision: 0.375
2025-08-29 15:37:37 -   Recall: 0.429
2025-08-29 15:37:37 -   F1 Score: 0.400
2025-08-29 15:37:37 -   AUC: 0.000
2025-08-29 15:37:37 -   Correct/Total: 33/42
2025-08-29 15:37:37 - Subject: P3_sub-005
2025-08-29 15:37:37 -   Accuracy: 81.081%
2025-08-29 15:37:37 -   Precision: 0.500
2025-08-29 15:37:37 -   Recall: 0.143
2025-08-29 15:37:37 -   F1 Score: 0.222
2025-08-29 15:37:37 -   AUC: 0.000
2025-08-29 15:37:37 -   Correct/Total: 30/37
2025-08-29 15:37:37 - Subject: P3_sub-006
2025-08-29 15:37:37 -   Accuracy: 79.545%
2025-08-29 15:37:37 -   Precision: 0.333
2025-08-29 15:37:37 -   Recall: 0.500
2025-08-29 15:37:37 -   F1 Score: 0.400
2025-08-29 15:37:37 -   AUC: 0.000
2025-08-29 15:37:37 -   Correct/Total: 35/44
2025-08-29 15:37:37 - Subject: P3_sub-007
2025-08-29 15:37:37 -   Accuracy: 84.444%
2025-08-29 15:37:37 -   Precision: 0.667
2025-08-29 15:37:37 -   Recall: 0.600
2025-08-29 15:37:37 -   F1 Score: 0.632
2025-08-29 15:37:37 -   AUC: 0.000
2025-08-29 15:37:37 -   Correct/Total: 38/45
2025-08-29 15:37:37 - Subject: P3_sub-008
2025-08-29 15:37:37 -   Accuracy: 72.727%
2025-08-29 15:37:37 -   Precision: 0.000
2025-08-29 15:37:37 -   Recall: 0.000
2025-08-29 15:37:37 -   F1 Score: 0.000
2025-08-29 15:37:37 -   AUC: 0.000
2025-08-29 15:37:37 -   Correct/Total: 24/33
2025-08-29 15:37:37 - Subject: P3_sub-009
2025-08-29 15:37:37 -   Accuracy: 76.744%
2025-08-29 15:37:37 -   Precision: 0.667
2025-08-29 15:37:37 -   Recall: 0.182
2025-08-29 15:37:37 -   F1 Score: 0.286
2025-08-29 15:37:37 -   AUC: 0.000
2025-08-29 15:37:37 -   Correct/Total: 33/43
2025-08-29 15:37:37 - Subject: P3_sub-010
2025-08-29 15:37:37 -   Accuracy: 84.091%
2025-08-29 15:37:37 -   Precision: 0.625
2025-08-29 15:37:37 -   Recall: 0.556
2025-08-29 15:37:37 -   F1 Score: 0.588
2025-08-29 15:37:37 -   AUC: 0.000
2025-08-29 15:37:37 -   Correct/Total: 37/44
2025-08-29 15:37:37 - Subject: P3_sub-011
2025-08-29 15:37:37 -   Accuracy: 82.143%
2025-08-29 15:37:37 -   Precision: 0.500
2025-08-29 15:37:37 -   Recall: 0.200
2025-08-29 15:37:37 -   F1 Score: 0.286
2025-08-29 15:37:37 -   AUC: 0.000
2025-08-29 15:37:37 -   Correct/Total: 23/28
2025-08-29 15:37:37 - Subject: P3_sub-012
2025-08-29 15:37:37 -   Accuracy: 73.810%
2025-08-29 15:37:37 -   Precision: 0.300
2025-08-29 15:37:37 -   Recall: 0.429
2025-08-29 15:37:37 -   F1 Score: 0.353
2025-08-29 15:37:37 -   AUC: 0.000
2025-08-29 15:37:37 -   Correct/Total: 31/42
2025-08-29 15:37:37 - Subject: P3_sub-013
2025-08-29 15:37:37 -   Accuracy: 68.571%
2025-08-29 15:37:37 -   Precision: 0.400
2025-08-29 15:37:37 -   Recall: 0.200
2025-08-29 15:37:37 -   F1 Score: 0.267
2025-08-29 15:37:37 -   AUC: 0.000
2025-08-29 15:37:37 -   Correct/Total: 24/35
2025-08-29 15:37:37 - Subject: P3_sub-014
2025-08-29 15:37:37 -   Accuracy: 70.270%
2025-08-29 15:37:37 -   Precision: 0.000
2025-08-29 15:37:37 -   Recall: 0.000
2025-08-29 15:37:37 -   F1 Score: 0.000
2025-08-29 15:37:37 -   AUC: 0.000
2025-08-29 15:37:37 -   Correct/Total: 26/37
2025-08-29 15:37:37 - Subject: P3_sub-015
2025-08-29 15:37:37 -   Accuracy: 81.081%
2025-08-29 15:37:37 -   Precision: 0.333
2025-08-29 15:37:37 -   Recall: 0.400
2025-08-29 15:37:37 -   F1 Score: 0.364
2025-08-29 15:37:37 -   AUC: 0.000
2025-08-29 15:37:37 -   Correct/Total: 30/37
2025-08-29 15:37:37 - Subject: P3_sub-016
2025-08-29 15:37:37 -   Accuracy: 81.579%
2025-08-29 15:37:37 -   Precision: 0.600
2025-08-29 15:37:37 -   Recall: 0.375
2025-08-29 15:37:37 -   F1 Score: 0.462
2025-08-29 15:37:37 -   AUC: 0.000
2025-08-29 15:37:37 -   Correct/Total: 31/38
2025-08-29 15:37:37 - Subject: P3_sub-017
2025-08-29 15:37:37 -   Accuracy: 74.419%
2025-08-29 15:37:37 -   Precision: 0.200
2025-08-29 15:37:37 -   Recall: 0.400
2025-08-29 15:37:37 -   F1 Score: 0.267
2025-08-29 15:37:37 -   AUC: 0.000
2025-08-29 15:37:37 -   Correct/Total: 32/43
2025-08-29 15:37:37 - Subject: P3_sub-018
2025-08-29 15:37:37 -   Accuracy: 88.095%
2025-08-29 15:37:37 -   Precision: 0.333
2025-08-29 15:37:37 -   Recall: 0.250
2025-08-29 15:37:37 -   F1 Score: 0.286
2025-08-29 15:37:37 -   AUC: 0.000
2025-08-29 15:37:37 -   Correct/Total: 37/42
2025-08-29 15:37:37 - Subject: P3_sub-019
2025-08-29 15:37:37 -   Accuracy: 69.231%
2025-08-29 15:37:37 -   Precision: 0.000
2025-08-29 15:37:37 -   Recall: 0.000
2025-08-29 15:37:37 -   F1 Score: 0.000
2025-08-29 15:37:37 -   AUC: 0.000
2025-08-29 15:37:37 -   Correct/Total: 27/39
2025-08-29 15:37:37 - Subject: P3_sub-020
2025-08-29 15:37:37 -   Accuracy: 79.545%
2025-08-29 15:37:37 -   Precision: 0.462
2025-08-29 15:37:37 -   Recall: 0.750
2025-08-29 15:37:37 -   F1 Score: 0.571
2025-08-29 15:37:37 -   AUC: 0.000
2025-08-29 15:37:37 -   Correct/Total: 35/44
2025-08-29 15:37:37 - Subject: P3_sub-021
2025-08-29 15:37:37 -   Accuracy: 69.444%
2025-08-29 15:37:37 -   Precision: 0.333
2025-08-29 15:37:37 -   Recall: 0.375
2025-08-29 15:37:37 -   F1 Score: 0.353
2025-08-29 15:37:37 -   AUC: 0.000
2025-08-29 15:37:37 -   Correct/Total: 25/36
2025-08-29 15:37:37 - Subject: P3_sub-022
2025-08-29 15:37:37 -   Accuracy: 75.000%
2025-08-29 15:37:37 -   Precision: 0.333
2025-08-29 15:37:37 -   Recall: 0.250
2025-08-29 15:37:37 -   F1 Score: 0.286
2025-08-29 15:37:37 -   AUC: 0.000
2025-08-29 15:37:37 -   Correct/Total: 30/40
2025-08-29 15:37:37 - Subject: P3_sub-023
2025-08-29 15:37:37 -   Accuracy: 72.500%
2025-08-29 15:37:37 -   Precision: 0.333
2025-08-29 15:37:37 -   Recall: 0.375
2025-08-29 15:37:37 -   F1 Score: 0.353
2025-08-29 15:37:37 -   AUC: 0.000
2025-08-29 15:37:37 -   Correct/Total: 29/40
2025-08-29 15:37:37 - Subject: P3_sub-024
2025-08-29 15:37:37 -   Accuracy: 73.529%
2025-08-29 15:37:37 -   Precision: 0.333
2025-08-29 15:37:37 -   Recall: 0.800
2025-08-29 15:37:37 -   F1 Score: 0.471
2025-08-29 15:37:37 -   AUC: 0.000
2025-08-29 15:37:37 -   Correct/Total: 25/34
2025-08-29 15:37:37 - Subject: P3_sub-025
2025-08-29 15:37:37 -   Accuracy: 69.231%
2025-08-29 15:37:37 -   Precision: 0.250
2025-08-29 15:37:37 -   Recall: 0.250
2025-08-29 15:37:37 -   F1 Score: 0.250
2025-08-29 15:37:37 -   AUC: 0.000
2025-08-29 15:37:37 -   Correct/Total: 27/39
2025-08-29 15:37:37 - Subject: P3_sub-026
2025-08-29 15:37:37 -   Accuracy: 76.087%
2025-08-29 15:37:37 -   Precision: 0.167
2025-08-29 15:37:37 -   Recall: 0.143
2025-08-29 15:37:37 -   F1 Score: 0.154
2025-08-29 15:37:37 -   AUC: 0.000
2025-08-29 15:37:37 -   Correct/Total: 35/46
2025-08-29 15:37:37 - Subject: P3_sub-027
2025-08-29 15:37:37 -   Accuracy: 70.455%
2025-08-29 15:37:37 -   Precision: 0.250
2025-08-29 15:37:37 -   Recall: 0.091
2025-08-29 15:37:37 -   F1 Score: 0.133
2025-08-29 15:37:37 -   AUC: 0.000
2025-08-29 15:37:37 -   Correct/Total: 31/44
2025-08-29 15:37:37 - Subject: P3_sub-028
2025-08-29 15:37:37 -   Accuracy: 66.667%
2025-08-29 15:37:37 -   Precision: 0.286
2025-08-29 15:37:37 -   Recall: 0.286
2025-08-29 15:37:37 -   F1 Score: 0.286
2025-08-29 15:37:37 -   AUC: 0.000
2025-08-29 15:37:37 -   Correct/Total: 20/30
2025-08-29 15:37:37 - Subject: P3_sub-029
2025-08-29 15:37:37 -   Accuracy: 77.143%
2025-08-29 15:37:37 -   Precision: 0.400
2025-08-29 15:37:37 -   Recall: 0.286
2025-08-29 15:37:37 -   F1 Score: 0.333
2025-08-29 15:37:37 -   AUC: 0.000
2025-08-29 15:37:37 -   Correct/Total: 27/35
2025-08-29 15:37:37 - Subject: P3_sub-030
2025-08-29 15:37:37 -   Accuracy: 78.378%
2025-08-29 15:37:37 -   Precision: 0.286
2025-08-29 15:37:37 -   Recall: 0.400
2025-08-29 15:37:37 -   F1 Score: 0.333
2025-08-29 15:37:37 -   AUC: 0.000
2025-08-29 15:37:37 -   Correct/Total: 29/37
2025-08-29 15:37:37 - Subject: P3_sub-031
2025-08-29 15:37:37 -   Accuracy: 90.323%
2025-08-29 15:37:37 -   Precision: 0.333
2025-08-29 15:37:37 -   Recall: 0.500
2025-08-29 15:37:37 -   F1 Score: 0.400
2025-08-29 15:37:37 -   AUC: 0.000
2025-08-29 15:37:37 -   Correct/Total: 28/31
2025-08-29 15:37:37 - Subject: P3_sub-032
2025-08-29 15:37:37 -   Accuracy: 81.250%
2025-08-29 15:37:37 -   Precision: 0.714
2025-08-29 15:37:37 -   Recall: 0.556
2025-08-29 15:37:37 -   F1 Score: 0.625
2025-08-29 15:37:37 -   AUC: 0.000
2025-08-29 15:37:37 -   Correct/Total: 26/32
2025-08-29 15:37:37 - Subject: P3_sub-033
2025-08-29 15:37:37 -   Accuracy: 70.455%
2025-08-29 15:37:37 -   Precision: 0.500
2025-08-29 15:37:37 -   Recall: 0.231
2025-08-29 15:37:37 -   F1 Score: 0.316
2025-08-29 15:37:37 -   AUC: 0.000
2025-08-29 15:37:37 -   Correct/Total: 31/44
2025-08-29 15:37:37 - Subject: P3_sub-034
2025-08-29 15:37:37 -   Accuracy: 73.171%
2025-08-29 15:37:37 -   Precision: 0.417
2025-08-29 15:37:37 -   Recall: 0.556
2025-08-29 15:37:37 -   F1 Score: 0.476
2025-08-29 15:37:37 -   AUC: 0.000
2025-08-29 15:37:37 -   Correct/Total: 30/41
2025-08-29 15:37:37 - Subject: P3_sub-035
2025-08-29 15:37:37 -   Accuracy: 64.865%
2025-08-29 15:37:37 -   Precision: 0.286
2025-08-29 15:37:37 -   Recall: 0.200
2025-08-29 15:37:37 -   F1 Score: 0.235
2025-08-29 15:37:37 -   AUC: 0.000
2025-08-29 15:37:37 -   Correct/Total: 24/37
2025-08-29 15:37:37 - Subject: P3_sub-036
2025-08-29 15:37:37 -   Accuracy: 77.500%
2025-08-29 15:37:37 -   Precision: 0.429
2025-08-29 15:37:37 -   Recall: 0.375
2025-08-29 15:37:37 -   F1 Score: 0.400
2025-08-29 15:37:37 -   AUC: 0.000
2025-08-29 15:37:37 -   Correct/Total: 31/40
2025-08-29 15:37:37 - Subject: P3_sub-037
2025-08-29 15:37:37 -   Accuracy: 76.923%
2025-08-29 15:37:37 -   Precision: 0.625
2025-08-29 15:37:37 -   Recall: 0.455
2025-08-29 15:37:37 -   F1 Score: 0.526
2025-08-29 15:37:37 -   AUC: 0.000
2025-08-29 15:37:37 -   Correct/Total: 30/39
2025-08-29 15:37:37 - Subject: P3_sub-038
2025-08-29 15:37:37 -   Accuracy: 70.000%
2025-08-29 15:37:37 -   Precision: 0.375
2025-08-29 15:37:37 -   Recall: 0.300
2025-08-29 15:37:37 -   F1 Score: 0.333
2025-08-29 15:37:37 -   AUC: 0.000
2025-08-29 15:37:37 -   Correct/Total: 28/40
2025-08-29 15:37:37 - Subject: P3_sub-039
2025-08-29 15:37:37 -   Accuracy: 75.000%
2025-08-29 15:37:37 -   Precision: 0.000
2025-08-29 15:37:37 -   Recall: 0.000
2025-08-29 15:37:37 -   F1 Score: 0.000
2025-08-29 15:37:37 -   AUC: 0.000
2025-08-29 15:37:37 -   Correct/Total: 27/36
2025-08-29 15:37:37 - Subject: P3_sub-040
2025-08-29 15:37:37 -   Accuracy: 66.667%
2025-08-29 15:37:37 -   Precision: 0.250
2025-08-29 15:37:37 -   Recall: 0.286
2025-08-29 15:37:37 -   F1 Score: 0.267
2025-08-29 15:37:37 -   AUC: 0.000
2025-08-29 15:37:37 -   Correct/Total: 22/33
2025-08-29 15:37:37 - Subject: AVO_001
2025-08-29 15:37:37 -   Accuracy: 83.333%
2025-08-29 15:37:37 -   Precision: 0.000
2025-08-29 15:37:37 -   Recall: 0.000
2025-08-29 15:37:37 -   F1 Score: 0.000
2025-08-29 15:37:37 -   AUC: 0.000
2025-08-29 15:37:37 -   Correct/Total: 30/36
2025-08-29 15:37:37 - Subject: AVO_002
2025-08-29 15:37:37 -   Accuracy: 92.000%
2025-08-29 15:37:37 -   Precision: 0.000
2025-08-29 15:37:37 -   Recall: 0.000
2025-08-29 15:37:37 -   F1 Score: 0.000
2025-08-29 15:37:37 -   AUC: 0.000
2025-08-29 15:37:37 -   Correct/Total: 46/50
2025-08-29 15:37:37 - Subject: AVO_003
2025-08-29 15:37:37 -   Accuracy: 85.417%
2025-08-29 15:37:37 -   Precision: 0.000
2025-08-29 15:37:37 -   Recall: 0.000
2025-08-29 15:37:37 -   F1 Score: 0.000
2025-08-29 15:37:37 -   AUC: 0.000
2025-08-29 15:37:37 -   Correct/Total: 41/48
2025-08-29 15:37:37 - Subject: AVO_004
2025-08-29 15:37:37 -   Accuracy: 90.000%
2025-08-29 15:37:37 -   Precision: 0.500
2025-08-29 15:37:37 -   Recall: 0.250
2025-08-29 15:37:37 -   F1 Score: 0.333
2025-08-29 15:37:37 -   AUC: 0.000
2025-08-29 15:37:37 -   Correct/Total: 36/40
2025-08-29 15:37:37 - Subject: AVO_005
2025-08-29 15:37:37 -   Accuracy: 87.234%
2025-08-29 15:37:37 -   Precision: 0.000
2025-08-29 15:37:37 -   Recall: 0.000
2025-08-29 15:37:37 -   F1 Score: 0.000
2025-08-29 15:37:37 -   AUC: 0.000
2025-08-29 15:37:37 -   Correct/Total: 41/47
2025-08-29 15:37:37 - Subject: AVO_006
2025-08-29 15:37:37 -   Accuracy: 80.000%
2025-08-29 15:37:37 -   Precision: 0.000
2025-08-29 15:37:37 -   Recall: 0.000
2025-08-29 15:37:37 -   F1 Score: 0.000
2025-08-29 15:37:37 -   AUC: 0.000
2025-08-29 15:37:37 -   Correct/Total: 32/40
2025-08-29 15:37:37 - Subject: AVO_007
2025-08-29 15:37:37 -   Accuracy: 89.474%
2025-08-29 15:37:37 -   Precision: 0.333
2025-08-29 15:37:37 -   Recall: 0.200
2025-08-29 15:37:37 -   F1 Score: 0.250
2025-08-29 15:37:37 -   AUC: 0.000
2025-08-29 15:37:37 -   Correct/Total: 51/57
2025-08-29 15:37:37 - Subject: AVO_008
2025-08-29 15:37:37 -   Accuracy: 97.619%
2025-08-29 15:37:37 -   Precision: 0.000
2025-08-29 15:37:37 -   Recall: 0.000
2025-08-29 15:37:37 -   F1 Score: 0.000
2025-08-29 15:37:37 -   AUC: 0.000
2025-08-29 15:37:37 -   Correct/Total: 41/42
2025-08-29 15:37:37 - Subject: AVO_009
2025-08-29 15:37:37 -   Accuracy: 82.222%
2025-08-29 15:37:37 -   Precision: 0.000
2025-08-29 15:37:37 -   Recall: 0.000
2025-08-29 15:37:37 -   F1 Score: 0.000
2025-08-29 15:37:37 -   AUC: 0.000
2025-08-29 15:37:37 -   Correct/Total: 37/45
2025-08-29 15:37:37 - Subject: AVO_010
2025-08-29 15:37:37 -   Accuracy: 89.130%
2025-08-29 15:37:37 -   Precision: 0.000
2025-08-29 15:37:37 -   Recall: 0.000
2025-08-29 15:37:37 -   F1 Score: 0.000
2025-08-29 15:37:37 -   AUC: 0.000
2025-08-29 15:37:37 -   Correct/Total: 41/46
2025-08-29 15:37:37 - Subject: AVO_011
2025-08-29 15:37:37 -   Accuracy: 91.892%
2025-08-29 15:37:37 -   Precision: 0.000
2025-08-29 15:37:37 -   Recall: 0.000
2025-08-29 15:37:37 -   F1 Score: 0.000
2025-08-29 15:37:37 -   AUC: 0.000
2025-08-29 15:37:37 -   Correct/Total: 34/37
2025-08-29 15:37:37 - Subject: AVO_012
2025-08-29 15:37:37 -   Accuracy: 81.818%
2025-08-29 15:37:37 -   Precision: 0.000
2025-08-29 15:37:37 -   Recall: 0.000
2025-08-29 15:37:37 -   F1 Score: 0.000
2025-08-29 15:37:37 -   AUC: 0.000
2025-08-29 15:37:37 -   Correct/Total: 36/44
2025-08-29 15:37:37 - Subject: AVO_013
2025-08-29 15:37:37 -   Accuracy: 89.796%
2025-08-29 15:37:37 -   Precision: 0.000
2025-08-29 15:37:37 -   Recall: 0.000
2025-08-29 15:37:37 -   F1 Score: 0.000
2025-08-29 15:37:37 -   AUC: 0.000
2025-08-29 15:37:37 -   Correct/Total: 44/49
2025-08-29 15:37:37 - Subject: AVO_014
2025-08-29 15:37:37 -   Accuracy: 87.500%
2025-08-29 15:37:37 -   Precision: 0.000
2025-08-29 15:37:37 -   Recall: 0.000
2025-08-29 15:37:37 -   F1 Score: 0.000
2025-08-29 15:37:37 -   AUC: 0.000
2025-08-29 15:37:37 -   Correct/Total: 35/40
2025-08-29 15:37:37 - Subject: AVO_015
2025-08-29 15:37:37 -   Accuracy: 86.486%
2025-08-29 15:37:37 -   Precision: 0.250
2025-08-29 15:37:37 -   Recall: 0.333
2025-08-29 15:37:37 -   F1 Score: 0.286
2025-08-29 15:37:37 -   AUC: 0.000
2025-08-29 15:37:37 -   Correct/Total: 32/37
2025-08-29 15:37:37 - Subject: AVO_016
2025-08-29 15:37:37 -   Accuracy: 92.857%
2025-08-29 15:37:37 -   Precision: 0.000
2025-08-29 15:37:37 -   Recall: 0.000
2025-08-29 15:37:37 -   F1 Score: 0.000
2025-08-29 15:37:37 -   AUC: 0.000
2025-08-29 15:37:37 -   Correct/Total: 39/42
2025-08-29 15:37:37 - Subject: AVO_017
2025-08-29 15:37:37 -   Accuracy: 84.091%
2025-08-29 15:37:37 -   Precision: 0.000
2025-08-29 15:37:37 -   Recall: 0.000
2025-08-29 15:37:37 -   F1 Score: 0.000
2025-08-29 15:37:37 -   AUC: 0.000
2025-08-29 15:37:37 -   Correct/Total: 37/44
2025-08-29 15:37:37 - Subject: AVO_018
2025-08-29 15:37:37 -   Accuracy: 91.837%
2025-08-29 15:37:37 -   Precision: 0.000
2025-08-29 15:37:37 -   Recall: 0.000
2025-08-29 15:37:37 -   F1 Score: 0.000
2025-08-29 15:37:37 -   AUC: 0.000
2025-08-29 15:37:37 -   Correct/Total: 45/49
2025-08-29 15:37:37 - Subject: AVO_019
2025-08-29 15:37:37 -   Accuracy: 88.889%
2025-08-29 15:37:37 -   Precision: 0.000
2025-08-29 15:37:37 -   Recall: 0.000
2025-08-29 15:37:37 -   F1 Score: 0.000
2025-08-29 15:37:37 -   AUC: 0.000
2025-08-29 15:37:37 -   Correct/Total: 32/36
2025-08-29 15:37:37 - Subject: AVO_020
2025-08-29 15:37:37 -   Accuracy: 96.226%
2025-08-29 15:37:37 -   Precision: 0.000
2025-08-29 15:37:37 -   Recall: 0.000
2025-08-29 15:37:37 -   F1 Score: 0.000
2025-08-29 15:37:37 -   AUC: 0.000
2025-08-29 15:37:37 -   Correct/Total: 51/53
2025-08-29 15:37:37 - Subject: AVO_021
2025-08-29 15:37:37 -   Accuracy: 87.755%
2025-08-29 15:37:37 -   Precision: 0.000
2025-08-29 15:37:37 -   Recall: 0.000
2025-08-29 15:37:37 -   F1 Score: 0.000
2025-08-29 15:37:37 -   AUC: 0.000
2025-08-29 15:37:37 -   Correct/Total: 43/49
2025-08-29 15:37:37 - Subject: AVO_022
2025-08-29 15:37:37 -   Accuracy: 80.952%
2025-08-29 15:37:37 -   Precision: 0.000
2025-08-29 15:37:37 -   Recall: 0.000
2025-08-29 15:37:37 -   F1 Score: 0.000
2025-08-29 15:37:37 -   AUC: 0.000
2025-08-29 15:37:37 -   Correct/Total: 34/42
2025-08-29 15:37:37 - Subject: AVO_023
2025-08-29 15:37:37 -   Accuracy: 84.444%
2025-08-29 15:37:37 -   Precision: 0.000
2025-08-29 15:37:37 -   Recall: 0.000
2025-08-29 15:37:37 -   F1 Score: 0.000
2025-08-29 15:37:37 -   AUC: 0.000
2025-08-29 15:37:37 -   Correct/Total: 38/45
2025-08-29 15:37:37 - Subject: AVO_024
2025-08-29 15:37:37 -   Accuracy: 89.583%
2025-08-29 15:37:37 -   Precision: 0.000
2025-08-29 15:37:37 -   Recall: 0.000
2025-08-29 15:37:37 -   F1 Score: 0.000
2025-08-29 15:37:37 -   AUC: 0.000
2025-08-29 15:37:37 -   Correct/Total: 43/48
2025-08-29 15:37:37 - Subject: AVO_025
2025-08-29 15:37:37 -   Accuracy: 81.633%
2025-08-29 15:37:37 -   Precision: 0.000
2025-08-29 15:37:37 -   Recall: 0.000
2025-08-29 15:37:37 -   F1 Score: 0.000
2025-08-29 15:37:37 -   AUC: 0.000
2025-08-29 15:37:37 -   Correct/Total: 40/49
2025-08-29 15:37:37 - Subject: AVO_026
2025-08-29 15:37:37 -   Accuracy: 86.111%
2025-08-29 15:37:37 -   Precision: 0.333
2025-08-29 15:37:37 -   Recall: 0.250
2025-08-29 15:37:37 -   F1 Score: 0.286
2025-08-29 15:37:37 -   AUC: 0.000
2025-08-29 15:37:37 -   Correct/Total: 31/36
2025-08-29 15:37:37 - Subject: AVO_027
2025-08-29 15:37:37 -   Accuracy: 91.489%
2025-08-29 15:37:37 -   Precision: 0.000
2025-08-29 15:37:37 -   Recall: 0.000
2025-08-29 15:37:37 -   F1 Score: 0.000
2025-08-29 15:37:37 -   AUC: 0.000
2025-08-29 15:37:37 -   Correct/Total: 43/47
2025-08-29 15:37:37 - Subject: AVO_028
2025-08-29 15:37:37 -   Accuracy: 80.392%
2025-08-29 15:37:37 -   Precision: 0.000
2025-08-29 15:37:37 -   Recall: 0.000
2025-08-29 15:37:37 -   F1 Score: 0.000
2025-08-29 15:37:37 -   AUC: 0.000
2025-08-29 15:37:37 -   Correct/Total: 41/51
2025-08-29 15:37:37 - Subject: AVO_029
2025-08-29 15:37:37 -   Accuracy: 86.000%
2025-08-29 15:37:37 -   Precision: 0.000
2025-08-29 15:37:37 -   Recall: 0.000
2025-08-29 15:37:37 -   F1 Score: 0.000
2025-08-29 15:37:37 -   AUC: 0.000
2025-08-29 15:37:37 -   Correct/Total: 43/50
2025-08-29 15:37:37 - Subject: AVO_030
2025-08-29 15:37:37 -   Accuracy: 96.774%
2025-08-29 15:37:37 -   Precision: 0.000
2025-08-29 15:37:37 -   Recall: 0.000
2025-08-29 15:37:37 -   F1 Score: 0.000
2025-08-29 15:37:37 -   AUC: 0.000
2025-08-29 15:37:37 -   Correct/Total: 30/31
2025-08-29 15:37:37 - Subject: AVO_031
2025-08-29 15:37:37 -   Accuracy: 79.487%
2025-08-29 15:37:37 -   Precision: 0.000
2025-08-29 15:37:37 -   Recall: 0.000
2025-08-29 15:37:37 -   F1 Score: 0.000
2025-08-29 15:37:37 -   AUC: 0.000
2025-08-29 15:37:37 -   Correct/Total: 31/39
2025-08-29 15:37:37 - Subject: AVO_032
2025-08-29 15:37:37 -   Accuracy: 80.556%
2025-08-29 15:37:37 -   Precision: 0.000
2025-08-29 15:37:37 -   Recall: 0.000
2025-08-29 15:37:37 -   F1 Score: 0.000
2025-08-29 15:37:37 -   AUC: 0.000
2025-08-29 15:37:37 -   Correct/Total: 29/36
2025-08-29 15:37:37 - Subject: AVO_033
2025-08-29 15:37:37 -   Accuracy: 86.111%
2025-08-29 15:37:37 -   Precision: 0.000
2025-08-29 15:37:37 -   Recall: 0.000
2025-08-29 15:37:37 -   F1 Score: 0.000
2025-08-29 15:37:37 -   AUC: 0.000
2025-08-29 15:37:37 -   Correct/Total: 31/36
2025-08-29 15:37:37 - Subject: AVO_034
2025-08-29 15:37:37 -   Accuracy: 94.444%
2025-08-29 15:37:37 -   Precision: 0.000
2025-08-29 15:37:37 -   Recall: 0.000
2025-08-29 15:37:37 -   F1 Score: 0.000
2025-08-29 15:37:37 -   AUC: 0.000
2025-08-29 15:37:37 -   Correct/Total: 34/36
2025-08-29 15:37:37 - Subject: AVO_035
2025-08-29 15:37:37 -   Accuracy: 84.000%
2025-08-29 15:37:37 -   Precision: 0.167
2025-08-29 15:37:37 -   Recall: 0.250
2025-08-29 15:37:37 -   F1 Score: 0.200
2025-08-29 15:37:37 -   AUC: 0.000
2025-08-29 15:37:37 -   Correct/Total: 42/50
2025-08-29 15:37:37 - Subject: AVO_036
2025-08-29 15:37:37 -   Accuracy: 81.579%
2025-08-29 15:37:37 -   Precision: 0.000
2025-08-29 15:37:37 -   Recall: 0.000
2025-08-29 15:37:37 -   F1 Score: 0.000
2025-08-29 15:37:37 -   AUC: 0.000
2025-08-29 15:37:37 -   Correct/Total: 31/38
2025-08-29 15:37:37 - Subject: AVO_037
2025-08-29 15:37:37 -   Accuracy: 94.595%
2025-08-29 15:37:37 -   Precision: 1.000
2025-08-29 15:37:37 -   Recall: 0.333
2025-08-29 15:37:37 -   F1 Score: 0.500
2025-08-29 15:37:37 -   AUC: 0.000
2025-08-29 15:37:37 -   Correct/Total: 35/37
2025-08-29 15:37:37 - Subject: AVO_038
2025-08-29 15:37:37 -   Accuracy: 84.211%
2025-08-29 15:37:37 -   Precision: 0.250
2025-08-29 15:37:37 -   Recall: 0.250
2025-08-29 15:37:37 -   F1 Score: 0.250
2025-08-29 15:37:37 -   AUC: 0.000
2025-08-29 15:37:37 -   Correct/Total: 32/38
2025-08-29 15:37:37 - Subject: AVO_039
2025-08-29 15:37:37 -   Accuracy: 85.366%
2025-08-29 15:37:37 -   Precision: 0.000
2025-08-29 15:37:37 -   Recall: 0.000
2025-08-29 15:37:37 -   F1 Score: 0.000
2025-08-29 15:37:37 -   AUC: 0.000
2025-08-29 15:37:37 -   Correct/Total: 35/41
2025-08-29 15:37:37 - Subject: AVO_040
2025-08-29 15:37:37 -   Accuracy: 91.176%
2025-08-29 15:37:37 -   Precision: 0.000
2025-08-29 15:37:37 -   Recall: 0.000
2025-08-29 15:37:37 -   F1 Score: 0.000
2025-08-29 15:37:37 -   AUC: 0.000
2025-08-29 15:37:37 -   Correct/Total: 31/34
2025-08-29 15:37:37 - Subject: AVO_041
2025-08-29 15:37:37 -   Accuracy: 82.222%
2025-08-29 15:37:37 -   Precision: 0.000
2025-08-29 15:37:37 -   Recall: 0.000
2025-08-29 15:37:37 -   F1 Score: 0.000
2025-08-29 15:37:37 -   AUC: 0.000
2025-08-29 15:37:37 -   Correct/Total: 37/45
2025-08-29 15:37:37 - Subject: AVO_042
2025-08-29 15:37:37 -   Accuracy: 91.111%
2025-08-29 15:37:37 -   Precision: 0.000
2025-08-29 15:37:37 -   Recall: 0.000
2025-08-29 15:37:37 -   F1 Score: 0.000
2025-08-29 15:37:37 -   AUC: 0.000
2025-08-29 15:37:37 -   Correct/Total: 41/45
2025-08-29 15:37:37 - Subject: AVO_043
2025-08-29 15:37:37 -   Accuracy: 92.683%
2025-08-29 15:37:37 -   Precision: 0.000
2025-08-29 15:37:37 -   Recall: 0.000
2025-08-29 15:37:37 -   F1 Score: 0.000
2025-08-29 15:37:37 -   AUC: 0.000
2025-08-29 15:37:37 -   Correct/Total: 38/41
2025-08-29 15:37:37 - Subject: AVO_044
2025-08-29 15:37:37 -   Accuracy: 91.176%
2025-08-29 15:37:37 -   Precision: 0.000
2025-08-29 15:37:37 -   Recall: 0.000
2025-08-29 15:37:37 -   F1 Score: 0.000
2025-08-29 15:37:37 -   AUC: 0.000
2025-08-29 15:37:37 -   Correct/Total: 31/34
2025-08-29 15:37:37 - Subject: AVO_045
2025-08-29 15:37:37 -   Accuracy: 86.047%
2025-08-29 15:37:37 -   Precision: 0.000
2025-08-29 15:37:37 -   Recall: 0.000
2025-08-29 15:37:37 -   F1 Score: 0.000
2025-08-29 15:37:37 -   AUC: 0.000
2025-08-29 15:37:37 -   Correct/Total: 37/43
2025-08-29 15:37:37 - Subject: AVO_046
2025-08-29 15:37:37 -   Accuracy: 89.744%
2025-08-29 15:37:37 -   Precision: 0.000
2025-08-29 15:37:37 -   Recall: 0.000
2025-08-29 15:37:37 -   F1 Score: 0.000
2025-08-29 15:37:37 -   AUC: 0.000
2025-08-29 15:37:37 -   Correct/Total: 35/39
2025-08-29 15:37:37 - Subject: AVO_047
2025-08-29 15:37:37 -   Accuracy: 95.000%
2025-08-29 15:37:37 -   Precision: 0.000
2025-08-29 15:37:37 -   Recall: 0.000
2025-08-29 15:37:37 -   F1 Score: 0.000
2025-08-29 15:37:37 -   AUC: 0.000
2025-08-29 15:37:37 -   Correct/Total: 38/40
2025-08-29 15:37:37 - Subject: AVO_048
2025-08-29 15:37:37 -   Accuracy: 82.500%
2025-08-29 15:37:37 -   Precision: 0.000
2025-08-29 15:37:37 -   Recall: 0.000
2025-08-29 15:37:37 -   F1 Score: 0.000
2025-08-29 15:37:37 -   AUC: 0.000
2025-08-29 15:37:37 -   Correct/Total: 33/40
2025-08-29 15:37:37 - Subject: AVO_049
2025-08-29 15:37:37 -   Accuracy: 85.417%
2025-08-29 15:37:37 -   Precision: 0.000
2025-08-29 15:37:37 -   Recall: 0.000
2025-08-29 15:37:37 -   F1 Score: 0.000
2025-08-29 15:37:37 -   AUC: 0.000
2025-08-29 15:37:37 -   Correct/Total: 41/48
2025-08-29 15:37:37 - Subject: AVO_050
2025-08-29 15:37:37 -   Accuracy: 90.909%
2025-08-29 15:37:37 -   Precision: 0.000
2025-08-29 15:37:37 -   Recall: 0.000
2025-08-29 15:37:37 -   F1 Score: 0.000
2025-08-29 15:37:37 -   AUC: 0.000
2025-08-29 15:37:37 -   Correct/Total: 40/44
2025-08-29 15:37:37 - Subject: AVO_051
2025-08-29 15:37:37 -   Accuracy: 82.456%
2025-08-29 15:37:37 -   Precision: 0.000
2025-08-29 15:37:37 -   Recall: 0.000
2025-08-29 15:37:37 -   F1 Score: 0.000
2025-08-29 15:37:37 -   AUC: 0.000
2025-08-29 15:37:37 -   Correct/Total: 47/57
2025-08-29 15:37:37 - Subject: AVO_052
2025-08-29 15:37:37 -   Accuracy: 97.917%
2025-08-29 15:37:37 -   Precision: 1.000
2025-08-29 15:37:37 -   Recall: 0.500
2025-08-29 15:37:37 -   F1 Score: 0.667
2025-08-29 15:37:37 -   AUC: 0.000
2025-08-29 15:37:37 -   Correct/Total: 47/48
2025-08-29 15:37:37 - Subject: AVO_053
2025-08-29 15:37:37 -   Accuracy: 88.636%
2025-08-29 15:37:37 -   Precision: 0.000
2025-08-29 15:37:37 -   Recall: 0.000
2025-08-29 15:37:37 -   F1 Score: 0.000
2025-08-29 15:37:37 -   AUC: 0.000
2025-08-29 15:37:37 -   Correct/Total: 39/44
2025-08-29 15:37:37 - Subject: AVO_054
2025-08-29 15:37:37 -   Accuracy: 81.081%
2025-08-29 15:37:37 -   Precision: 0.000
2025-08-29 15:37:37 -   Recall: 0.000
2025-08-29 15:37:37 -   F1 Score: 0.000
2025-08-29 15:37:37 -   AUC: 0.000
2025-08-29 15:37:37 -   Correct/Total: 30/37
2025-08-29 15:37:37 - Subject: AVO_055
2025-08-29 15:37:37 -   Accuracy: 86.486%
2025-08-29 15:37:37 -   Precision: 0.000
2025-08-29 15:37:37 -   Recall: 0.000
2025-08-29 15:37:37 -   F1 Score: 0.000
2025-08-29 15:37:37 -   AUC: 0.000
2025-08-29 15:37:37 -   Correct/Total: 32/37
2025-08-29 15:37:37 - Subject: AVO_056
2025-08-29 15:37:37 -   Accuracy: 84.615%
2025-08-29 15:37:37 -   Precision: 0.200
2025-08-29 15:37:37 -   Recall: 0.333
2025-08-29 15:37:37 -   F1 Score: 0.250
2025-08-29 15:37:37 -   AUC: 0.000
2025-08-29 15:37:37 -   Correct/Total: 33/39
2025-08-29 15:37:37 - Subject: AVO_057
2025-08-29 15:37:37 -   Accuracy: 89.796%
2025-08-29 15:37:37 -   Precision: 0.000
2025-08-29 15:37:37 -   Recall: 0.000
2025-08-29 15:37:37 -   F1 Score: 0.000
2025-08-29 15:37:37 -   AUC: 0.000
2025-08-29 15:37:37 -   Correct/Total: 44/49
2025-08-29 15:37:37 - Subject: AVO_058
2025-08-29 15:37:37 -   Accuracy: 73.171%
2025-08-29 15:37:37 -   Precision: 0.111
2025-08-29 15:37:37 -   Recall: 0.250
2025-08-29 15:37:37 -   F1 Score: 0.154
2025-08-29 15:37:37 -   AUC: 0.000
2025-08-29 15:37:37 -   Correct/Total: 30/41
2025-08-29 15:37:37 - Subject: AVO_059
2025-08-29 15:37:37 -   Accuracy: 92.105%
2025-08-29 15:37:37 -   Precision: 0.000
2025-08-29 15:37:37 -   Recall: 0.000
2025-08-29 15:37:37 -   F1 Score: 0.000
2025-08-29 15:37:37 -   AUC: 0.000
2025-08-29 15:37:37 -   Correct/Total: 35/38
2025-08-29 15:37:37 - Subject: AVO_060
2025-08-29 15:37:37 -   Accuracy: 85.106%
2025-08-29 15:37:37 -   Precision: 0.000
2025-08-29 15:37:37 -   Recall: 0.000
2025-08-29 15:37:37 -   F1 Score: 0.000
2025-08-29 15:37:37 -   AUC: 0.000
2025-08-29 15:37:37 -   Correct/Total: 40/47
2025-08-29 15:37:37 - Subject: AVO_061
2025-08-29 15:37:37 -   Accuracy: 95.652%
2025-08-29 15:37:37 -   Precision: 0.000
2025-08-29 15:37:37 -   Recall: 0.000
2025-08-29 15:37:37 -   F1 Score: 0.000
2025-08-29 15:37:37 -   AUC: 0.000
2025-08-29 15:37:37 -   Correct/Total: 44/46
2025-08-29 15:37:37 - Subject: AVO_062
2025-08-29 15:37:37 -   Accuracy: 89.796%
2025-08-29 15:37:37 -   Precision: 0.000
2025-08-29 15:37:37 -   Recall: 0.000
2025-08-29 15:37:37 -   F1 Score: 0.000
2025-08-29 15:37:37 -   AUC: 0.000
2025-08-29 15:37:37 -   Correct/Total: 44/49
2025-08-29 15:37:37 - Subject: AVO_063
2025-08-29 15:37:37 -   Accuracy: 86.486%
2025-08-29 15:37:37 -   Precision: 0.000
2025-08-29 15:37:37 -   Recall: 0.000
2025-08-29 15:37:37 -   F1 Score: 0.000
2025-08-29 15:37:37 -   AUC: 0.000
2025-08-29 15:37:37 -   Correct/Total: 32/37
2025-08-29 15:37:37 - Subject: AVO_064
2025-08-29 15:37:37 -   Accuracy: 93.750%
2025-08-29 15:37:37 -   Precision: 0.000
2025-08-29 15:37:37 -   Recall: 0.000
2025-08-29 15:37:37 -   F1 Score: 0.000
2025-08-29 15:37:37 -   AUC: 0.000
2025-08-29 15:37:37 -   Correct/Total: 30/32
2025-08-29 15:37:37 - Subject: AVO_065
2025-08-29 15:37:37 -   Accuracy: 81.081%
2025-08-29 15:37:37 -   Precision: 0.000
2025-08-29 15:37:37 -   Recall: 0.000
2025-08-29 15:37:37 -   F1 Score: 0.000
2025-08-29 15:37:37 -   AUC: 0.000
2025-08-29 15:37:37 -   Correct/Total: 30/37
2025-08-29 15:37:37 - Subject: AVO_066
2025-08-29 15:37:37 -   Accuracy: 84.783%
2025-08-29 15:37:37 -   Precision: 0.000
2025-08-29 15:37:37 -   Recall: 0.000
2025-08-29 15:37:37 -   F1 Score: 0.000
2025-08-29 15:37:37 -   AUC: 0.000
2025-08-29 15:37:37 -   Correct/Total: 39/46
2025-08-29 15:37:37 - Subject: AVO_067
2025-08-29 15:37:37 -   Accuracy: 92.105%
2025-08-29 15:37:37 -   Precision: 0.000
2025-08-29 15:37:37 -   Recall: 0.000
2025-08-29 15:37:37 -   F1 Score: 0.000
2025-08-29 15:37:37 -   AUC: 0.000
2025-08-29 15:37:37 -   Correct/Total: 35/38
2025-08-29 15:37:37 - Subject: AVO_068
2025-08-29 15:37:37 -   Accuracy: 80.392%
2025-08-29 15:37:37 -   Precision: 0.000
2025-08-29 15:37:37 -   Recall: 0.000
2025-08-29 15:37:37 -   F1 Score: 0.000
2025-08-29 15:37:37 -   AUC: 0.000
2025-08-29 15:37:37 -   Correct/Total: 41/51
2025-08-29 15:37:37 - Subject: AVO_069
2025-08-29 15:37:37 -   Accuracy: 86.047%
2025-08-29 15:37:37 -   Precision: 0.000
2025-08-29 15:37:37 -   Recall: 0.000
2025-08-29 15:37:37 -   F1 Score: 0.000
2025-08-29 15:37:37 -   AUC: 0.000
2025-08-29 15:37:37 -   Correct/Total: 37/43
2025-08-29 15:37:37 - Subject: AVO_070
2025-08-29 15:37:37 -   Accuracy: 89.189%
2025-08-29 15:37:37 -   Precision: 0.000
2025-08-29 15:37:37 -   Recall: 0.000
2025-08-29 15:37:37 -   F1 Score: 0.000
2025-08-29 15:37:37 -   AUC: 0.000
2025-08-29 15:37:37 -   Correct/Total: 33/37
2025-08-29 15:37:37 - Subject: AVO_071
2025-08-29 15:37:37 -   Accuracy: 90.476%
2025-08-29 15:37:37 -   Precision: 1.000
2025-08-29 15:37:37 -   Recall: 0.200
2025-08-29 15:37:37 -   F1 Score: 0.333
2025-08-29 15:37:37 -   AUC: 0.000
2025-08-29 15:37:37 -   Correct/Total: 38/42
2025-08-29 15:37:37 - Subject: AVO_073
2025-08-29 15:37:37 -   Accuracy: 82.000%
2025-08-29 15:37:37 -   Precision: 0.333
2025-08-29 15:37:37 -   Recall: 0.125
2025-08-29 15:37:37 -   F1 Score: 0.182
2025-08-29 15:37:37 -   AUC: 0.000
2025-08-29 15:37:37 -   Correct/Total: 41/50
2025-08-29 15:37:37 - Subject: AVO_074
2025-08-29 15:37:37 -   Accuracy: 92.857%
2025-08-29 15:37:37 -   Precision: 0.000
2025-08-29 15:37:37 -   Recall: 0.000
2025-08-29 15:37:37 -   F1 Score: 0.000
2025-08-29 15:37:37 -   AUC: 0.000
2025-08-29 15:37:37 -   Correct/Total: 39/42
2025-08-29 15:37:37 - Subject: AVO_075
2025-08-29 15:37:37 -   Accuracy: 88.000%
2025-08-29 15:37:37 -   Precision: 0.000
2025-08-29 15:37:37 -   Recall: 0.000
2025-08-29 15:37:37 -   F1 Score: 0.000
2025-08-29 15:37:37 -   AUC: 0.000
2025-08-29 15:37:37 -   Correct/Total: 44/50
2025-08-29 15:37:37 - Subject: AVO_076
2025-08-29 15:37:37 -   Accuracy: 92.308%
2025-08-29 15:37:37 -   Precision: 0.000
2025-08-29 15:37:37 -   Recall: 0.000
2025-08-29 15:37:37 -   F1 Score: 0.000
2025-08-29 15:37:37 -   AUC: 0.000
2025-08-29 15:37:37 -   Correct/Total: 36/39
2025-08-29 15:37:37 - Subject: AVO_077
2025-08-29 15:37:37 -   Accuracy: 89.744%
2025-08-29 15:37:37 -   Precision: 0.000
2025-08-29 15:37:37 -   Recall: 0.000
2025-08-29 15:37:37 -   F1 Score: 0.000
2025-08-29 15:37:37 -   AUC: 0.000
2025-08-29 15:37:37 -   Correct/Total: 35/39
2025-08-29 15:37:37 - Subject: AVO_078
2025-08-29 15:37:37 -   Accuracy: 85.714%
2025-08-29 15:37:37 -   Precision: 0.000
2025-08-29 15:37:37 -   Recall: 0.000
2025-08-29 15:37:37 -   F1 Score: 0.000
2025-08-29 15:37:37 -   AUC: 0.000
2025-08-29 15:37:37 -   Correct/Total: 36/42
2025-08-29 15:37:37 - Subject: AVO_079
2025-08-29 15:37:37 -   Accuracy: 85.366%
2025-08-29 15:37:37 -   Precision: 0.000
2025-08-29 15:37:37 -   Recall: 0.000
2025-08-29 15:37:37 -   F1 Score: 0.000
2025-08-29 15:37:37 -   AUC: 0.000
2025-08-29 15:37:37 -   Correct/Total: 35/41
2025-08-29 15:37:37 - Subject: AVO_080
2025-08-29 15:37:37 -   Accuracy: 89.189%
2025-08-29 15:37:37 -   Precision: 0.000
2025-08-29 15:37:37 -   Recall: 0.000
2025-08-29 15:37:37 -   F1 Score: 0.000
2025-08-29 15:37:37 -   AUC: 0.000
2025-08-29 15:37:37 -   Correct/Total: 33/37
2025-08-29 15:37:37 - Subject: AVO_081
2025-08-29 15:37:37 -   Accuracy: 87.234%
2025-08-29 15:37:37 -   Precision: 0.000
2025-08-29 15:37:37 -   Recall: 0.000
2025-08-29 15:37:37 -   F1 Score: 0.000
2025-08-29 15:37:37 -   AUC: 0.000
2025-08-29 15:37:37 -   Correct/Total: 41/47
2025-08-29 15:37:37 - Subject: AVO_082
2025-08-29 15:37:37 -   Accuracy: 82.927%
2025-08-29 15:37:37 -   Precision: 0.000
2025-08-29 15:37:37 -   Recall: 0.000
2025-08-29 15:37:37 -   F1 Score: 0.000
2025-08-29 15:37:37 -   AUC: 0.000
2025-08-29 15:37:37 -   Correct/Total: 34/41
2025-08-29 15:37:37 - Subject: AVO_083
2025-08-29 15:37:37 -   Accuracy: 87.500%
2025-08-29 15:37:37 -   Precision: 0.000
2025-08-29 15:37:37 -   Recall: 0.000
2025-08-29 15:37:37 -   F1 Score: 0.000
2025-08-29 15:37:37 -   AUC: 0.000
2025-08-29 15:37:37 -   Correct/Total: 42/48
2025-08-29 15:37:37 - Subject: AVO_111
2025-08-29 15:37:37 -   Accuracy: 95.745%
2025-08-29 15:37:37 -   Precision: 0.000
2025-08-29 15:37:37 -   Recall: 0.000
2025-08-29 15:37:37 -   F1 Score: 0.000
2025-08-29 15:37:37 -   AUC: 0.000
2025-08-29 15:37:37 -   Correct/Total: 45/47
2025-08-29 15:37:37 - Subject: AVO_112
2025-08-29 15:37:37 -   Accuracy: 95.556%
2025-08-29 15:37:37 -   Precision: 0.000
2025-08-29 15:37:37 -   Recall: 0.000
2025-08-29 15:37:37 -   F1 Score: 0.000
2025-08-29 15:37:37 -   AUC: 0.000
2025-08-29 15:37:37 -   Correct/Total: 43/45
2025-08-29 15:37:37 - Subject: AVO_113
2025-08-29 15:37:37 -   Accuracy: 85.000%
2025-08-29 15:37:37 -   Precision: 0.000
2025-08-29 15:37:37 -   Recall: 0.000
2025-08-29 15:37:37 -   F1 Score: 0.000
2025-08-29 15:37:37 -   AUC: 0.000
2025-08-29 15:37:37 -   Correct/Total: 34/40
2025-08-29 15:37:37 - Subject: AVO_114
2025-08-29 15:37:37 -   Accuracy: 90.000%
2025-08-29 15:37:37 -   Precision: 0.000
2025-08-29 15:37:37 -   Recall: 0.000
2025-08-29 15:37:37 -   F1 Score: 0.000
2025-08-29 15:37:37 -   AUC: 0.000
2025-08-29 15:37:37 -   Correct/Total: 45/50
2025-08-29 15:37:37 - Subject: AVO_115
2025-08-29 15:37:37 -   Accuracy: 88.235%
2025-08-29 15:37:37 -   Precision: 0.000
2025-08-29 15:37:37 -   Recall: 0.000
2025-08-29 15:37:37 -   F1 Score: 0.000
2025-08-29 15:37:37 -   AUC: 0.000
2025-08-29 15:37:37 -   Correct/Total: 30/34
2025-08-29 15:37:37 - Subject: AVO_116
2025-08-29 15:37:37 -   Accuracy: 92.500%
2025-08-29 15:37:37 -   Precision: 0.000
2025-08-29 15:37:37 -   Recall: 0.000
2025-08-29 15:37:37 -   F1 Score: 0.000
2025-08-29 15:37:37 -   AUC: 0.000
2025-08-29 15:37:37 -   Correct/Total: 37/40
2025-08-29 15:37:37 - Subject: AVO_117
2025-08-29 15:37:37 -   Accuracy: 94.595%
2025-08-29 15:37:37 -   Precision: 0.000
2025-08-29 15:37:37 -   Recall: 0.000
2025-08-29 15:37:37 -   F1 Score: 0.000
2025-08-29 15:37:37 -   AUC: 0.000
2025-08-29 15:37:37 -   Correct/Total: 35/37
2025-08-29 15:37:37 - Subject: AVO_118
2025-08-29 15:37:37 -   Accuracy: 70.588%
2025-08-29 15:37:37 -   Precision: 0.000
2025-08-29 15:37:37 -   Recall: 0.000
2025-08-29 15:37:37 -   F1 Score: 0.000
2025-08-29 15:37:37 -   AUC: 0.000
2025-08-29 15:37:37 -   Correct/Total: 24/34
2025-08-29 15:37:37 - Subject: AVO_119
2025-08-29 15:37:37 -   Accuracy: 91.892%
2025-08-29 15:37:37 -   Precision: 0.000
2025-08-29 15:37:37 -   Recall: 0.000
2025-08-29 15:37:37 -   F1 Score: 0.000
2025-08-29 15:37:37 -   AUC: 0.000
2025-08-29 15:37:37 -   Correct/Total: 34/37
2025-08-29 15:37:37 - Subject: AVO_120
2025-08-29 15:37:37 -   Accuracy: 89.744%
2025-08-29 15:37:37 -   Precision: 0.000
2025-08-29 15:37:37 -   Recall: 0.000
2025-08-29 15:37:37 -   F1 Score: 0.000
2025-08-29 15:37:37 -   AUC: 0.000
2025-08-29 15:37:37 -   Correct/Total: 35/39
2025-08-29 15:37:37 - Subject: AVO_121
2025-08-29 15:37:37 -   Accuracy: 85.714%
2025-08-29 15:37:37 -   Precision: 0.200
2025-08-29 15:37:37 -   Recall: 0.333
2025-08-29 15:37:37 -   F1 Score: 0.250
2025-08-29 15:37:37 -   AUC: 0.000
2025-08-29 15:37:37 -   Correct/Total: 36/42
2025-08-29 15:37:37 - Subject: AVO_122
2025-08-29 15:37:37 -   Accuracy: 87.179%
2025-08-29 15:37:37 -   Precision: 0.500
2025-08-29 15:37:37 -   Recall: 0.200
2025-08-29 15:37:37 -   F1 Score: 0.286
2025-08-29 15:37:37 -   AUC: 0.000
2025-08-29 15:37:37 -   Correct/Total: 34/39
2025-08-29 15:37:37 - Subject: AVO_123
2025-08-29 15:37:37 -   Accuracy: 89.189%
2025-08-29 15:37:37 -   Precision: 0.000
2025-08-29 15:37:37 -   Recall: 0.000
2025-08-29 15:37:37 -   F1 Score: 0.000
2025-08-29 15:37:37 -   AUC: 0.000
2025-08-29 15:37:37 -   Correct/Total: 33/37
2025-08-29 15:37:37 - Subject: AVO_124
2025-08-29 15:37:37 -   Accuracy: 89.583%
2025-08-29 15:37:37 -   Precision: 0.000
2025-08-29 15:37:37 -   Recall: 0.000
2025-08-29 15:37:37 -   F1 Score: 0.000
2025-08-29 15:37:37 -   AUC: 0.000
2025-08-29 15:37:37 -   Correct/Total: 43/48
2025-08-29 15:37:37 - Subject: AVO_125
2025-08-29 15:37:37 -   Accuracy: 83.333%
2025-08-29 15:37:37 -   Precision: 0.000
2025-08-29 15:37:37 -   Recall: 0.000
2025-08-29 15:37:37 -   F1 Score: 0.000
2025-08-29 15:37:37 -   AUC: 0.000
2025-08-29 15:37:37 -   Correct/Total: 30/36
2025-08-29 15:37:37 - Subject: AVO_127
2025-08-29 15:37:37 -   Accuracy: 80.645%
2025-08-29 15:37:37 -   Precision: 0.167
2025-08-29 15:37:37 -   Recall: 0.500
2025-08-29 15:37:37 -   F1 Score: 0.250
2025-08-29 15:37:37 -   AUC: 0.000
2025-08-29 15:37:37 -   Correct/Total: 25/31
2025-08-29 15:37:37 - 
Combined Model (All Subjects) Statistics:
2025-08-29 15:37:37 - Mean Accuracy: 0.842
2025-08-29 15:37:37 - 95% Confidence Interval: [0.829, 0.855]
2025-08-29 15:37:37 - Best Subject: AVO_052 (0.979)
2025-08-29 15:37:37 - Worst Subject: P3_sub-001 (0.632)
2025-08-29 15:37:37 - 
Combined Model ¨C P3 Subjects Statistics:
2025-08-29 15:37:37 - Mean Accuracy: 0.758
2025-08-29 15:37:37 - 95% Confidence Interval: [0.737, 0.779]
2025-08-29 15:37:37 - Best Subject: P3_sub-002 (0.909)
2025-08-29 15:37:37 - Worst Subject: P3_sub-001 (0.632)
2025-08-29 15:37:37 - 
Combined Model ¨C AVO Subjects Statistics:
2025-08-29 15:37:37 - Mean Accuracy: 0.876
2025-08-29 15:37:37 - 95% Confidence Interval: [0.866, 0.886]
2025-08-29 15:37:37 - Best Subject: AVO_052 (0.979)
2025-08-29 15:37:37 - Worst Subject: AVO_118 (0.706)
