2025-08-29 15:11:53 - 
Experiment Configuration:
2025-08-29 15:11:53 - --------------------------------------------------
2025-08-29 15:11:53 - dataset: use_combined_datasets
2025-08-29 15:11:53 - use_combined_datasets: True
2025-08-29 15:11:53 - electrode_list: common
2025-08-29 15:11:53 - classifier: ShallowFBCSPNet
2025-08-29 15:11:53 - separate_subject_classification: False
2025-08-29 15:11:53 - use_subject_layer: False
2025-08-29 15:11:53 - seeds: [1]
2025-08-29 15:11:53 - --------------------------------------------------
2025-08-29 15:11:53 - 
==================================================
2025-08-29 15:11:53 - Processing Combined P3 and AVO Datasets
2025-08-29 15:11:53 - ==================================================
2025-08-29 15:21:22 - 
Confusion matrix saved to: ./results\experiment_20250829_151153\confusion_matrices\P3_AVO_ShallowFBCSPNet_FP1_Fz_F3_F7_C3_P3_P7_O1_Oz_Pz_O2_P4_P8_C4_F4_F8_pooled_confusion_matrix.png

2025-08-29 15:21:22 - Subject: P3_sub-001
2025-08-29 15:21:22 -   Accuracy: 86.111%
2025-08-29 15:21:22 -   Precision: 0.000
2025-08-29 15:21:22 -   Recall: 0.000
2025-08-29 15:21:22 -   F1 Score: 0.000
2025-08-29 15:21:22 -   AUC: 0.000
2025-08-29 15:21:22 -   Correct/Total: 31/36
2025-08-29 15:21:22 - Subject: P3_sub-002
2025-08-29 15:21:22 -   Accuracy: 79.487%
2025-08-29 15:21:22 -   Precision: 1.000
2025-08-29 15:21:22 -   Recall: 0.111
2025-08-29 15:21:22 -   F1 Score: 0.200
2025-08-29 15:21:22 -   AUC: 0.000
2025-08-29 15:21:22 -   Correct/Total: 31/39
2025-08-29 15:21:22 - Subject: P3_sub-003
2025-08-29 15:21:22 -   Accuracy: 84.848%
2025-08-29 15:21:22 -   Precision: 1.000
2025-08-29 15:21:22 -   Recall: 0.167
2025-08-29 15:21:22 -   F1 Score: 0.286
2025-08-29 15:21:22 -   AUC: 0.000
2025-08-29 15:21:22 -   Correct/Total: 28/33
2025-08-29 15:21:22 - Subject: P3_sub-004
2025-08-29 15:21:22 -   Accuracy: 70.270%
2025-08-29 15:21:22 -   Precision: 0.000
2025-08-29 15:21:22 -   Recall: 0.000
2025-08-29 15:21:22 -   F1 Score: 0.000
2025-08-29 15:21:22 -   AUC: 0.000
2025-08-29 15:21:22 -   Correct/Total: 26/37
2025-08-29 15:21:22 - Subject: P3_sub-005
2025-08-29 15:21:22 -   Accuracy: 82.051%
2025-08-29 15:21:22 -   Precision: 0.000
2025-08-29 15:21:22 -   Recall: 0.000
2025-08-29 15:21:22 -   F1 Score: 0.000
2025-08-29 15:21:22 -   AUC: 0.000
2025-08-29 15:21:22 -   Correct/Total: 32/39
2025-08-29 15:21:22 - Subject: P3_sub-006
2025-08-29 15:21:22 -   Accuracy: 77.143%
2025-08-29 15:21:22 -   Precision: 0.000
2025-08-29 15:21:22 -   Recall: 0.000
2025-08-29 15:21:22 -   F1 Score: 0.000
2025-08-29 15:21:22 -   AUC: 0.000
2025-08-29 15:21:22 -   Correct/Total: 27/35
2025-08-29 15:21:22 - Subject: P3_sub-007
2025-08-29 15:21:22 -   Accuracy: 73.333%
2025-08-29 15:21:22 -   Precision: 0.000
2025-08-29 15:21:22 -   Recall: 0.000
2025-08-29 15:21:22 -   F1 Score: 0.000
2025-08-29 15:21:22 -   AUC: 0.000
2025-08-29 15:21:22 -   Correct/Total: 33/45
2025-08-29 15:21:22 - Subject: P3_sub-008
2025-08-29 15:21:22 -   Accuracy: 80.488%
2025-08-29 15:21:22 -   Precision: 0.000
2025-08-29 15:21:22 -   Recall: 0.000
2025-08-29 15:21:22 -   F1 Score: 0.000
2025-08-29 15:21:22 -   AUC: 0.000
2025-08-29 15:21:22 -   Correct/Total: 33/41
2025-08-29 15:21:22 - Subject: P3_sub-009
2025-08-29 15:21:22 -   Accuracy: 76.471%
2025-08-29 15:21:22 -   Precision: 0.000
2025-08-29 15:21:22 -   Recall: 0.000
2025-08-29 15:21:22 -   F1 Score: 0.000
2025-08-29 15:21:22 -   AUC: 0.000
2025-08-29 15:21:22 -   Correct/Total: 26/34
2025-08-29 15:21:22 - Subject: P3_sub-010
2025-08-29 15:21:22 -   Accuracy: 94.118%
2025-08-29 15:21:22 -   Precision: 0.000
2025-08-29 15:21:22 -   Recall: 0.000
2025-08-29 15:21:22 -   F1 Score: 0.000
2025-08-29 15:21:22 -   AUC: 0.000
2025-08-29 15:21:22 -   Correct/Total: 32/34
2025-08-29 15:21:22 - Subject: P3_sub-011
2025-08-29 15:21:22 -   Accuracy: 85.366%
2025-08-29 15:21:22 -   Precision: 0.000
2025-08-29 15:21:22 -   Recall: 0.000
2025-08-29 15:21:22 -   F1 Score: 0.000
2025-08-29 15:21:22 -   AUC: 0.000
2025-08-29 15:21:22 -   Correct/Total: 35/41
2025-08-29 15:21:22 - Subject: P3_sub-012
2025-08-29 15:21:22 -   Accuracy: 81.081%
2025-08-29 15:21:22 -   Precision: 0.000
2025-08-29 15:21:22 -   Recall: 0.000
2025-08-29 15:21:22 -   F1 Score: 0.000
2025-08-29 15:21:22 -   AUC: 0.000
2025-08-29 15:21:22 -   Correct/Total: 30/37
2025-08-29 15:21:22 - Subject: P3_sub-013
2025-08-29 15:21:22 -   Accuracy: 75.676%
2025-08-29 15:21:22 -   Precision: 0.000
2025-08-29 15:21:22 -   Recall: 0.000
2025-08-29 15:21:22 -   F1 Score: 0.000
2025-08-29 15:21:22 -   AUC: 0.000
2025-08-29 15:21:22 -   Correct/Total: 28/37
2025-08-29 15:21:22 - Subject: P3_sub-014
2025-08-29 15:21:22 -   Accuracy: 82.051%
2025-08-29 15:21:22 -   Precision: 0.000
2025-08-29 15:21:22 -   Recall: 0.000
2025-08-29 15:21:22 -   F1 Score: 0.000
2025-08-29 15:21:22 -   AUC: 0.000
2025-08-29 15:21:22 -   Correct/Total: 32/39
2025-08-29 15:21:22 - Subject: P3_sub-015
2025-08-29 15:21:22 -   Accuracy: 81.250%
2025-08-29 15:21:22 -   Precision: 0.000
2025-08-29 15:21:22 -   Recall: 0.000
2025-08-29 15:21:22 -   F1 Score: 0.000
2025-08-29 15:21:22 -   AUC: 0.000
2025-08-29 15:21:22 -   Correct/Total: 26/32
2025-08-29 15:21:22 - Subject: P3_sub-016
2025-08-29 15:21:22 -   Accuracy: 80.000%
2025-08-29 15:21:22 -   Precision: 0.000
2025-08-29 15:21:22 -   Recall: 0.000
2025-08-29 15:21:22 -   F1 Score: 0.000
2025-08-29 15:21:22 -   AUC: 0.000
2025-08-29 15:21:22 -   Correct/Total: 36/45
2025-08-29 15:21:22 - Subject: P3_sub-017
2025-08-29 15:21:22 -   Accuracy: 69.231%
2025-08-29 15:21:22 -   Precision: 0.000
2025-08-29 15:21:22 -   Recall: 0.000
2025-08-29 15:21:22 -   F1 Score: 0.000
2025-08-29 15:21:22 -   AUC: 0.000
2025-08-29 15:21:22 -   Correct/Total: 27/39
2025-08-29 15:21:22 - Subject: P3_sub-018
2025-08-29 15:21:22 -   Accuracy: 83.333%
2025-08-29 15:21:22 -   Precision: 0.000
2025-08-29 15:21:22 -   Recall: 0.000
2025-08-29 15:21:22 -   F1 Score: 0.000
2025-08-29 15:21:22 -   AUC: 0.000
2025-08-29 15:21:22 -   Correct/Total: 40/48
2025-08-29 15:21:22 - Subject: P3_sub-019
2025-08-29 15:21:22 -   Accuracy: 83.784%
2025-08-29 15:21:22 -   Precision: 0.000
2025-08-29 15:21:22 -   Recall: 0.000
2025-08-29 15:21:22 -   F1 Score: 0.000
2025-08-29 15:21:22 -   AUC: 0.000
2025-08-29 15:21:22 -   Correct/Total: 31/37
2025-08-29 15:21:22 - Subject: P3_sub-020
2025-08-29 15:21:22 -   Accuracy: 78.788%
2025-08-29 15:21:22 -   Precision: 0.000
2025-08-29 15:21:22 -   Recall: 0.000
2025-08-29 15:21:22 -   F1 Score: 0.000
2025-08-29 15:21:22 -   AUC: 0.000
2025-08-29 15:21:22 -   Correct/Total: 26/33
2025-08-29 15:21:22 - Subject: P3_sub-021
2025-08-29 15:21:22 -   Accuracy: 81.818%
2025-08-29 15:21:22 -   Precision: 0.000
2025-08-29 15:21:22 -   Recall: 0.000
2025-08-29 15:21:22 -   F1 Score: 0.000
2025-08-29 15:21:22 -   AUC: 0.000
2025-08-29 15:21:22 -   Correct/Total: 27/33
2025-08-29 15:21:22 - Subject: P3_sub-022
2025-08-29 15:21:22 -   Accuracy: 80.435%
2025-08-29 15:21:22 -   Precision: 0.000
2025-08-29 15:21:22 -   Recall: 0.000
2025-08-29 15:21:22 -   F1 Score: 0.000
2025-08-29 15:21:22 -   AUC: 0.000
2025-08-29 15:21:22 -   Correct/Total: 37/46
2025-08-29 15:21:22 - Subject: P3_sub-023
2025-08-29 15:21:22 -   Accuracy: 75.610%
2025-08-29 15:21:22 -   Precision: 0.000
2025-08-29 15:21:22 -   Recall: 0.000
2025-08-29 15:21:22 -   F1 Score: 0.000
2025-08-29 15:21:22 -   AUC: 0.000
2025-08-29 15:21:22 -   Correct/Total: 31/41
2025-08-29 15:21:22 - Subject: P3_sub-024
2025-08-29 15:21:22 -   Accuracy: 85.000%
2025-08-29 15:21:22 -   Precision: 0.000
2025-08-29 15:21:22 -   Recall: 0.000
2025-08-29 15:21:22 -   F1 Score: 0.000
2025-08-29 15:21:22 -   AUC: 0.000
2025-08-29 15:21:22 -   Correct/Total: 34/40
2025-08-29 15:21:22 - Subject: P3_sub-025
2025-08-29 15:21:22 -   Accuracy: 88.571%
2025-08-29 15:21:22 -   Precision: 0.000
2025-08-29 15:21:22 -   Recall: 0.000
2025-08-29 15:21:22 -   F1 Score: 0.000
2025-08-29 15:21:22 -   AUC: 0.000
2025-08-29 15:21:22 -   Correct/Total: 31/35
2025-08-29 15:21:22 - Subject: P3_sub-026
2025-08-29 15:21:22 -   Accuracy: 73.469%
2025-08-29 15:21:22 -   Precision: 0.000
2025-08-29 15:21:22 -   Recall: 0.000
2025-08-29 15:21:22 -   F1 Score: 0.000
2025-08-29 15:21:22 -   AUC: 0.000
2025-08-29 15:21:22 -   Correct/Total: 36/49
2025-08-29 15:21:22 - Subject: P3_sub-027
2025-08-29 15:21:22 -   Accuracy: 82.927%
2025-08-29 15:21:22 -   Precision: 0.000
2025-08-29 15:21:22 -   Recall: 0.000
2025-08-29 15:21:22 -   F1 Score: 0.000
2025-08-29 15:21:22 -   AUC: 0.000
2025-08-29 15:21:22 -   Correct/Total: 34/41
2025-08-29 15:21:22 - Subject: P3_sub-028
2025-08-29 15:21:22 -   Accuracy: 77.778%
2025-08-29 15:21:22 -   Precision: 0.000
2025-08-29 15:21:22 -   Recall: 0.000
2025-08-29 15:21:22 -   F1 Score: 0.000
2025-08-29 15:21:22 -   AUC: 0.000
2025-08-29 15:21:22 -   Correct/Total: 21/27
2025-08-29 15:21:22 - Subject: P3_sub-029
2025-08-29 15:21:22 -   Accuracy: 81.818%
2025-08-29 15:21:22 -   Precision: 0.000
2025-08-29 15:21:22 -   Recall: 0.000
2025-08-29 15:21:22 -   F1 Score: 0.000
2025-08-29 15:21:22 -   AUC: 0.000
2025-08-29 15:21:22 -   Correct/Total: 36/44
2025-08-29 15:21:22 - Subject: P3_sub-030
2025-08-29 15:21:22 -   Accuracy: 78.000%
2025-08-29 15:21:22 -   Precision: 0.000
2025-08-29 15:21:22 -   Recall: 0.000
2025-08-29 15:21:22 -   F1 Score: 0.000
2025-08-29 15:21:22 -   AUC: 0.000
2025-08-29 15:21:22 -   Correct/Total: 39/50
2025-08-29 15:21:22 - Subject: P3_sub-031
2025-08-29 15:21:22 -   Accuracy: 72.727%
2025-08-29 15:21:22 -   Precision: 0.000
2025-08-29 15:21:22 -   Recall: 0.000
2025-08-29 15:21:22 -   F1 Score: 0.000
2025-08-29 15:21:22 -   AUC: 0.000
2025-08-29 15:21:22 -   Correct/Total: 24/33
2025-08-29 15:21:22 - Subject: P3_sub-032
2025-08-29 15:21:22 -   Accuracy: 82.051%
2025-08-29 15:21:22 -   Precision: 0.000
2025-08-29 15:21:22 -   Recall: 0.000
2025-08-29 15:21:22 -   F1 Score: 0.000
2025-08-29 15:21:22 -   AUC: 0.000
2025-08-29 15:21:22 -   Correct/Total: 32/39
2025-08-29 15:21:22 - Subject: P3_sub-033
2025-08-29 15:21:22 -   Accuracy: 80.000%
2025-08-29 15:21:22 -   Precision: 0.000
2025-08-29 15:21:22 -   Recall: 0.000
2025-08-29 15:21:22 -   F1 Score: 0.000
2025-08-29 15:21:22 -   AUC: 0.000
2025-08-29 15:21:22 -   Correct/Total: 28/35
2025-08-29 15:21:22 - Subject: P3_sub-034
2025-08-29 15:21:22 -   Accuracy: 85.106%
2025-08-29 15:21:22 -   Precision: 0.000
2025-08-29 15:21:22 -   Recall: 0.000
2025-08-29 15:21:22 -   F1 Score: 0.000
2025-08-29 15:21:22 -   AUC: 0.000
2025-08-29 15:21:22 -   Correct/Total: 40/47
2025-08-29 15:21:22 - Subject: P3_sub-035
2025-08-29 15:21:22 -   Accuracy: 88.889%
2025-08-29 15:21:22 -   Precision: 0.000
2025-08-29 15:21:22 -   Recall: 0.000
2025-08-29 15:21:22 -   F1 Score: 0.000
2025-08-29 15:21:22 -   AUC: 0.000
2025-08-29 15:21:22 -   Correct/Total: 32/36
2025-08-29 15:21:22 - Subject: P3_sub-036
2025-08-29 15:21:22 -   Accuracy: 80.000%
2025-08-29 15:21:22 -   Precision: 0.000
2025-08-29 15:21:22 -   Recall: 0.000
2025-08-29 15:21:22 -   F1 Score: 0.000
2025-08-29 15:21:22 -   AUC: 0.000
2025-08-29 15:21:22 -   Correct/Total: 36/45
2025-08-29 15:21:22 - Subject: P3_sub-037
2025-08-29 15:21:22 -   Accuracy: 76.190%
2025-08-29 15:21:22 -   Precision: 0.000
2025-08-29 15:21:22 -   Recall: 0.000
2025-08-29 15:21:22 -   F1 Score: 0.000
2025-08-29 15:21:22 -   AUC: 0.000
2025-08-29 15:21:22 -   Correct/Total: 32/42
2025-08-29 15:21:22 - Subject: P3_sub-038
2025-08-29 15:21:22 -   Accuracy: 67.500%
2025-08-29 15:21:22 -   Precision: 0.000
2025-08-29 15:21:22 -   Recall: 0.000
2025-08-29 15:21:22 -   F1 Score: 0.000
2025-08-29 15:21:22 -   AUC: 0.000
2025-08-29 15:21:22 -   Correct/Total: 27/40
2025-08-29 15:21:22 - Subject: P3_sub-039
2025-08-29 15:21:22 -   Accuracy: 83.333%
2025-08-29 15:21:22 -   Precision: 0.000
2025-08-29 15:21:22 -   Recall: 0.000
2025-08-29 15:21:22 -   F1 Score: 0.000
2025-08-29 15:21:22 -   AUC: 0.000
2025-08-29 15:21:22 -   Correct/Total: 35/42
2025-08-29 15:21:22 - Subject: P3_sub-040
2025-08-29 15:21:22 -   Accuracy: 81.132%
2025-08-29 15:21:22 -   Precision: 0.000
2025-08-29 15:21:22 -   Recall: 0.000
2025-08-29 15:21:22 -   F1 Score: 0.000
2025-08-29 15:21:22 -   AUC: 0.000
2025-08-29 15:21:22 -   Correct/Total: 43/53
2025-08-29 15:21:22 - Subject: AVO_001
2025-08-29 15:21:22 -   Accuracy: 90.000%
2025-08-29 15:21:22 -   Precision: 0.000
2025-08-29 15:21:22 -   Recall: 0.000
2025-08-29 15:21:22 -   F1 Score: 0.000
2025-08-29 15:21:22 -   AUC: 0.000
2025-08-29 15:21:22 -   Correct/Total: 36/40
2025-08-29 15:21:22 - Subject: AVO_002
2025-08-29 15:21:22 -   Accuracy: 89.091%
2025-08-29 15:21:22 -   Precision: 0.000
2025-08-29 15:21:22 -   Recall: 0.000
2025-08-29 15:21:22 -   F1 Score: 0.000
2025-08-29 15:21:22 -   AUC: 0.000
2025-08-29 15:21:22 -   Correct/Total: 49/55
2025-08-29 15:21:22 - Subject: AVO_003
2025-08-29 15:21:22 -   Accuracy: 92.105%
2025-08-29 15:21:22 -   Precision: 0.000
2025-08-29 15:21:22 -   Recall: 0.000
2025-08-29 15:21:22 -   F1 Score: 0.000
2025-08-29 15:21:22 -   AUC: 0.000
2025-08-29 15:21:22 -   Correct/Total: 35/38
2025-08-29 15:21:22 - Subject: AVO_004
2025-08-29 15:21:22 -   Accuracy: 94.340%
2025-08-29 15:21:22 -   Precision: 0.000
2025-08-29 15:21:22 -   Recall: 0.000
2025-08-29 15:21:22 -   F1 Score: 0.000
2025-08-29 15:21:22 -   AUC: 0.000
2025-08-29 15:21:22 -   Correct/Total: 50/53
2025-08-29 15:21:22 - Subject: AVO_005
2025-08-29 15:21:22 -   Accuracy: 92.500%
2025-08-29 15:21:22 -   Precision: 0.000
2025-08-29 15:21:22 -   Recall: 0.000
2025-08-29 15:21:22 -   F1 Score: 0.000
2025-08-29 15:21:22 -   AUC: 0.000
2025-08-29 15:21:22 -   Correct/Total: 37/40
2025-08-29 15:21:22 - Subject: AVO_006
2025-08-29 15:21:22 -   Accuracy: 92.308%
2025-08-29 15:21:22 -   Precision: 0.000
2025-08-29 15:21:22 -   Recall: 0.000
2025-08-29 15:21:22 -   F1 Score: 0.000
2025-08-29 15:21:22 -   AUC: 0.000
2025-08-29 15:21:22 -   Correct/Total: 36/39
2025-08-29 15:21:22 - Subject: AVO_007
2025-08-29 15:21:22 -   Accuracy: 95.238%
2025-08-29 15:21:22 -   Precision: 0.000
2025-08-29 15:21:22 -   Recall: 0.000
2025-08-29 15:21:22 -   F1 Score: 0.000
2025-08-29 15:21:22 -   AUC: 0.000
2025-08-29 15:21:22 -   Correct/Total: 40/42
2025-08-29 15:21:22 - Subject: AVO_008
2025-08-29 15:21:22 -   Accuracy: 95.238%
2025-08-29 15:21:22 -   Precision: 0.000
2025-08-29 15:21:22 -   Recall: 0.000
2025-08-29 15:21:22 -   F1 Score: 0.000
2025-08-29 15:21:22 -   AUC: 0.000
2025-08-29 15:21:22 -   Correct/Total: 40/42
2025-08-29 15:21:22 - Subject: AVO_009
2025-08-29 15:21:22 -   Accuracy: 94.595%
2025-08-29 15:21:22 -   Precision: 0.000
2025-08-29 15:21:22 -   Recall: 0.000
2025-08-29 15:21:22 -   F1 Score: 0.000
2025-08-29 15:21:22 -   AUC: 0.000
2025-08-29 15:21:22 -   Correct/Total: 35/37
2025-08-29 15:21:22 - Subject: AVO_010
2025-08-29 15:21:22 -   Accuracy: 89.130%
2025-08-29 15:21:22 -   Precision: 0.000
2025-08-29 15:21:22 -   Recall: 0.000
2025-08-29 15:21:22 -   F1 Score: 0.000
2025-08-29 15:21:22 -   AUC: 0.000
2025-08-29 15:21:22 -   Correct/Total: 41/46
2025-08-29 15:21:22 - Subject: AVO_011
2025-08-29 15:21:22 -   Accuracy: 97.436%
2025-08-29 15:21:22 -   Precision: 0.000
2025-08-29 15:21:22 -   Recall: 0.000
2025-08-29 15:21:22 -   F1 Score: 0.000
2025-08-29 15:21:22 -   AUC: 0.000
2025-08-29 15:21:22 -   Correct/Total: 38/39
2025-08-29 15:21:22 - Subject: AVO_012
2025-08-29 15:21:22 -   Accuracy: 90.000%
2025-08-29 15:21:22 -   Precision: 0.000
2025-08-29 15:21:22 -   Recall: 0.000
2025-08-29 15:21:22 -   F1 Score: 0.000
2025-08-29 15:21:22 -   AUC: 0.000
2025-08-29 15:21:22 -   Correct/Total: 36/40
2025-08-29 15:21:22 - Subject: AVO_013
2025-08-29 15:21:22 -   Accuracy: 86.842%
2025-08-29 15:21:22 -   Precision: 0.000
2025-08-29 15:21:22 -   Recall: 0.000
2025-08-29 15:21:22 -   F1 Score: 0.000
2025-08-29 15:21:22 -   AUC: 0.000
2025-08-29 15:21:22 -   Correct/Total: 33/38
2025-08-29 15:21:22 - Subject: AVO_014
2025-08-29 15:21:22 -   Accuracy: 93.182%
2025-08-29 15:21:22 -   Precision: 0.000
2025-08-29 15:21:22 -   Recall: 0.000
2025-08-29 15:21:22 -   F1 Score: 0.000
2025-08-29 15:21:22 -   AUC: 0.000
2025-08-29 15:21:22 -   Correct/Total: 41/44
2025-08-29 15:21:22 - Subject: AVO_015
2025-08-29 15:21:22 -   Accuracy: 92.157%
2025-08-29 15:21:22 -   Precision: 0.000
2025-08-29 15:21:22 -   Recall: 0.000
2025-08-29 15:21:22 -   F1 Score: 0.000
2025-08-29 15:21:22 -   AUC: 0.000
2025-08-29 15:21:22 -   Correct/Total: 47/51
2025-08-29 15:21:22 - Subject: AVO_016
2025-08-29 15:21:22 -   Accuracy: 93.182%
2025-08-29 15:21:22 -   Precision: 0.000
2025-08-29 15:21:22 -   Recall: 0.000
2025-08-29 15:21:22 -   F1 Score: 0.000
2025-08-29 15:21:22 -   AUC: 0.000
2025-08-29 15:21:22 -   Correct/Total: 41/44
2025-08-29 15:21:22 - Subject: AVO_017
2025-08-29 15:21:22 -   Accuracy: 94.286%
2025-08-29 15:21:22 -   Precision: 0.000
2025-08-29 15:21:22 -   Recall: 0.000
2025-08-29 15:21:22 -   F1 Score: 0.000
2025-08-29 15:21:22 -   AUC: 0.000
2025-08-29 15:21:22 -   Correct/Total: 33/35
2025-08-29 15:21:22 - Subject: AVO_018
2025-08-29 15:21:22 -   Accuracy: 91.176%
2025-08-29 15:21:22 -   Precision: 0.000
2025-08-29 15:21:22 -   Recall: 0.000
2025-08-29 15:21:22 -   F1 Score: 0.000
2025-08-29 15:21:22 -   AUC: 0.000
2025-08-29 15:21:22 -   Correct/Total: 31/34
2025-08-29 15:21:22 - Subject: AVO_019
2025-08-29 15:21:22 -   Accuracy: 90.476%
2025-08-29 15:21:22 -   Precision: 0.000
2025-08-29 15:21:22 -   Recall: 0.000
2025-08-29 15:21:22 -   F1 Score: 0.000
2025-08-29 15:21:22 -   AUC: 0.000
2025-08-29 15:21:22 -   Correct/Total: 38/42
2025-08-29 15:21:22 - Subject: AVO_020
2025-08-29 15:21:22 -   Accuracy: 100.000%
2025-08-29 15:21:22 -   Precision: 0.000
2025-08-29 15:21:22 -   Recall: 0.000
2025-08-29 15:21:22 -   F1 Score: 0.000
2025-08-29 15:21:22 -   AUC: 0.000
2025-08-29 15:21:22 -   Correct/Total: 39/39
2025-08-29 15:21:22 - Subject: AVO_021
2025-08-29 15:21:22 -   Accuracy: 89.655%
2025-08-29 15:21:22 -   Precision: 0.000
2025-08-29 15:21:22 -   Recall: 0.000
2025-08-29 15:21:22 -   F1 Score: 0.000
2025-08-29 15:21:22 -   AUC: 0.000
2025-08-29 15:21:22 -   Correct/Total: 26/29
2025-08-29 15:21:22 - Subject: AVO_022
2025-08-29 15:21:22 -   Accuracy: 95.122%
2025-08-29 15:21:22 -   Precision: 0.000
2025-08-29 15:21:22 -   Recall: 0.000
2025-08-29 15:21:22 -   F1 Score: 0.000
2025-08-29 15:21:22 -   AUC: 0.000
2025-08-29 15:21:22 -   Correct/Total: 39/41
2025-08-29 15:21:22 - Subject: AVO_023
2025-08-29 15:21:22 -   Accuracy: 87.755%
2025-08-29 15:21:22 -   Precision: 0.000
2025-08-29 15:21:22 -   Recall: 0.000
2025-08-29 15:21:22 -   F1 Score: 0.000
2025-08-29 15:21:22 -   AUC: 0.000
2025-08-29 15:21:22 -   Correct/Total: 43/49
2025-08-29 15:21:22 - Subject: AVO_024
2025-08-29 15:21:22 -   Accuracy: 90.244%
2025-08-29 15:21:22 -   Precision: 0.000
2025-08-29 15:21:22 -   Recall: 0.000
2025-08-29 15:21:22 -   F1 Score: 0.000
2025-08-29 15:21:22 -   AUC: 0.000
2025-08-29 15:21:22 -   Correct/Total: 37/41
2025-08-29 15:21:22 - Subject: AVO_025
2025-08-29 15:21:22 -   Accuracy: 100.000%
2025-08-29 15:21:22 -   Precision: 0.000
2025-08-29 15:21:22 -   Recall: 0.000
2025-08-29 15:21:22 -   F1 Score: 0.000
2025-08-29 15:21:22 -   AUC: 0.000
2025-08-29 15:21:22 -   Correct/Total: 33/33
2025-08-29 15:21:22 - Subject: AVO_026
2025-08-29 15:21:22 -   Accuracy: 89.744%
2025-08-29 15:21:22 -   Precision: 0.000
2025-08-29 15:21:22 -   Recall: 0.000
2025-08-29 15:21:22 -   F1 Score: 0.000
2025-08-29 15:21:22 -   AUC: 0.000
2025-08-29 15:21:22 -   Correct/Total: 35/39
2025-08-29 15:21:22 - Subject: AVO_027
2025-08-29 15:21:22 -   Accuracy: 92.105%
2025-08-29 15:21:22 -   Precision: 0.000
2025-08-29 15:21:22 -   Recall: 0.000
2025-08-29 15:21:22 -   F1 Score: 0.000
2025-08-29 15:21:22 -   AUC: 0.000
2025-08-29 15:21:22 -   Correct/Total: 35/38
2025-08-29 15:21:22 - Subject: AVO_028
2025-08-29 15:21:22 -   Accuracy: 92.500%
2025-08-29 15:21:22 -   Precision: 0.000
2025-08-29 15:21:22 -   Recall: 0.000
2025-08-29 15:21:22 -   F1 Score: 0.000
2025-08-29 15:21:22 -   AUC: 0.000
2025-08-29 15:21:22 -   Correct/Total: 37/40
2025-08-29 15:21:22 - Subject: AVO_029
2025-08-29 15:21:22 -   Accuracy: 85.185%
2025-08-29 15:21:22 -   Precision: 0.000
2025-08-29 15:21:22 -   Recall: 0.000
2025-08-29 15:21:22 -   F1 Score: 0.000
2025-08-29 15:21:22 -   AUC: 0.000
2025-08-29 15:21:22 -   Correct/Total: 46/54
2025-08-29 15:21:22 - Subject: AVO_030
2025-08-29 15:21:22 -   Accuracy: 90.244%
2025-08-29 15:21:22 -   Precision: 0.000
2025-08-29 15:21:22 -   Recall: 0.000
2025-08-29 15:21:22 -   F1 Score: 0.000
2025-08-29 15:21:22 -   AUC: 0.000
2025-08-29 15:21:22 -   Correct/Total: 37/41
2025-08-29 15:21:22 - Subject: AVO_031
2025-08-29 15:21:22 -   Accuracy: 92.157%
2025-08-29 15:21:22 -   Precision: 0.000
2025-08-29 15:21:22 -   Recall: 0.000
2025-08-29 15:21:22 -   F1 Score: 0.000
2025-08-29 15:21:22 -   AUC: 0.000
2025-08-29 15:21:22 -   Correct/Total: 47/51
2025-08-29 15:21:22 - Subject: AVO_032
2025-08-29 15:21:22 -   Accuracy: 89.583%
2025-08-29 15:21:22 -   Precision: 0.000
2025-08-29 15:21:22 -   Recall: 0.000
2025-08-29 15:21:22 -   F1 Score: 0.000
2025-08-29 15:21:22 -   AUC: 0.000
2025-08-29 15:21:22 -   Correct/Total: 43/48
2025-08-29 15:21:22 - Subject: AVO_033
2025-08-29 15:21:22 -   Accuracy: 91.837%
2025-08-29 15:21:22 -   Precision: 0.000
2025-08-29 15:21:22 -   Recall: 0.000
2025-08-29 15:21:22 -   F1 Score: 0.000
2025-08-29 15:21:22 -   AUC: 0.000
2025-08-29 15:21:22 -   Correct/Total: 45/49
2025-08-29 15:21:22 - Subject: AVO_034
2025-08-29 15:21:22 -   Accuracy: 97.436%
2025-08-29 15:21:22 -   Precision: 0.000
2025-08-29 15:21:22 -   Recall: 0.000
2025-08-29 15:21:22 -   F1 Score: 0.000
2025-08-29 15:21:22 -   AUC: 0.000
2025-08-29 15:21:22 -   Correct/Total: 38/39
2025-08-29 15:21:22 - Subject: AVO_035
2025-08-29 15:21:22 -   Accuracy: 81.395%
2025-08-29 15:21:22 -   Precision: 0.000
2025-08-29 15:21:22 -   Recall: 0.000
2025-08-29 15:21:22 -   F1 Score: 0.000
2025-08-29 15:21:22 -   AUC: 0.000
2025-08-29 15:21:22 -   Correct/Total: 35/43
2025-08-29 15:21:22 - Subject: AVO_036
2025-08-29 15:21:22 -   Accuracy: 97.143%
2025-08-29 15:21:22 -   Precision: 0.000
2025-08-29 15:21:22 -   Recall: 0.000
2025-08-29 15:21:22 -   F1 Score: 0.000
2025-08-29 15:21:22 -   AUC: 0.000
2025-08-29 15:21:22 -   Correct/Total: 34/35
2025-08-29 15:21:22 - Subject: AVO_037
2025-08-29 15:21:22 -   Accuracy: 89.189%
2025-08-29 15:21:22 -   Precision: 0.000
2025-08-29 15:21:22 -   Recall: 0.000
2025-08-29 15:21:22 -   F1 Score: 0.000
2025-08-29 15:21:22 -   AUC: 0.000
2025-08-29 15:21:22 -   Correct/Total: 33/37
2025-08-29 15:21:22 - Subject: AVO_038
2025-08-29 15:21:22 -   Accuracy: 97.222%
2025-08-29 15:21:22 -   Precision: 0.000
2025-08-29 15:21:22 -   Recall: 0.000
2025-08-29 15:21:22 -   F1 Score: 0.000
2025-08-29 15:21:22 -   AUC: 0.000
2025-08-29 15:21:22 -   Correct/Total: 35/36
2025-08-29 15:21:22 - Subject: AVO_039
2025-08-29 15:21:22 -   Accuracy: 95.122%
2025-08-29 15:21:22 -   Precision: 0.000
2025-08-29 15:21:22 -   Recall: 0.000
2025-08-29 15:21:22 -   F1 Score: 0.000
2025-08-29 15:21:22 -   AUC: 0.000
2025-08-29 15:21:22 -   Correct/Total: 39/41
2025-08-29 15:21:22 - Subject: AVO_040
2025-08-29 15:21:22 -   Accuracy: 91.111%
2025-08-29 15:21:22 -   Precision: 0.000
2025-08-29 15:21:22 -   Recall: 0.000
2025-08-29 15:21:22 -   F1 Score: 0.000
2025-08-29 15:21:22 -   AUC: 0.000
2025-08-29 15:21:22 -   Correct/Total: 41/45
2025-08-29 15:21:22 - Subject: AVO_041
2025-08-29 15:21:22 -   Accuracy: 82.051%
2025-08-29 15:21:22 -   Precision: 0.000
2025-08-29 15:21:22 -   Recall: 0.000
2025-08-29 15:21:22 -   F1 Score: 0.000
2025-08-29 15:21:22 -   AUC: 0.000
2025-08-29 15:21:22 -   Correct/Total: 32/39
2025-08-29 15:21:22 - Subject: AVO_042
2025-08-29 15:21:22 -   Accuracy: 97.959%
2025-08-29 15:21:22 -   Precision: 0.000
2025-08-29 15:21:22 -   Recall: 0.000
2025-08-29 15:21:22 -   F1 Score: 0.000
2025-08-29 15:21:22 -   AUC: 0.000
2025-08-29 15:21:22 -   Correct/Total: 48/49
2025-08-29 15:21:22 - Subject: AVO_043
2025-08-29 15:21:22 -   Accuracy: 98.039%
2025-08-29 15:21:22 -   Precision: 0.000
2025-08-29 15:21:22 -   Recall: 0.000
2025-08-29 15:21:22 -   F1 Score: 0.000
2025-08-29 15:21:22 -   AUC: 0.000
2025-08-29 15:21:22 -   Correct/Total: 50/51
2025-08-29 15:21:22 - Subject: AVO_044
2025-08-29 15:21:22 -   Accuracy: 91.489%
2025-08-29 15:21:22 -   Precision: 0.000
2025-08-29 15:21:22 -   Recall: 0.000
2025-08-29 15:21:22 -   F1 Score: 0.000
2025-08-29 15:21:22 -   AUC: 0.000
2025-08-29 15:21:22 -   Correct/Total: 43/47
2025-08-29 15:21:22 - Subject: AVO_045
2025-08-29 15:21:22 -   Accuracy: 90.476%
2025-08-29 15:21:22 -   Precision: 0.000
2025-08-29 15:21:22 -   Recall: 0.000
2025-08-29 15:21:22 -   F1 Score: 0.000
2025-08-29 15:21:22 -   AUC: 0.000
2025-08-29 15:21:22 -   Correct/Total: 38/42
2025-08-29 15:21:22 - Subject: AVO_046
2025-08-29 15:21:22 -   Accuracy: 82.500%
2025-08-29 15:21:22 -   Precision: 0.000
2025-08-29 15:21:22 -   Recall: 0.000
2025-08-29 15:21:22 -   F1 Score: 0.000
2025-08-29 15:21:22 -   AUC: 0.000
2025-08-29 15:21:22 -   Correct/Total: 33/40
2025-08-29 15:21:22 - Subject: AVO_047
2025-08-29 15:21:22 -   Accuracy: 89.474%
2025-08-29 15:21:22 -   Precision: 0.000
2025-08-29 15:21:22 -   Recall: 0.000
2025-08-29 15:21:22 -   F1 Score: 0.000
2025-08-29 15:21:22 -   AUC: 0.000
2025-08-29 15:21:22 -   Correct/Total: 34/38
2025-08-29 15:21:22 - Subject: AVO_048
2025-08-29 15:21:22 -   Accuracy: 92.857%
2025-08-29 15:21:22 -   Precision: 0.000
2025-08-29 15:21:22 -   Recall: 0.000
2025-08-29 15:21:22 -   F1 Score: 0.000
2025-08-29 15:21:22 -   AUC: 0.000
2025-08-29 15:21:22 -   Correct/Total: 39/42
2025-08-29 15:21:22 - Subject: AVO_049
2025-08-29 15:21:22 -   Accuracy: 93.750%
2025-08-29 15:21:22 -   Precision: 0.000
2025-08-29 15:21:22 -   Recall: 0.000
2025-08-29 15:21:22 -   F1 Score: 0.000
2025-08-29 15:21:22 -   AUC: 0.000
2025-08-29 15:21:22 -   Correct/Total: 45/48
2025-08-29 15:21:22 - Subject: AVO_050
2025-08-29 15:21:22 -   Accuracy: 97.959%
2025-08-29 15:21:22 -   Precision: 0.000
2025-08-29 15:21:22 -   Recall: 0.000
2025-08-29 15:21:22 -   F1 Score: 0.000
2025-08-29 15:21:22 -   AUC: 0.000
2025-08-29 15:21:22 -   Correct/Total: 48/49
2025-08-29 15:21:22 - Subject: AVO_051
2025-08-29 15:21:22 -   Accuracy: 93.333%
2025-08-29 15:21:22 -   Precision: 0.000
2025-08-29 15:21:22 -   Recall: 0.000
2025-08-29 15:21:22 -   F1 Score: 0.000
2025-08-29 15:21:22 -   AUC: 0.000
2025-08-29 15:21:22 -   Correct/Total: 28/30
2025-08-29 15:21:22 - Subject: AVO_052
2025-08-29 15:21:22 -   Accuracy: 97.059%
2025-08-29 15:21:22 -   Precision: 0.000
2025-08-29 15:21:22 -   Recall: 0.000
2025-08-29 15:21:22 -   F1 Score: 0.000
2025-08-29 15:21:22 -   AUC: 0.000
2025-08-29 15:21:22 -   Correct/Total: 33/34
2025-08-29 15:21:22 - Subject: AVO_053
2025-08-29 15:21:22 -   Accuracy: 84.615%
2025-08-29 15:21:22 -   Precision: 0.000
2025-08-29 15:21:22 -   Recall: 0.000
2025-08-29 15:21:22 -   F1 Score: 0.000
2025-08-29 15:21:22 -   AUC: 0.000
2025-08-29 15:21:22 -   Correct/Total: 33/39
2025-08-29 15:21:22 - Subject: AVO_054
2025-08-29 15:21:22 -   Accuracy: 95.000%
2025-08-29 15:21:22 -   Precision: 0.000
2025-08-29 15:21:22 -   Recall: 0.000
2025-08-29 15:21:22 -   F1 Score: 0.000
2025-08-29 15:21:22 -   AUC: 0.000
2025-08-29 15:21:22 -   Correct/Total: 38/40
2025-08-29 15:21:22 - Subject: AVO_055
2025-08-29 15:21:22 -   Accuracy: 90.909%
2025-08-29 15:21:22 -   Precision: 0.000
2025-08-29 15:21:22 -   Recall: 0.000
2025-08-29 15:21:22 -   F1 Score: 0.000
2025-08-29 15:21:22 -   AUC: 0.000
2025-08-29 15:21:22 -   Correct/Total: 40/44
2025-08-29 15:21:22 - Subject: AVO_056
2025-08-29 15:21:22 -   Accuracy: 85.366%
2025-08-29 15:21:22 -   Precision: 0.000
2025-08-29 15:21:22 -   Recall: 0.000
2025-08-29 15:21:22 -   F1 Score: 0.000
2025-08-29 15:21:22 -   AUC: 0.000
2025-08-29 15:21:22 -   Correct/Total: 35/41
2025-08-29 15:21:22 - Subject: AVO_057
2025-08-29 15:21:22 -   Accuracy: 93.750%
2025-08-29 15:21:22 -   Precision: 0.000
2025-08-29 15:21:22 -   Recall: 0.000
2025-08-29 15:21:22 -   F1 Score: 0.000
2025-08-29 15:21:22 -   AUC: 0.000
2025-08-29 15:21:22 -   Correct/Total: 30/32
2025-08-29 15:21:22 - Subject: AVO_058
2025-08-29 15:21:22 -   Accuracy: 94.000%
2025-08-29 15:21:22 -   Precision: 0.000
2025-08-29 15:21:22 -   Recall: 0.000
2025-08-29 15:21:22 -   F1 Score: 0.000
2025-08-29 15:21:22 -   AUC: 0.000
2025-08-29 15:21:22 -   Correct/Total: 47/50
2025-08-29 15:21:22 - Subject: AVO_059
2025-08-29 15:21:22 -   Accuracy: 95.455%
2025-08-29 15:21:22 -   Precision: 0.000
2025-08-29 15:21:22 -   Recall: 0.000
2025-08-29 15:21:22 -   F1 Score: 0.000
2025-08-29 15:21:22 -   AUC: 0.000
2025-08-29 15:21:22 -   Correct/Total: 42/44
2025-08-29 15:21:22 - Subject: AVO_060
2025-08-29 15:21:22 -   Accuracy: 87.755%
2025-08-29 15:21:22 -   Precision: 0.000
2025-08-29 15:21:22 -   Recall: 0.000
2025-08-29 15:21:22 -   F1 Score: 0.000
2025-08-29 15:21:22 -   AUC: 0.000
2025-08-29 15:21:22 -   Correct/Total: 43/49
2025-08-29 15:21:22 - Subject: AVO_061
2025-08-29 15:21:22 -   Accuracy: 86.486%
2025-08-29 15:21:22 -   Precision: 0.000
2025-08-29 15:21:22 -   Recall: 0.000
2025-08-29 15:21:22 -   F1 Score: 0.000
2025-08-29 15:21:22 -   AUC: 0.000
2025-08-29 15:21:22 -   Correct/Total: 32/37
2025-08-29 15:21:22 - Subject: AVO_062
2025-08-29 15:21:22 -   Accuracy: 92.105%
2025-08-29 15:21:22 -   Precision: 0.000
2025-08-29 15:21:22 -   Recall: 0.000
2025-08-29 15:21:22 -   F1 Score: 0.000
2025-08-29 15:21:22 -   AUC: 0.000
2025-08-29 15:21:22 -   Correct/Total: 35/38
2025-08-29 15:21:22 - Subject: AVO_063
2025-08-29 15:21:22 -   Accuracy: 97.222%
2025-08-29 15:21:22 -   Precision: 0.000
2025-08-29 15:21:22 -   Recall: 0.000
2025-08-29 15:21:22 -   F1 Score: 0.000
2025-08-29 15:21:22 -   AUC: 0.000
2025-08-29 15:21:22 -   Correct/Total: 35/36
2025-08-29 15:21:22 - Subject: AVO_064
2025-08-29 15:21:22 -   Accuracy: 95.833%
2025-08-29 15:21:22 -   Precision: 0.000
2025-08-29 15:21:22 -   Recall: 0.000
2025-08-29 15:21:22 -   F1 Score: 0.000
2025-08-29 15:21:22 -   AUC: 0.000
2025-08-29 15:21:22 -   Correct/Total: 46/48
2025-08-29 15:21:22 - Subject: AVO_065
2025-08-29 15:21:22 -   Accuracy: 98.113%
2025-08-29 15:21:22 -   Precision: 0.000
2025-08-29 15:21:22 -   Recall: 0.000
2025-08-29 15:21:22 -   F1 Score: 0.000
2025-08-29 15:21:22 -   AUC: 0.000
2025-08-29 15:21:22 -   Correct/Total: 52/53
2025-08-29 15:21:22 - Subject: AVO_066
2025-08-29 15:21:22 -   Accuracy: 85.714%
2025-08-29 15:21:22 -   Precision: 0.000
2025-08-29 15:21:22 -   Recall: 0.000
2025-08-29 15:21:22 -   F1 Score: 0.000
2025-08-29 15:21:22 -   AUC: 0.000
2025-08-29 15:21:22 -   Correct/Total: 30/35
2025-08-29 15:21:22 - Subject: AVO_067
2025-08-29 15:21:22 -   Accuracy: 100.000%
2025-08-29 15:21:22 -   Precision: 0.000
2025-08-29 15:21:22 -   Recall: 0.000
2025-08-29 15:21:22 -   F1 Score: 0.000
2025-08-29 15:21:22 -   AUC: 0.000
2025-08-29 15:21:22 -   Correct/Total: 48/48
2025-08-29 15:21:22 - Subject: AVO_068
2025-08-29 15:21:22 -   Accuracy: 89.189%
2025-08-29 15:21:22 -   Precision: 0.000
2025-08-29 15:21:22 -   Recall: 0.000
2025-08-29 15:21:22 -   F1 Score: 0.000
2025-08-29 15:21:22 -   AUC: 0.000
2025-08-29 15:21:22 -   Correct/Total: 33/37
2025-08-29 15:21:22 - Subject: AVO_069
2025-08-29 15:21:22 -   Accuracy: 90.000%
2025-08-29 15:21:22 -   Precision: 0.000
2025-08-29 15:21:22 -   Recall: 0.000
2025-08-29 15:21:22 -   F1 Score: 0.000
2025-08-29 15:21:22 -   AUC: 0.000
2025-08-29 15:21:22 -   Correct/Total: 36/40
2025-08-29 15:21:22 - Subject: AVO_070
2025-08-29 15:21:22 -   Accuracy: 89.286%
2025-08-29 15:21:22 -   Precision: 0.000
2025-08-29 15:21:22 -   Recall: 0.000
2025-08-29 15:21:22 -   F1 Score: 0.000
2025-08-29 15:21:22 -   AUC: 0.000
2025-08-29 15:21:22 -   Correct/Total: 50/56
2025-08-29 15:21:22 - Subject: AVO_071
2025-08-29 15:21:22 -   Accuracy: 90.698%
2025-08-29 15:21:22 -   Precision: 0.000
2025-08-29 15:21:22 -   Recall: 0.000
2025-08-29 15:21:22 -   F1 Score: 0.000
2025-08-29 15:21:22 -   AUC: 0.000
2025-08-29 15:21:22 -   Correct/Total: 39/43
2025-08-29 15:21:22 - Subject: AVO_073
2025-08-29 15:21:22 -   Accuracy: 92.857%
2025-08-29 15:21:22 -   Precision: 0.000
2025-08-29 15:21:22 -   Recall: 0.000
2025-08-29 15:21:22 -   F1 Score: 0.000
2025-08-29 15:21:22 -   AUC: 0.000
2025-08-29 15:21:22 -   Correct/Total: 39/42
2025-08-29 15:21:22 - Subject: AVO_074
2025-08-29 15:21:22 -   Accuracy: 97.727%
2025-08-29 15:21:22 -   Precision: 0.000
2025-08-29 15:21:22 -   Recall: 0.000
2025-08-29 15:21:22 -   F1 Score: 0.000
2025-08-29 15:21:22 -   AUC: 0.000
2025-08-29 15:21:22 -   Correct/Total: 43/44
2025-08-29 15:21:22 - Subject: AVO_075
2025-08-29 15:21:22 -   Accuracy: 88.095%
2025-08-29 15:21:22 -   Precision: 0.000
2025-08-29 15:21:22 -   Recall: 0.000
2025-08-29 15:21:22 -   F1 Score: 0.000
2025-08-29 15:21:22 -   AUC: 0.000
2025-08-29 15:21:22 -   Correct/Total: 37/42
2025-08-29 15:21:22 - Subject: AVO_076
2025-08-29 15:21:22 -   Accuracy: 91.892%
2025-08-29 15:21:22 -   Precision: 0.000
2025-08-29 15:21:22 -   Recall: 0.000
2025-08-29 15:21:22 -   F1 Score: 0.000
2025-08-29 15:21:22 -   AUC: 0.000
2025-08-29 15:21:22 -   Correct/Total: 34/37
2025-08-29 15:21:22 - Subject: AVO_077
2025-08-29 15:21:22 -   Accuracy: 91.837%
2025-08-29 15:21:22 -   Precision: 0.000
2025-08-29 15:21:22 -   Recall: 0.000
2025-08-29 15:21:22 -   F1 Score: 0.000
2025-08-29 15:21:22 -   AUC: 0.000
2025-08-29 15:21:22 -   Correct/Total: 45/49
2025-08-29 15:21:22 - Subject: AVO_078
2025-08-29 15:21:22 -   Accuracy: 94.545%
2025-08-29 15:21:22 -   Precision: 0.000
2025-08-29 15:21:22 -   Recall: 0.000
2025-08-29 15:21:22 -   F1 Score: 0.000
2025-08-29 15:21:22 -   AUC: 0.000
2025-08-29 15:21:22 -   Correct/Total: 52/55
2025-08-29 15:21:22 - Subject: AVO_079
2025-08-29 15:21:22 -   Accuracy: 87.179%
2025-08-29 15:21:22 -   Precision: 0.000
2025-08-29 15:21:22 -   Recall: 0.000
2025-08-29 15:21:22 -   F1 Score: 0.000
2025-08-29 15:21:22 -   AUC: 0.000
2025-08-29 15:21:22 -   Correct/Total: 34/39
2025-08-29 15:21:22 - Subject: AVO_080
2025-08-29 15:21:22 -   Accuracy: 95.455%
2025-08-29 15:21:22 -   Precision: 0.000
2025-08-29 15:21:22 -   Recall: 0.000
2025-08-29 15:21:22 -   F1 Score: 0.000
2025-08-29 15:21:22 -   AUC: 0.000
2025-08-29 15:21:22 -   Correct/Total: 42/44
2025-08-29 15:21:22 - Subject: AVO_081
2025-08-29 15:21:22 -   Accuracy: 96.875%
2025-08-29 15:21:22 -   Precision: 0.000
2025-08-29 15:21:22 -   Recall: 0.000
2025-08-29 15:21:22 -   F1 Score: 0.000
2025-08-29 15:21:22 -   AUC: 0.000
2025-08-29 15:21:22 -   Correct/Total: 31/32
2025-08-29 15:21:22 - Subject: AVO_082
2025-08-29 15:21:22 -   Accuracy: 89.796%
2025-08-29 15:21:22 -   Precision: 0.000
2025-08-29 15:21:22 -   Recall: 0.000
2025-08-29 15:21:22 -   F1 Score: 0.000
2025-08-29 15:21:22 -   AUC: 0.000
2025-08-29 15:21:22 -   Correct/Total: 44/49
2025-08-29 15:21:22 - Subject: AVO_083
2025-08-29 15:21:22 -   Accuracy: 90.244%
2025-08-29 15:21:22 -   Precision: 0.000
2025-08-29 15:21:22 -   Recall: 0.000
2025-08-29 15:21:22 -   F1 Score: 0.000
2025-08-29 15:21:22 -   AUC: 0.000
2025-08-29 15:21:22 -   Correct/Total: 37/41
2025-08-29 15:21:22 - Subject: AVO_111
2025-08-29 15:21:22 -   Accuracy: 100.000%
2025-08-29 15:21:22 -   Precision: 0.000
2025-08-29 15:21:22 -   Recall: 0.000
2025-08-29 15:21:22 -   F1 Score: 0.000
2025-08-29 15:21:22 -   AUC: 0.000
2025-08-29 15:21:22 -   Correct/Total: 34/34
2025-08-29 15:21:22 - Subject: AVO_112
2025-08-29 15:21:22 -   Accuracy: 97.872%
2025-08-29 15:21:22 -   Precision: 0.000
2025-08-29 15:21:22 -   Recall: 0.000
2025-08-29 15:21:22 -   F1 Score: 0.000
2025-08-29 15:21:22 -   AUC: 0.000
2025-08-29 15:21:22 -   Correct/Total: 46/47
2025-08-29 15:21:22 - Subject: AVO_113
2025-08-29 15:21:22 -   Accuracy: 88.095%
2025-08-29 15:21:22 -   Precision: 0.000
2025-08-29 15:21:22 -   Recall: 0.000
2025-08-29 15:21:22 -   F1 Score: 0.000
2025-08-29 15:21:22 -   AUC: 0.000
2025-08-29 15:21:22 -   Correct/Total: 37/42
2025-08-29 15:21:22 - Subject: AVO_114
2025-08-29 15:21:22 -   Accuracy: 88.095%
2025-08-29 15:21:22 -   Precision: 0.000
2025-08-29 15:21:22 -   Recall: 0.000
2025-08-29 15:21:22 -   F1 Score: 0.000
2025-08-29 15:21:22 -   AUC: 0.000
2025-08-29 15:21:22 -   Correct/Total: 37/42
2025-08-29 15:21:22 - Subject: AVO_115
2025-08-29 15:21:22 -   Accuracy: 91.892%
2025-08-29 15:21:22 -   Precision: 0.000
2025-08-29 15:21:22 -   Recall: 0.000
2025-08-29 15:21:22 -   F1 Score: 0.000
2025-08-29 15:21:22 -   AUC: 0.000
2025-08-29 15:21:22 -   Correct/Total: 34/37
2025-08-29 15:21:22 - Subject: AVO_116
2025-08-29 15:21:22 -   Accuracy: 82.857%
2025-08-29 15:21:22 -   Precision: 0.000
2025-08-29 15:21:22 -   Recall: 0.000
2025-08-29 15:21:22 -   F1 Score: 0.000
2025-08-29 15:21:22 -   AUC: 0.000
2025-08-29 15:21:22 -   Correct/Total: 29/35
2025-08-29 15:21:22 - Subject: AVO_117
2025-08-29 15:21:22 -   Accuracy: 89.286%
2025-08-29 15:21:22 -   Precision: 0.000
2025-08-29 15:21:22 -   Recall: 0.000
2025-08-29 15:21:22 -   F1 Score: 0.000
2025-08-29 15:21:22 -   AUC: 0.000
2025-08-29 15:21:22 -   Correct/Total: 25/28
2025-08-29 15:21:22 - Subject: AVO_118
2025-08-29 15:21:22 -   Accuracy: 95.122%
2025-08-29 15:21:22 -   Precision: 0.000
2025-08-29 15:21:22 -   Recall: 0.000
2025-08-29 15:21:22 -   F1 Score: 0.000
2025-08-29 15:21:22 -   AUC: 0.000
2025-08-29 15:21:22 -   Correct/Total: 39/41
2025-08-29 15:21:22 - Subject: AVO_119
2025-08-29 15:21:22 -   Accuracy: 93.750%
2025-08-29 15:21:22 -   Precision: 0.000
2025-08-29 15:21:22 -   Recall: 0.000
2025-08-29 15:21:22 -   F1 Score: 0.000
2025-08-29 15:21:22 -   AUC: 0.000
2025-08-29 15:21:22 -   Correct/Total: 45/48
2025-08-29 15:21:22 - Subject: AVO_120
2025-08-29 15:21:22 -   Accuracy: 92.308%
2025-08-29 15:21:22 -   Precision: 0.000
2025-08-29 15:21:22 -   Recall: 0.000
2025-08-29 15:21:22 -   F1 Score: 0.000
2025-08-29 15:21:22 -   AUC: 0.000
2025-08-29 15:21:22 -   Correct/Total: 36/39
2025-08-29 15:21:22 - Subject: AVO_121
2025-08-29 15:21:22 -   Accuracy: 89.474%
2025-08-29 15:21:22 -   Precision: 0.000
2025-08-29 15:21:22 -   Recall: 0.000
2025-08-29 15:21:22 -   F1 Score: 0.000
2025-08-29 15:21:22 -   AUC: 0.000
2025-08-29 15:21:22 -   Correct/Total: 34/38
2025-08-29 15:21:22 - Subject: AVO_122
2025-08-29 15:21:22 -   Accuracy: 86.047%
2025-08-29 15:21:22 -   Precision: 0.000
2025-08-29 15:21:22 -   Recall: 0.000
2025-08-29 15:21:22 -   F1 Score: 0.000
2025-08-29 15:21:22 -   AUC: 0.000
2025-08-29 15:21:22 -   Correct/Total: 37/43
2025-08-29 15:21:22 - Subject: AVO_123
2025-08-29 15:21:22 -   Accuracy: 95.238%
2025-08-29 15:21:22 -   Precision: 0.000
2025-08-29 15:21:22 -   Recall: 0.000
2025-08-29 15:21:22 -   F1 Score: 0.000
2025-08-29 15:21:22 -   AUC: 0.000
2025-08-29 15:21:22 -   Correct/Total: 40/42
2025-08-29 15:21:22 - Subject: AVO_124
2025-08-29 15:21:22 -   Accuracy: 90.625%
2025-08-29 15:21:22 -   Precision: 0.000
2025-08-29 15:21:22 -   Recall: 0.000
2025-08-29 15:21:22 -   F1 Score: 0.000
2025-08-29 15:21:22 -   AUC: 0.000
2025-08-29 15:21:22 -   Correct/Total: 29/32
2025-08-29 15:21:22 - Subject: AVO_125
2025-08-29 15:21:22 -   Accuracy: 89.189%
2025-08-29 15:21:22 -   Precision: 0.000
2025-08-29 15:21:22 -   Recall: 0.000
2025-08-29 15:21:22 -   F1 Score: 0.000
2025-08-29 15:21:22 -   AUC: 0.000
2025-08-29 15:21:22 -   Correct/Total: 33/37
2025-08-29 15:21:22 - Subject: AVO_127
2025-08-29 15:21:22 -   Accuracy: 96.296%
2025-08-29 15:21:22 -   Precision: 0.000
2025-08-29 15:21:22 -   Recall: 0.000
2025-08-29 15:21:22 -   F1 Score: 0.000
2025-08-29 15:21:22 -   AUC: 0.000
2025-08-29 15:21:22 -   Correct/Total: 52/54
2025-08-29 15:21:22 - 
Combined Model (All Subjects) Statistics:
2025-08-29 15:21:22 - Mean Accuracy: 0.886
2025-08-29 15:21:22 - 95% Confidence Interval: [0.874, 0.898]
2025-08-29 15:21:22 - Best Subject: AVO_020 (1.000)
2025-08-29 15:21:22 - Worst Subject: P3_sub-038 (0.675)
2025-08-29 15:21:22 - 
Combined Model ¨C P3 Subjects Statistics:
2025-08-29 15:21:22 - Mean Accuracy: 0.802
2025-08-29 15:21:22 - 95% Confidence Interval: [0.784, 0.819]
2025-08-29 15:21:22 - Best Subject: P3_sub-010 (0.941)
2025-08-29 15:21:22 - Worst Subject: P3_sub-038 (0.675)
2025-08-29 15:21:22 - 
Combined Model ¨C AVO Subjects Statistics:
2025-08-29 15:21:22 - Mean Accuracy: 0.920
2025-08-29 15:21:22 - 95% Confidence Interval: [0.912, 0.929]
2025-08-29 15:21:22 - Best Subject: AVO_020 (1.000)
2025-08-29 15:21:22 - Worst Subject: AVO_035 (0.814)
