2025-08-29 14:29:44 - 
Experiment Configuration:
2025-08-29 14:29:44 - --------------------------------------------------
2025-08-29 14:29:44 - dataset: P3 Raw Data BIDS-Compatible
2025-08-29 14:29:44 - use_combined_datasets: False
2025-08-29 14:29:44 - electrode_list: all
2025-08-29 14:29:44 - classifier: ShallowFBCSPNet
2025-08-29 14:29:44 - separate_subject_classification: False
2025-08-29 14:29:44 - use_subject_layer: False
2025-08-29 14:29:44 - seeds: [1]
2025-08-29 14:29:44 - --------------------------------------------------
2025-08-29 14:29:44 - 
==================================================
2025-08-29 14:29:44 - Processing P3 Dataset
2025-08-29 14:29:44 - ==================================================
2025-08-29 14:32:54 - Subject: sub-001
2025-08-29 14:32:54 -   Accuracy: 86.486%
2025-08-29 14:32:54 -   Precision: 0.333
2025-08-29 14:32:54 -   Recall: 0.250
2025-08-29 14:32:54 -   F1 Score: 0.286
2025-08-29 14:32:54 -   AUC: 0.000
2025-08-29 14:32:54 -   Correct/Total: 32/37
2025-08-29 14:32:54 - Subject: sub-002
2025-08-29 14:32:54 -   Accuracy: 82.500%
2025-08-29 14:32:54 -   Precision: 0.727
2025-08-29 14:32:54 -   Recall: 0.667
2025-08-29 14:32:54 -   F1 Score: 0.696
2025-08-29 14:32:54 -   AUC: 0.000
2025-08-29 14:32:54 -   Correct/Total: 33/40
2025-08-29 14:32:54 - Subject: sub-003
2025-08-29 14:32:54 -   Accuracy: 80.000%
2025-08-29 14:32:54 -   Precision: 0.500
2025-08-29 14:32:54 -   Recall: 0.182
2025-08-29 14:32:54 -   F1 Score: 0.267
2025-08-29 14:32:54 -   AUC: 0.000
2025-08-29 14:32:54 -   Correct/Total: 44/55
2025-08-29 14:32:54 - Subject: sub-004
2025-08-29 14:32:54 -   Accuracy: 89.130%
2025-08-29 14:32:54 -   Precision: 0.800
2025-08-29 14:32:54 -   Recall: 0.500
2025-08-29 14:32:54 -   F1 Score: 0.615
2025-08-29 14:32:54 -   AUC: 0.000
2025-08-29 14:32:54 -   Correct/Total: 41/46
2025-08-29 14:32:54 - Subject: sub-005
2025-08-29 14:32:54 -   Accuracy: 87.805%
2025-08-29 14:32:54 -   Precision: 0.833
2025-08-29 14:32:54 -   Recall: 0.556
2025-08-29 14:32:54 -   F1 Score: 0.667
2025-08-29 14:32:54 -   AUC: 0.000
2025-08-29 14:32:54 -   Correct/Total: 36/41
2025-08-29 14:32:54 - Subject: sub-006
2025-08-29 14:32:54 -   Accuracy: 72.727%
2025-08-29 14:32:54 -   Precision: 0.167
2025-08-29 14:32:54 -   Recall: 0.125
2025-08-29 14:32:54 -   F1 Score: 0.143
2025-08-29 14:32:54 -   AUC: 0.000
2025-08-29 14:32:54 -   Correct/Total: 32/44
2025-08-29 14:32:54 - Subject: sub-007
2025-08-29 14:32:54 -   Accuracy: 83.721%
2025-08-29 14:32:54 -   Precision: 0.500
2025-08-29 14:32:54 -   Recall: 0.286
2025-08-29 14:32:54 -   F1 Score: 0.364
2025-08-29 14:32:54 -   AUC: 0.000
2025-08-29 14:32:54 -   Correct/Total: 36/43
2025-08-29 14:32:54 - Subject: sub-008
2025-08-29 14:32:54 -   Accuracy: 83.333%
2025-08-29 14:32:54 -   Precision: 1.000
2025-08-29 14:32:54 -   Recall: 0.286
2025-08-29 14:32:54 -   F1 Score: 0.444
2025-08-29 14:32:54 -   AUC: 0.000
2025-08-29 14:32:54 -   Correct/Total: 25/30
2025-08-29 14:32:54 - Subject: sub-009
2025-08-29 14:32:54 -   Accuracy: 72.093%
2025-08-29 14:32:54 -   Precision: 0.400
2025-08-29 14:32:54 -   Recall: 0.182
2025-08-29 14:32:54 -   F1 Score: 0.250
2025-08-29 14:32:54 -   AUC: 0.000
2025-08-29 14:32:54 -   Correct/Total: 31/43
2025-08-29 14:32:54 - Subject: sub-010
2025-08-29 14:32:54 -   Accuracy: 83.784%
2025-08-29 14:32:54 -   Precision: 0.667
2025-08-29 14:32:54 -   Recall: 0.286
2025-08-29 14:32:54 -   F1 Score: 0.400
2025-08-29 14:32:54 -   AUC: 0.000
2025-08-29 14:32:54 -   Correct/Total: 31/37
2025-08-29 14:32:54 - Subject: sub-011
2025-08-29 14:32:54 -   Accuracy: 82.500%
2025-08-29 14:32:54 -   Precision: 0.667
2025-08-29 14:32:54 -   Recall: 0.250
2025-08-29 14:32:54 -   F1 Score: 0.364
2025-08-29 14:32:54 -   AUC: 0.000
2025-08-29 14:32:54 -   Correct/Total: 33/40
2025-08-29 14:32:54 - Subject: sub-012
2025-08-29 14:32:54 -   Accuracy: 73.810%
2025-08-29 14:32:54 -   Precision: 0.750
2025-08-29 14:32:54 -   Recall: 0.231
2025-08-29 14:32:54 -   F1 Score: 0.353
2025-08-29 14:32:54 -   AUC: 0.000
2025-08-29 14:32:54 -   Correct/Total: 31/42
2025-08-29 14:32:54 - Subject: sub-013
2025-08-29 14:32:54 -   Accuracy: 93.750%
2025-08-29 14:32:54 -   Precision: 0.333
2025-08-29 14:32:54 -   Recall: 1.000
2025-08-29 14:32:54 -   F1 Score: 0.500
2025-08-29 14:32:54 -   AUC: 0.000
2025-08-29 14:32:54 -   Correct/Total: 30/32
2025-08-29 14:32:54 - Subject: sub-014
2025-08-29 14:32:54 -   Accuracy: 72.973%
2025-08-29 14:32:54 -   Precision: 0.400
2025-08-29 14:32:54 -   Recall: 0.222
2025-08-29 14:32:54 -   F1 Score: 0.286
2025-08-29 14:32:54 -   AUC: 0.000
2025-08-29 14:32:54 -   Correct/Total: 27/37
2025-08-29 14:32:54 - Subject: sub-015
2025-08-29 14:32:54 -   Accuracy: 85.294%
2025-08-29 14:32:54 -   Precision: 0.600
2025-08-29 14:32:54 -   Recall: 0.500
2025-08-29 14:32:54 -   F1 Score: 0.545
2025-08-29 14:32:54 -   AUC: 0.000
2025-08-29 14:32:54 -   Correct/Total: 29/34
2025-08-29 14:32:54 - Subject: sub-016
2025-08-29 14:32:54 -   Accuracy: 87.755%
2025-08-29 14:32:54 -   Precision: 0.714
2025-08-29 14:32:54 -   Recall: 0.556
2025-08-29 14:32:54 -   F1 Score: 0.625
2025-08-29 14:32:54 -   AUC: 0.000
2025-08-29 14:32:54 -   Correct/Total: 43/49
2025-08-29 14:32:54 - Subject: sub-017
2025-08-29 14:32:54 -   Accuracy: 84.783%
2025-08-29 14:32:54 -   Precision: 0.500
2025-08-29 14:32:54 -   Recall: 0.286
2025-08-29 14:32:54 -   F1 Score: 0.364
2025-08-29 14:32:54 -   AUC: 0.000
2025-08-29 14:32:54 -   Correct/Total: 39/46
2025-08-29 14:32:54 - Subject: sub-018
2025-08-29 14:32:54 -   Accuracy: 59.524%
2025-08-29 14:32:54 -   Precision: 0.429
2025-08-29 14:32:54 -   Recall: 0.188
2025-08-29 14:32:54 -   F1 Score: 0.261
2025-08-29 14:32:54 -   AUC: 0.000
2025-08-29 14:32:54 -   Correct/Total: 25/42
2025-08-29 14:32:54 - Subject: sub-019
2025-08-29 14:32:54 -   Accuracy: 81.818%
2025-08-29 14:32:54 -   Precision: 0.167
2025-08-29 14:32:54 -   Recall: 0.250
2025-08-29 14:32:54 -   F1 Score: 0.200
2025-08-29 14:32:54 -   AUC: 0.000
2025-08-29 14:32:54 -   Correct/Total: 36/44
2025-08-29 14:32:54 - Subject: sub-020
2025-08-29 14:32:54 -   Accuracy: 83.721%
2025-08-29 14:32:54 -   Precision: 0.667
2025-08-29 14:32:54 -   Recall: 0.444
2025-08-29 14:32:54 -   F1 Score: 0.533
2025-08-29 14:32:54 -   AUC: 0.000
2025-08-29 14:32:54 -   Correct/Total: 36/43
2025-08-29 14:32:54 - Subject: sub-021
2025-08-29 14:32:54 -   Accuracy: 77.143%
2025-08-29 14:32:54 -   Precision: 0.000
2025-08-29 14:32:54 -   Recall: 0.000
2025-08-29 14:32:54 -   F1 Score: 0.000
2025-08-29 14:32:54 -   AUC: 0.000
2025-08-29 14:32:54 -   Correct/Total: 27/35
2025-08-29 14:32:54 - Subject: sub-022
2025-08-29 14:32:54 -   Accuracy: 81.081%
2025-08-29 14:32:54 -   Precision: 0.714
2025-08-29 14:32:54 -   Recall: 0.500
2025-08-29 14:32:54 -   F1 Score: 0.588
2025-08-29 14:32:54 -   AUC: 0.000
2025-08-29 14:32:54 -   Correct/Total: 30/37
2025-08-29 14:32:54 - Subject: sub-023
2025-08-29 14:32:54 -   Accuracy: 84.444%
2025-08-29 14:32:54 -   Precision: 1.000
2025-08-29 14:32:54 -   Recall: 0.222
2025-08-29 14:32:54 -   F1 Score: 0.364
2025-08-29 14:32:54 -   AUC: 0.000
2025-08-29 14:32:54 -   Correct/Total: 38/45
2025-08-29 14:32:54 - Subject: sub-024
2025-08-29 14:32:54 -   Accuracy: 80.488%
2025-08-29 14:32:54 -   Precision: 0.500
2025-08-29 14:32:54 -   Recall: 0.250
2025-08-29 14:32:54 -   F1 Score: 0.333
2025-08-29 14:32:54 -   AUC: 0.000
2025-08-29 14:32:54 -   Correct/Total: 33/41
2025-08-29 14:32:54 - Subject: sub-025
2025-08-29 14:32:54 -   Accuracy: 81.818%
2025-08-29 14:32:54 -   Precision: 0.500
2025-08-29 14:32:54 -   Recall: 0.333
2025-08-29 14:32:54 -   F1 Score: 0.400
2025-08-29 14:32:54 -   AUC: 0.000
2025-08-29 14:32:54 -   Correct/Total: 27/33
2025-08-29 14:32:54 - Subject: sub-026
2025-08-29 14:32:54 -   Accuracy: 84.211%
2025-08-29 14:32:54 -   Precision: 0.571
2025-08-29 14:32:54 -   Recall: 0.571
2025-08-29 14:32:54 -   F1 Score: 0.571
2025-08-29 14:32:54 -   AUC: 0.000
2025-08-29 14:32:54 -   Correct/Total: 32/38
2025-08-29 14:32:54 - Subject: sub-027
2025-08-29 14:32:54 -   Accuracy: 84.615%
2025-08-29 14:32:54 -   Precision: 1.000
2025-08-29 14:32:54 -   Recall: 0.143
2025-08-29 14:32:54 -   F1 Score: 0.250
2025-08-29 14:32:54 -   AUC: 0.000
2025-08-29 14:32:54 -   Correct/Total: 33/39
2025-08-29 14:32:54 - Subject: sub-028
2025-08-29 14:32:54 -   Accuracy: 80.000%
2025-08-29 14:32:54 -   Precision: 0.500
2025-08-29 14:32:54 -   Recall: 0.333
2025-08-29 14:32:54 -   F1 Score: 0.400
2025-08-29 14:32:54 -   AUC: 0.000
2025-08-29 14:32:54 -   Correct/Total: 24/30
2025-08-29 14:32:54 - Subject: sub-029
2025-08-29 14:32:54 -   Accuracy: 83.721%
2025-08-29 14:32:54 -   Precision: 0.500
2025-08-29 14:32:54 -   Recall: 0.143
2025-08-29 14:32:54 -   F1 Score: 0.222
2025-08-29 14:32:54 -   AUC: 0.000
2025-08-29 14:32:54 -   Correct/Total: 36/43
2025-08-29 14:32:54 - Subject: sub-030
2025-08-29 14:32:54 -   Accuracy: 80.000%
2025-08-29 14:32:54 -   Precision: 0.429
2025-08-29 14:32:54 -   Recall: 0.333
2025-08-29 14:32:54 -   F1 Score: 0.375
2025-08-29 14:32:54 -   AUC: 0.000
2025-08-29 14:32:54 -   Correct/Total: 40/50
2025-08-29 14:32:54 - Subject: sub-031
2025-08-29 14:32:54 -   Accuracy: 65.000%
2025-08-29 14:32:54 -   Precision: 0.200
2025-08-29 14:32:54 -   Recall: 0.091
2025-08-29 14:32:54 -   F1 Score: 0.125
2025-08-29 14:32:54 -   AUC: 0.000
2025-08-29 14:32:54 -   Correct/Total: 26/40
2025-08-29 14:32:54 - Subject: sub-032
2025-08-29 14:32:54 -   Accuracy: 77.273%
2025-08-29 14:32:54 -   Precision: 0.429
2025-08-29 14:32:54 -   Recall: 0.333
2025-08-29 14:32:54 -   F1 Score: 0.375
2025-08-29 14:32:54 -   AUC: 0.000
2025-08-29 14:32:54 -   Correct/Total: 34/44
2025-08-29 14:32:54 - Subject: sub-033
2025-08-29 14:32:54 -   Accuracy: 91.176%
2025-08-29 14:32:54 -   Precision: 1.000
2025-08-29 14:32:54 -   Recall: 0.571
2025-08-29 14:32:54 -   F1 Score: 0.727
2025-08-29 14:32:54 -   AUC: 0.000
2025-08-29 14:32:54 -   Correct/Total: 31/34
2025-08-29 14:32:54 - Subject: sub-034
2025-08-29 14:32:54 -   Accuracy: 91.667%
2025-08-29 14:32:54 -   Precision: 1.000
2025-08-29 14:32:54 -   Recall: 0.500
2025-08-29 14:32:54 -   F1 Score: 0.667
2025-08-29 14:32:54 -   AUC: 0.000
2025-08-29 14:32:54 -   Correct/Total: 33/36
2025-08-29 14:32:54 - Subject: sub-035
2025-08-29 14:32:54 -   Accuracy: 83.333%
2025-08-29 14:32:54 -   Precision: 1.000
2025-08-29 14:32:54 -   Recall: 0.400
2025-08-29 14:32:54 -   F1 Score: 0.571
2025-08-29 14:32:54 -   AUC: 0.000
2025-08-29 14:32:54 -   Correct/Total: 30/36
2025-08-29 14:32:54 - Subject: sub-036
2025-08-29 14:32:54 -   Accuracy: 79.412%
2025-08-29 14:32:54 -   Precision: 0.000
2025-08-29 14:32:54 -   Recall: 0.000
2025-08-29 14:32:54 -   F1 Score: 0.000
2025-08-29 14:32:54 -   AUC: 0.000
2025-08-29 14:32:54 -   Correct/Total: 27/34
2025-08-29 14:32:54 - Subject: sub-037
2025-08-29 14:32:54 -   Accuracy: 82.500%
2025-08-29 14:32:54 -   Precision: 0.667
2025-08-29 14:32:54 -   Recall: 0.250
2025-08-29 14:32:54 -   F1 Score: 0.364
2025-08-29 14:32:54 -   AUC: 0.000
2025-08-29 14:32:54 -   Correct/Total: 33/40
2025-08-29 14:32:54 - Subject: sub-038
2025-08-29 14:32:54 -   Accuracy: 68.966%
2025-08-29 14:32:54 -   Precision: 0.500
2025-08-29 14:32:54 -   Recall: 0.556
2025-08-29 14:32:54 -   F1 Score: 0.526
2025-08-29 14:32:54 -   AUC: 0.000
2025-08-29 14:32:54 -   Correct/Total: 20/29
2025-08-29 14:32:54 - Subject: sub-039
2025-08-29 14:32:54 -   Accuracy: 90.244%
2025-08-29 14:32:54 -   Precision: 0.000
2025-08-29 14:32:54 -   Recall: 0.000
2025-08-29 14:32:54 -   F1 Score: 0.000
2025-08-29 14:32:54 -   AUC: 0.000
2025-08-29 14:32:54 -   Correct/Total: 37/41
2025-08-29 14:32:54 - Subject: sub-040
2025-08-29 14:32:54 -   Accuracy: 73.810%
2025-08-29 14:32:54 -   Precision: 0.333
2025-08-29 14:32:54 -   Recall: 0.100
2025-08-29 14:32:54 -   F1 Score: 0.154
2025-08-29 14:32:54 -   AUC: 0.000
2025-08-29 14:32:54 -   Correct/Total: 31/42
2025-08-29 14:32:54 - 
P3 Pooled Model Statistics:
2025-08-29 14:32:54 - Mean Accuracy: 0.812
2025-08-29 14:32:54 - 95% Confidence Interval: [0.789, 0.835]
2025-08-29 14:32:54 - Best Subject: sub-013 (0.938)
2025-08-29 14:32:54 - Worst Subject: sub-018 (0.595)
