2025-08-29 15:37:54 - 
Experiment Configuration:
2025-08-29 15:37:54 - --------------------------------------------------
2025-08-29 15:37:54 - dataset: P3 Raw Data BIDS-Compatible
2025-08-29 15:37:54 - use_combined_datasets: False
2025-08-29 15:37:54 - electrode_list: common
2025-08-29 15:37:54 - classifier: ShallowFBCSPNet
2025-08-29 15:37:54 - separate_subject_classification: False
2025-08-29 15:37:54 - use_subject_layer: True
2025-08-29 15:37:54 - seeds: [1]
2025-08-29 15:37:54 - --------------------------------------------------
2025-08-29 15:37:54 - 
==================================================
2025-08-29 15:37:54 - Processing P3 Dataset
2025-08-29 15:37:54 - ==================================================
2025-08-29 15:42:14 - 
Confusion matrix saved to: ./results\experiment_20250829_153754\confusion_matrices\P3_ShallowFBCSPNet_FP1_Fz_F3_F7_C3_P3_P7_O1_Oz_Pz_O2_P4_P8_C4_F4_F8_pooled_confusion_matrix.png

2025-08-29 15:42:14 - Subject: sub-001
2025-08-29 15:42:14 -   Accuracy: 63.043%
2025-08-29 15:42:14 -   Precision: 0.333
2025-08-29 15:42:14 -   Recall: 0.308
2025-08-29 15:42:14 -   F1 Score: 0.320
2025-08-29 15:42:14 -   AUC: 0.000
2025-08-29 15:42:14 -   Correct/Total: 29/46
2025-08-29 15:42:14 - Subject: sub-002
2025-08-29 15:42:14 -   Accuracy: 80.952%
2025-08-29 15:42:14 -   Precision: 0.600
2025-08-29 15:42:14 -   Recall: 0.333
2025-08-29 15:42:14 -   F1 Score: 0.429
2025-08-29 15:42:14 -   AUC: 0.000
2025-08-29 15:42:14 -   Correct/Total: 34/42
2025-08-29 15:42:14 - Subject: sub-003
2025-08-29 15:42:14 -   Accuracy: 82.353%
2025-08-29 15:42:14 -   Precision: 0.333
2025-08-29 15:42:14 -   Recall: 0.500
2025-08-29 15:42:14 -   F1 Score: 0.400
2025-08-29 15:42:14 -   AUC: 0.000
2025-08-29 15:42:14 -   Correct/Total: 28/34
2025-08-29 15:42:14 - Subject: sub-004
2025-08-29 15:42:14 -   Accuracy: 96.078%
2025-08-29 15:42:14 -   Precision: 1.000
2025-08-29 15:42:14 -   Recall: 0.818
2025-08-29 15:42:14 -   F1 Score: 0.900
2025-08-29 15:42:14 -   AUC: 0.000
2025-08-29 15:42:14 -   Correct/Total: 49/51
2025-08-29 15:42:14 - Subject: sub-005
2025-08-29 15:42:14 -   Accuracy: 63.158%
2025-08-29 15:42:14 -   Precision: 0.000
2025-08-29 15:42:14 -   Recall: 0.000
2025-08-29 15:42:14 -   F1 Score: 0.000
2025-08-29 15:42:14 -   AUC: 0.000
2025-08-29 15:42:14 -   Correct/Total: 24/38
2025-08-29 15:42:14 - Subject: sub-006
2025-08-29 15:42:14 -   Accuracy: 71.429%
2025-08-29 15:42:14 -   Precision: 0.000
2025-08-29 15:42:14 -   Recall: 0.000
2025-08-29 15:42:14 -   F1 Score: 0.000
2025-08-29 15:42:14 -   AUC: 0.000
2025-08-29 15:42:14 -   Correct/Total: 30/42
2025-08-29 15:42:14 - Subject: sub-007
2025-08-29 15:42:14 -   Accuracy: 78.571%
2025-08-29 15:42:14 -   Precision: 0.500
2025-08-29 15:42:14 -   Recall: 0.167
2025-08-29 15:42:14 -   F1 Score: 0.250
2025-08-29 15:42:14 -   AUC: 0.000
2025-08-29 15:42:14 -   Correct/Total: 22/28
2025-08-29 15:42:14 - Subject: sub-008
2025-08-29 15:42:14 -   Accuracy: 69.231%
2025-08-29 15:42:14 -   Precision: 0.000
2025-08-29 15:42:14 -   Recall: 0.000
2025-08-29 15:42:14 -   F1 Score: 0.000
2025-08-29 15:42:14 -   AUC: 0.000
2025-08-29 15:42:14 -   Correct/Total: 27/39
2025-08-29 15:42:14 - Subject: sub-009
2025-08-29 15:42:14 -   Accuracy: 85.417%
2025-08-29 15:42:14 -   Precision: 0.800
2025-08-29 15:42:14 -   Recall: 0.400
2025-08-29 15:42:14 -   F1 Score: 0.533
2025-08-29 15:42:14 -   AUC: 0.000
2025-08-29 15:42:14 -   Correct/Total: 41/48
2025-08-29 15:42:14 - Subject: sub-010
2025-08-29 15:42:14 -   Accuracy: 74.419%
2025-08-29 15:42:14 -   Precision: 0.300
2025-08-29 15:42:14 -   Recall: 0.429
2025-08-29 15:42:14 -   F1 Score: 0.353
2025-08-29 15:42:14 -   AUC: 0.000
2025-08-29 15:42:14 -   Correct/Total: 32/43
2025-08-29 15:42:14 - Subject: sub-011
2025-08-29 15:42:14 -   Accuracy: 78.947%
2025-08-29 15:42:14 -   Precision: 0.556
2025-08-29 15:42:14 -   Recall: 0.556
2025-08-29 15:42:14 -   F1 Score: 0.556
2025-08-29 15:42:14 -   AUC: 0.000
2025-08-29 15:42:14 -   Correct/Total: 30/38
2025-08-29 15:42:14 - Subject: sub-012
2025-08-29 15:42:14 -   Accuracy: 83.721%
2025-08-29 15:42:14 -   Precision: 0.667
2025-08-29 15:42:14 -   Recall: 0.250
2025-08-29 15:42:14 -   F1 Score: 0.364
2025-08-29 15:42:14 -   AUC: 0.000
2025-08-29 15:42:14 -   Correct/Total: 36/43
2025-08-29 15:42:14 - Subject: sub-013
2025-08-29 15:42:14 -   Accuracy: 71.429%
2025-08-29 15:42:14 -   Precision: 0.333
2025-08-29 15:42:15 -   Recall: 0.250
2025-08-29 15:42:15 -   F1 Score: 0.286
2025-08-29 15:42:15 -   AUC: 0.000
2025-08-29 15:42:15 -   Correct/Total: 25/35
2025-08-29 15:42:15 - Subject: sub-014
2025-08-29 15:42:15 -   Accuracy: 72.222%
2025-08-29 15:42:15 -   Precision: 0.500
2025-08-29 15:42:15 -   Recall: 0.200
2025-08-29 15:42:15 -   F1 Score: 0.286
2025-08-29 15:42:15 -   AUC: 0.000
2025-08-29 15:42:15 -   Correct/Total: 26/36
2025-08-29 15:42:15 - Subject: sub-015
2025-08-29 15:42:15 -   Accuracy: 63.636%
2025-08-29 15:42:15 -   Precision: 0.286
2025-08-29 15:42:15 -   Recall: 0.222
2025-08-29 15:42:15 -   F1 Score: 0.250
2025-08-29 15:42:15 -   AUC: 0.000
2025-08-29 15:42:15 -   Correct/Total: 21/33
2025-08-29 15:42:15 - Subject: sub-016
2025-08-29 15:42:15 -   Accuracy: 94.286%
2025-08-29 15:42:15 -   Precision: 0.000
2025-08-29 15:42:15 -   Recall: 0.000
2025-08-29 15:42:15 -   F1 Score: 0.000
2025-08-29 15:42:15 -   AUC: 0.000
2025-08-29 15:42:15 -   Correct/Total: 33/35
2025-08-29 15:42:15 - Subject: sub-017
2025-08-29 15:42:15 -   Accuracy: 78.049%
2025-08-29 15:42:15 -   Precision: 0.667
2025-08-29 15:42:15 -   Recall: 0.364
2025-08-29 15:42:15 -   F1 Score: 0.471
2025-08-29 15:42:15 -   AUC: 0.000
2025-08-29 15:42:15 -   Correct/Total: 32/41
2025-08-29 15:42:15 - Subject: sub-018
2025-08-29 15:42:15 -   Accuracy: 89.744%
2025-08-29 15:42:15 -   Precision: 0.667
2025-08-29 15:42:15 -   Recall: 0.667
2025-08-29 15:42:15 -   F1 Score: 0.667
2025-08-29 15:42:15 -   AUC: 0.000
2025-08-29 15:42:15 -   Correct/Total: 35/39
2025-08-29 15:42:15 - Subject: sub-019
2025-08-29 15:42:15 -   Accuracy: 60.000%
2025-08-29 15:42:15 -   Precision: 0.250
2025-08-29 15:42:15 -   Recall: 0.250
2025-08-29 15:42:15 -   F1 Score: 0.250
2025-08-29 15:42:15 -   AUC: 0.000
2025-08-29 15:42:15 -   Correct/Total: 27/45
2025-08-29 15:42:15 - Subject: sub-020
2025-08-29 15:42:15 -   Accuracy: 73.684%
2025-08-29 15:42:15 -   Precision: 0.500
2025-08-29 15:42:15 -   Recall: 0.600
2025-08-29 15:42:15 -   F1 Score: 0.545
2025-08-29 15:42:15 -   AUC: 0.000
2025-08-29 15:42:15 -   Correct/Total: 28/38
2025-08-29 15:42:15 - Subject: sub-021
2025-08-29 15:42:15 -   Accuracy: 80.556%
2025-08-29 15:42:15 -   Precision: 0.200
2025-08-29 15:42:15 -   Recall: 0.250
2025-08-29 15:42:15 -   F1 Score: 0.222
2025-08-29 15:42:15 -   AUC: 0.000
2025-08-29 15:42:15 -   Correct/Total: 29/36
2025-08-29 15:42:15 - Subject: sub-022
2025-08-29 15:42:15 -   Accuracy: 78.261%
2025-08-29 15:42:15 -   Precision: 0.333
2025-08-29 15:42:15 -   Recall: 0.250
2025-08-29 15:42:15 -   F1 Score: 0.286
2025-08-29 15:42:15 -   AUC: 0.000
2025-08-29 15:42:15 -   Correct/Total: 36/46
2025-08-29 15:42:15 - Subject: sub-023
2025-08-29 15:42:15 -   Accuracy: 84.615%
2025-08-29 15:42:15 -   Precision: 0.333
2025-08-29 15:42:15 -   Recall: 0.200
2025-08-29 15:42:15 -   F1 Score: 0.250
2025-08-29 15:42:15 -   AUC: 0.000
2025-08-29 15:42:15 -   Correct/Total: 33/39
2025-08-29 15:42:15 - Subject: sub-024
2025-08-29 15:42:15 -   Accuracy: 80.488%
2025-08-29 15:42:15 -   Precision: 0.500
2025-08-29 15:42:15 -   Recall: 0.250
2025-08-29 15:42:15 -   F1 Score: 0.333
2025-08-29 15:42:15 -   AUC: 0.000
2025-08-29 15:42:15 -   Correct/Total: 33/41
2025-08-29 15:42:15 - Subject: sub-025
2025-08-29 15:42:15 -   Accuracy: 69.697%
2025-08-29 15:42:15 -   Precision: 0.000
2025-08-29 15:42:15 -   Recall: 0.000
2025-08-29 15:42:15 -   F1 Score: 0.000
2025-08-29 15:42:15 -   AUC: 0.000
2025-08-29 15:42:15 -   Correct/Total: 23/33
2025-08-29 15:42:15 - Subject: sub-026
2025-08-29 15:42:15 -   Accuracy: 79.070%
2025-08-29 15:42:15 -   Precision: 0.583
2025-08-29 15:42:15 -   Recall: 0.636
2025-08-29 15:42:15 -   F1 Score: 0.609
2025-08-29 15:42:15 -   AUC: 0.000
2025-08-29 15:42:15 -   Correct/Total: 34/43
2025-08-29 15:42:15 - Subject: sub-027
2025-08-29 15:42:15 -   Accuracy: 56.522%
2025-08-29 15:42:15 -   Precision: 1.000
2025-08-29 15:42:15 -   Recall: 0.167
2025-08-29 15:42:15 -   F1 Score: 0.286
2025-08-29 15:42:15 -   AUC: 0.000
2025-08-29 15:42:15 -   Correct/Total: 13/23
2025-08-29 15:42:15 - Subject: sub-028
2025-08-29 15:42:15 -   Accuracy: 73.171%
2025-08-29 15:42:15 -   Precision: 0.200
2025-08-29 15:42:15 -   Recall: 0.125
2025-08-29 15:42:15 -   F1 Score: 0.154
2025-08-29 15:42:15 -   AUC: 0.000
2025-08-29 15:42:15 -   Correct/Total: 30/41
2025-08-29 15:42:15 - Subject: sub-029
2025-08-29 15:42:15 -   Accuracy: 78.378%
2025-08-29 15:42:15 -   Precision: 0.286
2025-08-29 15:42:15 -   Recall: 0.400
2025-08-29 15:42:15 -   F1 Score: 0.333
2025-08-29 15:42:15 -   AUC: 0.000
2025-08-29 15:42:15 -   Correct/Total: 29/37
2025-08-29 15:42:15 - Subject: sub-030
2025-08-29 15:42:15 -   Accuracy: 67.442%
2025-08-29 15:42:15 -   Precision: 0.091
2025-08-29 15:42:15 -   Recall: 0.200
2025-08-29 15:42:15 -   F1 Score: 0.125
2025-08-29 15:42:15 -   AUC: 0.000
2025-08-29 15:42:15 -   Correct/Total: 29/43
2025-08-29 15:42:15 - Subject: sub-031
2025-08-29 15:42:15 -   Accuracy: 78.571%
2025-08-29 15:42:15 -   Precision: 0.333
2025-08-29 15:42:15 -   Recall: 0.800
2025-08-29 15:42:15 -   F1 Score: 0.471
2025-08-29 15:42:15 -   AUC: 0.000
2025-08-29 15:42:15 -   Correct/Total: 33/42
2025-08-29 15:42:15 - Subject: sub-032
2025-08-29 15:42:15 -   Accuracy: 80.952%
2025-08-29 15:42:15 -   Precision: 0.625
2025-08-29 15:42:15 -   Recall: 0.500
2025-08-29 15:42:15 -   F1 Score: 0.556
2025-08-29 15:42:15 -   AUC: 0.000
2025-08-29 15:42:15 -   Correct/Total: 34/42
2025-08-29 15:42:15 - Subject: sub-033
2025-08-29 15:42:15 -   Accuracy: 80.851%
2025-08-29 15:42:15 -   Precision: 0.600
2025-08-29 15:42:15 -   Recall: 0.545
2025-08-29 15:42:15 -   F1 Score: 0.571
2025-08-29 15:42:15 -   AUC: 0.000
2025-08-29 15:42:15 -   Correct/Total: 38/47
2025-08-29 15:42:15 - Subject: sub-034
2025-08-29 15:42:15 -   Accuracy: 79.070%
2025-08-29 15:42:15 -   Precision: 0.667
2025-08-29 15:42:15 -   Recall: 0.500
2025-08-29 15:42:15 -   F1 Score: 0.571
2025-08-29 15:42:15 -   AUC: 0.000
2025-08-29 15:42:15 -   Correct/Total: 34/43
2025-08-29 15:42:15 - Subject: sub-035
2025-08-29 15:42:15 -   Accuracy: 75.000%
2025-08-29 15:42:15 -   Precision: 0.250
2025-08-29 15:42:15 -   Recall: 0.286
2025-08-29 15:42:15 -   F1 Score: 0.267
2025-08-29 15:42:15 -   AUC: 0.000
2025-08-29 15:42:15 -   Correct/Total: 33/44
2025-08-29 15:42:15 - Subject: sub-036
2025-08-29 15:42:15 -   Accuracy: 63.158%
2025-08-29 15:42:15 -   Precision: 0.182
2025-08-29 15:42:15 -   Recall: 0.286
2025-08-29 15:42:15 -   F1 Score: 0.222
2025-08-29 15:42:15 -   AUC: 0.000
2025-08-29 15:42:15 -   Correct/Total: 24/38
2025-08-29 15:42:15 - Subject: sub-037
2025-08-29 15:42:15 -   Accuracy: 87.179%
2025-08-29 15:42:15 -   Precision: 0.400
2025-08-29 15:42:15 -   Recall: 0.500
2025-08-29 15:42:15 -   F1 Score: 0.444
2025-08-29 15:42:15 -   AUC: 0.000
2025-08-29 15:42:15 -   Correct/Total: 34/39
2025-08-29 15:42:15 - Subject: sub-038
2025-08-29 15:42:15 -   Accuracy: 79.487%
2025-08-29 15:42:15 -   Precision: 0.444
2025-08-29 15:42:15 -   Recall: 0.571
2025-08-29 15:42:15 -   F1 Score: 0.500
2025-08-29 15:42:15 -   AUC: 0.000
2025-08-29 15:42:15 -   Correct/Total: 31/39
2025-08-29 15:42:15 - Subject: sub-039
2025-08-29 15:42:15 -   Accuracy: 84.615%
2025-08-29 15:42:15 -   Precision: 0.500
2025-08-29 15:42:15 -   Recall: 0.333
2025-08-29 15:42:15 -   F1 Score: 0.400
2025-08-29 15:42:15 -   AUC: 0.000
2025-08-29 15:42:15 -   Correct/Total: 33/39
2025-08-29 15:42:15 - Subject: sub-040
2025-08-29 15:42:15 -   Accuracy: 67.442%
2025-08-29 15:42:15 -   Precision: 0.000
2025-08-29 15:42:15 -   Recall: 0.000
2025-08-29 15:42:15 -   F1 Score: 0.000
2025-08-29 15:42:15 -   AUC: 0.000
2025-08-29 15:42:15 -   Correct/Total: 29/43
2025-08-29 15:42:15 - 
P3 Pooled Model Statistics:
2025-08-29 15:42:15 - Mean Accuracy: 0.764
2025-08-29 15:42:15 - 95% Confidence Interval: [0.735, 0.792]
2025-08-29 15:42:15 - Best Subject: sub-004 (0.961)
2025-08-29 15:42:15 - Worst Subject: sub-027 (0.565)
