2025-08-29 14:20:22 - 
Experiment Configuration:
2025-08-29 14:20:22 - --------------------------------------------------
2025-08-29 14:20:22 - dataset: P3 Raw Data BIDS-Compatible
2025-08-29 14:20:22 - use_combined_datasets: False
2025-08-29 14:20:22 - electrode_list: common
2025-08-29 14:20:22 - classifier: ShallowFBCSPNet
2025-08-29 14:20:22 - separate_subject_classification: False
2025-08-29 14:20:22 - use_subject_layer: False
2025-08-29 14:20:22 - seeds: [1]
2025-08-29 14:20:22 - --------------------------------------------------
2025-08-29 14:20:22 - 
==================================================
2025-08-29 14:20:22 - Processing P3 Dataset
2025-08-29 14:20:22 - ==================================================
2025-08-29 14:23:17 - Subject: sub-001
2025-08-29 14:23:17 -   Accuracy: 79.487%
2025-08-29 14:23:17 -   Precision: 0.500
2025-08-29 14:23:17 -   Recall: 0.375
2025-08-29 14:23:17 -   F1 Score: 0.429
2025-08-29 14:23:17 -   AUC: 0.000
2025-08-29 14:23:17 -   Correct/Total: 31/39
2025-08-29 14:23:17 - Subject: sub-002
2025-08-29 14:23:17 -   Accuracy: 87.097%
2025-08-29 14:23:17 -   Precision: 0.333
2025-08-29 14:23:17 -   Recall: 0.333
2025-08-29 14:23:17 -   F1 Score: 0.333
2025-08-29 14:23:17 -   AUC: 0.000
2025-08-29 14:23:17 -   Correct/Total: 27/31
2025-08-29 14:23:17 - Subject: sub-003
2025-08-29 14:23:17 -   Accuracy: 81.633%
2025-08-29 14:23:17 -   Precision: 0.000
2025-08-29 14:23:17 -   Recall: 0.000
2025-08-29 14:23:17 -   F1 Score: 0.000
2025-08-29 14:23:17 -   AUC: 0.000
2025-08-29 14:23:17 -   Correct/Total: 40/49
2025-08-29 14:23:17 - Subject: sub-004
2025-08-29 14:23:17 -   Accuracy: 90.909%
2025-08-29 14:23:17 -   Precision: 1.000
2025-08-29 14:23:17 -   Recall: 0.600
2025-08-29 14:23:17 -   F1 Score: 0.750
2025-08-29 14:23:17 -   AUC: 0.000
2025-08-29 14:23:17 -   Correct/Total: 40/44
2025-08-29 14:23:17 - Subject: sub-005
2025-08-29 14:23:17 -   Accuracy: 77.419%
2025-08-29 14:23:17 -   Precision: 0.000
2025-08-29 14:23:17 -   Recall: 0.000
2025-08-29 14:23:17 -   F1 Score: 0.000
2025-08-29 14:23:17 -   AUC: 0.000
2025-08-29 14:23:17 -   Correct/Total: 24/31
2025-08-29 14:23:17 - Subject: sub-006
2025-08-29 14:23:17 -   Accuracy: 78.571%
2025-08-29 14:23:17 -   Precision: 0.000
2025-08-29 14:23:17 -   Recall: 0.000
2025-08-29 14:23:17 -   F1 Score: 0.000
2025-08-29 14:23:17 -   AUC: 0.000
2025-08-29 14:23:17 -   Correct/Total: 33/42
2025-08-29 14:23:17 - Subject: sub-007
2025-08-29 14:23:17 -   Accuracy: 79.070%
2025-08-29 14:23:17 -   Precision: 0.000
2025-08-29 14:23:17 -   Recall: 0.000
2025-08-29 14:23:17 -   F1 Score: 0.000
2025-08-29 14:23:17 -   AUC: 0.000
2025-08-29 14:23:17 -   Correct/Total: 34/43
2025-08-29 14:23:17 - Subject: sub-008
2025-08-29 14:23:17 -   Accuracy: 78.947%
2025-08-29 14:23:17 -   Precision: 1.000
2025-08-29 14:23:17 -   Recall: 0.111
2025-08-29 14:23:17 -   F1 Score: 0.200
2025-08-29 14:23:17 -   AUC: 0.000
2025-08-29 14:23:17 -   Correct/Total: 30/38
2025-08-29 14:23:17 - Subject: sub-009
2025-08-29 14:23:17 -   Accuracy: 77.551%
2025-08-29 14:23:17 -   Precision: 0.000
2025-08-29 14:23:17 -   Recall: 0.000
2025-08-29 14:23:17 -   F1 Score: 0.000
2025-08-29 14:23:17 -   AUC: 0.000
2025-08-29 14:23:17 -   Correct/Total: 38/49
2025-08-29 14:23:17 - Subject: sub-010
2025-08-29 14:23:17 -   Accuracy: 83.784%
2025-08-29 14:23:17 -   Precision: 0.600
2025-08-29 14:23:17 -   Recall: 0.429
2025-08-29 14:23:17 -   F1 Score: 0.500
2025-08-29 14:23:17 -   AUC: 0.000
2025-08-29 14:23:17 -   Correct/Total: 31/37
2025-08-29 14:23:17 - Subject: sub-011
2025-08-29 14:23:17 -   Accuracy: 81.395%
2025-08-29 14:23:17 -   Precision: 1.000
2025-08-29 14:23:17 -   Recall: 0.111
2025-08-29 14:23:17 -   F1 Score: 0.200
2025-08-29 14:23:17 -   AUC: 0.000
2025-08-29 14:23:17 -   Correct/Total: 35/43
2025-08-29 14:23:17 - Subject: sub-012
2025-08-29 14:23:17 -   Accuracy: 74.359%
2025-08-29 14:23:17 -   Precision: 0.667
2025-08-29 14:23:17 -   Recall: 0.182
2025-08-29 14:23:17 -   F1 Score: 0.286
2025-08-29 14:23:17 -   AUC: 0.000
2025-08-29 14:23:17 -   Correct/Total: 29/39
2025-08-29 14:23:17 - Subject: sub-013
2025-08-29 14:23:17 -   Accuracy: 70.455%
2025-08-29 14:23:17 -   Precision: 0.000
2025-08-29 14:23:17 -   Recall: 0.000
2025-08-29 14:23:17 -   F1 Score: 0.000
2025-08-29 14:23:17 -   AUC: 0.000
2025-08-29 14:23:17 -   Correct/Total: 31/44
2025-08-29 14:23:17 - Subject: sub-014
2025-08-29 14:23:17 -   Accuracy: 75.758%
2025-08-29 14:23:17 -   Precision: 0.143
2025-08-29 14:23:17 -   Recall: 0.333
2025-08-29 14:23:17 -   F1 Score: 0.200
2025-08-29 14:23:17 -   AUC: 0.000
2025-08-29 14:23:17 -   Correct/Total: 25/33
2025-08-29 14:23:17 - Subject: sub-015
2025-08-29 14:23:17 -   Accuracy: 79.412%
2025-08-29 14:23:17 -   Precision: 0.571
2025-08-29 14:23:17 -   Recall: 0.500
2025-08-29 14:23:17 -   F1 Score: 0.533
2025-08-29 14:23:17 -   AUC: 0.000
2025-08-29 14:23:17 -   Correct/Total: 27/34
2025-08-29 14:23:17 - Subject: sub-016
2025-08-29 14:23:17 -   Accuracy: 78.947%
2025-08-29 14:23:17 -   Precision: 0.800
2025-08-29 14:23:17 -   Recall: 0.364
2025-08-29 14:23:17 -   F1 Score: 0.500
2025-08-29 14:23:17 -   AUC: 0.000
2025-08-29 14:23:17 -   Correct/Total: 30/38
2025-08-29 14:23:17 - Subject: sub-017
2025-08-29 14:23:17 -   Accuracy: 78.049%
2025-08-29 14:23:17 -   Precision: 0.500
2025-08-29 14:23:17 -   Recall: 0.333
2025-08-29 14:23:17 -   F1 Score: 0.400
2025-08-29 14:23:17 -   AUC: 0.000
2025-08-29 14:23:17 -   Correct/Total: 32/41
2025-08-29 14:23:17 - Subject: sub-018
2025-08-29 14:23:17 -   Accuracy: 80.556%
2025-08-29 14:23:17 -   Precision: 0.500
2025-08-29 14:23:17 -   Recall: 0.286
2025-08-29 14:23:17 -   F1 Score: 0.364
2025-08-29 14:23:17 -   AUC: 0.000
2025-08-29 14:23:17 -   Correct/Total: 29/36
2025-08-29 14:23:17 - Subject: sub-019
2025-08-29 14:23:17 -   Accuracy: 61.765%
2025-08-29 14:23:17 -   Precision: 0.000
2025-08-29 14:23:17 -   Recall: 0.000
2025-08-29 14:23:17 -   F1 Score: 0.000
2025-08-29 14:23:17 -   AUC: 0.000
2025-08-29 14:23:17 -   Correct/Total: 21/34
2025-08-29 14:23:17 - Subject: sub-020
2025-08-29 14:23:17 -   Accuracy: 74.359%
2025-08-29 14:23:17 -   Precision: 0.000
2025-08-29 14:23:17 -   Recall: 0.000
2025-08-29 14:23:17 -   F1 Score: 0.000
2025-08-29 14:23:17 -   AUC: 0.000
2025-08-29 14:23:17 -   Correct/Total: 29/39
2025-08-29 14:23:17 - Subject: sub-021
2025-08-29 14:23:17 -   Accuracy: 84.091%
2025-08-29 14:23:17 -   Precision: 0.000
2025-08-29 14:23:17 -   Recall: 0.000
2025-08-29 14:23:17 -   F1 Score: 0.000
2025-08-29 14:23:17 -   AUC: 0.000
2025-08-29 14:23:17 -   Correct/Total: 37/44
2025-08-29 14:23:17 - Subject: sub-022
2025-08-29 14:23:17 -   Accuracy: 76.190%
2025-08-29 14:23:17 -   Precision: 0.364
2025-08-29 14:23:17 -   Recall: 0.571
2025-08-29 14:23:17 -   F1 Score: 0.444
2025-08-29 14:23:17 -   AUC: 0.000
2025-08-29 14:23:17 -   Correct/Total: 32/42
2025-08-29 14:23:17 - Subject: sub-023
2025-08-29 14:23:17 -   Accuracy: 86.842%
2025-08-29 14:23:17 -   Precision: 1.000
2025-08-29 14:23:17 -   Recall: 0.167
2025-08-29 14:23:17 -   F1 Score: 0.286
2025-08-29 14:23:17 -   AUC: 0.000
2025-08-29 14:23:17 -   Correct/Total: 33/38
2025-08-29 14:23:17 - Subject: sub-024
2025-08-29 14:23:17 -   Accuracy: 72.500%
2025-08-29 14:23:17 -   Precision: 0.250
2025-08-29 14:23:17 -   Recall: 0.111
2025-08-29 14:23:17 -   F1 Score: 0.154
2025-08-29 14:23:17 -   AUC: 0.000
2025-08-29 14:23:17 -   Correct/Total: 29/40
2025-08-29 14:23:17 - Subject: sub-025
2025-08-29 14:23:17 -   Accuracy: 64.444%
2025-08-29 14:23:17 -   Precision: 0.143
2025-08-29 14:23:17 -   Recall: 0.091
2025-08-29 14:23:17 -   F1 Score: 0.111
2025-08-29 14:23:17 -   AUC: 0.000
2025-08-29 14:23:17 -   Correct/Total: 29/45
2025-08-29 14:23:17 - Subject: sub-026
2025-08-29 14:23:17 -   Accuracy: 86.842%
2025-08-29 14:23:17 -   Precision: 0.625
2025-08-29 14:23:17 -   Recall: 0.714
2025-08-29 14:23:17 -   F1 Score: 0.667
2025-08-29 14:23:17 -   AUC: 0.000
2025-08-29 14:23:17 -   Correct/Total: 33/38
2025-08-29 14:23:17 - Subject: sub-027
2025-08-29 14:23:17 -   Accuracy: 71.053%
2025-08-29 14:23:17 -   Precision: 1.000
2025-08-29 14:23:17 -   Recall: 0.083
2025-08-29 14:23:17 -   F1 Score: 0.154
2025-08-29 14:23:17 -   AUC: 0.000
2025-08-29 14:23:17 -   Correct/Total: 27/38
2025-08-29 14:23:17 - Subject: sub-028
2025-08-29 14:23:17 -   Accuracy: 87.500%
2025-08-29 14:23:17 -   Precision: 0.333
2025-08-29 14:23:17 -   Recall: 0.500
2025-08-29 14:23:17 -   F1 Score: 0.400
2025-08-29 14:23:17 -   AUC: 0.000
2025-08-29 14:23:17 -   Correct/Total: 42/48
2025-08-29 14:23:17 - Subject: sub-029
2025-08-29 14:23:17 -   Accuracy: 84.000%
2025-08-29 14:23:17 -   Precision: 0.571
2025-08-29 14:23:17 -   Recall: 0.444
2025-08-29 14:23:17 -   F1 Score: 0.500
2025-08-29 14:23:17 -   AUC: 0.000
2025-08-29 14:23:17 -   Correct/Total: 42/50
2025-08-29 14:23:17 - Subject: sub-030
2025-08-29 14:23:17 -   Accuracy: 93.878%
2025-08-29 14:23:17 -   Precision: 1.000
2025-08-29 14:23:17 -   Recall: 0.625
2025-08-29 14:23:17 -   F1 Score: 0.769
2025-08-29 14:23:17 -   AUC: 0.000
2025-08-29 14:23:17 -   Correct/Total: 46/49
2025-08-29 14:23:17 - Subject: sub-031
2025-08-29 14:23:17 -   Accuracy: 75.000%
2025-08-29 14:23:17 -   Precision: 0.000
2025-08-29 14:23:17 -   Recall: 0.000
2025-08-29 14:23:17 -   F1 Score: 0.000
2025-08-29 14:23:17 -   AUC: 0.000
2025-08-29 14:23:17 -   Correct/Total: 27/36
2025-08-29 14:23:17 - Subject: sub-032
2025-08-29 14:23:17 -   Accuracy: 82.051%
2025-08-29 14:23:17 -   Precision: 0.750
2025-08-29 14:23:17 -   Recall: 0.545
2025-08-29 14:23:17 -   F1 Score: 0.632
2025-08-29 14:23:17 -   AUC: 0.000
2025-08-29 14:23:17 -   Correct/Total: 32/39
2025-08-29 14:23:17 - Subject: sub-033
2025-08-29 14:23:17 -   Accuracy: 76.471%
2025-08-29 14:23:17 -   Precision: 0.667
2025-08-29 14:23:17 -   Recall: 0.400
2025-08-29 14:23:17 -   F1 Score: 0.500
2025-08-29 14:23:17 -   AUC: 0.000
2025-08-29 14:23:17 -   Correct/Total: 26/34
2025-08-29 14:23:17 - Subject: sub-034
2025-08-29 14:23:17 -   Accuracy: 87.500%
2025-08-29 14:23:17 -   Precision: 0.500
2025-08-29 14:23:17 -   Recall: 0.200
2025-08-29 14:23:17 -   F1 Score: 0.286
2025-08-29 14:23:17 -   AUC: 0.000
2025-08-29 14:23:17 -   Correct/Total: 35/40
2025-08-29 14:23:17 - Subject: sub-035
2025-08-29 14:23:17 -   Accuracy: 85.000%
2025-08-29 14:23:17 -   Precision: 0.500
2025-08-29 14:23:17 -   Recall: 0.167
2025-08-29 14:23:17 -   F1 Score: 0.250
2025-08-29 14:23:17 -   AUC: 0.000
2025-08-29 14:23:17 -   Correct/Total: 34/40
2025-08-29 14:23:17 - Subject: sub-036
2025-08-29 14:23:17 -   Accuracy: 76.744%
2025-08-29 14:23:17 -   Precision: 0.400
2025-08-29 14:23:17 -   Recall: 0.222
2025-08-29 14:23:17 -   F1 Score: 0.286
2025-08-29 14:23:17 -   AUC: 0.000
2025-08-29 14:23:17 -   Correct/Total: 33/43
2025-08-29 14:23:17 - Subject: sub-037
2025-08-29 14:23:17 -   Accuracy: 80.000%
2025-08-29 14:23:17 -   Precision: 0.000
2025-08-29 14:23:17 -   Recall: 0.000
2025-08-29 14:23:17 -   F1 Score: 0.000
2025-08-29 14:23:17 -   AUC: 0.000
2025-08-29 14:23:17 -   Correct/Total: 24/30
2025-08-29 14:23:17 - Subject: sub-038
2025-08-29 14:23:17 -   Accuracy: 83.333%
2025-08-29 14:23:17 -   Precision: 0.556
2025-08-29 14:23:17 -   Recall: 0.714
2025-08-29 14:23:17 -   F1 Score: 0.625
2025-08-29 14:23:17 -   AUC: 0.000
2025-08-29 14:23:17 -   Correct/Total: 30/36
2025-08-29 14:23:17 - Subject: sub-039
2025-08-29 14:23:17 -   Accuracy: 80.000%
2025-08-29 14:23:17 -   Precision: 0.000
2025-08-29 14:23:17 -   Recall: 0.000
2025-08-29 14:23:17 -   F1 Score: 0.000
2025-08-29 14:23:17 -   AUC: 0.000
2025-08-29 14:23:17 -   Correct/Total: 24/30
2025-08-29 14:23:17 - Subject: sub-040
2025-08-29 14:23:17 -   Accuracy: 81.250%
2025-08-29 14:23:17 -   Precision: 0.500
2025-08-29 14:23:17 -   Recall: 0.333
2025-08-29 14:23:17 -   F1 Score: 0.400
2025-08-29 14:23:17 -   AUC: 0.000
2025-08-29 14:23:17 -   Correct/Total: 39/48
2025-08-29 14:23:17 - 
P3 Pooled Model Statistics:
2025-08-29 14:23:17 - Mean Accuracy: 0.796
2025-08-29 14:23:17 - 95% Confidence Interval: [0.775, 0.817]
2025-08-29 14:23:17 - Best Subject: sub-030 (0.939)
2025-08-29 14:23:17 - Worst Subject: sub-019 (0.618)
