2025-08-29 14:34:29 - 
Experiment Configuration:
2025-08-29 14:34:29 - --------------------------------------------------
2025-08-29 14:34:29 - dataset: P3 Raw Data BIDS-Compatible
2025-08-29 14:34:29 - use_combined_datasets: False
2025-08-29 14:34:29 - electrode_list: all
2025-08-29 14:34:29 - classifier: lda
2025-08-29 14:34:29 - separate_subject_classification: False
2025-08-29 14:34:29 - use_subject_layer: False
2025-08-29 14:34:29 - seeds: [1]
2025-08-29 14:34:29 - --------------------------------------------------
2025-08-29 14:34:29 - 
==================================================
2025-08-29 14:34:29 - Processing P3 Dataset
2025-08-29 14:34:29 - ==================================================
2025-08-29 14:35:41 - Subject: sub-001
2025-08-29 14:35:41 -   Accuracy: 80.556%
2025-08-29 14:35:41 -   Precision: 0.000
2025-08-29 14:35:41 -   Recall: 0.000
2025-08-29 14:35:41 -   F1 Score: 0.000
2025-08-29 14:35:41 -   AUC: 0.000
2025-08-29 14:35:41 -   Correct/Total: 29/36
2025-08-29 14:35:41 - Subject: sub-002
2025-08-29 14:35:41 -   Accuracy: 90.625%
2025-08-29 14:35:41 -   Precision: 0.000
2025-08-29 14:35:41 -   Recall: 0.000
2025-08-29 14:35:41 -   F1 Score: 0.000
2025-08-29 14:35:41 -   AUC: 0.000
2025-08-29 14:35:41 -   Correct/Total: 29/32
2025-08-29 14:35:41 - Subject: sub-003
2025-08-29 14:35:41 -   Accuracy: 78.261%
2025-08-29 14:35:41 -   Precision: 0.000
2025-08-29 14:35:41 -   Recall: 0.000
2025-08-29 14:35:41 -   F1 Score: 0.000
2025-08-29 14:35:41 -   AUC: 0.000
2025-08-29 14:35:41 -   Correct/Total: 36/46
2025-08-29 14:35:41 - Subject: sub-004
2025-08-29 14:35:41 -   Accuracy: 77.143%
2025-08-29 14:35:41 -   Precision: 0.000
2025-08-29 14:35:41 -   Recall: 0.000
2025-08-29 14:35:41 -   F1 Score: 0.000
2025-08-29 14:35:41 -   AUC: 0.000
2025-08-29 14:35:41 -   Correct/Total: 27/35
2025-08-29 14:35:41 - Subject: sub-005
2025-08-29 14:35:41 -   Accuracy: 74.286%
2025-08-29 14:35:41 -   Precision: 0.000
2025-08-29 14:35:41 -   Recall: 0.000
2025-08-29 14:35:41 -   F1 Score: 0.000
2025-08-29 14:35:41 -   AUC: 0.000
2025-08-29 14:35:41 -   Correct/Total: 26/35
2025-08-29 14:35:41 - Subject: sub-006
2025-08-29 14:35:41 -   Accuracy: 78.261%
2025-08-29 14:35:41 -   Precision: 0.000
2025-08-29 14:35:41 -   Recall: 0.000
2025-08-29 14:35:41 -   F1 Score: 0.000
2025-08-29 14:35:41 -   AUC: 0.000
2025-08-29 14:35:41 -   Correct/Total: 36/46
2025-08-29 14:35:41 - Subject: sub-007
2025-08-29 14:35:41 -   Accuracy: 70.968%
2025-08-29 14:35:41 -   Precision: 0.000
2025-08-29 14:35:41 -   Recall: 0.000
2025-08-29 14:35:41 -   F1 Score: 0.000
2025-08-29 14:35:41 -   AUC: 0.000
2025-08-29 14:35:41 -   Correct/Total: 22/31
2025-08-29 14:35:41 - Subject: sub-008
2025-08-29 14:35:41 -   Accuracy: 64.865%
2025-08-29 14:35:41 -   Precision: 0.000
2025-08-29 14:35:41 -   Recall: 0.000
2025-08-29 14:35:41 -   F1 Score: 0.000
2025-08-29 14:35:41 -   AUC: 0.000
2025-08-29 14:35:41 -   Correct/Total: 24/37
2025-08-29 14:35:41 - Subject: sub-009
2025-08-29 14:35:41 -   Accuracy: 74.286%
2025-08-29 14:35:41 -   Precision: 0.000
2025-08-29 14:35:41 -   Recall: 0.000
2025-08-29 14:35:41 -   F1 Score: 0.000
2025-08-29 14:35:41 -   AUC: 0.000
2025-08-29 14:35:41 -   Correct/Total: 26/35
2025-08-29 14:35:41 - Subject: sub-010
2025-08-29 14:35:41 -   Accuracy: 75.610%
2025-08-29 14:35:41 -   Precision: 0.000
2025-08-29 14:35:41 -   Recall: 0.000
2025-08-29 14:35:41 -   F1 Score: 0.000
2025-08-29 14:35:41 -   AUC: 0.000
2025-08-29 14:35:41 -   Correct/Total: 31/41
2025-08-29 14:35:41 - Subject: sub-011
2025-08-29 14:35:41 -   Accuracy: 75.000%
2025-08-29 14:35:41 -   Precision: 0.000
2025-08-29 14:35:41 -   Recall: 0.000
2025-08-29 14:35:41 -   F1 Score: 0.000
2025-08-29 14:35:41 -   AUC: 0.000
2025-08-29 14:35:41 -   Correct/Total: 27/36
2025-08-29 14:35:41 - Subject: sub-012
2025-08-29 14:35:41 -   Accuracy: 80.435%
2025-08-29 14:35:41 -   Precision: 0.000
2025-08-29 14:35:41 -   Recall: 0.000
2025-08-29 14:35:41 -   F1 Score: 0.000
2025-08-29 14:35:41 -   AUC: 0.000
2025-08-29 14:35:41 -   Correct/Total: 37/46
2025-08-29 14:35:41 - Subject: sub-013
2025-08-29 14:35:41 -   Accuracy: 86.667%
2025-08-29 14:35:41 -   Precision: 0.000
2025-08-29 14:35:41 -   Recall: 0.000
2025-08-29 14:35:41 -   F1 Score: 0.000
2025-08-29 14:35:41 -   AUC: 0.000
2025-08-29 14:35:41 -   Correct/Total: 39/45
2025-08-29 14:35:41 - Subject: sub-014
2025-08-29 14:35:41 -   Accuracy: 73.171%
2025-08-29 14:35:41 -   Precision: 0.000
2025-08-29 14:35:41 -   Recall: 0.000
2025-08-29 14:35:41 -   F1 Score: 0.000
2025-08-29 14:35:41 -   AUC: 0.000
2025-08-29 14:35:41 -   Correct/Total: 30/41
2025-08-29 14:35:41 - Subject: sub-015
2025-08-29 14:35:41 -   Accuracy: 77.500%
2025-08-29 14:35:41 -   Precision: 0.000
2025-08-29 14:35:41 -   Recall: 0.000
2025-08-29 14:35:41 -   F1 Score: 0.000
2025-08-29 14:35:41 -   AUC: 0.000
2025-08-29 14:35:41 -   Correct/Total: 31/40
2025-08-29 14:35:41 - Subject: sub-016
2025-08-29 14:35:41 -   Accuracy: 60.606%
2025-08-29 14:35:41 -   Precision: 0.000
2025-08-29 14:35:41 -   Recall: 0.000
2025-08-29 14:35:41 -   F1 Score: 0.000
2025-08-29 14:35:41 -   AUC: 0.000
2025-08-29 14:35:41 -   Correct/Total: 20/33
2025-08-29 14:35:41 - Subject: sub-017
2025-08-29 14:35:41 -   Accuracy: 78.431%
2025-08-29 14:35:41 -   Precision: 0.000
2025-08-29 14:35:41 -   Recall: 0.000
2025-08-29 14:35:41 -   F1 Score: 0.000
2025-08-29 14:35:41 -   AUC: 0.000
2025-08-29 14:35:41 -   Correct/Total: 40/51
2025-08-29 14:35:41 - Subject: sub-018
2025-08-29 14:35:41 -   Accuracy: 76.190%
2025-08-29 14:35:41 -   Precision: 0.000
2025-08-29 14:35:41 -   Recall: 0.000
2025-08-29 14:35:41 -   F1 Score: 0.000
2025-08-29 14:35:41 -   AUC: 0.000
2025-08-29 14:35:41 -   Correct/Total: 32/42
2025-08-29 14:35:41 - Subject: sub-019
2025-08-29 14:35:41 -   Accuracy: 81.250%
2025-08-29 14:35:41 -   Precision: 0.000
2025-08-29 14:35:41 -   Recall: 0.000
2025-08-29 14:35:41 -   F1 Score: 0.000
2025-08-29 14:35:41 -   AUC: 0.000
2025-08-29 14:35:41 -   Correct/Total: 39/48
2025-08-29 14:35:41 - Subject: sub-020
2025-08-29 14:35:41 -   Accuracy: 76.744%
2025-08-29 14:35:41 -   Precision: 0.000
2025-08-29 14:35:41 -   Recall: 0.000
2025-08-29 14:35:41 -   F1 Score: 0.000
2025-08-29 14:35:41 -   AUC: 0.000
2025-08-29 14:35:41 -   Correct/Total: 33/43
2025-08-29 14:35:41 - Subject: sub-021
2025-08-29 14:35:41 -   Accuracy: 74.286%
2025-08-29 14:35:41 -   Precision: 0.000
2025-08-29 14:35:41 -   Recall: 0.000
2025-08-29 14:35:41 -   F1 Score: 0.000
2025-08-29 14:35:41 -   AUC: 0.000
2025-08-29 14:35:41 -   Correct/Total: 26/35
2025-08-29 14:35:41 - Subject: sub-022
2025-08-29 14:35:41 -   Accuracy: 83.784%
2025-08-29 14:35:41 -   Precision: 0.000
2025-08-29 14:35:41 -   Recall: 0.000
2025-08-29 14:35:41 -   F1 Score: 0.000
2025-08-29 14:35:41 -   AUC: 0.000
2025-08-29 14:35:41 -   Correct/Total: 31/37
2025-08-29 14:35:41 - Subject: sub-023
2025-08-29 14:35:41 -   Accuracy: 72.727%
2025-08-29 14:35:41 -   Precision: 0.000
2025-08-29 14:35:41 -   Recall: 0.000
2025-08-29 14:35:41 -   F1 Score: 0.000
2025-08-29 14:35:41 -   AUC: 0.000
2025-08-29 14:35:41 -   Correct/Total: 24/33
2025-08-29 14:35:41 - Subject: sub-024
2025-08-29 14:35:41 -   Accuracy: 82.500%
2025-08-29 14:35:41 -   Precision: 0.000
2025-08-29 14:35:41 -   Recall: 0.000
2025-08-29 14:35:41 -   F1 Score: 0.000
2025-08-29 14:35:41 -   AUC: 0.000
2025-08-29 14:35:41 -   Correct/Total: 33/40
2025-08-29 14:35:41 - Subject: sub-025
2025-08-29 14:35:41 -   Accuracy: 80.488%
2025-08-29 14:35:41 -   Precision: 0.000
2025-08-29 14:35:41 -   Recall: 0.000
2025-08-29 14:35:41 -   F1 Score: 0.000
2025-08-29 14:35:41 -   AUC: 0.000
2025-08-29 14:35:41 -   Correct/Total: 33/41
2025-08-29 14:35:41 - Subject: sub-026
2025-08-29 14:35:41 -   Accuracy: 88.889%
2025-08-29 14:35:41 -   Precision: 0.000
2025-08-29 14:35:41 -   Recall: 0.000
2025-08-29 14:35:41 -   F1 Score: 0.000
2025-08-29 14:35:41 -   AUC: 0.000
2025-08-29 14:35:41 -   Correct/Total: 32/36
2025-08-29 14:35:41 - Subject: sub-027
2025-08-29 14:35:41 -   Accuracy: 72.500%
2025-08-29 14:35:41 -   Precision: 0.000
2025-08-29 14:35:41 -   Recall: 0.000
2025-08-29 14:35:41 -   F1 Score: 0.000
2025-08-29 14:35:41 -   AUC: 0.000
2025-08-29 14:35:41 -   Correct/Total: 29/40
2025-08-29 14:35:41 - Subject: sub-028
2025-08-29 14:35:41 -   Accuracy: 76.923%
2025-08-29 14:35:41 -   Precision: 0.000
2025-08-29 14:35:41 -   Recall: 0.000
2025-08-29 14:35:41 -   F1 Score: 0.000
2025-08-29 14:35:41 -   AUC: 0.000
2025-08-29 14:35:41 -   Correct/Total: 30/39
2025-08-29 14:35:41 - Subject: sub-029
2025-08-29 14:35:41 -   Accuracy: 80.000%
2025-08-29 14:35:41 -   Precision: 0.000
2025-08-29 14:35:41 -   Recall: 0.000
2025-08-29 14:35:41 -   F1 Score: 0.000
2025-08-29 14:35:41 -   AUC: 0.000
2025-08-29 14:35:41 -   Correct/Total: 32/40
2025-08-29 14:35:41 - Subject: sub-030
2025-08-29 14:35:41 -   Accuracy: 65.909%
2025-08-29 14:35:41 -   Precision: 0.000
2025-08-29 14:35:41 -   Recall: 0.000
2025-08-29 14:35:41 -   F1 Score: 0.000
2025-08-29 14:35:41 -   AUC: 0.000
2025-08-29 14:35:41 -   Correct/Total: 29/44
2025-08-29 14:35:41 - Subject: sub-031
2025-08-29 14:35:41 -   Accuracy: 73.810%
2025-08-29 14:35:41 -   Precision: 0.000
2025-08-29 14:35:41 -   Recall: 0.000
2025-08-29 14:35:41 -   F1 Score: 0.000
2025-08-29 14:35:41 -   AUC: 0.000
2025-08-29 14:35:41 -   Correct/Total: 31/42
2025-08-29 14:35:41 - Subject: sub-032
2025-08-29 14:35:41 -   Accuracy: 89.189%
2025-08-29 14:35:41 -   Precision: 0.000
2025-08-29 14:35:41 -   Recall: 0.000
2025-08-29 14:35:41 -   F1 Score: 0.000
2025-08-29 14:35:41 -   AUC: 0.000
2025-08-29 14:35:41 -   Correct/Total: 33/37
2025-08-29 14:35:41 - Subject: sub-033
2025-08-29 14:35:41 -   Accuracy: 81.579%
2025-08-29 14:35:41 -   Precision: 0.000
2025-08-29 14:35:41 -   Recall: 0.000
2025-08-29 14:35:41 -   F1 Score: 0.000
2025-08-29 14:35:41 -   AUC: 0.000
2025-08-29 14:35:41 -   Correct/Total: 31/38
2025-08-29 14:35:41 - Subject: sub-034
2025-08-29 14:35:41 -   Accuracy: 91.176%
2025-08-29 14:35:41 -   Precision: 0.000
2025-08-29 14:35:41 -   Recall: 0.000
2025-08-29 14:35:41 -   F1 Score: 0.000
2025-08-29 14:35:41 -   AUC: 0.000
2025-08-29 14:35:41 -   Correct/Total: 31/34
2025-08-29 14:35:41 - Subject: sub-035
2025-08-29 14:35:41 -   Accuracy: 65.789%
2025-08-29 14:35:41 -   Precision: 0.000
2025-08-29 14:35:41 -   Recall: 0.000
2025-08-29 14:35:41 -   F1 Score: 0.000
2025-08-29 14:35:41 -   AUC: 0.000
2025-08-29 14:35:41 -   Correct/Total: 25/38
2025-08-29 14:35:41 - Subject: sub-036
2025-08-29 14:35:41 -   Accuracy: 81.395%
2025-08-29 14:35:41 -   Precision: 0.000
2025-08-29 14:35:41 -   Recall: 0.000
2025-08-29 14:35:41 -   F1 Score: 0.000
2025-08-29 14:35:41 -   AUC: 0.000
2025-08-29 14:35:41 -   Correct/Total: 35/43
2025-08-29 14:35:41 - Subject: sub-037
2025-08-29 14:35:41 -   Accuracy: 74.468%
2025-08-29 14:35:41 -   Precision: 0.000
2025-08-29 14:35:41 -   Recall: 0.000
2025-08-29 14:35:41 -   F1 Score: 0.000
2025-08-29 14:35:41 -   AUC: 0.000
2025-08-29 14:35:41 -   Correct/Total: 35/47
2025-08-29 14:35:41 - Subject: sub-038
2025-08-29 14:35:41 -   Accuracy: 75.000%
2025-08-29 14:35:41 -   Precision: 0.000
2025-08-29 14:35:41 -   Recall: 0.000
2025-08-29 14:35:41 -   F1 Score: 0.000
2025-08-29 14:35:41 -   AUC: 0.000
2025-08-29 14:35:41 -   Correct/Total: 36/48
2025-08-29 14:35:41 - Subject: sub-039
2025-08-29 14:35:41 -   Accuracy: 71.111%
2025-08-29 14:35:41 -   Precision: 0.000
2025-08-29 14:35:41 -   Recall: 0.000
2025-08-29 14:35:41 -   F1 Score: 0.000
2025-08-29 14:35:41 -   AUC: 0.000
2025-08-29 14:35:41 -   Correct/Total: 32/45
2025-08-29 14:35:41 - Subject: sub-040
2025-08-29 14:35:41 -   Accuracy: 69.444%
2025-08-29 14:35:41 -   Precision: 0.000
2025-08-29 14:35:41 -   Recall: 0.000
2025-08-29 14:35:41 -   F1 Score: 0.000
2025-08-29 14:35:41 -   AUC: 0.000
2025-08-29 14:35:41 -   Correct/Total: 25/36
2025-08-29 14:35:41 - 
P3 Pooled Model Statistics:
2025-08-29 14:35:41 - Mean Accuracy: 0.770
2025-08-29 14:35:41 - 95% Confidence Interval: [0.748, 0.792]
2025-08-29 14:35:41 - Best Subject: sub-034 (0.912)
2025-08-29 14:35:41 - Worst Subject: sub-016 (0.606)
