2025-09-02 10:37:47 - 
Experiment Configuration:
2025-09-02 10:37:47 - --------------------------------------------------
2025-09-02 10:37:47 - dataset: ds005863
2025-09-02 10:37:47 - use_combined_datasets: False
2025-09-02 10:37:47 - electrode_list: all
2025-09-02 10:37:47 - classifier: ShallowFBCSPNet
2025-09-02 10:37:47 - separate_subject_classification: False
2025-09-02 10:37:47 - use_subject_layer: True
2025-09-02 10:37:47 - seeds: [1]
2025-09-02 10:37:47 - --------------------------------------------------
2025-09-02 10:37:47 - 
==================================================
2025-09-02 10:37:47 - Processing Active Visual Oddball Dataset
2025-09-02 10:37:47 - ==================================================
2025-09-02 10:53:20 - 
Overall Experiment Metrics:
2025-09-02 10:53:20 - --------------------------------------------------
2025-09-02 10:53:20 - Accuracy: 0.8857
2025-09-02 10:53:20 - Precision: 0.0930
2025-09-02 10:53:20 - Recall: 0.0503
2025-09-02 10:53:20 - F1 Score: 0.0653
2025-09-02 10:53:20 - AUC: 0.5000
2025-09-02 10:53:20 - 
Confusion Matrix Plot: ./log_0901\AVO_clf-ShallowFBCSPNet_sep-False_el-Fp1_Fz_F3_F7_FC5_FC1_C3_T7_CP5_CP1_Pz_P3_P7_O1_Oz_O2_P4_P8_CP6_CP2_C4_FC6_FC2_F4_F8_Fp2_confusion_matrix_20250902_105319.png
2025-09-02 10:53:20 - --------------------------------------------------
2025-09-02 10:53:20 - 
AVO Pooled Model Statistics:
2025-09-02 10:53:20 - Mean Accuracy: 0.885
2025-09-02 10:53:20 - 95% Confidence Interval: [0.877, 0.894]
2025-09-02 10:53:20 - Best Subject: sub_077 (0.976)
2025-09-02 10:53:20 - Worst Subject: sub_053 (0.706)
2025-09-02 10:53:20 - Mean Precision: 0.074
2025-09-02 10:53:20 - Mean Recall: 0.051
2025-09-02 10:53:20 - Mean F1-Score: 0.053
2025-09-02 10:53:20 - Mean AUC: 0.537
