2025-09-02 09:53:45 - 
Experiment Configuration:
2025-09-02 09:53:45 - --------------------------------------------------
2025-09-02 09:53:45 - dataset: ds005863
2025-09-02 09:53:45 - use_combined_datasets: False
2025-09-02 09:53:45 - electrode_list: all
2025-09-02 09:53:45 - classifier: lda
2025-09-02 09:53:45 - separate_subject_classification: True
2025-09-02 09:53:45 - use_subject_layer: False
2025-09-02 09:53:45 - seeds: [1]
2025-09-02 09:53:45 - --------------------------------------------------
2025-09-02 09:53:45 - 
==================================================
2025-09-02 09:53:45 - Processing Active Visual Oddball Dataset
2025-09-02 09:53:45 - ==================================================
2025-09-02 09:55:17 - 
Overall Experiment Metrics:
2025-09-02 09:55:17 - --------------------------------------------------
2025-09-02 09:55:17 - Accuracy: 0.7201
2025-09-02 09:55:17 - Precision: 0.0796
2025-09-02 09:55:17 - Recall: 0.2743
2025-09-02 09:55:17 - F1 Score: 0.1234
2025-09-02 09:55:17 - AUC: 0.5000
2025-09-02 09:55:17 - 
Confusion Matrix Plot: ./log_0901\AVO_clf-lda_sep-True_el-Fp1_Fz_F3_F7_FC5_FC1_C3_T7_CP5_CP1_Pz_P3_P7_O1_Oz_O2_P4_P8_CP6_CP2_C4_FC6_FC2_F4_F8_Fp2_confusion_matrix_20250902_095516.png
2025-09-02 09:55:17 - --------------------------------------------------
2025-09-02 09:55:17 - 
AVO Individual Models Statistics:
2025-09-02 09:55:17 - Mean Accuracy: 0.720
2025-09-02 09:55:17 - 95% Confidence Interval: [0.703, 0.736]
2025-09-02 09:55:17 - Best Subject: sub-029 (0.881)
2025-09-02 09:55:17 - Worst Subject: sub-054 (0.475)
2025-09-02 09:55:17 - Mean Precision: 0.081
2025-09-02 09:55:17 - Mean Recall: 0.274
2025-09-02 09:55:17 - Mean F1-Score: 0.123
2025-09-02 09:55:17 - Mean AUC: 0.512
