2025-09-02 09:44:20 - 
Experiment Configuration:
2025-09-02 09:44:20 - --------------------------------------------------
2025-09-02 09:44:20 - dataset: ds005863
2025-09-02 09:44:20 - use_combined_datasets: False
2025-09-02 09:44:20 - electrode_list: common
2025-09-02 09:44:20 - classifier: lda
2025-09-02 09:44:20 - separate_subject_classification: True
2025-09-02 09:44:20 - use_subject_layer: False
2025-09-02 09:44:20 - seeds: [1]
2025-09-02 09:44:20 - --------------------------------------------------
2025-09-02 09:44:20 - 
==================================================
2025-09-02 09:44:20 - Processing Active Visual Oddball Dataset
2025-09-02 09:44:20 - ==================================================
2025-09-02 09:45:30 - 
Overall Experiment Metrics:
2025-09-02 09:45:30 - --------------------------------------------------
2025-09-02 09:45:30 - Accuracy: 0.7193
2025-09-02 09:45:30 - Precision: 0.0717
2025-09-02 09:45:30 - Recall: 0.2422
2025-09-02 09:45:30 - F1 Score: 0.1107
2025-09-02 09:45:30 - AUC: 0.5000
2025-09-02 09:45:30 - 
Confusion Matrix Plot: ./log_0901\AVO_clf-lda_sep-True_el-FP1_Fz_F3_F7_C3_P3_P7_O1_Oz_Pz_O2_P4_P8_C4_F4_F8_confusion_matrix_20250902_094530.png
2025-09-02 09:45:30 - --------------------------------------------------
2025-09-02 09:45:30 - 
AVO Individual Models Statistics:
2025-09-02 09:45:30 - Mean Accuracy: 0.719
2025-09-02 09:45:30 - 95% Confidence Interval: [0.701, 0.737]
2025-09-02 09:45:30 - Best Subject: sub-050 (0.929)
2025-09-02 09:45:30 - Worst Subject: sub-042 (0.524)
2025-09-02 09:45:30 - Mean Precision: 0.070
2025-09-02 09:45:30 - Mean Recall: 0.242
2025-09-02 09:45:30 - Mean F1-Score: 0.103
2025-09-02 09:45:30 - Mean AUC: 0.505
