2025-09-02 09:36:41 - 
Experiment Configuration:
2025-09-02 09:36:41 - --------------------------------------------------
2025-09-02 09:36:41 - dataset: ds005863
2025-09-02 09:36:41 - use_combined_datasets: False
2025-09-02 09:36:41 - electrode_list: common
2025-09-02 09:36:41 - classifier: ShallowFBCSPNet
2025-09-02 09:36:41 - separate_subject_classification: True
2025-09-02 09:36:41 - use_subject_layer: False
2025-09-02 09:36:41 - seeds: [1]
2025-09-02 09:36:41 - --------------------------------------------------
2025-09-02 09:36:41 - 
==================================================
2025-09-02 09:36:41 - Processing Active Visual Oddball Dataset
2025-09-02 09:36:41 - ==================================================
2025-09-02 09:41:09 - 
Overall Experiment Metrics:
2025-09-02 09:41:09 - --------------------------------------------------
2025-09-02 09:41:09 - Accuracy: 0.8740
2025-09-02 09:41:09 - Precision: 0.1277
2025-09-02 09:41:09 - Recall: 0.1163
2025-09-02 09:41:09 - F1 Score: 0.1217
2025-09-02 09:41:09 - AUC: 0.5000
2025-09-02 09:41:09 - 
Confusion Matrix Plot: ./log_0901\AVO_clf-ShallowFBCSPNet_sep-True_el-FP1_Fz_F3_F7_C3_P3_P7_O1_Oz_Pz_O2_P4_P8_C4_F4_F8_confusion_matrix_20250902_094109.png
2025-09-02 09:41:09 - --------------------------------------------------
2025-09-02 09:41:09 - 
AVO Individual Models Statistics:
2025-09-02 09:41:09 - Mean Accuracy: 0.874
2025-09-02 09:41:09 - 95% Confidence Interval: [0.864, 0.884]
2025-09-02 09:41:09 - Best Subject: sub-010 (0.952)
2025-09-02 09:41:09 - Worst Subject: sub-037 (0.667)
2025-09-02 09:41:09 - Mean Precision: 0.109
2025-09-02 09:41:09 - Mean Recall: 0.112
2025-09-02 09:41:09 - Mean F1-Score: 0.102
2025-09-02 09:41:09 - Mean AUC: 0.564
