2025-09-02 09:46:53 - 
Experiment Configuration:
2025-09-02 09:46:53 - --------------------------------------------------
2025-09-02 09:46:53 - dataset: ds005863
2025-09-02 09:46:53 - use_combined_datasets: False
2025-09-02 09:46:53 - electrode_list: all
2025-09-02 09:46:53 - classifier: ShallowFBCSPNet
2025-09-02 09:46:53 - separate_subject_classification: True
2025-09-02 09:46:53 - use_subject_layer: False
2025-09-02 09:46:53 - seeds: [1]
2025-09-02 09:46:53 - --------------------------------------------------
2025-09-02 09:46:53 - 
==================================================
2025-09-02 09:46:53 - Processing Active Visual Oddball Dataset
2025-09-02 09:46:53 - ==================================================
2025-09-02 09:50:04 - 
Overall Experiment Metrics:
2025-09-02 09:50:04 - --------------------------------------------------
2025-09-02 09:50:04 - Accuracy: 0.8633
2025-09-02 09:50:04 - Precision: 0.0900
2025-09-02 09:50:04 - Recall: 0.0956
2025-09-02 09:50:04 - F1 Score: 0.0927
2025-09-02 09:50:04 - AUC: 0.5000
2025-09-02 09:50:04 - 
Confusion Matrix Plot: ./log_0901\AVO_clf-ShallowFBCSPNet_sep-True_el-Fp1_Fz_F3_F7_FC5_FC1_C3_T7_CP5_CP1_Pz_P3_P7_O1_Oz_O2_P4_P8_CP6_CP2_C4_FC6_FC2_F4_F8_Fp2_confusion_matrix_20250902_095004.png
2025-09-02 09:50:04 - --------------------------------------------------
2025-09-02 09:50:04 - 
AVO Individual Models Statistics:
2025-09-02 09:50:04 - Mean Accuracy: 0.863
2025-09-02 09:50:04 - 95% Confidence Interval: [0.851, 0.875]
2025-09-02 09:50:04 - Best Subject: sub-008 (0.929)
2025-09-02 09:50:04 - Worst Subject: sub-118 (0.600)
2025-09-02 09:50:04 - Mean Precision: 0.069
2025-09-02 09:50:04 - Mean Recall: 0.095
2025-09-02 09:50:04 - Mean F1-Score: 0.075
2025-09-02 09:50:04 - Mean AUC: 0.526
