2025-09-02 09:41:20 - 
Experiment Configuration:
2025-09-02 09:41:20 - --------------------------------------------------
2025-09-02 09:41:20 - dataset: ds005863
2025-09-02 09:41:20 - use_combined_datasets: False
2025-09-02 09:41:20 - electrode_list: common
2025-09-02 09:41:20 - classifier: ShallowFBCSPNet
2025-09-02 09:41:20 - separate_subject_classification: False
2025-09-02 09:41:20 - use_subject_layer: False
2025-09-02 09:41:20 - seeds: [1]
2025-09-02 09:41:20 - --------------------------------------------------
2025-09-02 09:41:20 - 
==================================================
2025-09-02 09:41:20 - Processing Active Visual Oddball Dataset
2025-09-02 09:41:20 - ==================================================
2025-09-02 09:44:07 - 
Overall Experiment Metrics:
2025-09-02 09:44:07 - --------------------------------------------------
2025-09-02 09:44:07 - Accuracy: 0.7453
2025-09-02 09:44:07 - Precision: 0.0829
2025-09-02 09:44:07 - Recall: 0.2208
2025-09-02 09:44:07 - F1 Score: 0.1206
2025-09-02 09:44:07 - AUC: 0.5000
2025-09-02 09:44:07 - 
Confusion Matrix Plot: ./log_0901\AVO_clf-ShallowFBCSPNet_sep-False_el-FP1_Fz_F3_F7_C3_P3_P7_O1_Oz_Pz_O2_P4_P8_C4_F4_F8_confusion_matrix_20250902_094406.png
2025-09-02 09:44:07 - --------------------------------------------------
2025-09-02 09:44:07 - 
AVO Pooled Model Statistics:
2025-09-02 09:44:07 - Mean Accuracy: 0.743
2025-09-02 09:44:07 - 95% Confidence Interval: [0.727, 0.758]
2025-09-02 09:44:07 - Best Subject: sub_050 (0.889)
2025-09-02 09:44:07 - Worst Subject: sub_111 (0.486)
2025-09-02 09:44:07 - Mean Precision: 0.080
2025-09-02 09:44:07 - Mean Recall: 0.243
2025-09-02 09:44:07 - Mean F1-Score: 0.111
2025-09-02 09:44:07 - Mean AUC: 0.534
