2025-09-02 09:50:16 - 
Experiment Configuration:
2025-09-02 09:50:16 - --------------------------------------------------
2025-09-02 09:50:16 - dataset: ds005863
2025-09-02 09:50:16 - use_combined_datasets: False
2025-09-02 09:50:16 - electrode_list: all
2025-09-02 09:50:16 - classifier: ShallowFBCSPNet
2025-09-02 09:50:16 - separate_subject_classification: False
2025-09-02 09:50:16 - use_subject_layer: False
2025-09-02 09:50:16 - seeds: [1]
2025-09-02 09:50:16 - --------------------------------------------------
2025-09-02 09:50:16 - 
==================================================
2025-09-02 09:50:16 - Processing Active Visual Oddball Dataset
2025-09-02 09:50:16 - ==================================================
2025-09-02 09:53:34 - 
Overall Experiment Metrics:
2025-09-02 09:53:34 - --------------------------------------------------
2025-09-02 09:53:34 - Accuracy: 0.6539
2025-09-02 09:53:34 - Precision: 0.0859
2025-09-02 09:53:34 - Recall: 0.3502
2025-09-02 09:53:34 - F1 Score: 0.1380
2025-09-02 09:53:34 - AUC: 0.5000
2025-09-02 09:53:34 - 
Confusion Matrix Plot: ./log_0901\AVO_clf-ShallowFBCSPNet_sep-False_el-Fp1_Fz_F3_F7_FC5_FC1_C3_T7_CP5_CP1_Pz_P3_P7_O1_Oz_O2_P4_P8_CP6_CP2_C4_FC6_FC2_F4_F8_Fp2_confusion_matrix_20250902_095334.png
2025-09-02 09:53:34 - --------------------------------------------------
2025-09-02 09:53:34 - 
AVO Pooled Model Statistics:
2025-09-02 09:53:34 - Mean Accuracy: 0.655
2025-09-02 09:53:34 - 95% Confidence Interval: [0.638, 0.671]
2025-09-02 09:53:34 - Best Subject: sub_054 (0.829)
2025-09-02 09:53:34 - Worst Subject: sub_111 (0.432)
2025-09-02 09:53:34 - Mean Precision: 0.091
2025-09-02 09:53:34 - Mean Recall: 0.332
2025-09-02 09:53:34 - Mean F1-Score: 0.134
2025-09-02 09:53:34 - Mean AUC: 0.515
