2025-09-02 10:28:01 - 
Experiment Configuration:
2025-09-02 10:28:01 - --------------------------------------------------
2025-09-02 10:28:01 - dataset: ds005863
2025-09-02 10:28:01 - use_combined_datasets: False
2025-09-02 10:28:01 - electrode_list: common
2025-09-02 10:28:01 - classifier: ShallowFBCSPNet
2025-09-02 10:28:01 - separate_subject_classification: False
2025-09-02 10:28:01 - use_subject_layer: True
2025-09-02 10:28:01 - seeds: [1]
2025-09-02 10:28:01 - --------------------------------------------------
2025-09-02 10:28:01 - 
==================================================
2025-09-02 10:28:01 - Processing Active Visual Oddball Dataset
2025-09-02 10:28:01 - ==================================================
2025-09-02 10:37:34 - 
Overall Experiment Metrics:
2025-09-02 10:37:34 - --------------------------------------------------
2025-09-02 10:37:34 - Accuracy: 0.8600
2025-09-02 10:37:34 - Precision: 0.0767
2025-09-02 10:37:34 - Recall: 0.0692
2025-09-02 10:37:34 - F1 Score: 0.0727
2025-09-02 10:37:34 - AUC: 0.5000
2025-09-02 10:37:34 - 
Confusion Matrix Plot: ./log_0901\AVO_clf-ShallowFBCSPNet_sep-False_el-FP1_Fz_F3_F7_C3_P3_P7_O1_Oz_Pz_O2_P4_P8_C4_F4_F8_confusion_matrix_20250902_103733.png
2025-09-02 10:37:34 - --------------------------------------------------
2025-09-02 10:37:34 - 
AVO Pooled Model Statistics:
2025-09-02 10:37:34 - Mean Accuracy: 0.860
2025-09-02 10:37:34 - 95% Confidence Interval: [0.849, 0.870]
2025-09-02 10:37:34 - Best Subject: sub_019 (0.959)
2025-09-02 10:37:34 - Worst Subject: sub_122 (0.719)
2025-09-02 10:37:34 - Mean Precision: 0.069
2025-09-02 10:37:34 - Mean Recall: 0.063
2025-09-02 10:37:34 - Mean F1-Score: 0.060
2025-09-02 10:37:34 - Mean AUC: 0.504
