2025-09-02 09:57:11 - 
Experiment Configuration:
2025-09-02 09:57:11 - --------------------------------------------------
2025-09-02 09:57:11 - dataset: use_combined_datasets
2025-09-02 09:57:11 - use_combined_datasets: True
2025-09-02 09:57:11 - electrode_list: common
2025-09-02 09:57:11 - classifier: ShallowFBCSPNet
2025-09-02 09:57:11 - separate_subject_classification: False
2025-09-02 09:57:11 - use_subject_layer: False
2025-09-02 09:57:11 - seeds: [1]
2025-09-02 09:57:11 - --------------------------------------------------
2025-09-02 09:57:11 - 
==================================================
2025-09-02 09:57:11 - Processing Combined P3 and AVO Datasets
2025-09-02 09:57:11 - ==================================================
2025-09-02 10:02:15 - 
Overall Experiment Metrics:
2025-09-02 10:02:15 - --------------------------------------------------
2025-09-02 10:02:15 - Accuracy: 0.6439
2025-09-02 10:02:15 - Precision: 0.1655
2025-09-02 10:02:15 - Recall: 0.5283
2025-09-02 10:02:15 - F1 Score: 0.2521
2025-09-02 10:02:15 - AUC: 0.5000
2025-09-02 10:02:15 - 
Confusion Matrix Plot: ./log_0901\P3_AVO_clf-ShallowFBCSPNet_sep-False_el-FP1_Fz_F3_F7_C3_P3_P7_O1_Oz_Pz_O2_P4_P8_C4_F4_F8_confusion_matrix_20250902_100214.png
2025-09-02 10:02:15 - --------------------------------------------------
2025-09-02 10:02:15 - 
Combined Model (All Subjects) Statistics:
2025-09-02 10:02:15 - Mean Accuracy: 0.641
2025-09-02 10:02:15 - 95% Confidence Interval: [0.612, 0.670]
2025-09-02 10:02:15 - Best Subject: AVO_080 (0.900)
2025-09-02 10:02:15 - Worst Subject: P3_sub-005 (0.238)
2025-09-02 10:02:15 - Mean Precision: 0.118
2025-09-02 10:02:15 - Mean Recall: 0.371
2025-09-02 10:02:15 - Mean F1-Score: 0.169
2025-09-02 10:02:15 - Mean AUC: 0.533
2025-09-02 10:02:15 - 
Combined Model ¨C P3 Subjects Statistics:
2025-09-02 10:02:15 - Mean Accuracy: 0.431
2025-09-02 10:02:15 - 95% Confidence Interval: [0.398, 0.464]
2025-09-02 10:02:15 - Best Subject: P3_sub-013 (0.611)
2025-09-02 10:02:15 - Worst Subject: P3_sub-005 (0.238)
2025-09-02 10:02:15 - Mean Precision: 0.253
2025-09-02 10:02:15 - Mean Recall: 0.870
2025-09-02 10:02:15 - Mean F1-Score: 0.386
2025-09-02 10:02:15 - Mean AUC: 0.676
2025-09-02 10:02:15 - 
Combined Model ¨C AVO Subjects Statistics:
2025-09-02 10:02:15 - Mean Accuracy: 0.728
2025-09-02 10:02:15 - 95% Confidence Interval: [0.707, 0.750]
2025-09-02 10:02:15 - Best Subject: AVO_080 (0.900)
2025-09-02 10:02:15 - Worst Subject: AVO_116 (0.415)
2025-09-02 10:02:15 - Mean Precision: 0.061
2025-09-02 10:02:15 - Mean Recall: 0.163
2025-09-02 10:02:15 - Mean F1-Score: 0.078
2025-09-02 10:02:15 - Mean AUC: 0.473
