2025-09-02 10:20:53 - 
Experiment Configuration:
2025-09-02 10:20:53 - --------------------------------------------------
2025-09-02 10:20:53 - dataset: P3 Raw Data BIDS-Compatible
2025-09-02 10:20:53 - use_combined_datasets: False
2025-09-02 10:20:53 - electrode_list: all
2025-09-02 10:20:53 - classifier: ShallowFBCSPNet
2025-09-02 10:20:53 - separate_subject_classification: False
2025-09-02 10:20:53 - use_subject_layer: True
2025-09-02 10:20:53 - seeds: [1]
2025-09-02 10:20:53 - --------------------------------------------------
2025-09-02 10:20:53 - 
==================================================
2025-09-02 10:20:53 - Processing P3 Dataset
2025-09-02 10:20:53 - ==================================================
2025-09-02 10:27:40 - 
Overall Experiment Metrics:
2025-09-02 10:27:40 - --------------------------------------------------
2025-09-02 10:27:40 - Accuracy: 0.7619
2025-09-02 10:27:40 - Precision: 0.4133
2025-09-02 10:27:40 - Recall: 0.4483
2025-09-02 10:27:40 - F1 Score: 0.4301
2025-09-02 10:27:40 - AUC: 0.5000
2025-09-02 10:27:40 - 
Confusion Matrix Plot: ./log_0901\P3_clf-ShallowFBCSPNet_sep-False_el-FP1_F3_F7_FC3_C3_C5_P3_P7_P9_PO7_PO3_O1_Oz_Pz_CPz_FP2_Fz_F4_F8_FC4_FCz_Cz_C4_C6_P4_P8_P10_PO8_PO4_O2_confusion_matrix_20250902_102739.png
2025-09-02 10:27:40 - --------------------------------------------------
2025-09-02 10:27:40 - 
P3 Pooled Model Statistics:
2025-09-02 10:27:40 - Mean Accuracy: 0.763
2025-09-02 10:27:40 - 95% Confidence Interval: [0.741, 0.786]
2025-09-02 10:27:40 - Best Subject: sub-021 (0.881)
2025-09-02 10:27:40 - Worst Subject: sub-011 (0.524)
2025-09-02 10:27:40 - Mean Precision: 0.430
2025-09-02 10:27:40 - Mean Recall: 0.446
2025-09-02 10:27:40 - Mean F1-Score: 0.415
2025-09-02 10:27:40 - Mean AUC: 0.719
