2025-09-02 09:29:06 - 
Experiment Configuration:
2025-09-02 09:29:06 - --------------------------------------------------
2025-09-02 09:29:06 - dataset: P3 Raw Data BIDS-Compatible
2025-09-02 09:29:06 - use_combined_datasets: False
2025-09-02 09:29:06 - electrode_list: common
2025-09-02 09:29:06 - classifier: lda
2025-09-02 09:29:06 - separate_subject_classification: True
2025-09-02 09:29:06 - use_subject_layer: False
2025-09-02 09:29:06 - seeds: [1]
2025-09-02 09:29:06 - --------------------------------------------------
2025-09-02 09:29:06 - 
==================================================
2025-09-02 09:29:06 - Processing P3 Dataset
2025-09-02 09:29:06 - ==================================================
2025-09-02 09:29:34 - 
Overall Experiment Metrics:
2025-09-02 09:29:34 - --------------------------------------------------
2025-09-02 09:29:34 - Accuracy: 0.7063
2025-09-02 09:29:34 - Precision: 0.3611
2025-09-02 09:29:34 - Recall: 0.6094
2025-09-02 09:29:34 - F1 Score: 0.4535
2025-09-02 09:29:34 - AUC: 0.5000
2025-09-02 09:29:34 - 
Confusion Matrix Plot: ./log_0901\P3_clf-lda_sep-True_el-FP1_Fz_F3_F7_C3_P3_P7_O1_Oz_Pz_O2_P4_P8_C4_F4_F8_confusion_matrix_20250902_092933.png
2025-09-02 09:29:34 - --------------------------------------------------
2025-09-02 09:29:34 - 
P3 Individual Models Statistics:
2025-09-02 09:29:34 - Mean Accuracy: 0.706
2025-09-02 09:29:34 - 95% Confidence Interval: [0.673, 0.740]
2025-09-02 09:29:34 - Best Subject: sub-004 (0.900)
2025-09-02 09:29:34 - Worst Subject: sub-001 (0.500)
2025-09-02 09:29:34 - Mean Precision: 0.378
2025-09-02 09:29:34 - Mean Recall: 0.609
2025-09-02 09:29:34 - Mean F1-Score: 0.462
2025-09-02 09:29:34 - Mean AUC: 0.725
