2025-09-02 09:32:05 - 
Experiment Configuration:
2025-09-02 09:32:05 - --------------------------------------------------
2025-09-02 09:32:05 - dataset: P3 Raw Data BIDS-Compatible
2025-09-02 09:32:05 - use_combined_datasets: False
2025-09-02 09:32:05 - electrode_list: all
2025-09-02 09:32:05 - classifier: ShallowFBCSPNet
2025-09-02 09:32:05 - separate_subject_classification: False
2025-09-02 09:32:05 - use_subject_layer: False
2025-09-02 09:32:05 - seeds: [1]
2025-09-02 09:32:05 - --------------------------------------------------
2025-09-02 09:32:05 - 
==================================================
2025-09-02 09:32:05 - Processing P3 Dataset
2025-09-02 09:32:05 - ==================================================
2025-09-02 09:34:24 - 
Overall Experiment Metrics:
2025-09-02 09:34:24 - --------------------------------------------------
2025-09-02 09:34:24 - Accuracy: 0.7073
2025-09-02 09:34:24 - Precision: 0.3584
2025-09-02 09:34:24 - Recall: 0.5831
2025-09-02 09:34:24 - F1 Score: 0.4439
2025-09-02 09:34:24 - AUC: 0.5000
2025-09-02 09:34:24 - 
Confusion Matrix Plot: ./log_0901\P3_clf-ShallowFBCSPNet_sep-False_el-FP1_F3_F7_FC3_C3_C5_P3_P7_P9_PO7_PO3_O1_Oz_Pz_CPz_FP2_Fz_F4_F8_FC4_FCz_Cz_C4_C6_P4_P8_P10_PO8_PO4_O2_confusion_matrix_20250902_093423.png
2025-09-02 09:34:24 - --------------------------------------------------
2025-09-02 09:34:24 - 
P3 Pooled Model Statistics:
2025-09-02 09:34:24 - Mean Accuracy: 0.709
2025-09-02 09:34:24 - 95% Confidence Interval: [0.683, 0.734]
2025-09-02 09:34:24 - Best Subject: sub-012 (0.872)
2025-09-02 09:34:24 - Worst Subject: sub-024 (0.533)
2025-09-02 09:34:24 - Mean Precision: 0.371
2025-09-02 09:34:24 - Mean Recall: 0.592
2025-09-02 09:34:24 - Mean F1-Score: 0.436
2025-09-02 09:34:24 - Mean AUC: 0.719
