2025-09-02 10:17:15 - 
Experiment Configuration:
2025-09-02 10:17:15 - --------------------------------------------------
2025-09-02 10:17:15 - dataset: P3 Raw Data BIDS-Compatible
2025-09-02 10:17:15 - use_combined_datasets: False
2025-09-02 10:17:15 - electrode_list: common
2025-09-02 10:17:15 - classifier: ShallowFBCSPNet
2025-09-02 10:17:15 - separate_subject_classification: False
2025-09-02 10:17:15 - use_subject_layer: True
2025-09-02 10:17:15 - seeds: [1]
2025-09-02 10:17:15 - --------------------------------------------------
2025-09-02 10:17:15 - 
==================================================
2025-09-02 10:17:15 - Processing P3 Dataset
2025-09-02 10:17:15 - ==================================================
2025-09-02 10:20:41 - 
Overall Experiment Metrics:
2025-09-02 10:20:41 - --------------------------------------------------
2025-09-02 10:20:41 - Accuracy: 0.7519
2025-09-02 10:20:41 - Precision: 0.4059
2025-09-02 10:20:41 - Recall: 0.5141
2025-09-02 10:20:41 - F1 Score: 0.4537
2025-09-02 10:20:41 - AUC: 0.5000
2025-09-02 10:20:41 - 
Confusion Matrix Plot: ./log_0901\P3_clf-ShallowFBCSPNet_sep-False_el-FP1_Fz_F3_F7_C3_P3_P7_O1_Oz_Pz_O2_P4_P8_C4_F4_F8_confusion_matrix_20250902_102040.png
2025-09-02 10:20:41 - --------------------------------------------------
2025-09-02 10:20:41 - 
P3 Pooled Model Statistics:
2025-09-02 10:20:41 - Mean Accuracy: 0.752
2025-09-02 10:20:41 - 95% Confidence Interval: [0.720, 0.783]
2025-09-02 10:20:41 - Best Subject: sub-032 (0.933)
2025-09-02 10:20:41 - Worst Subject: sub-019 (0.485)
2025-09-02 10:20:41 - Mean Precision: 0.415
2025-09-02 10:20:41 - Mean Recall: 0.518
2025-09-02 10:20:41 - Mean F1-Score: 0.446
2025-09-02 10:20:41 - Mean AUC: 0.737
