2025-09-02 09:34:40 - 
Experiment Configuration:
2025-09-02 09:34:40 - --------------------------------------------------
2025-09-02 09:34:40 - dataset: P3 Raw Data BIDS-Compatible
2025-09-02 09:34:40 - use_combined_datasets: False
2025-09-02 09:34:40 - electrode_list: all
2025-09-02 09:34:40 - classifier: lda
2025-09-02 09:34:40 - separate_subject_classification: True
2025-09-02 09:34:40 - use_subject_layer: False
2025-09-02 09:34:40 - seeds: [1]
2025-09-02 09:34:40 - --------------------------------------------------
2025-09-02 09:34:40 - 
==================================================
2025-09-02 09:34:40 - Processing P3 Dataset
2025-09-02 09:34:40 - ==================================================
2025-09-02 09:35:24 - 
Overall Experiment Metrics:
2025-09-02 09:35:24 - --------------------------------------------------
2025-09-02 09:35:24 - Accuracy: 0.6981
2025-09-02 09:35:24 - Precision: 0.3436
2025-09-02 09:35:24 - Recall: 0.5594
2025-09-02 09:35:24 - F1 Score: 0.4257
2025-09-02 09:35:24 - AUC: 0.5000
2025-09-02 09:35:24 - 
Confusion Matrix Plot: ./log_0901\P3_clf-lda_sep-True_el-FP1_F3_F7_FC3_C3_C5_P3_P7_P9_PO7_PO3_O1_Oz_Pz_CPz_FP2_Fz_F4_F8_FC4_FCz_Cz_C4_C6_P4_P8_P10_PO8_PO4_O2_confusion_matrix_20250902_093524.png
2025-09-02 09:35:24 - --------------------------------------------------
2025-09-02 09:35:24 - 
P3 Individual Models Statistics:
2025-09-02 09:35:24 - Mean Accuracy: 0.698
2025-09-02 09:35:24 - 95% Confidence Interval: [0.669, 0.728]
2025-09-02 09:35:24 - Best Subject: sub-002 (0.850)
2025-09-02 09:35:24 - Worst Subject: sub-006 (0.500)
2025-09-02 09:35:24 - Mean Precision: 0.357
2025-09-02 09:35:24 - Mean Recall: 0.559
2025-09-02 09:35:24 - Mean F1-Score: 0.429
2025-09-02 09:35:24 - Mean AUC: 0.702
