2025-09-02 09:30:19 - 
Experiment Configuration:
2025-09-02 09:30:19 - --------------------------------------------------
2025-09-02 09:30:19 - dataset: P3 Raw Data BIDS-Compatible
2025-09-02 09:30:19 - use_combined_datasets: False
2025-09-02 09:30:19 - electrode_list: all
2025-09-02 09:30:19 - classifier: ShallowFBCSPNet
2025-09-02 09:30:19 - separate_subject_classification: True
2025-09-02 09:30:19 - use_subject_layer: False
2025-09-02 09:30:19 - seeds: [1]
2025-09-02 09:30:19 - --------------------------------------------------
2025-09-02 09:30:19 - 
==================================================
2025-09-02 09:30:19 - Processing P3 Dataset
2025-09-02 09:30:19 - ==================================================
2025-09-02 09:31:54 - 
Overall Experiment Metrics:
2025-09-02 09:31:54 - --------------------------------------------------
2025-09-02 09:31:54 - Accuracy: 0.7819
2025-09-02 09:31:54 - Precision: 0.4427
2025-09-02 09:31:54 - Recall: 0.3500
2025-09-02 09:31:54 - F1 Score: 0.3909
2025-09-02 09:31:54 - AUC: 0.5000
2025-09-02 09:31:54 - 
Confusion Matrix Plot: ./log_0901\P3_clf-ShallowFBCSPNet_sep-True_el-FP1_F3_F7_FC3_C3_C5_P3_P7_P9_PO7_PO3_O1_Oz_Pz_CPz_FP2_Fz_F4_F8_FC4_FCz_Cz_C4_C6_P4_P8_P10_PO8_PO4_O2_confusion_matrix_20250902_093154.png
2025-09-02 09:31:54 - --------------------------------------------------
2025-09-02 09:31:54 - 
P3 Individual Models Statistics:
2025-09-02 09:31:54 - Mean Accuracy: 0.782
2025-09-02 09:31:54 - 95% Confidence Interval: [0.761, 0.803]
2025-09-02 09:31:54 - Best Subject: sub-004 (0.900)
2025-09-02 09:31:54 - Worst Subject: sub-014 (0.650)
2025-09-02 09:31:54 - Mean Precision: 0.457
2025-09-02 09:31:54 - Mean Recall: 0.350
2025-09-02 09:31:54 - Mean F1-Score: 0.381
2025-09-02 09:31:54 - Mean AUC: 0.731
