2025-09-02 09:27:40 - 
Experiment Configuration:
2025-09-02 09:27:40 - --------------------------------------------------
2025-09-02 09:27:40 - dataset: P3 Raw Data BIDS-Compatible
2025-09-02 09:27:40 - use_combined_datasets: False
2025-09-02 09:27:40 - electrode_list: common
2025-09-02 09:27:40 - classifier: ShallowFBCSPNet
2025-09-02 09:27:40 - separate_subject_classification: False
2025-09-02 09:27:40 - use_subject_layer: False
2025-09-02 09:27:40 - seeds: [1]
2025-09-02 09:27:40 - --------------------------------------------------
2025-09-02 09:27:40 - 
==================================================
2025-09-02 09:27:40 - Processing P3 Dataset
2025-09-02 09:27:40 - ==================================================
2025-09-02 09:28:54 - 
Overall Experiment Metrics:
2025-09-02 09:28:54 - --------------------------------------------------
2025-09-02 09:28:54 - Accuracy: 0.6872
2025-09-02 09:28:54 - Precision: 0.3475
2025-09-02 09:28:54 - Recall: 0.6395
2025-09-02 09:28:54 - F1 Score: 0.4503
2025-09-02 09:28:54 - AUC: 0.5000
2025-09-02 09:28:54 - 
Confusion Matrix Plot: ./log_0901\P3_clf-ShallowFBCSPNet_sep-False_el-FP1_Fz_F3_F7_C3_P3_P7_O1_Oz_Pz_O2_P4_P8_C4_F4_F8_confusion_matrix_20250902_092854.png
2025-09-02 09:28:54 - --------------------------------------------------
2025-09-02 09:28:54 - 
P3 Pooled Model Statistics:
2025-09-02 09:28:54 - Mean Accuracy: 0.687
2025-09-02 09:28:54 - 95% Confidence Interval: [0.660, 0.715]
2025-09-02 09:28:54 - Best Subject: sub-016 (0.857)
2025-09-02 09:28:54 - Worst Subject: sub-006 (0.529)
2025-09-02 09:28:54 - Mean Precision: 0.351
2025-09-02 09:28:54 - Mean Recall: 0.641
2025-09-02 09:28:54 - Mean F1-Score: 0.438
2025-09-02 09:28:54 - Mean AUC: 0.733
