2025-09-02 00:48:57 - 
Experiment Configuration:
2025-09-02 00:48:57 - --------------------------------------------------
2025-09-02 00:48:57 - dataset: P3 Raw Data BIDS-Compatible
2025-09-02 00:48:57 - use_combined_datasets: False
2025-09-02 00:48:57 - electrode_list: common
2025-09-02 00:48:57 - classifier: ShallowFBCSPNet
2025-09-02 00:48:57 - separate_subject_classification: True
2025-09-02 00:48:57 - use_subject_layer: False
2025-09-02 00:48:57 - seeds: [1]
2025-09-02 00:48:57 - --------------------------------------------------
2025-09-02 00:48:57 - 
==================================================
2025-09-02 00:48:57 - Processing P3 Dataset
2025-09-02 00:48:57 - ==================================================
2025-09-02 09:27:16 - 
Overall Experiment Metrics:
2025-09-02 09:27:16 - --------------------------------------------------
2025-09-02 09:27:16 - Accuracy: 0.7569
2025-09-02 09:27:16 - Precision: 0.3869
2025-09-02 09:27:16 - Recall: 0.3688
2025-09-02 09:27:16 - F1 Score: 0.3776
2025-09-02 09:27:16 - AUC: 0.5000
2025-09-02 09:27:16 - 
Confusion Matrix Plot: ./log_0901\P3_clf-ShallowFBCSPNet_sep-True_el-FP1_Fz_F3_F7_C3_P3_P7_O1_Oz_Pz_O2_P4_P8_C4_F4_F8_confusion_matrix_20250902_092714.png
2025-09-02 09:27:16 - --------------------------------------------------
2025-09-02 09:27:16 - 
P3 Individual Models Statistics:
2025-09-02 09:27:16 - Mean Accuracy: 0.757
2025-09-02 09:27:16 - 95% Confidence Interval: [0.733, 0.781]
2025-09-02 09:27:16 - Best Subject: sub-004 (0.875)
2025-09-02 09:27:16 - Worst Subject: sub-001 (0.550)
2025-09-02 09:27:16 - Mean Precision: 0.394
2025-09-02 09:27:16 - Mean Recall: 0.369
2025-09-02 09:27:16 - Mean F1-Score: 0.363
2025-09-02 09:27:16 - Mean AUC: 0.688
