2025-08-26 15:17:30 - 
Experiment Configuration:
2025-08-26 15:17:30 - --------------------------------------------------
2025-08-26 15:17:30 - dataset: ds005863
2025-08-26 15:17:30 - use_combined_datasets: False
2025-08-26 15:17:30 - electrode_list: all
2025-08-26 15:17:30 - classifier: lda
2025-08-26 15:17:30 - separate_subject_classification: False
2025-08-26 15:17:30 - use_subject_layer: False
2025-08-26 15:17:30 - seeds: [1]
2025-08-26 15:17:30 - --------------------------------------------------
2025-08-26 15:17:30 - 
==================================================
2025-08-26 15:17:30 - Processing Active Visual Oddball Dataset
2025-08-26 15:17:30 - ==================================================
2025-08-26 15:18:08 - Subject: sub_001, Accuracy: 87.500%
2025-08-26 15:18:08 - Subject: sub_002, Accuracy: 95.122%
2025-08-26 15:18:08 - Subject: sub_003, Accuracy: 92.105%
2025-08-26 15:18:08 - Subject: sub_004, Accuracy: 83.333%
2025-08-26 15:18:08 - Subject: sub_005, Accuracy: 93.750%
2025-08-26 15:18:08 - Subject: sub_006, Accuracy: 92.453%
2025-08-26 15:18:08 - Subject: sub_007, Accuracy: 87.805%
2025-08-26 15:18:08 - Subject: sub_008, Accuracy: 92.857%
2025-08-26 15:18:08 - Subject: sub_009, Accuracy: 95.122%
2025-08-26 15:18:08 - Subject: sub_010, Accuracy: 91.111%
2025-08-26 15:18:08 - Subject: sub_011, Accuracy: 93.023%
2025-08-26 15:18:08 - Subject: sub_012, Accuracy: 90.244%
2025-08-26 15:18:08 - Subject: sub_013, Accuracy: 94.286%
2025-08-26 15:18:08 - Subject: sub_014, Accuracy: 95.652%
2025-08-26 15:18:08 - Subject: sub_015, Accuracy: 92.157%
2025-08-26 15:18:08 - Subject: sub_016, Accuracy: 97.436%
2025-08-26 15:18:08 - Subject: sub_017, Accuracy: 93.182%
2025-08-26 15:18:08 - Subject: sub_018, Accuracy: 94.286%
2025-08-26 15:18:08 - Subject: sub_019, Accuracy: 87.805%
2025-08-26 15:18:08 - Subject: sub_020, Accuracy: 90.909%
2025-08-26 15:18:08 - Subject: sub_021, Accuracy: 97.059%
2025-08-26 15:18:08 - Subject: sub_022, Accuracy: 92.500%
2025-08-26 15:18:08 - Subject: sub_023, Accuracy: 94.286%
2025-08-26 15:18:08 - Subject: sub_024, Accuracy: 97.619%
2025-08-26 15:18:08 - Subject: sub_025, Accuracy: 90.625%
2025-08-26 15:18:08 - Subject: sub_026, Accuracy: 93.182%
2025-08-26 15:18:08 - Subject: sub_027, Accuracy: 89.744%
2025-08-26 15:18:08 - Subject: sub_028, Accuracy: 88.000%
2025-08-26 15:18:08 - Subject: sub_029, Accuracy: 90.196%
2025-08-26 15:18:08 - Subject: sub_030, Accuracy: 88.679%
2025-08-26 15:18:08 - Subject: sub_031, Accuracy: 80.556%
2025-08-26 15:18:08 - Subject: sub_032, Accuracy: 96.667%
2025-08-26 15:18:08 - Subject: sub_033, Accuracy: 88.889%
2025-08-26 15:18:08 - Subject: sub_034, Accuracy: 82.143%
2025-08-26 15:18:08 - Subject: sub_035, Accuracy: 93.478%
2025-08-26 15:18:08 - Subject: sub_036, Accuracy: 91.111%
2025-08-26 15:18:08 - Subject: sub_037, Accuracy: 83.721%
2025-08-26 15:18:08 - Subject: sub_038, Accuracy: 88.095%
2025-08-26 15:18:08 - Subject: sub_039, Accuracy: 90.698%
2025-08-26 15:18:08 - Subject: sub_040, Accuracy: 92.308%
2025-08-26 15:18:08 - Subject: sub_041, Accuracy: 89.189%
2025-08-26 15:18:08 - Subject: sub_042, Accuracy: 91.667%
2025-08-26 15:18:08 - Subject: sub_043, Accuracy: 91.667%
2025-08-26 15:18:08 - Subject: sub_044, Accuracy: 86.047%
2025-08-26 15:18:08 - Subject: sub_045, Accuracy: 85.106%
2025-08-26 15:18:08 - Subject: sub_046, Accuracy: 93.878%
2025-08-26 15:18:08 - Subject: sub_047, Accuracy: 91.489%
2025-08-26 15:18:08 - Subject: sub_048, Accuracy: 89.362%
2025-08-26 15:18:08 - Subject: sub_049, Accuracy: 93.333%
2025-08-26 15:18:08 - Subject: sub_050, Accuracy: 90.476%
2025-08-26 15:18:08 - Subject: sub_051, Accuracy: 86.842%
2025-08-26 15:18:08 - Subject: sub_052, Accuracy: 86.486%
2025-08-26 15:18:08 - Subject: sub_053, Accuracy: 91.489%
2025-08-26 15:18:08 - Subject: sub_054, Accuracy: 92.105%
2025-08-26 15:18:08 - Subject: sub_055, Accuracy: 94.595%
2025-08-26 15:18:08 - Subject: sub_056, Accuracy: 85.714%
2025-08-26 15:18:08 - Subject: sub_057, Accuracy: 95.556%
2025-08-26 15:18:08 - Subject: sub_058, Accuracy: 88.235%
2025-08-26 15:18:08 - Subject: sub_059, Accuracy: 61.538%
2025-08-26 15:18:08 - Subject: sub_060, Accuracy: 88.095%
2025-08-26 15:18:08 - Subject: sub_061, Accuracy: 91.111%
2025-08-26 15:18:08 - Subject: sub_062, Accuracy: 92.500%
2025-08-26 15:18:08 - Subject: sub_063, Accuracy: 85.294%
2025-08-26 15:18:08 - Subject: sub_064, Accuracy: 88.636%
2025-08-26 15:18:08 - Subject: sub_065, Accuracy: 80.435%
2025-08-26 15:18:08 - Subject: sub_066, Accuracy: 88.571%
2025-08-26 15:18:08 - Subject: sub_067, Accuracy: 94.340%
2025-08-26 15:18:08 - Subject: sub_068, Accuracy: 79.630%
2025-08-26 15:18:08 - Subject: sub_069, Accuracy: 78.049%
2025-08-26 15:18:08 - Subject: sub_070, Accuracy: 90.196%
2025-08-26 15:18:08 - Subject: sub_071, Accuracy: 97.222%
2025-08-26 15:18:08 - Subject: sub_073, Accuracy: 83.333%
2025-08-26 15:18:08 - Subject: sub_074, Accuracy: 85.294%
2025-08-26 15:18:08 - Subject: sub_075, Accuracy: 90.909%
2025-08-26 15:18:08 - Subject: sub_076, Accuracy: 87.500%
2025-08-26 15:18:08 - Subject: sub_077, Accuracy: 92.500%
2025-08-26 15:18:08 - Subject: sub_078, Accuracy: 88.372%
2025-08-26 15:18:08 - Subject: sub_079, Accuracy: 93.548%
2025-08-26 15:18:08 - Subject: sub_080, Accuracy: 93.617%
2025-08-26 15:18:08 - Subject: sub_081, Accuracy: 100.000%
2025-08-26 15:18:08 - Subject: sub_082, Accuracy: 97.297%
2025-08-26 15:18:08 - Subject: sub_083, Accuracy: 89.744%
2025-08-26 15:18:08 - Subject: sub_111, Accuracy: 97.674%
2025-08-26 15:18:08 - Subject: sub_112, Accuracy: 97.500%
2025-08-26 15:18:08 - Subject: sub_113, Accuracy: 82.979%
2025-08-26 15:18:08 - Subject: sub_114, Accuracy: 85.294%
2025-08-26 15:18:08 - Subject: sub_115, Accuracy: 86.111%
2025-08-26 15:18:08 - Subject: sub_116, Accuracy: 84.615%
2025-08-26 15:18:08 - Subject: sub_117, Accuracy: 97.368%
2025-08-26 15:18:08 - Subject: sub_118, Accuracy: 94.118%
2025-08-26 15:18:08 - Subject: sub_119, Accuracy: 91.667%
2025-08-26 15:18:08 - Subject: sub_120, Accuracy: 97.436%
2025-08-26 15:18:08 - Subject: sub_121, Accuracy: 80.952%
2025-08-26 15:18:08 - Subject: sub_122, Accuracy: 89.744%
2025-08-26 15:18:08 - Subject: sub_123, Accuracy: 88.889%
2025-08-26 15:18:08 - Subject: sub_124, Accuracy: 88.889%
2025-08-26 15:18:08 - Subject: sub_125, Accuracy: 90.323%
2025-08-26 15:18:08 - Subject: sub_127, Accuracy: 92.105%
2025-08-26 15:18:08 - 
AVO Pooled Model Statistics:
2025-08-26 15:18:08 - Mean Accuracy: 0.902
2025-08-26 15:18:08 - 95% Confidence Interval: [0.891, 0.913]
2025-08-26 15:18:08 - Best Subject: sub_081 (1.000)
2025-08-26 15:18:08 - Worst Subject: sub_059 (0.615)
