2025-08-26 15:30:54 - 
Experiment Configuration:
2025-08-26 15:30:54 - --------------------------------------------------
2025-08-26 15:30:54 - dataset: ds005863
2025-08-26 15:30:54 - use_combined_datasets: False
2025-08-26 15:30:54 - electrode_list: all
2025-08-26 15:30:54 - classifier: ShallowFBCSPNet
2025-08-26 15:30:54 - separate_subject_classification: False
2025-08-26 15:30:54 - use_subject_layer: True
2025-08-26 15:30:54 - seeds: [1]
2025-08-26 15:30:54 - --------------------------------------------------
2025-08-26 15:30:54 - 
==================================================
2025-08-26 15:30:54 - Processing Active Visual Oddball Dataset
2025-08-26 15:30:54 - ==================================================
2025-08-26 15:33:08 - Subject: sub_001, Accuracy: 83.784%
2025-08-26 15:33:08 - Subject: sub_002, Accuracy: 85.294%
2025-08-26 15:33:08 - Subject: sub_003, Accuracy: 80.645%
2025-08-26 15:33:08 - Subject: sub_004, Accuracy: 73.171%
2025-08-26 15:33:08 - Subject: sub_005, Accuracy: 89.583%
2025-08-26 15:33:08 - Subject: sub_006, Accuracy: 88.235%
2025-08-26 15:33:08 - Subject: sub_007, Accuracy: 91.837%
2025-08-26 15:33:08 - Subject: sub_008, Accuracy: 97.619%
2025-08-26 15:33:08 - Subject: sub_009, Accuracy: 91.304%
2025-08-26 15:33:08 - Subject: sub_010, Accuracy: 85.714%
2025-08-26 15:33:08 - Subject: sub_011, Accuracy: 97.143%
2025-08-26 15:33:08 - Subject: sub_012, Accuracy: 86.957%
2025-08-26 15:33:08 - Subject: sub_013, Accuracy: 77.551%
2025-08-26 15:33:08 - Subject: sub_014, Accuracy: 94.286%
2025-08-26 15:33:08 - Subject: sub_015, Accuracy: 93.182%
2025-08-26 15:33:08 - Subject: sub_016, Accuracy: 92.308%
2025-08-26 15:33:08 - Subject: sub_017, Accuracy: 86.364%
2025-08-26 15:33:08 - Subject: sub_018, Accuracy: 89.796%
2025-08-26 15:33:08 - Subject: sub_019, Accuracy: 91.489%
2025-08-26 15:33:08 - Subject: sub_020, Accuracy: 86.207%
2025-08-26 15:33:08 - Subject: sub_021, Accuracy: 90.909%
2025-08-26 15:33:08 - Subject: sub_022, Accuracy: 90.909%
2025-08-26 15:33:08 - Subject: sub_023, Accuracy: 84.783%
2025-08-26 15:33:08 - Subject: sub_024, Accuracy: 82.609%
2025-08-26 15:33:08 - Subject: sub_025, Accuracy: 88.372%
2025-08-26 15:33:08 - Subject: sub_026, Accuracy: 80.952%
2025-08-26 15:33:08 - Subject: sub_027, Accuracy: 79.487%
2025-08-26 15:33:08 - Subject: sub_028, Accuracy: 87.179%
2025-08-26 15:33:08 - Subject: sub_029, Accuracy: 95.745%
2025-08-26 15:33:08 - Subject: sub_030, Accuracy: 82.353%
2025-08-26 15:33:08 - Subject: sub_031, Accuracy: 73.333%
2025-08-26 15:33:08 - Subject: sub_032, Accuracy: 91.304%
2025-08-26 15:33:08 - Subject: sub_033, Accuracy: 88.235%
2025-08-26 15:33:08 - Subject: sub_034, Accuracy: 76.923%
2025-08-26 15:33:08 - Subject: sub_035, Accuracy: 100.000%
2025-08-26 15:33:08 - Subject: sub_036, Accuracy: 84.091%
2025-08-26 15:33:08 - Subject: sub_037, Accuracy: 93.939%
2025-08-26 15:33:08 - Subject: sub_038, Accuracy: 95.238%
2025-08-26 15:33:08 - Subject: sub_039, Accuracy: 92.857%
2025-08-26 15:33:08 - Subject: sub_040, Accuracy: 89.583%
2025-08-26 15:33:08 - Subject: sub_041, Accuracy: 78.571%
2025-08-26 15:33:08 - Subject: sub_042, Accuracy: 85.417%
2025-08-26 15:33:08 - Subject: sub_043, Accuracy: 89.744%
2025-08-26 15:33:08 - Subject: sub_044, Accuracy: 79.070%
2025-08-26 15:33:08 - Subject: sub_045, Accuracy: 76.471%
2025-08-26 15:33:08 - Subject: sub_046, Accuracy: 87.805%
2025-08-26 15:33:08 - Subject: sub_047, Accuracy: 82.353%
2025-08-26 15:33:08 - Subject: sub_048, Accuracy: 87.097%
2025-08-26 15:33:08 - Subject: sub_049, Accuracy: 76.923%
2025-08-26 15:33:08 - Subject: sub_050, Accuracy: 90.909%
2025-08-26 15:33:08 - Subject: sub_051, Accuracy: 77.551%
2025-08-26 15:33:08 - Subject: sub_052, Accuracy: 90.909%
2025-08-26 15:33:08 - Subject: sub_053, Accuracy: 87.234%
2025-08-26 15:33:08 - Subject: sub_054, Accuracy: 89.744%
2025-08-26 15:33:08 - Subject: sub_055, Accuracy: 94.118%
2025-08-26 15:33:08 - Subject: sub_056, Accuracy: 86.957%
2025-08-26 15:33:08 - Subject: sub_057, Accuracy: 86.842%
2025-08-26 15:33:08 - Subject: sub_058, Accuracy: 94.000%
2025-08-26 15:33:08 - Subject: sub_059, Accuracy: 90.000%
2025-08-26 15:33:08 - Subject: sub_060, Accuracy: 89.796%
2025-08-26 15:33:08 - Subject: sub_061, Accuracy: 84.211%
2025-08-26 15:33:08 - Subject: sub_062, Accuracy: 71.698%
2025-08-26 15:33:08 - Subject: sub_063, Accuracy: 90.476%
2025-08-26 15:33:08 - Subject: sub_064, Accuracy: 91.667%
2025-08-26 15:33:08 - Subject: sub_065, Accuracy: 84.314%
2025-08-26 15:33:08 - Subject: sub_066, Accuracy: 86.667%
2025-08-26 15:33:08 - Subject: sub_067, Accuracy: 95.918%
2025-08-26 15:33:08 - Subject: sub_068, Accuracy: 96.875%
2025-08-26 15:33:08 - Subject: sub_069, Accuracy: 84.615%
2025-08-26 15:33:08 - Subject: sub_070, Accuracy: 84.615%
2025-08-26 15:33:08 - Subject: sub_071, Accuracy: 91.304%
2025-08-26 15:33:08 - Subject: sub_073, Accuracy: 95.000%
2025-08-26 15:33:08 - Subject: sub_074, Accuracy: 82.222%
2025-08-26 15:33:08 - Subject: sub_075, Accuracy: 93.023%
2025-08-26 15:33:08 - Subject: sub_076, Accuracy: 85.000%
2025-08-26 15:33:08 - Subject: sub_077, Accuracy: 85.714%
2025-08-26 15:33:08 - Subject: sub_078, Accuracy: 93.182%
2025-08-26 15:33:08 - Subject: sub_079, Accuracy: 86.842%
2025-08-26 15:33:08 - Subject: sub_080, Accuracy: 88.571%
2025-08-26 15:33:08 - Subject: sub_081, Accuracy: 75.000%
2025-08-26 15:33:08 - Subject: sub_082, Accuracy: 81.250%
2025-08-26 15:33:08 - Subject: sub_083, Accuracy: 97.222%
2025-08-26 15:33:08 - Subject: sub_111, Accuracy: 90.698%
2025-08-26 15:33:08 - Subject: sub_112, Accuracy: 88.235%
2025-08-26 15:33:08 - Subject: sub_113, Accuracy: 91.176%
2025-08-26 15:33:08 - Subject: sub_114, Accuracy: 87.755%
2025-08-26 15:33:08 - Subject: sub_115, Accuracy: 86.111%
2025-08-26 15:33:08 - Subject: sub_116, Accuracy: 92.683%
2025-08-26 15:33:08 - Subject: sub_117, Accuracy: 82.353%
2025-08-26 15:33:08 - Subject: sub_118, Accuracy: 88.889%
2025-08-26 15:33:08 - Subject: sub_119, Accuracy: 92.500%
2025-08-26 15:33:08 - Subject: sub_120, Accuracy: 93.023%
2025-08-26 15:33:08 - Subject: sub_121, Accuracy: 87.179%
2025-08-26 15:33:08 - Subject: sub_122, Accuracy: 92.857%
2025-08-26 15:33:08 - Subject: sub_123, Accuracy: 93.182%
2025-08-26 15:33:08 - Subject: sub_124, Accuracy: 90.000%
2025-08-26 15:33:08 - Subject: sub_125, Accuracy: 88.235%
2025-08-26 15:33:08 - Subject: sub_127, Accuracy: 88.636%
2025-08-26 15:33:08 - 
AVO Pooled Model Statistics:
2025-08-26 15:33:08 - Mean Accuracy: 0.877
2025-08-26 15:33:08 - 95% Confidence Interval: [0.865, 0.889]
2025-08-26 15:33:08 - Best Subject: sub_035 (1.000)
2025-08-26 15:33:08 - Worst Subject: sub_062 (0.717)
