2025-08-26 15:07:30 - 
Experiment Configuration:
2025-08-26 15:07:30 - --------------------------------------------------
2025-08-26 15:07:30 - dataset: ds005863
2025-08-26 15:07:30 - use_combined_datasets: False
2025-08-26 15:07:30 - electrode_list: common
2025-08-26 15:07:30 - classifier: ShallowFBCSPNet
2025-08-26 15:07:30 - separate_subject_classification: False
2025-08-26 15:07:30 - use_subject_layer: False
2025-08-26 15:07:30 - seeds: [1]
2025-08-26 15:07:30 - --------------------------------------------------
2025-08-26 15:07:30 - 
==================================================
2025-08-26 15:07:30 - Processing Active Visual Oddball Dataset
2025-08-26 15:07:30 - ==================================================
2025-08-26 15:09:14 - Subject: sub_001, Accuracy: 90.244%
2025-08-26 15:09:14 - Subject: sub_002, Accuracy: 97.778%
2025-08-26 15:09:14 - Subject: sub_003, Accuracy: 95.349%
2025-08-26 15:09:14 - Subject: sub_004, Accuracy: 93.878%
2025-08-26 15:09:14 - Subject: sub_005, Accuracy: 87.805%
2025-08-26 15:09:14 - Subject: sub_006, Accuracy: 91.429%
2025-08-26 15:09:14 - Subject: sub_007, Accuracy: 95.238%
2025-08-26 15:09:14 - Subject: sub_008, Accuracy: 95.455%
2025-08-26 15:09:14 - Subject: sub_009, Accuracy: 93.333%
2025-08-26 15:09:14 - Subject: sub_010, Accuracy: 92.105%
2025-08-26 15:09:14 - Subject: sub_011, Accuracy: 92.308%
2025-08-26 15:09:14 - Subject: sub_012, Accuracy: 91.429%
2025-08-26 15:09:14 - Subject: sub_013, Accuracy: 94.231%
2025-08-26 15:09:14 - Subject: sub_014, Accuracy: 96.667%
2025-08-26 15:09:14 - Subject: sub_015, Accuracy: 97.872%
2025-08-26 15:09:14 - Subject: sub_016, Accuracy: 95.455%
2025-08-26 15:09:14 - Subject: sub_017, Accuracy: 94.872%
2025-08-26 15:09:14 - Subject: sub_018, Accuracy: 80.000%
2025-08-26 15:09:14 - Subject: sub_019, Accuracy: 95.833%
2025-08-26 15:09:14 - Subject: sub_020, Accuracy: 92.308%
2025-08-26 15:09:14 - Subject: sub_021, Accuracy: 92.308%
2025-08-26 15:09:14 - Subject: sub_022, Accuracy: 100.000%
2025-08-26 15:09:14 - Subject: sub_023, Accuracy: 86.275%
2025-08-26 15:09:14 - Subject: sub_024, Accuracy: 90.323%
2025-08-26 15:09:14 - Subject: sub_025, Accuracy: 90.244%
2025-08-26 15:09:14 - Subject: sub_026, Accuracy: 89.130%
2025-08-26 15:09:14 - Subject: sub_027, Accuracy: 88.372%
2025-08-26 15:09:14 - Subject: sub_028, Accuracy: 89.744%
2025-08-26 15:09:14 - Subject: sub_029, Accuracy: 92.500%
2025-08-26 15:09:14 - Subject: sub_030, Accuracy: 86.047%
2025-08-26 15:09:14 - Subject: sub_031, Accuracy: 95.238%
2025-08-26 15:09:14 - Subject: sub_032, Accuracy: 95.918%
2025-08-26 15:09:14 - Subject: sub_033, Accuracy: 95.745%
2025-08-26 15:09:14 - Subject: sub_034, Accuracy: 92.308%
2025-08-26 15:09:14 - Subject: sub_035, Accuracy: 92.308%
2025-08-26 15:09:14 - Subject: sub_036, Accuracy: 91.304%
2025-08-26 15:09:14 - Subject: sub_037, Accuracy: 93.548%
2025-08-26 15:09:14 - Subject: sub_038, Accuracy: 91.176%
2025-08-26 15:09:14 - Subject: sub_039, Accuracy: 92.857%
2025-08-26 15:09:14 - Subject: sub_040, Accuracy: 89.130%
2025-08-26 15:09:14 - Subject: sub_041, Accuracy: 95.000%
2025-08-26 15:09:14 - Subject: sub_042, Accuracy: 89.583%
2025-08-26 15:09:14 - Subject: sub_043, Accuracy: 90.244%
2025-08-26 15:09:14 - Subject: sub_044, Accuracy: 85.294%
2025-08-26 15:09:14 - Subject: sub_045, Accuracy: 77.778%
2025-08-26 15:09:14 - Subject: sub_046, Accuracy: 97.826%
2025-08-26 15:09:14 - Subject: sub_047, Accuracy: 90.909%
2025-08-26 15:09:14 - Subject: sub_048, Accuracy: 95.238%
2025-08-26 15:09:14 - Subject: sub_049, Accuracy: 90.909%
2025-08-26 15:09:14 - Subject: sub_050, Accuracy: 90.909%
2025-08-26 15:09:14 - Subject: sub_051, Accuracy: 92.857%
2025-08-26 15:09:14 - Subject: sub_052, Accuracy: 93.750%
2025-08-26 15:09:14 - Subject: sub_053, Accuracy: 96.226%
2025-08-26 15:09:14 - Subject: sub_054, Accuracy: 94.444%
2025-08-26 15:09:14 - Subject: sub_055, Accuracy: 97.368%
2025-08-26 15:09:14 - Subject: sub_056, Accuracy: 90.000%
2025-08-26 15:09:14 - Subject: sub_057, Accuracy: 88.372%
2025-08-26 15:09:14 - Subject: sub_058, Accuracy: 94.872%
2025-08-26 15:09:14 - Subject: sub_059, Accuracy: 95.238%
2025-08-26 15:09:14 - Subject: sub_060, Accuracy: 86.047%
2025-08-26 15:09:14 - Subject: sub_061, Accuracy: 92.308%
2025-08-26 15:09:14 - Subject: sub_062, Accuracy: 93.478%
2025-08-26 15:09:14 - Subject: sub_063, Accuracy: 90.909%
2025-08-26 15:09:14 - Subject: sub_064, Accuracy: 93.023%
2025-08-26 15:09:14 - Subject: sub_065, Accuracy: 88.571%
2025-08-26 15:09:14 - Subject: sub_066, Accuracy: 92.857%
2025-08-26 15:09:14 - Subject: sub_067, Accuracy: 89.189%
2025-08-26 15:09:14 - Subject: sub_068, Accuracy: 95.349%
2025-08-26 15:09:14 - Subject: sub_069, Accuracy: 97.143%
2025-08-26 15:09:14 - Subject: sub_070, Accuracy: 94.737%
2025-08-26 15:09:14 - Subject: sub_071, Accuracy: 95.122%
2025-08-26 15:09:14 - Subject: sub_073, Accuracy: 85.106%
2025-08-26 15:09:14 - Subject: sub_074, Accuracy: 91.837%
2025-08-26 15:09:14 - Subject: sub_075, Accuracy: 95.122%
2025-08-26 15:09:14 - Subject: sub_076, Accuracy: 93.333%
2025-08-26 15:09:14 - Subject: sub_077, Accuracy: 92.683%
2025-08-26 15:09:14 - Subject: sub_078, Accuracy: 95.745%
2025-08-26 15:09:14 - Subject: sub_079, Accuracy: 91.667%
2025-08-26 15:09:14 - Subject: sub_080, Accuracy: 86.486%
2025-08-26 15:09:14 - Subject: sub_081, Accuracy: 92.500%
2025-08-26 15:09:14 - Subject: sub_082, Accuracy: 91.429%
2025-08-26 15:09:14 - Subject: sub_083, Accuracy: 91.837%
2025-08-26 15:09:14 - Subject: sub_111, Accuracy: 88.889%
2025-08-26 15:09:14 - Subject: sub_112, Accuracy: 90.323%
2025-08-26 15:09:14 - Subject: sub_113, Accuracy: 94.286%
2025-08-26 15:09:14 - Subject: sub_114, Accuracy: 85.294%
2025-08-26 15:09:14 - Subject: sub_115, Accuracy: 90.000%
2025-08-26 15:09:14 - Subject: sub_116, Accuracy: 94.444%
2025-08-26 15:09:14 - Subject: sub_117, Accuracy: 100.000%
2025-08-26 15:09:14 - Subject: sub_118, Accuracy: 87.500%
2025-08-26 15:09:14 - Subject: sub_119, Accuracy: 95.238%
2025-08-26 15:09:14 - Subject: sub_120, Accuracy: 91.892%
2025-08-26 15:09:14 - Subject: sub_121, Accuracy: 97.500%
2025-08-26 15:09:14 - Subject: sub_122, Accuracy: 97.619%
2025-08-26 15:09:14 - Subject: sub_123, Accuracy: 95.000%
2025-08-26 15:09:14 - Subject: sub_124, Accuracy: 85.714%
2025-08-26 15:09:14 - Subject: sub_125, Accuracy: 78.261%
2025-08-26 15:09:14 - Subject: sub_127, Accuracy: 89.130%
2025-08-26 15:09:14 - 
AVO Pooled Model Statistics:
2025-08-26 15:09:14 - Mean Accuracy: 0.921
2025-08-26 15:09:14 - 95% Confidence Interval: [0.912, 0.929]
2025-08-26 15:09:14 - Best Subject: sub_022 (1.000)
2025-08-26 15:09:14 - Worst Subject: sub_045 (0.778)
