2025-08-26 15:18:11 - 
Experiment Configuration:
2025-08-26 15:18:11 - --------------------------------------------------
2025-08-26 15:18:11 - dataset: use_combined_datasets
2025-08-26 15:18:11 - use_combined_datasets: True
2025-08-26 15:18:11 - electrode_list: common
2025-08-26 15:18:11 - classifier: ShallowFBCSPNet
2025-08-26 15:18:11 - separate_subject_classification: False
2025-08-26 15:18:11 - use_subject_layer: False
2025-08-26 15:18:11 - seeds: [1]
2025-08-26 15:18:11 - --------------------------------------------------
2025-08-26 15:18:11 - 
==================================================
2025-08-26 15:18:11 - Processing Combined P3 and AVO Datasets
2025-08-26 15:18:11 - ==================================================
2025-08-26 15:22:35 - Subject: P3_sub-001, Accuracy: 84.091%
2025-08-26 15:22:35 - Subject: P3_sub-002, Accuracy: 86.486%
2025-08-26 15:22:35 - Subject: P3_sub-003, Accuracy: 79.070%
2025-08-26 15:22:35 - Subject: P3_sub-004, Accuracy: 86.667%
2025-08-26 15:22:35 - Subject: P3_sub-005, Accuracy: 88.889%
2025-08-26 15:22:35 - Subject: P3_sub-006, Accuracy: 79.310%
2025-08-26 15:22:35 - Subject: P3_sub-007, Accuracy: 84.615%
2025-08-26 15:22:35 - Subject: P3_sub-008, Accuracy: 82.000%
2025-08-26 15:22:35 - Subject: P3_sub-009, Accuracy: 73.684%
2025-08-26 15:22:35 - Subject: P3_sub-010, Accuracy: 80.488%
2025-08-26 15:22:35 - Subject: P3_sub-011, Accuracy: 75.556%
2025-08-26 15:22:35 - Subject: P3_sub-012, Accuracy: 93.333%
2025-08-26 15:22:35 - Subject: P3_sub-013, Accuracy: 90.323%
2025-08-26 15:22:35 - Subject: P3_sub-014, Accuracy: 80.000%
2025-08-26 15:22:35 - Subject: P3_sub-015, Accuracy: 78.125%
2025-08-26 15:22:35 - Subject: P3_sub-016, Accuracy: 82.051%
2025-08-26 15:22:35 - Subject: P3_sub-017, Accuracy: 73.810%
2025-08-26 15:22:35 - Subject: P3_sub-018, Accuracy: 83.333%
2025-08-26 15:22:35 - Subject: P3_sub-019, Accuracy: 80.851%
2025-08-26 15:22:35 - Subject: P3_sub-020, Accuracy: 78.788%
2025-08-26 15:22:35 - Subject: P3_sub-021, Accuracy: 85.714%
2025-08-26 15:22:35 - Subject: P3_sub-022, Accuracy: 83.784%
2025-08-26 15:22:35 - Subject: P3_sub-023, Accuracy: 71.053%
2025-08-26 15:22:35 - Subject: P3_sub-024, Accuracy: 76.190%
2025-08-26 15:22:35 - Subject: P3_sub-025, Accuracy: 67.568%
2025-08-26 15:22:35 - Subject: P3_sub-026, Accuracy: 71.111%
2025-08-26 15:22:35 - Subject: P3_sub-027, Accuracy: 80.645%
2025-08-26 15:22:35 - Subject: P3_sub-028, Accuracy: 88.889%
2025-08-26 15:22:35 - Subject: P3_sub-029, Accuracy: 85.366%
2025-08-26 15:22:35 - Subject: P3_sub-030, Accuracy: 79.070%
2025-08-26 15:22:35 - Subject: P3_sub-031, Accuracy: 81.818%
2025-08-26 15:22:35 - Subject: P3_sub-032, Accuracy: 87.805%
2025-08-26 15:22:35 - Subject: P3_sub-033, Accuracy: 70.833%
2025-08-26 15:22:35 - Subject: P3_sub-034, Accuracy: 85.417%
2025-08-26 15:22:35 - Subject: P3_sub-035, Accuracy: 83.333%
2025-08-26 15:22:35 - Subject: P3_sub-036, Accuracy: 90.244%
2025-08-26 15:22:35 - Subject: P3_sub-037, Accuracy: 71.053%
2025-08-26 15:22:35 - Subject: P3_sub-038, Accuracy: 80.702%
2025-08-26 15:22:35 - Subject: P3_sub-039, Accuracy: 87.179%
2025-08-26 15:22:35 - Subject: P3_sub-040, Accuracy: 79.487%
2025-08-26 15:22:35 - Subject: AVO_001, Accuracy: 94.444%
2025-08-26 15:22:35 - Subject: AVO_002, Accuracy: 90.476%
2025-08-26 15:22:35 - Subject: AVO_003, Accuracy: 90.625%
2025-08-26 15:22:35 - Subject: AVO_004, Accuracy: 90.476%
2025-08-26 15:22:35 - Subject: AVO_005, Accuracy: 97.297%
2025-08-26 15:22:35 - Subject: AVO_006, Accuracy: 92.308%
2025-08-26 15:22:35 - Subject: AVO_007, Accuracy: 92.308%
2025-08-26 15:22:35 - Subject: AVO_008, Accuracy: 90.196%
2025-08-26 15:22:35 - Subject: AVO_009, Accuracy: 97.500%
2025-08-26 15:22:35 - Subject: AVO_010, Accuracy: 80.000%
2025-08-26 15:22:35 - Subject: AVO_011, Accuracy: 97.297%
2025-08-26 15:22:35 - Subject: AVO_012, Accuracy: 86.486%
2025-08-26 15:22:35 - Subject: AVO_013, Accuracy: 93.023%
2025-08-26 15:22:35 - Subject: AVO_014, Accuracy: 92.157%
2025-08-26 15:22:35 - Subject: AVO_015, Accuracy: 93.333%
2025-08-26 15:22:35 - Subject: AVO_016, Accuracy: 89.362%
2025-08-26 15:22:35 - Subject: AVO_017, Accuracy: 93.750%
2025-08-26 15:22:35 - Subject: AVO_018, Accuracy: 93.103%
2025-08-26 15:22:35 - Subject: AVO_019, Accuracy: 87.179%
2025-08-26 15:22:35 - Subject: AVO_020, Accuracy: 88.889%
2025-08-26 15:22:35 - Subject: AVO_021, Accuracy: 90.909%
2025-08-26 15:22:35 - Subject: AVO_022, Accuracy: 93.617%
2025-08-26 15:22:35 - Subject: AVO_023, Accuracy: 86.538%
2025-08-26 15:22:35 - Subject: AVO_024, Accuracy: 95.745%
2025-08-26 15:22:35 - Subject: AVO_025, Accuracy: 91.429%
2025-08-26 15:22:35 - Subject: AVO_026, Accuracy: 92.308%
2025-08-26 15:22:35 - Subject: AVO_027, Accuracy: 94.737%
2025-08-26 15:22:35 - Subject: AVO_028, Accuracy: 87.879%
2025-08-26 15:22:35 - Subject: AVO_029, Accuracy: 88.095%
2025-08-26 15:22:35 - Subject: AVO_030, Accuracy: 95.455%
2025-08-26 15:22:35 - Subject: AVO_031, Accuracy: 86.111%
2025-08-26 15:22:35 - Subject: AVO_032, Accuracy: 91.379%
2025-08-26 15:22:35 - Subject: AVO_033, Accuracy: 93.617%
2025-08-26 15:22:35 - Subject: AVO_034, Accuracy: 86.842%
2025-08-26 15:22:35 - Subject: AVO_035, Accuracy: 92.500%
2025-08-26 15:22:35 - Subject: AVO_036, Accuracy: 90.476%
2025-08-26 15:22:35 - Subject: AVO_037, Accuracy: 89.583%
2025-08-26 15:22:35 - Subject: AVO_038, Accuracy: 90.625%
2025-08-26 15:22:35 - Subject: AVO_039, Accuracy: 92.857%
2025-08-26 15:22:35 - Subject: AVO_040, Accuracy: 89.130%
2025-08-26 15:22:35 - Subject: AVO_041, Accuracy: 91.176%
2025-08-26 15:22:35 - Subject: AVO_042, Accuracy: 91.429%
2025-08-26 15:22:35 - Subject: AVO_043, Accuracy: 94.737%
2025-08-26 15:22:35 - Subject: AVO_044, Accuracy: 95.000%
2025-08-26 15:22:35 - Subject: AVO_045, Accuracy: 92.683%
2025-08-26 15:22:35 - Subject: AVO_046, Accuracy: 93.878%
2025-08-26 15:22:35 - Subject: AVO_047, Accuracy: 91.429%
2025-08-26 15:22:35 - Subject: AVO_048, Accuracy: 86.047%
2025-08-26 15:22:35 - Subject: AVO_049, Accuracy: 90.698%
2025-08-26 15:22:35 - Subject: AVO_050, Accuracy: 90.244%
2025-08-26 15:22:35 - Subject: AVO_051, Accuracy: 95.455%
2025-08-26 15:22:35 - Subject: AVO_052, Accuracy: 92.857%
2025-08-26 15:22:35 - Subject: AVO_053, Accuracy: 94.444%
2025-08-26 15:22:35 - Subject: AVO_054, Accuracy: 92.308%
2025-08-26 15:22:35 - Subject: AVO_055, Accuracy: 95.833%
2025-08-26 15:22:35 - Subject: AVO_056, Accuracy: 88.095%
2025-08-26 15:22:35 - Subject: AVO_057, Accuracy: 89.474%
2025-08-26 15:22:35 - Subject: AVO_058, Accuracy: 95.349%
2025-08-26 15:22:35 - Subject: AVO_059, Accuracy: 94.444%
2025-08-26 15:22:35 - Subject: AVO_060, Accuracy: 93.478%
2025-08-26 15:22:35 - Subject: AVO_061, Accuracy: 91.892%
2025-08-26 15:22:35 - Subject: AVO_062, Accuracy: 95.652%
2025-08-26 15:22:35 - Subject: AVO_063, Accuracy: 94.286%
2025-08-26 15:22:35 - Subject: AVO_064, Accuracy: 87.179%
2025-08-26 15:22:35 - Subject: AVO_065, Accuracy: 95.000%
2025-08-26 15:22:35 - Subject: AVO_066, Accuracy: 84.444%
2025-08-26 15:22:35 - Subject: AVO_067, Accuracy: 93.750%
2025-08-26 15:22:35 - Subject: AVO_068, Accuracy: 94.643%
2025-08-26 15:22:35 - Subject: AVO_069, Accuracy: 97.143%
2025-08-26 15:22:35 - Subject: AVO_070, Accuracy: 92.683%
2025-08-26 15:22:35 - Subject: AVO_071, Accuracy: 90.566%
2025-08-26 15:22:35 - Subject: AVO_073, Accuracy: 89.189%
2025-08-26 15:22:35 - Subject: AVO_074, Accuracy: 92.157%
2025-08-26 15:22:35 - Subject: AVO_075, Accuracy: 92.105%
2025-08-26 15:22:35 - Subject: AVO_076, Accuracy: 89.189%
2025-08-26 15:22:35 - Subject: AVO_077, Accuracy: 88.235%
2025-08-26 15:22:35 - Subject: AVO_078, Accuracy: 90.625%
2025-08-26 15:22:35 - Subject: AVO_079, Accuracy: 94.444%
2025-08-26 15:22:35 - Subject: AVO_080, Accuracy: 92.683%
2025-08-26 15:22:35 - Subject: AVO_081, Accuracy: 93.023%
2025-08-26 15:22:35 - Subject: AVO_082, Accuracy: 80.000%
2025-08-26 15:22:35 - Subject: AVO_083, Accuracy: 90.385%
2025-08-26 15:22:35 - Subject: AVO_111, Accuracy: 91.837%
2025-08-26 15:22:35 - Subject: AVO_112, Accuracy: 90.244%
2025-08-26 15:22:35 - Subject: AVO_113, Accuracy: 88.095%
2025-08-26 15:22:35 - Subject: AVO_114, Accuracy: 94.595%
2025-08-26 15:22:35 - Subject: AVO_115, Accuracy: 97.059%
2025-08-26 15:22:35 - Subject: AVO_116, Accuracy: 97.619%
2025-08-26 15:22:35 - Subject: AVO_117, Accuracy: 95.000%
2025-08-26 15:22:35 - Subject: AVO_118, Accuracy: 91.837%
2025-08-26 15:22:35 - Subject: AVO_119, Accuracy: 100.000%
2025-08-26 15:22:35 - Subject: AVO_120, Accuracy: 90.909%
2025-08-26 15:22:35 - Subject: AVO_121, Accuracy: 95.238%
2025-08-26 15:22:35 - Subject: AVO_122, Accuracy: 87.097%
2025-08-26 15:22:35 - Subject: AVO_123, Accuracy: 94.872%
2025-08-26 15:22:35 - Subject: AVO_124, Accuracy: 91.667%
2025-08-26 15:22:35 - Subject: AVO_125, Accuracy: 91.667%
2025-08-26 15:22:35 - Subject: AVO_127, Accuracy: 87.500%
2025-08-26 15:22:35 - 
Combined Model (All Subjects) Statistics:
2025-08-26 15:22:35 - Mean Accuracy: 0.887
2025-08-26 15:22:35 - 95% Confidence Interval: [0.876, 0.898]
2025-08-26 15:22:35 - Best Subject: AVO_119 (1.000)
2025-08-26 15:22:35 - Worst Subject: P3_sub-025 (0.676)
2025-08-26 15:22:35 - 
Combined Model – P3 Subjects Statistics:
2025-08-26 15:22:35 - Mean Accuracy: 0.812
2025-08-26 15:22:35 - 95% Confidence Interval: [0.793, 0.832]
2025-08-26 15:22:35 - Best Subject: P3_sub-012 (0.933)
2025-08-26 15:22:35 - Worst Subject: P3_sub-025 (0.676)
2025-08-26 15:22:35 - 
Combined Model – AVO Subjects Statistics:
2025-08-26 15:22:35 - Mean Accuracy: 0.918
2025-08-26 15:22:35 - 95% Confidence Interval: [0.911, 0.925]
2025-08-26 15:22:35 - Best Subject: AVO_119 (1.000)
2025-08-26 15:22:35 - Worst Subject: AVO_010 (0.800)
