2025-08-26 15:01:14 - 
Experiment Configuration:
2025-08-26 15:01:14 - --------------------------------------------------
2025-08-26 15:01:14 - dataset: P3 Raw Data BIDS-Compatible
2025-08-26 15:01:14 - use_combined_datasets: False
2025-08-26 15:01:14 - electrode_list: common
2025-08-26 15:01:14 - classifier: lda
2025-08-26 15:01:14 - separate_subject_classification: True
2025-08-26 15:01:14 - use_subject_layer: False
2025-08-26 15:01:14 - seeds: [1]
2025-08-26 15:01:14 - --------------------------------------------------
2025-08-26 15:01:14 - 
==================================================
2025-08-26 15:01:14 - Processing P3 Dataset
2025-08-26 15:01:14 - ==================================================
2025-08-26 15:01:19 - Subject: sub-001, Accuracy: 67.500%
2025-08-26 15:01:24 - Subject: sub-002, Accuracy: 77.500%
2025-08-26 15:01:28 - Subject: sub-003, Accuracy: 87.500%
2025-08-26 15:01:29 - Subject: sub-004, Accuracy: 80.000%
2025-08-26 15:01:29 - Subject: sub-005, Accuracy: 77.500%
2025-08-26 15:01:29 - Subject: sub-006, Accuracy: 70.000%
2025-08-26 15:01:30 - Subject: sub-007, Accuracy: 85.000%
2025-08-26 15:01:30 - Subject: sub-008, Accuracy: 67.500%
2025-08-26 15:01:31 - Subject: sub-009, Accuracy: 77.500%
2025-08-26 15:01:31 - Subject: sub-010, Accuracy: 75.000%
2025-08-26 15:01:32 - Subject: sub-011, Accuracy: 65.000%
2025-08-26 15:01:32 - Subject: sub-012, Accuracy: 72.500%
2025-08-26 15:01:32 - Subject: sub-013, Accuracy: 80.000%
2025-08-26 15:01:33 - Subject: sub-014, Accuracy: 77.500%
2025-08-26 15:01:33 - Subject: sub-015, Accuracy: 80.000%
2025-08-26 15:01:34 - Subject: sub-016, Accuracy: 87.500%
2025-08-26 15:01:34 - Subject: sub-017, Accuracy: 77.500%
2025-08-26 15:01:35 - Subject: sub-018, Accuracy: 77.500%
2025-08-26 15:01:35 - Subject: sub-019, Accuracy: 82.500%
2025-08-26 15:01:35 - Subject: sub-020, Accuracy: 82.500%
2025-08-26 15:01:36 - Subject: sub-021, Accuracy: 82.500%
2025-08-26 15:01:36 - Subject: sub-022, Accuracy: 85.000%
2025-08-26 15:01:37 - Subject: sub-023, Accuracy: 80.000%
2025-08-26 15:01:37 - Subject: sub-024, Accuracy: 62.500%
2025-08-26 15:01:39 - Subject: sub-025, Accuracy: 70.000%
2025-08-26 15:01:39 - Subject: sub-026, Accuracy: 72.500%
2025-08-26 15:01:43 - Subject: sub-027, Accuracy: 75.000%
2025-08-26 15:01:44 - Subject: sub-028, Accuracy: 72.500%
2025-08-26 15:01:44 - Subject: sub-029, Accuracy: 87.500%
2025-08-26 15:01:45 - Subject: sub-030, Accuracy: 70.000%
2025-08-26 15:01:45 - Subject: sub-031, Accuracy: 80.000%
2025-08-26 15:01:49 - Subject: sub-032, Accuracy: 70.000%
2025-08-26 15:01:50 - Subject: sub-033, Accuracy: 77.500%
2025-08-26 15:01:50 - Subject: sub-034, Accuracy: 82.500%
2025-08-26 15:01:51 - Subject: sub-035, Accuracy: 70.000%
2025-08-26 15:01:51 - Subject: sub-036, Accuracy: 75.000%
2025-08-26 15:01:51 - Subject: sub-037, Accuracy: 80.000%
2025-08-26 15:01:52 - Subject: sub-038, Accuracy: 77.500%
2025-08-26 15:01:52 - Subject: sub-039, Accuracy: 75.000%
2025-08-26 15:01:53 - Subject: sub-040, Accuracy: 67.500%
2025-08-26 15:01:53 - Subject: sub-001, Accuracy: 67.500%
2025-08-26 15:01:53 - Subject: sub-002, Accuracy: 77.500%
2025-08-26 15:01:53 - Subject: sub-003, Accuracy: 87.500%
2025-08-26 15:01:53 - Subject: sub-004, Accuracy: 80.000%
2025-08-26 15:01:53 - Subject: sub-005, Accuracy: 77.500%
2025-08-26 15:01:53 - Subject: sub-006, Accuracy: 70.000%
2025-08-26 15:01:53 - Subject: sub-007, Accuracy: 85.000%
2025-08-26 15:01:53 - Subject: sub-008, Accuracy: 67.500%
2025-08-26 15:01:53 - Subject: sub-009, Accuracy: 77.500%
2025-08-26 15:01:53 - Subject: sub-010, Accuracy: 75.000%
2025-08-26 15:01:53 - Subject: sub-011, Accuracy: 65.000%
2025-08-26 15:01:53 - Subject: sub-012, Accuracy: 72.500%
2025-08-26 15:01:53 - Subject: sub-013, Accuracy: 80.000%
2025-08-26 15:01:53 - Subject: sub-014, Accuracy: 77.500%
2025-08-26 15:01:53 - Subject: sub-015, Accuracy: 80.000%
2025-08-26 15:01:53 - Subject: sub-016, Accuracy: 87.500%
2025-08-26 15:01:53 - Subject: sub-017, Accuracy: 77.500%
2025-08-26 15:01:53 - Subject: sub-018, Accuracy: 77.500%
2025-08-26 15:01:53 - Subject: sub-019, Accuracy: 82.500%
2025-08-26 15:01:53 - Subject: sub-020, Accuracy: 82.500%
2025-08-26 15:01:53 - Subject: sub-021, Accuracy: 82.500%
2025-08-26 15:01:53 - Subject: sub-022, Accuracy: 85.000%
2025-08-26 15:01:53 - Subject: sub-023, Accuracy: 80.000%
2025-08-26 15:01:53 - Subject: sub-024, Accuracy: 62.500%
2025-08-26 15:01:53 - Subject: sub-025, Accuracy: 70.000%
2025-08-26 15:01:53 - Subject: sub-026, Accuracy: 72.500%
2025-08-26 15:01:53 - Subject: sub-027, Accuracy: 75.000%
2025-08-26 15:01:53 - Subject: sub-028, Accuracy: 72.500%
2025-08-26 15:01:53 - Subject: sub-029, Accuracy: 87.500%
2025-08-26 15:01:53 - Subject: sub-030, Accuracy: 70.000%
2025-08-26 15:01:53 - Subject: sub-031, Accuracy: 80.000%
2025-08-26 15:01:53 - Subject: sub-032, Accuracy: 70.000%
2025-08-26 15:01:53 - Subject: sub-033, Accuracy: 77.500%
2025-08-26 15:01:53 - Subject: sub-034, Accuracy: 82.500%
2025-08-26 15:01:53 - Subject: sub-035, Accuracy: 70.000%
2025-08-26 15:01:53 - Subject: sub-036, Accuracy: 75.000%
2025-08-26 15:01:53 - Subject: sub-037, Accuracy: 80.000%
2025-08-26 15:01:53 - Subject: sub-038, Accuracy: 77.500%
2025-08-26 15:01:53 - Subject: sub-039, Accuracy: 75.000%
2025-08-26 15:01:53 - Subject: sub-040, Accuracy: 67.500%
2025-08-26 15:01:53 - 
P3 Individual Models Statistics:
2025-08-26 15:01:53 - Mean Accuracy: 0.765
2025-08-26 15:01:53 - 95% Confidence Interval: [0.745, 0.785]
2025-08-26 15:01:53 - Best Subject: sub-003 (0.875)
2025-08-26 15:01:53 - Worst Subject: sub-024 (0.625)
