2025-08-26 15:00:12 - 
Experiment Configuration:
2025-08-26 15:00:12 - --------------------------------------------------
2025-08-26 15:00:12 - dataset: P3 Raw Data BIDS-Compatible
2025-08-26 15:00:12 - use_combined_datasets: False
2025-08-26 15:00:12 - electrode_list: common
2025-08-26 15:00:12 - classifier: ShallowFBCSPNet
2025-08-26 15:00:12 - separate_subject_classification: False
2025-08-26 15:00:12 - use_subject_layer: False
2025-08-26 15:00:12 - seeds: [1]
2025-08-26 15:00:12 - --------------------------------------------------
2025-08-26 15:00:12 - 
==================================================
2025-08-26 15:00:12 - Processing P3 Dataset
2025-08-26 15:00:12 - ==================================================
2025-08-26 15:01:11 - Subject: sub-001, Accuracy: 80.000%
2025-08-26 15:01:11 - Subject: sub-002, Accuracy: 78.571%
2025-08-26 15:01:11 - Subject: sub-003, Accuracy: 80.488%
2025-08-26 15:01:11 - Subject: sub-004, Accuracy: 86.486%
2025-08-26 15:01:11 - Subject: sub-005, Accuracy: 83.721%
2025-08-26 15:01:11 - Subject: sub-006, Accuracy: 74.419%
2025-08-26 15:01:11 - Subject: sub-007, Accuracy: 70.000%
2025-08-26 15:01:11 - Subject: sub-008, Accuracy: 67.442%
2025-08-26 15:01:11 - Subject: sub-009, Accuracy: 82.000%
2025-08-26 15:01:11 - Subject: sub-010, Accuracy: 81.395%
2025-08-26 15:01:11 - Subject: sub-011, Accuracy: 73.529%
2025-08-26 15:01:11 - Subject: sub-012, Accuracy: 93.548%
2025-08-26 15:01:11 - Subject: sub-013, Accuracy: 73.913%
2025-08-26 15:01:11 - Subject: sub-014, Accuracy: 80.000%
2025-08-26 15:01:11 - Subject: sub-015, Accuracy: 76.744%
2025-08-26 15:01:11 - Subject: sub-016, Accuracy: 83.333%
2025-08-26 15:01:11 - Subject: sub-017, Accuracy: 80.488%
2025-08-26 15:01:11 - Subject: sub-018, Accuracy: 72.093%
2025-08-26 15:01:11 - Subject: sub-019, Accuracy: 73.810%
2025-08-26 15:01:11 - Subject: sub-020, Accuracy: 79.070%
2025-08-26 15:01:11 - Subject: sub-021, Accuracy: 82.353%
2025-08-26 15:01:11 - Subject: sub-022, Accuracy: 73.529%
2025-08-26 15:01:11 - Subject: sub-023, Accuracy: 80.952%
2025-08-26 15:01:11 - Subject: sub-024, Accuracy: 78.125%
2025-08-26 15:01:11 - Subject: sub-025, Accuracy: 86.364%
2025-08-26 15:01:11 - Subject: sub-026, Accuracy: 70.370%
2025-08-26 15:01:11 - Subject: sub-027, Accuracy: 80.488%
2025-08-26 15:01:11 - Subject: sub-028, Accuracy: 84.444%
2025-08-26 15:01:11 - Subject: sub-029, Accuracy: 76.190%
2025-08-26 15:01:11 - Subject: sub-030, Accuracy: 85.714%
2025-08-26 15:01:11 - Subject: sub-031, Accuracy: 72.222%
2025-08-26 15:01:11 - Subject: sub-032, Accuracy: 84.211%
2025-08-26 15:01:11 - Subject: sub-033, Accuracy: 82.051%
2025-08-26 15:01:11 - Subject: sub-034, Accuracy: 81.081%
2025-08-26 15:01:11 - Subject: sub-035, Accuracy: 80.645%
2025-08-26 15:01:11 - Subject: sub-036, Accuracy: 82.500%
2025-08-26 15:01:11 - Subject: sub-037, Accuracy: 83.333%
2025-08-26 15:01:11 - Subject: sub-038, Accuracy: 90.476%
2025-08-26 15:01:11 - Subject: sub-039, Accuracy: 90.625%
2025-08-26 15:01:11 - Subject: sub-040, Accuracy: 70.270%
2025-08-26 15:01:11 - 
P3 Pooled Model Statistics:
2025-08-26 15:01:11 - Mean Accuracy: 0.797
2025-08-26 15:01:11 - 95% Confidence Interval: [0.778, 0.816]
2025-08-26 15:01:11 - Best Subject: sub-012 (0.935)
2025-08-26 15:01:11 - Worst Subject: sub-008 (0.674)
