2025-08-26 15:01:56 - 
Experiment Configuration:
2025-08-26 15:01:56 - --------------------------------------------------
2025-08-26 15:01:56 - dataset: P3 Raw Data BIDS-Compatible
2025-08-26 15:01:56 - use_combined_datasets: False
2025-08-26 15:01:56 - electrode_list: common
2025-08-26 15:01:56 - classifier: lda
2025-08-26 15:01:56 - separate_subject_classification: False
2025-08-26 15:01:56 - use_subject_layer: False
2025-08-26 15:01:56 - seeds: [1]
2025-08-26 15:01:56 - --------------------------------------------------
2025-08-26 15:01:56 - 
==================================================
2025-08-26 15:01:56 - Processing P3 Dataset
2025-08-26 15:01:56 - ==================================================
2025-08-26 15:02:09 - Subject: sub-001, Accuracy: 74.359%
2025-08-26 15:02:09 - Subject: sub-002, Accuracy: 85.714%
2025-08-26 15:02:09 - Subject: sub-003, Accuracy: 82.051%
2025-08-26 15:02:09 - Subject: sub-004, Accuracy: 80.435%
2025-08-26 15:02:09 - Subject: sub-005, Accuracy: 79.487%
2025-08-26 15:02:09 - Subject: sub-006, Accuracy: 75.000%
2025-08-26 15:02:09 - Subject: sub-007, Accuracy: 73.333%
2025-08-26 15:02:09 - Subject: sub-008, Accuracy: 78.947%
2025-08-26 15:02:09 - Subject: sub-009, Accuracy: 85.714%
2025-08-26 15:02:09 - Subject: sub-010, Accuracy: 71.795%
2025-08-26 15:02:09 - Subject: sub-011, Accuracy: 86.842%
2025-08-26 15:02:09 - Subject: sub-012, Accuracy: 84.091%
2025-08-26 15:02:09 - Subject: sub-013, Accuracy: 81.818%
2025-08-26 15:02:09 - Subject: sub-014, Accuracy: 76.364%
2025-08-26 15:02:09 - Subject: sub-015, Accuracy: 80.645%
2025-08-26 15:02:09 - Subject: sub-016, Accuracy: 79.070%
2025-08-26 15:02:09 - Subject: sub-017, Accuracy: 75.000%
2025-08-26 15:02:09 - Subject: sub-018, Accuracy: 79.487%
2025-08-26 15:02:09 - Subject: sub-019, Accuracy: 75.000%
2025-08-26 15:02:09 - Subject: sub-020, Accuracy: 72.500%
2025-08-26 15:02:09 - Subject: sub-021, Accuracy: 72.000%
2025-08-26 15:02:09 - Subject: sub-022, Accuracy: 64.865%
2025-08-26 15:02:09 - Subject: sub-023, Accuracy: 68.750%
2025-08-26 15:02:09 - Subject: sub-024, Accuracy: 91.667%
2025-08-26 15:02:09 - Subject: sub-025, Accuracy: 75.610%
2025-08-26 15:02:09 - Subject: sub-026, Accuracy: 87.097%
2025-08-26 15:02:09 - Subject: sub-027, Accuracy: 91.429%
2025-08-26 15:02:09 - Subject: sub-028, Accuracy: 65.957%
2025-08-26 15:02:09 - Subject: sub-029, Accuracy: 73.810%
2025-08-26 15:02:09 - Subject: sub-030, Accuracy: 81.395%
2025-08-26 15:02:09 - Subject: sub-031, Accuracy: 82.857%
2025-08-26 15:02:09 - Subject: sub-032, Accuracy: 87.500%
2025-08-26 15:02:09 - Subject: sub-033, Accuracy: 80.435%
2025-08-26 15:02:09 - Subject: sub-034, Accuracy: 83.333%
2025-08-26 15:02:09 - Subject: sub-035, Accuracy: 89.286%
2025-08-26 15:02:09 - Subject: sub-036, Accuracy: 73.077%
2025-08-26 15:02:09 - Subject: sub-037, Accuracy: 80.556%
2025-08-26 15:02:09 - Subject: sub-038, Accuracy: 72.727%
2025-08-26 15:02:09 - Subject: sub-039, Accuracy: 72.222%
2025-08-26 15:02:09 - Subject: sub-040, Accuracy: 65.909%
2025-08-26 15:02:09 - 
P3 Pooled Model Statistics:
2025-08-26 15:02:09 - Mean Accuracy: 0.785
2025-08-26 15:02:09 - 95% Confidence Interval: [0.763, 0.807]
2025-08-26 15:02:09 - Best Subject: sub-024 (0.917)
2025-08-26 15:02:09 - Worst Subject: sub-022 (0.649)
