2025-08-26 15:27:55 - 
Experiment Configuration:
2025-08-26 15:27:55 - --------------------------------------------------
2025-08-26 15:27:55 - dataset: P3 Raw Data BIDS-Compatible
2025-08-26 15:27:55 - use_combined_datasets: False
2025-08-26 15:27:55 - electrode_list: all
2025-08-26 15:27:55 - classifier: ShallowFBCSPNet
2025-08-26 15:27:55 - separate_subject_classification: False
2025-08-26 15:27:55 - use_subject_layer: True
2025-08-26 15:27:55 - seeds: [1]
2025-08-26 15:27:55 - --------------------------------------------------
2025-08-26 15:27:55 - 
==================================================
2025-08-26 15:27:55 - Processing P3 Dataset
2025-08-26 15:27:55 - ==================================================
2025-08-26 15:28:53 - Subject: sub-001, Accuracy: 89.362%
2025-08-26 15:28:53 - Subject: sub-002, Accuracy: 94.872%
2025-08-26 15:28:53 - Subject: sub-003, Accuracy: 78.571%
2025-08-26 15:28:53 - Subject: sub-004, Accuracy: 75.676%
2025-08-26 15:28:53 - Subject: sub-005, Accuracy: 72.222%
2025-08-26 15:28:53 - Subject: sub-006, Accuracy: 70.270%
2025-08-26 15:28:53 - Subject: sub-007, Accuracy: 77.143%
2025-08-26 15:28:53 - Subject: sub-008, Accuracy: 76.471%
2025-08-26 15:28:53 - Subject: sub-009, Accuracy: 65.625%
2025-08-26 15:28:53 - Subject: sub-010, Accuracy: 80.952%
2025-08-26 15:28:53 - Subject: sub-011, Accuracy: 70.455%
2025-08-26 15:28:53 - Subject: sub-012, Accuracy: 76.923%
2025-08-26 15:28:53 - Subject: sub-013, Accuracy: 66.667%
2025-08-26 15:28:53 - Subject: sub-014, Accuracy: 67.742%
2025-08-26 15:28:53 - Subject: sub-015, Accuracy: 82.857%
2025-08-26 15:28:53 - Subject: sub-016, Accuracy: 85.714%
2025-08-26 15:28:53 - Subject: sub-017, Accuracy: 87.179%
2025-08-26 15:28:53 - Subject: sub-018, Accuracy: 86.047%
2025-08-26 15:28:53 - Subject: sub-019, Accuracy: 65.909%
2025-08-26 15:28:53 - Subject: sub-020, Accuracy: 71.795%
2025-08-26 15:28:53 - Subject: sub-021, Accuracy: 73.333%
2025-08-26 15:28:53 - Subject: sub-022, Accuracy: 84.211%
2025-08-26 15:28:53 - Subject: sub-023, Accuracy: 75.510%
2025-08-26 15:28:53 - Subject: sub-024, Accuracy: 78.947%
2025-08-26 15:28:53 - Subject: sub-025, Accuracy: 76.744%
2025-08-26 15:28:53 - Subject: sub-026, Accuracy: 75.610%
2025-08-26 15:28:53 - Subject: sub-027, Accuracy: 83.673%
2025-08-26 15:28:53 - Subject: sub-028, Accuracy: 85.366%
2025-08-26 15:28:53 - Subject: sub-029, Accuracy: 87.097%
2025-08-26 15:28:53 - Subject: sub-030, Accuracy: 75.676%
2025-08-26 15:28:53 - Subject: sub-031, Accuracy: 73.333%
2025-08-26 15:28:53 - Subject: sub-032, Accuracy: 86.667%
2025-08-26 15:28:53 - Subject: sub-033, Accuracy: 87.500%
2025-08-26 15:28:53 - Subject: sub-034, Accuracy: 85.714%
2025-08-26 15:28:53 - Subject: sub-035, Accuracy: 68.421%
2025-08-26 15:28:53 - Subject: sub-036, Accuracy: 77.143%
2025-08-26 15:28:53 - Subject: sub-037, Accuracy: 87.500%
2025-08-26 15:28:53 - Subject: sub-038, Accuracy: 85.714%
2025-08-26 15:28:53 - Subject: sub-039, Accuracy: 75.000%
2025-08-26 15:28:53 - Subject: sub-040, Accuracy: 77.358%
2025-08-26 15:28:53 - 
P3 Pooled Model Statistics:
2025-08-26 15:28:53 - Mean Accuracy: 0.786
2025-08-26 15:28:53 - 95% Confidence Interval: [0.762, 0.809]
2025-08-26 15:28:53 - Best Subject: sub-002 (0.949)
2025-08-26 15:28:53 - Worst Subject: sub-009 (0.656)
